GPU: NVIDIA L40S
CUDA tensor check: 8.0
Wed Jul 15 19:24:31 2026       
+-----------------------------------------------------------------------------------------+
| NVIDIA-SMI 560.35.03              Driver Version: 560.35.03      CUDA Version: 12.6     |
|-----------------------------------------+------------------------+----------------------+
| GPU  Name                 Persistence-M | Bus-Id          Disp.A | Volatile Uncorr. ECC |
| Fan  Temp   Perf          Pwr:Usage/Cap |           Memory-Usage | GPU-Util  Compute M. |
|                                         |                        |               MIG M. |
|=========================================+========================+======================|
|   0  NVIDIA L40S                    On  |   00000000:0D:00.0 Off |                    0 |
| N/A   37C    P0             40W /  350W |     503MiB /  46068MiB |      1%      Default |
|                                         |                        |                  N/A |
+-----------------------------------------+------------------------+----------------------+
                                                                                         
+-----------------------------------------------------------------------------------------+
| Processes:                                                                              |
|  GPU   GI   CI        PID   Type   Process name                              GPU Memory |
|        ID   ID                                                               Usage      |
|=========================================================================================|
|    0   N/A  N/A   3312085      C   python3                                       494MiB |
+-----------------------------------------------------------------------------------------+
CUDA verified: NVIDIA L40S; tensor dot product=8.0
GPU startup: NVIDIA L40S, 533, 46068, 1
Loaded train=6026, valid=754; reserved test set is not loaded
epoch=1 loss=0.977306 valid_micro_fmax=0.091452
epoch=2 loss=0.762590 valid_micro_fmax=0.140367
epoch=3 loss=0.621411 valid_micro_fmax=0.138047
epoch=4 loss=0.443900 valid_micro_fmax=0.203576
epoch=5 loss=0.296428 valid_micro_fmax=0.202017
epoch=6 loss=0.203789 valid_micro_fmax=0.220690
epoch=7 loss=0.139277 valid_micro_fmax=0.230352
epoch=8 loss=0.101095 valid_micro_fmax=0.275286
epoch=9 loss=0.080477 valid_micro_fmax=0.280389
epoch=10 loss=0.064198 valid_micro_fmax=0.318452
epoch=11 loss=0.053593 valid_micro_fmax=0.306654
epoch=12 loss=0.051564 valid_micro_fmax=0.319893
epoch=13 loss=0.042756 valid_micro_fmax=0.276542
epoch=14 loss=0.035229 valid_micro_fmax=0.295932
epoch=15 loss=0.039027 valid_micro_fmax=0.296296
epoch=16 loss=0.027869 valid_micro_fmax=0.297911
epoch=17 loss=0.040789 valid_micro_fmax=0.292507
epoch=18 loss=0.046943 valid_micro_fmax=0.267017
epoch=19 loss=0.048048 valid_micro_fmax=0.302166
epoch=20 loss=0.035533 valid_micro_fmax=0.275843
epoch=21 loss=0.021347 valid_micro_fmax=0.278105
Early stopping after 21 epochs (patience=9)
GPU completion: NVIDIA L40S, 29247, 46068, 0
