GPU: NVIDIA L40S
CUDA tensor check: 8.0
Wed Jul 15 16:25:04 2026       
+-----------------------------------------------------------------------------------------+
| NVIDIA-SMI 560.35.03              Driver Version: 560.35.03      CUDA Version: 12.6     |
|-----------------------------------------+------------------------+----------------------+
| GPU  Name                 Persistence-M | Bus-Id          Disp.A | Volatile Uncorr. ECC |
| Fan  Temp   Perf          Pwr:Usage/Cap |           Memory-Usage | GPU-Util  Compute M. |
|                                         |                        |               MIG M. |
|=========================================+========================+======================|
|   0  NVIDIA L40S                    On  |   00000000:B5:00.0 Off |                    0 |
| N/A   43C    P0             41W /  350W |     503MiB /  46068MiB |      0%      Default |
|                                         |                        |                  N/A |
+-----------------------------------------+------------------------+----------------------+
                                                                                         
+-----------------------------------------------------------------------------------------+
| Processes:                                                                              |
|  GPU   GI   CI        PID   Type   Process name                              GPU Memory |
|        ID   ID                                                               Usage      |
|=========================================================================================|
|    0   N/A  N/A     24071      C   python3                                       494MiB |
+-----------------------------------------------------------------------------------------+
CUDA verified: NVIDIA L40S; tensor dot product=8.0
GPU startup: NVIDIA L40S, 533, 46068, 5
Loaded train=6026, valid=754; reserved test set is not loaded
epoch=1 loss=0.914595 valid_micro_fmax=0.169987
epoch=2 loss=0.478679 valid_micro_fmax=0.228041
epoch=3 loss=0.224255 valid_micro_fmax=0.261620
epoch=4 loss=0.126387 valid_micro_fmax=0.302043
epoch=5 loss=0.082772 valid_micro_fmax=0.259299
epoch=6 loss=0.058639 valid_micro_fmax=0.306765
epoch=7 loss=0.043424 valid_micro_fmax=0.331083
epoch=8 loss=0.037309 valid_micro_fmax=0.333292
epoch=9 loss=0.028180 valid_micro_fmax=0.341030
epoch=10 loss=0.024183 valid_micro_fmax=0.311744
epoch=11 loss=0.021022 valid_micro_fmax=0.352153
epoch=12 loss=0.020708 valid_micro_fmax=0.324829
epoch=13 loss=0.021273 valid_micro_fmax=0.364276
epoch=14 loss=0.017602 valid_micro_fmax=0.323810
epoch=15 loss=0.014521 valid_micro_fmax=0.379072
epoch=16 loss=0.012737 valid_micro_fmax=0.336283
epoch=17 loss=0.012272 valid_micro_fmax=0.337470
epoch=18 loss=0.014146 valid_micro_fmax=0.365939
epoch=19 loss=0.011757 valid_micro_fmax=0.323350
epoch=20 loss=0.009266 valid_micro_fmax=0.384286
epoch=21 loss=0.009694 valid_micro_fmax=0.404399
epoch=22 loss=0.009604 valid_micro_fmax=0.401037
epoch=23 loss=0.011313 valid_micro_fmax=0.334327
epoch=24 loss=0.010867 valid_micro_fmax=0.358762
epoch=25 loss=0.011971 valid_micro_fmax=0.360656
epoch=26 loss=0.007621 valid_micro_fmax=0.367909
epoch=27 loss=0.006375 valid_micro_fmax=0.376213
epoch=28 loss=0.005574 valid_micro_fmax=0.384458
epoch=29 loss=0.006406 valid_micro_fmax=0.382805
Early stopping after 29 epochs (patience=8)
GPU completion: NVIDIA L40S, 34093, 46068, 22
