GPU: NVIDIA L40S
CUDA tensor check: 8.0
Wed Jul 15 17:20:54 2026       
+-----------------------------------------------------------------------------------------+
| NVIDIA-SMI 560.35.03              Driver Version: 560.35.03      CUDA Version: 12.6     |
|-----------------------------------------+------------------------+----------------------+
| GPU  Name                 Persistence-M | Bus-Id          Disp.A | Volatile Uncorr. ECC |
| Fan  Temp   Perf          Pwr:Usage/Cap |           Memory-Usage | GPU-Util  Compute M. |
|                                         |                        |               MIG M. |
|=========================================+========================+======================|
|   0  NVIDIA L40S                    On  |   00000000:0D:00.0 Off |                    0 |
| N/A   48C    P0             41W /  350W |     503MiB /  46068MiB |      0%      Default |
|                                         |                        |                  N/A |
+-----------------------------------------+------------------------+----------------------+
                                                                                         
+-----------------------------------------------------------------------------------------+
| Processes:                                                                              |
|  GPU   GI   CI        PID   Type   Process name                              GPU Memory |
|        ID   ID                                                               Usage      |
|=========================================================================================|
|    0   N/A  N/A   3266535      C   python3                                       494MiB |
+-----------------------------------------------------------------------------------------+
CUDA verified: NVIDIA L40S; tensor dot product=8.0
GPU startup: NVIDIA L40S, 533, 46068, 0
Loaded train=6026, valid=754; reserved test set is not loaded
epoch=1 loss=0.238718 valid_micro_fmax=0.037381
epoch=2 loss=0.174027 valid_micro_fmax=0.098313
epoch=3 loss=0.112081 valid_micro_fmax=0.135960
epoch=4 loss=0.076143 valid_micro_fmax=0.121424
epoch=5 loss=0.057346 valid_micro_fmax=0.100937
epoch=6 loss=0.046288 valid_micro_fmax=0.096892
epoch=7 loss=0.035793 valid_micro_fmax=0.152288
epoch=8 loss=0.032794 valid_micro_fmax=0.126325
epoch=9 loss=0.033622 valid_micro_fmax=0.144867
epoch=10 loss=0.032831 valid_micro_fmax=0.143090
epoch=11 loss=0.020000 valid_micro_fmax=0.157854
epoch=12 loss=0.023482 valid_micro_fmax=0.132017
epoch=13 loss=0.029407 valid_micro_fmax=0.143294
epoch=14 loss=0.018952 valid_micro_fmax=0.175700
epoch=15 loss=0.014939 valid_micro_fmax=0.189202
epoch=16 loss=0.014130 valid_micro_fmax=0.165927
epoch=17 loss=0.012794 valid_micro_fmax=0.193603
epoch=18 loss=0.015937 valid_micro_fmax=0.128644
epoch=19 loss=0.014828 valid_micro_fmax=0.191550
epoch=20 loss=0.009583 valid_micro_fmax=0.191454
epoch=21 loss=0.011394 valid_micro_fmax=0.165008
epoch=22 loss=0.010237 valid_micro_fmax=0.199354
epoch=23 loss=0.008199 valid_micro_fmax=0.185289
epoch=24 loss=0.011071 valid_micro_fmax=0.137588
epoch=25 loss=0.017303 valid_micro_fmax=0.110497
epoch=26 loss=0.018646 valid_micro_fmax=0.121994
epoch=27 loss=0.010630 valid_micro_fmax=0.185053
epoch=28 loss=0.006410 valid_micro_fmax=0.237250
epoch=29 loss=0.005438 valid_micro_fmax=0.239296
epoch=30 loss=0.005692 valid_micro_fmax=0.196557
epoch=31 loss=0.005292 valid_micro_fmax=0.214900
epoch=32 loss=0.005294 valid_micro_fmax=0.199510
epoch=33 loss=0.025292 valid_micro_fmax=0.051907
epoch=34 loss=0.021883 valid_micro_fmax=0.134723
epoch=35 loss=0.008591 valid_micro_fmax=0.177328
epoch=36 loss=0.006449 valid_micro_fmax=0.150172
epoch=37 loss=0.005913 valid_micro_fmax=0.177194
epoch=38 loss=0.004844 valid_micro_fmax=0.212490
Early stopping after 38 epochs (patience=9)
GPU completion: NVIDIA L40S, 34091, 46068, 22
