GPU: NVIDIA L40S
CUDA tensor check: 8.0
Wed Jul 15 16:38:56 2026       
+-----------------------------------------------------------------------------------------+
| NVIDIA-SMI 560.35.03              Driver Version: 560.35.03      CUDA Version: 12.6     |
|-----------------------------------------+------------------------+----------------------+
| GPU  Name                 Persistence-M | Bus-Id          Disp.A | Volatile Uncorr. ECC |
| Fan  Temp   Perf          Pwr:Usage/Cap |           Memory-Usage | GPU-Util  Compute M. |
|                                         |                        |               MIG M. |
|=========================================+========================+======================|
|   0  NVIDIA L40S                    On  |   00000000:0D:00.0 Off |                    0 |
| N/A   46C    P0             41W /  350W |     503MiB /  46068MiB |      0%      Default |
|                                         |                        |                  N/A |
+-----------------------------------------+------------------------+----------------------+
                                                                                         
+-----------------------------------------------------------------------------------------+
| Processes:                                                                              |
|  GPU   GI   CI        PID   Type   Process name                              GPU Memory |
|        ID   ID                                                               Usage      |
|=========================================================================================|
|    0   N/A  N/A   3251077      C   python3                                       494MiB |
+-----------------------------------------------------------------------------------------+
CUDA verified: NVIDIA L40S; tensor dot product=8.0
GPU startup: NVIDIA L40S, 533, 46068, 1
Loaded train=6026, valid=754; reserved test set is not loaded
epoch=1 loss=1.074646 valid_micro_fmax=0.039614
epoch=2 loss=0.896753 valid_micro_fmax=0.078010
epoch=3 loss=0.830796 valid_micro_fmax=0.100528
epoch=4 loss=0.794780 valid_micro_fmax=0.113052
epoch=5 loss=0.770208 valid_micro_fmax=0.130918
epoch=6 loss=0.750583 valid_micro_fmax=0.138550
epoch=7 loss=0.732840 valid_micro_fmax=0.144249
epoch=8 loss=0.713967 valid_micro_fmax=0.148300
epoch=9 loss=0.692367 valid_micro_fmax=0.153301
epoch=10 loss=0.666514 valid_micro_fmax=0.155008
epoch=11 loss=0.636134 valid_micro_fmax=0.158432
epoch=12 loss=0.601036 valid_micro_fmax=0.186496
epoch=13 loss=0.560549 valid_micro_fmax=0.193123
epoch=14 loss=0.514187 valid_micro_fmax=0.223629
epoch=15 loss=0.463815 valid_micro_fmax=0.222728
epoch=16 loss=0.410269 valid_micro_fmax=0.252817
epoch=17 loss=0.356058 valid_micro_fmax=0.258814
epoch=18 loss=0.303990 valid_micro_fmax=0.277410
epoch=19 loss=0.255954 valid_micro_fmax=0.283081
epoch=20 loss=0.213249 valid_micro_fmax=0.295948
epoch=21 loss=0.177161 valid_micro_fmax=0.290352
epoch=22 loss=0.146794 valid_micro_fmax=0.307945
epoch=23 loss=0.121752 valid_micro_fmax=0.315303
epoch=24 loss=0.101130 valid_micro_fmax=0.319231
epoch=25 loss=0.084219 valid_micro_fmax=0.316082
epoch=26 loss=0.070711 valid_micro_fmax=0.331275
epoch=27 loss=0.059502 valid_micro_fmax=0.331899
epoch=28 loss=0.050589 valid_micro_fmax=0.338722
epoch=29 loss=0.043080 valid_micro_fmax=0.346430
epoch=30 loss=0.036702 valid_micro_fmax=0.349431
epoch=31 loss=0.031629 valid_micro_fmax=0.350839
epoch=32 loss=0.027184 valid_micro_fmax=0.349640
epoch=33 loss=0.023613 valid_micro_fmax=0.350963
epoch=34 loss=0.020905 valid_micro_fmax=0.361894
epoch=35 loss=0.018093 valid_micro_fmax=0.376723
epoch=36 loss=0.015991 valid_micro_fmax=0.353074
epoch=37 loss=0.014056 valid_micro_fmax=0.356110
epoch=38 loss=0.012447 valid_micro_fmax=0.385175
epoch=39 loss=0.010913 valid_micro_fmax=0.366185
epoch=40 loss=0.009736 valid_micro_fmax=0.378818
epoch=41 loss=0.008731 valid_micro_fmax=0.363271
epoch=42 loss=0.007954 valid_micro_fmax=0.365991
epoch=43 loss=0.007005 valid_micro_fmax=0.354160
epoch=44 loss=0.006583 valid_micro_fmax=0.343382
epoch=45 loss=0.006322 valid_micro_fmax=0.351317
epoch=46 loss=0.005247 valid_micro_fmax=0.349050
epoch=47 loss=0.004778 valid_micro_fmax=0.348521
Early stopping after 47 epochs (patience=9)
GPU completion: NVIDIA L40S, 34091, 46068, 0
