GPU: NVIDIA L40S
CUDA tensor check: 8.0
Wed Jul 15 20:15:30 2026       
+-----------------------------------------------------------------------------------------+
| NVIDIA-SMI 560.35.03              Driver Version: 560.35.03      CUDA Version: 12.6     |
|-----------------------------------------+------------------------+----------------------+
| GPU  Name                 Persistence-M | Bus-Id          Disp.A | Volatile Uncorr. ECC |
| Fan  Temp   Perf          Pwr:Usage/Cap |           Memory-Usage | GPU-Util  Compute M. |
|                                         |                        |               MIG M. |
|=========================================+========================+======================|
|   0  NVIDIA L40S                    On  |   00000000:B5:00.0 Off |                    0 |
| N/A   38C    P0             48W /  350W |     503MiB /  46068MiB |      0%      Default |
|                                         |                        |                  N/A |
+-----------------------------------------+------------------------+----------------------+
                                                                                         
+-----------------------------------------------------------------------------------------+
| Processes:                                                                              |
|  GPU   GI   CI        PID   Type   Process name                              GPU Memory |
|        ID   ID                                                               Usage      |
|=========================================================================================|
|    0   N/A  N/A   2538212      C   python3                                       494MiB |
+-----------------------------------------------------------------------------------------+
CUDA verified: NVIDIA L40S; tensor dot product=8.0
GPU startup: NVIDIA L40S, 533, 46068, 1
Loaded train=6026, valid=754; reserved test set is not loaded
epoch=1 loss=0.128800 valid_micro_fmax=0.191283
epoch=2 loss=0.059146 valid_micro_fmax=0.312189
epoch=3 loss=0.037832 valid_micro_fmax=0.355240
epoch=4 loss=0.029075 valid_micro_fmax=0.398583
epoch=5 loss=0.023243 valid_micro_fmax=0.410879
epoch=6 loss=0.018175 valid_micro_fmax=0.414960
epoch=7 loss=0.015275 valid_micro_fmax=0.431196
epoch=8 loss=0.014789 valid_micro_fmax=0.418378
epoch=9 loss=0.012892 valid_micro_fmax=0.426622
epoch=10 loss=0.010083 valid_micro_fmax=0.427841
epoch=11 loss=0.008491 valid_micro_fmax=0.429152
epoch=12 loss=0.009283 valid_micro_fmax=0.443686
epoch=13 loss=0.011331 valid_micro_fmax=0.445700
epoch=14 loss=0.008656 valid_micro_fmax=0.432000
epoch=15 loss=0.006470 valid_micro_fmax=0.423270
epoch=16 loss=0.010213 valid_micro_fmax=0.433888
epoch=17 loss=0.005824 valid_micro_fmax=0.453521
epoch=18 loss=0.005857 valid_micro_fmax=0.408284
epoch=19 loss=0.007353 valid_micro_fmax=0.436052
epoch=20 loss=0.017855 valid_micro_fmax=0.373120
epoch=21 loss=0.020769 valid_micro_fmax=0.375359
epoch=22 loss=0.011672 valid_micro_fmax=0.404102
epoch=23 loss=0.007103 valid_micro_fmax=0.433633
epoch=24 loss=0.005678 valid_micro_fmax=0.449235
epoch=25 loss=0.005628 valid_micro_fmax=0.462470
epoch=26 loss=0.004360 valid_micro_fmax=0.451376
epoch=27 loss=0.003746 valid_micro_fmax=0.468921
epoch=28 loss=0.003683 valid_micro_fmax=0.462371
epoch=29 loss=0.003518 valid_micro_fmax=0.469198
epoch=30 loss=0.003169 valid_micro_fmax=0.475719
epoch=31 loss=0.002777 valid_micro_fmax=0.446406
epoch=32 loss=0.002999 valid_micro_fmax=0.469487
epoch=33 loss=0.003068 valid_micro_fmax=0.457499
epoch=34 loss=0.015087 valid_micro_fmax=0.329505
epoch=35 loss=0.030509 valid_micro_fmax=0.353937
epoch=36 loss=0.015224 valid_micro_fmax=0.401002
epoch=37 loss=0.008848 valid_micro_fmax=0.441522
epoch=38 loss=0.006353 valid_micro_fmax=0.446661
epoch=39 loss=0.006076 valid_micro_fmax=0.463065
Early stopping after 39 epochs (patience=9)
GPU completion: NVIDIA L40S, 41507, 46068, 55
