GPU: NVIDIA L40S
CUDA tensor check: 8.0
Wed Jul 15 19:32:36 2026       
+-----------------------------------------------------------------------------------------+
| NVIDIA-SMI 560.35.03              Driver Version: 560.35.03      CUDA Version: 12.6     |
|-----------------------------------------+------------------------+----------------------+
| GPU  Name                 Persistence-M | Bus-Id          Disp.A | Volatile Uncorr. ECC |
| Fan  Temp   Perf          Pwr:Usage/Cap |           Memory-Usage | GPU-Util  Compute M. |
|                                         |                        |               MIG M. |
|=========================================+========================+======================|
|   0  NVIDIA L40S                    On  |   00000000:0D:00.0 Off |                    0 |
| N/A   40C    P0             41W /  350W |     503MiB /  46068MiB |      5%      Default |
|                                         |                        |                  N/A |
+-----------------------------------------+------------------------+----------------------+
                                                                                         
+-----------------------------------------------------------------------------------------+
| Processes:                                                                              |
|  GPU   GI   CI        PID   Type   Process name                              GPU Memory |
|        ID   ID                                                               Usage      |
|=========================================================================================|
|    0   N/A  N/A   3315424      C   python3                                       494MiB |
+-----------------------------------------------------------------------------------------+
CUDA verified: NVIDIA L40S; tensor dot product=8.0
GPU startup: NVIDIA L40S, 533, 46068, 0
Loaded train=6026, valid=754; reserved test set is not loaded
epoch=1 loss=0.640969 valid_micro_fmax=0.011459
epoch=2 loss=0.558273 valid_micro_fmax=0.012574
epoch=3 loss=0.516085 valid_micro_fmax=0.013553
epoch=4 loss=0.487396 valid_micro_fmax=0.015107
epoch=5 loss=0.468973 valid_micro_fmax=0.021408
epoch=6 loss=0.452333 valid_micro_fmax=0.025437
epoch=7 loss=0.437999 valid_micro_fmax=0.032087
epoch=8 loss=0.427894 valid_micro_fmax=0.039382
epoch=9 loss=0.418006 valid_micro_fmax=0.046101
epoch=10 loss=0.409742 valid_micro_fmax=0.056900
epoch=11 loss=0.402171 valid_micro_fmax=0.071577
epoch=12 loss=0.395784 valid_micro_fmax=0.067955
epoch=13 loss=0.389694 valid_micro_fmax=0.091985
epoch=14 loss=0.383240 valid_micro_fmax=0.098267
epoch=15 loss=0.377357 valid_micro_fmax=0.094175
epoch=16 loss=0.371671 valid_micro_fmax=0.109068
epoch=17 loss=0.365261 valid_micro_fmax=0.112093
epoch=18 loss=0.359328 valid_micro_fmax=0.110651
epoch=19 loss=0.352072 valid_micro_fmax=0.116262
epoch=20 loss=0.345181 valid_micro_fmax=0.112055
epoch=21 loss=0.337825 valid_micro_fmax=0.121677
epoch=22 loss=0.330598 valid_micro_fmax=0.137184
epoch=23 loss=0.323563 valid_micro_fmax=0.126535
epoch=24 loss=0.314099 valid_micro_fmax=0.152058
epoch=25 loss=0.305177 valid_micro_fmax=0.158023
epoch=26 loss=0.296287 valid_micro_fmax=0.172181
epoch=27 loss=0.286726 valid_micro_fmax=0.158350
epoch=28 loss=0.277011 valid_micro_fmax=0.162424
epoch=29 loss=0.267041 valid_micro_fmax=0.170237
epoch=30 loss=0.257649 valid_micro_fmax=0.170347
epoch=31 loss=0.246759 valid_micro_fmax=0.175987
epoch=32 loss=0.236103 valid_micro_fmax=0.185628
epoch=33 loss=0.225693 valid_micro_fmax=0.182412
epoch=34 loss=0.215486 valid_micro_fmax=0.191067
epoch=35 loss=0.204819 valid_micro_fmax=0.201076
epoch=36 loss=0.194333 valid_micro_fmax=0.207152
epoch=37 loss=0.183985 valid_micro_fmax=0.200608
epoch=38 loss=0.174311 valid_micro_fmax=0.214846
epoch=39 loss=0.164547 valid_micro_fmax=0.213892
epoch=40 loss=0.155175 valid_micro_fmax=0.206555
epoch=41 loss=0.145964 valid_micro_fmax=0.214869
epoch=42 loss=0.137341 valid_micro_fmax=0.212597
epoch=43 loss=0.128969 valid_micro_fmax=0.217445
epoch=44 loss=0.120822 valid_micro_fmax=0.226241
epoch=45 loss=0.114101 valid_micro_fmax=0.219402
epoch=46 loss=0.106534 valid_micro_fmax=0.227340
epoch=47 loss=0.099851 valid_micro_fmax=0.237048
epoch=48 loss=0.093330 valid_micro_fmax=0.245672
epoch=49 loss=0.087593 valid_micro_fmax=0.236259
epoch=50 loss=0.081846 valid_micro_fmax=0.237935
epoch=51 loss=0.076694 valid_micro_fmax=0.248268
epoch=52 loss=0.071578 valid_micro_fmax=0.241550
epoch=53 loss=0.067171 valid_micro_fmax=0.250738
epoch=54 loss=0.062835 valid_micro_fmax=0.248315
epoch=55 loss=0.059273 valid_micro_fmax=0.235963
epoch=56 loss=0.055910 valid_micro_fmax=0.232268
epoch=57 loss=0.052074 valid_micro_fmax=0.251425
epoch=58 loss=0.048600 valid_micro_fmax=0.252874
epoch=59 loss=0.045787 valid_micro_fmax=0.249649
epoch=60 loss=0.043434 valid_micro_fmax=0.267679
epoch=61 loss=0.040239 valid_micro_fmax=0.247788
epoch=62 loss=0.037944 valid_micro_fmax=0.261900
epoch=63 loss=0.035752 valid_micro_fmax=0.264019
epoch=64 loss=0.033926 valid_micro_fmax=0.256693
epoch=65 loss=0.032174 valid_micro_fmax=0.254448
epoch=66 loss=0.030085 valid_micro_fmax=0.267327
epoch=67 loss=0.028423 valid_micro_fmax=0.259023
epoch=68 loss=0.026730 valid_micro_fmax=0.250480
epoch=69 loss=0.025285 valid_micro_fmax=0.266297
Early stopping after 69 epochs (patience=9)
GPU completion: NVIDIA L40S, 27529, 46068, 0
