GPU: NVIDIA L40S
CUDA tensor check: 8.0
Wed Jul 15 20:24:33 2026       
+-----------------------------------------------------------------------------------------+
| NVIDIA-SMI 560.35.03              Driver Version: 560.35.03      CUDA Version: 12.6     |
|-----------------------------------------+------------------------+----------------------+
| GPU  Name                 Persistence-M | Bus-Id          Disp.A | Volatile Uncorr. ECC |
| Fan  Temp   Perf          Pwr:Usage/Cap |           Memory-Usage | GPU-Util  Compute M. |
|                                         |                        |               MIG M. |
|=========================================+========================+======================|
|   0  NVIDIA L40S                    On  |   00000000:0D:00.0 Off |                    0 |
| N/A   44C    P0             43W /  350W |     503MiB /  46068MiB |      0%      Default |
|                                         |                        |                  N/A |
+-----------------------------------------+------------------------+----------------------+
                                                                                         
+-----------------------------------------------------------------------------------------+
| Processes:                                                                              |
|  GPU   GI   CI        PID   Type   Process name                              GPU Memory |
|        ID   ID                                                               Usage      |
|=========================================================================================|
|    0   N/A  N/A   3338206      C   python3                                       494MiB |
+-----------------------------------------------------------------------------------------+
CUDA verified: NVIDIA L40S; tensor dot product=8.0
GPU startup: NVIDIA L40S, 533, 46068, 1
Loaded train=6026, valid=754; reserved test set is not loaded
epoch=1 loss=0.896079 valid_micro_fmax=0.241442
epoch=2 loss=0.644622 valid_micro_fmax=0.277057
epoch=3 loss=0.432517 valid_micro_fmax=0.376060
epoch=4 loss=0.252821 valid_micro_fmax=0.421650
epoch=5 loss=0.141486 valid_micro_fmax=0.437201
epoch=6 loss=0.086548 valid_micro_fmax=0.435308
epoch=7 loss=0.072219 valid_micro_fmax=0.440448
epoch=8 loss=0.048324 valid_micro_fmax=0.449440
epoch=9 loss=0.037882 valid_micro_fmax=0.429771
epoch=10 loss=0.027079 valid_micro_fmax=0.445533
epoch=11 loss=0.023669 valid_micro_fmax=0.451594
epoch=12 loss=0.017620 valid_micro_fmax=0.453111
epoch=13 loss=0.019675 valid_micro_fmax=0.473567
epoch=14 loss=0.016720 valid_micro_fmax=0.464149
epoch=15 loss=0.069385 valid_micro_fmax=0.456980
epoch=16 loss=0.050829 valid_micro_fmax=0.446864
epoch=17 loss=0.019929 valid_micro_fmax=0.462403
epoch=18 loss=0.013282 valid_micro_fmax=0.468068
epoch=19 loss=0.010196 valid_micro_fmax=0.463859
epoch=20 loss=0.008621 valid_micro_fmax=0.461156
epoch=21 loss=0.007266 valid_micro_fmax=0.465964
epoch=22 loss=0.005989 valid_micro_fmax=0.464741
Early stopping after 22 epochs (patience=9)
GPU completion: NVIDIA L40S, 32075, 46068, 79
