GPU: NVIDIA L40S
CUDA tensor check: 8.0
Wed Jul 15 16:34:37 2026       
+-----------------------------------------------------------------------------------------+
| NVIDIA-SMI 560.35.03              Driver Version: 560.35.03      CUDA Version: 12.6     |
|-----------------------------------------+------------------------+----------------------+
| GPU  Name                 Persistence-M | Bus-Id          Disp.A | Volatile Uncorr. ECC |
| Fan  Temp   Perf          Pwr:Usage/Cap |           Memory-Usage | GPU-Util  Compute M. |
|                                         |                        |               MIG M. |
|=========================================+========================+======================|
|   0  NVIDIA L40S                    On  |   00000000:0D:00.0 Off |                    0 |
| N/A   35C    P0             38W /  350W |     503MiB /  46068MiB |      0%      Default |
|                                         |                        |                  N/A |
+-----------------------------------------+------------------------+----------------------+
                                                                                         
+-----------------------------------------------------------------------------------------+
| Processes:                                                                              |
|  GPU   GI   CI        PID   Type   Process name                              GPU Memory |
|        ID   ID                                                               Usage      |
|=========================================================================================|
|    0   N/A  N/A     29161      C   python3                                       494MiB |
+-----------------------------------------------------------------------------------------+
CUDA verified: NVIDIA L40S; tensor dot product=8.0
GPU startup: NVIDIA L40S, 533, 46068, 5
Loaded train=6026, valid=754; reserved test set is not loaded
epoch=1 loss=0.860587 valid_micro_fmax=0.307060
epoch=2 loss=0.429384 valid_micro_fmax=0.378602
epoch=3 loss=0.217418 valid_micro_fmax=0.401629
epoch=4 loss=0.132266 valid_micro_fmax=0.431463
epoch=5 loss=0.089206 valid_micro_fmax=0.412612
epoch=6 loss=0.067742 valid_micro_fmax=0.444174
epoch=7 loss=0.051248 valid_micro_fmax=0.418748
epoch=8 loss=0.045407 valid_micro_fmax=0.408945
epoch=9 loss=0.040830 valid_micro_fmax=0.417345
epoch=10 loss=0.033372 valid_micro_fmax=0.431173
epoch=11 loss=0.028964 valid_micro_fmax=0.396267
epoch=12 loss=0.027106 valid_micro_fmax=0.408809
epoch=13 loss=0.025785 valid_micro_fmax=0.425015
epoch=14 loss=0.020375 valid_micro_fmax=0.422541
Early stopping after 14 epochs (patience=8)
GPU completion: NVIDIA L40S, 21089, 46068, 0
