GPU: NVIDIA L40S
CUDA tensor check: 8.0
Wed Jul 15 17:19:54 2026       
+-----------------------------------------------------------------------------------------+
| NVIDIA-SMI 560.35.03              Driver Version: 560.35.03      CUDA Version: 12.6     |
|-----------------------------------------+------------------------+----------------------+
| GPU  Name                 Persistence-M | Bus-Id          Disp.A | Volatile Uncorr. ECC |
| Fan  Temp   Perf          Pwr:Usage/Cap |           Memory-Usage | GPU-Util  Compute M. |
|                                         |                        |               MIG M. |
|=========================================+========================+======================|
|   0  NVIDIA L40S                    On  |   00000000:B5:00.0 Off |                    0 |
| N/A   51C    P0             46W /  350W |     503MiB /  46068MiB |      0%      Default |
|                                         |                        |                  N/A |
+-----------------------------------------+------------------------+----------------------+
                                                                                         
+-----------------------------------------------------------------------------------------+
| Processes:                                                                              |
|  GPU   GI   CI        PID   Type   Process name                              GPU Memory |
|        ID   ID                                                               Usage      |
|=========================================================================================|
|    0   N/A  N/A   2912134      C   python3                                       494MiB |
+-----------------------------------------------------------------------------------------+
CUDA verified: NVIDIA L40S; tensor dot product=8.0
GPU startup: NVIDIA L40S, 533, 46068, 0
Loaded train=6026, valid=754; reserved test set is not loaded
epoch=1 loss=0.582672 valid_micro_fmax=0.027193
epoch=2 loss=0.332588 valid_micro_fmax=0.042371
epoch=3 loss=0.218317 valid_micro_fmax=0.056108
epoch=4 loss=0.176656 valid_micro_fmax=0.072404
epoch=5 loss=0.132595 valid_micro_fmax=0.085749
epoch=6 loss=0.137477 valid_micro_fmax=0.091115
epoch=7 loss=0.080985 valid_micro_fmax=0.096301
epoch=8 loss=0.069504 valid_micro_fmax=0.094981
epoch=9 loss=0.071914 valid_micro_fmax=0.121283
epoch=10 loss=0.057922 valid_micro_fmax=0.106630
epoch=11 loss=0.054442 valid_micro_fmax=0.112049
epoch=12 loss=0.056191 valid_micro_fmax=0.123816
epoch=13 loss=0.053500 valid_micro_fmax=0.135758
epoch=14 loss=0.050853 valid_micro_fmax=0.111250
epoch=15 loss=0.035343 valid_micro_fmax=0.111292
epoch=16 loss=0.036824 valid_micro_fmax=0.122489
epoch=17 loss=0.030940 valid_micro_fmax=0.148157
epoch=18 loss=0.035121 valid_micro_fmax=0.148752
epoch=19 loss=0.036266 valid_micro_fmax=0.105250
epoch=20 loss=0.043138 valid_micro_fmax=0.146047
epoch=21 loss=0.036075 valid_micro_fmax=0.148245
epoch=22 loss=0.026541 valid_micro_fmax=0.163680
epoch=23 loss=0.024550 valid_micro_fmax=0.129676
epoch=24 loss=0.023432 valid_micro_fmax=0.153509
epoch=25 loss=0.035172 valid_micro_fmax=0.137867
epoch=26 loss=0.030624 valid_micro_fmax=0.168274
epoch=27 loss=0.037214 valid_micro_fmax=0.138060
epoch=28 loss=0.023509 valid_micro_fmax=0.177634
epoch=29 loss=0.029949 valid_micro_fmax=0.159107
epoch=30 loss=0.032046 valid_micro_fmax=0.162624
epoch=31 loss=0.016974 valid_micro_fmax=0.190917
epoch=32 loss=0.024586 valid_micro_fmax=0.161748
epoch=33 loss=0.018357 valid_micro_fmax=0.152456
epoch=34 loss=0.017925 valid_micro_fmax=0.172434
epoch=35 loss=0.018020 valid_micro_fmax=0.145417
epoch=36 loss=0.022999 valid_micro_fmax=0.168884
epoch=37 loss=0.012584 valid_micro_fmax=0.187412
epoch=38 loss=0.011557 valid_micro_fmax=0.171999
epoch=39 loss=0.012515 valid_micro_fmax=0.159143
epoch=40 loss=0.017829 valid_micro_fmax=0.180030
epoch=41 loss=0.014924 valid_micro_fmax=0.154066
Early stopping after 41 epochs (patience=10)
GPU completion: NVIDIA L40S, 42313, 46068, 0
