GPU: NVIDIA L40S
CUDA tensor check: 8.0
Wed Jul 15 20:11:11 2026       
+-----------------------------------------------------------------------------------------+
| NVIDIA-SMI 560.35.03              Driver Version: 560.35.03      CUDA Version: 12.6     |
|-----------------------------------------+------------------------+----------------------+
| GPU  Name                 Persistence-M | Bus-Id          Disp.A | Volatile Uncorr. ECC |
| Fan  Temp   Perf          Pwr:Usage/Cap |           Memory-Usage | GPU-Util  Compute M. |
|                                         |                        |               MIG M. |
|=========================================+========================+======================|
|   0  NVIDIA L40S                    On  |   00000000:B5:00.0 Off |                    0 |
| N/A   47C    P0             43W /  350W |     503MiB /  46068MiB |      0%      Default |
|                                         |                        |                  N/A |
+-----------------------------------------+------------------------+----------------------+
                                                                                         
+-----------------------------------------------------------------------------------------+
| Processes:                                                                              |
|  GPU   GI   CI        PID   Type   Process name                              GPU Memory |
|        ID   ID                                                               Usage      |
|=========================================================================================|
|    0   N/A  N/A   3355181      C   python3                                       494MiB |
+-----------------------------------------------------------------------------------------+
CUDA verified: NVIDIA L40S; tensor dot product=8.0
GPU startup: NVIDIA L40S, 533, 46068, 5
Loaded train=6026, valid=754; reserved test set is not loaded
epoch=1 loss=0.244124 valid_micro_fmax=0.270651
epoch=2 loss=0.123600 valid_micro_fmax=0.323640
epoch=3 loss=0.073891 valid_micro_fmax=0.336039
epoch=4 loss=0.055983 valid_micro_fmax=0.356130
epoch=5 loss=0.041721 valid_micro_fmax=0.421303
epoch=6 loss=0.045914 valid_micro_fmax=0.390453
epoch=7 loss=0.039179 valid_micro_fmax=0.413196
epoch=8 loss=0.033307 valid_micro_fmax=0.421242
epoch=9 loss=0.027386 valid_micro_fmax=0.452210
epoch=10 loss=0.021657 valid_micro_fmax=0.465885
epoch=11 loss=0.030056 valid_micro_fmax=0.390832
epoch=12 loss=0.028674 valid_micro_fmax=0.393017
epoch=13 loss=0.022743 valid_micro_fmax=0.451125
epoch=14 loss=0.024339 valid_micro_fmax=0.425503
epoch=15 loss=0.029298 valid_micro_fmax=0.406102
epoch=16 loss=0.022716 valid_micro_fmax=0.440571
epoch=17 loss=0.018178 valid_micro_fmax=0.445829
epoch=18 loss=0.022404 valid_micro_fmax=0.455261
Early stopping after 18 epochs (patience=8)
GPU completion: NVIDIA L40S, 16943, 46068, 39
