GPU: NVIDIA L40S
CUDA tensor check: 8.0
Wed Jul 15 15:37:13 2026       
+-----------------------------------------------------------------------------------------+
| NVIDIA-SMI 560.35.03              Driver Version: 560.35.03      CUDA Version: 12.6     |
|-----------------------------------------+------------------------+----------------------+
| GPU  Name                 Persistence-M | Bus-Id          Disp.A | Volatile Uncorr. ECC |
| Fan  Temp   Perf          Pwr:Usage/Cap |           Memory-Usage | GPU-Util  Compute M. |
|                                         |                        |               MIG M. |
|=========================================+========================+======================|
|   0  NVIDIA L40S                    On  |   00000000:0D:00.0 Off |                    0 |
| N/A   37C    P0             39W /  350W |     503MiB /  46068MiB |      0%      Default |
|                                         |                        |                  N/A |
+-----------------------------------------+------------------------+----------------------+
                                                                                         
+-----------------------------------------------------------------------------------------+
| Processes:                                                                              |
|  GPU   GI   CI        PID   Type   Process name                              GPU Memory |
|        ID   ID                                                               Usage      |
|=========================================================================================|
|    0   N/A  N/A   3219878      C   python3                                       494MiB |
+-----------------------------------------------------------------------------------------+
CUDA verified: NVIDIA L40S; tensor dot product=8.0
GPU startup: NVIDIA L40S, 533, 46068, 0
Loaded train=6026, valid=754; reserved test set is not loaded
epoch=1 loss=1.136009 valid_micro_fmax=0.082452
epoch=2 loss=0.939821 valid_micro_fmax=0.127673
epoch=3 loss=0.835511 valid_micro_fmax=0.168953
epoch=4 loss=0.741906 valid_micro_fmax=0.170513
epoch=5 loss=0.631869 valid_micro_fmax=0.203868
epoch=6 loss=0.519661 valid_micro_fmax=0.230216
epoch=7 loss=0.410929 valid_micro_fmax=0.237482
epoch=8 loss=0.323543 valid_micro_fmax=0.242811
epoch=9 loss=0.254207 valid_micro_fmax=0.237586
epoch=10 loss=0.207743 valid_micro_fmax=0.267780
epoch=11 loss=0.168161 valid_micro_fmax=0.245186
epoch=12 loss=0.143663 valid_micro_fmax=0.274411
epoch=13 loss=0.118859 valid_micro_fmax=0.290983
epoch=14 loss=0.105690 valid_micro_fmax=0.261042
epoch=15 loss=0.096542 valid_micro_fmax=0.311894
epoch=16 loss=0.086963 valid_micro_fmax=0.289239
epoch=17 loss=0.072651 valid_micro_fmax=0.294541
epoch=18 loss=0.068338 valid_micro_fmax=0.322367
epoch=19 loss=0.063348 valid_micro_fmax=0.268651
epoch=20 loss=0.058386 valid_micro_fmax=0.304754
epoch=21 loss=0.051024 valid_micro_fmax=0.313686
epoch=22 loss=0.053988 valid_micro_fmax=0.280845
epoch=23 loss=0.048351 valid_micro_fmax=0.331982
epoch=24 loss=0.042028 valid_micro_fmax=0.307838
epoch=25 loss=0.038069 valid_micro_fmax=0.320845
epoch=26 loss=0.038739 valid_micro_fmax=0.343653
epoch=27 loss=0.034044 valid_micro_fmax=0.312038
epoch=28 loss=0.034847 valid_micro_fmax=0.350174
epoch=29 loss=0.032798 valid_micro_fmax=0.347209
epoch=30 loss=0.030084 valid_micro_fmax=0.327316
epoch=31 loss=0.027465 valid_micro_fmax=0.351405
epoch=32 loss=0.027403 valid_micro_fmax=0.362253
epoch=33 loss=0.024474 valid_micro_fmax=0.342606
epoch=34 loss=0.023760 valid_micro_fmax=0.379412
epoch=35 loss=0.023482 valid_micro_fmax=0.332967
epoch=36 loss=0.024589 valid_micro_fmax=0.348786
epoch=37 loss=0.022794 valid_micro_fmax=0.339304
epoch=38 loss=0.021159 valid_micro_fmax=0.375056
epoch=39 loss=0.020642 valid_micro_fmax=0.366992
epoch=40 loss=0.019105 valid_micro_fmax=0.372873
epoch=41 loss=0.018081 valid_micro_fmax=0.375876
epoch=42 loss=0.018682 valid_micro_fmax=0.363149
epoch=43 loss=0.017104 valid_micro_fmax=0.358881
Early stopping after 43 epochs (patience=9)
GPU completion: NVIDIA L40S, 15929, 46068, 0
