GPU: NVIDIA L40S
CUDA tensor check: 8.0
Wed Jul 15 17:14:20 2026       
+-----------------------------------------------------------------------------------------+
| NVIDIA-SMI 560.35.03              Driver Version: 560.35.03      CUDA Version: 12.6     |
|-----------------------------------------+------------------------+----------------------+
| GPU  Name                 Persistence-M | Bus-Id          Disp.A | Volatile Uncorr. ECC |
| Fan  Temp   Perf          Pwr:Usage/Cap |           Memory-Usage | GPU-Util  Compute M. |
|                                         |                        |               MIG M. |
|=========================================+========================+======================|
|   0  NVIDIA L40S                    On  |   00000000:B5:00.0 Off |                    0 |
| N/A   47C    P0             43W /  350W |     503MiB /  46068MiB |      1%      Default |
|                                         |                        |                  N/A |
+-----------------------------------------+------------------------+----------------------+
                                                                                         
+-----------------------------------------------------------------------------------------+
| Processes:                                                                              |
|  GPU   GI   CI        PID   Type   Process name                              GPU Memory |
|        ID   ID                                                               Usage      |
|=========================================================================================|
|    0   N/A  N/A   2898931      C   python3                                       494MiB |
+-----------------------------------------------------------------------------------------+
CUDA verified: NVIDIA L40S; tensor dot product=8.0
GPU startup: NVIDIA L40S, 533, 46068, 0
Loaded train=6026, valid=754; reserved test set is not loaded
epoch=1 loss=0.860098 valid_micro_fmax=0.289034
epoch=2 loss=0.542648 valid_micro_fmax=0.325322
epoch=3 loss=0.281380 valid_micro_fmax=0.422361
epoch=4 loss=0.148661 valid_micro_fmax=0.431338
epoch=5 loss=0.095117 valid_micro_fmax=0.433139
epoch=6 loss=0.061385 valid_micro_fmax=0.473258
epoch=7 loss=0.050082 valid_micro_fmax=0.439383
epoch=8 loss=0.038160 valid_micro_fmax=0.440235
epoch=9 loss=0.032343 valid_micro_fmax=0.444817
epoch=10 loss=0.022302 valid_micro_fmax=0.448293
epoch=11 loss=0.022140 valid_micro_fmax=0.436465
epoch=12 loss=0.029443 valid_micro_fmax=0.427230
epoch=13 loss=0.189776 valid_micro_fmax=0.341137
epoch=14 loss=0.087237 valid_micro_fmax=0.443168
epoch=15 loss=0.041729 valid_micro_fmax=0.442365
Early stopping after 15 epochs (patience=9)
GPU completion: NVIDIA L40S, 25765, 46068, 60
