GPU: NVIDIA L40S
CUDA tensor check: 8.0
Wed Jul 15 14:27:47 2026       
+-----------------------------------------------------------------------------------------+
| NVIDIA-SMI 560.35.03              Driver Version: 560.35.03      CUDA Version: 12.6     |
|-----------------------------------------+------------------------+----------------------+
| GPU  Name                 Persistence-M | Bus-Id          Disp.A | Volatile Uncorr. ECC |
| Fan  Temp   Perf          Pwr:Usage/Cap |           Memory-Usage | GPU-Util  Compute M. |
|                                         |                        |               MIG M. |
|=========================================+========================+======================|
|   0  NVIDIA L40S                    On  |   00000000:B5:00.0 Off |                    0 |
| N/A   32C    P0             48W /  350W |     503MiB /  46068MiB |      3%      Default |
|                                         |                        |                  N/A |
+-----------------------------------------+------------------------+----------------------+
                                                                                         
+-----------------------------------------------------------------------------------------+
| Processes:                                                                              |
|  GPU   GI   CI        PID   Type   Process name                              GPU Memory |
|        ID   ID                                                               Usage      |
|=========================================================================================|
|    0   N/A  N/A   4164568      C   python3                                       494MiB |
+-----------------------------------------------------------------------------------------+
CUDA verified: NVIDIA L40S; tensor dot product=8.0
GPU startup: NVIDIA L40S, 533, 46068, 5
Loaded train=6026, valid=754; reserved test set is not loaded
epoch=1 loss=0.804929 valid_micro_fmax=0.186465
epoch=2 loss=0.329359 valid_micro_fmax=0.118616
epoch=3 loss=0.198081 valid_micro_fmax=0.157607
epoch=4 loss=0.139138 valid_micro_fmax=0.187384
epoch=5 loss=0.100046 valid_micro_fmax=0.180389
epoch=6 loss=0.095059 valid_micro_fmax=0.192346
epoch=7 loss=0.069295 valid_micro_fmax=0.260366
epoch=8 loss=0.072538 valid_micro_fmax=0.227064
epoch=9 loss=0.065748 valid_micro_fmax=0.242995
epoch=10 loss=0.059941 valid_micro_fmax=0.227257
epoch=11 loss=0.054826 valid_micro_fmax=0.228571
epoch=12 loss=0.055367 valid_micro_fmax=0.222314
epoch=13 loss=0.048586 valid_micro_fmax=0.213655
epoch=14 loss=0.046290 valid_micro_fmax=0.242827
epoch=15 loss=0.043851 valid_micro_fmax=0.235867
Early stopping after 15 epochs (patience=8)
GPU completion: NVIDIA L40S, 19579, 46068, 0
