GPU: NVIDIA L40S
CUDA tensor check: 8.0
Wed Jul 15 19:13:28 2026       
+-----------------------------------------------------------------------------------------+
| NVIDIA-SMI 560.35.03              Driver Version: 560.35.03      CUDA Version: 12.6     |
|-----------------------------------------+------------------------+----------------------+
| GPU  Name                 Persistence-M | Bus-Id          Disp.A | Volatile Uncorr. ECC |
| Fan  Temp   Perf          Pwr:Usage/Cap |           Memory-Usage | GPU-Util  Compute M. |
|                                         |                        |               MIG M. |
|=========================================+========================+======================|
|   0  NVIDIA L40S                    On  |   00000000:B5:00.0 Off |                    0 |
| N/A   30C    P0             39W /  350W |     503MiB /  46068MiB |      3%      Default |
|                                         |                        |                  N/A |
+-----------------------------------------+------------------------+----------------------+
                                                                                         
+-----------------------------------------------------------------------------------------+
| Processes:                                                                              |
|  GPU   GI   CI        PID   Type   Process name                              GPU Memory |
|        ID   ID                                                               Usage      |
|=========================================================================================|
|    0   N/A  N/A   2505359      C   python3                                       494MiB |
+-----------------------------------------------------------------------------------------+
CUDA verified: NVIDIA L40S; tensor dot product=8.0
GPU startup: NVIDIA L40S, 533, 46068, 0
Loaded train=6026, valid=754; reserved test set is not loaded
epoch=1 loss=0.943745 valid_micro_fmax=0.282247
epoch=2 loss=0.722258 valid_micro_fmax=0.269368
epoch=3 loss=0.549550 valid_micro_fmax=0.382977
epoch=4 loss=0.352716 valid_micro_fmax=0.437478
epoch=5 loss=0.218291 valid_micro_fmax=0.453211
epoch=6 loss=0.140055 valid_micro_fmax=0.467059
epoch=7 loss=0.098083 valid_micro_fmax=0.441998
epoch=8 loss=0.078089 valid_micro_fmax=0.458691
epoch=9 loss=0.064456 valid_micro_fmax=0.469961
epoch=10 loss=0.049690 valid_micro_fmax=0.462104
epoch=11 loss=0.039849 valid_micro_fmax=0.427440
epoch=12 loss=0.037671 valid_micro_fmax=0.431230
epoch=13 loss=0.032113 valid_micro_fmax=0.452092
epoch=14 loss=0.030997 valid_micro_fmax=0.447362
epoch=15 loss=0.023446 valid_micro_fmax=0.460997
epoch=16 loss=0.028595 valid_micro_fmax=0.445633
epoch=17 loss=0.024331 valid_micro_fmax=0.460455
epoch=18 loss=0.021512 valid_micro_fmax=0.456325
Early stopping after 18 epochs (patience=9)
GPU completion: NVIDIA L40S, 21155, 46068, 68
