GPU: NVIDIA L40S
CUDA tensor check: 8.0
Wed Jul 15 17:19:54 2026       
+-----------------------------------------------------------------------------------------+
| NVIDIA-SMI 560.35.03              Driver Version: 560.35.03      CUDA Version: 12.6     |
|-----------------------------------------+------------------------+----------------------+
| GPU  Name                 Persistence-M | Bus-Id          Disp.A | Volatile Uncorr. ECC |
| Fan  Temp   Perf          Pwr:Usage/Cap |           Memory-Usage | GPU-Util  Compute M. |
|                                         |                        |               MIG M. |
|=========================================+========================+======================|
|   0  NVIDIA L40S                    On  |   00000000:B5:00.0 Off |                    0 |
| N/A   40C    P0             50W /  350W |     503MiB /  46068MiB |      0%      Default |
|                                         |                        |                  N/A |
+-----------------------------------------+------------------------+----------------------+
                                                                                         
+-----------------------------------------------------------------------------------------+
| Processes:                                                                              |
|  GPU   GI   CI        PID   Type   Process name                              GPU Memory |
|        ID   ID                                                               Usage      |
|=========================================================================================|
|    0   N/A  N/A   2466261      C   python3                                       494MiB |
+-----------------------------------------------------------------------------------------+
CUDA verified: NVIDIA L40S; tensor dot product=8.0
GPU startup: NVIDIA L40S, 533, 46068, 5
Loaded train=6026, valid=754; reserved test set is not loaded
epoch=1 loss=0.608590 valid_micro_fmax=0.269704
epoch=2 loss=0.264187 valid_micro_fmax=0.284455
epoch=3 loss=0.147158 valid_micro_fmax=0.395436
epoch=4 loss=0.096787 valid_micro_fmax=0.384182
epoch=5 loss=0.079671 valid_micro_fmax=0.404357
epoch=6 loss=0.066778 valid_micro_fmax=0.412377
epoch=7 loss=0.057497 valid_micro_fmax=0.402035
epoch=8 loss=0.049660 valid_micro_fmax=0.409707
epoch=9 loss=0.043986 valid_micro_fmax=0.441411
epoch=10 loss=0.037312 valid_micro_fmax=0.445988
epoch=11 loss=0.031067 valid_micro_fmax=0.423401
epoch=12 loss=0.033726 valid_micro_fmax=0.421230
epoch=13 loss=0.035064 valid_micro_fmax=0.425231
epoch=14 loss=0.029853 valid_micro_fmax=0.427500
epoch=15 loss=0.024282 valid_micro_fmax=0.446111
epoch=16 loss=0.027836 valid_micro_fmax=0.431171
epoch=17 loss=0.022325 valid_micro_fmax=0.413743
epoch=18 loss=0.021884 valid_micro_fmax=0.437558
epoch=19 loss=0.026672 valid_micro_fmax=0.450364
epoch=20 loss=0.023043 valid_micro_fmax=0.463017
epoch=21 loss=0.019900 valid_micro_fmax=0.423460
epoch=22 loss=0.017135 valid_micro_fmax=0.417836
epoch=23 loss=0.017870 valid_micro_fmax=0.426086
epoch=24 loss=0.019308 valid_micro_fmax=0.446981
epoch=25 loss=0.023860 valid_micro_fmax=0.441789
epoch=26 loss=0.014398 valid_micro_fmax=0.441369
epoch=27 loss=0.017549 valid_micro_fmax=0.433784
epoch=28 loss=0.012019 valid_micro_fmax=0.443946
epoch=29 loss=0.013560 valid_micro_fmax=0.420517
epoch=30 loss=0.014053 valid_micro_fmax=0.422085
Early stopping after 30 epochs (patience=10)
GPU completion: NVIDIA L40S, 21075, 46068, 65
