GPU: NVIDIA L40S
CUDA tensor check: 8.0
Wed Jul 15 19:14:29 2026       
+-----------------------------------------------------------------------------------------+
| NVIDIA-SMI 560.35.03              Driver Version: 560.35.03      CUDA Version: 12.6     |
|-----------------------------------------+------------------------+----------------------+
| GPU  Name                 Persistence-M | Bus-Id          Disp.A | Volatile Uncorr. ECC |
| Fan  Temp   Perf          Pwr:Usage/Cap |           Memory-Usage | GPU-Util  Compute M. |
|                                         |                        |               MIG M. |
|=========================================+========================+======================|
|   0  NVIDIA L40S                    On  |   00000000:0D:00.0 Off |                    0 |
| N/A   28C    P0             37W /  350W |     503MiB /  46068MiB |      0%      Default |
|                                         |                        |                  N/A |
+-----------------------------------------+------------------------+----------------------+
                                                                                         
+-----------------------------------------------------------------------------------------+
| Processes:                                                                              |
|  GPU   GI   CI        PID   Type   Process name                              GPU Memory |
|        ID   ID                                                               Usage      |
|=========================================================================================|
|    0   N/A  N/A   2430983      C   python3                                       494MiB |
+-----------------------------------------------------------------------------------------+
CUDA verified: NVIDIA L40S; tensor dot product=8.0
GPU startup: NVIDIA L40S, 533, 46068, 0
Loaded train=6026, valid=754; reserved test set is not loaded
epoch=1 loss=1.279807 valid_micro_fmax=0.037170
epoch=2 loss=1.209209 valid_micro_fmax=0.039386
epoch=3 loss=1.155479 valid_micro_fmax=0.043879
epoch=4 loss=1.115668 valid_micro_fmax=0.037898
epoch=5 loss=1.079560 valid_micro_fmax=0.040255
epoch=6 loss=1.053796 valid_micro_fmax=0.041065
epoch=7 loss=1.026351 valid_micro_fmax=0.040523
epoch=8 loss=1.001701 valid_micro_fmax=0.041186
epoch=9 loss=0.984491 valid_micro_fmax=0.046688
epoch=10 loss=0.965236 valid_micro_fmax=0.048780
epoch=11 loss=0.950122 valid_micro_fmax=0.060552
epoch=12 loss=0.935601 valid_micro_fmax=0.071925
epoch=13 loss=0.920330 valid_micro_fmax=0.073166
epoch=14 loss=0.908151 valid_micro_fmax=0.070432
epoch=15 loss=0.895677 valid_micro_fmax=0.079440
epoch=16 loss=0.884979 valid_micro_fmax=0.079431
epoch=17 loss=0.875009 valid_micro_fmax=0.080128
epoch=18 loss=0.865968 valid_micro_fmax=0.089164
epoch=19 loss=0.856969 valid_micro_fmax=0.094540
epoch=20 loss=0.847730 valid_micro_fmax=0.100284
epoch=21 loss=0.838631 valid_micro_fmax=0.101570
epoch=22 loss=0.829821 valid_micro_fmax=0.102466
epoch=23 loss=0.822483 valid_micro_fmax=0.099665
epoch=24 loss=0.816487 valid_micro_fmax=0.106559
epoch=25 loss=0.807032 valid_micro_fmax=0.108589
epoch=26 loss=0.799787 valid_micro_fmax=0.104735
epoch=27 loss=0.791948 valid_micro_fmax=0.114145
epoch=28 loss=0.784840 valid_micro_fmax=0.109312
epoch=29 loss=0.777565 valid_micro_fmax=0.114564
epoch=30 loss=0.770810 valid_micro_fmax=0.119457
epoch=31 loss=0.762460 valid_micro_fmax=0.124936
epoch=32 loss=0.755492 valid_micro_fmax=0.114667
epoch=33 loss=0.748193 valid_micro_fmax=0.129880
epoch=34 loss=0.740929 valid_micro_fmax=0.127032
epoch=35 loss=0.734024 valid_micro_fmax=0.126961
epoch=36 loss=0.726085 valid_micro_fmax=0.143498
epoch=37 loss=0.718345 valid_micro_fmax=0.140312
epoch=38 loss=0.709973 valid_micro_fmax=0.137797
epoch=39 loss=0.703603 valid_micro_fmax=0.140333
epoch=40 loss=0.694603 valid_micro_fmax=0.145658
epoch=41 loss=0.683850 valid_micro_fmax=0.159952
epoch=42 loss=0.676924 valid_micro_fmax=0.150326
epoch=43 loss=0.669255 valid_micro_fmax=0.149393
epoch=44 loss=0.659118 valid_micro_fmax=0.155382
epoch=45 loss=0.651305 valid_micro_fmax=0.161379
epoch=46 loss=0.641020 valid_micro_fmax=0.162898
epoch=47 loss=0.632138 valid_micro_fmax=0.152138
epoch=48 loss=0.623414 valid_micro_fmax=0.157220
epoch=49 loss=0.611749 valid_micro_fmax=0.160896
epoch=50 loss=0.604742 valid_micro_fmax=0.158552
epoch=51 loss=0.592745 valid_micro_fmax=0.151428
epoch=52 loss=0.583417 valid_micro_fmax=0.165287
epoch=53 loss=0.571961 valid_micro_fmax=0.173289
epoch=54 loss=0.562741 valid_micro_fmax=0.172566
epoch=55 loss=0.550984 valid_micro_fmax=0.170738
epoch=56 loss=0.541570 valid_micro_fmax=0.160753
epoch=57 loss=0.528453 valid_micro_fmax=0.163631
epoch=58 loss=0.519645 valid_micro_fmax=0.177394
epoch=59 loss=0.508157 valid_micro_fmax=0.165553
epoch=60 loss=0.498017 valid_micro_fmax=0.185882
epoch=61 loss=0.484707 valid_micro_fmax=0.181245
epoch=62 loss=0.475701 valid_micro_fmax=0.186112
epoch=63 loss=0.463921 valid_micro_fmax=0.171952
epoch=64 loss=0.450988 valid_micro_fmax=0.169752
epoch=65 loss=0.444207 valid_micro_fmax=0.184277
epoch=66 loss=0.431593 valid_micro_fmax=0.198115
epoch=67 loss=0.421304 valid_micro_fmax=0.176696
epoch=68 loss=0.407376 valid_micro_fmax=0.182957
epoch=69 loss=0.399122 valid_micro_fmax=0.188034
epoch=70 loss=0.387277 valid_micro_fmax=0.194913
epoch=71 loss=0.378276 valid_micro_fmax=0.179507
epoch=72 loss=0.368732 valid_micro_fmax=0.199139
epoch=73 loss=0.356458 valid_micro_fmax=0.204706
epoch=74 loss=0.346654 valid_micro_fmax=0.191745
epoch=75 loss=0.337858 valid_micro_fmax=0.196155
epoch=76 loss=0.328700 valid_micro_fmax=0.208903
epoch=77 loss=0.318417 valid_micro_fmax=0.206145
epoch=78 loss=0.308841 valid_micro_fmax=0.230144
epoch=79 loss=0.300409 valid_micro_fmax=0.215918
epoch=80 loss=0.291821 valid_micro_fmax=0.224665
epoch=81 loss=0.281299 valid_micro_fmax=0.226721
epoch=82 loss=0.272955 valid_micro_fmax=0.222308
epoch=83 loss=0.265706 valid_micro_fmax=0.225737
epoch=84 loss=0.257884 valid_micro_fmax=0.235850
epoch=85 loss=0.250865 valid_micro_fmax=0.244447
epoch=86 loss=0.243651 valid_micro_fmax=0.240492
epoch=87 loss=0.237241 valid_micro_fmax=0.232842
epoch=88 loss=0.228793 valid_micro_fmax=0.237780
epoch=89 loss=0.222547 valid_micro_fmax=0.245765
epoch=90 loss=0.214870 valid_micro_fmax=0.242962
epoch=91 loss=0.208852 valid_micro_fmax=0.237750
epoch=92 loss=0.202492 valid_micro_fmax=0.243325
epoch=93 loss=0.196333 valid_micro_fmax=0.255819
epoch=94 loss=0.190832 valid_micro_fmax=0.253527
epoch=95 loss=0.184880 valid_micro_fmax=0.256898
epoch=96 loss=0.180193 valid_micro_fmax=0.266283
epoch=97 loss=0.174359 valid_micro_fmax=0.277696
epoch=98 loss=0.172498 valid_micro_fmax=0.260753
epoch=99 loss=0.165739 valid_micro_fmax=0.260464
epoch=100 loss=0.159528 valid_micro_fmax=0.255819
epoch=101 loss=0.156588 valid_micro_fmax=0.263712
epoch=102 loss=0.151097 valid_micro_fmax=0.271794
epoch=103 loss=0.146999 valid_micro_fmax=0.264814
epoch=104 loss=0.143518 valid_micro_fmax=0.268118
epoch=105 loss=0.139119 valid_micro_fmax=0.265300
Early stopping after 105 epochs (patience=8)
GPU completion: NVIDIA L40S, 14875, 46068, 0
