GPU: NVIDIA L40S
CUDA tensor check: 8.0
Wed Jul 15 17:31:02 2026       
+-----------------------------------------------------------------------------------------+
| NVIDIA-SMI 560.35.03              Driver Version: 560.35.03      CUDA Version: 12.6     |
|-----------------------------------------+------------------------+----------------------+
| GPU  Name                 Persistence-M | Bus-Id          Disp.A | Volatile Uncorr. ECC |
| Fan  Temp   Perf          Pwr:Usage/Cap |           Memory-Usage | GPU-Util  Compute M. |
|                                         |                        |               MIG M. |
|=========================================+========================+======================|
|   0  NVIDIA L40S                    On  |   00000000:B5:00.0 Off |                    0 |
| N/A   43C    P0             44W /  350W |     503MiB /  46068MiB |      1%      Default |
|                                         |                        |                  N/A |
+-----------------------------------------+------------------------+----------------------+
                                                                                         
+-----------------------------------------------------------------------------------------+
| Processes:                                                                              |
|  GPU   GI   CI        PID   Type   Process name                              GPU Memory |
|        ID   ID                                                               Usage      |
|=========================================================================================|
|    0   N/A  N/A   2470934      C   python3                                       494MiB |
+-----------------------------------------------------------------------------------------+
CUDA verified: NVIDIA L40S; tensor dot product=8.0
GPU startup: NVIDIA L40S, 533, 46068, 1
Loaded train=6026, valid=754; reserved test set is not loaded
epoch=1 loss=0.318599 valid_micro_fmax=0.166742
epoch=2 loss=0.256902 valid_micro_fmax=0.201348
epoch=3 loss=0.216007 valid_micro_fmax=0.188109
epoch=4 loss=0.173276 valid_micro_fmax=0.158616
epoch=5 loss=0.182676 valid_micro_fmax=0.238884
epoch=6 loss=0.121885 valid_micro_fmax=0.266234
epoch=7 loss=0.075976 valid_micro_fmax=0.335524
epoch=8 loss=0.058396 valid_micro_fmax=0.298185
epoch=9 loss=0.059311 valid_micro_fmax=0.304365
epoch=10 loss=0.041380 valid_micro_fmax=0.368300
epoch=11 loss=0.035881 valid_micro_fmax=0.365328
epoch=12 loss=0.031588 valid_micro_fmax=0.352399
epoch=13 loss=0.028855 valid_micro_fmax=0.371764
epoch=14 loss=0.045216 valid_micro_fmax=0.295653
epoch=15 loss=0.032793 valid_micro_fmax=0.347845
epoch=16 loss=0.063414 valid_micro_fmax=0.214085
epoch=17 loss=0.100665 valid_micro_fmax=0.216670
epoch=18 loss=0.067652 valid_micro_fmax=0.312462
epoch=19 loss=0.037638 valid_micro_fmax=0.334784
epoch=20 loss=0.030835 valid_micro_fmax=0.365812
epoch=21 loss=0.047865 valid_micro_fmax=0.372124
epoch=22 loss=0.031782 valid_micro_fmax=0.361829
epoch=23 loss=0.026531 valid_micro_fmax=0.352586
epoch=24 loss=0.025089 valid_micro_fmax=0.351542
epoch=25 loss=0.023621 valid_micro_fmax=0.386966
epoch=26 loss=0.020509 valid_micro_fmax=0.404014
epoch=27 loss=0.019050 valid_micro_fmax=0.402941
epoch=28 loss=0.018665 valid_micro_fmax=0.429817
epoch=29 loss=0.042999 valid_micro_fmax=0.325469
epoch=30 loss=0.023689 valid_micro_fmax=0.376311
epoch=31 loss=0.019417 valid_micro_fmax=0.406905
epoch=32 loss=0.016363 valid_micro_fmax=0.430124
epoch=33 loss=0.015448 valid_micro_fmax=0.403920
epoch=34 loss=0.014044 valid_micro_fmax=0.437081
epoch=35 loss=0.014577 valid_micro_fmax=0.417018
epoch=36 loss=0.013368 valid_micro_fmax=0.429647
epoch=37 loss=0.011723 valid_micro_fmax=0.430216
epoch=38 loss=0.013746 valid_micro_fmax=0.293080
epoch=39 loss=0.067578 valid_micro_fmax=0.300375
epoch=40 loss=0.022048 valid_micro_fmax=0.405689
epoch=41 loss=0.018014 valid_micro_fmax=0.427667
epoch=42 loss=0.015980 valid_micro_fmax=0.416168
epoch=43 loss=0.014625 valid_micro_fmax=0.430232
Early stopping after 43 epochs (patience=9)
GPU completion: NVIDIA L40S, 21089, 46068, 97
