GPU: NVIDIA L40S
CUDA tensor check: 8.0
Wed Jul 15 17:55:03 2026       
+-----------------------------------------------------------------------------------------+
| NVIDIA-SMI 560.35.03              Driver Version: 560.35.03      CUDA Version: 12.6     |
|-----------------------------------------+------------------------+----------------------+
| GPU  Name                 Persistence-M | Bus-Id          Disp.A | Volatile Uncorr. ECC |
| Fan  Temp   Perf          Pwr:Usage/Cap |           Memory-Usage | GPU-Util  Compute M. |
|                                         |                        |               MIG M. |
|=========================================+========================+======================|
|   0  NVIDIA L40S                    On  |   00000000:B5:00.0 Off |                    0 |
| N/A   45C    P0             38W /  350W |     503MiB /  46068MiB |      1%      Default |
|                                         |                        |                  N/A |
+-----------------------------------------+------------------------+----------------------+
                                                                                         
+-----------------------------------------------------------------------------------------+
| Processes:                                                                              |
|  GPU   GI   CI        PID   Type   Process name                              GPU Memory |
|        ID   ID                                                               Usage      |
|=========================================================================================|
|    0   N/A  N/A   3924398      C   python3                                       494MiB |
+-----------------------------------------------------------------------------------------+
CUDA verified: NVIDIA L40S; tensor dot product=8.0
GPU startup: NVIDIA L40S, 533, 46068, 0
Loaded train=6026, valid=754; reserved test set is not loaded
epoch=1 loss=1.202733 valid_micro_fmax=0.016016
epoch=2 loss=1.100019 valid_micro_fmax=0.022940
epoch=3 loss=1.028794 valid_micro_fmax=0.031002
epoch=4 loss=0.978225 valid_micro_fmax=0.043182
epoch=5 loss=0.938780 valid_micro_fmax=0.051978
epoch=6 loss=0.907920 valid_micro_fmax=0.061276
epoch=7 loss=0.882502 valid_micro_fmax=0.077589
epoch=8 loss=0.861538 valid_micro_fmax=0.081892
epoch=9 loss=0.843213 valid_micro_fmax=0.088649
epoch=10 loss=0.828783 valid_micro_fmax=0.102543
epoch=11 loss=0.814874 valid_micro_fmax=0.113681
epoch=12 loss=0.802603 valid_micro_fmax=0.125657
epoch=13 loss=0.793036 valid_micro_fmax=0.119924
epoch=14 loss=0.782540 valid_micro_fmax=0.130100
epoch=15 loss=0.774862 valid_micro_fmax=0.138338
epoch=16 loss=0.765346 valid_micro_fmax=0.134529
epoch=17 loss=0.758274 valid_micro_fmax=0.133933
epoch=18 loss=0.751174 valid_micro_fmax=0.145919
epoch=19 loss=0.743024 valid_micro_fmax=0.152761
epoch=20 loss=0.736186 valid_micro_fmax=0.158508
epoch=21 loss=0.729413 valid_micro_fmax=0.172018
epoch=22 loss=0.721886 valid_micro_fmax=0.177283
epoch=23 loss=0.715145 valid_micro_fmax=0.181405
epoch=24 loss=0.708024 valid_micro_fmax=0.186151
epoch=25 loss=0.699926 valid_micro_fmax=0.186984
epoch=26 loss=0.693544 valid_micro_fmax=0.195941
epoch=27 loss=0.684763 valid_micro_fmax=0.197245
epoch=28 loss=0.675972 valid_micro_fmax=0.228818
epoch=29 loss=0.667335 valid_micro_fmax=0.226641
epoch=30 loss=0.659527 valid_micro_fmax=0.223683
epoch=31 loss=0.650028 valid_micro_fmax=0.227993
epoch=32 loss=0.641437 valid_micro_fmax=0.244298
epoch=33 loss=0.631487 valid_micro_fmax=0.239781
epoch=34 loss=0.622021 valid_micro_fmax=0.230273
epoch=35 loss=0.612622 valid_micro_fmax=0.228950
epoch=36 loss=0.602498 valid_micro_fmax=0.247658
epoch=37 loss=0.591971 valid_micro_fmax=0.249299
epoch=38 loss=0.581178 valid_micro_fmax=0.242402
epoch=39 loss=0.570638 valid_micro_fmax=0.248103
epoch=40 loss=0.560285 valid_micro_fmax=0.246991
epoch=41 loss=0.548622 valid_micro_fmax=0.250562
epoch=42 loss=0.537024 valid_micro_fmax=0.259037
epoch=43 loss=0.525080 valid_micro_fmax=0.250501
epoch=44 loss=0.513793 valid_micro_fmax=0.256798
epoch=45 loss=0.501313 valid_micro_fmax=0.257821
epoch=46 loss=0.490065 valid_micro_fmax=0.265237
epoch=47 loss=0.478292 valid_micro_fmax=0.260107
epoch=48 loss=0.465186 valid_micro_fmax=0.273198
epoch=49 loss=0.453437 valid_micro_fmax=0.272018
epoch=50 loss=0.440223 valid_micro_fmax=0.264654
epoch=51 loss=0.428441 valid_micro_fmax=0.274400
epoch=52 loss=0.416196 valid_micro_fmax=0.272666
epoch=53 loss=0.403393 valid_micro_fmax=0.276461
epoch=54 loss=0.389467 valid_micro_fmax=0.279468
epoch=55 loss=0.377675 valid_micro_fmax=0.289341
epoch=56 loss=0.365781 valid_micro_fmax=0.293441
epoch=57 loss=0.352483 valid_micro_fmax=0.293081
epoch=58 loss=0.339858 valid_micro_fmax=0.289567
epoch=59 loss=0.328030 valid_micro_fmax=0.315885
epoch=60 loss=0.316790 valid_micro_fmax=0.299038
epoch=61 loss=0.304850 valid_micro_fmax=0.301455
epoch=62 loss=0.292719 valid_micro_fmax=0.309809
epoch=63 loss=0.282620 valid_micro_fmax=0.299423
epoch=64 loss=0.270727 valid_micro_fmax=0.308190
epoch=65 loss=0.259881 valid_micro_fmax=0.301086
epoch=66 loss=0.249846 valid_micro_fmax=0.317762
epoch=67 loss=0.239921 valid_micro_fmax=0.321363
epoch=68 loss=0.230396 valid_micro_fmax=0.311977
epoch=69 loss=0.220005 valid_micro_fmax=0.326319
epoch=70 loss=0.211059 valid_micro_fmax=0.326778
epoch=71 loss=0.202977 valid_micro_fmax=0.320170
epoch=72 loss=0.193954 valid_micro_fmax=0.325604
epoch=73 loss=0.184894 valid_micro_fmax=0.330457
epoch=74 loss=0.176479 valid_micro_fmax=0.332711
epoch=75 loss=0.169684 valid_micro_fmax=0.331510
epoch=76 loss=0.162620 valid_micro_fmax=0.337649
epoch=77 loss=0.154834 valid_micro_fmax=0.335694
epoch=78 loss=0.148023 valid_micro_fmax=0.336594
epoch=79 loss=0.141194 valid_micro_fmax=0.331686
epoch=80 loss=0.134986 valid_micro_fmax=0.351600
epoch=81 loss=0.129298 valid_micro_fmax=0.347914
epoch=82 loss=0.122974 valid_micro_fmax=0.334344
epoch=83 loss=0.117211 valid_micro_fmax=0.347323
epoch=84 loss=0.112144 valid_micro_fmax=0.355713
epoch=85 loss=0.106734 valid_micro_fmax=0.348840
epoch=86 loss=0.102785 valid_micro_fmax=0.360102
epoch=87 loss=0.097982 valid_micro_fmax=0.356611
epoch=88 loss=0.093418 valid_micro_fmax=0.365003
epoch=89 loss=0.089287 valid_micro_fmax=0.347295
epoch=90 loss=0.085123 valid_micro_fmax=0.360409
epoch=91 loss=0.081335 valid_micro_fmax=0.359141
epoch=92 loss=0.077729 valid_micro_fmax=0.355619
epoch=93 loss=0.074526 valid_micro_fmax=0.359379
epoch=94 loss=0.071343 valid_micro_fmax=0.365981
epoch=95 loss=0.068436 valid_micro_fmax=0.370044
epoch=96 loss=0.065138 valid_micro_fmax=0.371771
epoch=97 loss=0.062630 valid_micro_fmax=0.372960
epoch=98 loss=0.059572 valid_micro_fmax=0.370668
epoch=99 loss=0.057835 valid_micro_fmax=0.377557
epoch=100 loss=0.054448 valid_micro_fmax=0.365805
epoch=101 loss=0.052754 valid_micro_fmax=0.376244
epoch=102 loss=0.050660 valid_micro_fmax=0.371360
epoch=103 loss=0.048731 valid_micro_fmax=0.362966
epoch=104 loss=0.046580 valid_micro_fmax=0.375498
epoch=105 loss=0.044753 valid_micro_fmax=0.377417
epoch=106 loss=0.042983 valid_micro_fmax=0.371927
epoch=107 loss=0.041513 valid_micro_fmax=0.372649
Early stopping after 107 epochs (patience=8)
GPU completion: NVIDIA L40S, 40531, 46068, 0
