GPU: NVIDIA L40S
CUDA tensor check: 8.0
Wed Jul 15 20:30:21 2026       
+-----------------------------------------------------------------------------------------+
| NVIDIA-SMI 560.35.03              Driver Version: 560.35.03      CUDA Version: 12.6     |
|-----------------------------------------+------------------------+----------------------+
| GPU  Name                 Persistence-M | Bus-Id          Disp.A | Volatile Uncorr. ECC |
| Fan  Temp   Perf          Pwr:Usage/Cap |           Memory-Usage | GPU-Util  Compute M. |
|                                         |                        |               MIG M. |
|=========================================+========================+======================|
|   0  NVIDIA L40S                    On  |   00000000:B5:00.0 Off |                    0 |
| N/A   48C    P0             46W /  350W |     503MiB /  46068MiB |      5%      Default |
|                                         |                        |                  N/A |
+-----------------------------------------+------------------------+----------------------+
                                                                                         
+-----------------------------------------------------------------------------------------+
| Processes:                                                                              |
|  GPU   GI   CI        PID   Type   Process name                              GPU Memory |
|        ID   ID                                                               Usage      |
|=========================================================================================|
|    0   N/A  N/A   3407934      C   python3                                       494MiB |
+-----------------------------------------------------------------------------------------+
CUDA verified: NVIDIA L40S; tensor dot product=8.0
GPU startup: NVIDIA L40S, 533, 46068, 5
Loaded train=6026, valid=754; reserved test set is not loaded
epoch=1 loss=0.396184 valid_micro_fmax=0.262000
epoch=2 loss=0.161724 valid_micro_fmax=0.350282
epoch=3 loss=0.092149 valid_micro_fmax=0.392218
epoch=4 loss=0.070644 valid_micro_fmax=0.380844
epoch=5 loss=0.054783 valid_micro_fmax=0.431934
epoch=6 loss=0.046427 valid_micro_fmax=0.422864
epoch=7 loss=0.049299 valid_micro_fmax=0.381857
epoch=8 loss=0.037469 valid_micro_fmax=0.412334
epoch=9 loss=0.033868 valid_micro_fmax=0.458495
epoch=10 loss=0.025553 valid_micro_fmax=0.439721
epoch=11 loss=0.023237 valid_micro_fmax=0.453490
epoch=12 loss=0.020068 valid_micro_fmax=0.444472
epoch=13 loss=0.021522 valid_micro_fmax=0.458439
epoch=14 loss=0.020355 valid_micro_fmax=0.401164
epoch=15 loss=0.059326 valid_micro_fmax=0.341176
epoch=16 loss=0.036525 valid_micro_fmax=0.419430
epoch=17 loss=0.031235 valid_micro_fmax=0.415336
epoch=18 loss=0.025658 valid_micro_fmax=0.454404
epoch=19 loss=0.017195 valid_micro_fmax=0.458337
Early stopping after 19 epochs (patience=10)
GPU completion: NVIDIA L40S, 20395, 46068, 31
