GPU: NVIDIA L40S
CUDA tensor check: 8.0
Wed Jul 15 19:06:23 2026       
+-----------------------------------------------------------------------------------------+
| NVIDIA-SMI 560.35.03              Driver Version: 560.35.03      CUDA Version: 12.6     |
|-----------------------------------------+------------------------+----------------------+
| GPU  Name                 Persistence-M | Bus-Id          Disp.A | Volatile Uncorr. ECC |
| Fan  Temp   Perf          Pwr:Usage/Cap |           Memory-Usage | GPU-Util  Compute M. |
|                                         |                        |               MIG M. |
|=========================================+========================+======================|
|   0  NVIDIA L40S                    On  |   00000000:B5:00.0 Off |                    0 |
| N/A   45C    P0             44W /  350W |     503MiB /  46068MiB |      0%      Default |
|                                         |                        |                  N/A |
+-----------------------------------------+------------------------+----------------------+
                                                                                         
+-----------------------------------------------------------------------------------------+
| Processes:                                                                              |
|  GPU   GI   CI        PID   Type   Process name                              GPU Memory |
|        ID   ID                                                               Usage      |
|=========================================================================================|
|    0   N/A  N/A     67123      C   python3                                       494MiB |
+-----------------------------------------------------------------------------------------+
CUDA verified: NVIDIA L40S; tensor dot product=8.0
GPU startup: NVIDIA L40S, 533, 46068, 0
Loaded train=6026, valid=754; reserved test set is not loaded
epoch=1 loss=0.985884 valid_micro_fmax=0.190038
epoch=2 loss=0.781777 valid_micro_fmax=0.152178
epoch=3 loss=0.649722 valid_micro_fmax=0.186810
epoch=4 loss=0.470797 valid_micro_fmax=0.233998
epoch=5 loss=0.299473 valid_micro_fmax=0.264844
epoch=6 loss=0.185065 valid_micro_fmax=0.278402
epoch=7 loss=0.120687 valid_micro_fmax=0.311909
epoch=8 loss=0.082637 valid_micro_fmax=0.349012
epoch=9 loss=0.061203 valid_micro_fmax=0.303258
epoch=10 loss=0.047529 valid_micro_fmax=0.359416
epoch=11 loss=0.037599 valid_micro_fmax=0.369100
epoch=12 loss=0.034774 valid_micro_fmax=0.353210
epoch=13 loss=0.025753 valid_micro_fmax=0.345667
epoch=14 loss=0.022963 valid_micro_fmax=0.369825
epoch=15 loss=0.020251 valid_micro_fmax=0.362178
epoch=16 loss=0.020471 valid_micro_fmax=0.376514
epoch=17 loss=0.014315 valid_micro_fmax=0.377152
epoch=18 loss=0.013922 valid_micro_fmax=0.366043
epoch=19 loss=0.014348 valid_micro_fmax=0.348421
epoch=20 loss=0.010816 valid_micro_fmax=0.353169
epoch=21 loss=0.010368 valid_micro_fmax=0.419974
epoch=22 loss=0.009419 valid_micro_fmax=0.379364
epoch=23 loss=0.036609 valid_micro_fmax=0.346423
epoch=24 loss=0.012892 valid_micro_fmax=0.360406
epoch=25 loss=0.009164 valid_micro_fmax=0.357711
epoch=26 loss=0.007031 valid_micro_fmax=0.377154
epoch=27 loss=0.006300 valid_micro_fmax=0.394310
epoch=28 loss=0.005736 valid_micro_fmax=0.370155
epoch=29 loss=0.005438 valid_micro_fmax=0.365827
epoch=30 loss=0.005901 valid_micro_fmax=0.366828
Early stopping after 30 epochs (patience=9)
GPU completion: NVIDIA L40S, 19579, 46068, 0
