GPU: NVIDIA L40S
CUDA tensor check: 8.0
Wed Jul 15 17:42:51 2026       
+-----------------------------------------------------------------------------------------+
| NVIDIA-SMI 560.35.03              Driver Version: 560.35.03      CUDA Version: 12.6     |
|-----------------------------------------+------------------------+----------------------+
| GPU  Name                 Persistence-M | Bus-Id          Disp.A | Volatile Uncorr. ECC |
| Fan  Temp   Perf          Pwr:Usage/Cap |           Memory-Usage | GPU-Util  Compute M. |
|                                         |                        |               MIG M. |
|=========================================+========================+======================|
|   0  NVIDIA L40S                    On  |   00000000:B5:00.0 Off |                    0 |
| N/A   33C    P0             51W /  350W |     503MiB /  46068MiB |      0%      Default |
|                                         |                        |                  N/A |
+-----------------------------------------+------------------------+----------------------+
                                                                                         
+-----------------------------------------------------------------------------------------+
| Processes:                                                                              |
|  GPU   GI   CI        PID   Type   Process name                              GPU Memory |
|        ID   ID                                                               Usage      |
|=========================================================================================|
|    0   N/A  N/A   3919026      C   python3                                       494MiB |
+-----------------------------------------------------------------------------------------+
CUDA verified: NVIDIA L40S; tensor dot product=8.0
GPU startup: NVIDIA L40S, 533, 46068, 5
Loaded train=6026, valid=754; reserved test set is not loaded
epoch=1 loss=1.175688 valid_micro_fmax=0.108557
epoch=2 loss=1.004292 valid_micro_fmax=0.132300
epoch=3 loss=0.925784 valid_micro_fmax=0.173076
epoch=4 loss=0.867658 valid_micro_fmax=0.211254
epoch=5 loss=0.831837 valid_micro_fmax=0.227459
epoch=6 loss=0.805921 valid_micro_fmax=0.260244
epoch=7 loss=0.772147 valid_micro_fmax=0.279223
epoch=8 loss=0.752624 valid_micro_fmax=0.274042
epoch=9 loss=0.733594 valid_micro_fmax=0.300832
epoch=10 loss=0.714921 valid_micro_fmax=0.288632
epoch=11 loss=0.697577 valid_micro_fmax=0.283315
epoch=12 loss=0.683108 valid_micro_fmax=0.295282
epoch=13 loss=0.668823 valid_micro_fmax=0.310423
epoch=14 loss=0.652883 valid_micro_fmax=0.294685
epoch=15 loss=0.636921 valid_micro_fmax=0.290461
epoch=16 loss=0.620904 valid_micro_fmax=0.330772
epoch=17 loss=0.603070 valid_micro_fmax=0.319472
epoch=18 loss=0.587318 valid_micro_fmax=0.318057
epoch=19 loss=0.569119 valid_micro_fmax=0.331582
epoch=20 loss=0.552822 valid_micro_fmax=0.355554
epoch=21 loss=0.535949 valid_micro_fmax=0.343343
epoch=22 loss=0.515380 valid_micro_fmax=0.353055
epoch=23 loss=0.495793 valid_micro_fmax=0.363448
epoch=24 loss=0.477026 valid_micro_fmax=0.386203
epoch=25 loss=0.459653 valid_micro_fmax=0.385822
epoch=26 loss=0.438958 valid_micro_fmax=0.367089
epoch=27 loss=0.417354 valid_micro_fmax=0.375765
epoch=28 loss=0.401569 valid_micro_fmax=0.389626
epoch=29 loss=0.382255 valid_micro_fmax=0.383035
epoch=30 loss=0.364362 valid_micro_fmax=0.404937
epoch=31 loss=0.343407 valid_micro_fmax=0.396942
epoch=32 loss=0.328565 valid_micro_fmax=0.404400
epoch=33 loss=0.308646 valid_micro_fmax=0.391332
epoch=34 loss=0.294086 valid_micro_fmax=0.397007
epoch=35 loss=0.277300 valid_micro_fmax=0.385459
epoch=36 loss=0.259687 valid_micro_fmax=0.419111
epoch=37 loss=0.245318 valid_micro_fmax=0.437301
epoch=38 loss=0.233436 valid_micro_fmax=0.431828
epoch=39 loss=0.220417 valid_micro_fmax=0.416681
epoch=40 loss=0.210254 valid_micro_fmax=0.432397
epoch=41 loss=0.196794 valid_micro_fmax=0.436308
epoch=42 loss=0.184486 valid_micro_fmax=0.424481
epoch=43 loss=0.176783 valid_micro_fmax=0.422153
epoch=44 loss=0.164899 valid_micro_fmax=0.441213
epoch=45 loss=0.157196 valid_micro_fmax=0.456255
epoch=46 loss=0.146363 valid_micro_fmax=0.446839
epoch=47 loss=0.141518 valid_micro_fmax=0.444662
epoch=48 loss=0.131865 valid_micro_fmax=0.443651
epoch=49 loss=0.123672 valid_micro_fmax=0.453163
epoch=50 loss=0.118420 valid_micro_fmax=0.450539
epoch=51 loss=0.109988 valid_micro_fmax=0.444903
epoch=52 loss=0.105790 valid_micro_fmax=0.448087
epoch=53 loss=0.099481 valid_micro_fmax=0.441922
epoch=54 loss=0.094428 valid_micro_fmax=0.447607
epoch=55 loss=0.093027 valid_micro_fmax=0.455153
Early stopping after 55 epochs (patience=10)
GPU completion: NVIDIA L40S, 32827, 46068, 27
