GPU: NVIDIA L40S
CUDA tensor check: 8.0
Wed Jul 15 20:10:11 2026       
+-----------------------------------------------------------------------------------------+
| NVIDIA-SMI 560.35.03              Driver Version: 560.35.03      CUDA Version: 12.6     |
|-----------------------------------------+------------------------+----------------------+
| GPU  Name                 Persistence-M | Bus-Id          Disp.A | Volatile Uncorr. ECC |
| Fan  Temp   Perf          Pwr:Usage/Cap |           Memory-Usage | GPU-Util  Compute M. |
|                                         |                        |               MIG M. |
|=========================================+========================+======================|
|   0  NVIDIA L40S                    On  |   00000000:B5:00.0 Off |                    0 |
| N/A   39C    P0             40W /  350W |     503MiB /  46068MiB |      0%      Default |
|                                         |                        |                  N/A |
+-----------------------------------------+------------------------+----------------------+
                                                                                         
+-----------------------------------------------------------------------------------------+
| Processes:                                                                              |
|  GPU   GI   CI        PID   Type   Process name                              GPU Memory |
|        ID   ID                                                               Usage      |
|=========================================================================================|
|    0   N/A  N/A   2535496      C   python3                                       494MiB |
+-----------------------------------------------------------------------------------------+
CUDA verified: NVIDIA L40S; tensor dot product=8.0
GPU startup: NVIDIA L40S, 533, 46068, 0
Loaded train=6026, valid=754; reserved test set is not loaded
epoch=1 loss=0.272506 valid_micro_fmax=0.032595
epoch=2 loss=0.141603 valid_micro_fmax=0.069888
epoch=3 loss=0.100646 valid_micro_fmax=0.076171
epoch=4 loss=0.088407 valid_micro_fmax=0.071937
epoch=5 loss=0.062664 valid_micro_fmax=0.068837
epoch=6 loss=0.059863 valid_micro_fmax=0.065652
epoch=7 loss=0.052951 valid_micro_fmax=0.080751
epoch=8 loss=0.042926 valid_micro_fmax=0.093150
epoch=9 loss=0.042595 valid_micro_fmax=0.085352
epoch=10 loss=0.040116 valid_micro_fmax=0.101356
epoch=11 loss=0.040967 valid_micro_fmax=0.097237
epoch=12 loss=0.034260 valid_micro_fmax=0.107954
epoch=13 loss=0.035596 valid_micro_fmax=0.123496
epoch=14 loss=0.030899 valid_micro_fmax=0.122932
epoch=15 loss=0.029737 valid_micro_fmax=0.127762
epoch=16 loss=0.028606 valid_micro_fmax=0.139652
epoch=17 loss=0.035115 valid_micro_fmax=0.137212
epoch=18 loss=0.025740 valid_micro_fmax=0.086303
epoch=19 loss=0.021594 valid_micro_fmax=0.130386
epoch=20 loss=0.025142 valid_micro_fmax=0.120185
epoch=21 loss=0.025308 valid_micro_fmax=0.111839
epoch=22 loss=0.026118 valid_micro_fmax=0.108179
epoch=23 loss=0.025568 valid_micro_fmax=0.175967
epoch=24 loss=0.017832 valid_micro_fmax=0.113445
epoch=25 loss=0.021096 valid_micro_fmax=0.147471
epoch=26 loss=0.022252 valid_micro_fmax=0.133785
epoch=27 loss=0.026424 valid_micro_fmax=0.115639
epoch=28 loss=0.019615 valid_micro_fmax=0.149283
epoch=29 loss=0.016818 valid_micro_fmax=0.122533
epoch=30 loss=0.015245 valid_micro_fmax=0.169706
epoch=31 loss=0.015421 valid_micro_fmax=0.143199
Early stopping after 31 epochs (patience=8)
GPU completion: NVIDIA L40S, 20281, 46068, 0
