GPU: NVIDIA L40S
CUDA tensor check: 8.0
Wed Jul 15 16:20:57 2026       
+-----------------------------------------------------------------------------------------+
| NVIDIA-SMI 560.35.03              Driver Version: 560.35.03      CUDA Version: 12.6     |
|-----------------------------------------+------------------------+----------------------+
| GPU  Name                 Persistence-M | Bus-Id          Disp.A | Volatile Uncorr. ECC |
| Fan  Temp   Perf          Pwr:Usage/Cap |           Memory-Usage | GPU-Util  Compute M. |
|                                         |                        |               MIG M. |
|=========================================+========================+======================|
|   0  NVIDIA L40S                    On  |   00000000:0D:00.0 Off |                    0 |
| N/A   45C    P0             39W /  350W |     503MiB /  46068MiB |      1%      Default |
|                                         |                        |                  N/A |
+-----------------------------------------+------------------------+----------------------+
                                                                                         
+-----------------------------------------------------------------------------------------+
| Processes:                                                                              |
|  GPU   GI   CI        PID   Type   Process name                              GPU Memory |
|        ID   ID                                                               Usage      |
|=========================================================================================|
|    0   N/A  N/A     21790      C   python3                                       494MiB |
+-----------------------------------------------------------------------------------------+
CUDA verified: NVIDIA L40S; tensor dot product=8.0
GPU startup: NVIDIA L40S, 533, 46068, 5
Loaded train=6026, valid=754; reserved test set is not loaded
epoch=1 loss=0.329493 valid_micro_fmax=0.013886
epoch=2 loss=0.262966 valid_micro_fmax=0.021276
epoch=3 loss=0.238908 valid_micro_fmax=0.033704
epoch=4 loss=0.222839 valid_micro_fmax=0.042229
epoch=5 loss=0.210617 valid_micro_fmax=0.063410
epoch=6 loss=0.198525 valid_micro_fmax=0.061700
epoch=7 loss=0.185646 valid_micro_fmax=0.085383
epoch=8 loss=0.171611 valid_micro_fmax=0.091160
epoch=9 loss=0.155467 valid_micro_fmax=0.104317
epoch=10 loss=0.138262 valid_micro_fmax=0.122902
epoch=11 loss=0.119988 valid_micro_fmax=0.140152
epoch=12 loss=0.103132 valid_micro_fmax=0.149192
epoch=13 loss=0.087102 valid_micro_fmax=0.168373
epoch=14 loss=0.072724 valid_micro_fmax=0.171691
epoch=15 loss=0.061463 valid_micro_fmax=0.201143
epoch=16 loss=0.051865 valid_micro_fmax=0.214330
epoch=17 loss=0.043038 valid_micro_fmax=0.193444
epoch=18 loss=0.036805 valid_micro_fmax=0.213520
epoch=19 loss=0.030747 valid_micro_fmax=0.220910
epoch=20 loss=0.026547 valid_micro_fmax=0.237750
epoch=21 loss=0.023246 valid_micro_fmax=0.244397
epoch=22 loss=0.020262 valid_micro_fmax=0.232702
epoch=23 loss=0.017932 valid_micro_fmax=0.253097
epoch=24 loss=0.018436 valid_micro_fmax=0.252466
epoch=25 loss=0.014108 valid_micro_fmax=0.258221
epoch=26 loss=0.012360 valid_micro_fmax=0.282731
epoch=27 loss=0.011370 valid_micro_fmax=0.264515
epoch=28 loss=0.010078 valid_micro_fmax=0.258011
epoch=29 loss=0.009101 valid_micro_fmax=0.275984
epoch=30 loss=0.009119 valid_micro_fmax=0.265881
epoch=31 loss=0.008362 valid_micro_fmax=0.271928
epoch=32 loss=0.006816 valid_micro_fmax=0.293621
epoch=33 loss=0.006185 valid_micro_fmax=0.282660
epoch=34 loss=0.005744 valid_micro_fmax=0.274327
epoch=35 loss=0.005828 valid_micro_fmax=0.294634
epoch=36 loss=0.005988 valid_micro_fmax=0.287359
epoch=37 loss=0.005794 valid_micro_fmax=0.322350
epoch=38 loss=0.004499 valid_micro_fmax=0.306461
epoch=39 loss=0.004671 valid_micro_fmax=0.291166
epoch=40 loss=0.004514 valid_micro_fmax=0.259766
epoch=41 loss=0.003432 valid_micro_fmax=0.290103
epoch=42 loss=0.004448 valid_micro_fmax=0.290690
epoch=43 loss=0.005244 valid_micro_fmax=0.293164
epoch=44 loss=0.005111 valid_micro_fmax=0.289492
epoch=45 loss=0.004402 valid_micro_fmax=0.278096
epoch=46 loss=0.005710 valid_micro_fmax=0.289393
epoch=47 loss=0.003058 valid_micro_fmax=0.282991
Early stopping after 47 epochs (patience=10)
GPU completion: NVIDIA L40S, 24425, 46068, 0
