Traceback (most recent call last):
  File "/home/ganeshiny.sridharan/dgg/deep-green-GO/preprocessing/build_arc_tuning_dataset.py", line 263, in <module>
    main()
  File "/home/ganeshiny.sridharan/dgg/deep-green-GO/preprocessing/build_arc_tuning_dataset.py", line 230, in main
    graph_dir = build_graph_cache(data_root, sorted(sequences))
  File "/home/ganeshiny.sridharan/dgg/deep-green-GO/preprocessing/build_arc_tuning_dataset.py", line 154, in build_graph_cache
    build_graph(protein_id, cmap_dir / f"{protein_id}.npz", graph_dir / f"{protein_id}.pt")
  File "/home/ganeshiny.sridharan/dgg/deep-green-GO/preprocessing/build_arc_tuning_dataset.py", line 109, in build_graph
    protbert = torch.tensor(seq2protbert(sequence), dtype=torch.float32).squeeze(0)
  File "/home/ganeshiny.sridharan/dgg/deep-green-GO/preprocessing/create_batch_dataset.py", line 86, in seq2protbert
    tokenizer, bert_model, bert_device = _get_protbert()
  File "/home/ganeshiny.sridharan/dgg/deep-green-GO/preprocessing/create_batch_dataset.py", line 34, in _get_protbert
    _bert_model = BertModel.from_pretrained(
  File "/home/ganeshiny.sridharan/miniconda3/envs/deepgreengo/lib/python3.10/site-packages/transformers/modeling_utils.py", line 4282, in from_pretrained
    config, dtype = _get_dtype(
  File "/home/ganeshiny.sridharan/miniconda3/envs/deepgreengo/lib/python3.10/site-packages/transformers/modeling_utils.py", line 852, in _get_dtype
    state_dict = load_state_dict(
  File "/home/ganeshiny.sridharan/miniconda3/envs/deepgreengo/lib/python3.10/site-packages/transformers/modeling_utils.py", line 378, in load_state_dict
    check_torch_load_is_safe()
  File "/home/ganeshiny.sridharan/miniconda3/envs/deepgreengo/lib/python3.10/site-packages/transformers/utils/import_utils.py", line 1440, in check_torch_load_is_safe
    raise ValueError(
ValueError: Due to a serious vulnerability issue in `torch.load`, even with `weights_only=True`, we now require users to upgrade torch to at least v2.6 in order to use the function. This version restriction does not apply when loading files with safetensors.
See the vulnerability report here https://nvd.nist.gov/vuln/detail/CVE-2025-32434
