GPU: NVIDIA L40S
CUDA tensor check: 8.0
Wed Jul 15 20:18:14 2026       
+-----------------------------------------------------------------------------------------+
| NVIDIA-SMI 560.35.03              Driver Version: 560.35.03      CUDA Version: 12.6     |
|-----------------------------------------+------------------------+----------------------+
| GPU  Name                 Persistence-M | Bus-Id          Disp.A | Volatile Uncorr. ECC |
| Fan  Temp   Perf          Pwr:Usage/Cap |           Memory-Usage | GPU-Util  Compute M. |
|                                         |                        |               MIG M. |
|=========================================+========================+======================|
|   0  NVIDIA L40S                    On  |   00000000:B5:00.0 Off |                    0 |
| N/A   54C    P0             47W /  350W |     503MiB /  46068MiB |      5%      Default |
|                                         |                        |                  N/A |
+-----------------------------------------+------------------------+----------------------+
                                                                                         
+-----------------------------------------------------------------------------------------+
| Processes:                                                                              |
|  GPU   GI   CI        PID   Type   Process name                              GPU Memory |
|        ID   ID                                                               Usage      |
|=========================================================================================|
|    0   N/A  N/A   3370854      C   python3                                       494MiB |
+-----------------------------------------------------------------------------------------+
CUDA verified: NVIDIA L40S; tensor dot product=8.0
GPU startup: NVIDIA L40S, 533, 46068, 1
Loaded train=6026, valid=754; reserved test set is not loaded
epoch=1 loss=0.922842 valid_micro_fmax=0.097889
epoch=2 loss=0.610867 valid_micro_fmax=0.145042
epoch=3 loss=0.335187 valid_micro_fmax=0.186137
epoch=4 loss=0.181752 valid_micro_fmax=0.250161
epoch=5 loss=0.109298 valid_micro_fmax=0.199538
epoch=6 loss=0.098696 valid_micro_fmax=0.214773
epoch=7 loss=0.079711 valid_micro_fmax=0.222852
epoch=8 loss=0.051597 valid_micro_fmax=0.270044
epoch=9 loss=0.047522 valid_micro_fmax=0.277707
epoch=10 loss=0.036627 valid_micro_fmax=0.260884
epoch=11 loss=0.030153 valid_micro_fmax=0.254326
epoch=12 loss=0.033088 valid_micro_fmax=0.288240
epoch=13 loss=0.031123 valid_micro_fmax=0.283066
epoch=14 loss=0.025326 valid_micro_fmax=0.238571
epoch=15 loss=0.025715 valid_micro_fmax=0.266508
epoch=16 loss=0.026378 valid_micro_fmax=0.243987
epoch=17 loss=0.025733 valid_micro_fmax=0.269625
epoch=18 loss=0.015319 valid_micro_fmax=0.264102
epoch=19 loss=0.034260 valid_micro_fmax=0.237545
epoch=20 loss=0.096818 valid_micro_fmax=0.185523
Early stopping after 20 epochs (patience=8)
GPU completion: NVIDIA L40S, 25373, 46068, 0
