GPU: NVIDIA L40S
CUDA tensor check: 8.0
Wed Jul 15 20:03:04 2026       
+-----------------------------------------------------------------------------------------+
| NVIDIA-SMI 560.35.03              Driver Version: 560.35.03      CUDA Version: 12.6     |
|-----------------------------------------+------------------------+----------------------+
| GPU  Name                 Persistence-M | Bus-Id          Disp.A | Volatile Uncorr. ECC |
| Fan  Temp   Perf          Pwr:Usage/Cap |           Memory-Usage | GPU-Util  Compute M. |
|                                         |                        |               MIG M. |
|=========================================+========================+======================|
|   0  NVIDIA L40S                    On  |   00000000:B5:00.0 Off |                    0 |
| N/A   51C    P0             46W /  350W |     503MiB /  46068MiB |      0%      Default |
|                                         |                        |                  N/A |
+-----------------------------------------+------------------------+----------------------+
                                                                                         
+-----------------------------------------------------------------------------------------+
| Processes:                                                                              |
|  GPU   GI   CI        PID   Type   Process name                              GPU Memory |
|        ID   ID                                                               Usage      |
|=========================================================================================|
|    0   N/A  N/A   3350029      C   python3                                       494MiB |
+-----------------------------------------------------------------------------------------+
CUDA verified: NVIDIA L40S; tensor dot product=8.0
GPU startup: NVIDIA L40S, 533, 46068, 5
Loaded train=6026, valid=754; reserved test set is not loaded
epoch=1 loss=0.323444 valid_micro_fmax=0.116260
epoch=2 loss=0.248883 valid_micro_fmax=0.142528
epoch=3 loss=0.227561 valid_micro_fmax=0.173743
epoch=4 loss=0.213661 valid_micro_fmax=0.203479
epoch=5 loss=0.204369 valid_micro_fmax=0.218640
epoch=6 loss=0.196021 valid_micro_fmax=0.272908
epoch=7 loss=0.187247 valid_micro_fmax=0.282133
epoch=8 loss=0.179148 valid_micro_fmax=0.287266
epoch=9 loss=0.170328 valid_micro_fmax=0.328259
epoch=10 loss=0.161048 valid_micro_fmax=0.340849
epoch=11 loss=0.151016 valid_micro_fmax=0.350962
epoch=12 loss=0.140427 valid_micro_fmax=0.349911
epoch=13 loss=0.129140 valid_micro_fmax=0.375588
epoch=14 loss=0.117694 valid_micro_fmax=0.394548
epoch=15 loss=0.106011 valid_micro_fmax=0.378999
epoch=16 loss=0.094877 valid_micro_fmax=0.418165
epoch=17 loss=0.084234 valid_micro_fmax=0.422741
epoch=18 loss=0.074604 valid_micro_fmax=0.417523
epoch=19 loss=0.065506 valid_micro_fmax=0.432206
epoch=20 loss=0.058275 valid_micro_fmax=0.433160
epoch=21 loss=0.051676 valid_micro_fmax=0.435754
epoch=22 loss=0.046171 valid_micro_fmax=0.439943
epoch=23 loss=0.039993 valid_micro_fmax=0.444750
epoch=24 loss=0.035786 valid_micro_fmax=0.443880
epoch=25 loss=0.032159 valid_micro_fmax=0.464521
epoch=26 loss=0.028586 valid_micro_fmax=0.456547
epoch=27 loss=0.025862 valid_micro_fmax=0.472232
epoch=28 loss=0.023183 valid_micro_fmax=0.464178
epoch=29 loss=0.021273 valid_micro_fmax=0.442482
epoch=30 loss=0.019430 valid_micro_fmax=0.473310
epoch=31 loss=0.017570 valid_micro_fmax=0.448392
epoch=32 loss=0.016110 valid_micro_fmax=0.458149
epoch=33 loss=0.014658 valid_micro_fmax=0.455774
epoch=34 loss=0.013399 valid_micro_fmax=0.446107
epoch=35 loss=0.012420 valid_micro_fmax=0.467267
epoch=36 loss=0.011706 valid_micro_fmax=0.469134
epoch=37 loss=0.010622 valid_micro_fmax=0.471651
epoch=38 loss=0.009908 valid_micro_fmax=0.454357
Early stopping after 38 epochs (patience=8)
GPU completion: NVIDIA L40S, 32827, 46068, 34
