GPU: NVIDIA L40S
CUDA tensor check: 8.0
Wed Jul 15 15:14:26 2026       
+-----------------------------------------------------------------------------------------+
| NVIDIA-SMI 560.35.03              Driver Version: 560.35.03      CUDA Version: 12.6     |
|-----------------------------------------+------------------------+----------------------+
| GPU  Name                 Persistence-M | Bus-Id          Disp.A | Volatile Uncorr. ECC |
| Fan  Temp   Perf          Pwr:Usage/Cap |           Memory-Usage | GPU-Util  Compute M. |
|                                         |                        |               MIG M. |
|=========================================+========================+======================|
|   0  NVIDIA L40S                    On  |   00000000:B5:00.0 Off |                    0 |
| N/A   40C    P0             41W /  350W |     503MiB /  46068MiB |      5%      Default |
|                                         |                        |                  N/A |
+-----------------------------------------+------------------------+----------------------+
                                                                                         
+-----------------------------------------------------------------------------------------+
| Processes:                                                                              |
|  GPU   GI   CI        PID   Type   Process name                              GPU Memory |
|        ID   ID                                                               Usage      |
|=========================================================================================|
|    0   N/A  N/A     77632      C   python3                                       494MiB |
+-----------------------------------------------------------------------------------------+
CUDA verified: NVIDIA L40S; tensor dot product=8.0
GPU startup: NVIDIA L40S, 533, 46068, 0
Loaded train=6026, valid=754; reserved test set is not loaded
epoch=1 loss=0.895144 valid_micro_fmax=0.069820
epoch=2 loss=0.474356 valid_micro_fmax=0.070852
epoch=3 loss=0.329813 valid_micro_fmax=0.051028
epoch=4 loss=0.249423 valid_micro_fmax=0.107427
epoch=5 loss=0.198761 valid_micro_fmax=0.115027
epoch=6 loss=0.151159 valid_micro_fmax=0.102222
epoch=7 loss=0.132116 valid_micro_fmax=0.101725
epoch=8 loss=0.104697 valid_micro_fmax=0.139089
epoch=9 loss=0.126975 valid_micro_fmax=0.161589
epoch=10 loss=0.123274 valid_micro_fmax=0.151965
epoch=11 loss=0.069352 valid_micro_fmax=0.159321
epoch=12 loss=0.085652 valid_micro_fmax=0.177529
epoch=13 loss=0.070783 valid_micro_fmax=0.153487
epoch=14 loss=0.078172 valid_micro_fmax=0.158728
epoch=15 loss=0.089388 valid_micro_fmax=0.140361
epoch=16 loss=0.071777 valid_micro_fmax=0.176883
epoch=17 loss=0.061102 valid_micro_fmax=0.200685
epoch=18 loss=0.064016 valid_micro_fmax=0.168997
epoch=19 loss=0.068021 valid_micro_fmax=0.199012
epoch=20 loss=0.047932 valid_micro_fmax=0.188846
epoch=21 loss=0.039131 valid_micro_fmax=0.198723
epoch=22 loss=0.041492 valid_micro_fmax=0.209269
epoch=23 loss=0.065832 valid_micro_fmax=0.189774
epoch=24 loss=0.047037 valid_micro_fmax=0.146863
epoch=25 loss=0.068073 valid_micro_fmax=0.193789
epoch=26 loss=0.044260 valid_micro_fmax=0.218551
epoch=27 loss=0.037371 valid_micro_fmax=0.184626
epoch=28 loss=0.036864 valid_micro_fmax=0.194054
epoch=29 loss=0.058900 valid_micro_fmax=0.196081
epoch=30 loss=0.033841 valid_micro_fmax=0.169039
epoch=31 loss=0.045167 valid_micro_fmax=0.195930
epoch=32 loss=0.051798 valid_micro_fmax=0.195373
epoch=33 loss=0.037342 valid_micro_fmax=0.200076
epoch=34 loss=0.040135 valid_micro_fmax=0.203562
epoch=35 loss=0.035264 valid_micro_fmax=0.208592
epoch=36 loss=0.048696 valid_micro_fmax=0.232531
epoch=37 loss=0.033828 valid_micro_fmax=0.209181
epoch=38 loss=0.031584 valid_micro_fmax=0.199822
epoch=39 loss=0.026038 valid_micro_fmax=0.218487
epoch=40 loss=0.023190 valid_micro_fmax=0.229114
epoch=41 loss=0.027762 valid_micro_fmax=0.193689
epoch=42 loss=0.024484 valid_micro_fmax=0.211241
epoch=43 loss=0.027601 valid_micro_fmax=0.185598
epoch=44 loss=0.026512 valid_micro_fmax=0.213295
epoch=45 loss=0.024652 valid_micro_fmax=0.196266
epoch=46 loss=0.040111 valid_micro_fmax=0.159736
Early stopping after 46 epochs (patience=10)
GPU completion: NVIDIA L40S, 29523, 46068, 0
