GPU: NVIDIA L40S
CUDA tensor check: 8.0
Wed Jul 15 14:40:31 2026       
+-----------------------------------------------------------------------------------------+
| NVIDIA-SMI 560.35.03              Driver Version: 560.35.03      CUDA Version: 12.6     |
|-----------------------------------------+------------------------+----------------------+
| GPU  Name                 Persistence-M | Bus-Id          Disp.A | Volatile Uncorr. ECC |
| Fan  Temp   Perf          Pwr:Usage/Cap |           Memory-Usage | GPU-Util  Compute M. |
|                                         |                        |               MIG M. |
|=========================================+========================+======================|
|   0  NVIDIA L40S                    On  |   00000000:0D:00.0 Off |                    0 |
| N/A   34C    P0             37W /  350W |     503MiB /  46068MiB |      0%      Default |
|                                         |                        |                  N/A |
+-----------------------------------------+------------------------+----------------------+
                                                                                         
+-----------------------------------------------------------------------------------------+
| Processes:                                                                              |
|  GPU   GI   CI        PID   Type   Process name                              GPU Memory |
|        ID   ID                                                               Usage      |
|=========================================================================================|
|    0   N/A  N/A   3199394      C   python3                                       494MiB |
+-----------------------------------------------------------------------------------------+
CUDA verified: NVIDIA L40S; tensor dot product=8.0
GPU startup: NVIDIA L40S, 533, 46068, 1
Loaded train=6026, valid=754; reserved test set is not loaded
epoch=1 loss=0.872807 valid_micro_fmax=0.077057
epoch=2 loss=0.426456 valid_micro_fmax=0.086188
epoch=3 loss=0.249135 valid_micro_fmax=0.107655
epoch=4 loss=0.169127 valid_micro_fmax=0.149241
epoch=5 loss=0.148941 valid_micro_fmax=0.154796
epoch=6 loss=0.135954 valid_micro_fmax=0.155176
epoch=7 loss=0.103045 valid_micro_fmax=0.188783
epoch=8 loss=0.071110 valid_micro_fmax=0.248416
epoch=9 loss=0.064749 valid_micro_fmax=0.218901
epoch=10 loss=0.055398 valid_micro_fmax=0.258024
epoch=11 loss=0.053040 valid_micro_fmax=0.216447
epoch=12 loss=0.065950 valid_micro_fmax=0.229103
epoch=13 loss=0.055470 valid_micro_fmax=0.215963
epoch=14 loss=0.041007 valid_micro_fmax=0.280842
epoch=15 loss=0.086330 valid_micro_fmax=0.098469
epoch=16 loss=0.086407 valid_micro_fmax=0.198902
epoch=17 loss=0.066130 valid_micro_fmax=0.213963
epoch=18 loss=0.041677 valid_micro_fmax=0.263197
epoch=19 loss=0.041049 valid_micro_fmax=0.226143
epoch=20 loss=0.044533 valid_micro_fmax=0.243569
epoch=21 loss=0.027188 valid_micro_fmax=0.235930
epoch=22 loss=0.040828 valid_micro_fmax=0.223497
epoch=23 loss=0.027215 valid_micro_fmax=0.246338
epoch=24 loss=0.018727 valid_micro_fmax=0.264516
Early stopping after 24 epochs (patience=10)
GPU completion: NVIDIA L40S, 34605, 46068, 0
