GPU: NVIDIA L40S
CUDA tensor check: 8.0
Wed Jul 15 14:36:30 2026       
+-----------------------------------------------------------------------------------------+
| NVIDIA-SMI 560.35.03              Driver Version: 560.35.03      CUDA Version: 12.6     |
|-----------------------------------------+------------------------+----------------------+
| GPU  Name                 Persistence-M | Bus-Id          Disp.A | Volatile Uncorr. ECC |
| Fan  Temp   Perf          Pwr:Usage/Cap |           Memory-Usage | GPU-Util  Compute M. |
|                                         |                        |               MIG M. |
|=========================================+========================+======================|
|   0  NVIDIA L40S                    On  |   00000000:B5:00.0 Off |                    0 |
| N/A   43C    P0             43W /  350W |     503MiB /  46068MiB |      0%      Default |
|                                         |                        |                  N/A |
+-----------------------------------------+------------------------+----------------------+
                                                                                         
+-----------------------------------------------------------------------------------------+
| Processes:                                                                              |
|  GPU   GI   CI        PID   Type   Process name                              GPU Memory |
|        ID   ID                                                               Usage      |
|=========================================================================================|
|    0   N/A  N/A   4167886      C   python3                                       494MiB |
+-----------------------------------------------------------------------------------------+
CUDA verified: NVIDIA L40S; tensor dot product=8.0
GPU startup: NVIDIA L40S, 533, 46068, 5
Loaded train=6026, valid=754; reserved test set is not loaded
epoch=1 loss=0.843555 valid_micro_fmax=0.351892
epoch=2 loss=0.415373 valid_micro_fmax=0.329138
epoch=3 loss=0.265211 valid_micro_fmax=0.380107
epoch=4 loss=0.178980 valid_micro_fmax=0.385525
epoch=5 loss=0.122166 valid_micro_fmax=0.356687
epoch=6 loss=0.105935 valid_micro_fmax=0.355864
epoch=7 loss=0.102814 valid_micro_fmax=0.379123
epoch=8 loss=0.092100 valid_micro_fmax=0.394222
epoch=9 loss=0.078164 valid_micro_fmax=0.405074
epoch=10 loss=0.073560 valid_micro_fmax=0.382196
epoch=11 loss=0.059676 valid_micro_fmax=0.395637
epoch=12 loss=0.054463 valid_micro_fmax=0.393031
epoch=13 loss=0.051669 valid_micro_fmax=0.413302
epoch=14 loss=0.037343 valid_micro_fmax=0.416927
epoch=15 loss=0.044116 valid_micro_fmax=0.396865
epoch=16 loss=0.050701 valid_micro_fmax=0.374506
epoch=17 loss=0.066199 valid_micro_fmax=0.384488
epoch=18 loss=0.041296 valid_micro_fmax=0.395016
epoch=19 loss=0.039400 valid_micro_fmax=0.416234
epoch=20 loss=0.029703 valid_micro_fmax=0.381064
epoch=21 loss=0.033271 valid_micro_fmax=0.411600
epoch=22 loss=0.026158 valid_micro_fmax=0.449169
epoch=23 loss=0.040242 valid_micro_fmax=0.374538
epoch=24 loss=0.038175 valid_micro_fmax=0.390046
epoch=25 loss=0.043432 valid_micro_fmax=0.422443
epoch=26 loss=0.027789 valid_micro_fmax=0.427825
epoch=27 loss=0.026719 valid_micro_fmax=0.439699
epoch=28 loss=0.020644 valid_micro_fmax=0.444769
epoch=29 loss=0.013412 valid_micro_fmax=0.430049
epoch=30 loss=0.017832 valid_micro_fmax=0.440256
Early stopping after 30 epochs (patience=8)
GPU completion: NVIDIA L40S, 21153, 46068, 0
