GPU: NVIDIA L40S
CUDA tensor check: 8.0
Wed Jul 15 20:25:18 2026       
+-----------------------------------------------------------------------------------------+
| NVIDIA-SMI 560.35.03              Driver Version: 560.35.03      CUDA Version: 12.6     |
|-----------------------------------------+------------------------+----------------------+
| GPU  Name                 Persistence-M | Bus-Id          Disp.A | Volatile Uncorr. ECC |
| Fan  Temp   Perf          Pwr:Usage/Cap |           Memory-Usage | GPU-Util  Compute M. |
|                                         |                        |               MIG M. |
|=========================================+========================+======================|
|   0  NVIDIA L40S                    On  |   00000000:B5:00.0 Off |                    0 |
| N/A   43C    P0             45W /  350W |     503MiB /  46068MiB |      0%      Default |
|                                         |                        |                  N/A |
+-----------------------------------------+------------------------+----------------------+
                                                                                         
+-----------------------------------------------------------------------------------------+
| Processes:                                                                              |
|  GPU   GI   CI        PID   Type   Process name                              GPU Memory |
|        ID   ID                                                               Usage      |
|=========================================================================================|
|    0   N/A  N/A   2543847      C   python3                                       494MiB |
+-----------------------------------------------------------------------------------------+
CUDA verified: NVIDIA L40S; tensor dot product=8.0
GPU startup: NVIDIA L40S, 533, 46068, 0
Loaded train=6026, valid=754; reserved test set is not loaded
epoch=1 loss=0.277723 valid_micro_fmax=0.154858
epoch=2 loss=0.152311 valid_micro_fmax=0.142944
epoch=3 loss=0.086318 valid_micro_fmax=0.173580
epoch=4 loss=0.060410 valid_micro_fmax=0.123033
epoch=5 loss=0.045033 valid_micro_fmax=0.185205
epoch=6 loss=0.031852 valid_micro_fmax=0.241507
epoch=7 loss=0.031655 valid_micro_fmax=0.192277
epoch=8 loss=0.024351 valid_micro_fmax=0.205554
epoch=9 loss=0.019351 valid_micro_fmax=0.245183
epoch=10 loss=0.016846 valid_micro_fmax=0.236502
epoch=11 loss=0.018188 valid_micro_fmax=0.246970
epoch=12 loss=0.015971 valid_micro_fmax=0.241213
epoch=13 loss=0.015169 valid_micro_fmax=0.259742
epoch=14 loss=0.013557 valid_micro_fmax=0.279556
epoch=15 loss=0.012258 valid_micro_fmax=0.294794
epoch=16 loss=0.018322 valid_micro_fmax=0.272980
epoch=17 loss=0.014096 valid_micro_fmax=0.202011
epoch=18 loss=0.015166 valid_micro_fmax=0.225337
epoch=19 loss=0.011097 valid_micro_fmax=0.273523
epoch=20 loss=0.009517 valid_micro_fmax=0.285057
epoch=21 loss=0.010030 valid_micro_fmax=0.276180
epoch=22 loss=0.012104 valid_micro_fmax=0.268396
epoch=23 loss=0.015780 valid_micro_fmax=0.283582
epoch=24 loss=0.023120 valid_micro_fmax=0.249043
epoch=25 loss=0.019777 valid_micro_fmax=0.219454
Early stopping after 25 epochs (patience=10)
GPU completion: NVIDIA L40S, 32841, 46068, 0
