GPU: NVIDIA L40S
CUDA tensor check: 8.0
Wed Jul 15 17:11:49 2026       
+-----------------------------------------------------------------------------------------+
| NVIDIA-SMI 560.35.03              Driver Version: 560.35.03      CUDA Version: 12.6     |
|-----------------------------------------+------------------------+----------------------+
| GPU  Name                 Persistence-M | Bus-Id          Disp.A | Volatile Uncorr. ECC |
| Fan  Temp   Perf          Pwr:Usage/Cap |           Memory-Usage | GPU-Util  Compute M. |
|                                         |                        |               MIG M. |
|=========================================+========================+======================|
|   0  NVIDIA L40S                    On  |   00000000:B5:00.0 Off |                    0 |
| N/A   42C    P0             46W /  350W |     503MiB /  46068MiB |      0%      Default |
|                                         |                        |                  N/A |
+-----------------------------------------+------------------------+----------------------+
                                                                                         
+-----------------------------------------------------------------------------------------+
| Processes:                                                                              |
|  GPU   GI   CI        PID   Type   Process name                              GPU Memory |
|        ID   ID                                                               Usage      |
|=========================================================================================|
|    0   N/A  N/A   2463085      C   python3                                       494MiB |
+-----------------------------------------------------------------------------------------+
CUDA verified: NVIDIA L40S; tensor dot product=8.0
GPU startup: NVIDIA L40S, 533, 46068, 0
Loaded train=6026, valid=754; reserved test set is not loaded
epoch=1 loss=0.892966 valid_micro_fmax=0.133846
epoch=2 loss=0.582115 valid_micro_fmax=0.223134
epoch=3 loss=0.285252 valid_micro_fmax=0.261240
epoch=4 loss=0.135307 valid_micro_fmax=0.282066
epoch=5 loss=0.072242 valid_micro_fmax=0.308884
epoch=6 loss=0.043244 valid_micro_fmax=0.346948
epoch=7 loss=0.032124 valid_micro_fmax=0.337335
epoch=8 loss=0.024634 valid_micro_fmax=0.355486
epoch=9 loss=0.019059 valid_micro_fmax=0.330756
epoch=10 loss=0.016195 valid_micro_fmax=0.352367
epoch=11 loss=0.013954 valid_micro_fmax=0.360434
epoch=12 loss=0.010721 valid_micro_fmax=0.380464
epoch=13 loss=0.195234 valid_micro_fmax=0.152028
epoch=14 loss=0.063705 valid_micro_fmax=0.292408
epoch=15 loss=0.031183 valid_micro_fmax=0.318369
epoch=16 loss=0.021316 valid_micro_fmax=0.318258
epoch=17 loss=0.016829 valid_micro_fmax=0.326314
epoch=18 loss=0.013952 valid_micro_fmax=0.347295
epoch=19 loss=0.010959 valid_micro_fmax=0.341825
epoch=20 loss=0.008981 valid_micro_fmax=0.356661
epoch=21 loss=0.008122 valid_micro_fmax=0.379331
Early stopping after 21 epochs (patience=9)
GPU completion: NVIDIA L40S, 36777, 46068, 0
