GPU: NVIDIA L40S
CUDA tensor check: 8.0
Wed Jul 15 20:28:51 2026       
+-----------------------------------------------------------------------------------------+
| NVIDIA-SMI 560.35.03              Driver Version: 560.35.03      CUDA Version: 12.6     |
|-----------------------------------------+------------------------+----------------------+
| GPU  Name                 Persistence-M | Bus-Id          Disp.A | Volatile Uncorr. ECC |
| Fan  Temp   Perf          Pwr:Usage/Cap |           Memory-Usage | GPU-Util  Compute M. |
|                                         |                        |               MIG M. |
|=========================================+========================+======================|
|   0  NVIDIA L40S                    On  |   00000000:B5:00.0 Off |                    0 |
| N/A   41C    P0             52W /  350W |     503MiB /  46068MiB |      5%      Default |
|                                         |                        |                  N/A |
+-----------------------------------------+------------------------+----------------------+
                                                                                         
+-----------------------------------------------------------------------------------------+
| Processes:                                                                              |
|  GPU   GI   CI        PID   Type   Process name                              GPU Memory |
|        ID   ID                                                               Usage      |
|=========================================================================================|
|    0   N/A  N/A   2546007      C   python3                                       494MiB |
+-----------------------------------------------------------------------------------------+
CUDA verified: NVIDIA L40S; tensor dot product=8.0
GPU startup: NVIDIA L40S, 533, 46068, 1
Loaded train=6026, valid=754; reserved test set is not loaded
epoch=1 loss=0.278570 valid_micro_fmax=0.206291
epoch=2 loss=0.155441 valid_micro_fmax=0.307099
epoch=3 loss=0.083963 valid_micro_fmax=0.382258
epoch=4 loss=0.067059 valid_micro_fmax=0.385402
epoch=5 loss=0.045067 valid_micro_fmax=0.416313
epoch=6 loss=0.036417 valid_micro_fmax=0.440621
epoch=7 loss=0.032346 valid_micro_fmax=0.403151
epoch=8 loss=0.031136 valid_micro_fmax=0.430350
epoch=9 loss=0.025425 valid_micro_fmax=0.431305
epoch=10 loss=0.021848 valid_micro_fmax=0.461626
epoch=11 loss=0.021841 valid_micro_fmax=0.416724
epoch=12 loss=0.022087 valid_micro_fmax=0.412083
epoch=13 loss=0.019048 valid_micro_fmax=0.457724
epoch=14 loss=0.017563 valid_micro_fmax=0.440878
epoch=15 loss=0.019406 valid_micro_fmax=0.405704
epoch=16 loss=0.042661 valid_micro_fmax=0.334031
epoch=17 loss=0.027246 valid_micro_fmax=0.407193
epoch=18 loss=0.017818 valid_micro_fmax=0.418202
epoch=19 loss=0.015834 valid_micro_fmax=0.451511
epoch=20 loss=0.016766 valid_micro_fmax=0.434908
Early stopping after 20 epochs (patience=10)
GPU completion: NVIDIA L40S, 41507, 46068, 49
