GPU: NVIDIA L40S
CUDA tensor check: 8.0
Wed Jul 15 17:35:05 2026       
+-----------------------------------------------------------------------------------------+
| NVIDIA-SMI 560.35.03              Driver Version: 560.35.03      CUDA Version: 12.6     |
|-----------------------------------------+------------------------+----------------------+
| GPU  Name                 Persistence-M | Bus-Id          Disp.A | Volatile Uncorr. ECC |
| Fan  Temp   Perf          Pwr:Usage/Cap |           Memory-Usage | GPU-Util  Compute M. |
|                                         |                        |               MIG M. |
|=========================================+========================+======================|
|   0  NVIDIA L40S                    On  |   00000000:0D:00.0 Off |                    0 |
| N/A   47C    P0             43W /  350W |     503MiB /  46068MiB |      0%      Default |
|                                         |                        |                  N/A |
+-----------------------------------------+------------------------+----------------------+
                                                                                         
+-----------------------------------------------------------------------------------------+
| Processes:                                                                              |
|  GPU   GI   CI        PID   Type   Process name                              GPU Memory |
|        ID   ID                                                               Usage      |
|=========================================================================================|
|    0   N/A  N/A   3271745      C   python3                                       494MiB |
+-----------------------------------------------------------------------------------------+
CUDA verified: NVIDIA L40S; tensor dot product=8.0
GPU startup: NVIDIA L40S, 533, 46068, 0
Loaded train=6026, valid=754; reserved test set is not loaded
epoch=1 loss=1.194398 valid_micro_fmax=0.023516
epoch=2 loss=1.051905 valid_micro_fmax=0.053010
epoch=3 loss=0.968913 valid_micro_fmax=0.069163
epoch=4 loss=0.916030 valid_micro_fmax=0.092832
epoch=5 loss=0.877857 valid_micro_fmax=0.118056
epoch=6 loss=0.848141 valid_micro_fmax=0.125541
epoch=7 loss=0.826709 valid_micro_fmax=0.142857
epoch=8 loss=0.806841 valid_micro_fmax=0.137416
epoch=9 loss=0.790402 valid_micro_fmax=0.148597
epoch=10 loss=0.777242 valid_micro_fmax=0.158328
epoch=11 loss=0.762463 valid_micro_fmax=0.159358
epoch=12 loss=0.749862 valid_micro_fmax=0.171799
epoch=13 loss=0.736323 valid_micro_fmax=0.167489
epoch=14 loss=0.721696 valid_micro_fmax=0.184097
epoch=15 loss=0.710264 valid_micro_fmax=0.183057
epoch=16 loss=0.694391 valid_micro_fmax=0.182785
epoch=17 loss=0.677558 valid_micro_fmax=0.196895
epoch=18 loss=0.664500 valid_micro_fmax=0.205862
epoch=19 loss=0.645831 valid_micro_fmax=0.206282
epoch=20 loss=0.630586 valid_micro_fmax=0.202787
epoch=21 loss=0.613470 valid_micro_fmax=0.224520
epoch=22 loss=0.595643 valid_micro_fmax=0.212065
epoch=23 loss=0.577838 valid_micro_fmax=0.217406
epoch=24 loss=0.559822 valid_micro_fmax=0.218939
epoch=25 loss=0.540888 valid_micro_fmax=0.228057
epoch=26 loss=0.522400 valid_micro_fmax=0.234597
epoch=27 loss=0.504331 valid_micro_fmax=0.239095
epoch=28 loss=0.484168 valid_micro_fmax=0.257788
epoch=29 loss=0.465601 valid_micro_fmax=0.253620
epoch=30 loss=0.446453 valid_micro_fmax=0.257281
epoch=31 loss=0.428780 valid_micro_fmax=0.247573
epoch=32 loss=0.407939 valid_micro_fmax=0.255185
epoch=33 loss=0.388314 valid_micro_fmax=0.263445
epoch=34 loss=0.372893 valid_micro_fmax=0.267034
epoch=35 loss=0.356690 valid_micro_fmax=0.268125
epoch=36 loss=0.336466 valid_micro_fmax=0.282327
epoch=37 loss=0.319263 valid_micro_fmax=0.288689
epoch=38 loss=0.303173 valid_micro_fmax=0.278067
epoch=39 loss=0.284297 valid_micro_fmax=0.278933
epoch=40 loss=0.269186 valid_micro_fmax=0.289895
epoch=41 loss=0.255897 valid_micro_fmax=0.309891
epoch=42 loss=0.240481 valid_micro_fmax=0.315765
epoch=43 loss=0.227472 valid_micro_fmax=0.324374
epoch=44 loss=0.212501 valid_micro_fmax=0.320703
epoch=45 loss=0.202587 valid_micro_fmax=0.318213
epoch=46 loss=0.190331 valid_micro_fmax=0.323819
epoch=47 loss=0.177551 valid_micro_fmax=0.325153
epoch=48 loss=0.168298 valid_micro_fmax=0.326572
epoch=49 loss=0.157592 valid_micro_fmax=0.331224
epoch=50 loss=0.149625 valid_micro_fmax=0.321537
epoch=51 loss=0.140409 valid_micro_fmax=0.326926
epoch=52 loss=0.132868 valid_micro_fmax=0.330483
epoch=53 loss=0.126584 valid_micro_fmax=0.337239
epoch=54 loss=0.117209 valid_micro_fmax=0.333333
epoch=55 loss=0.107950 valid_micro_fmax=0.331616
epoch=56 loss=0.104777 valid_micro_fmax=0.326063
epoch=57 loss=0.096401 valid_micro_fmax=0.342315
epoch=58 loss=0.092734 valid_micro_fmax=0.340512
epoch=59 loss=0.086547 valid_micro_fmax=0.346602
epoch=60 loss=0.081751 valid_micro_fmax=0.339249
epoch=61 loss=0.076314 valid_micro_fmax=0.334101
epoch=62 loss=0.072779 valid_micro_fmax=0.338457
epoch=63 loss=0.069622 valid_micro_fmax=0.348039
epoch=64 loss=0.065426 valid_micro_fmax=0.342079
epoch=65 loss=0.063068 valid_micro_fmax=0.354261
epoch=66 loss=0.059768 valid_micro_fmax=0.343178
epoch=67 loss=0.056625 valid_micro_fmax=0.353507
epoch=68 loss=0.053680 valid_micro_fmax=0.339594
epoch=69 loss=0.051334 valid_micro_fmax=0.339198
epoch=70 loss=0.048904 valid_micro_fmax=0.337174
epoch=71 loss=0.046997 valid_micro_fmax=0.346803
epoch=72 loss=0.043987 valid_micro_fmax=0.342292
epoch=73 loss=0.042409 valid_micro_fmax=0.357133
epoch=74 loss=0.040669 valid_micro_fmax=0.350908
epoch=75 loss=0.039234 valid_micro_fmax=0.346777
epoch=76 loss=0.038404 valid_micro_fmax=0.361418
epoch=77 loss=0.036360 valid_micro_fmax=0.362740
epoch=78 loss=0.035586 valid_micro_fmax=0.355393
epoch=79 loss=0.033842 valid_micro_fmax=0.356210
epoch=80 loss=0.032591 valid_micro_fmax=0.367188
epoch=81 loss=0.032075 valid_micro_fmax=0.364067
epoch=82 loss=0.029973 valid_micro_fmax=0.366500
epoch=83 loss=0.029127 valid_micro_fmax=0.361573
epoch=84 loss=0.027892 valid_micro_fmax=0.367375
epoch=85 loss=0.026990 valid_micro_fmax=0.360248
epoch=86 loss=0.026567 valid_micro_fmax=0.359578
epoch=87 loss=0.025907 valid_micro_fmax=0.358894
epoch=88 loss=0.024644 valid_micro_fmax=0.369177
epoch=89 loss=0.024201 valid_micro_fmax=0.367894
epoch=90 loss=0.023140 valid_micro_fmax=0.362020
epoch=91 loss=0.022999 valid_micro_fmax=0.371814
epoch=92 loss=0.021811 valid_micro_fmax=0.356479
epoch=93 loss=0.021907 valid_micro_fmax=0.373461
epoch=94 loss=0.020872 valid_micro_fmax=0.365860
epoch=95 loss=0.019777 valid_micro_fmax=0.378979
epoch=96 loss=0.019290 valid_micro_fmax=0.384717
epoch=97 loss=0.019525 valid_micro_fmax=0.386049
epoch=98 loss=0.018137 valid_micro_fmax=0.370721
epoch=99 loss=0.018605 valid_micro_fmax=0.377100
epoch=100 loss=0.017377 valid_micro_fmax=0.358626
epoch=101 loss=0.016582 valid_micro_fmax=0.370782
epoch=102 loss=0.016390 valid_micro_fmax=0.373763
epoch=103 loss=0.015859 valid_micro_fmax=0.369345
epoch=104 loss=0.015363 valid_micro_fmax=0.365840
epoch=105 loss=0.015489 valid_micro_fmax=0.382953
epoch=106 loss=0.014942 valid_micro_fmax=0.369325
epoch=107 loss=0.014394 valid_micro_fmax=0.357691
Early stopping after 107 epochs (patience=10)
GPU completion: NVIDIA L40S, 15115, 46068, 0
