GPU: NVIDIA L40S
CUDA tensor check: 8.0
Wed Jul 15 17:55:52 2026       
+-----------------------------------------------------------------------------------------+
| NVIDIA-SMI 560.35.03              Driver Version: 560.35.03      CUDA Version: 12.6     |
|-----------------------------------------+------------------------+----------------------+
| GPU  Name                 Persistence-M | Bus-Id          Disp.A | Volatile Uncorr. ECC |
| Fan  Temp   Perf          Pwr:Usage/Cap |           Memory-Usage | GPU-Util  Compute M. |
|                                         |                        |               MIG M. |
|=========================================+========================+======================|
|   0  NVIDIA L40S                    On  |   00000000:B5:00.0 Off |                    0 |
| N/A   50C    P0             49W /  350W |     503MiB /  46068MiB |      0%      Default |
|                                         |                        |                  N/A |
+-----------------------------------------+------------------------+----------------------+
                                                                                         
+-----------------------------------------------------------------------------------------+
| Processes:                                                                              |
|  GPU   GI   CI        PID   Type   Process name                              GPU Memory |
|        ID   ID                                                               Usage      |
|=========================================================================================|
|    0   N/A  N/A   3047040      C   python3                                       494MiB |
+-----------------------------------------------------------------------------------------+
CUDA verified: NVIDIA L40S; tensor dot product=8.0
GPU startup: NVIDIA L40S, 533, 46068, 5
Loaded train=6026, valid=754; reserved test set is not loaded
epoch=1 loss=1.188246 valid_micro_fmax=0.098267
epoch=2 loss=1.058438 valid_micro_fmax=0.109258
epoch=3 loss=0.983424 valid_micro_fmax=0.124244
epoch=4 loss=0.929370 valid_micro_fmax=0.145669
epoch=5 loss=0.890916 valid_micro_fmax=0.164834
epoch=6 loss=0.865000 valid_micro_fmax=0.180385
epoch=7 loss=0.834442 valid_micro_fmax=0.198099
epoch=8 loss=0.814334 valid_micro_fmax=0.206265
epoch=9 loss=0.795795 valid_micro_fmax=0.230373
epoch=10 loss=0.778853 valid_micro_fmax=0.239201
epoch=11 loss=0.765387 valid_micro_fmax=0.252955
epoch=12 loss=0.753471 valid_micro_fmax=0.258515
epoch=13 loss=0.740871 valid_micro_fmax=0.271139
epoch=14 loss=0.729422 valid_micro_fmax=0.262727
epoch=15 loss=0.719392 valid_micro_fmax=0.264487
epoch=16 loss=0.709911 valid_micro_fmax=0.290023
epoch=17 loss=0.700695 valid_micro_fmax=0.279428
epoch=18 loss=0.690964 valid_micro_fmax=0.288448
epoch=19 loss=0.680805 valid_micro_fmax=0.286072
epoch=20 loss=0.674070 valid_micro_fmax=0.288783
epoch=21 loss=0.665760 valid_micro_fmax=0.287263
epoch=22 loss=0.655933 valid_micro_fmax=0.312701
epoch=23 loss=0.645649 valid_micro_fmax=0.302200
epoch=24 loss=0.636302 valid_micro_fmax=0.306933
epoch=25 loss=0.628976 valid_micro_fmax=0.325351
epoch=26 loss=0.618032 valid_micro_fmax=0.323369
epoch=27 loss=0.608996 valid_micro_fmax=0.318629
epoch=28 loss=0.598617 valid_micro_fmax=0.326598
epoch=29 loss=0.588159 valid_micro_fmax=0.318641
epoch=30 loss=0.578288 valid_micro_fmax=0.333586
epoch=31 loss=0.568092 valid_micro_fmax=0.329451
epoch=32 loss=0.557809 valid_micro_fmax=0.328102
epoch=33 loss=0.545196 valid_micro_fmax=0.339194
epoch=34 loss=0.535375 valid_micro_fmax=0.325200
epoch=35 loss=0.524408 valid_micro_fmax=0.347880
epoch=36 loss=0.513254 valid_micro_fmax=0.338218
epoch=37 loss=0.500685 valid_micro_fmax=0.362682
epoch=38 loss=0.490166 valid_micro_fmax=0.363179
epoch=39 loss=0.478554 valid_micro_fmax=0.356229
epoch=40 loss=0.465549 valid_micro_fmax=0.357735
epoch=41 loss=0.453342 valid_micro_fmax=0.361660
epoch=42 loss=0.441731 valid_micro_fmax=0.352879
epoch=43 loss=0.431205 valid_micro_fmax=0.360724
epoch=44 loss=0.417761 valid_micro_fmax=0.372686
epoch=45 loss=0.405366 valid_micro_fmax=0.384880
epoch=46 loss=0.393406 valid_micro_fmax=0.369327
epoch=47 loss=0.381316 valid_micro_fmax=0.385082
epoch=48 loss=0.367666 valid_micro_fmax=0.367225
epoch=49 loss=0.357140 valid_micro_fmax=0.361980
epoch=50 loss=0.344539 valid_micro_fmax=0.381537
epoch=51 loss=0.332798 valid_micro_fmax=0.390138
epoch=52 loss=0.323532 valid_micro_fmax=0.381299
epoch=53 loss=0.309625 valid_micro_fmax=0.387310
epoch=54 loss=0.297541 valid_micro_fmax=0.391156
epoch=55 loss=0.287821 valid_micro_fmax=0.397561
epoch=56 loss=0.277105 valid_micro_fmax=0.401344
epoch=57 loss=0.267046 valid_micro_fmax=0.394341
epoch=58 loss=0.256282 valid_micro_fmax=0.408647
epoch=59 loss=0.245884 valid_micro_fmax=0.408217
epoch=60 loss=0.236310 valid_micro_fmax=0.414179
epoch=61 loss=0.225251 valid_micro_fmax=0.401150
epoch=62 loss=0.217503 valid_micro_fmax=0.401185
epoch=63 loss=0.208827 valid_micro_fmax=0.394189
epoch=64 loss=0.198952 valid_micro_fmax=0.398638
epoch=65 loss=0.190781 valid_micro_fmax=0.402075
epoch=66 loss=0.183541 valid_micro_fmax=0.407628
epoch=67 loss=0.174365 valid_micro_fmax=0.412620
epoch=68 loss=0.168073 valid_micro_fmax=0.411082
Early stopping after 68 epochs (patience=8)
GPU completion: NVIDIA L40S, 32087, 46068, 60
