GPU: NVIDIA L40S
CUDA tensor check: 8.0
Wed Jul 15 19:35:18 2026       
+-----------------------------------------------------------------------------------------+
| NVIDIA-SMI 560.35.03              Driver Version: 560.35.03      CUDA Version: 12.6     |
|-----------------------------------------+------------------------+----------------------+
| GPU  Name                 Persistence-M | Bus-Id          Disp.A | Volatile Uncorr. ECC |
| Fan  Temp   Perf          Pwr:Usage/Cap |           Memory-Usage | GPU-Util  Compute M. |
|                                         |                        |               MIG M. |
|=========================================+========================+======================|
|   0  NVIDIA L40S                    On  |   00000000:B5:00.0 Off |                    0 |
| N/A   48C    P0             45W /  350W |     503MiB /  46068MiB |      5%      Default |
|                                         |                        |                  N/A |
+-----------------------------------------+------------------------+----------------------+
                                                                                         
+-----------------------------------------------------------------------------------------+
| Processes:                                                                              |
|  GPU   GI   CI        PID   Type   Process name                              GPU Memory |
|        ID   ID                                                               Usage      |
|=========================================================================================|
|    0   N/A  N/A   3282322      C   python3                                       494MiB |
+-----------------------------------------------------------------------------------------+
CUDA verified: NVIDIA L40S; tensor dot product=8.0
GPU startup: NVIDIA L40S, 533, 46068, 1
Loaded train=6026, valid=754; reserved test set is not loaded
epoch=1 loss=0.331010 valid_micro_fmax=0.026116
epoch=2 loss=0.265570 valid_micro_fmax=0.087484
epoch=3 loss=0.243323 valid_micro_fmax=0.108566
epoch=4 loss=0.227621 valid_micro_fmax=0.116414
epoch=5 loss=0.212889 valid_micro_fmax=0.135385
epoch=6 loss=0.195542 valid_micro_fmax=0.148667
epoch=7 loss=0.172970 valid_micro_fmax=0.169047
epoch=8 loss=0.145711 valid_micro_fmax=0.189804
epoch=9 loss=0.116471 valid_micro_fmax=0.208915
epoch=10 loss=0.089184 valid_micro_fmax=0.222576
epoch=11 loss=0.067341 valid_micro_fmax=0.254375
epoch=12 loss=0.051079 valid_micro_fmax=0.290628
epoch=13 loss=0.038576 valid_micro_fmax=0.300023
epoch=14 loss=0.030297 valid_micro_fmax=0.314829
epoch=15 loss=0.023395 valid_micro_fmax=0.331438
epoch=16 loss=0.018537 valid_micro_fmax=0.327983
epoch=17 loss=0.015518 valid_micro_fmax=0.320799
epoch=18 loss=0.013305 valid_micro_fmax=0.337363
epoch=19 loss=0.011106 valid_micro_fmax=0.330633
epoch=20 loss=0.009345 valid_micro_fmax=0.355814
epoch=21 loss=0.008543 valid_micro_fmax=0.343902
epoch=22 loss=0.007185 valid_micro_fmax=0.360925
epoch=23 loss=0.006082 valid_micro_fmax=0.347892
epoch=24 loss=0.005536 valid_micro_fmax=0.351374
epoch=25 loss=0.005808 valid_micro_fmax=0.382936
epoch=26 loss=0.004574 valid_micro_fmax=0.381481
epoch=27 loss=0.004321 valid_micro_fmax=0.385680
epoch=28 loss=0.004074 valid_micro_fmax=0.355899
epoch=29 loss=0.003882 valid_micro_fmax=0.397851
epoch=30 loss=0.003353 valid_micro_fmax=0.395595
epoch=31 loss=0.003207 valid_micro_fmax=0.374512
epoch=32 loss=0.002869 valid_micro_fmax=0.384823
epoch=33 loss=0.002797 valid_micro_fmax=0.383021
epoch=34 loss=0.002639 valid_micro_fmax=0.360336
epoch=35 loss=0.002340 valid_micro_fmax=0.389123
epoch=36 loss=0.002096 valid_micro_fmax=0.382057
epoch=37 loss=0.001953 valid_micro_fmax=0.374392
epoch=38 loss=0.002004 valid_micro_fmax=0.405032
epoch=39 loss=0.001863 valid_micro_fmax=0.377180
epoch=40 loss=0.001732 valid_micro_fmax=0.393011
epoch=41 loss=0.001709 valid_micro_fmax=0.362311
epoch=42 loss=0.001676 valid_micro_fmax=0.421484
epoch=43 loss=0.001496 valid_micro_fmax=0.390223
epoch=44 loss=0.001456 valid_micro_fmax=0.398216
epoch=45 loss=0.004482 valid_micro_fmax=0.364366
epoch=46 loss=0.002779 valid_micro_fmax=0.348832
epoch=47 loss=0.001756 valid_micro_fmax=0.383247
epoch=48 loss=0.001474 valid_micro_fmax=0.394094
epoch=49 loss=0.001243 valid_micro_fmax=0.371814
epoch=50 loss=0.001321 valid_micro_fmax=0.374428
epoch=51 loss=0.001095 valid_micro_fmax=0.406269
epoch=52 loss=0.001071 valid_micro_fmax=0.387114
Early stopping after 52 epochs (patience=10)
GPU completion: NVIDIA L40S, 34091, 46068, 0
