GPU: NVIDIA L40S
CUDA tensor check: 8.0
Wed Jul 15 16:56:09 2026       
+-----------------------------------------------------------------------------------------+
| NVIDIA-SMI 560.35.03              Driver Version: 560.35.03      CUDA Version: 12.6     |
|-----------------------------------------+------------------------+----------------------+
| GPU  Name                 Persistence-M | Bus-Id          Disp.A | Volatile Uncorr. ECC |
| Fan  Temp   Perf          Pwr:Usage/Cap |           Memory-Usage | GPU-Util  Compute M. |
|                                         |                        |               MIG M. |
|=========================================+========================+======================|
|   0  NVIDIA L40S                    On  |   00000000:0D:00.0 Off |                    0 |
| N/A   47C    P0             41W /  350W |     503MiB /  46068MiB |      1%      Default |
|                                         |                        |                  N/A |
+-----------------------------------------+------------------------+----------------------+
                                                                                         
+-----------------------------------------------------------------------------------------+
| Processes:                                                                              |
|  GPU   GI   CI        PID   Type   Process name                              GPU Memory |
|        ID   ID                                                               Usage      |
|=========================================================================================|
|    0   N/A  N/A   3257640      C   python3                                       494MiB |
+-----------------------------------------------------------------------------------------+
CUDA verified: NVIDIA L40S; tensor dot product=8.0
GPU startup: NVIDIA L40S, 533, 46068, 0
Loaded train=6026, valid=754; reserved test set is not loaded
epoch=1 loss=0.579947 valid_micro_fmax=0.017391
epoch=2 loss=0.476028 valid_micro_fmax=0.047027
epoch=3 loss=0.439157 valid_micro_fmax=0.065567
epoch=4 loss=0.416704 valid_micro_fmax=0.086887
epoch=5 loss=0.399276 valid_micro_fmax=0.105475
epoch=6 loss=0.381648 valid_micro_fmax=0.118901
epoch=7 loss=0.362269 valid_micro_fmax=0.126040
epoch=8 loss=0.339066 valid_micro_fmax=0.144425
epoch=9 loss=0.311468 valid_micro_fmax=0.173031
epoch=10 loss=0.280125 valid_micro_fmax=0.165326
epoch=11 loss=0.245634 valid_micro_fmax=0.160268
epoch=12 loss=0.211571 valid_micro_fmax=0.201499
epoch=13 loss=0.178708 valid_micro_fmax=0.191632
epoch=14 loss=0.149289 valid_micro_fmax=0.216841
epoch=15 loss=0.124949 valid_micro_fmax=0.229685
epoch=16 loss=0.103038 valid_micro_fmax=0.259155
epoch=17 loss=0.085943 valid_micro_fmax=0.258552
epoch=18 loss=0.071376 valid_micro_fmax=0.273308
epoch=19 loss=0.060272 valid_micro_fmax=0.253187
epoch=20 loss=0.051043 valid_micro_fmax=0.260941
epoch=21 loss=0.043938 valid_micro_fmax=0.294242
epoch=22 loss=0.038694 valid_micro_fmax=0.302368
epoch=23 loss=0.034073 valid_micro_fmax=0.292831
epoch=24 loss=0.030003 valid_micro_fmax=0.286642
epoch=25 loss=0.025607 valid_micro_fmax=0.309016
epoch=26 loss=0.022903 valid_micro_fmax=0.325821
epoch=27 loss=0.020537 valid_micro_fmax=0.300087
epoch=28 loss=0.018241 valid_micro_fmax=0.321873
epoch=29 loss=0.015874 valid_micro_fmax=0.306319
epoch=30 loss=0.015253 valid_micro_fmax=0.309111
epoch=31 loss=0.013639 valid_micro_fmax=0.317938
epoch=32 loss=0.012433 valid_micro_fmax=0.335745
epoch=33 loss=0.011907 valid_micro_fmax=0.319814
epoch=34 loss=0.010863 valid_micro_fmax=0.328819
epoch=35 loss=0.009624 valid_micro_fmax=0.320738
epoch=36 loss=0.008455 valid_micro_fmax=0.328456
epoch=37 loss=0.008961 valid_micro_fmax=0.335344
epoch=38 loss=0.009740 valid_micro_fmax=0.337408
epoch=39 loss=0.008843 valid_micro_fmax=0.315863
epoch=40 loss=0.007455 valid_micro_fmax=0.334320
epoch=41 loss=0.006143 valid_micro_fmax=0.321454
epoch=42 loss=0.005844 valid_micro_fmax=0.331701
epoch=43 loss=0.006119 valid_micro_fmax=0.333160
epoch=44 loss=0.005133 valid_micro_fmax=0.317891
epoch=45 loss=0.004507 valid_micro_fmax=0.324908
epoch=46 loss=0.004754 valid_micro_fmax=0.331537
epoch=47 loss=0.006735 valid_micro_fmax=0.314891
epoch=48 loss=0.004809 valid_micro_fmax=0.327267
Early stopping after 48 epochs (patience=10)
GPU completion: NVIDIA L40S, 34625, 46068, 0
