GPU: NVIDIA L40S
CUDA tensor check: 8.0
Wed Jul 15 15:33:20 2026       
+-----------------------------------------------------------------------------------------+
| NVIDIA-SMI 560.35.03              Driver Version: 560.35.03      CUDA Version: 12.6     |
|-----------------------------------------+------------------------+----------------------+
| GPU  Name                 Persistence-M | Bus-Id          Disp.A | Volatile Uncorr. ECC |
| Fan  Temp   Perf          Pwr:Usage/Cap |           Memory-Usage | GPU-Util  Compute M. |
|                                         |                        |               MIG M. |
|=========================================+========================+======================|
|   0  NVIDIA L40S                    On  |   00000000:0D:00.0 Off |                    0 |
| N/A   35C    P0             39W /  350W |     503MiB /  46068MiB |      1%      Default |
|                                         |                        |                  N/A |
+-----------------------------------------+------------------------+----------------------+
                                                                                         
+-----------------------------------------------------------------------------------------+
| Processes:                                                                              |
|  GPU   GI   CI        PID   Type   Process name                              GPU Memory |
|        ID   ID                                                               Usage      |
|=========================================================================================|
|    0   N/A  N/A   2364402      C   python3                                       494MiB |
+-----------------------------------------------------------------------------------------+
CUDA verified: NVIDIA L40S; tensor dot product=8.0
GPU startup: NVIDIA L40S, 533, 46068, 5
Loaded train=6026, valid=754; reserved test set is not loaded
epoch=1 loss=0.269590 valid_micro_fmax=0.165977
epoch=2 loss=0.205048 valid_micro_fmax=0.218302
epoch=3 loss=0.184029 valid_micro_fmax=0.274282
epoch=4 loss=0.166306 valid_micro_fmax=0.312875
epoch=5 loss=0.146283 valid_micro_fmax=0.342266
epoch=6 loss=0.123183 valid_micro_fmax=0.352891
epoch=7 loss=0.099123 valid_micro_fmax=0.395733
epoch=8 loss=0.076770 valid_micro_fmax=0.405641
epoch=9 loss=0.058646 valid_micro_fmax=0.427538
epoch=10 loss=0.043788 valid_micro_fmax=0.424683
epoch=11 loss=0.033030 valid_micro_fmax=0.447508
epoch=12 loss=0.025319 valid_micro_fmax=0.465083
epoch=13 loss=0.020204 valid_micro_fmax=0.470765
epoch=14 loss=0.015714 valid_micro_fmax=0.447062
epoch=15 loss=0.012579 valid_micro_fmax=0.470845
epoch=16 loss=0.010673 valid_micro_fmax=0.442358
epoch=17 loss=0.009261 valid_micro_fmax=0.476800
epoch=18 loss=0.007350 valid_micro_fmax=0.469858
epoch=19 loss=0.005991 valid_micro_fmax=0.464819
epoch=20 loss=0.005413 valid_micro_fmax=0.459139
epoch=21 loss=0.005475 valid_micro_fmax=0.446992
epoch=22 loss=0.004043 valid_micro_fmax=0.476946
epoch=23 loss=0.003384 valid_micro_fmax=0.481972
epoch=24 loss=0.003025 valid_micro_fmax=0.463201
epoch=25 loss=0.002577 valid_micro_fmax=0.465909
epoch=26 loss=0.002289 valid_micro_fmax=0.456266
epoch=27 loss=0.002239 valid_micro_fmax=0.490023
epoch=28 loss=0.002537 valid_micro_fmax=0.471105
epoch=29 loss=0.004011 valid_micro_fmax=0.437253
epoch=30 loss=0.001857 valid_micro_fmax=0.457694
epoch=31 loss=0.001891 valid_micro_fmax=0.466851
epoch=32 loss=0.001427 valid_micro_fmax=0.462075
epoch=33 loss=0.001321 valid_micro_fmax=0.469275
epoch=34 loss=0.001198 valid_micro_fmax=0.457053
epoch=35 loss=0.000949 valid_micro_fmax=0.468142
epoch=36 loss=0.001093 valid_micro_fmax=0.473777
Early stopping after 36 epochs (patience=9)
GPU completion: NVIDIA L40S, 32075, 46068, 33
