GPU: NVIDIA L40S
CUDA tensor check: 8.0
Wed Jul 15 17:46:46 2026       
+-----------------------------------------------------------------------------------------+
| NVIDIA-SMI 560.35.03              Driver Version: 560.35.03      CUDA Version: 12.6     |
|-----------------------------------------+------------------------+----------------------+
| GPU  Name                 Persistence-M | Bus-Id          Disp.A | Volatile Uncorr. ECC |
| Fan  Temp   Perf          Pwr:Usage/Cap |           Memory-Usage | GPU-Util  Compute M. |
|                                         |                        |               MIG M. |
|=========================================+========================+======================|
|   0  NVIDIA L40S                    On  |   00000000:B5:00.0 Off |                    0 |
| N/A   42C    P0             43W /  350W |     503MiB /  46068MiB |      1%      Default |
|                                         |                        |                  N/A |
+-----------------------------------------+------------------------+----------------------+
                                                                                         
+-----------------------------------------------------------------------------------------+
| Processes:                                                                              |
|  GPU   GI   CI        PID   Type   Process name                              GPU Memory |
|        ID   ID                                                               Usage      |
|=========================================================================================|
|    0   N/A  N/A   2477350      C   python3                                       494MiB |
+-----------------------------------------------------------------------------------------+
CUDA verified: NVIDIA L40S; tensor dot product=8.0
GPU startup: NVIDIA L40S, 533, 46068, 5
Loaded train=6026, valid=754; reserved test set is not loaded
epoch=1 loss=0.899429 valid_micro_fmax=0.219369
epoch=2 loss=0.597663 valid_micro_fmax=0.213765
epoch=3 loss=0.324616 valid_micro_fmax=0.272218
epoch=4 loss=0.157527 valid_micro_fmax=0.288256
epoch=5 loss=0.084387 valid_micro_fmax=0.309743
epoch=6 loss=0.051859 valid_micro_fmax=0.344994
epoch=7 loss=0.036054 valid_micro_fmax=0.327584
epoch=8 loss=0.024847 valid_micro_fmax=0.381336
epoch=9 loss=0.019199 valid_micro_fmax=0.380538
epoch=10 loss=0.014900 valid_micro_fmax=0.377663
epoch=11 loss=0.012932 valid_micro_fmax=0.394731
epoch=12 loss=0.010712 valid_micro_fmax=0.386731
epoch=13 loss=0.012335 valid_micro_fmax=0.370668
epoch=14 loss=0.012880 valid_micro_fmax=0.372768
epoch=15 loss=0.030103 valid_micro_fmax=0.367123
epoch=16 loss=0.011686 valid_micro_fmax=0.339657
epoch=17 loss=0.007429 valid_micro_fmax=0.345645
epoch=18 loss=0.005684 valid_micro_fmax=0.357056
epoch=19 loss=0.005337 valid_micro_fmax=0.352320
Early stopping after 19 epochs (patience=8)
GPU completion: NVIDIA L40S, 40535, 46068, 0
