GPU: NVIDIA L40S
CUDA tensor check: 8.0
Wed Jul 15 20:01:31 2026       
+-----------------------------------------------------------------------------------------+
| NVIDIA-SMI 560.35.03              Driver Version: 560.35.03      CUDA Version: 12.6     |
|-----------------------------------------+------------------------+----------------------+
| GPU  Name                 Persistence-M | Bus-Id          Disp.A | Volatile Uncorr. ECC |
| Fan  Temp   Perf          Pwr:Usage/Cap |           Memory-Usage | GPU-Util  Compute M. |
|                                         |                        |               MIG M. |
|=========================================+========================+======================|
|   0  NVIDIA L40S                    On  |   00000000:0D:00.0 Off |                    0 |
| N/A   36C    P0             38W /  350W |     503MiB /  46068MiB |      0%      Default |
|                                         |                        |                  N/A |
+-----------------------------------------+------------------------+----------------------+
                                                                                         
+-----------------------------------------------------------------------------------------+
| Processes:                                                                              |
|  GPU   GI   CI        PID   Type   Process name                              GPU Memory |
|        ID   ID                                                               Usage      |
|=========================================================================================|
|    0   N/A  N/A   3328070      C   python3                                       494MiB |
+-----------------------------------------------------------------------------------------+
CUDA verified: NVIDIA L40S; tensor dot product=8.0
GPU startup: NVIDIA L40S, 533, 46068, 5
Loaded train=6026, valid=754; reserved test set is not loaded
epoch=1 loss=0.361548 valid_micro_fmax=0.012559
epoch=2 loss=0.294012 valid_micro_fmax=0.014019
epoch=3 loss=0.267810 valid_micro_fmax=0.019379
epoch=4 loss=0.251468 valid_micro_fmax=0.024772
epoch=5 loss=0.240937 valid_micro_fmax=0.038962
epoch=6 loss=0.231089 valid_micro_fmax=0.045466
epoch=7 loss=0.222367 valid_micro_fmax=0.055896
epoch=8 loss=0.214987 valid_micro_fmax=0.061709
epoch=9 loss=0.207733 valid_micro_fmax=0.071129
epoch=10 loss=0.200660 valid_micro_fmax=0.087656
epoch=11 loss=0.193504 valid_micro_fmax=0.092612
epoch=12 loss=0.185518 valid_micro_fmax=0.101279
epoch=13 loss=0.177266 valid_micro_fmax=0.107961
epoch=14 loss=0.168054 valid_micro_fmax=0.120386
epoch=15 loss=0.158995 valid_micro_fmax=0.132904
epoch=16 loss=0.149518 valid_micro_fmax=0.127850
epoch=17 loss=0.138792 valid_micro_fmax=0.131920
epoch=18 loss=0.128726 valid_micro_fmax=0.148285
epoch=19 loss=0.118113 valid_micro_fmax=0.136647
epoch=20 loss=0.108649 valid_micro_fmax=0.151833
epoch=21 loss=0.098771 valid_micro_fmax=0.171199
epoch=22 loss=0.090292 valid_micro_fmax=0.172915
epoch=23 loss=0.082682 valid_micro_fmax=0.164279
epoch=24 loss=0.074531 valid_micro_fmax=0.194659
epoch=25 loss=0.067294 valid_micro_fmax=0.195958
epoch=26 loss=0.060432 valid_micro_fmax=0.214932
epoch=27 loss=0.054919 valid_micro_fmax=0.191245
epoch=28 loss=0.049865 valid_micro_fmax=0.196470
epoch=29 loss=0.045280 valid_micro_fmax=0.221973
epoch=30 loss=0.041924 valid_micro_fmax=0.215306
epoch=31 loss=0.037720 valid_micro_fmax=0.205404
epoch=32 loss=0.034345 valid_micro_fmax=0.240564
epoch=33 loss=0.031245 valid_micro_fmax=0.240734
epoch=34 loss=0.029012 valid_micro_fmax=0.244736
epoch=35 loss=0.026523 valid_micro_fmax=0.266436
epoch=36 loss=0.024401 valid_micro_fmax=0.264876
epoch=37 loss=0.022430 valid_micro_fmax=0.254717
epoch=38 loss=0.020876 valid_micro_fmax=0.240063
epoch=39 loss=0.019870 valid_micro_fmax=0.245289
epoch=40 loss=0.018191 valid_micro_fmax=0.246997
epoch=41 loss=0.016888 valid_micro_fmax=0.267481
epoch=42 loss=0.015425 valid_micro_fmax=0.269336
epoch=43 loss=0.014800 valid_micro_fmax=0.276131
epoch=44 loss=0.014028 valid_micro_fmax=0.242693
epoch=45 loss=0.013293 valid_micro_fmax=0.275631
epoch=46 loss=0.012625 valid_micro_fmax=0.279928
epoch=47 loss=0.011551 valid_micro_fmax=0.271446
epoch=48 loss=0.010918 valid_micro_fmax=0.275423
epoch=49 loss=0.010285 valid_micro_fmax=0.268138
epoch=50 loss=0.009860 valid_micro_fmax=0.281507
epoch=51 loss=0.009383 valid_micro_fmax=0.269141
epoch=52 loss=0.008491 valid_micro_fmax=0.262369
epoch=53 loss=0.008273 valid_micro_fmax=0.272629
epoch=54 loss=0.007991 valid_micro_fmax=0.284378
epoch=55 loss=0.007504 valid_micro_fmax=0.271048
epoch=56 loss=0.007850 valid_micro_fmax=0.281829
epoch=57 loss=0.007113 valid_micro_fmax=0.289317
epoch=58 loss=0.006473 valid_micro_fmax=0.289922
epoch=59 loss=0.006020 valid_micro_fmax=0.288989
epoch=60 loss=0.006172 valid_micro_fmax=0.290521
epoch=61 loss=0.005512 valid_micro_fmax=0.279528
epoch=62 loss=0.005354 valid_micro_fmax=0.268594
epoch=63 loss=0.004951 valid_micro_fmax=0.286076
epoch=64 loss=0.005152 valid_micro_fmax=0.262097
epoch=65 loss=0.004840 valid_micro_fmax=0.275276
epoch=66 loss=0.004450 valid_micro_fmax=0.279423
epoch=67 loss=0.004201 valid_micro_fmax=0.291598
epoch=68 loss=0.004257 valid_micro_fmax=0.280204
epoch=69 loss=0.004198 valid_micro_fmax=0.301265
epoch=70 loss=0.004098 valid_micro_fmax=0.302622
epoch=71 loss=0.004410 valid_micro_fmax=0.283888
epoch=72 loss=0.006992 valid_micro_fmax=0.279082
epoch=73 loss=0.003637 valid_micro_fmax=0.275698
epoch=74 loss=0.003529 valid_micro_fmax=0.280107
epoch=75 loss=0.003539 valid_micro_fmax=0.292227
epoch=76 loss=0.003299 valid_micro_fmax=0.302756
epoch=77 loss=0.003004 valid_micro_fmax=0.297271
epoch=78 loss=0.002876 valid_micro_fmax=0.297479
epoch=79 loss=0.003050 valid_micro_fmax=0.304047
epoch=80 loss=0.002694 valid_micro_fmax=0.318241
epoch=81 loss=0.002747 valid_micro_fmax=0.314245
epoch=82 loss=0.003377 valid_micro_fmax=0.303793
epoch=83 loss=0.002899 valid_micro_fmax=0.314124
epoch=84 loss=0.002673 valid_micro_fmax=0.310704
epoch=85 loss=0.004157 valid_micro_fmax=0.307446
epoch=86 loss=0.002430 valid_micro_fmax=0.303836
epoch=87 loss=0.002094 valid_micro_fmax=0.309841
epoch=88 loss=0.002032 valid_micro_fmax=0.305164
Early stopping after 88 epochs (patience=8)
GPU completion: NVIDIA L40S, 27533, 46068, 0
