GPU: NVIDIA L40S
CUDA tensor check: 8.0
Wed Jul 15 16:38:27 2026       
+-----------------------------------------------------------------------------------------+
| NVIDIA-SMI 560.35.03              Driver Version: 560.35.03      CUDA Version: 12.6     |
|-----------------------------------------+------------------------+----------------------+
| GPU  Name                 Persistence-M | Bus-Id          Disp.A | Volatile Uncorr. ECC |
| Fan  Temp   Perf          Pwr:Usage/Cap |           Memory-Usage | GPU-Util  Compute M. |
|                                         |                        |               MIG M. |
|=========================================+========================+======================|
|   0  NVIDIA L40S                    On  |   00000000:B5:00.0 Off |                    0 |
| N/A   36C    P0             40W /  350W |     503MiB /  46068MiB |      5%      Default |
|                                         |                        |                  N/A |
+-----------------------------------------+------------------------+----------------------+
                                                                                         
+-----------------------------------------------------------------------------------------+
| Processes:                                                                              |
|  GPU   GI   CI        PID   Type   Process name                              GPU Memory |
|        ID   ID                                                               Usage      |
|=========================================================================================|
|    0   N/A  N/A    103013      C   python3                                       494MiB |
+-----------------------------------------------------------------------------------------+
CUDA verified: NVIDIA L40S; tensor dot product=8.0
GPU startup: NVIDIA L40S, 533, 46068, 0
Loaded train=6026, valid=754; reserved test set is not loaded
epoch=1 loss=0.719423 valid_micro_fmax=0.094193
epoch=2 loss=0.660774 valid_micro_fmax=0.096000
epoch=3 loss=0.617657 valid_micro_fmax=0.098851
epoch=4 loss=0.593906 valid_micro_fmax=0.100185
epoch=5 loss=0.568053 valid_micro_fmax=0.103760
epoch=6 loss=0.549854 valid_micro_fmax=0.107895
epoch=7 loss=0.534202 valid_micro_fmax=0.113573
epoch=8 loss=0.518778 valid_micro_fmax=0.112302
epoch=9 loss=0.507825 valid_micro_fmax=0.121856
epoch=10 loss=0.498903 valid_micro_fmax=0.125869
epoch=11 loss=0.490871 valid_micro_fmax=0.137079
epoch=12 loss=0.481224 valid_micro_fmax=0.136133
epoch=13 loss=0.474645 valid_micro_fmax=0.143025
epoch=14 loss=0.468226 valid_micro_fmax=0.153855
epoch=15 loss=0.462460 valid_micro_fmax=0.159441
epoch=16 loss=0.455955 valid_micro_fmax=0.155422
epoch=17 loss=0.449784 valid_micro_fmax=0.163073
epoch=18 loss=0.445421 valid_micro_fmax=0.173160
epoch=19 loss=0.454902 valid_micro_fmax=0.172017
epoch=20 loss=0.434864 valid_micro_fmax=0.179140
epoch=21 loss=0.432081 valid_micro_fmax=0.184353
epoch=22 loss=0.427552 valid_micro_fmax=0.181397
epoch=23 loss=0.423334 valid_micro_fmax=0.184156
epoch=24 loss=0.419794 valid_micro_fmax=0.192992
epoch=25 loss=0.414909 valid_micro_fmax=0.202043
epoch=26 loss=0.410026 valid_micro_fmax=0.207425
epoch=27 loss=0.407648 valid_micro_fmax=0.208269
epoch=28 loss=0.403922 valid_micro_fmax=0.219459
epoch=29 loss=0.401314 valid_micro_fmax=0.201307
epoch=30 loss=0.397640 valid_micro_fmax=0.217579
epoch=31 loss=0.393270 valid_micro_fmax=0.225952
epoch=32 loss=0.391051 valid_micro_fmax=0.231818
epoch=33 loss=0.386948 valid_micro_fmax=0.227722
epoch=34 loss=0.382689 valid_micro_fmax=0.239752
epoch=35 loss=0.379645 valid_micro_fmax=0.245236
epoch=36 loss=0.376518 valid_micro_fmax=0.240889
epoch=37 loss=0.372220 valid_micro_fmax=0.236791
epoch=38 loss=0.370135 valid_micro_fmax=0.239494
epoch=39 loss=0.367907 valid_micro_fmax=0.256309
epoch=40 loss=0.362739 valid_micro_fmax=0.257928
epoch=41 loss=0.359334 valid_micro_fmax=0.257512
epoch=42 loss=0.355897 valid_micro_fmax=0.272847
epoch=43 loss=0.352288 valid_micro_fmax=0.270679
epoch=44 loss=0.349298 valid_micro_fmax=0.266467
epoch=45 loss=0.343512 valid_micro_fmax=0.276517
epoch=46 loss=0.341971 valid_micro_fmax=0.275708
epoch=47 loss=0.337824 valid_micro_fmax=0.282801
epoch=48 loss=0.334742 valid_micro_fmax=0.275817
epoch=49 loss=0.330503 valid_micro_fmax=0.277121
epoch=50 loss=0.326399 valid_micro_fmax=0.267734
epoch=51 loss=0.322933 valid_micro_fmax=0.284912
epoch=52 loss=0.318922 valid_micro_fmax=0.293272
epoch=53 loss=0.314382 valid_micro_fmax=0.287201
epoch=54 loss=0.311137 valid_micro_fmax=0.282016
epoch=55 loss=0.308556 valid_micro_fmax=0.287436
epoch=56 loss=0.302919 valid_micro_fmax=0.310988
epoch=57 loss=0.299950 valid_micro_fmax=0.301545
epoch=58 loss=0.293692 valid_micro_fmax=0.308969
epoch=59 loss=0.289668 valid_micro_fmax=0.301004
epoch=60 loss=0.286567 valid_micro_fmax=0.306810
epoch=61 loss=0.282109 valid_micro_fmax=0.307173
epoch=62 loss=0.277503 valid_micro_fmax=0.306077
epoch=63 loss=0.273276 valid_micro_fmax=0.317876
epoch=64 loss=0.269114 valid_micro_fmax=0.335016
epoch=65 loss=0.264182 valid_micro_fmax=0.316542
epoch=66 loss=0.260586 valid_micro_fmax=0.316589
epoch=67 loss=0.257218 valid_micro_fmax=0.340383
epoch=68 loss=0.253575 valid_micro_fmax=0.336248
epoch=69 loss=0.248905 valid_micro_fmax=0.323219
epoch=70 loss=0.243125 valid_micro_fmax=0.327762
epoch=71 loss=0.238759 valid_micro_fmax=0.335325
epoch=72 loss=0.234657 valid_micro_fmax=0.357925
epoch=73 loss=0.230138 valid_micro_fmax=0.361688
epoch=74 loss=0.225717 valid_micro_fmax=0.366950
epoch=75 loss=0.220972 valid_micro_fmax=0.359590
epoch=76 loss=0.216684 valid_micro_fmax=0.374038
epoch=77 loss=0.213285 valid_micro_fmax=0.358015
epoch=78 loss=0.208509 valid_micro_fmax=0.373708
epoch=79 loss=0.204996 valid_micro_fmax=0.388549
epoch=80 loss=0.200272 valid_micro_fmax=0.356648
epoch=81 loss=0.197697 valid_micro_fmax=0.370921
epoch=82 loss=0.192612 valid_micro_fmax=0.377991
epoch=83 loss=0.187143 valid_micro_fmax=0.379650
epoch=84 loss=0.184831 valid_micro_fmax=0.370018
epoch=85 loss=0.182097 valid_micro_fmax=0.383724
epoch=86 loss=0.177026 valid_micro_fmax=0.365859
epoch=87 loss=0.173339 valid_micro_fmax=0.395030
epoch=88 loss=0.169750 valid_micro_fmax=0.392590
epoch=89 loss=0.167684 valid_micro_fmax=0.403769
epoch=90 loss=0.164334 valid_micro_fmax=0.403236
epoch=91 loss=0.158648 valid_micro_fmax=0.403222
epoch=92 loss=0.156000 valid_micro_fmax=0.408792
epoch=93 loss=0.153831 valid_micro_fmax=0.406241
epoch=94 loss=0.149123 valid_micro_fmax=0.396317
epoch=95 loss=0.145723 valid_micro_fmax=0.407078
epoch=96 loss=0.143080 valid_micro_fmax=0.419294
epoch=97 loss=0.139304 valid_micro_fmax=0.422186
epoch=98 loss=0.135935 valid_micro_fmax=0.432290
epoch=99 loss=0.135120 valid_micro_fmax=0.418700
epoch=100 loss=0.131583 valid_micro_fmax=0.419718
epoch=101 loss=0.129387 valid_micro_fmax=0.426069
epoch=102 loss=0.125214 valid_micro_fmax=0.422728
epoch=103 loss=0.124457 valid_micro_fmax=0.431618
epoch=104 loss=0.120430 valid_micro_fmax=0.446228
epoch=105 loss=0.117782 valid_micro_fmax=0.422805
epoch=106 loss=0.116694 valid_micro_fmax=0.436087
epoch=107 loss=0.113777 valid_micro_fmax=0.429204
epoch=108 loss=0.113270 valid_micro_fmax=0.454696
epoch=109 loss=0.109780 valid_micro_fmax=0.451843
epoch=110 loss=0.105349 valid_micro_fmax=0.434832
epoch=111 loss=0.103122 valid_micro_fmax=0.434140
epoch=112 loss=0.102072 valid_micro_fmax=0.446001
epoch=113 loss=0.099382 valid_micro_fmax=0.451994
epoch=114 loss=0.098129 valid_micro_fmax=0.452734
epoch=115 loss=0.095610 valid_micro_fmax=0.452549
epoch=116 loss=0.095336 valid_micro_fmax=0.443928
Early stopping after 116 epochs (patience=8)
GPU completion: NVIDIA L40S, 41513, 46068, 31
