GPU: NVIDIA L40S
CUDA tensor check: 8.0
Wed Jul 15 20:25:49 2026       
+-----------------------------------------------------------------------------------------+
| NVIDIA-SMI 560.35.03              Driver Version: 560.35.03      CUDA Version: 12.6     |
|-----------------------------------------+------------------------+----------------------+
| GPU  Name                 Persistence-M | Bus-Id          Disp.A | Volatile Uncorr. ECC |
| Fan  Temp   Perf          Pwr:Usage/Cap |           Memory-Usage | GPU-Util  Compute M. |
|                                         |                        |               MIG M. |
|=========================================+========================+======================|
|   0  NVIDIA L40S                    On  |   00000000:B5:00.0 Off |                    0 |
| N/A   47C    P0             43W /  350W |     503MiB /  46068MiB |      0%      Default |
|                                         |                        |                  N/A |
+-----------------------------------------+------------------------+----------------------+
                                                                                         
+-----------------------------------------------------------------------------------------+
| Processes:                                                                              |
|  GPU   GI   CI        PID   Type   Process name                              GPU Memory |
|        ID   ID                                                               Usage      |
|=========================================================================================|
|    0   N/A  N/A   3404428      C   python3                                       494MiB |
+-----------------------------------------------------------------------------------------+
CUDA verified: NVIDIA L40S; tensor dot product=8.0
GPU startup: NVIDIA L40S, 533, 46068, 0
Loaded train=6026, valid=754; reserved test set is not loaded
epoch=1 loss=0.291852 valid_micro_fmax=0.063272
epoch=2 loss=0.170761 valid_micro_fmax=0.070710
epoch=3 loss=0.118956 valid_micro_fmax=0.107380
epoch=4 loss=0.082917 valid_micro_fmax=0.075607
epoch=5 loss=0.067607 valid_micro_fmax=0.121708
epoch=6 loss=0.053885 valid_micro_fmax=0.125469
epoch=7 loss=0.044861 valid_micro_fmax=0.119187
epoch=8 loss=0.041681 valid_micro_fmax=0.155085
epoch=9 loss=0.045606 valid_micro_fmax=0.165295
epoch=10 loss=0.032222 valid_micro_fmax=0.168421
epoch=11 loss=0.027936 valid_micro_fmax=0.167812
epoch=12 loss=0.026109 valid_micro_fmax=0.149073
epoch=13 loss=0.038184 valid_micro_fmax=0.188668
epoch=14 loss=0.025495 valid_micro_fmax=0.155892
epoch=15 loss=0.038323 valid_micro_fmax=0.145649
epoch=16 loss=0.028069 valid_micro_fmax=0.140444
epoch=17 loss=0.029616 valid_micro_fmax=0.138476
epoch=18 loss=0.025036 valid_micro_fmax=0.224566
epoch=19 loss=0.023150 valid_micro_fmax=0.194059
epoch=20 loss=0.021446 valid_micro_fmax=0.174609
epoch=21 loss=0.022466 valid_micro_fmax=0.189646
epoch=22 loss=0.038353 valid_micro_fmax=0.169033
epoch=23 loss=0.021466 valid_micro_fmax=0.211066
epoch=24 loss=0.019378 valid_micro_fmax=0.211089
epoch=25 loss=0.019939 valid_micro_fmax=0.201501
epoch=26 loss=0.020845 valid_micro_fmax=0.205485
epoch=27 loss=0.018141 valid_micro_fmax=0.192495
epoch=28 loss=0.014734 valid_micro_fmax=0.214227
Early stopping after 28 epochs (patience=10)
GPU completion: NVIDIA L40S, 35841, 46068, 0
