GPU: NVIDIA L40S
CUDA tensor check: 8.0
Wed Jul 15 16:27:16 2026       
+-----------------------------------------------------------------------------------------+
| NVIDIA-SMI 560.35.03              Driver Version: 560.35.03      CUDA Version: 12.6     |
|-----------------------------------------+------------------------+----------------------+
| GPU  Name                 Persistence-M | Bus-Id          Disp.A | Volatile Uncorr. ECC |
| Fan  Temp   Perf          Pwr:Usage/Cap |           Memory-Usage | GPU-Util  Compute M. |
|                                         |                        |               MIG M. |
|=========================================+========================+======================|
|   0  NVIDIA L40S                    On  |   00000000:0D:00.0 Off |                    0 |
| N/A   50C    P0             43W /  350W |     503MiB /  46068MiB |      0%      Default |
|                                         |                        |                  N/A |
+-----------------------------------------+------------------------+----------------------+
                                                                                         
+-----------------------------------------------------------------------------------------+
| Processes:                                                                              |
|  GPU   GI   CI        PID   Type   Process name                              GPU Memory |
|        ID   ID                                                               Usage      |
|=========================================================================================|
|    0   N/A  N/A   3246927      C   python3                                       494MiB |
+-----------------------------------------------------------------------------------------+
CUDA verified: NVIDIA L40S; tensor dot product=8.0
GPU startup: NVIDIA L40S, 533, 46068, 5
Loaded train=6026, valid=754; reserved test set is not loaded
epoch=1 loss=0.974707 valid_micro_fmax=0.094033
epoch=2 loss=0.574055 valid_micro_fmax=0.182794
epoch=3 loss=0.318749 valid_micro_fmax=0.133920
epoch=4 loss=0.206358 valid_micro_fmax=0.151707
epoch=5 loss=0.157402 valid_micro_fmax=0.204937
epoch=6 loss=0.120785 valid_micro_fmax=0.222823
epoch=7 loss=0.097328 valid_micro_fmax=0.236941
epoch=8 loss=0.088109 valid_micro_fmax=0.249031
epoch=9 loss=0.074871 valid_micro_fmax=0.242369
epoch=10 loss=0.053655 valid_micro_fmax=0.238045
epoch=11 loss=0.051287 valid_micro_fmax=0.234395
epoch=12 loss=0.053833 valid_micro_fmax=0.239895
epoch=13 loss=0.040464 valid_micro_fmax=0.293290
epoch=14 loss=0.046721 valid_micro_fmax=0.261728
epoch=15 loss=0.041625 valid_micro_fmax=0.246556
epoch=16 loss=0.036397 valid_micro_fmax=0.243635
epoch=17 loss=0.043079 valid_micro_fmax=0.291253
epoch=18 loss=0.029351 valid_micro_fmax=0.268247
epoch=19 loss=0.030585 valid_micro_fmax=0.297453
epoch=20 loss=0.033654 valid_micro_fmax=0.283568
epoch=21 loss=0.028386 valid_micro_fmax=0.271141
epoch=22 loss=0.024727 valid_micro_fmax=0.304716
epoch=23 loss=0.034029 valid_micro_fmax=0.299054
epoch=24 loss=0.025283 valid_micro_fmax=0.247106
epoch=25 loss=0.031602 valid_micro_fmax=0.279045
epoch=26 loss=0.034127 valid_micro_fmax=0.290037
epoch=27 loss=0.024802 valid_micro_fmax=0.271454
epoch=28 loss=0.017911 valid_micro_fmax=0.285453
epoch=29 loss=0.015247 valid_micro_fmax=0.293705
epoch=30 loss=0.019991 valid_micro_fmax=0.262635
Early stopping after 30 epochs (patience=8)
GPU completion: NVIDIA L40S, 42313, 46068, 0
