GPU: NVIDIA L40S
CUDA tensor check: 8.0
Wed Jul 15 16:17:21 2026       
+-----------------------------------------------------------------------------------------+
| NVIDIA-SMI 560.35.03              Driver Version: 560.35.03      CUDA Version: 12.6     |
|-----------------------------------------+------------------------+----------------------+
| GPU  Name                 Persistence-M | Bus-Id          Disp.A | Volatile Uncorr. ECC |
| Fan  Temp   Perf          Pwr:Usage/Cap |           Memory-Usage | GPU-Util  Compute M. |
|                                         |                        |               MIG M. |
|=========================================+========================+======================|
|   0  NVIDIA L40S                    On  |   00000000:B5:00.0 Off |                    0 |
| N/A   44C    P0             40W /  350W |     503MiB /  46068MiB |      0%      Default |
|                                         |                        |                  N/A |
+-----------------------------------------+------------------------+----------------------+
                                                                                         
+-----------------------------------------------------------------------------------------+
| Processes:                                                                              |
|  GPU   GI   CI        PID   Type   Process name                              GPU Memory |
|        ID   ID                                                               Usage      |
|=========================================================================================|
|    0   N/A  N/A     19707      C   python3                                       494MiB |
+-----------------------------------------------------------------------------------------+
CUDA verified: NVIDIA L40S; tensor dot product=8.0
GPU startup: NVIDIA L40S, 533, 46068, 5
Loaded train=6026, valid=754; reserved test set is not loaded
epoch=1 loss=0.383804 valid_micro_fmax=0.334412
epoch=2 loss=0.149608 valid_micro_fmax=0.369645
epoch=3 loss=0.083164 valid_micro_fmax=0.420760
epoch=4 loss=0.059207 valid_micro_fmax=0.415418
epoch=5 loss=0.044830 valid_micro_fmax=0.440776
epoch=6 loss=0.037603 valid_micro_fmax=0.403057
epoch=7 loss=0.033642 valid_micro_fmax=0.400279
epoch=8 loss=0.029941 valid_micro_fmax=0.430769
epoch=9 loss=0.023693 valid_micro_fmax=0.455569
epoch=10 loss=0.019152 valid_micro_fmax=0.431662
epoch=11 loss=0.016565 valid_micro_fmax=0.436365
epoch=12 loss=0.015176 valid_micro_fmax=0.440380
epoch=13 loss=0.015296 valid_micro_fmax=0.450803
epoch=14 loss=0.024072 valid_micro_fmax=0.452099
epoch=15 loss=0.016910 valid_micro_fmax=0.434528
epoch=16 loss=0.012748 valid_micro_fmax=0.460201
epoch=17 loss=0.009998 valid_micro_fmax=0.441694
epoch=18 loss=0.012727 valid_micro_fmax=0.452352
epoch=19 loss=0.013893 valid_micro_fmax=0.443192
epoch=20 loss=0.019049 valid_micro_fmax=0.432360
epoch=21 loss=0.016370 valid_micro_fmax=0.450860
epoch=22 loss=0.011062 valid_micro_fmax=0.448265
epoch=23 loss=0.009176 valid_micro_fmax=0.437573
epoch=24 loss=0.009670 valid_micro_fmax=0.456026
epoch=25 loss=0.008586 valid_micro_fmax=0.454750
Early stopping after 25 epochs (patience=9)
GPU completion: NVIDIA L40S, 20395, 46068, 27
