GPU: NVIDIA L40S
CUDA tensor check: 8.0
Wed Jul 15 19:26:11 2026       
+-----------------------------------------------------------------------------------------+
| NVIDIA-SMI 560.35.03              Driver Version: 560.35.03      CUDA Version: 12.6     |
|-----------------------------------------+------------------------+----------------------+
| GPU  Name                 Persistence-M | Bus-Id          Disp.A | Volatile Uncorr. ECC |
| Fan  Temp   Perf          Pwr:Usage/Cap |           Memory-Usage | GPU-Util  Compute M. |
|                                         |                        |               MIG M. |
|=========================================+========================+======================|
|   0  NVIDIA L40S                    On  |   00000000:B5:00.0 Off |                    0 |
| N/A   45C    P0             41W /  350W |     503MiB /  46068MiB |      0%      Default |
|                                         |                        |                  N/A |
+-----------------------------------------+------------------------+----------------------+
                                                                                         
+-----------------------------------------------------------------------------------------+
| Processes:                                                                              |
|  GPU   GI   CI        PID   Type   Process name                              GPU Memory |
|        ID   ID                                                               Usage      |
|=========================================================================================|
|    0   N/A  N/A   3268178      C   python3                                       494MiB |
+-----------------------------------------------------------------------------------------+
CUDA verified: NVIDIA L40S; tensor dot product=8.0
GPU startup: NVIDIA L40S, 533, 46068, 0
Loaded train=6026, valid=754; reserved test set is not loaded
epoch=1 loss=0.892656 valid_micro_fmax=0.288887
epoch=2 loss=0.690972 valid_micro_fmax=0.307129
epoch=3 loss=0.548563 valid_micro_fmax=0.334999
epoch=4 loss=0.364713 valid_micro_fmax=0.418183
epoch=5 loss=0.216750 valid_micro_fmax=0.435186
epoch=6 loss=0.135941 valid_micro_fmax=0.441333
epoch=7 loss=0.087695 valid_micro_fmax=0.452251
epoch=8 loss=0.064152 valid_micro_fmax=0.464808
epoch=9 loss=0.051672 valid_micro_fmax=0.478541
epoch=10 loss=0.038256 valid_micro_fmax=0.457389
epoch=11 loss=0.028784 valid_micro_fmax=0.454499
epoch=12 loss=0.094430 valid_micro_fmax=0.360003
epoch=13 loss=0.114107 valid_micro_fmax=0.390604
epoch=14 loss=0.048685 valid_micro_fmax=0.455742
epoch=15 loss=0.033700 valid_micro_fmax=0.460317
epoch=16 loss=0.023289 valid_micro_fmax=0.480462
epoch=17 loss=0.018598 valid_micro_fmax=0.465914
epoch=18 loss=0.016479 valid_micro_fmax=0.464697
epoch=19 loss=0.015072 valid_micro_fmax=0.464069
epoch=20 loss=0.011537 valid_micro_fmax=0.465228
epoch=21 loss=0.011191 valid_micro_fmax=0.446715
epoch=22 loss=0.010645 valid_micro_fmax=0.446755
epoch=23 loss=0.011086 valid_micro_fmax=0.464235
epoch=24 loss=0.023063 valid_micro_fmax=0.461965
epoch=25 loss=0.013860 valid_micro_fmax=0.455494
Early stopping after 25 epochs (patience=9)
GPU completion: NVIDIA L40S, 29977, 46068, 85
