Starting Input Modality Ablation on mgh3
Array Task ID: 2
Running for ontology: cellular_component
Running only for: cellular_component
=========================================
  Input Modality Ablation (Hybrid_JK)
=========================================
Output Directory: runs_ablation_input
  [✓] Found Tuned Params: LR=0.0005 | Dropout=0.2 | BatchSize=16
=========================================
------------------------------------------------------
  Run 1 / 9 | cellular_component | modality=seq_only | s42
------------------------------------------------------
Using device: cuda
Loading datasets from preprocessing/data/split_files/datasets.pkl for cellular_component...
Alpha weights not found. Using default FocalLoss (alpha=0.25, gamma=4.0).
Epoch 001 | Loss: 0.0078 | Val MiFmax: 0.3752 | Val MaFmax: 0.2728 | Val Smin: 10.4709
  --> New best model saved!
Epoch 002 | Loss: 0.0016 | Val MiFmax: 0.3665 | Val MaFmax: 0.3738 | Val Smin: 10.3635
  --> New best model saved!
Epoch 003 | Loss: 0.0011 | Val MiFmax: 0.5183 | Val MaFmax: 0.5091 | Val Smin: 8.5624
  --> New best model saved!
Epoch 004 | Loss: 0.0008 | Val MiFmax: 0.5246 | Val MaFmax: 0.5560 | Val Smin: 8.3140
  --> New best model saved!
Epoch 005 | Loss: 0.0006 | Val MiFmax: 0.5686 | Val MaFmax: 0.5730 | Val Smin: 7.7817
  --> New best model saved!
Epoch 006 | Loss: 0.0004 | Val MiFmax: 0.6383 | Val MaFmax: 0.6394 | Val Smin: 6.5266
  --> New best model saved!
Epoch 007 | Loss: 0.0004 | Val MiFmax: 0.6169 | Val MaFmax: 0.6774 | Val Smin: 6.8951
  --> New best model saved!
Epoch 008 | Loss: 0.0003 | Val MiFmax: 0.6600 | Val MaFmax: 0.6944 | Val Smin: 6.1013
  --> New best model saved!
Epoch 009 | Loss: 0.0003 | Val MiFmax: 0.6744 | Val MaFmax: 0.7071 | Val Smin: 5.8458
  --> New best model saved!
Epoch 010 | Loss: 0.0002 | Val MiFmax: 0.6881 | Val MaFmax: 0.7149 | Val Smin: 5.7291
  --> New best model saved!
Epoch 011 | Loss: 0.0002 | Val MiFmax: 0.6710 | Val MaFmax: 0.7003 | Val Smin: 5.9890
Epoch 012 | Loss: 0.0002 | Val MiFmax: 0.6745 | Val MaFmax: 0.7024 | Val Smin: 5.8483
Epoch 013 | Loss: 0.0002 | Val MiFmax: 0.6532 | Val MaFmax: 0.6438 | Val Smin: 6.3627
Epoch 014 | Loss: 0.0002 | Val MiFmax: 0.6784 | Val MaFmax: 0.7110 | Val Smin: 5.9925
Epoch 015 | Loss: 0.0002 | Val MiFmax: 0.6804 | Val MaFmax: 0.7174 | Val Smin: 5.8223
  --> New best model saved!
Epoch 016 | Loss: 0.0002 | Val MiFmax: 0.6955 | Val MaFmax: 0.7186 | Val Smin: 5.5654
  --> New best model saved!
Epoch 017 | Loss: 0.0001 | Val MiFmax: 0.7016 | Val MaFmax: 0.7042 | Val Smin: 5.4970
Epoch 018 | Loss: 0.0001 | Val MiFmax: 0.6927 | Val MaFmax: 0.7105 | Val Smin: 5.6495
Epoch 019 | Loss: 0.0001 | Val MiFmax: 0.6781 | Val MaFmax: 0.6986 | Val Smin: 5.8629
Epoch 020 | Loss: 0.0001 | Val MiFmax: 0.6884 | Val MaFmax: 0.7092 | Val Smin: 5.7346
Epoch 021 | Loss: 0.0001 | Val MiFmax: 0.7016 | Val MaFmax: 0.6982 | Val Smin: 5.4419
Epoch 022 | Loss: 0.0001 | Val MiFmax: 0.6818 | Val MaFmax: 0.6997 | Val Smin: 5.8208
Epoch 023 | Loss: 0.0001 | Val MiFmax: 0.7104 | Val MaFmax: 0.7145 | Val Smin: 5.3129
Epoch 024 | Loss: 0.0001 | Val MiFmax: 0.7121 | Val MaFmax: 0.7158 | Val Smin: 5.2578
Epoch 025 | Loss: 0.0001 | Val MiFmax: 0.7204 | Val MaFmax: 0.7204 | Val Smin: 5.1143
  --> New best model saved!
Epoch 026 | Loss: 0.0001 | Val MiFmax: 0.7188 | Val MaFmax: 0.7169 | Val Smin: 5.1931
Epoch 027 | Loss: 0.0001 | Val MiFmax: 0.7132 | Val MaFmax: 0.7195 | Val Smin: 5.2758
Epoch 028 | Loss: 0.0001 | Val MiFmax: 0.7211 | Val MaFmax: 0.7179 | Val Smin: 5.1458
Epoch 029 | Loss: 0.0001 | Val MiFmax: 0.7250 | Val MaFmax: 0.7195 | Val Smin: 5.0950
Epoch 030 | Loss: 0.0001 | Val MiFmax: 0.7087 | Val MaFmax: 0.6956 | Val Smin: 5.3874
Epoch 031 | Loss: 0.0001 | Val MiFmax: 0.7113 | Val MaFmax: 0.7065 | Val Smin: 5.3764
Epoch 032 | Loss: 0.0000 | Val MiFmax: 0.7162 | Val MaFmax: 0.7082 | Val Smin: 5.2338
Epoch 033 | Loss: 0.0000 | Val MiFmax: 0.7173 | Val MaFmax: 0.7092 | Val Smin: 5.3129
Epoch 034 | Loss: 0.0000 | Val MiFmax: 0.7159 | Val MaFmax: 0.7084 | Val Smin: 5.2989
Epoch 035 | Loss: 0.0000 | Val MiFmax: 0.7028 | Val MaFmax: 0.7105 | Val Smin: 5.4709
Epoch 036 | Loss: 0.0000 | Val MiFmax: 0.7098 | Val MaFmax: 0.7109 | Val Smin: 5.3218
Epoch 037 | Loss: 0.0000 | Val MiFmax: 0.7164 | Val MaFmax: 0.7163 | Val Smin: 5.3056
Epoch 038 | Loss: 0.0000 | Val MiFmax: 0.7072 | Val MaFmax: 0.7096 | Val Smin: 5.4023
Epoch 039 | Loss: 0.0000 | Val MiFmax: 0.7117 | Val MaFmax: 0.7064 | Val Smin: 5.3335
Epoch 040 | Loss: 0.0000 | Val MiFmax: 0.7094 | Val MaFmax: 0.6993 | Val Smin: 5.3481
Early stopping triggered after 40 epochs.
Training finished. Evaluating on Test Set...

--- TEST METRICS ---
Micro_Fmax: 0.5842
Macro_Fmax: 0.6311
Macro_AUROC: 0.9084
Micro_AUROC: 0.9035
Macro_AUPRC: 0.5660
Micro_AUPRC: 0.5847
Smin: 9.4805
------------------------------------------------------
  Run 2 / 9 | cellular_component | modality=seq_only | s123
------------------------------------------------------
Using device: cuda
Loading datasets from preprocessing/data/split_files/datasets.pkl for cellular_component...
Alpha weights not found. Using default FocalLoss (alpha=0.25, gamma=4.0).
Epoch 001 | Loss: 0.0079 | Val MiFmax: 0.3977 | Val MaFmax: 0.2820 | Val Smin: 10.3874
  --> New best model saved!
Epoch 002 | Loss: 0.0015 | Val MiFmax: 0.5045 | Val MaFmax: 0.4173 | Val Smin: 8.6280
  --> New best model saved!
Epoch 003 | Loss: 0.0008 | Val MiFmax: 0.5424 | Val MaFmax: 0.5251 | Val Smin: 8.1425
  --> New best model saved!
Epoch 004 | Loss: 0.0006 | Val MiFmax: 0.5847 | Val MaFmax: 0.5528 | Val Smin: 7.6293
  --> New best model saved!
Epoch 005 | Loss: 0.0005 | Val MiFmax: 0.6233 | Val MaFmax: 0.6021 | Val Smin: 6.9411
  --> New best model saved!
Epoch 006 | Loss: 0.0004 | Val MiFmax: 0.6233 | Val MaFmax: 0.6058 | Val Smin: 6.8130
  --> New best model saved!
Epoch 007 | Loss: 0.0004 | Val MiFmax: 0.6366 | Val MaFmax: 0.6505 | Val Smin: 6.5673
  --> New best model saved!
Epoch 008 | Loss: 0.0003 | Val MiFmax: 0.6474 | Val MaFmax: 0.6630 | Val Smin: 6.3076
  --> New best model saved!
Epoch 009 | Loss: 0.0003 | Val MiFmax: 0.6218 | Val MaFmax: 0.6243 | Val Smin: 6.8370
Epoch 010 | Loss: 0.0003 | Val MiFmax: 0.6601 | Val MaFmax: 0.6563 | Val Smin: 6.1551
Epoch 011 | Loss: 0.0002 | Val MiFmax: 0.6394 | Val MaFmax: 0.6735 | Val Smin: 6.4248
  --> New best model saved!
Epoch 012 | Loss: 0.0002 | Val MiFmax: 0.6686 | Val MaFmax: 0.6637 | Val Smin: 6.1480
Epoch 013 | Loss: 0.0002 | Val MiFmax: 0.6609 | Val MaFmax: 0.6527 | Val Smin: 6.2867
Epoch 014 | Loss: 0.0002 | Val MiFmax: 0.6427 | Val MaFmax: 0.6571 | Val Smin: 6.5279
Epoch 015 | Loss: 0.0002 | Val MiFmax: 0.6737 | Val MaFmax: 0.6826 | Val Smin: 6.0271
  --> New best model saved!
Epoch 016 | Loss: 0.0002 | Val MiFmax: 0.6775 | Val MaFmax: 0.6767 | Val Smin: 5.7707
Epoch 017 | Loss: 0.0002 | Val MiFmax: 0.6795 | Val MaFmax: 0.6672 | Val Smin: 5.9028
Epoch 018 | Loss: 0.0002 | Val MiFmax: 0.6813 | Val MaFmax: 0.6792 | Val Smin: 5.7974
Epoch 019 | Loss: 0.0001 | Val MiFmax: 0.6493 | Val MaFmax: 0.6594 | Val Smin: 6.3446
Epoch 020 | Loss: 0.0002 | Val MiFmax: 0.6855 | Val MaFmax: 0.6752 | Val Smin: 5.7214
Epoch 021 | Loss: 0.0001 | Val MiFmax: 0.6758 | Val MaFmax: 0.6774 | Val Smin: 5.8083
Epoch 022 | Loss: 0.0001 | Val MiFmax: 0.7148 | Val MaFmax: 0.6900 | Val Smin: 5.2575
  --> New best model saved!
Epoch 023 | Loss: 0.0001 | Val MiFmax: 0.7116 | Val MaFmax: 0.7006 | Val Smin: 5.2510
  --> New best model saved!
Epoch 024 | Loss: 0.0001 | Val MiFmax: 0.7098 | Val MaFmax: 0.6936 | Val Smin: 5.3525
Epoch 025 | Loss: 0.0001 | Val MiFmax: 0.7078 | Val MaFmax: 0.6979 | Val Smin: 5.3499
Epoch 026 | Loss: 0.0001 | Val MiFmax: 0.7131 | Val MaFmax: 0.6991 | Val Smin: 5.2356
Epoch 027 | Loss: 0.0001 | Val MiFmax: 0.6833 | Val MaFmax: 0.7014 | Val Smin: 5.7131
  --> New best model saved!
Epoch 028 | Loss: 0.0001 | Val MiFmax: 0.7161 | Val MaFmax: 0.6905 | Val Smin: 5.2569
Epoch 029 | Loss: 0.0001 | Val MiFmax: 0.7069 | Val MaFmax: 0.7015 | Val Smin: 5.3598
  --> New best model saved!
Epoch 030 | Loss: 0.0001 | Val MiFmax: 0.7012 | Val MaFmax: 0.7021 | Val Smin: 5.4557
  --> New best model saved!
Epoch 031 | Loss: 0.0001 | Val MiFmax: 0.7162 | Val MaFmax: 0.7025 | Val Smin: 5.1948
  --> New best model saved!
Epoch 032 | Loss: 0.0001 | Val MiFmax: 0.7119 | Val MaFmax: 0.7040 | Val Smin: 5.2903
  --> New best model saved!
Epoch 033 | Loss: 0.0001 | Val MiFmax: 0.7067 | Val MaFmax: 0.6939 | Val Smin: 5.3700
Epoch 034 | Loss: 0.0001 | Val MiFmax: 0.7074 | Val MaFmax: 0.6962 | Val Smin: 5.3539
Epoch 035 | Loss: 0.0001 | Val MiFmax: 0.7107 | Val MaFmax: 0.6972 | Val Smin: 5.2733
Epoch 036 | Loss: 0.0001 | Val MiFmax: 0.7204 | Val MaFmax: 0.7056 | Val Smin: 5.1129
  --> New best model saved!
Epoch 037 | Loss: 0.0001 | Val MiFmax: 0.7101 | Val MaFmax: 0.6930 | Val Smin: 5.3701
Epoch 038 | Loss: 0.0001 | Val MiFmax: 0.7009 | Val MaFmax: 0.6831 | Val Smin: 5.4961
Epoch 039 | Loss: 0.0001 | Val MiFmax: 0.7114 | Val MaFmax: 0.6927 | Val Smin: 5.3224
Epoch 040 | Loss: 0.0001 | Val MiFmax: 0.7081 | Val MaFmax: 0.6933 | Val Smin: 5.3251
Epoch 041 | Loss: 0.0001 | Val MiFmax: 0.6857 | Val MaFmax: 0.6791 | Val Smin: 5.6762
Epoch 042 | Loss: 0.0001 | Val MiFmax: 0.7032 | Val MaFmax: 0.7028 | Val Smin: 5.4051
Epoch 043 | Loss: 0.0000 | Val MiFmax: 0.7031 | Val MaFmax: 0.6963 | Val Smin: 5.4463
Epoch 044 | Loss: 0.0000 | Val MiFmax: 0.7018 | Val MaFmax: 0.6937 | Val Smin: 5.4069
Epoch 045 | Loss: 0.0000 | Val MiFmax: 0.6913 | Val MaFmax: 0.7035 | Val Smin: 5.5389
Epoch 046 | Loss: 0.0000 | Val MiFmax: 0.7037 | Val MaFmax: 0.7016 | Val Smin: 5.4036
Epoch 047 | Loss: 0.0000 | Val MiFmax: 0.7051 | Val MaFmax: 0.7038 | Val Smin: 5.3541
Epoch 048 | Loss: 0.0000 | Val MiFmax: 0.7023 | Val MaFmax: 0.6992 | Val Smin: 5.4031
Epoch 049 | Loss: 0.0000 | Val MiFmax: 0.6994 | Val MaFmax: 0.7012 | Val Smin: 5.4611
Epoch 050 | Loss: 0.0000 | Val MiFmax: 0.7032 | Val MaFmax: 0.7016 | Val Smin: 5.4153
Epoch 051 | Loss: 0.0000 | Val MiFmax: 0.7054 | Val MaFmax: 0.7028 | Val Smin: 5.3777
Early stopping triggered after 51 epochs.
Training finished. Evaluating on Test Set...

--- TEST METRICS ---
Micro_Fmax: 0.6317
Macro_Fmax: 0.6499
Macro_AUROC: 0.9095
Micro_AUROC: 0.9088
Macro_AUPRC: 0.5914
Micro_AUPRC: 0.6460
Smin: 8.6661
------------------------------------------------------
  Run 3 / 9 | cellular_component | modality=seq_only | s456
------------------------------------------------------
Using device: cuda
Loading datasets from preprocessing/data/split_files/datasets.pkl for cellular_component...
Alpha weights not found. Using default FocalLoss (alpha=0.25, gamma=4.0).
Epoch 001 | Loss: 0.0076 | Val MiFmax: 0.4326 | Val MaFmax: 0.3344 | Val Smin: 9.6237
  --> New best model saved!
Epoch 002 | Loss: 0.0013 | Val MiFmax: 0.5318 | Val MaFmax: 0.4736 | Val Smin: 8.3973
  --> New best model saved!
Epoch 003 | Loss: 0.0008 | Val MiFmax: 0.5462 | Val MaFmax: 0.5270 | Val Smin: 8.1229
  --> New best model saved!
Epoch 004 | Loss: 0.0006 | Val MiFmax: 0.5437 | Val MaFmax: 0.4555 | Val Smin: 8.4085
Epoch 005 | Loss: 0.0005 | Val MiFmax: 0.6102 | Val MaFmax: 0.5817 | Val Smin: 7.0976
  --> New best model saved!
Epoch 006 | Loss: 0.0004 | Val MiFmax: 0.6338 | Val MaFmax: 0.6030 | Val Smin: 6.7409
  --> New best model saved!
Epoch 007 | Loss: 0.0003 | Val MiFmax: 0.6639 | Val MaFmax: 0.6493 | Val Smin: 6.1773
  --> New best model saved!
Epoch 008 | Loss: 0.0003 | Val MiFmax: 0.6533 | Val MaFmax: 0.6544 | Val Smin: 6.4087
  --> New best model saved!
Epoch 009 | Loss: 0.0002 | Val MiFmax: 0.6584 | Val MaFmax: 0.6886 | Val Smin: 6.2026
  --> New best model saved!
Epoch 010 | Loss: 0.0002 | Val MiFmax: 0.6901 | Val MaFmax: 0.6556 | Val Smin: 5.8051
Epoch 011 | Loss: 0.0002 | Val MiFmax: 0.6672 | Val MaFmax: 0.6583 | Val Smin: 6.1607
Epoch 012 | Loss: 0.0002 | Val MiFmax: 0.6839 | Val MaFmax: 0.6753 | Val Smin: 5.8699
Epoch 013 | Loss: 0.0002 | Val MiFmax: 0.6986 | Val MaFmax: 0.6619 | Val Smin: 5.6142
Epoch 014 | Loss: 0.0002 | Val MiFmax: 0.7068 | Val MaFmax: 0.6913 | Val Smin: 5.4721
  --> New best model saved!
Epoch 015 | Loss: 0.0002 | Val MiFmax: 0.7002 | Val MaFmax: 0.6726 | Val Smin: 5.5108
Epoch 016 | Loss: 0.0001 | Val MiFmax: 0.7047 | Val MaFmax: 0.6704 | Val Smin: 5.4674
Epoch 017 | Loss: 0.0002 | Val MiFmax: 0.6761 | Val MaFmax: 0.6587 | Val Smin: 6.0742
Epoch 018 | Loss: 0.0002 | Val MiFmax: 0.7001 | Val MaFmax: 0.6770 | Val Smin: 5.6320
Epoch 019 | Loss: 0.0002 | Val MiFmax: 0.7040 | Val MaFmax: 0.6797 | Val Smin: 5.5028
Epoch 020 | Loss: 0.0002 | Val MiFmax: 0.6944 | Val MaFmax: 0.6702 | Val Smin: 5.7309
Epoch 021 | Loss: 0.0001 | Val MiFmax: 0.7084 | Val MaFmax: 0.6795 | Val Smin: 5.4625
Epoch 022 | Loss: 0.0001 | Val MiFmax: 0.7106 | Val MaFmax: 0.6805 | Val Smin: 5.4007
Epoch 023 | Loss: 0.0001 | Val MiFmax: 0.6961 | Val MaFmax: 0.6759 | Val Smin: 5.6002
Epoch 024 | Loss: 0.0001 | Val MiFmax: 0.7044 | Val MaFmax: 0.6788 | Val Smin: 5.4826
Epoch 025 | Loss: 0.0001 | Val MiFmax: 0.7072 | Val MaFmax: 0.6809 | Val Smin: 5.4802
Epoch 026 | Loss: 0.0001 | Val MiFmax: 0.7116 | Val MaFmax: 0.6815 | Val Smin: 5.4012
Epoch 027 | Loss: 0.0001 | Val MiFmax: 0.7117 | Val MaFmax: 0.6831 | Val Smin: 5.3794
Epoch 028 | Loss: 0.0001 | Val MiFmax: 0.7098 | Val MaFmax: 0.6886 | Val Smin: 5.4066
Epoch 029 | Loss: 0.0001 | Val MiFmax: 0.7031 | Val MaFmax: 0.6897 | Val Smin: 5.5478
Early stopping triggered after 29 epochs.
Training finished. Evaluating on Test Set...

--- TEST METRICS ---
Micro_Fmax: 0.6083
Macro_Fmax: 0.6404
Macro_AUROC: 0.9158
Micro_AUROC: 0.9138
Macro_AUPRC: 0.5711
Micro_AUPRC: 0.5704
Smin: 9.1516
------------------------------------------------------
  Run 4 / 9 | cellular_component | modality=struct_only | s42
------------------------------------------------------
Using device: cuda

[RESUME] Found successfully completed run in runs_ablation_input/cc_Hybrid_JK_Focal_lr0.0005_dp0.2_bs16_s42_seq_only.
[RESUME] Skipping training to save compute!

------------------------------------------------------
  Run 5 / 9 | cellular_component | modality=struct_only | s123
------------------------------------------------------
Using device: cuda

[RESUME] Found successfully completed run in runs_ablation_input/cc_Hybrid_JK_Focal_lr0.0005_dp0.2_bs16_s123_seq_only.
[RESUME] Skipping training to save compute!

------------------------------------------------------
  Run 6 / 9 | cellular_component | modality=struct_only | s456
------------------------------------------------------
Using device: cuda

[RESUME] Found successfully completed run in runs_ablation_input/cc_Hybrid_JK_Focal_lr0.0005_dp0.2_bs16_s456_seq_only.
[RESUME] Skipping training to save compute!

------------------------------------------------------
  Run 7 / 9 | cellular_component | modality=full | s42
------------------------------------------------------
Using device: cuda

[RESUME] Found successfully completed run in runs_ablation_input/cc_Hybrid_JK_Focal_lr0.0005_dp0.2_bs16_s42_seq_only.
[RESUME] Skipping training to save compute!

------------------------------------------------------
  Run 8 / 9 | cellular_component | modality=full | s123
------------------------------------------------------
Using device: cuda

[RESUME] Found successfully completed run in runs_ablation_input/cc_Hybrid_JK_Focal_lr0.0005_dp0.2_bs16_s123_seq_only.
[RESUME] Skipping training to save compute!

------------------------------------------------------
  Run 9 / 9 | cellular_component | modality=full | s456
------------------------------------------------------
Using device: cuda

[RESUME] Found successfully completed run in runs_ablation_input/cc_Hybrid_JK_Focal_lr0.0005_dp0.2_bs16_s456_seq_only.
[RESUME] Skipping training to save compute!

Completed: 9 / 9
