Starting Input Modality Ablation on mlg2
Array Task ID: 0
Running for ontology: biological_process
Running only for: biological_process
=========================================
  Input Modality Ablation (Hybrid_JK)
=========================================
Output Directory: runs_ablation_input
  [✓] Found Tuned Params: LR=0.0005 | Dropout=0.4 | BatchSize=32
=========================================
------------------------------------------------------
  Run 1 / 9 | biological_process | modality=seq_only | s42
------------------------------------------------------
Using device: cuda

[RESUME] Found successfully completed run in runs_ablation_input/bp_Hybrid_JK_Focal_lr0.0005_dp0.4_bs32_s42_seq_only.
[RESUME] Skipping training to save compute!

------------------------------------------------------
  Run 2 / 9 | biological_process | modality=seq_only | s123
------------------------------------------------------
Using device: cuda

[RESUME] Found successfully completed run in runs_ablation_input/bp_Hybrid_JK_Focal_lr0.0005_dp0.4_bs32_s123_seq_only.
[RESUME] Skipping training to save compute!

------------------------------------------------------
  Run 3 / 9 | biological_process | modality=seq_only | s456
------------------------------------------------------
Using device: cuda

[RESUME] Found successfully completed run in runs_ablation_input/bp_Hybrid_JK_Focal_lr0.0005_dp0.4_bs32_s456_seq_only.
[RESUME] Skipping training to save compute!

------------------------------------------------------
  Run 4 / 9 | biological_process | modality=struct_only | s42
------------------------------------------------------
Using device: cuda
Loading datasets from preprocessing/data/split_files/datasets.pkl for biological_process...
Alpha weights not found. Using default FocalLoss (alpha=0.25, gamma=4.0).
Epoch 001 | Loss: 0.0097 | Val MiFmax: 0.0365 | Val MaFmax: 0.0385 | Val Smin: 4777.6636
  --> New best model saved!
Epoch 002 | Loss: 0.0020 | Val MiFmax: 0.0365 | Val MaFmax: 0.0384 | Val Smin: 4825.6279
Epoch 003 | Loss: 0.0018 | Val MiFmax: 0.0365 | Val MaFmax: 0.0384 | Val Smin: 4817.0318
Epoch 004 | Loss: 0.0018 | Val MiFmax: 0.0365 | Val MaFmax: 0.0387 | Val Smin: 4736.4000
  --> New best model saved!
Epoch 005 | Loss: 0.0018 | Val MiFmax: 0.0365 | Val MaFmax: 0.0388 | Val Smin: 4064.5997
  --> New best model saved!
Epoch 006 | Loss: 0.0018 | Val MiFmax: 0.0365 | Val MaFmax: 0.0384 | Val Smin: 4829.6102
Epoch 007 | Loss: 0.0018 | Val MiFmax: 0.0365 | Val MaFmax: 0.0384 | Val Smin: 4845.1372
Epoch 008 | Loss: 0.0017 | Val MiFmax: 0.0365 | Val MaFmax: 0.0384 | Val Smin: 4842.5696
Epoch 009 | Loss: 0.0017 | Val MiFmax: 0.0365 | Val MaFmax: 0.0384 | Val Smin: 4845.1372
Epoch 010 | Loss: 0.0017 | Val MiFmax: 0.0365 | Val MaFmax: 0.0384 | Val Smin: 4778.0056
Epoch 011 | Loss: 0.0017 | Val MiFmax: 0.0365 | Val MaFmax: 0.0384 | Val Smin: 69.3700
Epoch 012 | Loss: 0.0017 | Val MiFmax: 0.0365 | Val MaFmax: 0.0386 | Val Smin: 4784.0316
Epoch 013 | Loss: 0.0017 | Val MiFmax: 0.0365 | Val MaFmax: 0.0387 | Val Smin: 4549.8331
Epoch 014 | Loss: 0.0017 | Val MiFmax: 0.0380 | Val MaFmax: 0.0390 | Val Smin: 3302.4942
  --> New best model saved!
Epoch 015 | Loss: 0.0017 | Val MiFmax: 0.0365 | Val MaFmax: 0.0384 | Val Smin: 4845.1372
Epoch 016 | Loss: 0.0017 | Val MiFmax: 0.0365 | Val MaFmax: 0.0384 | Val Smin: 4831.5282
Epoch 017 | Loss: 0.0017 | Val MiFmax: 0.0365 | Val MaFmax: 0.0384 | Val Smin: 4815.4806
Epoch 018 | Loss: 0.0017 | Val MiFmax: 0.0365 | Val MaFmax: 0.0386 | Val Smin: 4504.4577
Epoch 019 | Loss: 0.0017 | Val MiFmax: 0.0365 | Val MaFmax: 0.0385 | Val Smin: 4666.6376
Epoch 020 | Loss: 0.0017 | Val MiFmax: 0.0593 | Val MaFmax: 0.0385 | Val Smin: 138.7907
Epoch 021 | Loss: 0.0017 | Val MiFmax: 0.0365 | Val MaFmax: 0.0384 | Val Smin: 4832.7138
Epoch 022 | Loss: 0.0017 | Val MiFmax: 0.0565 | Val MaFmax: 0.0390 | Val Smin: 632.4918
  --> New best model saved!
Epoch 023 | Loss: 0.0017 | Val MiFmax: 0.0365 | Val MaFmax: 0.0387 | Val Smin: 4146.8244
Epoch 024 | Loss: 0.0017 | Val MiFmax: 0.0365 | Val MaFmax: 0.0386 | Val Smin: 4600.8883
Epoch 025 | Loss: 0.0017 | Val MiFmax: 0.0365 | Val MaFmax: 0.0386 | Val Smin: 4566.7159
Epoch 026 | Loss: 0.0017 | Val MiFmax: 0.0365 | Val MaFmax: 0.0385 | Val Smin: 4842.6479
Epoch 027 | Loss: 0.0017 | Val MiFmax: 0.0365 | Val MaFmax: 0.0385 | Val Smin: 4740.8916
Epoch 028 | Loss: 0.0017 | Val MiFmax: 0.0365 | Val MaFmax: 0.0384 | Val Smin: 4550.1094
Epoch 029 | Loss: 0.0017 | Val MiFmax: 0.0365 | Val MaFmax: 0.0389 | Val Smin: 4350.9243
Epoch 030 | Loss: 0.0017 | Val MiFmax: 0.0402 | Val MaFmax: 0.0401 | Val Smin: 3236.4099
  --> New best model saved!
Epoch 031 | Loss: 0.0017 | Val MiFmax: 0.0365 | Val MaFmax: 0.0384 | Val Smin: 4683.8997
Epoch 032 | Loss: 0.0017 | Val MiFmax: 0.0365 | Val MaFmax: 0.0395 | Val Smin: 4075.5941
Epoch 033 | Loss: 0.0017 | Val MiFmax: 0.0365 | Val MaFmax: 0.0386 | Val Smin: 4030.2582
Epoch 034 | Loss: 0.0017 | Val MiFmax: 0.0365 | Val MaFmax: 0.0386 | Val Smin: 4325.2352
Epoch 035 | Loss: 0.0017 | Val MiFmax: 0.0367 | Val MaFmax: 0.0386 | Val Smin: 3910.1212
Epoch 036 | Loss: 0.0017 | Val MiFmax: 0.0365 | Val MaFmax: 0.0385 | Val Smin: 4527.4674
Epoch 037 | Loss: 0.0017 | Val MiFmax: 0.0365 | Val MaFmax: 0.0397 | Val Smin: 4211.2368
Epoch 038 | Loss: 0.0017 | Val MiFmax: 0.0365 | Val MaFmax: 0.0385 | Val Smin: 4262.5316
Epoch 039 | Loss: 0.0017 | Val MiFmax: 0.0385 | Val MaFmax: 0.0401 | Val Smin: 3415.8333
Epoch 040 | Loss: 0.0017 | Val MiFmax: 0.0365 | Val MaFmax: 0.0385 | Val Smin: 4462.0217
Epoch 041 | Loss: 0.0017 | Val MiFmax: 0.0407 | Val MaFmax: 0.0399 | Val Smin: 3281.9579
Epoch 042 | Loss: 0.0017 | Val MiFmax: 0.0365 | Val MaFmax: 0.0385 | Val Smin: 4224.3713
Epoch 043 | Loss: 0.0017 | Val MiFmax: 0.0390 | Val MaFmax: 0.0395 | Val Smin: 3506.9264
Epoch 044 | Loss: 0.0017 | Val MiFmax: 0.0365 | Val MaFmax: 0.0386 | Val Smin: 4247.2423
Epoch 045 | Loss: 0.0017 | Val MiFmax: 0.0365 | Val MaFmax: 0.0384 | Val Smin: 4431.0264
Early stopping triggered after 45 epochs.
Training finished. Evaluating on Test Set...

--- TEST METRICS ---
Micro_Fmax: 0.0416
Macro_Fmax: 0.0421
Macro_AUROC: 0.4943
Micro_AUROC: 0.5061
Macro_AUPRC: 0.4813
Micro_AUPRC: 0.3457
Smin: 3237.4932
------------------------------------------------------
  Run 5 / 9 | biological_process | modality=struct_only | s123
------------------------------------------------------
Using device: cuda
Loading datasets from preprocessing/data/split_files/datasets.pkl for biological_process...
Alpha weights not found. Using default FocalLoss (alpha=0.25, gamma=4.0).
Epoch 001 | Loss: 0.0092 | Val MiFmax: 0.0368 | Val MaFmax: 0.0394 | Val Smin: 2794.5713
  --> New best model saved!
Epoch 002 | Loss: 0.0020 | Val MiFmax: 0.0764 | Val MaFmax: 0.0384 | Val Smin: 80.6713
Epoch 003 | Loss: 0.0018 | Val MiFmax: 0.0626 | Val MaFmax: 0.0384 | Val Smin: 109.5189
Epoch 004 | Loss: 0.0018 | Val MiFmax: 0.0365 | Val MaFmax: 0.0391 | Val Smin: 4350.0880
Epoch 005 | Loss: 0.0018 | Val MiFmax: 0.0939 | Val MaFmax: 0.0385 | Val Smin: 71.5173
Epoch 006 | Loss: 0.0017 | Val MiFmax: 0.0365 | Val MaFmax: 0.0384 | Val Smin: 4735.7736
Epoch 007 | Loss: 0.0017 | Val MiFmax: 0.0365 | Val MaFmax: 0.0384 | Val Smin: 70.6434
Epoch 008 | Loss: 0.0017 | Val MiFmax: 0.0365 | Val MaFmax: 0.0392 | Val Smin: 4483.0285
Epoch 009 | Loss: 0.0017 | Val MiFmax: 0.0595 | Val MaFmax: 0.0397 | Val Smin: 308.3016
  --> New best model saved!
Epoch 010 | Loss: 0.0017 | Val MiFmax: 0.0571 | Val MaFmax: 0.0392 | Val Smin: 592.7141
Epoch 011 | Loss: 0.0017 | Val MiFmax: 0.0604 | Val MaFmax: 0.0385 | Val Smin: 126.8386
Epoch 012 | Loss: 0.0017 | Val MiFmax: 0.0778 | Val MaFmax: 0.0384 | Val Smin: 121.7185
Epoch 013 | Loss: 0.0017 | Val MiFmax: 0.0722 | Val MaFmax: 0.0391 | Val Smin: 272.3479
Epoch 014 | Loss: 0.0017 | Val MiFmax: 0.0365 | Val MaFmax: 0.0385 | Val Smin: 4730.0979
Epoch 015 | Loss: 0.0017 | Val MiFmax: 0.0365 | Val MaFmax: 0.0384 | Val Smin: 4740.1862
Epoch 016 | Loss: 0.0017 | Val MiFmax: 0.0430 | Val MaFmax: 0.0408 | Val Smin: 1788.7543
  --> New best model saved!
Epoch 017 | Loss: 0.0017 | Val MiFmax: 0.0365 | Val MaFmax: 0.0386 | Val Smin: 4665.1828
Epoch 018 | Loss: 0.0017 | Val MiFmax: 0.0428 | Val MaFmax: 0.0397 | Val Smin: 2049.3558
Epoch 019 | Loss: 0.0017 | Val MiFmax: 0.0365 | Val MaFmax: 0.0389 | Val Smin: 4707.7762
Epoch 020 | Loss: 0.0017 | Val MiFmax: 0.0365 | Val MaFmax: 0.0384 | Val Smin: 69.1815
Epoch 021 | Loss: 0.0017 | Val MiFmax: 0.0598 | Val MaFmax: 0.0385 | Val Smin: 326.3898
Epoch 022 | Loss: 0.0017 | Val MiFmax: 0.0403 | Val MaFmax: 0.0403 | Val Smin: 1985.5983
Epoch 023 | Loss: 0.0017 | Val MiFmax: 0.0365 | Val MaFmax: 0.0389 | Val Smin: 4653.5600
Epoch 024 | Loss: 0.0017 | Val MiFmax: 0.0393 | Val MaFmax: 0.0391 | Val Smin: 3057.7232
Epoch 025 | Loss: 0.0017 | Val MiFmax: 0.0365 | Val MaFmax: 0.0384 | Val Smin: 4677.8961
Epoch 026 | Loss: 0.0017 | Val MiFmax: 0.0365 | Val MaFmax: 0.0385 | Val Smin: 4431.3212
Epoch 027 | Loss: 0.0017 | Val MiFmax: 0.0365 | Val MaFmax: 0.0402 | Val Smin: 4020.4054
Epoch 028 | Loss: 0.0017 | Val MiFmax: 0.0365 | Val MaFmax: 0.0385 | Val Smin: 4681.6488
Epoch 029 | Loss: 0.0017 | Val MiFmax: 0.0396 | Val MaFmax: 0.0399 | Val Smin: 3210.0440
Epoch 030 | Loss: 0.0017 | Val MiFmax: 0.0381 | Val MaFmax: 0.0390 | Val Smin: 3595.5816
Epoch 031 | Loss: 0.0017 | Val MiFmax: 0.0389 | Val MaFmax: 0.0389 | Val Smin: 3545.5754
Early stopping triggered after 31 epochs.
Training finished. Evaluating on Test Set...

--- TEST METRICS ---
Micro_Fmax: 0.0418
Macro_Fmax: 0.0429
Macro_AUROC: 0.5008
Micro_AUROC: 0.5109
Macro_AUPRC: 0.4816
Micro_AUPRC: 0.2119
Smin: 1791.5500
------------------------------------------------------
  Run 6 / 9 | biological_process | modality=struct_only | s456
------------------------------------------------------
Using device: cuda
Loading datasets from preprocessing/data/split_files/datasets.pkl for biological_process...
Alpha weights not found. Using default FocalLoss (alpha=0.25, gamma=4.0).
Epoch 001 | Loss: 0.0091 | Val MiFmax: 0.0365 | Val MaFmax: 0.0386 | Val Smin: 4266.3970
  --> New best model saved!
Epoch 002 | Loss: 0.0020 | Val MiFmax: 0.0365 | Val MaFmax: 0.0384 | Val Smin: 4805.2361
Epoch 003 | Loss: 0.0018 | Val MiFmax: 0.0365 | Val MaFmax: 0.0385 | Val Smin: 4786.8609
Epoch 004 | Loss: 0.0018 | Val MiFmax: 0.0747 | Val MaFmax: 0.0384 | Val Smin: 71.7649
Epoch 005 | Loss: 0.0018 | Val MiFmax: 0.0365 | Val MaFmax: 0.0385 | Val Smin: 4275.8530
Epoch 006 | Loss: 0.0018 | Val MiFmax: 0.0365 | Val MaFmax: 0.0384 | Val Smin: 4827.9851
Epoch 007 | Loss: 0.0017 | Val MiFmax: 0.0365 | Val MaFmax: 0.0384 | Val Smin: 4818.2960
Epoch 008 | Loss: 0.0017 | Val MiFmax: 0.0365 | Val MaFmax: 0.0384 | Val Smin: 4794.0556
Epoch 009 | Loss: 0.0017 | Val MiFmax: 0.0365 | Val MaFmax: 0.0386 | Val Smin: 4731.7785
Epoch 010 | Loss: 0.0017 | Val MiFmax: 0.0365 | Val MaFmax: 0.0384 | Val Smin: 4842.5835
Epoch 011 | Loss: 0.0017 | Val MiFmax: 0.0587 | Val MaFmax: 0.0388 | Val Smin: 580.4747
  --> New best model saved!
Epoch 012 | Loss: 0.0017 | Val MiFmax: 0.0365 | Val MaFmax: 0.0384 | Val Smin: 4845.1372
Epoch 013 | Loss: 0.0017 | Val MiFmax: 0.0365 | Val MaFmax: 0.0386 | Val Smin: 4454.7056
Epoch 014 | Loss: 0.0017 | Val MiFmax: 0.0632 | Val MaFmax: 0.0385 | Val Smin: 93.2696
Epoch 015 | Loss: 0.0017 | Val MiFmax: 0.0462 | Val MaFmax: 0.0391 | Val Smin: 2070.7812
  --> New best model saved!
Epoch 016 | Loss: 0.0017 | Val MiFmax: 0.0365 | Val MaFmax: 0.0384 | Val Smin: 69.3700
Epoch 017 | Loss: 0.0017 | Val MiFmax: 0.0365 | Val MaFmax: 0.0384 | Val Smin: 4724.1605
Epoch 018 | Loss: 0.0017 | Val MiFmax: 0.0639 | Val MaFmax: 0.0386 | Val Smin: 786.2332
Epoch 019 | Loss: 0.0017 | Val MiFmax: 0.0605 | Val MaFmax: 0.0387 | Val Smin: 136.0363
Epoch 020 | Loss: 0.0017 | Val MiFmax: 0.0798 | Val MaFmax: 0.0389 | Val Smin: 232.3131
Epoch 021 | Loss: 0.0017 | Val MiFmax: 0.0384 | Val MaFmax: 0.0394 | Val Smin: 2580.8228
  --> New best model saved!
Epoch 022 | Loss: 0.0017 | Val MiFmax: 0.0682 | Val MaFmax: 0.0387 | Val Smin: 585.3720
Epoch 023 | Loss: 0.0017 | Val MiFmax: 0.0365 | Val MaFmax: 0.0384 | Val Smin: 4721.0038
Epoch 024 | Loss: 0.0017 | Val MiFmax: 0.0518 | Val MaFmax: 0.0404 | Val Smin: 1350.5701
  --> New best model saved!
Epoch 025 | Loss: 0.0017 | Val MiFmax: 0.0365 | Val MaFmax: 0.0385 | Val Smin: 4705.4936
Epoch 026 | Loss: 0.0017 | Val MiFmax: 0.0365 | Val MaFmax: 0.0384 | Val Smin: 4589.9718
Epoch 027 | Loss: 0.0017 | Val MiFmax: 0.0365 | Val MaFmax: 0.0384 | Val Smin: 4840.8195
Epoch 028 | Loss: 0.0017 | Val MiFmax: 0.0854 | Val MaFmax: 0.0384 | Val Smin: 71.0813
Epoch 029 | Loss: 0.0017 | Val MiFmax: 0.0479 | Val MaFmax: 0.0392 | Val Smin: 1706.7831
Epoch 030 | Loss: 0.0017 | Val MiFmax: 0.0365 | Val MaFmax: 0.0384 | Val Smin: 4762.3413
Epoch 031 | Loss: 0.0017 | Val MiFmax: 0.0365 | Val MaFmax: 0.0386 | Val Smin: 4520.1379
Epoch 032 | Loss: 0.0017 | Val MiFmax: 0.0365 | Val MaFmax: 0.0386 | Val Smin: 4762.2786
Epoch 033 | Loss: 0.0017 | Val MiFmax: 0.0365 | Val MaFmax: 0.0384 | Val Smin: 4713.6291
Epoch 034 | Loss: 0.0017 | Val MiFmax: 0.0524 | Val MaFmax: 0.0400 | Val Smin: 1259.2235
Epoch 035 | Loss: 0.0017 | Val MiFmax: 0.0365 | Val MaFmax: 0.0384 | Val Smin: 4683.9951
Epoch 036 | Loss: 0.0017 | Val MiFmax: 0.0365 | Val MaFmax: 0.0386 | Val Smin: 4495.2515
Epoch 037 | Loss: 0.0017 | Val MiFmax: 0.0365 | Val MaFmax: 0.0385 | Val Smin: 4648.4680
Epoch 038 | Loss: 0.0017 | Val MiFmax: 0.0408 | Val MaFmax: 0.0392 | Val Smin: 2966.0353
Epoch 039 | Loss: 0.0017 | Val MiFmax: 0.0365 | Val MaFmax: 0.0384 | Val Smin: 4636.3827
Early stopping triggered after 39 epochs.
Training finished. Evaluating on Test Set...

--- TEST METRICS ---
Micro_Fmax: 0.0594
Macro_Fmax: 0.0423
Macro_AUROC: 0.4996
Micro_AUROC: 0.5894
Macro_AUPRC: 0.4792
Micro_AUPRC: 0.2518
Smin: 1346.1520
------------------------------------------------------
  Run 7 / 9 | biological_process | modality=full | s42
------------------------------------------------------
Using device: cuda
Loading datasets from preprocessing/data/split_files/datasets.pkl for biological_process...
Alpha weights not found. Using default FocalLoss (alpha=0.25, gamma=4.0).
Epoch 001 | Loss: 0.0144 | Val MiFmax: 0.0718 | Val MaFmax: 0.1186 | Val Smin: 68.7364
  --> New best model saved!
Epoch 002 | Loss: 0.0049 | Val MiFmax: 0.1752 | Val MaFmax: 0.1384 | Val Smin: 67.6325
  --> New best model saved!
Epoch 003 | Loss: 0.0018 | Val MiFmax: 0.2523 | Val MaFmax: 0.1875 | Val Smin: 63.8232
  --> New best model saved!
Epoch 004 | Loss: 0.0014 | Val MiFmax: 0.3381 | Val MaFmax: 0.2695 | Val Smin: 59.4782
  --> New best model saved!
Epoch 005 | Loss: 0.0011 | Val MiFmax: 0.4003 | Val MaFmax: 0.3516 | Val Smin: 56.0198
  --> New best model saved!
Epoch 006 | Loss: 0.0010 | Val MiFmax: 0.3980 | Val MaFmax: 0.3684 | Val Smin: 54.7755
  --> New best model saved!
Epoch 007 | Loss: 0.0008 | Val MiFmax: 0.4901 | Val MaFmax: 0.4783 | Val Smin: 47.2215
  --> New best model saved!
Epoch 008 | Loss: 0.0007 | Val MiFmax: 0.5292 | Val MaFmax: 0.4997 | Val Smin: 44.3284
  --> New best model saved!
Epoch 009 | Loss: 0.0006 | Val MiFmax: 0.5459 | Val MaFmax: 0.5417 | Val Smin: 42.5364
  --> New best model saved!
Epoch 010 | Loss: 0.0005 | Val MiFmax: 0.5705 | Val MaFmax: 0.5839 | Val Smin: 40.7535
  --> New best model saved!
Epoch 011 | Loss: 0.0005 | Val MiFmax: 0.5921 | Val MaFmax: 0.5899 | Val Smin: 39.4002
  --> New best model saved!
Epoch 012 | Loss: 0.0004 | Val MiFmax: 0.6012 | Val MaFmax: 0.6183 | Val Smin: 38.8331
  --> New best model saved!
Epoch 013 | Loss: 0.0004 | Val MiFmax: 0.6085 | Val MaFmax: 0.6003 | Val Smin: 38.0526
Epoch 014 | Loss: 0.0003 | Val MiFmax: 0.6111 | Val MaFmax: 0.6270 | Val Smin: 37.9531
  --> New best model saved!
Epoch 015 | Loss: 0.0003 | Val MiFmax: 0.6414 | Val MaFmax: 0.6582 | Val Smin: 35.2672
  --> New best model saved!
Epoch 016 | Loss: 0.0003 | Val MiFmax: 0.6149 | Val MaFmax: 0.6391 | Val Smin: 37.3376
Epoch 017 | Loss: 0.0003 | Val MiFmax: 0.6455 | Val MaFmax: 0.6735 | Val Smin: 34.9712
  --> New best model saved!
Epoch 018 | Loss: 0.0002 | Val MiFmax: 0.6396 | Val MaFmax: 0.6676 | Val Smin: 35.0820
Epoch 019 | Loss: 0.0002 | Val MiFmax: 0.6558 | Val MaFmax: 0.6827 | Val Smin: 33.8681
  --> New best model saved!
Epoch 020 | Loss: 0.0002 | Val MiFmax: 0.6663 | Val MaFmax: 0.6839 | Val Smin: 33.0851
  --> New best model saved!
Epoch 021 | Loss: 0.0002 | Val MiFmax: 0.6783 | Val MaFmax: 0.7008 | Val Smin: 32.0104
  --> New best model saved!
Epoch 022 | Loss: 0.0002 | Val MiFmax: 0.6792 | Val MaFmax: 0.6924 | Val Smin: 32.1971
Epoch 023 | Loss: 0.0002 | Val MiFmax: 0.6799 | Val MaFmax: 0.7061 | Val Smin: 31.8210
  --> New best model saved!
Epoch 024 | Loss: 0.0001 | Val MiFmax: 0.6911 | Val MaFmax: 0.7033 | Val Smin: 31.0464
Epoch 025 | Loss: 0.0001 | Val MiFmax: 0.6987 | Val MaFmax: 0.7087 | Val Smin: 29.8739
  --> New best model saved!
Epoch 026 | Loss: 0.0001 | Val MiFmax: 0.6917 | Val MaFmax: 0.7166 | Val Smin: 30.4243
  --> New best model saved!
Epoch 027 | Loss: 0.0001 | Val MiFmax: 0.6899 | Val MaFmax: 0.7091 | Val Smin: 30.8724
Epoch 028 | Loss: 0.0001 | Val MiFmax: 0.6775 | Val MaFmax: 0.7133 | Val Smin: 31.8300
Epoch 029 | Loss: 0.0001 | Val MiFmax: 0.7090 | Val MaFmax: 0.7271 | Val Smin: 29.4376
  --> New best model saved!
Epoch 030 | Loss: 0.0001 | Val MiFmax: 0.6988 | Val MaFmax: 0.7238 | Val Smin: 30.2557
Epoch 031 | Loss: 0.0001 | Val MiFmax: 0.7080 | Val MaFmax: 0.7127 | Val Smin: 29.3290
Epoch 032 | Loss: 0.0001 | Val MiFmax: 0.7078 | Val MaFmax: 0.7160 | Val Smin: 29.3812
Epoch 033 | Loss: 0.0001 | Val MiFmax: 0.7114 | Val MaFmax: 0.7221 | Val Smin: 29.1920
Epoch 034 | Loss: 0.0001 | Val MiFmax: 0.7052 | Val MaFmax: 0.7280 | Val Smin: 29.4385
  --> New best model saved!
Epoch 035 | Loss: 0.0001 | Val MiFmax: 0.6996 | Val MaFmax: 0.7248 | Val Smin: 30.1254
Epoch 036 | Loss: 0.0001 | Val MiFmax: 0.7116 | Val MaFmax: 0.7261 | Val Smin: 29.2171
Epoch 037 | Loss: 0.0001 | Val MiFmax: 0.7103 | Val MaFmax: 0.7294 | Val Smin: 29.0867
  --> New best model saved!
Epoch 038 | Loss: 0.0001 | Val MiFmax: 0.7186 | Val MaFmax: 0.7324 | Val Smin: 28.3811
  --> New best model saved!
Epoch 039 | Loss: 0.0001 | Val MiFmax: 0.7253 | Val MaFmax: 0.7336 | Val Smin: 27.3944
  --> New best model saved!
Epoch 040 | Loss: 0.0001 | Val MiFmax: 0.7363 | Val MaFmax: 0.7407 | Val Smin: 26.2193
  --> New best model saved!
Epoch 041 | Loss: 0.0001 | Val MiFmax: 0.7278 | Val MaFmax: 0.7358 | Val Smin: 27.1058
Epoch 042 | Loss: 0.0001 | Val MiFmax: 0.7130 | Val MaFmax: 0.7258 | Val Smin: 28.5610
Epoch 043 | Loss: 0.0001 | Val MiFmax: 0.7186 | Val MaFmax: 0.7245 | Val Smin: 28.1050
Epoch 044 | Loss: 0.0001 | Val MiFmax: 0.7179 | Val MaFmax: 0.7283 | Val Smin: 28.4410
Epoch 045 | Loss: 0.0001 | Val MiFmax: 0.7305 | Val MaFmax: 0.7465 | Val Smin: 27.1035
  --> New best model saved!
Epoch 046 | Loss: 0.0001 | Val MiFmax: 0.7243 | Val MaFmax: 0.7340 | Val Smin: 27.8804
Epoch 047 | Loss: 0.0001 | Val MiFmax: 0.7307 | Val MaFmax: 0.7381 | Val Smin: 26.8165
Epoch 048 | Loss: 0.0001 | Val MiFmax: 0.7143 | Val MaFmax: 0.7278 | Val Smin: 29.0677
Epoch 049 | Loss: 0.0001 | Val MiFmax: 0.7178 | Val MaFmax: 0.7364 | Val Smin: 28.0822
Epoch 050 | Loss: 0.0001 | Val MiFmax: 0.7156 | Val MaFmax: 0.7153 | Val Smin: 29.1803
Epoch 051 | Loss: 0.0001 | Val MiFmax: 0.7203 | Val MaFmax: 0.7288 | Val Smin: 27.8047
Epoch 052 | Loss: 0.0000 | Val MiFmax: 0.7337 | Val MaFmax: 0.7441 | Val Smin: 27.2843
Epoch 053 | Loss: 0.0000 | Val MiFmax: 0.7305 | Val MaFmax: 0.7424 | Val Smin: 27.4140
Epoch 054 | Loss: 0.0000 | Val MiFmax: 0.7371 | Val MaFmax: 0.7438 | Val Smin: 26.9387
Epoch 055 | Loss: 0.0000 | Val MiFmax: 0.7352 | Val MaFmax: 0.7393 | Val Smin: 27.2077
Epoch 056 | Loss: 0.0000 | Val MiFmax: 0.7382 | Val MaFmax: 0.7471 | Val Smin: 26.8415
  --> New best model saved!
Epoch 057 | Loss: 0.0000 | Val MiFmax: 0.7446 | Val MaFmax: 0.7430 | Val Smin: 26.0491
Epoch 058 | Loss: 0.0000 | Val MiFmax: 0.7354 | Val MaFmax: 0.7388 | Val Smin: 27.3541
Epoch 059 | Loss: 0.0000 | Val MiFmax: 0.7395 | Val MaFmax: 0.7416 | Val Smin: 26.1167
Epoch 060 | Loss: 0.0000 | Val MiFmax: 0.7450 | Val MaFmax: 0.7427 | Val Smin: 25.5245
Epoch 061 | Loss: 0.0000 | Val MiFmax: 0.7458 | Val MaFmax: 0.7447 | Val Smin: 25.5263
Epoch 062 | Loss: 0.0000 | Val MiFmax: 0.7448 | Val MaFmax: 0.7421 | Val Smin: 25.5440
Epoch 063 | Loss: 0.0000 | Val MiFmax: 0.7424 | Val MaFmax: 0.7442 | Val Smin: 25.7900
Epoch 064 | Loss: 0.0000 | Val MiFmax: 0.7464 | Val MaFmax: 0.7447 | Val Smin: 25.4440
Epoch 065 | Loss: 0.0000 | Val MiFmax: 0.7451 | Val MaFmax: 0.7433 | Val Smin: 25.4513
Epoch 066 | Loss: 0.0000 | Val MiFmax: 0.7462 | Val MaFmax: 0.7463 | Val Smin: 25.3443
Epoch 067 | Loss: 0.0000 | Val MiFmax: 0.7475 | Val MaFmax: 0.7481 | Val Smin: 25.2245
  --> New best model saved!
Epoch 068 | Loss: 0.0000 | Val MiFmax: 0.7461 | Val MaFmax: 0.7433 | Val Smin: 25.3707
Epoch 069 | Loss: 0.0000 | Val MiFmax: 0.7438 | Val MaFmax: 0.7442 | Val Smin: 25.4335
Epoch 070 | Loss: 0.0000 | Val MiFmax: 0.7474 | Val MaFmax: 0.7456 | Val Smin: 25.2831
Epoch 071 | Loss: 0.0000 | Val MiFmax: 0.7465 | Val MaFmax: 0.7445 | Val Smin: 25.2460
Epoch 072 | Loss: 0.0000 | Val MiFmax: 0.7443 | Val MaFmax: 0.7446 | Val Smin: 25.7668
Epoch 073 | Loss: 0.0000 | Val MiFmax: 0.7444 | Val MaFmax: 0.7376 | Val Smin: 25.9871
Epoch 074 | Loss: 0.0000 | Val MiFmax: 0.7486 | Val MaFmax: 0.7441 | Val Smin: 25.1334
Epoch 075 | Loss: 0.0000 | Val MiFmax: 0.7478 | Val MaFmax: 0.7432 | Val Smin: 25.2273
Epoch 076 | Loss: 0.0000 | Val MiFmax: 0.7483 | Val MaFmax: 0.7446 | Val Smin: 25.1728
Epoch 077 | Loss: 0.0000 | Val MiFmax: 0.7520 | Val MaFmax: 0.7457 | Val Smin: 24.9826
Epoch 078 | Loss: 0.0000 | Val MiFmax: 0.7464 | Val MaFmax: 0.7451 | Val Smin: 25.3909
Epoch 079 | Loss: 0.0000 | Val MiFmax: 0.7501 | Val MaFmax: 0.7462 | Val Smin: 25.0470
Epoch 080 | Loss: 0.0000 | Val MiFmax: 0.7493 | Val MaFmax: 0.7463 | Val Smin: 25.0850
Epoch 081 | Loss: 0.0000 | Val MiFmax: 0.7487 | Val MaFmax: 0.7460 | Val Smin: 25.3116
Epoch 082 | Loss: 0.0000 | Val MiFmax: 0.7490 | Val MaFmax: 0.7457 | Val Smin: 25.1281
Early stopping triggered after 82 epochs.
Training finished. Evaluating on Test Set...

--- TEST METRICS ---
Micro_Fmax: 0.6766
Macro_Fmax: 0.6699
Macro_AUROC: 0.8488
Micro_AUROC: 0.8540
Macro_AUPRC: 0.6246
Micro_AUPRC: 0.6315
Smin: 34.9574
------------------------------------------------------
  Run 8 / 9 | biological_process | modality=full | s123
------------------------------------------------------
Using device: cuda
Loading datasets from preprocessing/data/split_files/datasets.pkl for biological_process...
Alpha weights not found. Using default FocalLoss (alpha=0.25, gamma=4.0).
Epoch 001 | Loss: 0.0142 | Val MiFmax: 0.0693 | Val MaFmax: 0.1126 | Val Smin: 68.9260
  --> New best model saved!
Epoch 002 | Loss: 0.0046 | Val MiFmax: 0.1973 | Val MaFmax: 0.1574 | Val Smin: 66.8136
  --> New best model saved!
Epoch 003 | Loss: 0.0018 | Val MiFmax: 0.2756 | Val MaFmax: 0.2048 | Val Smin: 62.3339
  --> New best model saved!
Epoch 004 | Loss: 0.0014 | Val MiFmax: 0.3223 | Val MaFmax: 0.2660 | Val Smin: 60.1757
  --> New best model saved!
Epoch 005 | Loss: 0.0011 | Val MiFmax: 0.3650 | Val MaFmax: 0.3477 | Val Smin: 57.4345
  --> New best model saved!
Epoch 006 | Loss: 0.0010 | Val MiFmax: 0.4181 | Val MaFmax: 0.3909 | Val Smin: 54.1718
  --> New best model saved!
Epoch 007 | Loss: 0.0008 | Val MiFmax: 0.4696 | Val MaFmax: 0.4606 | Val Smin: 49.3762
  --> New best model saved!
Epoch 008 | Loss: 0.0007 | Val MiFmax: 0.4914 | Val MaFmax: 0.5071 | Val Smin: 48.0863
  --> New best model saved!
Epoch 009 | Loss: 0.0006 | Val MiFmax: 0.5450 | Val MaFmax: 0.5327 | Val Smin: 42.7830
  --> New best model saved!
Epoch 010 | Loss: 0.0005 | Val MiFmax: 0.5640 | Val MaFmax: 0.5434 | Val Smin: 41.4263
  --> New best model saved!
Epoch 011 | Loss: 0.0005 | Val MiFmax: 0.5974 | Val MaFmax: 0.5876 | Val Smin: 38.7911
  --> New best model saved!
Epoch 012 | Loss: 0.0004 | Val MiFmax: 0.6135 | Val MaFmax: 0.6046 | Val Smin: 37.5575
  --> New best model saved!
Epoch 013 | Loss: 0.0004 | Val MiFmax: 0.5941 | Val MaFmax: 0.6257 | Val Smin: 38.7797
  --> New best model saved!
Epoch 014 | Loss: 0.0003 | Val MiFmax: 0.6259 | Val MaFmax: 0.6360 | Val Smin: 35.9742
  --> New best model saved!
Epoch 015 | Loss: 0.0003 | Val MiFmax: 0.6368 | Val MaFmax: 0.6467 | Val Smin: 35.3885
  --> New best model saved!
Epoch 016 | Loss: 0.0003 | Val MiFmax: 0.6542 | Val MaFmax: 0.6647 | Val Smin: 34.4277
  --> New best model saved!
Epoch 017 | Loss: 0.0003 | Val MiFmax: 0.6550 | Val MaFmax: 0.6607 | Val Smin: 34.0336
Epoch 018 | Loss: 0.0002 | Val MiFmax: 0.6516 | Val MaFmax: 0.6637 | Val Smin: 33.9655
Epoch 019 | Loss: 0.0002 | Val MiFmax: 0.6721 | Val MaFmax: 0.6887 | Val Smin: 32.1046
  --> New best model saved!
Epoch 020 | Loss: 0.0002 | Val MiFmax: 0.6741 | Val MaFmax: 0.6822 | Val Smin: 32.6877
Epoch 021 | Loss: 0.0002 | Val MiFmax: 0.6775 | Val MaFmax: 0.6802 | Val Smin: 31.9564
Epoch 022 | Loss: 0.0002 | Val MiFmax: 0.6819 | Val MaFmax: 0.6883 | Val Smin: 31.5054
Epoch 023 | Loss: 0.0002 | Val MiFmax: 0.6825 | Val MaFmax: 0.6943 | Val Smin: 31.2466
  --> New best model saved!
Epoch 024 | Loss: 0.0002 | Val MiFmax: 0.6878 | Val MaFmax: 0.6934 | Val Smin: 30.7843
Epoch 025 | Loss: 0.0001 | Val MiFmax: 0.7144 | Val MaFmax: 0.7161 | Val Smin: 28.5266
  --> New best model saved!
Epoch 026 | Loss: 0.0001 | Val MiFmax: 0.7018 | Val MaFmax: 0.7079 | Val Smin: 29.5975
Epoch 027 | Loss: 0.0001 | Val MiFmax: 0.7124 | Val MaFmax: 0.7103 | Val Smin: 28.5464
Epoch 028 | Loss: 0.0001 | Val MiFmax: 0.7036 | Val MaFmax: 0.7151 | Val Smin: 29.7400
Epoch 029 | Loss: 0.0001 | Val MiFmax: 0.6929 | Val MaFmax: 0.7087 | Val Smin: 30.4403
Epoch 030 | Loss: 0.0001 | Val MiFmax: 0.7050 | Val MaFmax: 0.7182 | Val Smin: 29.3899
  --> New best model saved!
Epoch 031 | Loss: 0.0001 | Val MiFmax: 0.7115 | Val MaFmax: 0.7218 | Val Smin: 28.8548
  --> New best model saved!
Epoch 032 | Loss: 0.0001 | Val MiFmax: 0.7181 | Val MaFmax: 0.7139 | Val Smin: 28.3745
Epoch 033 | Loss: 0.0001 | Val MiFmax: 0.7140 | Val MaFmax: 0.7123 | Val Smin: 28.6718
Epoch 034 | Loss: 0.0002 | Val MiFmax: 0.6992 | Val MaFmax: 0.7160 | Val Smin: 30.1157
Epoch 035 | Loss: 0.0001 | Val MiFmax: 0.7018 | Val MaFmax: 0.7100 | Val Smin: 29.5784
Epoch 036 | Loss: 0.0001 | Val MiFmax: 0.7226 | Val MaFmax: 0.7212 | Val Smin: 27.9459
Epoch 037 | Loss: 0.0001 | Val MiFmax: 0.7179 | Val MaFmax: 0.7183 | Val Smin: 27.8656
Epoch 038 | Loss: 0.0001 | Val MiFmax: 0.7319 | Val MaFmax: 0.7219 | Val Smin: 26.9421
  --> New best model saved!
Epoch 039 | Loss: 0.0001 | Val MiFmax: 0.7290 | Val MaFmax: 0.7196 | Val Smin: 27.3455
Epoch 040 | Loss: 0.0001 | Val MiFmax: 0.7345 | Val MaFmax: 0.7267 | Val Smin: 26.6747
  --> New best model saved!
Epoch 041 | Loss: 0.0001 | Val MiFmax: 0.7346 | Val MaFmax: 0.7248 | Val Smin: 26.8496
Epoch 042 | Loss: 0.0001 | Val MiFmax: 0.7286 | Val MaFmax: 0.7245 | Val Smin: 27.1810
Epoch 043 | Loss: 0.0000 | Val MiFmax: 0.7323 | Val MaFmax: 0.7233 | Val Smin: 26.9155
Epoch 044 | Loss: 0.0001 | Val MiFmax: 0.7300 | Val MaFmax: 0.7263 | Val Smin: 27.0086
Epoch 045 | Loss: 0.0000 | Val MiFmax: 0.7390 | Val MaFmax: 0.7243 | Val Smin: 26.2915
Epoch 046 | Loss: 0.0000 | Val MiFmax: 0.7354 | Val MaFmax: 0.7235 | Val Smin: 26.5197
Epoch 047 | Loss: 0.0000 | Val MiFmax: 0.7374 | Val MaFmax: 0.7269 | Val Smin: 26.5023
  --> New best model saved!
Epoch 048 | Loss: 0.0000 | Val MiFmax: 0.7384 | Val MaFmax: 0.7273 | Val Smin: 26.5116
  --> New best model saved!
Epoch 049 | Loss: 0.0000 | Val MiFmax: 0.7417 | Val MaFmax: 0.7325 | Val Smin: 26.1234
  --> New best model saved!
Epoch 050 | Loss: 0.0000 | Val MiFmax: 0.7409 | Val MaFmax: 0.7257 | Val Smin: 26.2414
Epoch 051 | Loss: 0.0000 | Val MiFmax: 0.7393 | Val MaFmax: 0.7265 | Val Smin: 26.4508
Epoch 052 | Loss: 0.0000 | Val MiFmax: 0.7412 | Val MaFmax: 0.7302 | Val Smin: 26.0909
Epoch 053 | Loss: 0.0000 | Val MiFmax: 0.7425 | Val MaFmax: 0.7252 | Val Smin: 26.1061
Epoch 054 | Loss: 0.0000 | Val MiFmax: 0.7462 | Val MaFmax: 0.7249 | Val Smin: 25.6074
Epoch 055 | Loss: 0.0000 | Val MiFmax: 0.7473 | Val MaFmax: 0.7286 | Val Smin: 25.6457
Epoch 056 | Loss: 0.0000 | Val MiFmax: 0.7469 | Val MaFmax: 0.7270 | Val Smin: 25.7080
Epoch 057 | Loss: 0.0000 | Val MiFmax: 0.7459 | Val MaFmax: 0.7284 | Val Smin: 25.8005
Epoch 058 | Loss: 0.0000 | Val MiFmax: 0.7468 | Val MaFmax: 0.7301 | Val Smin: 25.6047
Epoch 059 | Loss: 0.0000 | Val MiFmax: 0.7467 | Val MaFmax: 0.7281 | Val Smin: 25.6552
Epoch 060 | Loss: 0.0000 | Val MiFmax: 0.7450 | Val MaFmax: 0.7286 | Val Smin: 25.8142
Epoch 061 | Loss: 0.0000 | Val MiFmax: 0.7445 | Val MaFmax: 0.7269 | Val Smin: 25.7791
Epoch 062 | Loss: 0.0000 | Val MiFmax: 0.7462 | Val MaFmax: 0.7298 | Val Smin: 25.5847
Epoch 063 | Loss: 0.0000 | Val MiFmax: 0.7486 | Val MaFmax: 0.7300 | Val Smin: 25.4280
Epoch 064 | Loss: 0.0000 | Val MiFmax: 0.7479 | Val MaFmax: 0.7323 | Val Smin: 25.4664
Early stopping triggered after 64 epochs.
Training finished. Evaluating on Test Set...

--- TEST METRICS ---
Micro_Fmax: 0.6766
Macro_Fmax: 0.6668
Macro_AUROC: 0.8503
Micro_AUROC: 0.8551
Macro_AUPRC: 0.6191
Micro_AUPRC: 0.6362
Smin: 34.9672
------------------------------------------------------
  Run 9 / 9 | biological_process | modality=full | s456
------------------------------------------------------
Using device: cuda
Loading datasets from preprocessing/data/split_files/datasets.pkl for biological_process...
Alpha weights not found. Using default FocalLoss (alpha=0.25, gamma=4.0).
Epoch 001 | Loss: 0.0145 | Val MiFmax: 0.0605 | Val MaFmax: 0.1188 | Val Smin: 69.3349
  --> New best model saved!
Epoch 002 | Loss: 0.0049 | Val MiFmax: 0.1897 | Val MaFmax: 0.1505 | Val Smin: 67.0726
  --> New best model saved!
Epoch 003 | Loss: 0.0019 | Val MiFmax: 0.2377 | Val MaFmax: 0.1776 | Val Smin: 64.1887
  --> New best model saved!
Epoch 004 | Loss: 0.0014 | Val MiFmax: 0.3056 | Val MaFmax: 0.2468 | Val Smin: 60.4903
  --> New best model saved!
Epoch 005 | Loss: 0.0012 | Val MiFmax: 0.3629 | Val MaFmax: 0.3388 | Val Smin: 57.7627
  --> New best model saved!
Epoch 006 | Loss: 0.0010 | Val MiFmax: 0.4145 | Val MaFmax: 0.4276 | Val Smin: 54.2373
  --> New best model saved!
Epoch 007 | Loss: 0.0008 | Val MiFmax: 0.4552 | Val MaFmax: 0.4254 | Val Smin: 50.1313
Epoch 008 | Loss: 0.0007 | Val MiFmax: 0.5046 | Val MaFmax: 0.5034 | Val Smin: 46.5996
  --> New best model saved!
Epoch 009 | Loss: 0.0006 | Val MiFmax: 0.5422 | Val MaFmax: 0.5315 | Val Smin: 42.8667
  --> New best model saved!
Epoch 010 | Loss: 0.0005 | Val MiFmax: 0.5745 | Val MaFmax: 0.5643 | Val Smin: 40.6521
  --> New best model saved!
Epoch 011 | Loss: 0.0005 | Val MiFmax: 0.5767 | Val MaFmax: 0.5653 | Val Smin: 40.4946
  --> New best model saved!
Epoch 012 | Loss: 0.0004 | Val MiFmax: 0.5927 | Val MaFmax: 0.5975 | Val Smin: 38.9797
  --> New best model saved!
Epoch 013 | Loss: 0.0004 | Val MiFmax: 0.6166 | Val MaFmax: 0.6266 | Val Smin: 37.1285
  --> New best model saved!
Epoch 014 | Loss: 0.0004 | Val MiFmax: 0.6192 | Val MaFmax: 0.6364 | Val Smin: 36.9565
  --> New best model saved!
Epoch 015 | Loss: 0.0003 | Val MiFmax: 0.6244 | Val MaFmax: 0.6540 | Val Smin: 36.4399
  --> New best model saved!
Epoch 016 | Loss: 0.0003 | Val MiFmax: 0.6289 | Val MaFmax: 0.6547 | Val Smin: 36.2281
  --> New best model saved!
Epoch 017 | Loss: 0.0003 | Val MiFmax: 0.6266 | Val MaFmax: 0.6446 | Val Smin: 36.2655
Epoch 018 | Loss: 0.0003 | Val MiFmax: 0.6499 | Val MaFmax: 0.6758 | Val Smin: 34.1942
  --> New best model saved!
Epoch 019 | Loss: 0.0002 | Val MiFmax: 0.6556 | Val MaFmax: 0.6864 | Val Smin: 33.6875
  --> New best model saved!
Epoch 020 | Loss: 0.0002 | Val MiFmax: 0.6720 | Val MaFmax: 0.6804 | Val Smin: 32.1423
Epoch 021 | Loss: 0.0002 | Val MiFmax: 0.6707 | Val MaFmax: 0.6988 | Val Smin: 32.6782
  --> New best model saved!
Epoch 022 | Loss: 0.0002 | Val MiFmax: 0.6745 | Val MaFmax: 0.7012 | Val Smin: 31.8263
  --> New best model saved!
Epoch 023 | Loss: 0.0002 | Val MiFmax: 0.6771 | Val MaFmax: 0.6983 | Val Smin: 31.9688
Epoch 024 | Loss: 0.0002 | Val MiFmax: 0.6879 | Val MaFmax: 0.7007 | Val Smin: 30.9641
Epoch 025 | Loss: 0.0002 | Val MiFmax: 0.6838 | Val MaFmax: 0.7031 | Val Smin: 31.6787
  --> New best model saved!
Epoch 026 | Loss: 0.0002 | Val MiFmax: 0.6887 | Val MaFmax: 0.7027 | Val Smin: 31.1373
Epoch 027 | Loss: 0.0002 | Val MiFmax: 0.6927 | Val MaFmax: 0.7027 | Val Smin: 30.7702
Epoch 028 | Loss: 0.0001 | Val MiFmax: 0.6992 | Val MaFmax: 0.7072 | Val Smin: 30.4246
  --> New best model saved!
Epoch 029 | Loss: 0.0001 | Val MiFmax: 0.6974 | Val MaFmax: 0.7147 | Val Smin: 30.4679
  --> New best model saved!
Epoch 030 | Loss: 0.0001 | Val MiFmax: 0.7017 | Val MaFmax: 0.7072 | Val Smin: 30.1859
Epoch 031 | Loss: 0.0001 | Val MiFmax: 0.6951 | Val MaFmax: 0.7103 | Val Smin: 30.5857
Epoch 032 | Loss: 0.0001 | Val MiFmax: 0.7047 | Val MaFmax: 0.7257 | Val Smin: 29.9469
  --> New best model saved!
Epoch 033 | Loss: 0.0001 | Val MiFmax: 0.7080 | Val MaFmax: 0.7222 | Val Smin: 29.4568
Epoch 034 | Loss: 0.0001 | Val MiFmax: 0.7161 | Val MaFmax: 0.7178 | Val Smin: 28.2882
Epoch 035 | Loss: 0.0001 | Val MiFmax: 0.7157 | Val MaFmax: 0.7300 | Val Smin: 28.7792
  --> New best model saved!
Epoch 036 | Loss: 0.0001 | Val MiFmax: 0.7116 | Val MaFmax: 0.7198 | Val Smin: 29.2019
Epoch 037 | Loss: 0.0001 | Val MiFmax: 0.7123 | Val MaFmax: 0.7216 | Val Smin: 29.1115
Epoch 038 | Loss: 0.0001 | Val MiFmax: 0.7182 | Val MaFmax: 0.7217 | Val Smin: 29.0117
Epoch 039 | Loss: 0.0001 | Val MiFmax: 0.7170 | Val MaFmax: 0.7211 | Val Smin: 28.9126
Epoch 040 | Loss: 0.0001 | Val MiFmax: 0.7195 | Val MaFmax: 0.7267 | Val Smin: 28.1532
Epoch 041 | Loss: 0.0001 | Val MiFmax: 0.7182 | Val MaFmax: 0.7303 | Val Smin: 28.8862
  --> New best model saved!
Epoch 042 | Loss: 0.0001 | Val MiFmax: 0.7138 | Val MaFmax: 0.7251 | Val Smin: 29.0193
Epoch 043 | Loss: 0.0001 | Val MiFmax: 0.7121 | Val MaFmax: 0.7192 | Val Smin: 29.2020
Epoch 044 | Loss: 0.0001 | Val MiFmax: 0.7135 | Val MaFmax: 0.7242 | Val Smin: 29.1108
Epoch 045 | Loss: 0.0001 | Val MiFmax: 0.7263 | Val MaFmax: 0.7301 | Val Smin: 28.1730
Epoch 046 | Loss: 0.0001 | Val MiFmax: 0.7158 | Val MaFmax: 0.7263 | Val Smin: 28.7481
Epoch 047 | Loss: 0.0001 | Val MiFmax: 0.7200 | Val MaFmax: 0.7304 | Val Smin: 28.7132
  --> New best model saved!
Epoch 048 | Loss: 0.0001 | Val MiFmax: 0.7284 | Val MaFmax: 0.7227 | Val Smin: 27.5015
Epoch 049 | Loss: 0.0001 | Val MiFmax: 0.7311 | Val MaFmax: 0.7354 | Val Smin: 27.2113
  --> New best model saved!
Epoch 050 | Loss: 0.0001 | Val MiFmax: 0.7251 | Val MaFmax: 0.7277 | Val Smin: 28.0553
Epoch 051 | Loss: 0.0001 | Val MiFmax: 0.7309 | Val MaFmax: 0.7297 | Val Smin: 27.3990
Epoch 052 | Loss: 0.0000 | Val MiFmax: 0.7328 | Val MaFmax: 0.7375 | Val Smin: 27.7769
  --> New best model saved!
Epoch 053 | Loss: 0.0001 | Val MiFmax: 0.7329 | Val MaFmax: 0.7262 | Val Smin: 26.9048
Epoch 054 | Loss: 0.0001 | Val MiFmax: 0.7249 | Val MaFmax: 0.7286 | Val Smin: 28.0389
Epoch 055 | Loss: 0.0001 | Val MiFmax: 0.7196 | Val MaFmax: 0.7244 | Val Smin: 28.4766
Epoch 056 | Loss: 0.0001 | Val MiFmax: 0.7337 | Val MaFmax: 0.7352 | Val Smin: 26.7206
Epoch 057 | Loss: 0.0001 | Val MiFmax: 0.7197 | Val MaFmax: 0.7327 | Val Smin: 28.3603
Epoch 058 | Loss: 0.0001 | Val MiFmax: 0.7257 | Val MaFmax: 0.7359 | Val Smin: 28.0020
Epoch 059 | Loss: 0.0000 | Val MiFmax: 0.7330 | Val MaFmax: 0.7386 | Val Smin: 27.2136
  --> New best model saved!
Epoch 060 | Loss: 0.0000 | Val MiFmax: 0.7352 | Val MaFmax: 0.7346 | Val Smin: 27.0274
Epoch 061 | Loss: 0.0000 | Val MiFmax: 0.7333 | Val MaFmax: 0.7337 | Val Smin: 27.4429
Epoch 062 | Loss: 0.0000 | Val MiFmax: 0.7334 | Val MaFmax: 0.7363 | Val Smin: 27.0958
Epoch 063 | Loss: 0.0000 | Val MiFmax: 0.7314 | Val MaFmax: 0.7380 | Val Smin: 27.6445
Epoch 064 | Loss: 0.0000 | Val MiFmax: 0.7334 | Val MaFmax: 0.7394 | Val Smin: 27.2843
  --> New best model saved!
Epoch 065 | Loss: 0.0000 | Val MiFmax: 0.7329 | Val MaFmax: 0.7364 | Val Smin: 27.1060
Epoch 066 | Loss: 0.0000 | Val MiFmax: 0.7442 | Val MaFmax: 0.7391 | Val Smin: 25.6121
Epoch 067 | Loss: 0.0000 | Val MiFmax: 0.7370 | Val MaFmax: 0.7354 | Val Smin: 26.5376
Epoch 068 | Loss: 0.0000 | Val MiFmax: 0.7254 | Val MaFmax: 0.7308 | Val Smin: 27.7344
Epoch 069 | Loss: 0.0000 | Val MiFmax: 0.7333 | Val MaFmax: 0.7373 | Val Smin: 27.3680
Epoch 070 | Loss: 0.0000 | Val MiFmax: 0.7319 | Val MaFmax: 0.7374 | Val Smin: 27.2912
Epoch 071 | Loss: 0.0000 | Val MiFmax: 0.7368 | Val MaFmax: 0.7388 | Val Smin: 26.9242
Epoch 072 | Loss: 0.0000 | Val MiFmax: 0.7374 | Val MaFmax: 0.7391 | Val Smin: 26.9679
Epoch 073 | Loss: 0.0000 | Val MiFmax: 0.7386 | Val MaFmax: 0.7423 | Val Smin: 26.7097
  --> New best model saved!
Epoch 074 | Loss: 0.0000 | Val MiFmax: 0.7396 | Val MaFmax: 0.7389 | Val Smin: 26.5252
Epoch 075 | Loss: 0.0000 | Val MiFmax: 0.7362 | Val MaFmax: 0.7394 | Val Smin: 26.6841
Epoch 076 | Loss: 0.0000 | Val MiFmax: 0.7382 | Val MaFmax: 0.7396 | Val Smin: 27.0099
Epoch 077 | Loss: 0.0000 | Val MiFmax: 0.7368 | Val MaFmax: 0.7376 | Val Smin: 26.8848
Epoch 078 | Loss: 0.0000 | Val MiFmax: 0.7371 | Val MaFmax: 0.7394 | Val Smin: 26.6619
Epoch 079 | Loss: 0.0000 | Val MiFmax: 0.7378 | Val MaFmax: 0.7412 | Val Smin: 26.3359
Epoch 080 | Loss: 0.0000 | Val MiFmax: 0.7422 | Val MaFmax: 0.7423 | Val Smin: 25.9389
Epoch 081 | Loss: 0.0000 | Val MiFmax: 0.7449 | Val MaFmax: 0.7426 | Val Smin: 25.5985
  --> New best model saved!
Epoch 082 | Loss: 0.0000 | Val MiFmax: 0.7400 | Val MaFmax: 0.7419 | Val Smin: 26.2550
Epoch 083 | Loss: 0.0000 | Val MiFmax: 0.7389 | Val MaFmax: 0.7405 | Val Smin: 26.4045
Epoch 084 | Loss: 0.0000 | Val MiFmax: 0.7408 | Val MaFmax: 0.7395 | Val Smin: 26.3454
Epoch 085 | Loss: 0.0000 | Val MiFmax: 0.7426 | Val MaFmax: 0.7399 | Val Smin: 26.0209
Epoch 086 | Loss: 0.0000 | Val MiFmax: 0.7389 | Val MaFmax: 0.7397 | Val Smin: 26.3641
Epoch 087 | Loss: 0.0000 | Val MiFmax: 0.7408 | Val MaFmax: 0.7391 | Val Smin: 26.1907
Epoch 088 | Loss: 0.0000 | Val MiFmax: 0.7405 | Val MaFmax: 0.7400 | Val Smin: 26.0731
Epoch 089 | Loss: 0.0000 | Val MiFmax: 0.7383 | Val MaFmax: 0.7379 | Val Smin: 26.4871
Epoch 090 | Loss: 0.0000 | Val MiFmax: 0.7377 | Val MaFmax: 0.7391 | Val Smin: 26.4035
Epoch 091 | Loss: 0.0000 | Val MiFmax: 0.7413 | Val MaFmax: 0.7416 | Val Smin: 26.1117
Epoch 092 | Loss: 0.0000 | Val MiFmax: 0.7391 | Val MaFmax: 0.7404 | Val Smin: 26.3753
Epoch 093 | Loss: 0.0000 | Val MiFmax: 0.7407 | Val MaFmax: 0.7413 | Val Smin: 26.2102
Epoch 094 | Loss: 0.0000 | Val MiFmax: 0.7438 | Val MaFmax: 0.7420 | Val Smin: 25.9153
Epoch 095 | Loss: 0.0000 | Val MiFmax: 0.7416 | Val MaFmax: 0.7414 | Val Smin: 26.1967
Epoch 096 | Loss: 0.0000 | Val MiFmax: 0.7441 | Val MaFmax: 0.7408 | Val Smin: 25.8286
Early stopping triggered after 96 epochs.
Training finished. Evaluating on Test Set...

--- TEST METRICS ---
Micro_Fmax: 0.6725
Macro_Fmax: 0.6605
Macro_AUROC: 0.8494
Micro_AUROC: 0.8539
Macro_AUPRC: 0.6172
Micro_AUPRC: 0.6392
Smin: 35.1420
Completed: 9 / 9
