Starting Input Modality Ablation on mlg6
Array Task ID: 1
Running for ontology: molecular_function
Running only for: molecular_function
=========================================
  Input Modality Ablation (Hybrid_JK)
=========================================
Output Directory: runs_ablation_input
  [✓] Found Tuned Params: LR=0.0005 | Dropout=0.2 | BatchSize=16
=========================================
------------------------------------------------------
  Run 1 / 9 | molecular_function | modality=seq_only | s42
------------------------------------------------------
Using device: cuda

[RESUME] Found successfully completed run in runs_ablation_input/mf_Hybrid_JK_Focal_lr0.0005_dp0.2_bs16_s42_seq_only.
[RESUME] Skipping training to save compute!

------------------------------------------------------
  Run 2 / 9 | molecular_function | modality=seq_only | s123
------------------------------------------------------
Using device: cuda

[RESUME] Found successfully completed run in runs_ablation_input/mf_Hybrid_JK_Focal_lr0.0005_dp0.2_bs16_s123_seq_only.
[RESUME] Skipping training to save compute!

------------------------------------------------------
  Run 3 / 9 | molecular_function | modality=seq_only | s456
------------------------------------------------------
Using device: cuda

[RESUME] Found successfully completed run in runs_ablation_input/mf_Hybrid_JK_Focal_lr0.0005_dp0.2_bs16_s456_seq_only.
[RESUME] Skipping training to save compute!

------------------------------------------------------
  Run 4 / 9 | molecular_function | modality=struct_only | s42
------------------------------------------------------
Using device: cuda
Loading datasets from preprocessing/data/split_files/datasets.pkl for molecular_function...
Alpha weights not found. Using default FocalLoss (alpha=0.25, gamma=4.0).
Epoch 001 | Loss: 0.0047 | Val MiFmax: 0.0398 | Val MaFmax: 0.0420 | Val Smin: 2008.0424
  --> New best model saved!
Epoch 002 | Loss: 0.0020 | Val MiFmax: 0.0398 | Val MaFmax: 0.0420 | Val Smin: 31.8746
Epoch 003 | Loss: 0.0020 | Val MiFmax: 0.0718 | Val MaFmax: 0.0425 | Val Smin: 124.0464
  --> New best model saved!
Epoch 004 | Loss: 0.0019 | Val MiFmax: 0.0398 | Val MaFmax: 0.0420 | Val Smin: 2008.0424
Epoch 005 | Loss: 0.0019 | Val MiFmax: 0.0398 | Val MaFmax: 0.0420 | Val Smin: 2005.3752
Epoch 006 | Loss: 0.0019 | Val MiFmax: 0.0862 | Val MaFmax: 0.0420 | Val Smin: 34.4945
Epoch 007 | Loss: 0.0019 | Val MiFmax: 0.0535 | Val MaFmax: 0.0420 | Val Smin: 37.6899
Epoch 008 | Loss: 0.0019 | Val MiFmax: 0.0398 | Val MaFmax: 0.0420 | Val Smin: 2005.2193
Epoch 009 | Loss: 0.0019 | Val MiFmax: 0.0398 | Val MaFmax: 0.0420 | Val Smin: 1931.9208
Epoch 010 | Loss: 0.0019 | Val MiFmax: 0.0398 | Val MaFmax: 0.0420 | Val Smin: 2002.4924
Epoch 011 | Loss: 0.0019 | Val MiFmax: 0.0398 | Val MaFmax: 0.0420 | Val Smin: 31.3478
Epoch 012 | Loss: 0.0019 | Val MiFmax: 0.0398 | Val MaFmax: 0.0421 | Val Smin: 1992.1526
Epoch 013 | Loss: 0.0019 | Val MiFmax: 0.0398 | Val MaFmax: 0.0420 | Val Smin: 1990.3307
Epoch 014 | Loss: 0.0019 | Val MiFmax: 0.0878 | Val MaFmax: 0.0421 | Val Smin: 31.1653
Epoch 015 | Loss: 0.0019 | Val MiFmax: 0.0398 | Val MaFmax: 0.0420 | Val Smin: 31.3478
Epoch 016 | Loss: 0.0019 | Val MiFmax: 0.0710 | Val MaFmax: 0.0421 | Val Smin: 35.2388
Epoch 017 | Loss: 0.0019 | Val MiFmax: 0.0398 | Val MaFmax: 0.0420 | Val Smin: 1720.7270
Epoch 018 | Loss: 0.0019 | Val MiFmax: 0.0698 | Val MaFmax: 0.0422 | Val Smin: 101.1429
Early stopping triggered after 18 epochs.
Training finished. Evaluating on Test Set...

--- TEST METRICS ---
Micro_Fmax: 0.0804
Macro_Fmax: 0.0484
Macro_AUROC: 0.5009
Micro_AUROC: 0.5465
Macro_AUPRC: 0.5065
Micro_AUPRC: 0.1160
Smin: 124.0788
------------------------------------------------------
  Run 5 / 9 | molecular_function | modality=struct_only | s123
------------------------------------------------------
Using device: cuda
Loading datasets from preprocessing/data/split_files/datasets.pkl for molecular_function...
Alpha weights not found. Using default FocalLoss (alpha=0.25, gamma=4.0).
Epoch 001 | Loss: 0.0048 | Val MiFmax: 0.0460 | Val MaFmax: 0.0429 | Val Smin: 988.3473
  --> New best model saved!
Epoch 002 | Loss: 0.0020 | Val MiFmax: 0.1018 | Val MaFmax: 0.0420 | Val Smin: 32.6976
Epoch 003 | Loss: 0.0020 | Val MiFmax: 0.0398 | Val MaFmax: 0.0472 | Val Smin: 1277.3436
  --> New best model saved!
Epoch 004 | Loss: 0.0019 | Val MiFmax: 0.0398 | Val MaFmax: 0.0420 | Val Smin: 31.3478
Epoch 005 | Loss: 0.0019 | Val MiFmax: 0.0398 | Val MaFmax: 0.0420 | Val Smin: 31.3478
Epoch 006 | Loss: 0.0019 | Val MiFmax: 0.0398 | Val MaFmax: 0.0420 | Val Smin: 1986.3907
Epoch 007 | Loss: 0.0019 | Val MiFmax: 0.0398 | Val MaFmax: 0.0420 | Val Smin: 2008.0424
Epoch 008 | Loss: 0.0019 | Val MiFmax: 0.0398 | Val MaFmax: 0.0420 | Val Smin: 1846.8780
Epoch 009 | Loss: 0.0019 | Val MiFmax: 0.0398 | Val MaFmax: 0.0420 | Val Smin: 1970.5913
Epoch 010 | Loss: 0.0019 | Val MiFmax: 0.0588 | Val MaFmax: 0.0427 | Val Smin: 322.9809
Epoch 011 | Loss: 0.0019 | Val MiFmax: 0.0398 | Val MaFmax: 0.0420 | Val Smin: 31.3478
Epoch 012 | Loss: 0.0019 | Val MiFmax: 0.0522 | Val MaFmax: 0.0430 | Val Smin: 700.8985
Epoch 013 | Loss: 0.0019 | Val MiFmax: 0.0398 | Val MaFmax: 0.0430 | Val Smin: 1915.7461
Epoch 014 | Loss: 0.0019 | Val MiFmax: 0.0398 | Val MaFmax: 0.0427 | Val Smin: 1967.5686
Epoch 015 | Loss: 0.0019 | Val MiFmax: 0.0398 | Val MaFmax: 0.0420 | Val Smin: 31.3478
Epoch 016 | Loss: 0.0019 | Val MiFmax: 0.0398 | Val MaFmax: 0.0426 | Val Smin: 1968.9367
Epoch 017 | Loss: 0.0019 | Val MiFmax: 0.0560 | Val MaFmax: 0.0425 | Val Smin: 455.2004
Epoch 018 | Loss: 0.0019 | Val MiFmax: 0.0398 | Val MaFmax: 0.0420 | Val Smin: 1579.6856
Early stopping triggered after 18 epochs.
Training finished. Evaluating on Test Set...

--- TEST METRICS ---
Micro_Fmax: 0.0473
Macro_Fmax: 0.0503
Macro_AUROC: 0.4976
Micro_AUROC: 0.4836
Macro_AUPRC: 0.4875
Micro_AUPRC: 0.3130
Smin: 1274.6332
------------------------------------------------------
  Run 6 / 9 | molecular_function | modality=struct_only | s456
------------------------------------------------------
Using device: cuda
Loading datasets from preprocessing/data/split_files/datasets.pkl for molecular_function...
Alpha weights not found. Using default FocalLoss (alpha=0.25, gamma=4.0).
Epoch 001 | Loss: 0.0048 | Val MiFmax: 0.0400 | Val MaFmax: 0.0420 | Val Smin: 1980.0246
  --> New best model saved!
Epoch 002 | Loss: 0.0020 | Val MiFmax: 0.0398 | Val MaFmax: 0.0420 | Val Smin: 1964.5656
  --> New best model saved!
Epoch 003 | Loss: 0.0020 | Val MiFmax: 0.0820 | Val MaFmax: 0.0420 | Val Smin: 31.4039
Epoch 004 | Loss: 0.0019 | Val MiFmax: 0.0398 | Val MaFmax: 0.0420 | Val Smin: 31.3478
Epoch 005 | Loss: 0.0019 | Val MiFmax: 0.0398 | Val MaFmax: 0.0420 | Val Smin: 1994.6558
  --> New best model saved!
Epoch 006 | Loss: 0.0019 | Val MiFmax: 0.0398 | Val MaFmax: 0.0420 | Val Smin: 2008.0424
Epoch 007 | Loss: 0.0019 | Val MiFmax: 0.0403 | Val MaFmax: 0.0426 | Val Smin: 1096.0722
  --> New best model saved!
Epoch 008 | Loss: 0.0019 | Val MiFmax: 0.0398 | Val MaFmax: 0.0420 | Val Smin: 1918.4213
Epoch 009 | Loss: 0.0019 | Val MiFmax: 0.0398 | Val MaFmax: 0.0420 | Val Smin: 36.2190
Epoch 010 | Loss: 0.0019 | Val MiFmax: 0.0425 | Val MaFmax: 0.0420 | Val Smin: 32.0999
Epoch 011 | Loss: 0.0019 | Val MiFmax: 0.0398 | Val MaFmax: 0.0427 | Val Smin: 346.8870
  --> New best model saved!
Epoch 012 | Loss: 0.0019 | Val MiFmax: 0.0637 | Val MaFmax: 0.0420 | Val Smin: 201.1607
Epoch 013 | Loss: 0.0019 | Val MiFmax: 0.0474 | Val MaFmax: 0.0421 | Val Smin: 509.5195
Epoch 014 | Loss: 0.0019 | Val MiFmax: 0.0398 | Val MaFmax: 0.0420 | Val Smin: 1891.5202
Epoch 015 | Loss: 0.0019 | Val MiFmax: 0.0454 | Val MaFmax: 0.0420 | Val Smin: 30.9713
Epoch 016 | Loss: 0.0019 | Val MiFmax: 0.0398 | Val MaFmax: 0.0421 | Val Smin: 1591.4397
Epoch 017 | Loss: 0.0019 | Val MiFmax: 0.0398 | Val MaFmax: 0.0420 | Val Smin: 31.3478
Epoch 018 | Loss: 0.0019 | Val MiFmax: 0.0398 | Val MaFmax: 0.0421 | Val Smin: 1490.6365
Epoch 019 | Loss: 0.0019 | Val MiFmax: 0.0398 | Val MaFmax: 0.0429 | Val Smin: 1360.2890
  --> New best model saved!
Epoch 020 | Loss: 0.0019 | Val MiFmax: 0.0398 | Val MaFmax: 0.0420 | Val Smin: 2008.0424
Epoch 021 | Loss: 0.0019 | Val MiFmax: 0.0398 | Val MaFmax: 0.0420 | Val Smin: 1970.3057
Epoch 022 | Loss: 0.0019 | Val MiFmax: 0.0398 | Val MaFmax: 0.0420 | Val Smin: 1979.2752
Epoch 023 | Loss: 0.0019 | Val MiFmax: 0.0398 | Val MaFmax: 0.0420 | Val Smin: 1820.2006
Epoch 024 | Loss: 0.0019 | Val MiFmax: 0.0398 | Val MaFmax: 0.0420 | Val Smin: 31.3478
Epoch 025 | Loss: 0.0019 | Val MiFmax: 0.0398 | Val MaFmax: 0.0420 | Val Smin: 31.3478
Epoch 026 | Loss: 0.0019 | Val MiFmax: 0.0398 | Val MaFmax: 0.0420 | Val Smin: 2008.0424
Epoch 027 | Loss: 0.0019 | Val MiFmax: 0.0544 | Val MaFmax: 0.0427 | Val Smin: 610.2759
Epoch 028 | Loss: 0.0019 | Val MiFmax: 0.0399 | Val MaFmax: 0.0421 | Val Smin: 1358.0921
Epoch 029 | Loss: 0.0019 | Val MiFmax: 0.0496 | Val MaFmax: 0.0429 | Val Smin: 540.6440
Epoch 030 | Loss: 0.0019 | Val MiFmax: 0.0398 | Val MaFmax: 0.0420 | Val Smin: 31.3478
Epoch 031 | Loss: 0.0019 | Val MiFmax: 0.0398 | Val MaFmax: 0.0420 | Val Smin: 1652.7478
Epoch 032 | Loss: 0.0019 | Val MiFmax: 0.0434 | Val MaFmax: 0.0435 | Val Smin: 1143.4344
  --> New best model saved!
Epoch 033 | Loss: 0.0019 | Val MiFmax: 0.0398 | Val MaFmax: 0.0429 | Val Smin: 1897.2740
Epoch 034 | Loss: 0.0019 | Val MiFmax: 0.0405 | Val MaFmax: 0.0421 | Val Smin: 1318.3752
Epoch 035 | Loss: 0.0019 | Val MiFmax: 0.0398 | Val MaFmax: 0.0423 | Val Smin: 1590.5179
Epoch 036 | Loss: 0.0019 | Val MiFmax: 0.0612 | Val MaFmax: 0.0434 | Val Smin: 304.2527
Epoch 037 | Loss: 0.0019 | Val MiFmax: 0.0398 | Val MaFmax: 0.0420 | Val Smin: 1602.3002
Epoch 038 | Loss: 0.0019 | Val MiFmax: 0.0731 | Val MaFmax: 0.0420 | Val Smin: 37.3099
Epoch 039 | Loss: 0.0019 | Val MiFmax: 0.0422 | Val MaFmax: 0.0440 | Val Smin: 1183.4839
  --> New best model saved!
Epoch 040 | Loss: 0.0019 | Val MiFmax: 0.0462 | Val MaFmax: 0.0437 | Val Smin: 1015.9322
Epoch 041 | Loss: 0.0019 | Val MiFmax: 0.0406 | Val MaFmax: 0.0433 | Val Smin: 1405.6020
Epoch 042 | Loss: 0.0019 | Val MiFmax: 0.0574 | Val MaFmax: 0.0436 | Val Smin: 439.0218
Epoch 043 | Loss: 0.0019 | Val MiFmax: 0.0398 | Val MaFmax: 0.0423 | Val Smin: 1662.9349
Epoch 044 | Loss: 0.0019 | Val MiFmax: 0.0398 | Val MaFmax: 0.0433 | Val Smin: 1844.1154
Epoch 045 | Loss: 0.0019 | Val MiFmax: 0.0398 | Val MaFmax: 0.0424 | Val Smin: 1718.8166
Epoch 046 | Loss: 0.0019 | Val MiFmax: 0.0398 | Val MaFmax: 0.0427 | Val Smin: 1658.9406
Epoch 047 | Loss: 0.0019 | Val MiFmax: 0.0398 | Val MaFmax: 0.0429 | Val Smin: 1467.7692
Epoch 048 | Loss: 0.0019 | Val MiFmax: 0.0398 | Val MaFmax: 0.0420 | Val Smin: 1566.8185
Epoch 049 | Loss: 0.0019 | Val MiFmax: 0.0398 | Val MaFmax: 0.0422 | Val Smin: 1568.4930
Epoch 050 | Loss: 0.0019 | Val MiFmax: 0.0398 | Val MaFmax: 0.0422 | Val Smin: 1450.6601
Epoch 051 | Loss: 0.0019 | Val MiFmax: 0.0398 | Val MaFmax: 0.0425 | Val Smin: 1524.4439
Epoch 052 | Loss: 0.0019 | Val MiFmax: 0.0402 | Val MaFmax: 0.0428 | Val Smin: 1436.7186
Epoch 053 | Loss: 0.0019 | Val MiFmax: 0.0400 | Val MaFmax: 0.0429 | Val Smin: 1477.0372
Epoch 054 | Loss: 0.0019 | Val MiFmax: 0.0398 | Val MaFmax: 0.0433 | Val Smin: 1516.0151
Early stopping triggered after 54 epochs.
Training finished. Evaluating on Test Set...

--- TEST METRICS ---
Micro_Fmax: 0.0473
Macro_Fmax: 0.0492
Macro_AUROC: 0.5017
Micro_AUROC: 0.4832
Macro_AUPRC: 0.4829
Micro_AUPRC: 0.2928
Smin: 1181.5154
------------------------------------------------------
  Run 7 / 9 | molecular_function | modality=full | s42
------------------------------------------------------
Using device: cuda
Loading datasets from preprocessing/data/split_files/datasets.pkl for molecular_function...
Alpha weights not found. Using default FocalLoss (alpha=0.25, gamma=4.0).
Epoch 001 | Loss: 0.0078 | Val MiFmax: 0.2417 | Val MaFmax: 0.1815 | Val Smin: 29.1917
  --> New best model saved!
Epoch 002 | Loss: 0.0016 | Val MiFmax: 0.4513 | Val MaFmax: 0.4673 | Val Smin: 22.5212
  --> New best model saved!
Epoch 003 | Loss: 0.0008 | Val MiFmax: 0.6598 | Val MaFmax: 0.7271 | Val Smin: 15.1351
  --> New best model saved!
Epoch 004 | Loss: 0.0004 | Val MiFmax: 0.7283 | Val MaFmax: 0.7882 | Val Smin: 12.2748
  --> New best model saved!
Epoch 005 | Loss: 0.0003 | Val MiFmax: 0.7500 | Val MaFmax: 0.8011 | Val Smin: 11.5510
  --> New best model saved!
Epoch 006 | Loss: 0.0002 | Val MiFmax: 0.7938 | Val MaFmax: 0.8555 | Val Smin: 9.6080
  --> New best model saved!
Epoch 007 | Loss: 0.0002 | Val MiFmax: 0.7761 | Val MaFmax: 0.8469 | Val Smin: 10.5830
Epoch 008 | Loss: 0.0002 | Val MiFmax: 0.7927 | Val MaFmax: 0.8608 | Val Smin: 9.5753
  --> New best model saved!
Epoch 009 | Loss: 0.0001 | Val MiFmax: 0.8109 | Val MaFmax: 0.8703 | Val Smin: 8.7462
  --> New best model saved!
Epoch 010 | Loss: 0.0001 | Val MiFmax: 0.8146 | Val MaFmax: 0.8609 | Val Smin: 8.7740
Epoch 011 | Loss: 0.0001 | Val MiFmax: 0.8202 | Val MaFmax: 0.8676 | Val Smin: 8.4125
Epoch 012 | Loss: 0.0001 | Val MiFmax: 0.8257 | Val MaFmax: 0.8743 | Val Smin: 8.3632
  --> New best model saved!
Epoch 013 | Loss: 0.0001 | Val MiFmax: 0.8161 | Val MaFmax: 0.8742 | Val Smin: 8.6216
Epoch 014 | Loss: 0.0001 | Val MiFmax: 0.8064 | Val MaFmax: 0.8611 | Val Smin: 9.1650
Epoch 015 | Loss: 0.0001 | Val MiFmax: 0.8185 | Val MaFmax: 0.8746 | Val Smin: 8.5753
  --> New best model saved!
Epoch 016 | Loss: 0.0001 | Val MiFmax: 0.8276 | Val MaFmax: 0.8780 | Val Smin: 8.2503
  --> New best model saved!
Epoch 017 | Loss: 0.0001 | Val MiFmax: 0.8153 | Val MaFmax: 0.8672 | Val Smin: 8.3914
Epoch 018 | Loss: 0.0001 | Val MiFmax: 0.8283 | Val MaFmax: 0.8681 | Val Smin: 8.2652
Epoch 019 | Loss: 0.0001 | Val MiFmax: 0.8358 | Val MaFmax: 0.8841 | Val Smin: 7.6750
  --> New best model saved!
Epoch 020 | Loss: 0.0001 | Val MiFmax: 0.8122 | Val MaFmax: 0.8743 | Val Smin: 8.6775
Epoch 021 | Loss: 0.0001 | Val MiFmax: 0.8383 | Val MaFmax: 0.8859 | Val Smin: 7.3861
  --> New best model saved!
Epoch 022 | Loss: 0.0000 | Val MiFmax: 0.8557 | Val MaFmax: 0.8881 | Val Smin: 6.5178
  --> New best model saved!
Epoch 023 | Loss: 0.0000 | Val MiFmax: 0.8409 | Val MaFmax: 0.8850 | Val Smin: 7.2852
Epoch 024 | Loss: 0.0000 | Val MiFmax: 0.8369 | Val MaFmax: 0.8664 | Val Smin: 7.3561
Epoch 025 | Loss: 0.0001 | Val MiFmax: 0.8269 | Val MaFmax: 0.8636 | Val Smin: 7.6809
Epoch 026 | Loss: 0.0001 | Val MiFmax: 0.8179 | Val MaFmax: 0.8664 | Val Smin: 8.3186
Epoch 027 | Loss: 0.0001 | Val MiFmax: 0.8536 | Val MaFmax: 0.8761 | Val Smin: 6.5458
Epoch 028 | Loss: 0.0000 | Val MiFmax: 0.8433 | Val MaFmax: 0.8828 | Val Smin: 6.9312
Epoch 029 | Loss: 0.0000 | Val MiFmax: 0.8567 | Val MaFmax: 0.8836 | Val Smin: 6.4185
Epoch 030 | Loss: 0.0000 | Val MiFmax: 0.8512 | Val MaFmax: 0.8812 | Val Smin: 6.6561
Epoch 031 | Loss: 0.0000 | Val MiFmax: 0.8489 | Val MaFmax: 0.8822 | Val Smin: 6.7786
Epoch 032 | Loss: 0.0000 | Val MiFmax: 0.8549 | Val MaFmax: 0.8853 | Val Smin: 6.6136
Epoch 033 | Loss: 0.0000 | Val MiFmax: 0.8492 | Val MaFmax: 0.8873 | Val Smin: 6.8116
Epoch 034 | Loss: 0.0000 | Val MiFmax: 0.8560 | Val MaFmax: 0.8939 | Val Smin: 6.5141
  --> New best model saved!
Epoch 035 | Loss: 0.0000 | Val MiFmax: 0.8524 | Val MaFmax: 0.8915 | Val Smin: 6.7171
Epoch 036 | Loss: 0.0000 | Val MiFmax: 0.8590 | Val MaFmax: 0.8841 | Val Smin: 6.5978
Epoch 037 | Loss: 0.0000 | Val MiFmax: 0.8603 | Val MaFmax: 0.8840 | Val Smin: 6.3205
Epoch 038 | Loss: 0.0000 | Val MiFmax: 0.8577 | Val MaFmax: 0.8880 | Val Smin: 6.4647
Epoch 039 | Loss: 0.0000 | Val MiFmax: 0.8628 | Val MaFmax: 0.8845 | Val Smin: 6.1707
Epoch 040 | Loss: 0.0000 | Val MiFmax: 0.8604 | Val MaFmax: 0.8823 | Val Smin: 6.2411
Epoch 041 | Loss: 0.0000 | Val MiFmax: 0.8567 | Val MaFmax: 0.8857 | Val Smin: 6.4179
Epoch 042 | Loss: 0.0000 | Val MiFmax: 0.8588 | Val MaFmax: 0.8845 | Val Smin: 6.3586
Epoch 043 | Loss: 0.0000 | Val MiFmax: 0.8588 | Val MaFmax: 0.8809 | Val Smin: 6.3388
Epoch 044 | Loss: 0.0000 | Val MiFmax: 0.8600 | Val MaFmax: 0.8853 | Val Smin: 6.3218
Epoch 045 | Loss: 0.0000 | Val MiFmax: 0.8665 | Val MaFmax: 0.8834 | Val Smin: 6.1056
Epoch 046 | Loss: 0.0000 | Val MiFmax: 0.8604 | Val MaFmax: 0.8869 | Val Smin: 6.3003
Epoch 047 | Loss: 0.0000 | Val MiFmax: 0.8603 | Val MaFmax: 0.8885 | Val Smin: 6.3588
Epoch 048 | Loss: 0.0000 | Val MiFmax: 0.8598 | Val MaFmax: 0.8871 | Val Smin: 6.4794
Epoch 049 | Loss: 0.0000 | Val MiFmax: 0.8606 | Val MaFmax: 0.8883 | Val Smin: 6.2993
Early stopping triggered after 49 epochs.
Training finished. Evaluating on Test Set...

--- TEST METRICS ---
Micro_Fmax: 0.8213
Macro_Fmax: 0.8505
Macro_AUROC: 0.9501
Micro_AUROC: 0.9516
Macro_AUPRC: 0.8321
Micro_AUPRC: 0.8404
Smin: 9.0091
------------------------------------------------------
  Run 8 / 9 | molecular_function | modality=full | s123
------------------------------------------------------
Using device: cuda
Loading datasets from preprocessing/data/split_files/datasets.pkl for molecular_function...
Alpha weights not found. Using default FocalLoss (alpha=0.25, gamma=4.0).
Epoch 001 | Loss: 0.0079 | Val MiFmax: 0.3250 | Val MaFmax: 0.3304 | Val Smin: 26.4748
  --> New best model saved!
Epoch 002 | Loss: 0.0012 | Val MiFmax: 0.5712 | Val MaFmax: 0.6434 | Val Smin: 18.4021
  --> New best model saved!
Epoch 003 | Loss: 0.0007 | Val MiFmax: 0.6725 | Val MaFmax: 0.7573 | Val Smin: 14.5942
  --> New best model saved!
Epoch 004 | Loss: 0.0004 | Val MiFmax: 0.7191 | Val MaFmax: 0.8055 | Val Smin: 12.5047
  --> New best model saved!
Epoch 005 | Loss: 0.0003 | Val MiFmax: 0.7499 | Val MaFmax: 0.8310 | Val Smin: 11.4689
  --> New best model saved!
Epoch 006 | Loss: 0.0002 | Val MiFmax: 0.7686 | Val MaFmax: 0.8677 | Val Smin: 10.6860
  --> New best model saved!
Epoch 007 | Loss: 0.0002 | Val MiFmax: 0.8069 | Val MaFmax: 0.8760 | Val Smin: 9.0020
  --> New best model saved!
Epoch 008 | Loss: 0.0002 | Val MiFmax: 0.7937 | Val MaFmax: 0.8643 | Val Smin: 9.4377
Epoch 009 | Loss: 0.0001 | Val MiFmax: 0.8187 | Val MaFmax: 0.8834 | Val Smin: 8.3798
  --> New best model saved!
Epoch 010 | Loss: 0.0001 | Val MiFmax: 0.8083 | Val MaFmax: 0.8786 | Val Smin: 8.8089
Epoch 011 | Loss: 0.0001 | Val MiFmax: 0.8253 | Val MaFmax: 0.8920 | Val Smin: 8.0564
  --> New best model saved!
Epoch 012 | Loss: 0.0001 | Val MiFmax: 0.8239 | Val MaFmax: 0.8874 | Val Smin: 7.9069
Epoch 013 | Loss: 0.0001 | Val MiFmax: 0.8127 | Val MaFmax: 0.8775 | Val Smin: 8.6317
Epoch 014 | Loss: 0.0001 | Val MiFmax: 0.8305 | Val MaFmax: 0.8832 | Val Smin: 7.9504
Epoch 015 | Loss: 0.0001 | Val MiFmax: 0.8267 | Val MaFmax: 0.8864 | Val Smin: 7.9689
Epoch 016 | Loss: 0.0001 | Val MiFmax: 0.8115 | Val MaFmax: 0.8879 | Val Smin: 8.7087
Epoch 017 | Loss: 0.0001 | Val MiFmax: 0.8311 | Val MaFmax: 0.8950 | Val Smin: 7.7905
  --> New best model saved!
Epoch 018 | Loss: 0.0001 | Val MiFmax: 0.8325 | Val MaFmax: 0.8877 | Val Smin: 7.5197
Epoch 019 | Loss: 0.0001 | Val MiFmax: 0.8368 | Val MaFmax: 0.8928 | Val Smin: 7.2062
Epoch 020 | Loss: 0.0001 | Val MiFmax: 0.8300 | Val MaFmax: 0.8861 | Val Smin: 7.4027
Epoch 021 | Loss: 0.0001 | Val MiFmax: 0.8438 | Val MaFmax: 0.8927 | Val Smin: 7.1927
Epoch 022 | Loss: 0.0001 | Val MiFmax: 0.8385 | Val MaFmax: 0.8919 | Val Smin: 7.4354
Epoch 023 | Loss: 0.0000 | Val MiFmax: 0.8478 | Val MaFmax: 0.8919 | Val Smin: 6.8150
Epoch 024 | Loss: 0.0000 | Val MiFmax: 0.8516 | Val MaFmax: 0.9035 | Val Smin: 6.5473
  --> New best model saved!
Epoch 025 | Loss: 0.0000 | Val MiFmax: 0.8587 | Val MaFmax: 0.9003 | Val Smin: 6.2487
Epoch 026 | Loss: 0.0000 | Val MiFmax: 0.8558 | Val MaFmax: 0.9043 | Val Smin: 6.3397
  --> New best model saved!
Epoch 027 | Loss: 0.0000 | Val MiFmax: 0.8534 | Val MaFmax: 0.9004 | Val Smin: 6.5312
Epoch 028 | Loss: 0.0001 | Val MiFmax: 0.8501 | Val MaFmax: 0.8917 | Val Smin: 6.6656
Epoch 029 | Loss: 0.0000 | Val MiFmax: 0.8523 | Val MaFmax: 0.8978 | Val Smin: 6.5201
Epoch 030 | Loss: 0.0000 | Val MiFmax: 0.8501 | Val MaFmax: 0.8976 | Val Smin: 6.5177
Epoch 031 | Loss: 0.0000 | Val MiFmax: 0.8495 | Val MaFmax: 0.8979 | Val Smin: 6.6859
Epoch 032 | Loss: 0.0000 | Val MiFmax: 0.8480 | Val MaFmax: 0.8931 | Val Smin: 6.6430
Epoch 033 | Loss: 0.0000 | Val MiFmax: 0.8535 | Val MaFmax: 0.8992 | Val Smin: 6.4387
Epoch 034 | Loss: 0.0000 | Val MiFmax: 0.8540 | Val MaFmax: 0.9000 | Val Smin: 6.3445
Epoch 035 | Loss: 0.0000 | Val MiFmax: 0.8576 | Val MaFmax: 0.9010 | Val Smin: 6.2580
Epoch 036 | Loss: 0.0000 | Val MiFmax: 0.8547 | Val MaFmax: 0.9013 | Val Smin: 6.3351
Epoch 037 | Loss: 0.0000 | Val MiFmax: 0.8610 | Val MaFmax: 0.9017 | Val Smin: 6.0998
Epoch 038 | Loss: 0.0000 | Val MiFmax: 0.8543 | Val MaFmax: 0.9035 | Val Smin: 6.3470
Epoch 039 | Loss: 0.0000 | Val MiFmax: 0.8546 | Val MaFmax: 0.9015 | Val Smin: 6.3234
Epoch 040 | Loss: 0.0000 | Val MiFmax: 0.8548 | Val MaFmax: 0.9029 | Val Smin: 6.2983
Epoch 041 | Loss: 0.0000 | Val MiFmax: 0.8566 | Val MaFmax: 0.9016 | Val Smin: 6.2288
Early stopping triggered after 41 epochs.
Training finished. Evaluating on Test Set...

--- TEST METRICS ---
Micro_Fmax: 0.8328
Macro_Fmax: 0.8599
Macro_AUROC: 0.9499
Micro_AUROC: 0.9456
Macro_AUPRC: 0.8380
Micro_AUPRC: 0.8432
Smin: 8.5310
------------------------------------------------------
  Run 9 / 9 | molecular_function | modality=full | s456
------------------------------------------------------
Using device: cuda
Loading datasets from preprocessing/data/split_files/datasets.pkl for molecular_function...
Alpha weights not found. Using default FocalLoss (alpha=0.25, gamma=4.0).
Epoch 001 | Loss: 0.0078 | Val MiFmax: 0.3379 | Val MaFmax: 0.3137 | Val Smin: 26.0395
  --> New best model saved!
Epoch 002 | Loss: 0.0012 | Val MiFmax: 0.5499 | Val MaFmax: 0.6449 | Val Smin: 19.1280
  --> New best model saved!
Epoch 003 | Loss: 0.0006 | Val MiFmax: 0.6630 | Val MaFmax: 0.7310 | Val Smin: 14.9168
  --> New best model saved!
Epoch 004 | Loss: 0.0004 | Val MiFmax: 0.7155 | Val MaFmax: 0.7854 | Val Smin: 12.8155
  --> New best model saved!
Epoch 005 | Loss: 0.0003 | Val MiFmax: 0.7660 | Val MaFmax: 0.8331 | Val Smin: 10.5008
  --> New best model saved!
Epoch 006 | Loss: 0.0002 | Val MiFmax: 0.7102 | Val MaFmax: 0.7648 | Val Smin: 13.1938
Epoch 007 | Loss: 0.0002 | Val MiFmax: 0.7916 | Val MaFmax: 0.8469 | Val Smin: 9.5363
  --> New best model saved!
Epoch 008 | Loss: 0.0002 | Val MiFmax: 0.7984 | Val MaFmax: 0.8694 | Val Smin: 9.1174
  --> New best model saved!
Epoch 009 | Loss: 0.0001 | Val MiFmax: 0.8077 | Val MaFmax: 0.8614 | Val Smin: 9.0409
Epoch 010 | Loss: 0.0001 | Val MiFmax: 0.8162 | Val MaFmax: 0.8666 | Val Smin: 8.5538
Epoch 011 | Loss: 0.0001 | Val MiFmax: 0.8032 | Val MaFmax: 0.8710 | Val Smin: 8.8422
  --> New best model saved!
Epoch 012 | Loss: 0.0001 | Val MiFmax: 0.8032 | Val MaFmax: 0.8635 | Val Smin: 8.9740
Epoch 013 | Loss: 0.0001 | Val MiFmax: 0.8212 | Val MaFmax: 0.8809 | Val Smin: 7.8534
  --> New best model saved!
Epoch 014 | Loss: 0.0001 | Val MiFmax: 0.8216 | Val MaFmax: 0.8841 | Val Smin: 7.7915
  --> New best model saved!
Epoch 015 | Loss: 0.0001 | Val MiFmax: 0.8315 | Val MaFmax: 0.8858 | Val Smin: 7.3178
  --> New best model saved!
Epoch 016 | Loss: 0.0001 | Val MiFmax: 0.8262 | Val MaFmax: 0.8837 | Val Smin: 7.7031
Epoch 017 | Loss: 0.0001 | Val MiFmax: 0.8383 | Val MaFmax: 0.8902 | Val Smin: 7.1916
  --> New best model saved!
Epoch 018 | Loss: 0.0001 | Val MiFmax: 0.8362 | Val MaFmax: 0.8858 | Val Smin: 7.1600
Epoch 019 | Loss: 0.0001 | Val MiFmax: 0.8387 | Val MaFmax: 0.8873 | Val Smin: 7.1401
Epoch 020 | Loss: 0.0001 | Val MiFmax: 0.8440 | Val MaFmax: 0.8899 | Val Smin: 7.0571
Epoch 021 | Loss: 0.0001 | Val MiFmax: 0.8301 | Val MaFmax: 0.8837 | Val Smin: 8.1222
Epoch 022 | Loss: 0.0003 | Val MiFmax: 0.8197 | Val MaFmax: 0.8795 | Val Smin: 8.2770
Epoch 023 | Loss: 0.0001 | Val MiFmax: 0.8317 | Val MaFmax: 0.8927 | Val Smin: 7.6471
  --> New best model saved!
Epoch 024 | Loss: 0.0001 | Val MiFmax: 0.8391 | Val MaFmax: 0.8933 | Val Smin: 7.3047
  --> New best model saved!
Epoch 025 | Loss: 0.0000 | Val MiFmax: 0.8398 | Val MaFmax: 0.8920 | Val Smin: 7.0514
Epoch 026 | Loss: 0.0000 | Val MiFmax: 0.8493 | Val MaFmax: 0.8996 | Val Smin: 6.7109
  --> New best model saved!
Epoch 027 | Loss: 0.0000 | Val MiFmax: 0.8299 | Val MaFmax: 0.8886 | Val Smin: 7.6794
Epoch 028 | Loss: 0.0000 | Val MiFmax: 0.8492 | Val MaFmax: 0.8930 | Val Smin: 6.5861
Epoch 029 | Loss: 0.0000 | Val MiFmax: 0.8374 | Val MaFmax: 0.8903 | Val Smin: 7.3215
Epoch 030 | Loss: 0.0000 | Val MiFmax: 0.8407 | Val MaFmax: 0.8908 | Val Smin: 6.8958
Epoch 031 | Loss: 0.0000 | Val MiFmax: 0.8226 | Val MaFmax: 0.8923 | Val Smin: 7.7168
Epoch 032 | Loss: 0.0001 | Val MiFmax: 0.8349 | Val MaFmax: 0.8824 | Val Smin: 7.2329
Epoch 033 | Loss: 0.0000 | Val MiFmax: 0.8434 | Val MaFmax: 0.8890 | Val Smin: 6.8335
Epoch 034 | Loss: 0.0000 | Val MiFmax: 0.8391 | Val MaFmax: 0.8866 | Val Smin: 6.9326
Epoch 035 | Loss: 0.0000 | Val MiFmax: 0.8520 | Val MaFmax: 0.8925 | Val Smin: 6.4586
Epoch 036 | Loss: 0.0000 | Val MiFmax: 0.8548 | Val MaFmax: 0.8939 | Val Smin: 6.3960
Epoch 037 | Loss: 0.0000 | Val MiFmax: 0.8464 | Val MaFmax: 0.8913 | Val Smin: 6.6398
Epoch 038 | Loss: 0.0000 | Val MiFmax: 0.8462 | Val MaFmax: 0.8928 | Val Smin: 6.6643
Epoch 039 | Loss: 0.0000 | Val MiFmax: 0.8470 | Val MaFmax: 0.8938 | Val Smin: 6.5958
Epoch 040 | Loss: 0.0000 | Val MiFmax: 0.8495 | Val MaFmax: 0.8942 | Val Smin: 6.5638
Epoch 041 | Loss: 0.0000 | Val MiFmax: 0.8489 | Val MaFmax: 0.8937 | Val Smin: 6.5341
Early stopping triggered after 41 epochs.
Training finished. Evaluating on Test Set...

--- TEST METRICS ---
Micro_Fmax: 0.8010
Macro_Fmax: 0.8405
Macro_AUROC: 0.9517
Micro_AUROC: 0.9477
Macro_AUPRC: 0.8188
Micro_AUPRC: 0.8210
Smin: 9.8660
Completed: 9 / 9
