Starting Input Modality Ablation on mlg2
Array Task ID: 2
Running for ontology: cellular_component
Running only for: cellular_component
=========================================
  Input Modality Ablation (Hybrid_JK)
=========================================
Output Directory: runs_ablation_input
  [✓] Found Tuned Params: LR=0.0005 | Dropout=0.2 | BatchSize=16
=========================================
------------------------------------------------------
  Run 1 / 9 | cellular_component | modality=seq_only | s42
------------------------------------------------------
Using device: cuda

[RESUME] Found successfully completed run in runs_ablation_input/cc_Hybrid_JK_Focal_lr0.0005_dp0.2_bs16_s42_seq_only.
[RESUME] Skipping training to save compute!

------------------------------------------------------
  Run 2 / 9 | cellular_component | modality=seq_only | s123
------------------------------------------------------
Using device: cuda

[RESUME] Found successfully completed run in runs_ablation_input/cc_Hybrid_JK_Focal_lr0.0005_dp0.2_bs16_s123_seq_only.
[RESUME] Skipping training to save compute!

------------------------------------------------------
  Run 3 / 9 | cellular_component | modality=seq_only | s456
------------------------------------------------------
Using device: cuda

[RESUME] Found successfully completed run in runs_ablation_input/cc_Hybrid_JK_Focal_lr0.0005_dp0.2_bs16_s456_seq_only.
[RESUME] Skipping training to save compute!

------------------------------------------------------
  Run 4 / 9 | cellular_component | modality=struct_only | s42
------------------------------------------------------
Using device: cuda
Loading datasets from preprocessing/data/split_files/datasets.pkl for cellular_component...
Alpha weights not found. Using default FocalLoss (alpha=0.25, gamma=4.0).
Epoch 001 | Loss: 0.0051 | Val MiFmax: 0.0461 | Val MaFmax: 0.0436 | Val Smin: 18.6609
  --> New best model saved!
Epoch 002 | Loss: 0.0023 | Val MiFmax: 0.0369 | Val MaFmax: 0.0430 | Val Smin: 986.7080
Epoch 003 | Loss: 0.0023 | Val MiFmax: 0.0753 | Val MaFmax: 0.0441 | Val Smin: 17.0118
  --> New best model saved!
Epoch 004 | Loss: 0.0023 | Val MiFmax: 0.0369 | Val MaFmax: 0.0430 | Val Smin: 1000.7441
Epoch 005 | Loss: 0.0023 | Val MiFmax: 0.0369 | Val MaFmax: 0.0430 | Val Smin: 13.0355
Epoch 006 | Loss: 0.0022 | Val MiFmax: 0.0369 | Val MaFmax: 0.0430 | Val Smin: 998.3123
Epoch 007 | Loss: 0.0022 | Val MiFmax: 0.0369 | Val MaFmax: 0.0430 | Val Smin: 998.1744
Epoch 008 | Loss: 0.0022 | Val MiFmax: 0.0369 | Val MaFmax: 0.0430 | Val Smin: 1000.7441
Epoch 009 | Loss: 0.0022 | Val MiFmax: 0.0369 | Val MaFmax: 0.0430 | Val Smin: 1000.7441
Epoch 010 | Loss: 0.0022 | Val MiFmax: 0.0875 | Val MaFmax: 0.0438 | Val Smin: 36.1015
Epoch 011 | Loss: 0.0022 | Val MiFmax: 0.0369 | Val MaFmax: 0.0430 | Val Smin: 928.7347
Epoch 012 | Loss: 0.0022 | Val MiFmax: 0.0369 | Val MaFmax: 0.0436 | Val Smin: 907.2943
Epoch 013 | Loss: 0.0022 | Val MiFmax: 0.0369 | Val MaFmax: 0.0434 | Val Smin: 632.1682
Epoch 014 | Loss: 0.0022 | Val MiFmax: 0.0369 | Val MaFmax: 0.0430 | Val Smin: 13.0355
Epoch 015 | Loss: 0.0022 | Val MiFmax: 0.0369 | Val MaFmax: 0.0430 | Val Smin: 1000.7441
Epoch 016 | Loss: 0.0022 | Val MiFmax: 0.0369 | Val MaFmax: 0.0430 | Val Smin: 1000.7441
Epoch 017 | Loss: 0.0022 | Val MiFmax: 0.0369 | Val MaFmax: 0.0430 | Val Smin: 13.0355
Epoch 018 | Loss: 0.0022 | Val MiFmax: 0.0369 | Val MaFmax: 0.0430 | Val Smin: 1000.7441
Early stopping triggered after 18 epochs.
Training finished. Evaluating on Test Set...

--- TEST METRICS ---
Micro_Fmax: 0.0912
Macro_Fmax: 0.0467
Macro_AUROC: 0.5001
Micro_AUROC: 0.5376
Macro_AUPRC: 0.5030
Micro_AUPRC: 0.0884
Smin: 19.2996
------------------------------------------------------
  Run 5 / 9 | cellular_component | modality=struct_only | s123
------------------------------------------------------
Using device: cuda
Loading datasets from preprocessing/data/split_files/datasets.pkl for cellular_component...
Alpha weights not found. Using default FocalLoss (alpha=0.25, gamma=4.0).
Epoch 001 | Loss: 0.0051 | Val MiFmax: 0.1179 | Val MaFmax: 0.0430 | Val Smin: 33.8071
  --> New best model saved!
Epoch 002 | Loss: 0.0023 | Val MiFmax: 0.0369 | Val MaFmax: 0.0430 | Val Smin: 13.0355
Epoch 003 | Loss: 0.0023 | Val MiFmax: 0.0369 | Val MaFmax: 0.0430 | Val Smin: 13.0355
Epoch 004 | Loss: 0.0023 | Val MiFmax: 0.0369 | Val MaFmax: 0.0430 | Val Smin: 13.0355
Epoch 005 | Loss: 0.0023 | Val MiFmax: 0.0369 | Val MaFmax: 0.0445 | Val Smin: 625.1614
  --> New best model saved!
Epoch 006 | Loss: 0.0022 | Val MiFmax: 0.0686 | Val MaFmax: 0.0430 | Val Smin: 19.1603
Epoch 007 | Loss: 0.0022 | Val MiFmax: 0.0369 | Val MaFmax: 0.0438 | Val Smin: 826.9434
Epoch 008 | Loss: 0.0022 | Val MiFmax: 0.0369 | Val MaFmax: 0.0430 | Val Smin: 995.3518
Epoch 009 | Loss: 0.0022 | Val MiFmax: 0.0369 | Val MaFmax: 0.0430 | Val Smin: 1000.7441
Epoch 010 | Loss: 0.0022 | Val MiFmax: 0.0369 | Val MaFmax: 0.0430 | Val Smin: 995.8371
Epoch 011 | Loss: 0.0022 | Val MiFmax: 0.0369 | Val MaFmax: 0.0430 | Val Smin: 997.1908
Epoch 012 | Loss: 0.0022 | Val MiFmax: 0.0369 | Val MaFmax: 0.0430 | Val Smin: 1000.7441
Epoch 013 | Loss: 0.0022 | Val MiFmax: 0.0373 | Val MaFmax: 0.0435 | Val Smin: 547.9477
Epoch 014 | Loss: 0.0022 | Val MiFmax: 0.0369 | Val MaFmax: 0.0437 | Val Smin: 943.0185
Epoch 015 | Loss: 0.0022 | Val MiFmax: 0.0369 | Val MaFmax: 0.0430 | Val Smin: 13.0355
Epoch 016 | Loss: 0.0022 | Val MiFmax: 0.0369 | Val MaFmax: 0.0430 | Val Smin: 983.9956
Epoch 017 | Loss: 0.0022 | Val MiFmax: 0.0369 | Val MaFmax: 0.0430 | Val Smin: 1000.7441
Epoch 018 | Loss: 0.0022 | Val MiFmax: 0.0369 | Val MaFmax: 0.0431 | Val Smin: 945.1656
Epoch 019 | Loss: 0.0022 | Val MiFmax: 0.0369 | Val MaFmax: 0.0430 | Val Smin: 851.0708
Epoch 020 | Loss: 0.0022 | Val MiFmax: 0.1363 | Val MaFmax: 0.0430 | Val Smin: 13.4784
Early stopping triggered after 20 epochs.
Training finished. Evaluating on Test Set...

--- TEST METRICS ---
Micro_Fmax: 0.0460
Macro_Fmax: 0.0466
Macro_AUROC: 0.4993
Micro_AUROC: 0.4621
Macro_AUPRC: 0.5059
Micro_AUPRC: 0.2706
Smin: 623.7158
------------------------------------------------------
  Run 6 / 9 | cellular_component | modality=struct_only | s456
------------------------------------------------------
Using device: cuda
Loading datasets from preprocessing/data/split_files/datasets.pkl for cellular_component...
Alpha weights not found. Using default FocalLoss (alpha=0.25, gamma=4.0).
Epoch 001 | Loss: 0.0051 | Val MiFmax: 0.0369 | Val MaFmax: 0.0430 | Val Smin: 970.6127
  --> New best model saved!
Epoch 002 | Loss: 0.0023 | Val MiFmax: 0.0370 | Val MaFmax: 0.0430 | Val Smin: 981.6777
  --> New best model saved!
Epoch 003 | Loss: 0.0023 | Val MiFmax: 0.0369 | Val MaFmax: 0.0440 | Val Smin: 687.3891
  --> New best model saved!
Epoch 004 | Loss: 0.0023 | Val MiFmax: 0.0369 | Val MaFmax: 0.0430 | Val Smin: 1000.7441
Epoch 005 | Loss: 0.0023 | Val MiFmax: 0.0369 | Val MaFmax: 0.0430 | Val Smin: 1000.7441
Epoch 006 | Loss: 0.0023 | Val MiFmax: 0.1236 | Val MaFmax: 0.0433 | Val Smin: 35.7535
Epoch 007 | Loss: 0.0022 | Val MiFmax: 0.0369 | Val MaFmax: 0.0430 | Val Smin: 1000.7441
Epoch 008 | Loss: 0.0022 | Val MiFmax: 0.0369 | Val MaFmax: 0.0430 | Val Smin: 998.9263
Epoch 009 | Loss: 0.0022 | Val MiFmax: 0.1039 | Val MaFmax: 0.0430 | Val Smin: 12.6285
Epoch 010 | Loss: 0.0022 | Val MiFmax: 0.0369 | Val MaFmax: 0.0430 | Val Smin: 13.0355
Epoch 011 | Loss: 0.0022 | Val MiFmax: 0.0369 | Val MaFmax: 0.0430 | Val Smin: 13.0355
Epoch 012 | Loss: 0.0022 | Val MiFmax: 0.0369 | Val MaFmax: 0.0430 | Val Smin: 13.0355
Epoch 013 | Loss: 0.0022 | Val MiFmax: 0.0369 | Val MaFmax: 0.0430 | Val Smin: 13.0355
Epoch 014 | Loss: 0.0022 | Val MiFmax: 0.0369 | Val MaFmax: 0.0430 | Val Smin: 13.0355
Epoch 015 | Loss: 0.0022 | Val MiFmax: 0.0369 | Val MaFmax: 0.0430 | Val Smin: 13.0355
Epoch 016 | Loss: 0.0022 | Val MiFmax: 0.0369 | Val MaFmax: 0.0430 | Val Smin: 1000.7441
Epoch 017 | Loss: 0.0022 | Val MiFmax: 0.0369 | Val MaFmax: 0.0433 | Val Smin: 993.9866
Epoch 018 | Loss: 0.0022 | Val MiFmax: 0.0369 | Val MaFmax: 0.0434 | Val Smin: 972.7585
Early stopping triggered after 18 epochs.
Training finished. Evaluating on Test Set...

--- TEST METRICS ---
Micro_Fmax: 0.0460
Macro_Fmax: 0.0476
Macro_AUROC: 0.5028
Micro_AUROC: 0.4429
Macro_AUPRC: 0.4999
Micro_AUPRC: 0.2848
Smin: 685.7138
------------------------------------------------------
  Run 7 / 9 | cellular_component | modality=full | s42
------------------------------------------------------
Using device: cuda
Loading datasets from preprocessing/data/split_files/datasets.pkl for cellular_component...
Alpha weights not found. Using default FocalLoss (alpha=0.25, gamma=4.0).
Epoch 001 | Loss: 0.0078 | Val MiFmax: 0.2791 | Val MaFmax: 0.2361 | Val Smin: 11.4794
  --> New best model saved!
Epoch 002 | Loss: 0.0016 | Val MiFmax: 0.3738 | Val MaFmax: 0.3659 | Val Smin: 10.3657
  --> New best model saved!
Epoch 003 | Loss: 0.0012 | Val MiFmax: 0.4056 | Val MaFmax: 0.3783 | Val Smin: 10.1291
  --> New best model saved!
Epoch 004 | Loss: 0.0010 | Val MiFmax: 0.5049 | Val MaFmax: 0.5068 | Val Smin: 8.8214
  --> New best model saved!
Epoch 005 | Loss: 0.0007 | Val MiFmax: 0.5392 | Val MaFmax: 0.5305 | Val Smin: 8.2685
  --> New best model saved!
Epoch 006 | Loss: 0.0005 | Val MiFmax: 0.5924 | Val MaFmax: 0.5543 | Val Smin: 7.3805
  --> New best model saved!
Epoch 007 | Loss: 0.0004 | Val MiFmax: 0.6080 | Val MaFmax: 0.6183 | Val Smin: 7.1208
  --> New best model saved!
Epoch 008 | Loss: 0.0004 | Val MiFmax: 0.6214 | Val MaFmax: 0.6060 | Val Smin: 6.6833
Epoch 009 | Loss: 0.0003 | Val MiFmax: 0.6446 | Val MaFmax: 0.6507 | Val Smin: 6.4222
  --> New best model saved!
Epoch 010 | Loss: 0.0003 | Val MiFmax: 0.6491 | Val MaFmax: 0.6715 | Val Smin: 6.5154
  --> New best model saved!
Epoch 011 | Loss: 0.0002 | Val MiFmax: 0.6535 | Val MaFmax: 0.6399 | Val Smin: 6.2810
Epoch 012 | Loss: 0.0002 | Val MiFmax: 0.6477 | Val MaFmax: 0.6503 | Val Smin: 6.4794
Epoch 013 | Loss: 0.0002 | Val MiFmax: 0.6617 | Val MaFmax: 0.6560 | Val Smin: 6.1755
Epoch 014 | Loss: 0.0002 | Val MiFmax: 0.6828 | Val MaFmax: 0.6710 | Val Smin: 5.8323
Epoch 015 | Loss: 0.0002 | Val MiFmax: 0.6593 | Val MaFmax: 0.6516 | Val Smin: 6.3765
Epoch 016 | Loss: 0.0002 | Val MiFmax: 0.6538 | Val MaFmax: 0.6221 | Val Smin: 6.3321
Epoch 017 | Loss: 0.0001 | Val MiFmax: 0.6806 | Val MaFmax: 0.6705 | Val Smin: 5.8767
Epoch 018 | Loss: 0.0001 | Val MiFmax: 0.6763 | Val MaFmax: 0.6681 | Val Smin: 6.0379
Epoch 019 | Loss: 0.0001 | Val MiFmax: 0.6745 | Val MaFmax: 0.6526 | Val Smin: 6.0174
Epoch 020 | Loss: 0.0001 | Val MiFmax: 0.6870 | Val MaFmax: 0.6548 | Val Smin: 5.7997
Epoch 021 | Loss: 0.0001 | Val MiFmax: 0.6930 | Val MaFmax: 0.6353 | Val Smin: 5.7189
Epoch 022 | Loss: 0.0001 | Val MiFmax: 0.6638 | Val MaFmax: 0.6560 | Val Smin: 6.2702
Epoch 023 | Loss: 0.0001 | Val MiFmax: 0.6765 | Val MaFmax: 0.6667 | Val Smin: 5.9606
Epoch 024 | Loss: 0.0000 | Val MiFmax: 0.6786 | Val MaFmax: 0.6614 | Val Smin: 5.9388
Epoch 025 | Loss: 0.0000 | Val MiFmax: 0.6961 | Val MaFmax: 0.6597 | Val Smin: 5.6879
Early stopping triggered after 25 epochs.
Training finished. Evaluating on Test Set...

--- TEST METRICS ---
Micro_Fmax: 0.5424
Macro_Fmax: 0.5810
Macro_AUROC: 0.9150
Micro_AUROC: 0.9265
Macro_AUPRC: 0.5213
Micro_AUPRC: 0.5605
Smin: 10.3811
------------------------------------------------------
  Run 8 / 9 | cellular_component | modality=full | s123
------------------------------------------------------
Using device: cuda
Loading datasets from preprocessing/data/split_files/datasets.pkl for cellular_component...
Alpha weights not found. Using default FocalLoss (alpha=0.25, gamma=4.0).
Epoch 001 | Loss: 0.0078 | Val MiFmax: 0.4137 | Val MaFmax: 0.3316 | Val Smin: 9.9088
  --> New best model saved!
Epoch 002 | Loss: 0.0013 | Val MiFmax: 0.4882 | Val MaFmax: 0.4468 | Val Smin: 8.9079
  --> New best model saved!
Epoch 003 | Loss: 0.0009 | Val MiFmax: 0.5229 | Val MaFmax: 0.5133 | Val Smin: 8.4644
  --> New best model saved!
Epoch 004 | Loss: 0.0006 | Val MiFmax: 0.5869 | Val MaFmax: 0.5615 | Val Smin: 7.3677
  --> New best model saved!
Epoch 005 | Loss: 0.0005 | Val MiFmax: 0.6009 | Val MaFmax: 0.5761 | Val Smin: 7.2686
  --> New best model saved!
Epoch 006 | Loss: 0.0004 | Val MiFmax: 0.6167 | Val MaFmax: 0.5991 | Val Smin: 6.9813
  --> New best model saved!
Epoch 007 | Loss: 0.0004 | Val MiFmax: 0.6241 | Val MaFmax: 0.6137 | Val Smin: 6.7874
  --> New best model saved!
Epoch 008 | Loss: 0.0003 | Val MiFmax: 0.6095 | Val MaFmax: 0.5988 | Val Smin: 6.9239
Epoch 009 | Loss: 0.0003 | Val MiFmax: 0.6479 | Val MaFmax: 0.6320 | Val Smin: 6.4023
  --> New best model saved!
Epoch 010 | Loss: 0.0003 | Val MiFmax: 0.6609 | Val MaFmax: 0.6601 | Val Smin: 6.1999
  --> New best model saved!
Epoch 011 | Loss: 0.0002 | Val MiFmax: 0.6589 | Val MaFmax: 0.6582 | Val Smin: 6.2609
Epoch 012 | Loss: 0.0002 | Val MiFmax: 0.6504 | Val MaFmax: 0.6427 | Val Smin: 6.3369
Epoch 013 | Loss: 0.0002 | Val MiFmax: 0.6741 | Val MaFmax: 0.6675 | Val Smin: 5.9969
  --> New best model saved!
Epoch 014 | Loss: 0.0002 | Val MiFmax: 0.6657 | Val MaFmax: 0.6551 | Val Smin: 6.1170
Epoch 015 | Loss: 0.0002 | Val MiFmax: 0.6619 | Val MaFmax: 0.6568 | Val Smin: 6.2660
Epoch 016 | Loss: 0.0002 | Val MiFmax: 0.6653 | Val MaFmax: 0.6523 | Val Smin: 6.1219
Epoch 017 | Loss: 0.0002 | Val MiFmax: 0.6426 | Val MaFmax: 0.6370 | Val Smin: 6.4559
Epoch 018 | Loss: 0.0002 | Val MiFmax: 0.6660 | Val MaFmax: 0.6575 | Val Smin: 6.0604
Epoch 019 | Loss: 0.0001 | Val MiFmax: 0.6495 | Val MaFmax: 0.6594 | Val Smin: 6.4072
Epoch 020 | Loss: 0.0001 | Val MiFmax: 0.6809 | Val MaFmax: 0.6655 | Val Smin: 5.8062
Epoch 021 | Loss: 0.0001 | Val MiFmax: 0.6856 | Val MaFmax: 0.6611 | Val Smin: 5.7223
Epoch 022 | Loss: 0.0001 | Val MiFmax: 0.6937 | Val MaFmax: 0.6740 | Val Smin: 5.6738
  --> New best model saved!
Epoch 023 | Loss: 0.0001 | Val MiFmax: 0.7033 | Val MaFmax: 0.6727 | Val Smin: 5.5234
Epoch 024 | Loss: 0.0001 | Val MiFmax: 0.6800 | Val MaFmax: 0.6589 | Val Smin: 5.8674
Epoch 025 | Loss: 0.0001 | Val MiFmax: 0.6828 | Val MaFmax: 0.6654 | Val Smin: 5.8064
Epoch 026 | Loss: 0.0001 | Val MiFmax: 0.6894 | Val MaFmax: 0.6621 | Val Smin: 5.7220
Epoch 027 | Loss: 0.0001 | Val MiFmax: 0.6688 | Val MaFmax: 0.6617 | Val Smin: 6.0209
Epoch 028 | Loss: 0.0001 | Val MiFmax: 0.6947 | Val MaFmax: 0.6725 | Val Smin: 5.6376
Epoch 029 | Loss: 0.0001 | Val MiFmax: 0.6959 | Val MaFmax: 0.6662 | Val Smin: 5.5470
Epoch 030 | Loss: 0.0000 | Val MiFmax: 0.7018 | Val MaFmax: 0.6738 | Val Smin: 5.5015
Epoch 031 | Loss: 0.0000 | Val MiFmax: 0.6966 | Val MaFmax: 0.6678 | Val Smin: 5.6227
Epoch 032 | Loss: 0.0000 | Val MiFmax: 0.6972 | Val MaFmax: 0.6731 | Val Smin: 5.6058
Epoch 033 | Loss: 0.0000 | Val MiFmax: 0.6942 | Val MaFmax: 0.6695 | Val Smin: 5.6142
Epoch 034 | Loss: 0.0000 | Val MiFmax: 0.6988 | Val MaFmax: 0.6756 | Val Smin: 5.5624
  --> New best model saved!
Epoch 035 | Loss: 0.0000 | Val MiFmax: 0.6957 | Val MaFmax: 0.6756 | Val Smin: 5.6218
  --> New best model saved!
Epoch 036 | Loss: 0.0000 | Val MiFmax: 0.6947 | Val MaFmax: 0.6704 | Val Smin: 5.6262
Epoch 037 | Loss: 0.0000 | Val MiFmax: 0.6999 | Val MaFmax: 0.6700 | Val Smin: 5.5544
Epoch 038 | Loss: 0.0000 | Val MiFmax: 0.6874 | Val MaFmax: 0.6679 | Val Smin: 5.8167
Epoch 039 | Loss: 0.0000 | Val MiFmax: 0.6916 | Val MaFmax: 0.6682 | Val Smin: 5.6913
Epoch 040 | Loss: 0.0000 | Val MiFmax: 0.6925 | Val MaFmax: 0.6717 | Val Smin: 5.6748
Epoch 041 | Loss: 0.0000 | Val MiFmax: 0.6919 | Val MaFmax: 0.6767 | Val Smin: 5.6441
  --> New best model saved!
Epoch 042 | Loss: 0.0000 | Val MiFmax: 0.6950 | Val MaFmax: 0.6735 | Val Smin: 5.6204
Epoch 043 | Loss: 0.0000 | Val MiFmax: 0.6908 | Val MaFmax: 0.6740 | Val Smin: 5.6814
Epoch 044 | Loss: 0.0000 | Val MiFmax: 0.6972 | Val MaFmax: 0.6726 | Val Smin: 5.5977
Epoch 045 | Loss: 0.0000 | Val MiFmax: 0.6904 | Val MaFmax: 0.6732 | Val Smin: 5.6925
Epoch 046 | Loss: 0.0000 | Val MiFmax: 0.6942 | Val MaFmax: 0.6714 | Val Smin: 5.6584
Epoch 047 | Loss: 0.0000 | Val MiFmax: 0.6891 | Val MaFmax: 0.6714 | Val Smin: 5.6939
Epoch 048 | Loss: 0.0000 | Val MiFmax: 0.6873 | Val MaFmax: 0.6706 | Val Smin: 5.6906
Epoch 049 | Loss: 0.0000 | Val MiFmax: 0.6900 | Val MaFmax: 0.6726 | Val Smin: 5.6920
Epoch 050 | Loss: 0.0000 | Val MiFmax: 0.6956 | Val MaFmax: 0.6731 | Val Smin: 5.6175
Epoch 051 | Loss: 0.0000 | Val MiFmax: 0.6932 | Val MaFmax: 0.6755 | Val Smin: 5.6290
Epoch 052 | Loss: 0.0000 | Val MiFmax: 0.6963 | Val MaFmax: 0.6746 | Val Smin: 5.6146
Epoch 053 | Loss: 0.0000 | Val MiFmax: 0.6935 | Val MaFmax: 0.6763 | Val Smin: 5.6285
Epoch 054 | Loss: 0.0000 | Val MiFmax: 0.6939 | Val MaFmax: 0.6786 | Val Smin: 5.6320
  --> New best model saved!
Epoch 055 | Loss: 0.0000 | Val MiFmax: 0.6904 | Val MaFmax: 0.6763 | Val Smin: 5.7289
Epoch 056 | Loss: 0.0000 | Val MiFmax: 0.6922 | Val MaFmax: 0.6762 | Val Smin: 5.6545
Epoch 057 | Loss: 0.0000 | Val MiFmax: 0.6913 | Val MaFmax: 0.6745 | Val Smin: 5.6582
Epoch 058 | Loss: 0.0000 | Val MiFmax: 0.6967 | Val MaFmax: 0.6783 | Val Smin: 5.5935
Epoch 059 | Loss: 0.0000 | Val MiFmax: 0.6886 | Val MaFmax: 0.6743 | Val Smin: 5.6887
Epoch 060 | Loss: 0.0000 | Val MiFmax: 0.6939 | Val MaFmax: 0.6744 | Val Smin: 5.6262
Epoch 061 | Loss: 0.0000 | Val MiFmax: 0.6942 | Val MaFmax: 0.6766 | Val Smin: 5.6252
Epoch 062 | Loss: 0.0000 | Val MiFmax: 0.6939 | Val MaFmax: 0.6752 | Val Smin: 5.6178
Epoch 063 | Loss: 0.0000 | Val MiFmax: 0.6964 | Val MaFmax: 0.6729 | Val Smin: 5.5989
Epoch 064 | Loss: 0.0000 | Val MiFmax: 0.6950 | Val MaFmax: 0.6767 | Val Smin: 5.6314
Epoch 065 | Loss: 0.0000 | Val MiFmax: 0.6954 | Val MaFmax: 0.6748 | Val Smin: 5.6078
Epoch 066 | Loss: 0.0000 | Val MiFmax: 0.6910 | Val MaFmax: 0.6763 | Val Smin: 5.6672
Epoch 067 | Loss: 0.0000 | Val MiFmax: 0.6889 | Val MaFmax: 0.6735 | Val Smin: 5.6931
Epoch 068 | Loss: 0.0000 | Val MiFmax: 0.6933 | Val MaFmax: 0.6751 | Val Smin: 5.6271
Epoch 069 | Loss: 0.0000 | Val MiFmax: 0.6959 | Val MaFmax: 0.6764 | Val Smin: 5.5873
Early stopping triggered after 69 epochs.
Training finished. Evaluating on Test Set...

--- TEST METRICS ---
Micro_Fmax: 0.6010
Macro_Fmax: 0.6076
Macro_AUROC: 0.8909
Micro_AUROC: 0.8949
Macro_AUPRC: 0.5436
Micro_AUPRC: 0.5714
Smin: 9.0073
------------------------------------------------------
  Run 9 / 9 | cellular_component | modality=full | s456
------------------------------------------------------
Using device: cuda
Loading datasets from preprocessing/data/split_files/datasets.pkl for cellular_component...
Alpha weights not found. Using default FocalLoss (alpha=0.25, gamma=4.0).
Epoch 001 | Loss: 0.0078 | Val MiFmax: 0.3130 | Val MaFmax: 0.2569 | Val Smin: 11.0259
  --> New best model saved!
Epoch 002 | Loss: 0.0014 | Val MiFmax: 0.4734 | Val MaFmax: 0.4253 | Val Smin: 9.5081
  --> New best model saved!
Epoch 003 | Loss: 0.0010 | Val MiFmax: 0.5570 | Val MaFmax: 0.5169 | Val Smin: 7.9690
  --> New best model saved!
Epoch 004 | Loss: 0.0007 | Val MiFmax: 0.5695 | Val MaFmax: 0.5242 | Val Smin: 7.7603
  --> New best model saved!
Epoch 005 | Loss: 0.0005 | Val MiFmax: 0.6000 | Val MaFmax: 0.5776 | Val Smin: 7.0905
  --> New best model saved!
Epoch 006 | Loss: 0.0004 | Val MiFmax: 0.6231 | Val MaFmax: 0.5824 | Val Smin: 6.9270
  --> New best model saved!
Epoch 007 | Loss: 0.0003 | Val MiFmax: 0.6326 | Val MaFmax: 0.6256 | Val Smin: 6.6843
  --> New best model saved!
Epoch 008 | Loss: 0.0003 | Val MiFmax: 0.6459 | Val MaFmax: 0.6249 | Val Smin: 6.4180
Epoch 009 | Loss: 0.0003 | Val MiFmax: 0.6536 | Val MaFmax: 0.6133 | Val Smin: 6.3068
Epoch 010 | Loss: 0.0002 | Val MiFmax: 0.6548 | Val MaFmax: 0.6249 | Val Smin: 6.3693
Epoch 011 | Loss: 0.0002 | Val MiFmax: 0.6680 | Val MaFmax: 0.6129 | Val Smin: 6.0932
Epoch 012 | Loss: 0.0002 | Val MiFmax: 0.6659 | Val MaFmax: 0.6267 | Val Smin: 6.1833
  --> New best model saved!
Epoch 013 | Loss: 0.0002 | Val MiFmax: 0.6565 | Val MaFmax: 0.6315 | Val Smin: 6.3556
  --> New best model saved!
Epoch 014 | Loss: 0.0002 | Val MiFmax: 0.6536 | Val MaFmax: 0.6139 | Val Smin: 6.4004
Epoch 015 | Loss: 0.0002 | Val MiFmax: 0.6759 | Val MaFmax: 0.6221 | Val Smin: 5.9780
Epoch 016 | Loss: 0.0001 | Val MiFmax: 0.6808 | Val MaFmax: 0.6472 | Val Smin: 5.8944
  --> New best model saved!
Epoch 017 | Loss: 0.0001 | Val MiFmax: 0.6800 | Val MaFmax: 0.6350 | Val Smin: 5.8902
Epoch 018 | Loss: 0.0002 | Val MiFmax: 0.6699 | Val MaFmax: 0.6212 | Val Smin: 6.2187
Epoch 019 | Loss: 0.0002 | Val MiFmax: 0.7008 | Val MaFmax: 0.6282 | Val Smin: 5.6223
Epoch 020 | Loss: 0.0001 | Val MiFmax: 0.6936 | Val MaFmax: 0.6278 | Val Smin: 5.6652
Epoch 021 | Loss: 0.0002 | Val MiFmax: 0.6498 | Val MaFmax: 0.6087 | Val Smin: 6.3399
Epoch 022 | Loss: 0.0003 | Val MiFmax: 0.6592 | Val MaFmax: 0.6332 | Val Smin: 6.2590
Epoch 023 | Loss: 0.0001 | Val MiFmax: 0.6874 | Val MaFmax: 0.6380 | Val Smin: 5.7160
Epoch 024 | Loss: 0.0001 | Val MiFmax: 0.6958 | Val MaFmax: 0.6389 | Val Smin: 5.6731
Epoch 025 | Loss: 0.0001 | Val MiFmax: 0.6921 | Val MaFmax: 0.6425 | Val Smin: 5.6523
Epoch 026 | Loss: 0.0001 | Val MiFmax: 0.6939 | Val MaFmax: 0.6396 | Val Smin: 5.6382
Epoch 027 | Loss: 0.0001 | Val MiFmax: 0.6996 | Val MaFmax: 0.6411 | Val Smin: 5.6401
Epoch 028 | Loss: 0.0001 | Val MiFmax: 0.6930 | Val MaFmax: 0.6441 | Val Smin: 5.7039
Epoch 029 | Loss: 0.0000 | Val MiFmax: 0.6974 | Val MaFmax: 0.6426 | Val Smin: 5.6064
Epoch 030 | Loss: 0.0000 | Val MiFmax: 0.6961 | Val MaFmax: 0.6445 | Val Smin: 5.6190
Epoch 031 | Loss: 0.0000 | Val MiFmax: 0.7011 | Val MaFmax: 0.6463 | Val Smin: 5.5903
Early stopping triggered after 31 epochs.
Training finished. Evaluating on Test Set...

--- TEST METRICS ---
Micro_Fmax: 0.5969
Macro_Fmax: 0.6029
Macro_AUROC: 0.9311
Micro_AUROC: 0.9298
Macro_AUPRC: 0.5445
Micro_AUPRC: 0.5999
Smin: 9.3906
Completed: 9 / 9
