Starting Loss Function Ablation on mgh3
Array Task ID: 0
Running for ontology: biological_process
Running only for: biological_process
=========================================
  Loss Function Ablation (Hybrid_JK)
=========================================
Output Directory: runs_ablation_loss
  [✓] Found Tuned Params: LR=0.0005 | Dropout=0.4 | BatchSize=32
=========================================
------------------------------------------------------
  Run 1 / 12 | biological_process | BCE | gamma=4.0 | s42
------------------------------------------------------
Using device: cuda
Loading datasets from preprocessing/data/split_files/datasets.pkl for biological_process...
Epoch 001 | Loss: 0.6263 | Val MiFmax: 0.2010 | Val MaFmax: 0.1696 | Val Smin: 63.9589
  --> New best model saved!
Epoch 002 | Loss: 0.2291 | Val MiFmax: 0.2719 | Val MaFmax: 0.1968 | Val Smin: 61.7360
  --> New best model saved!
Epoch 003 | Loss: 0.0795 | Val MiFmax: 0.3265 | Val MaFmax: 0.2795 | Val Smin: 59.0423
  --> New best model saved!
Epoch 004 | Loss: 0.0579 | Val MiFmax: 0.3715 | Val MaFmax: 0.3278 | Val Smin: 56.9587
  --> New best model saved!
Epoch 005 | Loss: 0.0469 | Val MiFmax: 0.4194 | Val MaFmax: 0.3872 | Val Smin: 53.8377
  --> New best model saved!
Epoch 006 | Loss: 0.0401 | Val MiFmax: 0.4486 | Val MaFmax: 0.4220 | Val Smin: 51.9288
  --> New best model saved!
Epoch 007 | Loss: 0.0358 | Val MiFmax: 0.4893 | Val MaFmax: 0.4903 | Val Smin: 48.4068
  --> New best model saved!
Epoch 008 | Loss: 0.0305 | Val MiFmax: 0.5541 | Val MaFmax: 0.5061 | Val Smin: 42.5268
  --> New best model saved!
Epoch 009 | Loss: 0.0269 | Val MiFmax: 0.5743 | Val MaFmax: 0.5640 | Val Smin: 40.5354
  --> New best model saved!
Epoch 010 | Loss: 0.0239 | Val MiFmax: 0.6043 | Val MaFmax: 0.5609 | Val Smin: 38.4478
Epoch 011 | Loss: 0.0214 | Val MiFmax: 0.6077 | Val MaFmax: 0.6037 | Val Smin: 38.2689
  --> New best model saved!
Epoch 012 | Loss: 0.0193 | Val MiFmax: 0.6227 | Val MaFmax: 0.5977 | Val Smin: 36.6284
Epoch 013 | Loss: 0.0173 | Val MiFmax: 0.6498 | Val MaFmax: 0.6368 | Val Smin: 34.4309
  --> New best model saved!
Epoch 014 | Loss: 0.0157 | Val MiFmax: 0.6509 | Val MaFmax: 0.6253 | Val Smin: 34.2202
Epoch 015 | Loss: 0.0140 | Val MiFmax: 0.6565 | Val MaFmax: 0.6578 | Val Smin: 33.8390
  --> New best model saved!
Epoch 016 | Loss: 0.0132 | Val MiFmax: 0.6646 | Val MaFmax: 0.6570 | Val Smin: 33.2071
Epoch 017 | Loss: 0.0121 | Val MiFmax: 0.6706 | Val MaFmax: 0.6679 | Val Smin: 32.6235
  --> New best model saved!
Epoch 018 | Loss: 0.0114 | Val MiFmax: 0.6738 | Val MaFmax: 0.6710 | Val Smin: 32.2457
  --> New best model saved!
Epoch 019 | Loss: 0.0100 | Val MiFmax: 0.6861 | Val MaFmax: 0.6876 | Val Smin: 31.2313
  --> New best model saved!
Epoch 020 | Loss: 0.0094 | Val MiFmax: 0.6817 | Val MaFmax: 0.6858 | Val Smin: 31.5854
Epoch 021 | Loss: 0.0087 | Val MiFmax: 0.6808 | Val MaFmax: 0.6866 | Val Smin: 31.5544
Epoch 022 | Loss: 0.0083 | Val MiFmax: 0.6935 | Val MaFmax: 0.6937 | Val Smin: 30.7587
  --> New best model saved!
Epoch 023 | Loss: 0.0075 | Val MiFmax: 0.6940 | Val MaFmax: 0.6908 | Val Smin: 30.3779
Epoch 024 | Loss: 0.0070 | Val MiFmax: 0.7022 | Val MaFmax: 0.7027 | Val Smin: 29.8847
  --> New best model saved!
Epoch 025 | Loss: 0.0065 | Val MiFmax: 0.7119 | Val MaFmax: 0.7096 | Val Smin: 29.1493
  --> New best model saved!
Epoch 026 | Loss: 0.0063 | Val MiFmax: 0.7153 | Val MaFmax: 0.7091 | Val Smin: 28.8421
Epoch 027 | Loss: 0.0059 | Val MiFmax: 0.7069 | Val MaFmax: 0.7140 | Val Smin: 29.0273
  --> New best model saved!
Epoch 028 | Loss: 0.0056 | Val MiFmax: 0.7137 | Val MaFmax: 0.7082 | Val Smin: 29.0204
Epoch 029 | Loss: 0.0054 | Val MiFmax: 0.7190 | Val MaFmax: 0.7154 | Val Smin: 28.3308
  --> New best model saved!
Epoch 030 | Loss: 0.0051 | Val MiFmax: 0.7199 | Val MaFmax: 0.7175 | Val Smin: 28.3306
  --> New best model saved!
Epoch 031 | Loss: 0.0048 | Val MiFmax: 0.7275 | Val MaFmax: 0.7198 | Val Smin: 27.5168
  --> New best model saved!
Epoch 032 | Loss: 0.0045 | Val MiFmax: 0.7293 | Val MaFmax: 0.7177 | Val Smin: 27.4134
Epoch 033 | Loss: 0.0040 | Val MiFmax: 0.7296 | Val MaFmax: 0.7177 | Val Smin: 27.3844
Epoch 034 | Loss: 0.0038 | Val MiFmax: 0.7317 | Val MaFmax: 0.7186 | Val Smin: 27.3594
Epoch 035 | Loss: 0.0036 | Val MiFmax: 0.7296 | Val MaFmax: 0.7183 | Val Smin: 27.4802
Epoch 036 | Loss: 0.0036 | Val MiFmax: 0.7333 | Val MaFmax: 0.7200 | Val Smin: 27.1111
  --> New best model saved!
Epoch 037 | Loss: 0.0034 | Val MiFmax: 0.7303 | Val MaFmax: 0.7256 | Val Smin: 27.2069
  --> New best model saved!
Epoch 038 | Loss: 0.0034 | Val MiFmax: 0.7296 | Val MaFmax: 0.7210 | Val Smin: 27.3740
Epoch 039 | Loss: 0.0030 | Val MiFmax: 0.7337 | Val MaFmax: 0.7237 | Val Smin: 26.8810
Epoch 040 | Loss: 0.0030 | Val MiFmax: 0.7385 | Val MaFmax: 0.7271 | Val Smin: 26.6083
  --> New best model saved!
Epoch 041 | Loss: 0.0029 | Val MiFmax: 0.7316 | Val MaFmax: 0.7258 | Val Smin: 27.6281
Epoch 042 | Loss: 0.0027 | Val MiFmax: 0.7363 | Val MaFmax: 0.7265 | Val Smin: 26.5473
Epoch 043 | Loss: 0.0025 | Val MiFmax: 0.7356 | Val MaFmax: 0.7253 | Val Smin: 26.6388
Epoch 044 | Loss: 0.0026 | Val MiFmax: 0.7336 | Val MaFmax: 0.7290 | Val Smin: 26.7466
  --> New best model saved!
Epoch 045 | Loss: 0.0025 | Val MiFmax: 0.7320 | Val MaFmax: 0.7322 | Val Smin: 27.0439
  --> New best model saved!
Epoch 046 | Loss: 0.0024 | Val MiFmax: 0.7349 | Val MaFmax: 0.7282 | Val Smin: 26.8357
Epoch 047 | Loss: 0.0023 | Val MiFmax: 0.7332 | Val MaFmax: 0.7304 | Val Smin: 26.9703
Epoch 048 | Loss: 0.0024 | Val MiFmax: 0.7322 | Val MaFmax: 0.7289 | Val Smin: 26.8751
Epoch 049 | Loss: 0.0022 | Val MiFmax: 0.7331 | Val MaFmax: 0.7303 | Val Smin: 26.8775
Epoch 050 | Loss: 0.0020 | Val MiFmax: 0.7424 | Val MaFmax: 0.7335 | Val Smin: 26.0699
  --> New best model saved!
Epoch 051 | Loss: 0.0018 | Val MiFmax: 0.7391 | Val MaFmax: 0.7347 | Val Smin: 26.4878
  --> New best model saved!
Epoch 052 | Loss: 0.0019 | Val MiFmax: 0.7356 | Val MaFmax: 0.7350 | Val Smin: 26.6895
  --> New best model saved!
Epoch 053 | Loss: 0.0017 | Val MiFmax: 0.7372 | Val MaFmax: 0.7288 | Val Smin: 26.5991
Epoch 054 | Loss: 0.0016 | Val MiFmax: 0.7363 | Val MaFmax: 0.7302 | Val Smin: 26.9989
Epoch 055 | Loss: 0.0016 | Val MiFmax: 0.7444 | Val MaFmax: 0.7373 | Val Smin: 26.0772
  --> New best model saved!
Epoch 056 | Loss: 0.0016 | Val MiFmax: 0.7429 | Val MaFmax: 0.7372 | Val Smin: 26.1711
Epoch 057 | Loss: 0.0016 | Val MiFmax: 0.7450 | Val MaFmax: 0.7361 | Val Smin: 25.9130
Epoch 058 | Loss: 0.0015 | Val MiFmax: 0.7391 | Val MaFmax: 0.7373 | Val Smin: 26.3189
  --> New best model saved!
Epoch 059 | Loss: 0.0014 | Val MiFmax: 0.7404 | Val MaFmax: 0.7357 | Val Smin: 26.1820
Epoch 060 | Loss: 0.0014 | Val MiFmax: 0.7364 | Val MaFmax: 0.7327 | Val Smin: 26.7297
Epoch 061 | Loss: 0.0013 | Val MiFmax: 0.7324 | Val MaFmax: 0.7276 | Val Smin: 26.9568
Epoch 062 | Loss: 0.0011 | Val MiFmax: 0.7441 | Val MaFmax: 0.7361 | Val Smin: 25.9814
Epoch 063 | Loss: 0.0009 | Val MiFmax: 0.7465 | Val MaFmax: 0.7388 | Val Smin: 25.7120
  --> New best model saved!
Epoch 064 | Loss: 0.0009 | Val MiFmax: 0.7490 | Val MaFmax: 0.7367 | Val Smin: 25.5176
Epoch 065 | Loss: 0.0009 | Val MiFmax: 0.7463 | Val MaFmax: 0.7385 | Val Smin: 25.6757
Epoch 066 | Loss: 0.0008 | Val MiFmax: 0.7450 | Val MaFmax: 0.7385 | Val Smin: 25.8536
Epoch 067 | Loss: 0.0008 | Val MiFmax: 0.7456 | Val MaFmax: 0.7387 | Val Smin: 25.6768
Epoch 068 | Loss: 0.0007 | Val MiFmax: 0.7478 | Val MaFmax: 0.7379 | Val Smin: 25.5326
Epoch 069 | Loss: 0.0007 | Val MiFmax: 0.7537 | Val MaFmax: 0.7379 | Val Smin: 25.2899
Epoch 070 | Loss: 0.0006 | Val MiFmax: 0.7500 | Val MaFmax: 0.7396 | Val Smin: 25.2471
  --> New best model saved!
Epoch 071 | Loss: 0.0006 | Val MiFmax: 0.7499 | Val MaFmax: 0.7406 | Val Smin: 25.4968
  --> New best model saved!
Epoch 072 | Loss: 0.0006 | Val MiFmax: 0.7523 | Val MaFmax: 0.7416 | Val Smin: 25.1718
  --> New best model saved!
Epoch 073 | Loss: 0.0005 | Val MiFmax: 0.7526 | Val MaFmax: 0.7419 | Val Smin: 25.0379
  --> New best model saved!
Epoch 074 | Loss: 0.0005 | Val MiFmax: 0.7565 | Val MaFmax: 0.7414 | Val Smin: 25.0115
Epoch 075 | Loss: 0.0005 | Val MiFmax: 0.7530 | Val MaFmax: 0.7422 | Val Smin: 25.0459
  --> New best model saved!
Epoch 076 | Loss: 0.0005 | Val MiFmax: 0.7559 | Val MaFmax: 0.7410 | Val Smin: 24.7721
Epoch 077 | Loss: 0.0005 | Val MiFmax: 0.7549 | Val MaFmax: 0.7443 | Val Smin: 24.8197
  --> New best model saved!
Epoch 078 | Loss: 0.0005 | Val MiFmax: 0.7560 | Val MaFmax: 0.7426 | Val Smin: 24.7609
Epoch 079 | Loss: 0.0005 | Val MiFmax: 0.7555 | Val MaFmax: 0.7400 | Val Smin: 24.7767
Epoch 080 | Loss: 0.0005 | Val MiFmax: 0.7548 | Val MaFmax: 0.7453 | Val Smin: 24.7707
  --> New best model saved!
Epoch 081 | Loss: 0.0004 | Val MiFmax: 0.7566 | Val MaFmax: 0.7449 | Val Smin: 24.5766
Epoch 082 | Loss: 0.0005 | Val MiFmax: 0.7535 | Val MaFmax: 0.7437 | Val Smin: 25.0820
Epoch 083 | Loss: 0.0004 | Val MiFmax: 0.7573 | Val MaFmax: 0.7423 | Val Smin: 24.8145
Epoch 084 | Loss: 0.0005 | Val MiFmax: 0.7554 | Val MaFmax: 0.7427 | Val Smin: 24.8313
Epoch 085 | Loss: 0.0004 | Val MiFmax: 0.7575 | Val MaFmax: 0.7432 | Val Smin: 24.6337
Epoch 086 | Loss: 0.0004 | Val MiFmax: 0.7556 | Val MaFmax: 0.7416 | Val Smin: 24.8557
Epoch 087 | Loss: 0.0004 | Val MiFmax: 0.7567 | Val MaFmax: 0.7406 | Val Smin: 24.8267
Epoch 088 | Loss: 0.0004 | Val MiFmax: 0.7555 | Val MaFmax: 0.7429 | Val Smin: 24.9305
Epoch 089 | Loss: 0.0004 | Val MiFmax: 0.7545 | Val MaFmax: 0.7421 | Val Smin: 24.8601
Epoch 090 | Loss: 0.0004 | Val MiFmax: 0.7564 | Val MaFmax: 0.7429 | Val Smin: 24.7549
Epoch 091 | Loss: 0.0004 | Val MiFmax: 0.7534 | Val MaFmax: 0.7427 | Val Smin: 24.9042
Epoch 092 | Loss: 0.0004 | Val MiFmax: 0.7550 | Val MaFmax: 0.7425 | Val Smin: 24.9147
Epoch 093 | Loss: 0.0003 | Val MiFmax: 0.7557 | Val MaFmax: 0.7417 | Val Smin: 24.9303
Epoch 094 | Loss: 0.0003 | Val MiFmax: 0.7561 | Val MaFmax: 0.7419 | Val Smin: 24.8356
Epoch 095 | Loss: 0.0003 | Val MiFmax: 0.7550 | Val MaFmax: 0.7405 | Val Smin: 24.9055
Early stopping triggered after 95 epochs.
Training finished. Evaluating on Test Set...

--- TEST METRICS ---
Micro_Fmax: 0.6762
Macro_Fmax: 0.6716
Macro_AUROC: 0.8749
Micro_AUROC: 0.8727
Macro_AUPRC: 0.6255
Micro_AUPRC: 0.6479
Smin: 35.2849
------------------------------------------------------
  Run 2 / 12 | biological_process | BCE | gamma=4.0 | s123
------------------------------------------------------
Using device: cuda
Loading datasets from preprocessing/data/split_files/datasets.pkl for biological_process...
Epoch 001 | Loss: 0.6225 | Val MiFmax: 0.2241 | Val MaFmax: 0.1806 | Val Smin: 63.5949
  --> New best model saved!
Epoch 002 | Loss: 0.2250 | Val MiFmax: 0.2720 | Val MaFmax: 0.1875 | Val Smin: 61.2863
  --> New best model saved!
Epoch 003 | Loss: 0.0766 | Val MiFmax: 0.3357 | Val MaFmax: 0.2711 | Val Smin: 58.8092
  --> New best model saved!
Epoch 004 | Loss: 0.0558 | Val MiFmax: 0.3749 | Val MaFmax: 0.3671 | Val Smin: 56.9014
  --> New best model saved!
Epoch 005 | Loss: 0.0462 | Val MiFmax: 0.4225 | Val MaFmax: 0.4327 | Val Smin: 53.6927
  --> New best model saved!
Epoch 006 | Loss: 0.0396 | Val MiFmax: 0.4770 | Val MaFmax: 0.4544 | Val Smin: 49.5897
  --> New best model saved!
Epoch 007 | Loss: 0.0344 | Val MiFmax: 0.5232 | Val MaFmax: 0.4816 | Val Smin: 45.3379
  --> New best model saved!
Epoch 008 | Loss: 0.0294 | Val MiFmax: 0.5547 | Val MaFmax: 0.5227 | Val Smin: 42.4287
  --> New best model saved!
Epoch 009 | Loss: 0.0260 | Val MiFmax: 0.5811 | Val MaFmax: 0.5615 | Val Smin: 40.1763
  --> New best model saved!
Epoch 010 | Loss: 0.0229 | Val MiFmax: 0.5961 | Val MaFmax: 0.5757 | Val Smin: 38.6213
  --> New best model saved!
Epoch 011 | Loss: 0.0204 | Val MiFmax: 0.6081 | Val MaFmax: 0.5938 | Val Smin: 37.7266
  --> New best model saved!
Epoch 012 | Loss: 0.0188 | Val MiFmax: 0.6240 | Val MaFmax: 0.6138 | Val Smin: 36.3555
  --> New best model saved!
Epoch 013 | Loss: 0.0168 | Val MiFmax: 0.6264 | Val MaFmax: 0.6174 | Val Smin: 36.2348
  --> New best model saved!
Epoch 014 | Loss: 0.0152 | Val MiFmax: 0.6433 | Val MaFmax: 0.6501 | Val Smin: 34.8659
  --> New best model saved!
Epoch 015 | Loss: 0.0136 | Val MiFmax: 0.6469 | Val MaFmax: 0.6451 | Val Smin: 34.3647
Epoch 016 | Loss: 0.0124 | Val MiFmax: 0.6549 | Val MaFmax: 0.6601 | Val Smin: 33.7942
  --> New best model saved!
Epoch 017 | Loss: 0.0116 | Val MiFmax: 0.6592 | Val MaFmax: 0.6542 | Val Smin: 33.4273
Epoch 018 | Loss: 0.0110 | Val MiFmax: 0.6650 | Val MaFmax: 0.6779 | Val Smin: 32.7367
  --> New best model saved!
Epoch 019 | Loss: 0.0098 | Val MiFmax: 0.6804 | Val MaFmax: 0.6871 | Val Smin: 31.6714
  --> New best model saved!
Epoch 020 | Loss: 0.0089 | Val MiFmax: 0.6814 | Val MaFmax: 0.6878 | Val Smin: 31.6405
  --> New best model saved!
Epoch 021 | Loss: 0.0088 | Val MiFmax: 0.6767 | Val MaFmax: 0.6792 | Val Smin: 32.1014
Epoch 022 | Loss: 0.0096 | Val MiFmax: 0.6746 | Val MaFmax: 0.6847 | Val Smin: 32.0300
Epoch 023 | Loss: 0.0078 | Val MiFmax: 0.6863 | Val MaFmax: 0.7022 | Val Smin: 31.1654
  --> New best model saved!
Epoch 024 | Loss: 0.0069 | Val MiFmax: 0.6889 | Val MaFmax: 0.7055 | Val Smin: 30.7840
  --> New best model saved!
Epoch 025 | Loss: 0.0063 | Val MiFmax: 0.7049 | Val MaFmax: 0.7091 | Val Smin: 29.4048
  --> New best model saved!
Epoch 026 | Loss: 0.0060 | Val MiFmax: 0.7012 | Val MaFmax: 0.7223 | Val Smin: 29.4771
  --> New best model saved!
Epoch 027 | Loss: 0.0055 | Val MiFmax: 0.7072 | Val MaFmax: 0.7157 | Val Smin: 29.2839
Epoch 028 | Loss: 0.0053 | Val MiFmax: 0.7114 | Val MaFmax: 0.7147 | Val Smin: 28.4933
Epoch 029 | Loss: 0.0053 | Val MiFmax: 0.7166 | Val MaFmax: 0.7193 | Val Smin: 28.3655
Epoch 030 | Loss: 0.0047 | Val MiFmax: 0.7083 | Val MaFmax: 0.7164 | Val Smin: 29.0087
Epoch 031 | Loss: 0.0051 | Val MiFmax: 0.7213 | Val MaFmax: 0.7139 | Val Smin: 27.8492
Epoch 032 | Loss: 0.0044 | Val MiFmax: 0.7223 | Val MaFmax: 0.7223 | Val Smin: 27.9660
Epoch 033 | Loss: 0.0036 | Val MiFmax: 0.7253 | Val MaFmax: 0.7269 | Val Smin: 27.5771
  --> New best model saved!
Epoch 034 | Loss: 0.0032 | Val MiFmax: 0.7339 | Val MaFmax: 0.7274 | Val Smin: 26.9436
  --> New best model saved!
Epoch 035 | Loss: 0.0029 | Val MiFmax: 0.7300 | Val MaFmax: 0.7309 | Val Smin: 27.0616
  --> New best model saved!
Epoch 036 | Loss: 0.0028 | Val MiFmax: 0.7314 | Val MaFmax: 0.7295 | Val Smin: 27.0001
Epoch 037 | Loss: 0.0027 | Val MiFmax: 0.7308 | Val MaFmax: 0.7303 | Val Smin: 27.0115
Epoch 038 | Loss: 0.0026 | Val MiFmax: 0.7330 | Val MaFmax: 0.7335 | Val Smin: 26.9784
  --> New best model saved!
Epoch 039 | Loss: 0.0025 | Val MiFmax: 0.7346 | Val MaFmax: 0.7332 | Val Smin: 26.8328
Epoch 040 | Loss: 0.0026 | Val MiFmax: 0.7348 | Val MaFmax: 0.7323 | Val Smin: 26.7663
Epoch 041 | Loss: 0.0025 | Val MiFmax: 0.7320 | Val MaFmax: 0.7317 | Val Smin: 26.9721
Epoch 042 | Loss: 0.0024 | Val MiFmax: 0.7420 | Val MaFmax: 0.7350 | Val Smin: 26.2813
  --> New best model saved!
Epoch 043 | Loss: 0.0023 | Val MiFmax: 0.7321 | Val MaFmax: 0.7313 | Val Smin: 26.9098
Epoch 044 | Loss: 0.0022 | Val MiFmax: 0.7330 | Val MaFmax: 0.7324 | Val Smin: 26.8107
Epoch 045 | Loss: 0.0023 | Val MiFmax: 0.7352 | Val MaFmax: 0.7282 | Val Smin: 26.7658
Epoch 046 | Loss: 0.0021 | Val MiFmax: 0.7377 | Val MaFmax: 0.7297 | Val Smin: 26.6066
Epoch 047 | Loss: 0.0019 | Val MiFmax: 0.7381 | Val MaFmax: 0.7308 | Val Smin: 26.5707
Epoch 048 | Loss: 0.0019 | Val MiFmax: 0.7399 | Val MaFmax: 0.7326 | Val Smin: 26.3360
Epoch 049 | Loss: 0.0018 | Val MiFmax: 0.7415 | Val MaFmax: 0.7353 | Val Smin: 26.1319
  --> New best model saved!
Epoch 050 | Loss: 0.0016 | Val MiFmax: 0.7408 | Val MaFmax: 0.7314 | Val Smin: 26.3554
Epoch 051 | Loss: 0.0015 | Val MiFmax: 0.7417 | Val MaFmax: 0.7339 | Val Smin: 26.3111
Epoch 052 | Loss: 0.0015 | Val MiFmax: 0.7435 | Val MaFmax: 0.7377 | Val Smin: 26.0219
  --> New best model saved!
Epoch 053 | Loss: 0.0015 | Val MiFmax: 0.7421 | Val MaFmax: 0.7368 | Val Smin: 26.2610
Epoch 054 | Loss: 0.0014 | Val MiFmax: 0.7425 | Val MaFmax: 0.7361 | Val Smin: 26.1870
Epoch 055 | Loss: 0.0014 | Val MiFmax: 0.7350 | Val MaFmax: 0.7338 | Val Smin: 26.8472
Epoch 056 | Loss: 0.0014 | Val MiFmax: 0.7402 | Val MaFmax: 0.7362 | Val Smin: 26.3022
Epoch 057 | Loss: 0.0013 | Val MiFmax: 0.7405 | Val MaFmax: 0.7339 | Val Smin: 26.3753
Epoch 058 | Loss: 0.0013 | Val MiFmax: 0.7366 | Val MaFmax: 0.7343 | Val Smin: 26.4807
Epoch 059 | Loss: 0.0012 | Val MiFmax: 0.7440 | Val MaFmax: 0.7354 | Val Smin: 26.0498
Epoch 060 | Loss: 0.0012 | Val MiFmax: 0.7422 | Val MaFmax: 0.7370 | Val Smin: 26.2096
Epoch 061 | Loss: 0.0011 | Val MiFmax: 0.7452 | Val MaFmax: 0.7369 | Val Smin: 26.0377
Epoch 062 | Loss: 0.0011 | Val MiFmax: 0.7436 | Val MaFmax: 0.7371 | Val Smin: 26.0838
Epoch 063 | Loss: 0.0012 | Val MiFmax: 0.7440 | Val MaFmax: 0.7371 | Val Smin: 26.0769
Epoch 064 | Loss: 0.0011 | Val MiFmax: 0.7467 | Val MaFmax: 0.7378 | Val Smin: 25.7847
  --> New best model saved!
Epoch 065 | Loss: 0.0011 | Val MiFmax: 0.7421 | Val MaFmax: 0.7380 | Val Smin: 26.0013
  --> New best model saved!
Epoch 066 | Loss: 0.0010 | Val MiFmax: 0.7462 | Val MaFmax: 0.7372 | Val Smin: 25.8095
Epoch 067 | Loss: 0.0011 | Val MiFmax: 0.7475 | Val MaFmax: 0.7400 | Val Smin: 25.6823
  --> New best model saved!
Epoch 068 | Loss: 0.0010 | Val MiFmax: 0.7477 | Val MaFmax: 0.7384 | Val Smin: 25.8075
Epoch 069 | Loss: 0.0010 | Val MiFmax: 0.7433 | Val MaFmax: 0.7404 | Val Smin: 26.0799
  --> New best model saved!
Epoch 070 | Loss: 0.0011 | Val MiFmax: 0.7454 | Val MaFmax: 0.7381 | Val Smin: 25.9286
Epoch 071 | Loss: 0.0010 | Val MiFmax: 0.7447 | Val MaFmax: 0.7377 | Val Smin: 25.9228
Epoch 072 | Loss: 0.0010 | Val MiFmax: 0.7447 | Val MaFmax: 0.7377 | Val Smin: 25.8946
Epoch 073 | Loss: 0.0010 | Val MiFmax: 0.7475 | Val MaFmax: 0.7389 | Val Smin: 25.8009
Epoch 074 | Loss: 0.0010 | Val MiFmax: 0.7477 | Val MaFmax: 0.7388 | Val Smin: 25.7988
Epoch 075 | Loss: 0.0009 | Val MiFmax: 0.7449 | Val MaFmax: 0.7393 | Val Smin: 26.0566
Epoch 076 | Loss: 0.0009 | Val MiFmax: 0.7466 | Val MaFmax: 0.7397 | Val Smin: 25.8072
Epoch 077 | Loss: 0.0009 | Val MiFmax: 0.7472 | Val MaFmax: 0.7401 | Val Smin: 25.9196
Epoch 078 | Loss: 0.0009 | Val MiFmax: 0.7480 | Val MaFmax: 0.7407 | Val Smin: 25.7896
  --> New best model saved!
Epoch 079 | Loss: 0.0009 | Val MiFmax: 0.7464 | Val MaFmax: 0.7398 | Val Smin: 25.9110
Epoch 080 | Loss: 0.0008 | Val MiFmax: 0.7474 | Val MaFmax: 0.7397 | Val Smin: 25.8429
Epoch 081 | Loss: 0.0008 | Val MiFmax: 0.7448 | Val MaFmax: 0.7397 | Val Smin: 26.0319
Epoch 082 | Loss: 0.0008 | Val MiFmax: 0.7467 | Val MaFmax: 0.7395 | Val Smin: 25.9402
Epoch 083 | Loss: 0.0008 | Val MiFmax: 0.7454 | Val MaFmax: 0.7380 | Val Smin: 26.0054
Epoch 084 | Loss: 0.0008 | Val MiFmax: 0.7457 | Val MaFmax: 0.7403 | Val Smin: 26.0012
Epoch 085 | Loss: 0.0008 | Val MiFmax: 0.7472 | Val MaFmax: 0.7402 | Val Smin: 25.9856
Epoch 086 | Loss: 0.0008 | Val MiFmax: 0.7475 | Val MaFmax: 0.7409 | Val Smin: 25.9055
  --> New best model saved!
Epoch 087 | Loss: 0.0008 | Val MiFmax: 0.7465 | Val MaFmax: 0.7400 | Val Smin: 25.9860
Epoch 088 | Loss: 0.0008 | Val MiFmax: 0.7480 | Val MaFmax: 0.7406 | Val Smin: 25.8575
Epoch 089 | Loss: 0.0008 | Val MiFmax: 0.7451 | Val MaFmax: 0.7399 | Val Smin: 25.9775
Epoch 090 | Loss: 0.0008 | Val MiFmax: 0.7463 | Val MaFmax: 0.7400 | Val Smin: 25.8673
Epoch 091 | Loss: 0.0008 | Val MiFmax: 0.7491 | Val MaFmax: 0.7420 | Val Smin: 25.7549
  --> New best model saved!
Epoch 092 | Loss: 0.0007 | Val MiFmax: 0.7485 | Val MaFmax: 0.7405 | Val Smin: 25.8071
Epoch 093 | Loss: 0.0007 | Val MiFmax: 0.7474 | Val MaFmax: 0.7398 | Val Smin: 25.9292
Epoch 094 | Loss: 0.0007 | Val MiFmax: 0.7468 | Val MaFmax: 0.7399 | Val Smin: 25.9729
Epoch 095 | Loss: 0.0008 | Val MiFmax: 0.7489 | Val MaFmax: 0.7417 | Val Smin: 25.7962
Epoch 096 | Loss: 0.0007 | Val MiFmax: 0.7476 | Val MaFmax: 0.7407 | Val Smin: 25.8751
Epoch 097 | Loss: 0.0007 | Val MiFmax: 0.7473 | Val MaFmax: 0.7407 | Val Smin: 25.9734
Epoch 098 | Loss: 0.0007 | Val MiFmax: 0.7476 | Val MaFmax: 0.7404 | Val Smin: 25.8834
Epoch 099 | Loss: 0.0007 | Val MiFmax: 0.7470 | Val MaFmax: 0.7407 | Val Smin: 25.9368
Epoch 100 | Loss: 0.0007 | Val MiFmax: 0.7480 | Val MaFmax: 0.7393 | Val Smin: 25.8838
Epoch 101 | Loss: 0.0007 | Val MiFmax: 0.7480 | Val MaFmax: 0.7403 | Val Smin: 25.9158
Epoch 102 | Loss: 0.0007 | Val MiFmax: 0.7477 | Val MaFmax: 0.7411 | Val Smin: 25.8222
Epoch 103 | Loss: 0.0007 | Val MiFmax: 0.7483 | Val MaFmax: 0.7410 | Val Smin: 25.8947
Epoch 104 | Loss: 0.0007 | Val MiFmax: 0.7478 | Val MaFmax: 0.7409 | Val Smin: 25.9181
Epoch 105 | Loss: 0.0007 | Val MiFmax: 0.7480 | Val MaFmax: 0.7415 | Val Smin: 25.8607
Epoch 106 | Loss: 0.0007 | Val MiFmax: 0.7471 | Val MaFmax: 0.7411 | Val Smin: 25.8584
Early stopping triggered after 106 epochs.
Training finished. Evaluating on Test Set...

--- TEST METRICS ---
Micro_Fmax: 0.6759
Macro_Fmax: 0.6631
Macro_AUROC: 0.8526
Micro_AUROC: 0.8515
Macro_AUPRC: 0.6176
Micro_AUPRC: 0.6379
Smin: 35.1632
------------------------------------------------------
  Run 3 / 12 | biological_process | BCE | gamma=4.0 | s456
------------------------------------------------------
Using device: cuda
Loading datasets from preprocessing/data/split_files/datasets.pkl for biological_process...
Epoch 001 | Loss: 0.6269 | Val MiFmax: 0.0952 | Val MaFmax: 0.0898 | Val Smin: 68.4395
  --> New best model saved!
Epoch 002 | Loss: 0.2234 | Val MiFmax: 0.1586 | Val MaFmax: 0.0796 | Val Smin: 67.9168
Epoch 003 | Loss: 0.0854 | Val MiFmax: 0.1746 | Val MaFmax: 0.0918 | Val Smin: 67.1881
  --> New best model saved!
Epoch 004 | Loss: 0.0690 | Val MiFmax: 0.2135 | Val MaFmax: 0.1382 | Val Smin: 64.4107
  --> New best model saved!
Epoch 005 | Loss: 0.0609 | Val MiFmax: 0.2868 | Val MaFmax: 0.2205 | Val Smin: 60.3923
  --> New best model saved!
Epoch 006 | Loss: 0.0535 | Val MiFmax: 0.3208 | Val MaFmax: 0.2459 | Val Smin: 59.8115
  --> New best model saved!
Epoch 007 | Loss: 0.0458 | Val MiFmax: 0.3859 | Val MaFmax: 0.3480 | Val Smin: 56.1330
  --> New best model saved!
Epoch 008 | Loss: 0.0386 | Val MiFmax: 0.4589 | Val MaFmax: 0.4711 | Val Smin: 50.5983
  --> New best model saved!
Epoch 009 | Loss: 0.0340 | Val MiFmax: 0.5205 | Val MaFmax: 0.4837 | Val Smin: 44.9134
  --> New best model saved!
Epoch 010 | Loss: 0.0291 | Val MiFmax: 0.5361 | Val MaFmax: 0.5039 | Val Smin: 43.7058
  --> New best model saved!
Epoch 011 | Loss: 0.0254 | Val MiFmax: 0.5786 | Val MaFmax: 0.5686 | Val Smin: 40.5940
  --> New best model saved!
Epoch 012 | Loss: 0.0225 | Val MiFmax: 0.6095 | Val MaFmax: 0.5890 | Val Smin: 37.5544
  --> New best model saved!
Epoch 013 | Loss: 0.0198 | Val MiFmax: 0.6181 | Val MaFmax: 0.5922 | Val Smin: 37.0050
  --> New best model saved!
Epoch 014 | Loss: 0.0179 | Val MiFmax: 0.6210 | Val MaFmax: 0.6054 | Val Smin: 36.4880
  --> New best model saved!
Epoch 015 | Loss: 0.0167 | Val MiFmax: 0.6159 | Val MaFmax: 0.6204 | Val Smin: 36.8818
  --> New best model saved!
Epoch 016 | Loss: 0.0151 | Val MiFmax: 0.6298 | Val MaFmax: 0.6357 | Val Smin: 35.8124
  --> New best model saved!
Epoch 017 | Loss: 0.0135 | Val MiFmax: 0.6473 | Val MaFmax: 0.6366 | Val Smin: 34.5323
  --> New best model saved!
Epoch 018 | Loss: 0.0126 | Val MiFmax: 0.6482 | Val MaFmax: 0.6542 | Val Smin: 34.3346
  --> New best model saved!
Epoch 019 | Loss: 0.0112 | Val MiFmax: 0.6549 | Val MaFmax: 0.6566 | Val Smin: 33.8238
  --> New best model saved!
Epoch 020 | Loss: 0.0103 | Val MiFmax: 0.6647 | Val MaFmax: 0.6680 | Val Smin: 33.0452
  --> New best model saved!
Epoch 021 | Loss: 0.0094 | Val MiFmax: 0.6612 | Val MaFmax: 0.6701 | Val Smin: 33.1578
  --> New best model saved!
Epoch 022 | Loss: 0.0088 | Val MiFmax: 0.6737 | Val MaFmax: 0.6851 | Val Smin: 32.2570
  --> New best model saved!
Epoch 023 | Loss: 0.0084 | Val MiFmax: 0.6774 | Val MaFmax: 0.6733 | Val Smin: 31.8546
Epoch 024 | Loss: 0.0076 | Val MiFmax: 0.6719 | Val MaFmax: 0.6821 | Val Smin: 32.0885
Epoch 025 | Loss: 0.0071 | Val MiFmax: 0.6790 | Val MaFmax: 0.6912 | Val Smin: 31.6574
  --> New best model saved!
Epoch 026 | Loss: 0.0065 | Val MiFmax: 0.6918 | Val MaFmax: 0.6983 | Val Smin: 30.6681
  --> New best model saved!
Epoch 027 | Loss: 0.0061 | Val MiFmax: 0.6935 | Val MaFmax: 0.6988 | Val Smin: 30.3412
  --> New best model saved!
Epoch 028 | Loss: 0.0058 | Val MiFmax: 0.6975 | Val MaFmax: 0.7050 | Val Smin: 30.2039
  --> New best model saved!
Epoch 029 | Loss: 0.0054 | Val MiFmax: 0.6962 | Val MaFmax: 0.7091 | Val Smin: 30.1330
  --> New best model saved!
Epoch 030 | Loss: 0.0053 | Val MiFmax: 0.6934 | Val MaFmax: 0.7109 | Val Smin: 30.2530
  --> New best model saved!
Epoch 031 | Loss: 0.0050 | Val MiFmax: 0.6995 | Val MaFmax: 0.7115 | Val Smin: 29.8135
  --> New best model saved!
Epoch 032 | Loss: 0.0046 | Val MiFmax: 0.6999 | Val MaFmax: 0.7076 | Val Smin: 29.7706
Epoch 033 | Loss: 0.0041 | Val MiFmax: 0.7026 | Val MaFmax: 0.7134 | Val Smin: 29.7162
  --> New best model saved!
Epoch 034 | Loss: 0.0040 | Val MiFmax: 0.7131 | Val MaFmax: 0.7166 | Val Smin: 28.9179
  --> New best model saved!
Epoch 035 | Loss: 0.0042 | Val MiFmax: 0.7109 | Val MaFmax: 0.7156 | Val Smin: 28.8855
Epoch 036 | Loss: 0.0039 | Val MiFmax: 0.7053 | Val MaFmax: 0.7082 | Val Smin: 29.3675
Epoch 037 | Loss: 0.0035 | Val MiFmax: 0.7153 | Val MaFmax: 0.7192 | Val Smin: 28.5257
  --> New best model saved!
Epoch 038 | Loss: 0.0033 | Val MiFmax: 0.7136 | Val MaFmax: 0.7182 | Val Smin: 28.7579
Epoch 039 | Loss: 0.0031 | Val MiFmax: 0.7163 | Val MaFmax: 0.7126 | Val Smin: 28.5465
Epoch 040 | Loss: 0.0029 | Val MiFmax: 0.7183 | Val MaFmax: 0.7213 | Val Smin: 28.3059
  --> New best model saved!
Epoch 041 | Loss: 0.0027 | Val MiFmax: 0.7198 | Val MaFmax: 0.7177 | Val Smin: 28.1715
Epoch 042 | Loss: 0.0027 | Val MiFmax: 0.7193 | Val MaFmax: 0.7203 | Val Smin: 28.3717
Epoch 043 | Loss: 0.0025 | Val MiFmax: 0.7263 | Val MaFmax: 0.7265 | Val Smin: 27.6654
  --> New best model saved!
Epoch 044 | Loss: 0.0024 | Val MiFmax: 0.7124 | Val MaFmax: 0.7277 | Val Smin: 28.5874
  --> New best model saved!
Epoch 045 | Loss: 0.0024 | Val MiFmax: 0.7311 | Val MaFmax: 0.7257 | Val Smin: 27.3710
Epoch 046 | Loss: 0.0022 | Val MiFmax: 0.7193 | Val MaFmax: 0.7177 | Val Smin: 28.1537
Epoch 047 | Loss: 0.0021 | Val MiFmax: 0.7394 | Val MaFmax: 0.7321 | Val Smin: 26.6483
  --> New best model saved!
Epoch 048 | Loss: 0.0023 | Val MiFmax: 0.7242 | Val MaFmax: 0.7294 | Val Smin: 27.9968
Epoch 049 | Loss: 0.0022 | Val MiFmax: 0.7174 | Val MaFmax: 0.7209 | Val Smin: 28.1162
Epoch 050 | Loss: 0.0022 | Val MiFmax: 0.7158 | Val MaFmax: 0.7178 | Val Smin: 28.3680
Epoch 051 | Loss: 0.0024 | Val MiFmax: 0.7115 | Val MaFmax: 0.7148 | Val Smin: 28.8556
Epoch 052 | Loss: 0.0023 | Val MiFmax: 0.7237 | Val MaFmax: 0.7189 | Val Smin: 27.8359
Epoch 053 | Loss: 0.0019 | Val MiFmax: 0.7272 | Val MaFmax: 0.7159 | Val Smin: 27.4932
Epoch 054 | Loss: 0.0016 | Val MiFmax: 0.7345 | Val MaFmax: 0.7265 | Val Smin: 27.0312
Epoch 055 | Loss: 0.0012 | Val MiFmax: 0.7365 | Val MaFmax: 0.7298 | Val Smin: 26.8337
Epoch 056 | Loss: 0.0012 | Val MiFmax: 0.7370 | Val MaFmax: 0.7319 | Val Smin: 26.7690
Epoch 057 | Loss: 0.0011 | Val MiFmax: 0.7388 | Val MaFmax: 0.7329 | Val Smin: 26.6032
  --> New best model saved!
Epoch 058 | Loss: 0.0010 | Val MiFmax: 0.7397 | Val MaFmax: 0.7335 | Val Smin: 26.5330
  --> New best model saved!
Epoch 059 | Loss: 0.0010 | Val MiFmax: 0.7348 | Val MaFmax: 0.7332 | Val Smin: 26.9510
Epoch 060 | Loss: 0.0009 | Val MiFmax: 0.7336 | Val MaFmax: 0.7323 | Val Smin: 27.0268
Epoch 061 | Loss: 0.0009 | Val MiFmax: 0.7319 | Val MaFmax: 0.7327 | Val Smin: 27.1163
Epoch 062 | Loss: 0.0009 | Val MiFmax: 0.7328 | Val MaFmax: 0.7301 | Val Smin: 27.0993
Epoch 063 | Loss: 0.0008 | Val MiFmax: 0.7385 | Val MaFmax: 0.7355 | Val Smin: 26.6485
  --> New best model saved!
Epoch 064 | Loss: 0.0008 | Val MiFmax: 0.7354 | Val MaFmax: 0.7354 | Val Smin: 26.8668
Epoch 065 | Loss: 0.0008 | Val MiFmax: 0.7342 | Val MaFmax: 0.7323 | Val Smin: 27.0353
Epoch 066 | Loss: 0.0007 | Val MiFmax: 0.7397 | Val MaFmax: 0.7309 | Val Smin: 26.6634
Epoch 067 | Loss: 0.0008 | Val MiFmax: 0.7381 | Val MaFmax: 0.7304 | Val Smin: 26.7311
Epoch 068 | Loss: 0.0007 | Val MiFmax: 0.7364 | Val MaFmax: 0.7327 | Val Smin: 27.0735
Epoch 069 | Loss: 0.0007 | Val MiFmax: 0.7377 | Val MaFmax: 0.7314 | Val Smin: 27.0709
Epoch 070 | Loss: 0.0007 | Val MiFmax: 0.7407 | Val MaFmax: 0.7327 | Val Smin: 26.7965
Epoch 071 | Loss: 0.0006 | Val MiFmax: 0.7392 | Val MaFmax: 0.7367 | Val Smin: 26.8082
  --> New best model saved!
Epoch 072 | Loss: 0.0006 | Val MiFmax: 0.7411 | Val MaFmax: 0.7374 | Val Smin: 26.6323
  --> New best model saved!
Epoch 073 | Loss: 0.0005 | Val MiFmax: 0.7371 | Val MaFmax: 0.7350 | Val Smin: 26.8469
Epoch 074 | Loss: 0.0005 | Val MiFmax: 0.7397 | Val MaFmax: 0.7362 | Val Smin: 26.6828
Epoch 075 | Loss: 0.0005 | Val MiFmax: 0.7382 | Val MaFmax: 0.7386 | Val Smin: 26.7488
  --> New best model saved!
Epoch 076 | Loss: 0.0005 | Val MiFmax: 0.7388 | Val MaFmax: 0.7368 | Val Smin: 26.7907
Epoch 077 | Loss: 0.0005 | Val MiFmax: 0.7365 | Val MaFmax: 0.7329 | Val Smin: 26.8004
Epoch 078 | Loss: 0.0005 | Val MiFmax: 0.7378 | Val MaFmax: 0.7363 | Val Smin: 26.6903
Epoch 079 | Loss: 0.0005 | Val MiFmax: 0.7383 | Val MaFmax: 0.7368 | Val Smin: 26.8943
Epoch 080 | Loss: 0.0005 | Val MiFmax: 0.7393 | Val MaFmax: 0.7361 | Val Smin: 26.6414
Epoch 081 | Loss: 0.0005 | Val MiFmax: 0.7407 | Val MaFmax: 0.7377 | Val Smin: 26.4557
Epoch 082 | Loss: 0.0004 | Val MiFmax: 0.7397 | Val MaFmax: 0.7360 | Val Smin: 26.6357
Epoch 083 | Loss: 0.0004 | Val MiFmax: 0.7383 | Val MaFmax: 0.7356 | Val Smin: 26.8392
Epoch 084 | Loss: 0.0004 | Val MiFmax: 0.7409 | Val MaFmax: 0.7376 | Val Smin: 26.5704
Epoch 085 | Loss: 0.0004 | Val MiFmax: 0.7399 | Val MaFmax: 0.7376 | Val Smin: 26.6688
Epoch 086 | Loss: 0.0004 | Val MiFmax: 0.7406 | Val MaFmax: 0.7404 | Val Smin: 26.5417
  --> New best model saved!
Epoch 087 | Loss: 0.0004 | Val MiFmax: 0.7409 | Val MaFmax: 0.7383 | Val Smin: 26.4855
Epoch 088 | Loss: 0.0004 | Val MiFmax: 0.7399 | Val MaFmax: 0.7388 | Val Smin: 26.6075
Epoch 089 | Loss: 0.0004 | Val MiFmax: 0.7385 | Val MaFmax: 0.7371 | Val Smin: 26.7231
Epoch 090 | Loss: 0.0004 | Val MiFmax: 0.7394 | Val MaFmax: 0.7376 | Val Smin: 26.7006
Epoch 091 | Loss: 0.0004 | Val MiFmax: 0.7405 | Val MaFmax: 0.7381 | Val Smin: 26.5736
Epoch 092 | Loss: 0.0004 | Val MiFmax: 0.7375 | Val MaFmax: 0.7376 | Val Smin: 26.7608
Epoch 093 | Loss: 0.0003 | Val MiFmax: 0.7371 | Val MaFmax: 0.7375 | Val Smin: 26.7861
Epoch 094 | Loss: 0.0004 | Val MiFmax: 0.7383 | Val MaFmax: 0.7378 | Val Smin: 26.6374
Epoch 095 | Loss: 0.0003 | Val MiFmax: 0.7395 | Val MaFmax: 0.7371 | Val Smin: 26.5569
Epoch 096 | Loss: 0.0003 | Val MiFmax: 0.7402 | Val MaFmax: 0.7376 | Val Smin: 26.5991
Epoch 097 | Loss: 0.0004 | Val MiFmax: 0.7369 | Val MaFmax: 0.7386 | Val Smin: 26.7847
Epoch 098 | Loss: 0.0003 | Val MiFmax: 0.7367 | Val MaFmax: 0.7374 | Val Smin: 26.8027
Epoch 099 | Loss: 0.0003 | Val MiFmax: 0.7372 | Val MaFmax: 0.7373 | Val Smin: 26.8627
Epoch 100 | Loss: 0.0003 | Val MiFmax: 0.7386 | Val MaFmax: 0.7378 | Val Smin: 26.7434
Epoch 101 | Loss: 0.0003 | Val MiFmax: 0.7386 | Val MaFmax: 0.7382 | Val Smin: 26.7414
Early stopping triggered after 101 epochs.
Training finished. Evaluating on Test Set...

--- TEST METRICS ---
Micro_Fmax: 0.6712
Macro_Fmax: 0.6611
Macro_AUROC: 0.8658
Micro_AUROC: 0.8791
Macro_AUPRC: 0.6156
Micro_AUPRC: 0.6408
Smin: 35.2800
------------------------------------------------------
  Run 4 / 12 | biological_process | Focal | gamma=1.0 | s42
------------------------------------------------------
Using device: cuda
Loading datasets from preprocessing/data/split_files/datasets.pkl for biological_process...
Alpha weights not found. Using default FocalLoss (alpha=0.25, gamma=1.0).
Epoch 001 | Loss: 0.0810 | Val MiFmax: 0.1215 | Val MaFmax: 0.1473 | Val Smin: 67.2650
  --> New best model saved!
Epoch 002 | Loss: 0.0258 | Val MiFmax: 0.2628 | Val MaFmax: 0.1789 | Val Smin: 62.3636
  --> New best model saved!
Epoch 003 | Loss: 0.0093 | Val MiFmax: 0.3294 | Val MaFmax: 0.2666 | Val Smin: 59.4992
  --> New best model saved!
Epoch 004 | Loss: 0.0070 | Val MiFmax: 0.3850 | Val MaFmax: 0.3313 | Val Smin: 56.5838
  --> New best model saved!
Epoch 005 | Loss: 0.0059 | Val MiFmax: 0.4540 | Val MaFmax: 0.4248 | Val Smin: 51.2313
  --> New best model saved!
Epoch 006 | Loss: 0.0049 | Val MiFmax: 0.4930 | Val MaFmax: 0.4468 | Val Smin: 47.6408
  --> New best model saved!
Epoch 007 | Loss: 0.0042 | Val MiFmax: 0.5069 | Val MaFmax: 0.5049 | Val Smin: 46.8497
  --> New best model saved!
Epoch 008 | Loss: 0.0037 | Val MiFmax: 0.5637 | Val MaFmax: 0.5251 | Val Smin: 41.3719
  --> New best model saved!
Epoch 009 | Loss: 0.0035 | Val MiFmax: 0.5727 | Val MaFmax: 0.5527 | Val Smin: 40.5737
  --> New best model saved!
Epoch 010 | Loss: 0.0029 | Val MiFmax: 0.6223 | Val MaFmax: 0.5822 | Val Smin: 36.7226
  --> New best model saved!
Epoch 011 | Loss: 0.0026 | Val MiFmax: 0.6209 | Val MaFmax: 0.5907 | Val Smin: 36.7802
  --> New best model saved!
Epoch 012 | Loss: 0.0022 | Val MiFmax: 0.6300 | Val MaFmax: 0.6137 | Val Smin: 36.1018
  --> New best model saved!
Epoch 013 | Loss: 0.0020 | Val MiFmax: 0.6433 | Val MaFmax: 0.6375 | Val Smin: 34.9650
  --> New best model saved!
Epoch 014 | Loss: 0.0018 | Val MiFmax: 0.6650 | Val MaFmax: 0.6509 | Val Smin: 33.2316
  --> New best model saved!
Epoch 015 | Loss: 0.0017 | Val MiFmax: 0.6627 | Val MaFmax: 0.6509 | Val Smin: 33.2612
Epoch 016 | Loss: 0.0015 | Val MiFmax: 0.6538 | Val MaFmax: 0.6563 | Val Smin: 33.9531
  --> New best model saved!
Epoch 017 | Loss: 0.0015 | Val MiFmax: 0.6726 | Val MaFmax: 0.6597 | Val Smin: 32.6567
  --> New best model saved!
Epoch 018 | Loss: 0.0014 | Val MiFmax: 0.6742 | Val MaFmax: 0.6806 | Val Smin: 32.2330
  --> New best model saved!
Epoch 019 | Loss: 0.0012 | Val MiFmax: 0.6947 | Val MaFmax: 0.6929 | Val Smin: 30.6282
  --> New best model saved!
Epoch 020 | Loss: 0.0011 | Val MiFmax: 0.6702 | Val MaFmax: 0.6893 | Val Smin: 32.8131
Epoch 021 | Loss: 0.0010 | Val MiFmax: 0.6990 | Val MaFmax: 0.6984 | Val Smin: 30.1363
  --> New best model saved!
Epoch 022 | Loss: 0.0010 | Val MiFmax: 0.7023 | Val MaFmax: 0.7007 | Val Smin: 29.4911
  --> New best model saved!
Epoch 023 | Loss: 0.0009 | Val MiFmax: 0.7058 | Val MaFmax: 0.7069 | Val Smin: 29.2357
  --> New best model saved!
Epoch 024 | Loss: 0.0009 | Val MiFmax: 0.6932 | Val MaFmax: 0.6902 | Val Smin: 30.1052
Epoch 025 | Loss: 0.0010 | Val MiFmax: 0.6981 | Val MaFmax: 0.6998 | Val Smin: 29.8966
Epoch 026 | Loss: 0.0008 | Val MiFmax: 0.7069 | Val MaFmax: 0.7049 | Val Smin: 29.2218
Epoch 027 | Loss: 0.0008 | Val MiFmax: 0.7110 | Val MaFmax: 0.7074 | Val Smin: 28.9970
  --> New best model saved!
Epoch 028 | Loss: 0.0007 | Val MiFmax: 0.7256 | Val MaFmax: 0.7069 | Val Smin: 27.9571
Epoch 029 | Loss: 0.0006 | Val MiFmax: 0.7223 | Val MaFmax: 0.7182 | Val Smin: 28.0373
  --> New best model saved!
Epoch 030 | Loss: 0.0006 | Val MiFmax: 0.7201 | Val MaFmax: 0.7130 | Val Smin: 28.1258
Epoch 031 | Loss: 0.0006 | Val MiFmax: 0.7245 | Val MaFmax: 0.7166 | Val Smin: 27.6683
Epoch 032 | Loss: 0.0006 | Val MiFmax: 0.7135 | Val MaFmax: 0.7060 | Val Smin: 28.8460
Epoch 033 | Loss: 0.0005 | Val MiFmax: 0.7387 | Val MaFmax: 0.7245 | Val Smin: 26.8340
  --> New best model saved!
Epoch 034 | Loss: 0.0005 | Val MiFmax: 0.7312 | Val MaFmax: 0.7198 | Val Smin: 27.0390
Epoch 035 | Loss: 0.0005 | Val MiFmax: 0.7235 | Val MaFmax: 0.7215 | Val Smin: 27.9584
Epoch 036 | Loss: 0.0004 | Val MiFmax: 0.7316 | Val MaFmax: 0.7280 | Val Smin: 27.1332
  --> New best model saved!
Epoch 037 | Loss: 0.0004 | Val MiFmax: 0.7412 | Val MaFmax: 0.7352 | Val Smin: 26.3098
  --> New best model saved!
Epoch 038 | Loss: 0.0004 | Val MiFmax: 0.7346 | Val MaFmax: 0.7257 | Val Smin: 26.9167
Epoch 039 | Loss: 0.0004 | Val MiFmax: 0.7426 | Val MaFmax: 0.7278 | Val Smin: 26.2871
Epoch 040 | Loss: 0.0004 | Val MiFmax: 0.7384 | Val MaFmax: 0.7317 | Val Smin: 26.8217
Epoch 041 | Loss: 0.0004 | Val MiFmax: 0.7412 | Val MaFmax: 0.7266 | Val Smin: 26.3993
Epoch 042 | Loss: 0.0003 | Val MiFmax: 0.7373 | Val MaFmax: 0.7223 | Val Smin: 26.7247
Epoch 043 | Loss: 0.0003 | Val MiFmax: 0.7340 | Val MaFmax: 0.7314 | Val Smin: 26.9785
Epoch 044 | Loss: 0.0003 | Val MiFmax: 0.7447 | Val MaFmax: 0.7356 | Val Smin: 25.8869
  --> New best model saved!
Epoch 045 | Loss: 0.0002 | Val MiFmax: 0.7458 | Val MaFmax: 0.7382 | Val Smin: 25.7296
  --> New best model saved!
Epoch 046 | Loss: 0.0002 | Val MiFmax: 0.7529 | Val MaFmax: 0.7406 | Val Smin: 25.3424
  --> New best model saved!
Epoch 047 | Loss: 0.0002 | Val MiFmax: 0.7476 | Val MaFmax: 0.7339 | Val Smin: 25.8870
Epoch 048 | Loss: 0.0002 | Val MiFmax: 0.7483 | Val MaFmax: 0.7358 | Val Smin: 25.7702
Epoch 049 | Loss: 0.0002 | Val MiFmax: 0.7510 | Val MaFmax: 0.7371 | Val Smin: 25.5741
Epoch 050 | Loss: 0.0002 | Val MiFmax: 0.7457 | Val MaFmax: 0.7385 | Val Smin: 25.9540
Epoch 051 | Loss: 0.0002 | Val MiFmax: 0.7525 | Val MaFmax: 0.7402 | Val Smin: 25.4793
Epoch 052 | Loss: 0.0002 | Val MiFmax: 0.7521 | Val MaFmax: 0.7399 | Val Smin: 25.5076
Epoch 053 | Loss: 0.0002 | Val MiFmax: 0.7526 | Val MaFmax: 0.7386 | Val Smin: 25.4816
Epoch 054 | Loss: 0.0001 | Val MiFmax: 0.7501 | Val MaFmax: 0.7383 | Val Smin: 25.5522
Epoch 055 | Loss: 0.0001 | Val MiFmax: 0.7526 | Val MaFmax: 0.7409 | Val Smin: 25.4151
  --> New best model saved!
Epoch 056 | Loss: 0.0001 | Val MiFmax: 0.7548 | Val MaFmax: 0.7423 | Val Smin: 25.2994
  --> New best model saved!
Epoch 057 | Loss: 0.0001 | Val MiFmax: 0.7563 | Val MaFmax: 0.7434 | Val Smin: 25.2577
  --> New best model saved!
Epoch 058 | Loss: 0.0001 | Val MiFmax: 0.7552 | Val MaFmax: 0.7415 | Val Smin: 25.2931
Epoch 059 | Loss: 0.0001 | Val MiFmax: 0.7551 | Val MaFmax: 0.7403 | Val Smin: 25.2700
Epoch 060 | Loss: 0.0001 | Val MiFmax: 0.7558 | Val MaFmax: 0.7414 | Val Smin: 25.2720
Epoch 061 | Loss: 0.0001 | Val MiFmax: 0.7537 | Val MaFmax: 0.7448 | Val Smin: 25.3376
  --> New best model saved!
Epoch 062 | Loss: 0.0001 | Val MiFmax: 0.7572 | Val MaFmax: 0.7438 | Val Smin: 25.0266
Epoch 063 | Loss: 0.0001 | Val MiFmax: 0.7586 | Val MaFmax: 0.7445 | Val Smin: 24.8915
Epoch 064 | Loss: 0.0001 | Val MiFmax: 0.7573 | Val MaFmax: 0.7455 | Val Smin: 25.0775
  --> New best model saved!
Epoch 065 | Loss: 0.0001 | Val MiFmax: 0.7547 | Val MaFmax: 0.7432 | Val Smin: 25.1185
Epoch 066 | Loss: 0.0001 | Val MiFmax: 0.7526 | Val MaFmax: 0.7439 | Val Smin: 25.4529
Epoch 067 | Loss: 0.0001 | Val MiFmax: 0.7556 | Val MaFmax: 0.7444 | Val Smin: 25.1224
Epoch 068 | Loss: 0.0001 | Val MiFmax: 0.7538 | Val MaFmax: 0.7456 | Val Smin: 25.2312
  --> New best model saved!
Epoch 069 | Loss: 0.0001 | Val MiFmax: 0.7569 | Val MaFmax: 0.7385 | Val Smin: 25.0896
Epoch 070 | Loss: 0.0001 | Val MiFmax: 0.7548 | Val MaFmax: 0.7428 | Val Smin: 25.2125
Epoch 071 | Loss: 0.0001 | Val MiFmax: 0.7546 | Val MaFmax: 0.7444 | Val Smin: 25.1722
Epoch 072 | Loss: 0.0001 | Val MiFmax: 0.7548 | Val MaFmax: 0.7436 | Val Smin: 25.1375
Epoch 073 | Loss: 0.0001 | Val MiFmax: 0.7579 | Val MaFmax: 0.7448 | Val Smin: 24.9690
Epoch 074 | Loss: 0.0001 | Val MiFmax: 0.7558 | Val MaFmax: 0.7446 | Val Smin: 25.0677
Epoch 075 | Loss: 0.0001 | Val MiFmax: 0.7567 | Val MaFmax: 0.7463 | Val Smin: 25.0653
  --> New best model saved!
Epoch 076 | Loss: 0.0001 | Val MiFmax: 0.7580 | Val MaFmax: 0.7475 | Val Smin: 24.8881
  --> New best model saved!
Epoch 077 | Loss: 0.0001 | Val MiFmax: 0.7583 | Val MaFmax: 0.7478 | Val Smin: 24.8681
  --> New best model saved!
Epoch 078 | Loss: 0.0001 | Val MiFmax: 0.7570 | Val MaFmax: 0.7457 | Val Smin: 24.9595
Epoch 079 | Loss: 0.0001 | Val MiFmax: 0.7567 | Val MaFmax: 0.7471 | Val Smin: 24.9243
Epoch 080 | Loss: 0.0001 | Val MiFmax: 0.7594 | Val MaFmax: 0.7480 | Val Smin: 24.7618
  --> New best model saved!
Epoch 081 | Loss: 0.0001 | Val MiFmax: 0.7563 | Val MaFmax: 0.7465 | Val Smin: 24.9962
Epoch 082 | Loss: 0.0001 | Val MiFmax: 0.7559 | Val MaFmax: 0.7447 | Val Smin: 25.0277
Epoch 083 | Loss: 0.0001 | Val MiFmax: 0.7549 | Val MaFmax: 0.7479 | Val Smin: 24.9335
Epoch 084 | Loss: 0.0001 | Val MiFmax: 0.7558 | Val MaFmax: 0.7484 | Val Smin: 24.9345
  --> New best model saved!
Epoch 085 | Loss: 0.0001 | Val MiFmax: 0.7552 | Val MaFmax: 0.7453 | Val Smin: 25.0200
Epoch 086 | Loss: 0.0001 | Val MiFmax: 0.7538 | Val MaFmax: 0.7470 | Val Smin: 25.0925
Epoch 087 | Loss: 0.0001 | Val MiFmax: 0.7583 | Val MaFmax: 0.7452 | Val Smin: 24.9427
Epoch 088 | Loss: 0.0001 | Val MiFmax: 0.7574 | Val MaFmax: 0.7459 | Val Smin: 25.0233
Epoch 089 | Loss: 0.0001 | Val MiFmax: 0.7540 | Val MaFmax: 0.7458 | Val Smin: 25.1148
Epoch 090 | Loss: 0.0001 | Val MiFmax: 0.7584 | Val MaFmax: 0.7459 | Val Smin: 24.9539
Epoch 091 | Loss: 0.0001 | Val MiFmax: 0.7556 | Val MaFmax: 0.7460 | Val Smin: 25.0884
Epoch 092 | Loss: 0.0001 | Val MiFmax: 0.7582 | Val MaFmax: 0.7462 | Val Smin: 24.8866
Epoch 093 | Loss: 0.0001 | Val MiFmax: 0.7567 | Val MaFmax: 0.7459 | Val Smin: 25.0690
Epoch 094 | Loss: 0.0001 | Val MiFmax: 0.7568 | Val MaFmax: 0.7456 | Val Smin: 24.9575
Epoch 095 | Loss: 0.0001 | Val MiFmax: 0.7566 | Val MaFmax: 0.7467 | Val Smin: 24.9104
Epoch 096 | Loss: 0.0001 | Val MiFmax: 0.7563 | Val MaFmax: 0.7483 | Val Smin: 24.9214
Epoch 097 | Loss: 0.0001 | Val MiFmax: 0.7563 | Val MaFmax: 0.7477 | Val Smin: 24.9317
Epoch 098 | Loss: 0.0001 | Val MiFmax: 0.7568 | Val MaFmax: 0.7483 | Val Smin: 24.9346
Epoch 099 | Loss: 0.0001 | Val MiFmax: 0.7556 | Val MaFmax: 0.7483 | Val Smin: 24.9994
Early stopping triggered after 99 epochs.
Training finished. Evaluating on Test Set...

--- TEST METRICS ---
Micro_Fmax: 0.6830
Macro_Fmax: 0.6693
Macro_AUROC: 0.8487
Micro_AUROC: 0.8506
Macro_AUPRC: 0.6239
Micro_AUPRC: 0.6380
Smin: 34.6272
------------------------------------------------------
  Run 5 / 12 | biological_process | Focal | gamma=1.0 | s123
------------------------------------------------------
Using device: cuda
Loading datasets from preprocessing/data/split_files/datasets.pkl for biological_process...
Alpha weights not found. Using default FocalLoss (alpha=0.25, gamma=1.0).
Epoch 001 | Loss: 0.0799 | Val MiFmax: 0.1652 | Val MaFmax: 0.1479 | Val Smin: 65.4755
  --> New best model saved!
Epoch 002 | Loss: 0.0251 | Val MiFmax: 0.2477 | Val MaFmax: 0.1833 | Val Smin: 62.5605
  --> New best model saved!
Epoch 003 | Loss: 0.0095 | Val MiFmax: 0.3253 | Val MaFmax: 0.2539 | Val Smin: 59.7682
  --> New best model saved!
Epoch 004 | Loss: 0.0072 | Val MiFmax: 0.3691 | Val MaFmax: 0.3446 | Val Smin: 57.0306
  --> New best model saved!
Epoch 005 | Loss: 0.0061 | Val MiFmax: 0.3861 | Val MaFmax: 0.3419 | Val Smin: 57.0338
Epoch 006 | Loss: 0.0053 | Val MiFmax: 0.4493 | Val MaFmax: 0.4076 | Val Smin: 51.5141
  --> New best model saved!
Epoch 007 | Loss: 0.0044 | Val MiFmax: 0.5073 | Val MaFmax: 0.4636 | Val Smin: 46.9345
  --> New best model saved!
Epoch 008 | Loss: 0.0039 | Val MiFmax: 0.5420 | Val MaFmax: 0.5122 | Val Smin: 42.9858
  --> New best model saved!
Epoch 009 | Loss: 0.0034 | Val MiFmax: 0.5726 | Val MaFmax: 0.5351 | Val Smin: 40.8061
  --> New best model saved!
Epoch 010 | Loss: 0.0031 | Val MiFmax: 0.5857 | Val MaFmax: 0.5497 | Val Smin: 39.5599
  --> New best model saved!
Epoch 011 | Loss: 0.0027 | Val MiFmax: 0.6074 | Val MaFmax: 0.5839 | Val Smin: 37.6713
  --> New best model saved!
Epoch 012 | Loss: 0.0024 | Val MiFmax: 0.6209 | Val MaFmax: 0.5988 | Val Smin: 36.7984
  --> New best model saved!
Epoch 013 | Loss: 0.0021 | Val MiFmax: 0.6336 | Val MaFmax: 0.6105 | Val Smin: 35.7005
  --> New best model saved!
Epoch 014 | Loss: 0.0020 | Val MiFmax: 0.6444 | Val MaFmax: 0.6431 | Val Smin: 34.7389
  --> New best model saved!
Epoch 015 | Loss: 0.0018 | Val MiFmax: 0.6423 | Val MaFmax: 0.6387 | Val Smin: 35.0708
Epoch 016 | Loss: 0.0016 | Val MiFmax: 0.6587 | Val MaFmax: 0.6680 | Val Smin: 33.5576
  --> New best model saved!
Epoch 017 | Loss: 0.0015 | Val MiFmax: 0.6585 | Val MaFmax: 0.6600 | Val Smin: 33.6565
Epoch 018 | Loss: 0.0014 | Val MiFmax: 0.6625 | Val MaFmax: 0.6729 | Val Smin: 33.0400
  --> New best model saved!
Epoch 019 | Loss: 0.0012 | Val MiFmax: 0.6847 | Val MaFmax: 0.6838 | Val Smin: 31.4664
  --> New best model saved!
Epoch 020 | Loss: 0.0012 | Val MiFmax: 0.6718 | Val MaFmax: 0.6692 | Val Smin: 32.5161
Epoch 021 | Loss: 0.0012 | Val MiFmax: 0.6818 | Val MaFmax: 0.6917 | Val Smin: 31.2488
  --> New best model saved!
Epoch 022 | Loss: 0.0011 | Val MiFmax: 0.6854 | Val MaFmax: 0.6906 | Val Smin: 31.1882
Epoch 023 | Loss: 0.0010 | Val MiFmax: 0.6759 | Val MaFmax: 0.7006 | Val Smin: 31.8716
  --> New best model saved!
Epoch 024 | Loss: 0.0009 | Val MiFmax: 0.6804 | Val MaFmax: 0.6915 | Val Smin: 31.2936
Epoch 025 | Loss: 0.0008 | Val MiFmax: 0.6961 | Val MaFmax: 0.7123 | Val Smin: 30.0961
  --> New best model saved!
Epoch 026 | Loss: 0.0008 | Val MiFmax: 0.6956 | Val MaFmax: 0.7081 | Val Smin: 30.0406
Epoch 027 | Loss: 0.0008 | Val MiFmax: 0.7034 | Val MaFmax: 0.7064 | Val Smin: 29.5936
Epoch 028 | Loss: 0.0007 | Val MiFmax: 0.7037 | Val MaFmax: 0.7115 | Val Smin: 29.4086
Epoch 029 | Loss: 0.0006 | Val MiFmax: 0.7126 | Val MaFmax: 0.7171 | Val Smin: 28.6855
  --> New best model saved!
Epoch 030 | Loss: 0.0006 | Val MiFmax: 0.7061 | Val MaFmax: 0.7149 | Val Smin: 29.1191
Epoch 031 | Loss: 0.0007 | Val MiFmax: 0.7114 | Val MaFmax: 0.7133 | Val Smin: 28.5744
Epoch 032 | Loss: 0.0006 | Val MiFmax: 0.7046 | Val MaFmax: 0.7133 | Val Smin: 29.3076
Epoch 033 | Loss: 0.0005 | Val MiFmax: 0.7076 | Val MaFmax: 0.7100 | Val Smin: 29.1242
Epoch 034 | Loss: 0.0005 | Val MiFmax: 0.7146 | Val MaFmax: 0.7222 | Val Smin: 28.3583
  --> New best model saved!
Epoch 035 | Loss: 0.0004 | Val MiFmax: 0.7166 | Val MaFmax: 0.7218 | Val Smin: 28.2236
Epoch 036 | Loss: 0.0005 | Val MiFmax: 0.7122 | Val MaFmax: 0.7194 | Val Smin: 28.6641
Epoch 037 | Loss: 0.0004 | Val MiFmax: 0.7151 | Val MaFmax: 0.7223 | Val Smin: 28.2734
  --> New best model saved!
Epoch 038 | Loss: 0.0004 | Val MiFmax: 0.7267 | Val MaFmax: 0.7299 | Val Smin: 27.5201
  --> New best model saved!
Epoch 039 | Loss: 0.0004 | Val MiFmax: 0.7169 | Val MaFmax: 0.7217 | Val Smin: 28.1525
Epoch 040 | Loss: 0.0004 | Val MiFmax: 0.7243 | Val MaFmax: 0.7299 | Val Smin: 27.4864
Epoch 041 | Loss: 0.0004 | Val MiFmax: 0.7251 | Val MaFmax: 0.7281 | Val Smin: 27.4995
Epoch 042 | Loss: 0.0004 | Val MiFmax: 0.7148 | Val MaFmax: 0.7225 | Val Smin: 28.2815
Epoch 043 | Loss: 0.0004 | Val MiFmax: 0.7146 | Val MaFmax: 0.7171 | Val Smin: 28.2644
Epoch 044 | Loss: 0.0004 | Val MiFmax: 0.7237 | Val MaFmax: 0.7279 | Val Smin: 27.4272
Epoch 045 | Loss: 0.0003 | Val MiFmax: 0.7362 | Val MaFmax: 0.7303 | Val Smin: 26.3260
  --> New best model saved!
Epoch 046 | Loss: 0.0002 | Val MiFmax: 0.7341 | Val MaFmax: 0.7340 | Val Smin: 26.5901
  --> New best model saved!
Epoch 047 | Loss: 0.0002 | Val MiFmax: 0.7303 | Val MaFmax: 0.7334 | Val Smin: 27.0248
Epoch 048 | Loss: 0.0002 | Val MiFmax: 0.7315 | Val MaFmax: 0.7378 | Val Smin: 26.7915
  --> New best model saved!
Epoch 049 | Loss: 0.0002 | Val MiFmax: 0.7318 | Val MaFmax: 0.7350 | Val Smin: 26.7808
Epoch 050 | Loss: 0.0002 | Val MiFmax: 0.7358 | Val MaFmax: 0.7384 | Val Smin: 26.4394
  --> New best model saved!
Epoch 051 | Loss: 0.0002 | Val MiFmax: 0.7356 | Val MaFmax: 0.7345 | Val Smin: 26.5252
Epoch 052 | Loss: 0.0002 | Val MiFmax: 0.7368 | Val MaFmax: 0.7338 | Val Smin: 26.4636
Epoch 053 | Loss: 0.0002 | Val MiFmax: 0.7356 | Val MaFmax: 0.7341 | Val Smin: 26.4623
Epoch 054 | Loss: 0.0002 | Val MiFmax: 0.7401 | Val MaFmax: 0.7353 | Val Smin: 26.1285
Epoch 055 | Loss: 0.0002 | Val MiFmax: 0.7445 | Val MaFmax: 0.7368 | Val Smin: 25.6371
Epoch 056 | Loss: 0.0002 | Val MiFmax: 0.7396 | Val MaFmax: 0.7375 | Val Smin: 26.0284
Epoch 057 | Loss: 0.0001 | Val MiFmax: 0.7413 | Val MaFmax: 0.7414 | Val Smin: 25.9651
  --> New best model saved!
Epoch 058 | Loss: 0.0001 | Val MiFmax: 0.7442 | Val MaFmax: 0.7405 | Val Smin: 25.8426
Epoch 059 | Loss: 0.0001 | Val MiFmax: 0.7423 | Val MaFmax: 0.7399 | Val Smin: 25.8811
Epoch 060 | Loss: 0.0001 | Val MiFmax: 0.7436 | Val MaFmax: 0.7384 | Val Smin: 25.9718
Epoch 061 | Loss: 0.0001 | Val MiFmax: 0.7482 | Val MaFmax: 0.7390 | Val Smin: 25.6317
Epoch 062 | Loss: 0.0001 | Val MiFmax: 0.7445 | Val MaFmax: 0.7401 | Val Smin: 25.9843
Epoch 063 | Loss: 0.0001 | Val MiFmax: 0.7410 | Val MaFmax: 0.7410 | Val Smin: 26.1626
Epoch 064 | Loss: 0.0001 | Val MiFmax: 0.7453 | Val MaFmax: 0.7422 | Val Smin: 25.7841
  --> New best model saved!
Epoch 065 | Loss: 0.0001 | Val MiFmax: 0.7470 | Val MaFmax: 0.7419 | Val Smin: 25.6862
Epoch 066 | Loss: 0.0001 | Val MiFmax: 0.7489 | Val MaFmax: 0.7427 | Val Smin: 25.6742
  --> New best model saved!
Epoch 067 | Loss: 0.0001 | Val MiFmax: 0.7490 | Val MaFmax: 0.7432 | Val Smin: 25.6200
  --> New best model saved!
Epoch 068 | Loss: 0.0001 | Val MiFmax: 0.7450 | Val MaFmax: 0.7430 | Val Smin: 25.9140
Epoch 069 | Loss: 0.0001 | Val MiFmax: 0.7429 | Val MaFmax: 0.7445 | Val Smin: 25.9557
  --> New best model saved!
Epoch 070 | Loss: 0.0001 | Val MiFmax: 0.7485 | Val MaFmax: 0.7406 | Val Smin: 25.4866
Epoch 071 | Loss: 0.0001 | Val MiFmax: 0.7442 | Val MaFmax: 0.7396 | Val Smin: 25.8651
Epoch 072 | Loss: 0.0001 | Val MiFmax: 0.7444 | Val MaFmax: 0.7405 | Val Smin: 25.8924
Epoch 073 | Loss: 0.0001 | Val MiFmax: 0.7454 | Val MaFmax: 0.7380 | Val Smin: 25.7585
Epoch 074 | Loss: 0.0001 | Val MiFmax: 0.7470 | Val MaFmax: 0.7387 | Val Smin: 25.6099
Epoch 075 | Loss: 0.0001 | Val MiFmax: 0.7446 | Val MaFmax: 0.7408 | Val Smin: 25.8820
Epoch 076 | Loss: 0.0001 | Val MiFmax: 0.7466 | Val MaFmax: 0.7427 | Val Smin: 25.6743
Epoch 077 | Loss: 0.0001 | Val MiFmax: 0.7461 | Val MaFmax: 0.7410 | Val Smin: 25.8222
Epoch 078 | Loss: 0.0001 | Val MiFmax: 0.7472 | Val MaFmax: 0.7420 | Val Smin: 25.5877
Epoch 079 | Loss: 0.0001 | Val MiFmax: 0.7477 | Val MaFmax: 0.7419 | Val Smin: 25.7479
Epoch 080 | Loss: 0.0001 | Val MiFmax: 0.7501 | Val MaFmax: 0.7408 | Val Smin: 25.5560
Epoch 081 | Loss: 0.0001 | Val MiFmax: 0.7477 | Val MaFmax: 0.7407 | Val Smin: 25.6861
Epoch 082 | Loss: 0.0001 | Val MiFmax: 0.7490 | Val MaFmax: 0.7417 | Val Smin: 25.5532
Epoch 083 | Loss: 0.0001 | Val MiFmax: 0.7483 | Val MaFmax: 0.7416 | Val Smin: 25.5967
Epoch 084 | Loss: 0.0001 | Val MiFmax: 0.7505 | Val MaFmax: 0.7417 | Val Smin: 25.4127
Early stopping triggered after 84 epochs.
Training finished. Evaluating on Test Set...

--- TEST METRICS ---
Micro_Fmax: 0.6748
Macro_Fmax: 0.6685
Macro_AUROC: 0.8574
Micro_AUROC: 0.8545
Macro_AUPRC: 0.6257
Micro_AUPRC: 0.6414
Smin: 35.0506
------------------------------------------------------
  Run 6 / 12 | biological_process | Focal | gamma=1.0 | s456
------------------------------------------------------
Using device: cuda
Loading datasets from preprocessing/data/split_files/datasets.pkl for biological_process...
Alpha weights not found. Using default FocalLoss (alpha=0.25, gamma=1.0).
Epoch 001 | Loss: 0.0801 | Val MiFmax: 0.1658 | Val MaFmax: 0.1413 | Val Smin: 66.2462
  --> New best model saved!
Epoch 002 | Loss: 0.0254 | Val MiFmax: 0.2375 | Val MaFmax: 0.1818 | Val Smin: 64.1461
  --> New best model saved!
Epoch 003 | Loss: 0.0097 | Val MiFmax: 0.3071 | Val MaFmax: 0.2307 | Val Smin: 60.6044
  --> New best model saved!
Epoch 004 | Loss: 0.0072 | Val MiFmax: 0.3594 | Val MaFmax: 0.3394 | Val Smin: 57.7231
  --> New best model saved!
Epoch 005 | Loss: 0.0061 | Val MiFmax: 0.4224 | Val MaFmax: 0.4060 | Val Smin: 53.6662
  --> New best model saved!
Epoch 006 | Loss: 0.0055 | Val MiFmax: 0.4404 | Val MaFmax: 0.4297 | Val Smin: 52.3976
  --> New best model saved!
Epoch 007 | Loss: 0.0049 | Val MiFmax: 0.4996 | Val MaFmax: 0.4568 | Val Smin: 47.5936
  --> New best model saved!
Epoch 008 | Loss: 0.0040 | Val MiFmax: 0.5019 | Val MaFmax: 0.4982 | Val Smin: 47.6106
  --> New best model saved!
Epoch 009 | Loss: 0.0035 | Val MiFmax: 0.5680 | Val MaFmax: 0.5352 | Val Smin: 41.0073
  --> New best model saved!
Epoch 010 | Loss: 0.0032 | Val MiFmax: 0.5818 | Val MaFmax: 0.5779 | Val Smin: 40.3390
  --> New best model saved!
Epoch 011 | Loss: 0.0027 | Val MiFmax: 0.5960 | Val MaFmax: 0.5830 | Val Smin: 38.9262
  --> New best model saved!
Epoch 012 | Loss: 0.0026 | Val MiFmax: 0.6100 | Val MaFmax: 0.5974 | Val Smin: 37.5472
  --> New best model saved!
Epoch 013 | Loss: 0.0022 | Val MiFmax: 0.6293 | Val MaFmax: 0.6212 | Val Smin: 35.8839
  --> New best model saved!
Epoch 014 | Loss: 0.0020 | Val MiFmax: 0.6337 | Val MaFmax: 0.6296 | Val Smin: 35.5999
  --> New best model saved!
Epoch 015 | Loss: 0.0018 | Val MiFmax: 0.6454 | Val MaFmax: 0.6423 | Val Smin: 34.6705
  --> New best model saved!
Epoch 016 | Loss: 0.0017 | Val MiFmax: 0.6534 | Val MaFmax: 0.6667 | Val Smin: 33.9594
  --> New best model saved!
Epoch 017 | Loss: 0.0016 | Val MiFmax: 0.6584 | Val MaFmax: 0.6549 | Val Smin: 33.2886
Epoch 018 | Loss: 0.0015 | Val MiFmax: 0.6544 | Val MaFmax: 0.6544 | Val Smin: 33.5988
Epoch 019 | Loss: 0.0013 | Val MiFmax: 0.6592 | Val MaFmax: 0.6703 | Val Smin: 33.3066
  --> New best model saved!
Epoch 020 | Loss: 0.0012 | Val MiFmax: 0.6714 | Val MaFmax: 0.6674 | Val Smin: 32.2838
Epoch 021 | Loss: 0.0011 | Val MiFmax: 0.6798 | Val MaFmax: 0.6889 | Val Smin: 31.6384
  --> New best model saved!
Epoch 022 | Loss: 0.0010 | Val MiFmax: 0.6871 | Val MaFmax: 0.6874 | Val Smin: 30.7531
Epoch 023 | Loss: 0.0009 | Val MiFmax: 0.6987 | Val MaFmax: 0.7029 | Val Smin: 30.0980
  --> New best model saved!
Epoch 024 | Loss: 0.0009 | Val MiFmax: 0.6974 | Val MaFmax: 0.7011 | Val Smin: 30.0829
Epoch 025 | Loss: 0.0009 | Val MiFmax: 0.6992 | Val MaFmax: 0.7024 | Val Smin: 29.9537
Epoch 026 | Loss: 0.0008 | Val MiFmax: 0.6962 | Val MaFmax: 0.7031 | Val Smin: 29.9813
  --> New best model saved!
Epoch 027 | Loss: 0.0007 | Val MiFmax: 0.7018 | Val MaFmax: 0.7012 | Val Smin: 29.3042
Epoch 028 | Loss: 0.0007 | Val MiFmax: 0.7019 | Val MaFmax: 0.7025 | Val Smin: 29.8169
Epoch 029 | Loss: 0.0007 | Val MiFmax: 0.7162 | Val MaFmax: 0.7073 | Val Smin: 28.4860
  --> New best model saved!
Epoch 030 | Loss: 0.0006 | Val MiFmax: 0.7109 | Val MaFmax: 0.7063 | Val Smin: 28.7497
Epoch 031 | Loss: 0.0006 | Val MiFmax: 0.7139 | Val MaFmax: 0.7039 | Val Smin: 28.6405
Epoch 032 | Loss: 0.0006 | Val MiFmax: 0.7168 | Val MaFmax: 0.7099 | Val Smin: 28.4383
  --> New best model saved!
Epoch 033 | Loss: 0.0005 | Val MiFmax: 0.7155 | Val MaFmax: 0.7137 | Val Smin: 28.1920
  --> New best model saved!
Epoch 034 | Loss: 0.0005 | Val MiFmax: 0.7162 | Val MaFmax: 0.7116 | Val Smin: 28.2869
Epoch 035 | Loss: 0.0005 | Val MiFmax: 0.7174 | Val MaFmax: 0.7137 | Val Smin: 28.2849
Epoch 036 | Loss: 0.0004 | Val MiFmax: 0.7113 | Val MaFmax: 0.7165 | Val Smin: 28.5492
  --> New best model saved!
Epoch 037 | Loss: 0.0004 | Val MiFmax: 0.7186 | Val MaFmax: 0.7202 | Val Smin: 27.9904
  --> New best model saved!
Epoch 038 | Loss: 0.0004 | Val MiFmax: 0.7186 | Val MaFmax: 0.7170 | Val Smin: 28.0197
Epoch 039 | Loss: 0.0004 | Val MiFmax: 0.7302 | Val MaFmax: 0.7237 | Val Smin: 27.3156
  --> New best model saved!
Epoch 040 | Loss: 0.0004 | Val MiFmax: 0.7213 | Val MaFmax: 0.7180 | Val Smin: 27.7837
Epoch 041 | Loss: 0.0004 | Val MiFmax: 0.7274 | Val MaFmax: 0.7224 | Val Smin: 27.2224
Epoch 042 | Loss: 0.0003 | Val MiFmax: 0.7305 | Val MaFmax: 0.7224 | Val Smin: 27.1641
Epoch 043 | Loss: 0.0003 | Val MiFmax: 0.7233 | Val MaFmax: 0.7168 | Val Smin: 27.5806
Epoch 044 | Loss: 0.0004 | Val MiFmax: 0.7270 | Val MaFmax: 0.7284 | Val Smin: 27.2477
  --> New best model saved!
Epoch 045 | Loss: 0.0004 | Val MiFmax: 0.7219 | Val MaFmax: 0.7240 | Val Smin: 27.6200
Epoch 046 | Loss: 0.0003 | Val MiFmax: 0.7281 | Val MaFmax: 0.7266 | Val Smin: 27.1967
Epoch 047 | Loss: 0.0003 | Val MiFmax: 0.7375 | Val MaFmax: 0.7312 | Val Smin: 26.5353
  --> New best model saved!
Epoch 048 | Loss: 0.0003 | Val MiFmax: 0.7343 | Val MaFmax: 0.7281 | Val Smin: 26.7368
Epoch 049 | Loss: 0.0003 | Val MiFmax: 0.7345 | Val MaFmax: 0.7203 | Val Smin: 26.7446
Epoch 050 | Loss: 0.0003 | Val MiFmax: 0.7341 | Val MaFmax: 0.7251 | Val Smin: 26.8965
Epoch 051 | Loss: 0.0002 | Val MiFmax: 0.7305 | Val MaFmax: 0.7263 | Val Smin: 27.2250
Epoch 052 | Loss: 0.0002 | Val MiFmax: 0.7346 | Val MaFmax: 0.7354 | Val Smin: 26.7299
  --> New best model saved!
Epoch 053 | Loss: 0.0002 | Val MiFmax: 0.7313 | Val MaFmax: 0.7236 | Val Smin: 27.0881
Epoch 054 | Loss: 0.0002 | Val MiFmax: 0.7293 | Val MaFmax: 0.7278 | Val Smin: 27.4300
Epoch 055 | Loss: 0.0002 | Val MiFmax: 0.7361 | Val MaFmax: 0.7324 | Val Smin: 26.9582
Epoch 056 | Loss: 0.0002 | Val MiFmax: 0.7318 | Val MaFmax: 0.7353 | Val Smin: 26.9872
Epoch 057 | Loss: 0.0002 | Val MiFmax: 0.7322 | Val MaFmax: 0.7291 | Val Smin: 26.9116
Epoch 058 | Loss: 0.0002 | Val MiFmax: 0.7340 | Val MaFmax: 0.7287 | Val Smin: 26.7846
Epoch 059 | Loss: 0.0002 | Val MiFmax: 0.7360 | Val MaFmax: 0.7297 | Val Smin: 26.9750
Epoch 060 | Loss: 0.0001 | Val MiFmax: 0.7369 | Val MaFmax: 0.7298 | Val Smin: 26.7199
Epoch 061 | Loss: 0.0001 | Val MiFmax: 0.7352 | Val MaFmax: 0.7313 | Val Smin: 26.7824
Epoch 062 | Loss: 0.0001 | Val MiFmax: 0.7339 | Val MaFmax: 0.7285 | Val Smin: 26.7483
Epoch 063 | Loss: 0.0001 | Val MiFmax: 0.7348 | Val MaFmax: 0.7335 | Val Smin: 26.5685
Epoch 064 | Loss: 0.0001 | Val MiFmax: 0.7373 | Val MaFmax: 0.7341 | Val Smin: 26.5597
Epoch 065 | Loss: 0.0001 | Val MiFmax: 0.7385 | Val MaFmax: 0.7338 | Val Smin: 26.4313
Epoch 066 | Loss: 0.0001 | Val MiFmax: 0.7374 | Val MaFmax: 0.7342 | Val Smin: 26.4786
Epoch 067 | Loss: 0.0001 | Val MiFmax: 0.7357 | Val MaFmax: 0.7336 | Val Smin: 26.4938
Early stopping triggered after 67 epochs.
Training finished. Evaluating on Test Set...

--- TEST METRICS ---
Micro_Fmax: 0.6618
Macro_Fmax: 0.6540
Macro_AUROC: 0.8519
Micro_AUROC: 0.8517
Macro_AUPRC: 0.6057
Micro_AUPRC: 0.6217
Smin: 36.3414
------------------------------------------------------
  Run 7 / 12 | biological_process | Focal | gamma=2.0 | s42
------------------------------------------------------
Using device: cuda

[RESUME] Found successfully completed run in runs_ablation_loss/bp_Hybrid_JK_Focal_lr0.0005_dp0.4_bs32_s42_g1.0.
[RESUME] Skipping training to save compute!

------------------------------------------------------
  Run 8 / 12 | biological_process | Focal | gamma=2.0 | s123
------------------------------------------------------
Using device: cuda

[RESUME] Found successfully completed run in runs_ablation_loss/bp_Hybrid_JK_Focal_lr0.0005_dp0.4_bs32_s123_g1.0.
[RESUME] Skipping training to save compute!

------------------------------------------------------
  Run 9 / 12 | biological_process | Focal | gamma=2.0 | s456
------------------------------------------------------
Using device: cuda

[RESUME] Found successfully completed run in runs_ablation_loss/bp_Hybrid_JK_Focal_lr0.0005_dp0.4_bs32_s456_g1.0.
[RESUME] Skipping training to save compute!

------------------------------------------------------
  Run 10 / 12 | biological_process | Focal | gamma=3.0 | s42
------------------------------------------------------
Using device: cuda

[RESUME] Found successfully completed run in runs_ablation_loss/bp_Hybrid_JK_Focal_lr0.0005_dp0.4_bs32_s42_g1.0.
[RESUME] Skipping training to save compute!

------------------------------------------------------
  Run 11 / 12 | biological_process | Focal | gamma=3.0 | s123
------------------------------------------------------
Using device: cuda

[RESUME] Found successfully completed run in runs_ablation_loss/bp_Hybrid_JK_Focal_lr0.0005_dp0.4_bs32_s123_g1.0.
[RESUME] Skipping training to save compute!

------------------------------------------------------
  Run 12 / 12 | biological_process | Focal | gamma=3.0 | s456
------------------------------------------------------
Using device: cuda

[RESUME] Found successfully completed run in runs_ablation_loss/bp_Hybrid_JK_Focal_lr0.0005_dp0.4_bs32_s456_g1.0.
[RESUME] Skipping training to save compute!

Completed: 12 / 12
