GPU: NVIDIA L40S
CUDA tensor check: 8.0
Thu Jul 16 22:50:32 2026       
+-----------------------------------------------------------------------------------------+
| NVIDIA-SMI 560.35.03              Driver Version: 560.35.03      CUDA Version: 12.6     |
|-----------------------------------------+------------------------+----------------------+
| GPU  Name                 Persistence-M | Bus-Id          Disp.A | Volatile Uncorr. ECC |
| Fan  Temp   Perf          Pwr:Usage/Cap |           Memory-Usage | GPU-Util  Compute M. |
|                                         |                        |               MIG M. |
|=========================================+========================+======================|
|   0  NVIDIA L40S                    On  |   00000000:0D:00.0 Off |                    0 |
| N/A   42C    P0             40W /  350W |     503MiB /  46068MiB |      1%      Default |
|                                         |                        |                  N/A |
+-----------------------------------------+------------------------+----------------------+
                                                                                         
+-----------------------------------------------------------------------------------------+
| Processes:                                                                              |
|  GPU   GI   CI        PID   Type   Process name                              GPU Memory |
|        ID   ID                                                               Usage      |
|=========================================================================================|
|    0   N/A  N/A   2018109      C   python3                                       494MiB |
+-----------------------------------------------------------------------------------------+
CUDA verified: NVIDIA L40S; tensor dot product=8.0
GPU startup: NVIDIA L40S, 533, 46068, 0
Loaded train=6026, valid=754; reserved test set is not loaded
epoch=1 loss=0.985217 validation_macro_fmax=0.259719 valid_micro_fmax=0.196563
epoch=2 loss=0.781971 validation_macro_fmax=0.298023 valid_micro_fmax=0.155862
epoch=3 loss=0.649239 validation_macro_fmax=0.308606 valid_micro_fmax=0.203217
epoch=4 loss=0.471021 validation_macro_fmax=0.324511 valid_micro_fmax=0.226444
epoch=5 loss=0.299869 validation_macro_fmax=0.324461 valid_micro_fmax=0.277369
epoch=6 loss=0.184525 validation_macro_fmax=0.319270 valid_micro_fmax=0.303706
epoch=7 loss=0.120357 validation_macro_fmax=0.345221 valid_micro_fmax=0.340126
epoch=8 loss=0.083950 validation_macro_fmax=0.335707 valid_micro_fmax=0.357388
epoch=9 loss=0.062150 validation_macro_fmax=0.326161 valid_micro_fmax=0.354007
epoch=10 loss=0.047095 validation_macro_fmax=0.330696 valid_micro_fmax=0.366119
epoch=11 loss=0.037163 validation_macro_fmax=0.315176 valid_micro_fmax=0.370037
epoch=12 loss=0.032496 validation_macro_fmax=0.325567 valid_micro_fmax=0.351003
epoch=13 loss=0.025850 validation_macro_fmax=0.319361 valid_micro_fmax=0.354077
epoch=14 loss=0.023543 validation_macro_fmax=0.316282 valid_micro_fmax=0.337540
epoch=15 loss=0.020619 validation_macro_fmax=0.327396 valid_micro_fmax=0.365934
epoch=16 loss=0.019862 validation_macro_fmax=0.321625 valid_micro_fmax=0.399848
Early stopping after 16 epochs (patience=9)
GPU completion: NVIDIA L40S, 19579, 46068, 0
