GPU: NVIDIA L40S
CUDA tensor check: 8.0
Thu Jul 16 22:51:24 2026       
+-----------------------------------------------------------------------------------------+
| NVIDIA-SMI 560.35.03              Driver Version: 560.35.03      CUDA Version: 12.6     |
|-----------------------------------------+------------------------+----------------------+
| GPU  Name                 Persistence-M | Bus-Id          Disp.A | Volatile Uncorr. ECC |
| Fan  Temp   Perf          Pwr:Usage/Cap |           Memory-Usage | GPU-Util  Compute M. |
|                                         |                        |               MIG M. |
|=========================================+========================+======================|
|   0  NVIDIA L40S                    On  |   00000000:B5:00.0 Off |                    0 |
| N/A   46C    P0             45W /  350W |     503MiB /  46068MiB |      0%      Default |
|                                         |                        |                  N/A |
+-----------------------------------------+------------------------+----------------------+
                                                                                         
+-----------------------------------------------------------------------------------------+
| Processes:                                                                              |
|  GPU   GI   CI        PID   Type   Process name                              GPU Memory |
|        ID   ID                                                               Usage      |
|=========================================================================================|
|    0   N/A  N/A   2835204      C   python3                                       494MiB |
+-----------------------------------------------------------------------------------------+
CUDA verified: NVIDIA L40S; tensor dot product=8.0
GPU startup: NVIDIA L40S, 533, 46068, 1
Loaded train=6026, valid=754; reserved test set is not loaded
epoch=1 loss=1.059698 validation_macro_fmax=0.196157 valid_micro_fmax=0.089393
epoch=2 loss=0.841973 validation_macro_fmax=0.207142 valid_micro_fmax=0.114707
epoch=3 loss=0.704680 validation_macro_fmax=0.215486 valid_micro_fmax=0.141728
epoch=4 loss=0.535118 validation_macro_fmax=0.219998 valid_micro_fmax=0.142514
epoch=5 loss=0.373675 validation_macro_fmax=0.236964 valid_micro_fmax=0.229826
epoch=6 loss=0.253932 validation_macro_fmax=0.253347 valid_micro_fmax=0.212119
epoch=7 loss=0.176722 validation_macro_fmax=0.258129 valid_micro_fmax=0.237903
epoch=8 loss=0.133736 validation_macro_fmax=0.263103 valid_micro_fmax=0.242318
epoch=9 loss=0.104359 validation_macro_fmax=0.261296 valid_micro_fmax=0.264599
epoch=10 loss=0.086357 validation_macro_fmax=0.277423 valid_micro_fmax=0.279515
epoch=11 loss=0.071968 validation_macro_fmax=0.228568 valid_micro_fmax=0.253398
epoch=12 loss=0.065819 validation_macro_fmax=0.250840 valid_micro_fmax=0.265282
epoch=13 loss=0.055899 validation_macro_fmax=0.252526 valid_micro_fmax=0.287452
epoch=14 loss=0.052879 validation_macro_fmax=0.252485 valid_micro_fmax=0.274543
epoch=15 loss=0.046623 validation_macro_fmax=0.251059 valid_micro_fmax=0.270431
epoch=16 loss=0.039189 validation_macro_fmax=0.259446 valid_micro_fmax=0.265756
epoch=17 loss=0.040859 validation_macro_fmax=0.274771 valid_micro_fmax=0.316362
epoch=18 loss=0.035787 validation_macro_fmax=0.260040 valid_micro_fmax=0.276650
epoch=19 loss=0.029292 validation_macro_fmax=0.246947 valid_micro_fmax=0.300497
Early stopping after 19 epochs (patience=9)
GPU completion: NVIDIA L40S, 28991, 46068, 0
