GPU: NVIDIA L40S
CUDA tensor check: 8.0
Thu Jul 16 20:01:03 2026       
+-----------------------------------------------------------------------------------------+
| NVIDIA-SMI 560.35.03              Driver Version: 560.35.03      CUDA Version: 12.6     |
|-----------------------------------------+------------------------+----------------------+
| GPU  Name                 Persistence-M | Bus-Id          Disp.A | Volatile Uncorr. ECC |
| Fan  Temp   Perf          Pwr:Usage/Cap |           Memory-Usage | GPU-Util  Compute M. |
|                                         |                        |               MIG M. |
|=========================================+========================+======================|
|   0  NVIDIA L40S                    On  |   00000000:B5:00.0 Off |                    0 |
| N/A   33C    P0             38W /  350W |     503MiB /  46068MiB |      1%      Default |
|                                         |                        |                  N/A |
+-----------------------------------------+------------------------+----------------------+
                                                                                         
+-----------------------------------------------------------------------------------------+
| Processes:                                                                              |
|  GPU   GI   CI        PID   Type   Process name                              GPU Memory |
|        ID   ID                                                               Usage      |
|=========================================================================================|
|    0   N/A  N/A   2770281      C   python3                                       494MiB |
+-----------------------------------------------------------------------------------------+
CUDA verified: NVIDIA L40S; tensor dot product=8.0
GPU startup: NVIDIA L40S, 533, 46068, 0
Loaded train=6026, valid=754; reserved test set is not loaded
epoch=1 loss=0.400671 validation_macro_fmax=0.249238 valid_micro_fmax=0.089238
epoch=2 loss=0.154949 validation_macro_fmax=0.278988 valid_micro_fmax=0.158235
epoch=3 loss=0.077757 validation_macro_fmax=0.290406 valid_micro_fmax=0.212558
epoch=4 loss=0.053837 validation_macro_fmax=0.274510 valid_micro_fmax=0.220849
epoch=5 loss=0.035530 validation_macro_fmax=0.299092 valid_micro_fmax=0.207350
epoch=6 loss=0.030284 validation_macro_fmax=0.276151 valid_micro_fmax=0.191058
epoch=7 loss=0.023973 validation_macro_fmax=0.287619 valid_micro_fmax=0.221816
epoch=8 loss=0.024100 validation_macro_fmax=0.280339 valid_micro_fmax=0.216399
epoch=9 loss=0.022742 validation_macro_fmax=0.293614 valid_micro_fmax=0.215026
epoch=10 loss=0.015027 validation_macro_fmax=0.293661 valid_micro_fmax=0.249458
epoch=11 loss=0.011698 validation_macro_fmax=0.288331 valid_micro_fmax=0.218104
epoch=12 loss=0.010455 validation_macro_fmax=0.293944 valid_micro_fmax=0.254123
epoch=13 loss=0.010752 validation_macro_fmax=0.285328 valid_micro_fmax=0.238685
epoch=14 loss=0.009935 validation_macro_fmax=0.281935 valid_micro_fmax=0.244366
Early stopping after 14 epochs (patience=9)
GPU completion: NVIDIA L40S, 14875, 46068, 0
