GPU: NVIDIA L40S
CUDA tensor check: 8.0
Thu Jul 16 23:35:05 2026       
+-----------------------------------------------------------------------------------------+
| NVIDIA-SMI 560.35.03              Driver Version: 560.35.03      CUDA Version: 12.6     |
|-----------------------------------------+------------------------+----------------------+
| GPU  Name                 Persistence-M | Bus-Id          Disp.A | Volatile Uncorr. ECC |
| Fan  Temp   Perf          Pwr:Usage/Cap |           Memory-Usage | GPU-Util  Compute M. |
|                                         |                        |               MIG M. |
|=========================================+========================+======================|
|   0  NVIDIA L40S                    On  |   00000000:B5:00.0 Off |                    0 |
| N/A   39C    P0             41W /  350W |     503MiB /  46068MiB |      0%      Default |
|                                         |                        |                  N/A |
+-----------------------------------------+------------------------+----------------------+
                                                                                         
+-----------------------------------------------------------------------------------------+
| Processes:                                                                              |
|  GPU   GI   CI        PID   Type   Process name                              GPU Memory |
|        ID   ID                                                               Usage      |
|=========================================================================================|
|    0   N/A  N/A   2853144      C   python3                                       494MiB |
+-----------------------------------------------------------------------------------------+
CUDA verified: NVIDIA L40S; tensor dot product=8.0
GPU startup: NVIDIA L40S, 533, 46068, 5
Loaded train=6026, valid=754; reserved test set is not loaded
epoch=1 loss=1.156052 validation_macro_fmax=0.132606 valid_micro_fmax=0.019114
epoch=2 loss=1.001000 validation_macro_fmax=0.162778 valid_micro_fmax=0.047938
epoch=3 loss=0.907755 validation_macro_fmax=0.176814 valid_micro_fmax=0.083269
epoch=4 loss=0.839297 validation_macro_fmax=0.175325 valid_micro_fmax=0.101804
epoch=5 loss=0.783017 validation_macro_fmax=0.172626 valid_micro_fmax=0.107257
epoch=6 loss=0.729989 validation_macro_fmax=0.170531 valid_micro_fmax=0.134894
epoch=7 loss=0.673774 validation_macro_fmax=0.178867 valid_micro_fmax=0.142306
epoch=8 loss=0.616973 validation_macro_fmax=0.184235 valid_micro_fmax=0.149924
epoch=9 loss=0.554963 validation_macro_fmax=0.196227 valid_micro_fmax=0.165971
epoch=10 loss=0.491576 validation_macro_fmax=0.191995 valid_micro_fmax=0.177074
epoch=11 loss=0.429211 validation_macro_fmax=0.201146 valid_micro_fmax=0.179785
epoch=12 loss=0.369288 validation_macro_fmax=0.204161 valid_micro_fmax=0.165063
epoch=13 loss=0.316983 validation_macro_fmax=0.224059 valid_micro_fmax=0.204403
epoch=14 loss=0.270369 validation_macro_fmax=0.209730 valid_micro_fmax=0.168335
epoch=15 loss=0.233387 validation_macro_fmax=0.233329 valid_micro_fmax=0.212296
epoch=16 loss=0.199944 validation_macro_fmax=0.226435 valid_micro_fmax=0.225751
epoch=17 loss=0.173782 validation_macro_fmax=0.239106 valid_micro_fmax=0.241959
epoch=18 loss=0.152082 validation_macro_fmax=0.220095 valid_micro_fmax=0.226649
epoch=19 loss=0.130310 validation_macro_fmax=0.238056 valid_micro_fmax=0.231426
epoch=20 loss=0.118681 validation_macro_fmax=0.237083 valid_micro_fmax=0.250466
epoch=21 loss=0.109220 validation_macro_fmax=0.242909 valid_micro_fmax=0.248040
epoch=22 loss=0.095959 validation_macro_fmax=0.240902 valid_micro_fmax=0.253623
epoch=23 loss=0.087967 validation_macro_fmax=0.253782 valid_micro_fmax=0.276208
epoch=24 loss=0.079141 validation_macro_fmax=0.245164 valid_micro_fmax=0.252256
epoch=25 loss=0.072599 validation_macro_fmax=0.242327 valid_micro_fmax=0.256555
epoch=26 loss=0.066724 validation_macro_fmax=0.246808 valid_micro_fmax=0.259233
epoch=27 loss=0.062167 validation_macro_fmax=0.236885 valid_micro_fmax=0.281525
epoch=28 loss=0.058613 validation_macro_fmax=0.252612 valid_micro_fmax=0.270306
epoch=29 loss=0.049067 validation_macro_fmax=0.233065 valid_micro_fmax=0.243708
epoch=30 loss=0.048706 validation_macro_fmax=0.247851 valid_micro_fmax=0.253755
epoch=31 loss=0.048916 validation_macro_fmax=0.243421 valid_micro_fmax=0.249532
epoch=32 loss=0.044862 validation_macro_fmax=0.241614 valid_micro_fmax=0.254927
Early stopping after 32 epochs (patience=9)
GPU completion: NVIDIA L40S, 28223, 46068, 0
