GPU: NVIDIA L40S
CUDA tensor check: 8.0
Thu Jul 16 21:55:01 2026       
+-----------------------------------------------------------------------------------------+
| NVIDIA-SMI 560.35.03              Driver Version: 560.35.03      CUDA Version: 12.6     |
|-----------------------------------------+------------------------+----------------------+
| GPU  Name                 Persistence-M | Bus-Id          Disp.A | Volatile Uncorr. ECC |
| Fan  Temp   Perf          Pwr:Usage/Cap |           Memory-Usage | GPU-Util  Compute M. |
|                                         |                        |               MIG M. |
|=========================================+========================+======================|
|   0  NVIDIA L40S                    On  |   00000000:0D:00.0 Off |                    0 |
| N/A   41C    P0             47W /  350W |     503MiB /  46068MiB |      0%      Default |
|                                         |                        |                  N/A |
+-----------------------------------------+------------------------+----------------------+
                                                                                         
+-----------------------------------------------------------------------------------------+
| Processes:                                                                              |
|  GPU   GI   CI        PID   Type   Process name                              GPU Memory |
|        ID   ID                                                               Usage      |
|=========================================================================================|
|    0   N/A  N/A   1759089      C   python3                                       494MiB |
+-----------------------------------------------------------------------------------------+
CUDA verified: NVIDIA L40S; tensor dot product=8.0
GPU startup: NVIDIA L40S, 533, 46068, 5
Loaded train=6026, valid=754; reserved test set is not loaded
epoch=1 loss=0.972487 validation_macro_fmax=0.201132 valid_micro_fmax=0.088928
epoch=2 loss=0.677183 validation_macro_fmax=0.227895 valid_micro_fmax=0.122528
epoch=3 loss=0.422114 validation_macro_fmax=0.245018 valid_micro_fmax=0.185258
epoch=4 loss=0.233835 validation_macro_fmax=0.235823 valid_micro_fmax=0.226395
epoch=5 loss=0.147427 validation_macro_fmax=0.252135 valid_micro_fmax=0.282317
epoch=6 loss=0.100711 validation_macro_fmax=0.224737 valid_micro_fmax=0.178516
epoch=7 loss=0.073468 validation_macro_fmax=0.250406 valid_micro_fmax=0.259311
epoch=8 loss=0.058635 validation_macro_fmax=0.260913 valid_micro_fmax=0.304152
epoch=9 loss=0.049073 validation_macro_fmax=0.261361 valid_micro_fmax=0.299172
epoch=10 loss=0.041901 validation_macro_fmax=0.263415 valid_micro_fmax=0.300666
epoch=11 loss=0.037619 validation_macro_fmax=0.258038 valid_micro_fmax=0.293063
epoch=12 loss=0.032979 validation_macro_fmax=0.248971 valid_micro_fmax=0.294646
epoch=13 loss=0.032570 validation_macro_fmax=0.253313 valid_micro_fmax=0.297982
epoch=14 loss=0.031682 validation_macro_fmax=0.258262 valid_micro_fmax=0.283549
epoch=15 loss=0.025188 validation_macro_fmax=0.260129 valid_micro_fmax=0.329524
epoch=16 loss=0.024490 validation_macro_fmax=0.262521 valid_micro_fmax=0.318151
epoch=17 loss=0.022826 validation_macro_fmax=0.252425 valid_micro_fmax=0.308072
epoch=18 loss=0.022373 validation_macro_fmax=0.266862 valid_micro_fmax=0.328723
epoch=19 loss=0.022165 validation_macro_fmax=0.242748 valid_micro_fmax=0.306175
epoch=20 loss=0.011582 validation_macro_fmax=0.266671 valid_micro_fmax=0.330430
epoch=21 loss=0.013773 validation_macro_fmax=0.262415 valid_micro_fmax=0.330891
epoch=22 loss=0.009804 validation_macro_fmax=0.260179 valid_micro_fmax=0.330219
epoch=23 loss=0.016930 validation_macro_fmax=0.283776 valid_micro_fmax=0.345341
epoch=24 loss=0.011104 validation_macro_fmax=0.249828 valid_micro_fmax=0.322113
epoch=25 loss=0.011546 validation_macro_fmax=0.258382 valid_micro_fmax=0.346810
epoch=26 loss=0.011939 validation_macro_fmax=0.249398 valid_micro_fmax=0.348052
epoch=27 loss=0.011691 validation_macro_fmax=0.241095 valid_micro_fmax=0.333920
epoch=28 loss=0.014930 validation_macro_fmax=0.257061 valid_micro_fmax=0.263120
epoch=29 loss=0.012336 validation_macro_fmax=0.253078 valid_micro_fmax=0.298618
epoch=30 loss=0.019045 validation_macro_fmax=0.243773 valid_micro_fmax=0.334709
epoch=31 loss=0.012800 validation_macro_fmax=0.233925 valid_micro_fmax=0.326725
Early stopping after 31 epochs (patience=8)
GPU completion: NVIDIA L40S, 24415, 46068, 0
