GPU: NVIDIA L40S
CUDA tensor check: 8.0
Fri Jul 17 00:11:17 2026       
+-----------------------------------------------------------------------------------------+
| NVIDIA-SMI 560.35.03              Driver Version: 560.35.03      CUDA Version: 12.6     |
|-----------------------------------------+------------------------+----------------------+
| GPU  Name                 Persistence-M | Bus-Id          Disp.A | Volatile Uncorr. ECC |
| Fan  Temp   Perf          Pwr:Usage/Cap |           Memory-Usage | GPU-Util  Compute M. |
|                                         |                        |               MIG M. |
|=========================================+========================+======================|
|   0  NVIDIA L40S                    On  |   00000000:0D:00.0 Off |                    0 |
| N/A   54C    P0             45W /  350W |     503MiB /  46068MiB |      1%      Default |
|                                         |                        |                  N/A |
+-----------------------------------------+------------------------+----------------------+
                                                                                         
+-----------------------------------------------------------------------------------------+
| Processes:                                                                              |
|  GPU   GI   CI        PID   Type   Process name                              GPU Memory |
|        ID   ID                                                               Usage      |
|=========================================================================================|
|    0   N/A  N/A   1639335      C   python3                                       494MiB |
+-----------------------------------------------------------------------------------------+
CUDA verified: NVIDIA L40S; tensor dot product=8.0
GPU startup: NVIDIA L40S, 533, 46068, 0
Loaded train=6026, valid=754; reserved test set is not loaded
epoch=1 loss=0.573390 validation_macro_fmax=0.173103 valid_micro_fmax=0.043545
epoch=2 loss=0.464905 validation_macro_fmax=0.209990 valid_micro_fmax=0.106257
epoch=3 loss=0.437247 validation_macro_fmax=0.241752 valid_micro_fmax=0.127261
epoch=4 loss=0.418326 validation_macro_fmax=0.242326 valid_micro_fmax=0.140564
epoch=5 loss=0.402987 validation_macro_fmax=0.251806 valid_micro_fmax=0.142665
epoch=6 loss=0.388748 validation_macro_fmax=0.254558 valid_micro_fmax=0.151143
epoch=7 loss=0.371688 validation_macro_fmax=0.275213 valid_micro_fmax=0.168083
epoch=8 loss=0.351770 validation_macro_fmax=0.280804 valid_micro_fmax=0.176719
epoch=9 loss=0.325789 validation_macro_fmax=0.291981 valid_micro_fmax=0.179997
epoch=10 loss=0.296402 validation_macro_fmax=0.298201 valid_micro_fmax=0.193220
epoch=11 loss=0.261569 validation_macro_fmax=0.296196 valid_micro_fmax=0.211143
epoch=12 loss=0.226687 validation_macro_fmax=0.307178 valid_micro_fmax=0.254692
epoch=13 loss=0.193340 validation_macro_fmax=0.297280 valid_micro_fmax=0.234336
epoch=14 loss=0.163204 validation_macro_fmax=0.323004 valid_micro_fmax=0.287310
epoch=15 loss=0.136762 validation_macro_fmax=0.294600 valid_micro_fmax=0.259708
epoch=16 loss=0.113782 validation_macro_fmax=0.314824 valid_micro_fmax=0.276054
epoch=17 loss=0.094202 validation_macro_fmax=0.318372 valid_micro_fmax=0.295329
epoch=18 loss=0.080110 validation_macro_fmax=0.323415 valid_micro_fmax=0.324467
epoch=19 loss=0.067816 validation_macro_fmax=0.332864 valid_micro_fmax=0.322714
epoch=20 loss=0.058053 validation_macro_fmax=0.317759 valid_micro_fmax=0.319050
epoch=21 loss=0.050017 validation_macro_fmax=0.325950 valid_micro_fmax=0.338185
epoch=22 loss=0.042876 validation_macro_fmax=0.316744 valid_micro_fmax=0.312988
epoch=23 loss=0.037226 validation_macro_fmax=0.322838 valid_micro_fmax=0.332442
epoch=24 loss=0.033191 validation_macro_fmax=0.326952 valid_micro_fmax=0.322116
epoch=25 loss=0.029093 validation_macro_fmax=0.311584 valid_micro_fmax=0.321963
epoch=26 loss=0.026308 validation_macro_fmax=0.326877 valid_micro_fmax=0.350361
epoch=27 loss=0.024417 validation_macro_fmax=0.326474 valid_micro_fmax=0.335742
epoch=28 loss=0.020996 validation_macro_fmax=0.324516 valid_micro_fmax=0.333444
Early stopping after 28 epochs (patience=9)
GPU completion: NVIDIA L40S, 37409, 46068, 0
