GPU: NVIDIA L40S
CUDA tensor check: 8.0
Thu Jul 16 22:09:57 2026       
+-----------------------------------------------------------------------------------------+
| NVIDIA-SMI 560.35.03              Driver Version: 560.35.03      CUDA Version: 12.6     |
|-----------------------------------------+------------------------+----------------------+
| GPU  Name                 Persistence-M | Bus-Id          Disp.A | Volatile Uncorr. ECC |
| Fan  Temp   Perf          Pwr:Usage/Cap |           Memory-Usage | GPU-Util  Compute M. |
|                                         |                        |               MIG M. |
|=========================================+========================+======================|
|   0  NVIDIA L40S                    On  |   00000000:B5:00.0 Off |                    0 |
| N/A   40C    P0             41W /  350W |     503MiB /  46068MiB |      0%      Default |
|                                         |                        |                  N/A |
+-----------------------------------------+------------------------+----------------------+
                                                                                         
+-----------------------------------------------------------------------------------------+
| Processes:                                                                              |
|  GPU   GI   CI        PID   Type   Process name                              GPU Memory |
|        ID   ID                                                               Usage      |
|=========================================================================================|
|    0   N/A  N/A   2820795      C   python3                                       494MiB |
+-----------------------------------------------------------------------------------------+
CUDA verified: NVIDIA L40S; tensor dot product=8.0
GPU startup: NVIDIA L40S, 533, 46068, 0
Loaded train=6026, valid=754; reserved test set is not loaded
epoch=1 loss=0.253226 validation_macro_fmax=0.100425 valid_micro_fmax=0.013452
epoch=2 loss=0.204831 validation_macro_fmax=0.116511 valid_micro_fmax=0.015338
epoch=3 loss=0.181861 validation_macro_fmax=0.127952 valid_micro_fmax=0.017731
epoch=4 loss=0.169464 validation_macro_fmax=0.144147 valid_micro_fmax=0.020231
epoch=5 loss=0.160732 validation_macro_fmax=0.156675 valid_micro_fmax=0.027369
epoch=6 loss=0.155328 validation_macro_fmax=0.175531 valid_micro_fmax=0.030156
epoch=7 loss=0.150301 validation_macro_fmax=0.185417 valid_micro_fmax=0.040910
epoch=8 loss=0.146554 validation_macro_fmax=0.185326 valid_micro_fmax=0.047598
epoch=9 loss=0.142759 validation_macro_fmax=0.200093 valid_micro_fmax=0.062047
epoch=10 loss=0.139477 validation_macro_fmax=0.216298 valid_micro_fmax=0.073713
epoch=11 loss=0.136490 validation_macro_fmax=0.212945 valid_micro_fmax=0.074099
epoch=12 loss=0.133774 validation_macro_fmax=0.216705 valid_micro_fmax=0.075915
epoch=13 loss=0.130514 validation_macro_fmax=0.225489 valid_micro_fmax=0.092969
epoch=14 loss=0.128341 validation_macro_fmax=0.234372 valid_micro_fmax=0.104979
epoch=15 loss=0.125786 validation_macro_fmax=0.225029 valid_micro_fmax=0.096278
epoch=16 loss=0.122981 validation_macro_fmax=0.228557 valid_micro_fmax=0.102850
epoch=17 loss=0.120323 validation_macro_fmax=0.239530 valid_micro_fmax=0.114468
epoch=18 loss=0.118044 validation_macro_fmax=0.241124 valid_micro_fmax=0.118145
epoch=19 loss=0.115060 validation_macro_fmax=0.241654 valid_micro_fmax=0.122403
epoch=20 loss=0.111891 validation_macro_fmax=0.243641 valid_micro_fmax=0.126582
epoch=21 loss=0.109332 validation_macro_fmax=0.253845 valid_micro_fmax=0.136241
epoch=22 loss=0.106022 validation_macro_fmax=0.251058 valid_micro_fmax=0.126818
epoch=23 loss=0.103471 validation_macro_fmax=0.258412 valid_micro_fmax=0.139418
epoch=24 loss=0.099952 validation_macro_fmax=0.255825 valid_micro_fmax=0.136516
epoch=25 loss=0.096879 validation_macro_fmax=0.255038 valid_micro_fmax=0.142041
epoch=26 loss=0.093144 validation_macro_fmax=0.261577 valid_micro_fmax=0.135139
epoch=27 loss=0.089261 validation_macro_fmax=0.275060 valid_micro_fmax=0.142880
epoch=28 loss=0.085386 validation_macro_fmax=0.273026 valid_micro_fmax=0.147560
epoch=29 loss=0.081205 validation_macro_fmax=0.283932 valid_micro_fmax=0.152217
epoch=30 loss=0.077801 validation_macro_fmax=0.281328 valid_micro_fmax=0.164234
epoch=31 loss=0.073483 validation_macro_fmax=0.290492 valid_micro_fmax=0.160706
epoch=32 loss=0.069308 validation_macro_fmax=0.295259 valid_micro_fmax=0.176101
epoch=33 loss=0.065339 validation_macro_fmax=0.291636 valid_micro_fmax=0.181468
epoch=34 loss=0.061834 validation_macro_fmax=0.295206 valid_micro_fmax=0.200072
epoch=35 loss=0.057760 validation_macro_fmax=0.294309 valid_micro_fmax=0.198119
epoch=36 loss=0.054114 validation_macro_fmax=0.294818 valid_micro_fmax=0.207099
epoch=37 loss=0.050588 validation_macro_fmax=0.297633 valid_micro_fmax=0.199337
epoch=38 loss=0.046825 validation_macro_fmax=0.302287 valid_micro_fmax=0.212865
epoch=39 loss=0.043694 validation_macro_fmax=0.306089 valid_micro_fmax=0.212947
epoch=40 loss=0.040531 validation_macro_fmax=0.310286 valid_micro_fmax=0.233101
epoch=41 loss=0.037658 validation_macro_fmax=0.321936 valid_micro_fmax=0.250032
epoch=42 loss=0.034725 validation_macro_fmax=0.307173 valid_micro_fmax=0.238101
epoch=43 loss=0.032235 validation_macro_fmax=0.307810 valid_micro_fmax=0.241788
epoch=44 loss=0.029598 validation_macro_fmax=0.317014 valid_micro_fmax=0.260904
epoch=45 loss=0.027666 validation_macro_fmax=0.311736 valid_micro_fmax=0.246612
epoch=46 loss=0.025580 validation_macro_fmax=0.310244 valid_micro_fmax=0.275374
epoch=47 loss=0.023499 validation_macro_fmax=0.311797 valid_micro_fmax=0.271388
epoch=48 loss=0.021742 validation_macro_fmax=0.315248 valid_micro_fmax=0.271557
epoch=49 loss=0.019893 validation_macro_fmax=0.315097 valid_micro_fmax=0.272316
epoch=50 loss=0.018737 validation_macro_fmax=0.318348 valid_micro_fmax=0.275662
Early stopping after 50 epochs (patience=9)
GPU completion: NVIDIA L40S, 34091, 46068, 0
