GPU: NVIDIA L40S
CUDA tensor check: 8.0
Thu Jul 16 21:17:18 2026       
+-----------------------------------------------------------------------------------------+
| NVIDIA-SMI 560.35.03              Driver Version: 560.35.03      CUDA Version: 12.6     |
|-----------------------------------------+------------------------+----------------------+
| GPU  Name                 Persistence-M | Bus-Id          Disp.A | Volatile Uncorr. ECC |
| Fan  Temp   Perf          Pwr:Usage/Cap |           Memory-Usage | GPU-Util  Compute M. |
|                                         |                        |               MIG M. |
|=========================================+========================+======================|
|   0  NVIDIA L40S                    On  |   00000000:B5:00.0 Off |                    0 |
| N/A   40C    P0             40W /  350W |     503MiB /  46068MiB |      5%      Default |
|                                         |                        |                  N/A |
+-----------------------------------------+------------------------+----------------------+
                                                                                         
+-----------------------------------------------------------------------------------------+
| Processes:                                                                              |
|  GPU   GI   CI        PID   Type   Process name                              GPU Memory |
|        ID   ID                                                               Usage      |
|=========================================================================================|
|    0   N/A  N/A   2800731      C   python3                                       494MiB |
+-----------------------------------------------------------------------------------------+
CUDA verified: NVIDIA L40S; tensor dot product=8.0
GPU startup: NVIDIA L40S, 533, 46068, 0
Loaded train=6026, valid=754; reserved test set is not loaded
epoch=1 loss=0.511639 validation_macro_fmax=0.274081 valid_micro_fmax=0.168790
epoch=2 loss=0.416755 validation_macro_fmax=0.287424 valid_micro_fmax=0.219698
epoch=3 loss=0.387478 validation_macro_fmax=0.315078 valid_micro_fmax=0.251476
epoch=4 loss=0.366460 validation_macro_fmax=0.314616 valid_micro_fmax=0.263535
epoch=5 loss=0.347371 validation_macro_fmax=0.321182 valid_micro_fmax=0.261792
epoch=6 loss=0.325952 validation_macro_fmax=0.315081 valid_micro_fmax=0.310283
epoch=7 loss=0.300255 validation_macro_fmax=0.328912 valid_micro_fmax=0.283057
epoch=8 loss=0.270108 validation_macro_fmax=0.334075 valid_micro_fmax=0.319315
epoch=9 loss=0.234456 validation_macro_fmax=0.339198 valid_micro_fmax=0.378248
epoch=10 loss=0.198801 validation_macro_fmax=0.328574 valid_micro_fmax=0.365063
epoch=11 loss=0.163328 validation_macro_fmax=0.346462 valid_micro_fmax=0.367656
epoch=12 loss=0.133036 validation_macro_fmax=0.347893 valid_micro_fmax=0.382290
epoch=13 loss=0.105807 validation_macro_fmax=0.348963 valid_micro_fmax=0.408242
epoch=14 loss=0.085634 validation_macro_fmax=0.348288 valid_micro_fmax=0.444298
epoch=15 loss=0.069729 validation_macro_fmax=0.354327 valid_micro_fmax=0.426806
epoch=16 loss=0.055307 validation_macro_fmax=0.359443 valid_micro_fmax=0.440116
epoch=17 loss=0.045940 validation_macro_fmax=0.351064 valid_micro_fmax=0.446169
epoch=18 loss=0.039011 validation_macro_fmax=0.352303 valid_micro_fmax=0.440846
epoch=19 loss=0.032561 validation_macro_fmax=0.351076 valid_micro_fmax=0.462832
epoch=20 loss=0.028129 validation_macro_fmax=0.343848 valid_micro_fmax=0.445665
epoch=21 loss=0.023609 validation_macro_fmax=0.348136 valid_micro_fmax=0.444264
epoch=22 loss=0.019915 validation_macro_fmax=0.346852 valid_micro_fmax=0.445995
epoch=23 loss=0.018143 validation_macro_fmax=0.333705 valid_micro_fmax=0.445337
epoch=24 loss=0.017001 validation_macro_fmax=0.354111 valid_micro_fmax=0.453126
epoch=25 loss=0.014233 validation_macro_fmax=0.369276 valid_micro_fmax=0.457475
epoch=26 loss=0.013789 validation_macro_fmax=0.354469 valid_micro_fmax=0.443709
epoch=27 loss=0.011362 validation_macro_fmax=0.377365 valid_micro_fmax=0.463668
epoch=28 loss=0.010229 validation_macro_fmax=0.359017 valid_micro_fmax=0.456405
epoch=29 loss=0.008679 validation_macro_fmax=0.383440 valid_micro_fmax=0.452533
epoch=30 loss=0.007969 validation_macro_fmax=0.353422 valid_micro_fmax=0.456849
epoch=31 loss=0.007379 validation_macro_fmax=0.358953 valid_micro_fmax=0.462569
epoch=32 loss=0.006987 validation_macro_fmax=0.364444 valid_micro_fmax=0.451398
epoch=33 loss=0.006197 validation_macro_fmax=0.365031 valid_micro_fmax=0.445233
epoch=34 loss=0.005840 validation_macro_fmax=0.369079 valid_micro_fmax=0.469833
epoch=35 loss=0.005767 validation_macro_fmax=0.363971 valid_micro_fmax=0.439663
epoch=36 loss=0.004614 validation_macro_fmax=0.372430 valid_micro_fmax=0.453852
epoch=37 loss=0.004251 validation_macro_fmax=0.392674 valid_micro_fmax=0.461216
epoch=38 loss=0.003717 validation_macro_fmax=0.366634 valid_micro_fmax=0.463938
epoch=39 loss=0.005338 validation_macro_fmax=0.371351 valid_micro_fmax=0.463860
epoch=40 loss=0.010229 validation_macro_fmax=0.352875 valid_micro_fmax=0.444230
epoch=41 loss=0.009150 validation_macro_fmax=0.371674 valid_micro_fmax=0.448176
epoch=42 loss=0.004932 validation_macro_fmax=0.372837 valid_micro_fmax=0.445610
epoch=43 loss=0.004050 validation_macro_fmax=0.350289 valid_micro_fmax=0.450306
epoch=44 loss=0.003542 validation_macro_fmax=0.359980 valid_micro_fmax=0.452096
epoch=45 loss=0.002953 validation_macro_fmax=0.353483 valid_micro_fmax=0.454873
epoch=46 loss=0.002710 validation_macro_fmax=0.362601 valid_micro_fmax=0.475993
epoch=47 loss=0.002285 validation_macro_fmax=0.354079 valid_micro_fmax=0.459775
Early stopping after 47 epochs (patience=10)
GPU completion: NVIDIA L40S, 25767, 46068, 0
