GPU: NVIDIA L40S
CUDA tensor check: 8.0
Thu Jul 16 19:54:53 2026       
+-----------------------------------------------------------------------------------------+
| NVIDIA-SMI 560.35.03              Driver Version: 560.35.03      CUDA Version: 12.6     |
|-----------------------------------------+------------------------+----------------------+
| GPU  Name                 Persistence-M | Bus-Id          Disp.A | Volatile Uncorr. ECC |
| Fan  Temp   Perf          Pwr:Usage/Cap |           Memory-Usage | GPU-Util  Compute M. |
|                                         |                        |               MIG M. |
|=========================================+========================+======================|
|   0  NVIDIA L40S                    On  |   00000000:B5:00.0 Off |                    0 |
| N/A   35C    P0             37W /  350W |     503MiB /  46068MiB |      0%      Default |
|                                         |                        |                  N/A |
+-----------------------------------------+------------------------+----------------------+
                                                                                         
+-----------------------------------------------------------------------------------------+
| Processes:                                                                              |
|  GPU   GI   CI        PID   Type   Process name                              GPU Memory |
|        ID   ID                                                               Usage      |
|=========================================================================================|
|    0   N/A  N/A   1516048      C   python3                                       494MiB |
+-----------------------------------------------------------------------------------------+
CUDA verified: NVIDIA L40S; tensor dot product=8.0
GPU startup: NVIDIA L40S, 533, 46068, 0
Loaded train=6026, valid=754; reserved test set is not loaded
epoch=1 loss=0.322930 validation_macro_fmax=0.146110 valid_micro_fmax=0.017210
epoch=2 loss=0.248729 validation_macro_fmax=0.194159 valid_micro_fmax=0.053678
epoch=3 loss=0.213588 validation_macro_fmax=0.202849 valid_micro_fmax=0.079570
epoch=4 loss=0.180366 validation_macro_fmax=0.200689 valid_micro_fmax=0.090898
epoch=5 loss=0.144419 validation_macro_fmax=0.197207 valid_micro_fmax=0.095396
epoch=6 loss=0.110842 validation_macro_fmax=0.208789 valid_micro_fmax=0.158181
epoch=7 loss=0.083952 validation_macro_fmax=0.223022 valid_micro_fmax=0.189980
epoch=8 loss=0.066168 validation_macro_fmax=0.221431 valid_micro_fmax=0.174494
epoch=9 loss=0.051739 validation_macro_fmax=0.219903 valid_micro_fmax=0.200556
epoch=10 loss=0.041906 validation_macro_fmax=0.225561 valid_micro_fmax=0.228080
epoch=11 loss=0.035327 validation_macro_fmax=0.249806 valid_micro_fmax=0.260217
epoch=12 loss=0.031081 validation_macro_fmax=0.226484 valid_micro_fmax=0.233141
epoch=13 loss=0.026665 validation_macro_fmax=0.237359 valid_micro_fmax=0.232769
epoch=14 loss=0.023353 validation_macro_fmax=0.227321 valid_micro_fmax=0.228579
epoch=15 loss=0.021281 validation_macro_fmax=0.225071 valid_micro_fmax=0.235847
epoch=16 loss=0.018620 validation_macro_fmax=0.256830 valid_micro_fmax=0.259789
epoch=17 loss=0.017543 validation_macro_fmax=0.240270 valid_micro_fmax=0.250627
epoch=18 loss=0.016469 validation_macro_fmax=0.226227 valid_micro_fmax=0.243010
epoch=19 loss=0.013855 validation_macro_fmax=0.237872 valid_micro_fmax=0.252301
epoch=20 loss=0.013547 validation_macro_fmax=0.243856 valid_micro_fmax=0.252910
epoch=21 loss=0.014191 validation_macro_fmax=0.243789 valid_micro_fmax=0.232228
epoch=22 loss=0.014164 validation_macro_fmax=0.232621 valid_micro_fmax=0.234272
epoch=23 loss=0.011732 validation_macro_fmax=0.241279 valid_micro_fmax=0.243004
epoch=24 loss=0.010732 validation_macro_fmax=0.234019 valid_micro_fmax=0.229175
Early stopping after 24 epochs (patience=8)
GPU completion: NVIDIA L40S, 28243, 46068, 0
