GPU: NVIDIA L40S
CUDA tensor check: 8.0
Fri Jul 17 00:13:25 2026       
+-----------------------------------------------------------------------------------------+
| NVIDIA-SMI 560.35.03              Driver Version: 560.35.03      CUDA Version: 12.6     |
|-----------------------------------------+------------------------+----------------------+
| GPU  Name                 Persistence-M | Bus-Id          Disp.A | Volatile Uncorr. ECC |
| Fan  Temp   Perf          Pwr:Usage/Cap |           Memory-Usage | GPU-Util  Compute M. |
|                                         |                        |               MIG M. |
|=========================================+========================+======================|
|   0  NVIDIA L40S                    On  |   00000000:0D:00.0 Off |                    0 |
| N/A   39C    P0             42W /  350W |     503MiB /  46068MiB |      5%      Default |
|                                         |                        |                  N/A |
+-----------------------------------------+------------------------+----------------------+
                                                                                         
+-----------------------------------------------------------------------------------------+
| Processes:                                                                              |
|  GPU   GI   CI        PID   Type   Process name                              GPU Memory |
|        ID   ID                                                               Usage      |
|=========================================================================================|
|    0   N/A  N/A   2811519      C   python3                                       494MiB |
+-----------------------------------------------------------------------------------------+
CUDA verified: NVIDIA L40S; tensor dot product=8.0
GPU startup: NVIDIA L40S, 533, 46068, 0
Loaded train=6026, valid=754; reserved test set is not loaded
epoch=1 loss=0.418931 validation_macro_fmax=0.099283 valid_micro_fmax=0.031409
epoch=2 loss=0.380136 validation_macro_fmax=0.101021 valid_micro_fmax=0.033052
epoch=3 loss=0.354012 validation_macro_fmax=0.103694 valid_micro_fmax=0.037743
epoch=4 loss=0.333614 validation_macro_fmax=0.107344 valid_micro_fmax=0.033328
epoch=5 loss=0.317788 validation_macro_fmax=0.112581 valid_micro_fmax=0.032192
epoch=6 loss=0.306063 validation_macro_fmax=0.118334 valid_micro_fmax=0.026439
epoch=7 loss=0.296253 validation_macro_fmax=0.122811 valid_micro_fmax=0.027810
epoch=8 loss=0.287373 validation_macro_fmax=0.129522 valid_micro_fmax=0.022568
epoch=9 loss=0.280577 validation_macro_fmax=0.134375 valid_micro_fmax=0.023506
epoch=10 loss=0.273677 validation_macro_fmax=0.143027 valid_micro_fmax=0.025813
epoch=11 loss=0.267596 validation_macro_fmax=0.152484 valid_micro_fmax=0.027776
epoch=12 loss=0.262799 validation_macro_fmax=0.149124 valid_micro_fmax=0.034518
epoch=13 loss=0.257333 validation_macro_fmax=0.149810 valid_micro_fmax=0.029582
epoch=14 loss=0.253337 validation_macro_fmax=0.160414 valid_micro_fmax=0.030940
epoch=15 loss=0.249640 validation_macro_fmax=0.156887 valid_micro_fmax=0.033268
epoch=16 loss=0.245105 validation_macro_fmax=0.161022 valid_micro_fmax=0.036710
epoch=17 loss=0.241731 validation_macro_fmax=0.164618 valid_micro_fmax=0.036725
epoch=18 loss=0.238474 validation_macro_fmax=0.166717 valid_micro_fmax=0.045176
epoch=19 loss=0.235460 validation_macro_fmax=0.170344 valid_micro_fmax=0.042144
epoch=20 loss=0.232674 validation_macro_fmax=0.175557 valid_micro_fmax=0.054340
epoch=21 loss=0.229714 validation_macro_fmax=0.171024 valid_micro_fmax=0.053609
epoch=22 loss=0.227286 validation_macro_fmax=0.174699 valid_micro_fmax=0.058160
epoch=23 loss=0.224620 validation_macro_fmax=0.179305 valid_micro_fmax=0.055422
epoch=24 loss=0.222073 validation_macro_fmax=0.184717 valid_micro_fmax=0.064870
epoch=25 loss=0.219831 validation_macro_fmax=0.180747 valid_micro_fmax=0.064417
epoch=26 loss=0.217864 validation_macro_fmax=0.179546 valid_micro_fmax=0.059359
epoch=27 loss=0.215711 validation_macro_fmax=0.188462 valid_micro_fmax=0.067895
epoch=28 loss=0.213395 validation_macro_fmax=0.191365 valid_micro_fmax=0.074772
epoch=29 loss=0.211385 validation_macro_fmax=0.184884 valid_micro_fmax=0.071266
epoch=30 loss=0.209561 validation_macro_fmax=0.193155 valid_micro_fmax=0.076895
epoch=31 loss=0.207356 validation_macro_fmax=0.194957 valid_micro_fmax=0.080206
epoch=32 loss=0.205707 validation_macro_fmax=0.199596 valid_micro_fmax=0.083530
epoch=33 loss=0.203668 validation_macro_fmax=0.199981 valid_micro_fmax=0.094681
epoch=34 loss=0.201422 validation_macro_fmax=0.198987 valid_micro_fmax=0.085282
epoch=35 loss=0.199838 validation_macro_fmax=0.199014 valid_micro_fmax=0.081362
epoch=36 loss=0.197540 validation_macro_fmax=0.205601 valid_micro_fmax=0.088582
epoch=37 loss=0.195887 validation_macro_fmax=0.208177 valid_micro_fmax=0.098161
epoch=38 loss=0.194026 validation_macro_fmax=0.209553 valid_micro_fmax=0.096630
epoch=39 loss=0.191736 validation_macro_fmax=0.205830 valid_micro_fmax=0.094293
epoch=40 loss=0.190008 validation_macro_fmax=0.204504 valid_micro_fmax=0.094386
epoch=41 loss=0.187494 validation_macro_fmax=0.205777 valid_micro_fmax=0.100777
epoch=42 loss=0.185454 validation_macro_fmax=0.213786 valid_micro_fmax=0.109848
epoch=43 loss=0.183418 validation_macro_fmax=0.213526 valid_micro_fmax=0.102547
epoch=44 loss=0.181232 validation_macro_fmax=0.217109 valid_micro_fmax=0.105290
epoch=45 loss=0.178906 validation_macro_fmax=0.218151 valid_micro_fmax=0.108618
epoch=46 loss=0.177181 validation_macro_fmax=0.216798 valid_micro_fmax=0.115712
epoch=47 loss=0.174752 validation_macro_fmax=0.218208 valid_micro_fmax=0.115218
epoch=48 loss=0.172748 validation_macro_fmax=0.225124 valid_micro_fmax=0.115952
epoch=49 loss=0.170234 validation_macro_fmax=0.222092 valid_micro_fmax=0.118333
epoch=50 loss=0.168466 validation_macro_fmax=0.223459 valid_micro_fmax=0.126652
epoch=51 loss=0.165243 validation_macro_fmax=0.225524 valid_micro_fmax=0.124396
epoch=52 loss=0.163214 validation_macro_fmax=0.227252 valid_micro_fmax=0.126653
epoch=53 loss=0.160226 validation_macro_fmax=0.225802 valid_micro_fmax=0.134754
epoch=54 loss=0.158261 validation_macro_fmax=0.228120 valid_micro_fmax=0.131599
epoch=55 loss=0.155268 validation_macro_fmax=0.224409 valid_micro_fmax=0.143805
epoch=56 loss=0.153315 validation_macro_fmax=0.229067 valid_micro_fmax=0.131042
epoch=57 loss=0.150152 validation_macro_fmax=0.228579 valid_micro_fmax=0.142525
epoch=58 loss=0.148317 validation_macro_fmax=0.229245 valid_micro_fmax=0.146687
epoch=59 loss=0.145275 validation_macro_fmax=0.226210 valid_micro_fmax=0.148605
epoch=60 loss=0.142547 validation_macro_fmax=0.237237 valid_micro_fmax=0.157574
epoch=61 loss=0.139555 validation_macro_fmax=0.238925 valid_micro_fmax=0.158256
epoch=62 loss=0.137103 validation_macro_fmax=0.234421 valid_micro_fmax=0.166123
epoch=63 loss=0.134498 validation_macro_fmax=0.236804 valid_micro_fmax=0.172369
epoch=64 loss=0.130910 validation_macro_fmax=0.241217 valid_micro_fmax=0.171275
epoch=65 loss=0.129098 validation_macro_fmax=0.238701 valid_micro_fmax=0.173118
epoch=66 loss=0.126378 validation_macro_fmax=0.240830 valid_micro_fmax=0.174816
epoch=67 loss=0.123095 validation_macro_fmax=0.244683 valid_micro_fmax=0.179627
epoch=68 loss=0.120579 validation_macro_fmax=0.245093 valid_micro_fmax=0.182588
epoch=69 loss=0.118165 validation_macro_fmax=0.241868 valid_micro_fmax=0.170282
epoch=70 loss=0.115263 validation_macro_fmax=0.243717 valid_micro_fmax=0.190708
epoch=71 loss=0.112829 validation_macro_fmax=0.241635 valid_micro_fmax=0.189216
epoch=72 loss=0.110285 validation_macro_fmax=0.236178 valid_micro_fmax=0.194355
epoch=73 loss=0.108022 validation_macro_fmax=0.244206 valid_micro_fmax=0.199673
epoch=74 loss=0.104480 validation_macro_fmax=0.244301 valid_micro_fmax=0.205839
epoch=75 loss=0.101736 validation_macro_fmax=0.238791 valid_micro_fmax=0.197425
epoch=76 loss=0.099883 validation_macro_fmax=0.242498 valid_micro_fmax=0.202376
epoch=77 loss=0.097168 validation_macro_fmax=0.240764 valid_micro_fmax=0.207337
Early stopping after 77 epochs (patience=9)
GPU completion: NVIDIA L40S, 14875, 46068, 0
