GPU: NVIDIA L40S
CUDA tensor check: 8.0
Thu Jul 16 19:15:13 2026       
+-----------------------------------------------------------------------------------------+
| NVIDIA-SMI 560.35.03              Driver Version: 560.35.03      CUDA Version: 12.6     |
|-----------------------------------------+------------------------+----------------------+
| GPU  Name                 Persistence-M | Bus-Id          Disp.A | Volatile Uncorr. ECC |
| Fan  Temp   Perf          Pwr:Usage/Cap |           Memory-Usage | GPU-Util  Compute M. |
|                                         |                        |               MIG M. |
|=========================================+========================+======================|
|   0  NVIDIA L40S                    On  |   00000000:B5:00.0 Off |                    0 |
| N/A   36C    P0             36W /  350W |     503MiB /  46068MiB |      0%      Default |
|                                         |                        |                  N/A |
+-----------------------------------------+------------------------+----------------------+
                                                                                         
+-----------------------------------------------------------------------------------------+
| Processes:                                                                              |
|  GPU   GI   CI        PID   Type   Process name                              GPU Memory |
|        ID   ID                                                               Usage      |
|=========================================================================================|
|    0   N/A  N/A   1496041      C   python3                                       494MiB |
+-----------------------------------------------------------------------------------------+
CUDA verified: NVIDIA L40S; tensor dot product=8.0
GPU startup: NVIDIA L40S, 533, 46068, 5
Loaded train=6026, valid=754; reserved test set is not loaded
epoch=1 loss=0.269560 validation_macro_fmax=0.247425 valid_micro_fmax=0.167346
epoch=2 loss=0.205022 validation_macro_fmax=0.258651 valid_micro_fmax=0.217184
epoch=3 loss=0.183987 validation_macro_fmax=0.271138 valid_micro_fmax=0.274368
epoch=4 loss=0.166296 validation_macro_fmax=0.284447 valid_micro_fmax=0.310598
epoch=5 loss=0.146263 validation_macro_fmax=0.288383 valid_micro_fmax=0.339662
epoch=6 loss=0.123164 validation_macro_fmax=0.293739 valid_micro_fmax=0.353703
epoch=7 loss=0.099107 validation_macro_fmax=0.309137 valid_micro_fmax=0.395308
epoch=8 loss=0.076754 validation_macro_fmax=0.311459 valid_micro_fmax=0.401666
epoch=9 loss=0.058612 validation_macro_fmax=0.320574 valid_micro_fmax=0.425360
epoch=10 loss=0.043771 validation_macro_fmax=0.315687 valid_micro_fmax=0.421961
epoch=11 loss=0.033001 validation_macro_fmax=0.323974 valid_micro_fmax=0.443069
epoch=12 loss=0.025326 validation_macro_fmax=0.324133 valid_micro_fmax=0.467429
epoch=13 loss=0.020877 validation_macro_fmax=0.332331 valid_micro_fmax=0.471437
epoch=14 loss=0.015628 validation_macro_fmax=0.334937 valid_micro_fmax=0.452245
epoch=15 loss=0.012405 validation_macro_fmax=0.329936 valid_micro_fmax=0.471546
epoch=16 loss=0.010347 validation_macro_fmax=0.343412 valid_micro_fmax=0.449532
epoch=17 loss=0.009098 validation_macro_fmax=0.335856 valid_micro_fmax=0.495952
epoch=18 loss=0.008159 validation_macro_fmax=0.332985 valid_micro_fmax=0.467140
epoch=19 loss=0.007171 validation_macro_fmax=0.329551 valid_micro_fmax=0.470528
epoch=20 loss=0.005759 validation_macro_fmax=0.343173 valid_micro_fmax=0.459250
epoch=21 loss=0.004802 validation_macro_fmax=0.333777 valid_micro_fmax=0.457429
epoch=22 loss=0.003808 validation_macro_fmax=0.333220 valid_micro_fmax=0.478092
epoch=23 loss=0.003408 validation_macro_fmax=0.338062 valid_micro_fmax=0.476662
epoch=24 loss=0.002996 validation_macro_fmax=0.341454 valid_micro_fmax=0.468873
epoch=25 loss=0.002605 validation_macro_fmax=0.335227 valid_micro_fmax=0.472568
Early stopping after 25 epochs (patience=9)
GPU completion: NVIDIA L40S, 32075, 46068, 0
