GPU: NVIDIA L40S
CUDA tensor check: 8.0
Thu Jul 16 23:51:21 2026       
+-----------------------------------------------------------------------------------------+
| NVIDIA-SMI 560.35.03              Driver Version: 560.35.03      CUDA Version: 12.6     |
|-----------------------------------------+------------------------+----------------------+
| GPU  Name                 Persistence-M | Bus-Id          Disp.A | Volatile Uncorr. ECC |
| Fan  Temp   Perf          Pwr:Usage/Cap |           Memory-Usage | GPU-Util  Compute M. |
|                                         |                        |               MIG M. |
|=========================================+========================+======================|
|   0  NVIDIA L40S                    On  |   00000000:B5:00.0 Off |                    0 |
| N/A   47C    P0             42W /  350W |     503MiB /  46068MiB |      0%      Default |
|                                         |                        |                  N/A |
+-----------------------------------------+------------------------+----------------------+
                                                                                         
+-----------------------------------------------------------------------------------------+
| Processes:                                                                              |
|  GPU   GI   CI        PID   Type   Process name                              GPU Memory |
|        ID   ID                                                               Usage      |
|=========================================================================================|
|    0   N/A  N/A   1625242      C   python3                                       494MiB |
+-----------------------------------------------------------------------------------------+
CUDA verified: NVIDIA L40S; tensor dot product=8.0
GPU startup: NVIDIA L40S, 533, 46068, 5
Loaded train=6026, valid=754; reserved test set is not loaded
epoch=1 loss=0.122941 validation_macro_fmax=0.233444 valid_micro_fmax=0.099340
epoch=2 loss=0.055124 validation_macro_fmax=0.254865 valid_micro_fmax=0.089888
epoch=3 loss=0.033926 validation_macro_fmax=0.307751 valid_micro_fmax=0.196631
epoch=4 loss=0.021557 validation_macro_fmax=0.304577 valid_micro_fmax=0.152632
epoch=5 loss=0.013872 validation_macro_fmax=0.310002 valid_micro_fmax=0.195156
epoch=6 loss=0.010816 validation_macro_fmax=0.308999 valid_micro_fmax=0.200742
epoch=7 loss=0.011547 validation_macro_fmax=0.290698 valid_micro_fmax=0.200456
epoch=8 loss=0.007905 validation_macro_fmax=0.296794 valid_micro_fmax=0.173977
epoch=9 loss=0.006649 validation_macro_fmax=0.310231 valid_micro_fmax=0.226120
epoch=10 loss=0.007333 validation_macro_fmax=0.285150 valid_micro_fmax=0.222615
epoch=11 loss=0.005929 validation_macro_fmax=0.295257 valid_micro_fmax=0.210767
epoch=12 loss=0.006142 validation_macro_fmax=0.276967 valid_micro_fmax=0.149488
epoch=13 loss=0.027950 validation_macro_fmax=0.286532 valid_micro_fmax=0.161190
epoch=14 loss=0.020501 validation_macro_fmax=0.299334 valid_micro_fmax=0.200000
epoch=15 loss=0.012944 validation_macro_fmax=0.298337 valid_micro_fmax=0.178187
epoch=16 loss=0.009621 validation_macro_fmax=0.322800 valid_micro_fmax=0.218281
epoch=17 loss=0.006742 validation_macro_fmax=0.317975 valid_micro_fmax=0.233634
epoch=18 loss=0.005604 validation_macro_fmax=0.321323 valid_micro_fmax=0.225208
epoch=19 loss=0.004859 validation_macro_fmax=0.316617 valid_micro_fmax=0.256062
epoch=20 loss=0.004296 validation_macro_fmax=0.330154 valid_micro_fmax=0.276015
epoch=21 loss=0.003971 validation_macro_fmax=0.312790 valid_micro_fmax=0.248408
epoch=22 loss=0.004555 validation_macro_fmax=0.321622 valid_micro_fmax=0.251074
epoch=23 loss=0.004541 validation_macro_fmax=0.302188 valid_micro_fmax=0.223906
epoch=24 loss=0.004484 validation_macro_fmax=0.309227 valid_micro_fmax=0.240337
epoch=25 loss=0.005289 validation_macro_fmax=0.310546 valid_micro_fmax=0.277555
epoch=26 loss=0.003489 validation_macro_fmax=0.320863 valid_micro_fmax=0.272683
epoch=27 loss=0.003123 validation_macro_fmax=0.312705 valid_micro_fmax=0.265849
epoch=28 loss=0.005187 validation_macro_fmax=0.289311 valid_micro_fmax=0.252556
epoch=29 loss=0.004091 validation_macro_fmax=0.308284 valid_micro_fmax=0.272042
Early stopping after 29 epochs (patience=9)
GPU completion: NVIDIA L40S, 32841, 46068, 0
