GPU: NVIDIA L40S
CUDA tensor check: 8.0
Thu Jul 16 18:38:19 2026       
+-----------------------------------------------------------------------------------------+
| NVIDIA-SMI 560.35.03              Driver Version: 560.35.03      CUDA Version: 12.6     |
|-----------------------------------------+------------------------+----------------------+
| GPU  Name                 Persistence-M | Bus-Id          Disp.A | Volatile Uncorr. ECC |
| Fan  Temp   Perf          Pwr:Usage/Cap |           Memory-Usage | GPU-Util  Compute M. |
|                                         |                        |               MIG M. |
|=========================================+========================+======================|
|   0  NVIDIA L40S                    On  |   00000000:B5:00.0 Off |                    0 |
| N/A   37C    P0             41W /  350W |     503MiB /  46068MiB |      0%      Default |
|                                         |                        |                  N/A |
+-----------------------------------------+------------------------+----------------------+
                                                                                         
+-----------------------------------------------------------------------------------------+
| Processes:                                                                              |
|  GPU   GI   CI        PID   Type   Process name                              GPU Memory |
|        ID   ID                                                               Usage      |
|=========================================================================================|
|    0   N/A  N/A   2735538      C   python3                                       494MiB |
+-----------------------------------------------------------------------------------------+
CUDA verified: NVIDIA L40S; tensor dot product=8.0
GPU startup: NVIDIA L40S, 533, 46068, 0
Loaded train=6026, valid=754; reserved test set is not loaded
epoch=1 loss=0.792596 validation_macro_fmax=0.282245 valid_micro_fmax=0.344264
epoch=2 loss=0.404354 validation_macro_fmax=0.318623 valid_micro_fmax=0.315357
epoch=3 loss=0.248073 validation_macro_fmax=0.320048 valid_micro_fmax=0.345148
epoch=4 loss=0.137454 validation_macro_fmax=0.322206 valid_micro_fmax=0.385513
epoch=5 loss=0.092120 validation_macro_fmax=0.325493 valid_micro_fmax=0.432792
epoch=6 loss=0.066286 validation_macro_fmax=0.329383 valid_micro_fmax=0.449193
epoch=7 loss=0.049769 validation_macro_fmax=0.365859 valid_micro_fmax=0.459318
epoch=8 loss=0.061680 validation_macro_fmax=0.335756 valid_micro_fmax=0.398777
epoch=9 loss=0.051565 validation_macro_fmax=0.386365 valid_micro_fmax=0.436472
epoch=10 loss=0.035580 validation_macro_fmax=0.335831 valid_micro_fmax=0.446628
epoch=11 loss=0.040908 validation_macro_fmax=0.357163 valid_micro_fmax=0.342906
epoch=12 loss=0.297717 validation_macro_fmax=0.309938 valid_micro_fmax=0.312720
epoch=13 loss=0.097515 validation_macro_fmax=0.343282 valid_micro_fmax=0.375137
epoch=14 loss=0.051796 validation_macro_fmax=0.355822 valid_micro_fmax=0.431434
epoch=15 loss=0.040584 validation_macro_fmax=0.340266 valid_micro_fmax=0.422329
epoch=16 loss=0.027462 validation_macro_fmax=0.331218 valid_micro_fmax=0.431376
epoch=17 loss=0.022517 validation_macro_fmax=0.341217 valid_micro_fmax=0.441786
epoch=18 loss=0.018735 validation_macro_fmax=0.361979 valid_micro_fmax=0.438388
epoch=19 loss=0.017962 validation_macro_fmax=0.370591 valid_micro_fmax=0.443295
Early stopping after 19 epochs (patience=10)
GPU completion: NVIDIA L40S, 25765, 46068, 0
