GPU: NVIDIA L40S
CUDA tensor check: 8.0
Thu Jul 16 19:30:45 2026       
+-----------------------------------------------------------------------------------------+
| NVIDIA-SMI 560.35.03              Driver Version: 560.35.03      CUDA Version: 12.6     |
|-----------------------------------------+------------------------+----------------------+
| GPU  Name                 Persistence-M | Bus-Id          Disp.A | Volatile Uncorr. ECC |
| Fan  Temp   Perf          Pwr:Usage/Cap |           Memory-Usage | GPU-Util  Compute M. |
|                                         |                        |               MIG M. |
|=========================================+========================+======================|
|   0  NVIDIA L40S                    On  |   00000000:B5:00.0 Off |                    0 |
| N/A   38C    P0             40W /  350W |     503MiB /  46068MiB |      4%      Default |
|                                         |                        |                  N/A |
+-----------------------------------------+------------------------+----------------------+
                                                                                         
+-----------------------------------------------------------------------------------------+
| Processes:                                                                              |
|  GPU   GI   CI        PID   Type   Process name                              GPU Memory |
|        ID   ID                                                               Usage      |
|=========================================================================================|
|    0   N/A  N/A   2756824      C   python3                                       494MiB |
+-----------------------------------------------------------------------------------------+
CUDA verified: NVIDIA L40S; tensor dot product=8.0
GPU startup: NVIDIA L40S, 533, 46068, 0
Loaded train=6026, valid=754; reserved test set is not loaded
epoch=1 loss=1.248201 validation_macro_fmax=0.106593 valid_micro_fmax=0.010603
epoch=2 loss=1.188421 validation_macro_fmax=0.109751 valid_micro_fmax=0.010796
epoch=3 loss=1.148355 validation_macro_fmax=0.114960 valid_micro_fmax=0.011658
epoch=4 loss=1.110657 validation_macro_fmax=0.118323 valid_micro_fmax=0.012051
epoch=5 loss=1.078700 validation_macro_fmax=0.120716 valid_micro_fmax=0.012641
epoch=6 loss=1.054048 validation_macro_fmax=0.122388 valid_micro_fmax=0.014207
epoch=7 loss=1.027669 validation_macro_fmax=0.126297 valid_micro_fmax=0.018190
epoch=8 loss=1.033451 validation_macro_fmax=0.125997 valid_micro_fmax=0.019937
epoch=9 loss=0.987422 validation_macro_fmax=0.126529 valid_micro_fmax=0.021525
epoch=10 loss=0.967712 validation_macro_fmax=0.133833 valid_micro_fmax=0.026516
epoch=11 loss=0.951322 validation_macro_fmax=0.135932 valid_micro_fmax=0.030564
epoch=12 loss=0.934273 validation_macro_fmax=0.138711 valid_micro_fmax=0.033299
epoch=13 loss=0.920655 validation_macro_fmax=0.144062 valid_micro_fmax=0.039585
epoch=14 loss=0.909673 validation_macro_fmax=0.144266 valid_micro_fmax=0.038380
epoch=15 loss=0.897264 validation_macro_fmax=0.149344 valid_micro_fmax=0.042422
epoch=16 loss=0.881349 validation_macro_fmax=0.152058 valid_micro_fmax=0.055053
epoch=17 loss=0.870824 validation_macro_fmax=0.150039 valid_micro_fmax=0.053568
epoch=18 loss=0.859798 validation_macro_fmax=0.153812 valid_micro_fmax=0.058004
epoch=19 loss=0.849742 validation_macro_fmax=0.156504 valid_micro_fmax=0.064919
epoch=20 loss=0.841098 validation_macro_fmax=0.155886 valid_micro_fmax=0.065192
epoch=21 loss=0.834407 validation_macro_fmax=0.159698 valid_micro_fmax=0.071822
epoch=22 loss=0.823554 validation_macro_fmax=0.157951 valid_micro_fmax=0.076729
epoch=23 loss=0.816090 validation_macro_fmax=0.162207 valid_micro_fmax=0.086235
epoch=24 loss=0.807413 validation_macro_fmax=0.161761 valid_micro_fmax=0.085381
epoch=25 loss=0.800089 validation_macro_fmax=0.164851 valid_micro_fmax=0.093852
epoch=26 loss=0.792806 validation_macro_fmax=0.167790 valid_micro_fmax=0.100968
epoch=27 loss=0.787285 validation_macro_fmax=0.169336 valid_micro_fmax=0.101314
epoch=28 loss=0.779512 validation_macro_fmax=0.166233 valid_micro_fmax=0.095005
epoch=29 loss=0.771828 validation_macro_fmax=0.164846 valid_micro_fmax=0.103258
epoch=30 loss=0.766490 validation_macro_fmax=0.160478 valid_micro_fmax=0.095816
epoch=31 loss=0.761036 validation_macro_fmax=0.164675 valid_micro_fmax=0.110736
epoch=32 loss=0.754337 validation_macro_fmax=0.165976 valid_micro_fmax=0.102556
epoch=33 loss=0.745967 validation_macro_fmax=0.170273 valid_micro_fmax=0.123824
epoch=34 loss=0.739363 validation_macro_fmax=0.158320 valid_micro_fmax=0.100470
epoch=35 loss=0.733460 validation_macro_fmax=0.162782 valid_micro_fmax=0.112408
epoch=36 loss=0.726753 validation_macro_fmax=0.162212 valid_micro_fmax=0.110639
epoch=37 loss=0.720549 validation_macro_fmax=0.159621 valid_micro_fmax=0.107815
epoch=38 loss=0.713500 validation_macro_fmax=0.164802 valid_micro_fmax=0.114194
epoch=39 loss=0.707390 validation_macro_fmax=0.159553 valid_micro_fmax=0.112184
epoch=40 loss=0.699118 validation_macro_fmax=0.157653 valid_micro_fmax=0.107148
epoch=41 loss=0.691988 validation_macro_fmax=0.156566 valid_micro_fmax=0.106274
Early stopping after 41 epochs (patience=8)
GPU completion: NVIDIA L40S, 35821, 46068, 0
