GPU: NVIDIA L40S
CUDA tensor check: 8.0
Thu Jul 16 23:37:02 2026       
+-----------------------------------------------------------------------------------------+
| NVIDIA-SMI 560.35.03              Driver Version: 560.35.03      CUDA Version: 12.6     |
|-----------------------------------------+------------------------+----------------------+
| GPU  Name                 Persistence-M | Bus-Id          Disp.A | Volatile Uncorr. ECC |
| Fan  Temp   Perf          Pwr:Usage/Cap |           Memory-Usage | GPU-Util  Compute M. |
|                                         |                        |               MIG M. |
|=========================================+========================+======================|
|   0  NVIDIA L40S                    On  |   00000000:0D:00.0 Off |                    0 |
| N/A   45C    P0             42W /  350W |     503MiB /  46068MiB |      5%      Default |
|                                         |                        |                  N/A |
+-----------------------------------------+------------------------+----------------------+
                                                                                         
+-----------------------------------------------------------------------------------------+
| Processes:                                                                              |
|  GPU   GI   CI        PID   Type   Process name                              GPU Memory |
|        ID   ID                                                               Usage      |
|=========================================================================================|
|    0   N/A  N/A   1614879      C   python3                                       494MiB |
+-----------------------------------------------------------------------------------------+
CUDA verified: NVIDIA L40S; tensor dot product=8.0
GPU startup: NVIDIA L40S, 533, 46068, 1
Loaded train=6026, valid=754; reserved test set is not loaded
epoch=1 loss=0.437334 validation_macro_fmax=0.259557 valid_micro_fmax=0.143282
epoch=2 loss=0.197835 validation_macro_fmax=0.292052 valid_micro_fmax=0.190559
epoch=3 loss=0.089200 validation_macro_fmax=0.313342 valid_micro_fmax=0.236416
epoch=4 loss=0.049387 validation_macro_fmax=0.319028 valid_micro_fmax=0.229994
epoch=5 loss=0.033673 validation_macro_fmax=0.297620 valid_micro_fmax=0.258526
epoch=6 loss=0.023455 validation_macro_fmax=0.296616 valid_micro_fmax=0.267490
epoch=7 loss=0.019342 validation_macro_fmax=0.303109 valid_micro_fmax=0.288249
epoch=8 loss=0.015223 validation_macro_fmax=0.326608 valid_micro_fmax=0.273827
epoch=9 loss=0.012716 validation_macro_fmax=0.310115 valid_micro_fmax=0.333784
epoch=10 loss=0.010426 validation_macro_fmax=0.294478 valid_micro_fmax=0.305355
epoch=11 loss=0.010844 validation_macro_fmax=0.333642 valid_micro_fmax=0.281690
epoch=12 loss=0.009848 validation_macro_fmax=0.297438 valid_micro_fmax=0.240679
epoch=13 loss=0.009595 validation_macro_fmax=0.313842 valid_micro_fmax=0.288846
epoch=14 loss=0.009930 validation_macro_fmax=0.282173 valid_micro_fmax=0.219354
epoch=15 loss=0.006817 validation_macro_fmax=0.302658 valid_micro_fmax=0.318406
epoch=16 loss=0.006657 validation_macro_fmax=0.284333 valid_micro_fmax=0.262989
epoch=17 loss=0.004891 validation_macro_fmax=0.289635 valid_micro_fmax=0.263903
epoch=18 loss=0.006405 validation_macro_fmax=0.297898 valid_micro_fmax=0.296983
epoch=19 loss=0.004492 validation_macro_fmax=0.295108 valid_micro_fmax=0.298809
epoch=20 loss=0.009666 validation_macro_fmax=0.284074 valid_micro_fmax=0.247409
epoch=21 loss=0.007592 validation_macro_fmax=0.299151 valid_micro_fmax=0.290620
Early stopping after 21 epochs (patience=10)
GPU completion: NVIDIA L40S, 15929, 46068, 0
