GPU: NVIDIA L40S
CUDA tensor check: 8.0
Thu Jul 16 20:31:05 2026       
+-----------------------------------------------------------------------------------------+
| NVIDIA-SMI 560.35.03              Driver Version: 560.35.03      CUDA Version: 12.6     |
|-----------------------------------------+------------------------+----------------------+
| GPU  Name                 Persistence-M | Bus-Id          Disp.A | Volatile Uncorr. ECC |
| Fan  Temp   Perf          Pwr:Usage/Cap |           Memory-Usage | GPU-Util  Compute M. |
|                                         |                        |               MIG M. |
|=========================================+========================+======================|
|   0  NVIDIA L40S                    On  |   00000000:B5:00.0 Off |                    0 |
| N/A   39C    P0             36W /  350W |     503MiB /  46068MiB |      0%      Default |
|                                         |                        |                  N/A |
+-----------------------------------------+------------------------+----------------------+
                                                                                         
+-----------------------------------------------------------------------------------------+
| Processes:                                                                              |
|  GPU   GI   CI        PID   Type   Process name                              GPU Memory |
|        ID   ID                                                               Usage      |
|=========================================================================================|
|    0   N/A  N/A   1532365      C   python3                                       494MiB |
+-----------------------------------------------------------------------------------------+
CUDA verified: NVIDIA L40S; tensor dot product=8.0
GPU startup: NVIDIA L40S, 533, 46068, 0
Loaded train=6026, valid=754; reserved test set is not loaded
epoch=1 loss=0.857821 validation_macro_fmax=0.307262 valid_micro_fmax=0.317366
epoch=2 loss=0.423509 validation_macro_fmax=0.266144 valid_micro_fmax=0.340545
epoch=3 loss=0.227737 validation_macro_fmax=0.257915 valid_micro_fmax=0.393517
epoch=4 loss=0.135742 validation_macro_fmax=0.293339 valid_micro_fmax=0.422532
epoch=5 loss=0.086473 validation_macro_fmax=0.274758 valid_micro_fmax=0.412604
epoch=6 loss=0.064285 validation_macro_fmax=0.291509 valid_micro_fmax=0.402133
epoch=7 loss=0.053260 validation_macro_fmax=0.317304 valid_micro_fmax=0.408219
epoch=8 loss=0.047929 validation_macro_fmax=0.291479 valid_micro_fmax=0.433464
epoch=9 loss=0.037329 validation_macro_fmax=0.315217 valid_micro_fmax=0.468346
epoch=10 loss=0.033563 validation_macro_fmax=0.328590 valid_micro_fmax=0.461564
epoch=11 loss=0.029227 validation_macro_fmax=0.332447 valid_micro_fmax=0.450368
epoch=12 loss=0.026488 validation_macro_fmax=0.283456 valid_micro_fmax=0.448211
epoch=13 loss=0.026735 validation_macro_fmax=0.318614 valid_micro_fmax=0.476048
epoch=14 loss=0.030008 validation_macro_fmax=0.298364 valid_micro_fmax=0.465825
epoch=15 loss=0.018907 validation_macro_fmax=0.312991 valid_micro_fmax=0.465411
epoch=16 loss=0.018454 validation_macro_fmax=0.298768 valid_micro_fmax=0.448813
epoch=17 loss=0.020741 validation_macro_fmax=0.269580 valid_micro_fmax=0.416136
epoch=18 loss=0.019398 validation_macro_fmax=0.294081 valid_micro_fmax=0.435216
epoch=19 loss=0.017748 validation_macro_fmax=0.290464 valid_micro_fmax=0.445801
Early stopping after 19 epochs (patience=8)
GPU completion: NVIDIA L40S, 21089, 46068, 0
