GPU: NVIDIA L40S
CUDA tensor check: 8.0
Thu Jul 16 19:07:18 2026       
+-----------------------------------------------------------------------------------------+
| NVIDIA-SMI 560.35.03              Driver Version: 560.35.03      CUDA Version: 12.6     |
|-----------------------------------------+------------------------+----------------------+
| GPU  Name                 Persistence-M | Bus-Id          Disp.A | Volatile Uncorr. ECC |
| Fan  Temp   Perf          Pwr:Usage/Cap |           Memory-Usage | GPU-Util  Compute M. |
|                                         |                        |               MIG M. |
|=========================================+========================+======================|
|   0  NVIDIA L40S                    On  |   00000000:B5:00.0 Off |                    0 |
| N/A   39C    P0             40W /  350W |     503MiB /  46068MiB |      5%      Default |
|                                         |                        |                  N/A |
+-----------------------------------------+------------------------+----------------------+
                                                                                         
+-----------------------------------------------------------------------------------------+
| Processes:                                                                              |
|  GPU   GI   CI        PID   Type   Process name                              GPU Memory |
|        ID   ID                                                               Usage      |
|=========================================================================================|
|    0   N/A  N/A   1492173      C   python3                                       494MiB |
+-----------------------------------------------------------------------------------------+
CUDA verified: NVIDIA L40S; tensor dot product=8.0
GPU startup: NVIDIA L40S, 533, 46068, 5
Loaded train=6026, valid=754; reserved test set is not loaded
epoch=1 loss=0.282931 validation_macro_fmax=0.167058 valid_micro_fmax=0.050496
epoch=2 loss=0.218496 validation_macro_fmax=0.191166 valid_micro_fmax=0.080449
epoch=3 loss=0.200178 validation_macro_fmax=0.219906 valid_micro_fmax=0.116820
epoch=4 loss=0.186321 validation_macro_fmax=0.233437 valid_micro_fmax=0.146305
epoch=5 loss=0.171780 validation_macro_fmax=0.246256 valid_micro_fmax=0.145225
epoch=6 loss=0.153662 validation_macro_fmax=0.252962 valid_micro_fmax=0.168516
epoch=7 loss=0.132269 validation_macro_fmax=0.261075 valid_micro_fmax=0.183572
epoch=8 loss=0.110078 validation_macro_fmax=0.260999 valid_micro_fmax=0.220729
epoch=9 loss=0.088277 validation_macro_fmax=0.268787 valid_micro_fmax=0.251527
epoch=10 loss=0.069196 validation_macro_fmax=0.280583 valid_micro_fmax=0.285646
epoch=11 loss=0.053197 validation_macro_fmax=0.284318 valid_micro_fmax=0.318001
epoch=12 loss=0.040851 validation_macro_fmax=0.282195 valid_micro_fmax=0.317241
epoch=13 loss=0.031532 validation_macro_fmax=0.290626 valid_micro_fmax=0.335721
epoch=14 loss=0.024624 validation_macro_fmax=0.278317 valid_micro_fmax=0.338065
epoch=15 loss=0.019293 validation_macro_fmax=0.303964 valid_micro_fmax=0.381636
epoch=16 loss=0.015355 validation_macro_fmax=0.295485 valid_micro_fmax=0.366546
epoch=17 loss=0.012492 validation_macro_fmax=0.303225 valid_micro_fmax=0.373810
epoch=18 loss=0.010582 validation_macro_fmax=0.300164 valid_micro_fmax=0.377156
epoch=19 loss=0.008891 validation_macro_fmax=0.296256 valid_micro_fmax=0.385250
epoch=20 loss=0.007033 validation_macro_fmax=0.289542 valid_micro_fmax=0.392583
epoch=21 loss=0.005877 validation_macro_fmax=0.309268 valid_micro_fmax=0.407082
epoch=22 loss=0.005005 validation_macro_fmax=0.298303 valid_micro_fmax=0.401778
epoch=23 loss=0.004350 validation_macro_fmax=0.299812 valid_micro_fmax=0.403802
epoch=24 loss=0.003798 validation_macro_fmax=0.309995 valid_micro_fmax=0.418167
epoch=25 loss=0.003333 validation_macro_fmax=0.301857 valid_micro_fmax=0.421448
epoch=26 loss=0.002894 validation_macro_fmax=0.298088 valid_micro_fmax=0.405412
epoch=27 loss=0.003283 validation_macro_fmax=0.293746 valid_micro_fmax=0.394328
epoch=28 loss=0.002310 validation_macro_fmax=0.293320 valid_micro_fmax=0.406445
epoch=29 loss=0.002162 validation_macro_fmax=0.294686 valid_micro_fmax=0.386096
epoch=30 loss=0.001871 validation_macro_fmax=0.305102 valid_micro_fmax=0.404434
epoch=31 loss=0.001544 validation_macro_fmax=0.304024 valid_micro_fmax=0.407176
epoch=32 loss=0.001444 validation_macro_fmax=0.295862 valid_micro_fmax=0.406775
epoch=33 loss=0.002060 validation_macro_fmax=0.303030 valid_micro_fmax=0.394422
Early stopping after 33 epochs (patience=9)
GPU completion: NVIDIA L40S, 40537, 46068, 0
