GPU: NVIDIA L40S
CUDA tensor check: 8.0
Thu Jul 16 23:13:44 2026       
+-----------------------------------------------------------------------------------------+
| NVIDIA-SMI 560.35.03              Driver Version: 560.35.03      CUDA Version: 12.6     |
|-----------------------------------------+------------------------+----------------------+
| GPU  Name                 Persistence-M | Bus-Id          Disp.A | Volatile Uncorr. ECC |
| Fan  Temp   Perf          Pwr:Usage/Cap |           Memory-Usage | GPU-Util  Compute M. |
|                                         |                        |               MIG M. |
|=========================================+========================+======================|
|   0  NVIDIA L40S                    On  |   00000000:0D:00.0 Off |                    0 |
| N/A   43C    P0             46W /  350W |     503MiB /  46068MiB |      5%      Default |
|                                         |                        |                  N/A |
+-----------------------------------------+------------------------+----------------------+
                                                                                         
+-----------------------------------------------------------------------------------------+
| Processes:                                                                              |
|  GPU   GI   CI        PID   Type   Process name                              GPU Memory |
|        ID   ID                                                               Usage      |
|=========================================================================================|
|    0   N/A  N/A   2240978      C   python3                                       494MiB |
+-----------------------------------------------------------------------------------------+
CUDA verified: NVIDIA L40S; tensor dot product=8.0
GPU startup: NVIDIA L40S, 533, 46068, 0
Loaded train=6026, valid=754; reserved test set is not loaded
epoch=1 loss=0.640971 validation_macro_fmax=0.111994 valid_micro_fmax=0.011452
epoch=2 loss=0.558276 validation_macro_fmax=0.126267 valid_micro_fmax=0.012547
epoch=3 loss=0.516082 validation_macro_fmax=0.136768 valid_micro_fmax=0.013572
epoch=4 loss=0.487378 validation_macro_fmax=0.144310 valid_micro_fmax=0.015252
epoch=5 loss=0.468942 validation_macro_fmax=0.155298 valid_micro_fmax=0.021597
epoch=6 loss=0.452327 validation_macro_fmax=0.159497 valid_micro_fmax=0.025270
epoch=7 loss=0.438020 validation_macro_fmax=0.165890 valid_micro_fmax=0.032685
epoch=8 loss=0.427896 validation_macro_fmax=0.168912 valid_micro_fmax=0.039834
epoch=9 loss=0.418017 validation_macro_fmax=0.174248 valid_micro_fmax=0.045820
epoch=10 loss=0.409748 validation_macro_fmax=0.179542 valid_micro_fmax=0.056673
epoch=11 loss=0.402189 validation_macro_fmax=0.183200 valid_micro_fmax=0.070965
epoch=12 loss=0.395794 validation_macro_fmax=0.185891 valid_micro_fmax=0.068496
epoch=13 loss=0.389709 validation_macro_fmax=0.185539 valid_micro_fmax=0.091627
epoch=14 loss=0.383263 validation_macro_fmax=0.190087 valid_micro_fmax=0.098400
epoch=15 loss=0.377370 validation_macro_fmax=0.187638 valid_micro_fmax=0.093927
epoch=16 loss=0.371676 validation_macro_fmax=0.191732 valid_micro_fmax=0.109624
epoch=17 loss=0.365278 validation_macro_fmax=0.192355 valid_micro_fmax=0.112058
epoch=18 loss=0.359326 validation_macro_fmax=0.190933 valid_micro_fmax=0.109749
epoch=19 loss=0.352086 validation_macro_fmax=0.194529 valid_micro_fmax=0.116587
epoch=20 loss=0.345194 validation_macro_fmax=0.192800 valid_micro_fmax=0.112814
epoch=21 loss=0.337843 validation_macro_fmax=0.191752 valid_micro_fmax=0.120851
epoch=22 loss=0.330605 validation_macro_fmax=0.197033 valid_micro_fmax=0.137001
epoch=23 loss=0.323582 validation_macro_fmax=0.196039 valid_micro_fmax=0.124223
epoch=24 loss=0.314127 validation_macro_fmax=0.194990 valid_micro_fmax=0.150765
epoch=25 loss=0.305208 validation_macro_fmax=0.196266 valid_micro_fmax=0.158060
epoch=26 loss=0.296311 validation_macro_fmax=0.207010 valid_micro_fmax=0.171164
epoch=27 loss=0.286757 validation_macro_fmax=0.194931 valid_micro_fmax=0.158001
epoch=28 loss=0.277045 validation_macro_fmax=0.198622 valid_micro_fmax=0.162792
epoch=29 loss=0.267082 validation_macro_fmax=0.205717 valid_micro_fmax=0.169302
epoch=30 loss=0.257670 validation_macro_fmax=0.206695 valid_micro_fmax=0.169679
epoch=31 loss=0.246804 validation_macro_fmax=0.203790 valid_micro_fmax=0.176216
epoch=32 loss=0.236156 validation_macro_fmax=0.207600 valid_micro_fmax=0.184855
epoch=33 loss=0.225734 validation_macro_fmax=0.206129 valid_micro_fmax=0.182804
epoch=34 loss=0.215515 validation_macro_fmax=0.209521 valid_micro_fmax=0.191088
epoch=35 loss=0.204872 validation_macro_fmax=0.217142 valid_micro_fmax=0.199931
epoch=36 loss=0.194424 validation_macro_fmax=0.213866 valid_micro_fmax=0.208187
epoch=37 loss=0.184043 validation_macro_fmax=0.217697 valid_micro_fmax=0.200972
epoch=38 loss=0.174354 validation_macro_fmax=0.226404 valid_micro_fmax=0.214782
epoch=39 loss=0.164597 validation_macro_fmax=0.217692 valid_micro_fmax=0.214838
epoch=40 loss=0.155222 validation_macro_fmax=0.221322 valid_micro_fmax=0.204972
epoch=41 loss=0.146044 validation_macro_fmax=0.227289 valid_micro_fmax=0.215651
epoch=42 loss=0.137403 validation_macro_fmax=0.211411 valid_micro_fmax=0.212055
epoch=43 loss=0.129008 validation_macro_fmax=0.213407 valid_micro_fmax=0.217075
epoch=44 loss=0.120899 validation_macro_fmax=0.224377 valid_micro_fmax=0.228523
epoch=45 loss=0.114199 validation_macro_fmax=0.225868 valid_micro_fmax=0.221014
epoch=46 loss=0.106644 validation_macro_fmax=0.220488 valid_micro_fmax=0.227391
epoch=47 loss=0.099910 validation_macro_fmax=0.212355 valid_micro_fmax=0.239460
epoch=48 loss=0.093220 validation_macro_fmax=0.227274 valid_micro_fmax=0.247903
epoch=49 loss=0.087591 validation_macro_fmax=0.225651 valid_micro_fmax=0.237441
epoch=50 loss=0.081844 validation_macro_fmax=0.229747 valid_micro_fmax=0.242191
epoch=51 loss=0.076727 validation_macro_fmax=0.228930 valid_micro_fmax=0.249062
epoch=52 loss=0.071572 validation_macro_fmax=0.231552 valid_micro_fmax=0.240013
epoch=53 loss=0.067187 validation_macro_fmax=0.220133 valid_micro_fmax=0.254912
epoch=54 loss=0.062859 validation_macro_fmax=0.227399 valid_micro_fmax=0.248827
epoch=55 loss=0.059309 validation_macro_fmax=0.221441 valid_micro_fmax=0.237604
epoch=56 loss=0.055946 validation_macro_fmax=0.224921 valid_micro_fmax=0.233628
epoch=57 loss=0.052030 validation_macro_fmax=0.229398 valid_micro_fmax=0.250737
epoch=58 loss=0.048645 validation_macro_fmax=0.223729 valid_micro_fmax=0.255131
epoch=59 loss=0.045754 validation_macro_fmax=0.230363 valid_micro_fmax=0.251471
epoch=60 loss=0.043349 validation_macro_fmax=0.236687 valid_micro_fmax=0.268411
epoch=61 loss=0.040198 validation_macro_fmax=0.223288 valid_micro_fmax=0.247719
epoch=62 loss=0.037913 validation_macro_fmax=0.231164 valid_micro_fmax=0.264138
epoch=63 loss=0.035757 validation_macro_fmax=0.233732 valid_micro_fmax=0.265694
epoch=64 loss=0.033925 validation_macro_fmax=0.230070 valid_micro_fmax=0.254429
epoch=65 loss=0.032101 validation_macro_fmax=0.229564 valid_micro_fmax=0.256109
epoch=66 loss=0.030101 validation_macro_fmax=0.232497 valid_micro_fmax=0.268259
epoch=67 loss=0.028345 validation_macro_fmax=0.226699 valid_micro_fmax=0.258490
epoch=68 loss=0.026699 validation_macro_fmax=0.235242 valid_micro_fmax=0.254158
epoch=69 loss=0.025225 validation_macro_fmax=0.234548 valid_micro_fmax=0.267842
Early stopping after 69 epochs (patience=9)
GPU completion: NVIDIA L40S, 27529, 46068, 0
