GPU: NVIDIA L40S
CUDA tensor check: 8.0
Fri Jul 17 00:02:09 2026       
+-----------------------------------------------------------------------------------------+
| NVIDIA-SMI 560.35.03              Driver Version: 560.35.03      CUDA Version: 12.6     |
|-----------------------------------------+------------------------+----------------------+
| GPU  Name                 Persistence-M | Bus-Id          Disp.A | Volatile Uncorr. ECC |
| Fan  Temp   Perf          Pwr:Usage/Cap |           Memory-Usage | GPU-Util  Compute M. |
|                                         |                        |               MIG M. |
|=========================================+========================+======================|
|   0  NVIDIA L40S                    On  |   00000000:0D:00.0 Off |                    0 |
| N/A   44C    P0             39W /  350W |     503MiB /  46068MiB |      0%      Default |
|                                         |                        |                  N/A |
+-----------------------------------------+------------------------+----------------------+
                                                                                         
+-----------------------------------------------------------------------------------------+
| Processes:                                                                              |
|  GPU   GI   CI        PID   Type   Process name                              GPU Memory |
|        ID   ID                                                               Usage      |
|=========================================================================================|
|    0   N/A  N/A   1632831      C   python3                                       494MiB |
+-----------------------------------------------------------------------------------------+
CUDA verified: NVIDIA L40S; tensor dot product=8.0
GPU startup: NVIDIA L40S, 533, 46068, 0
Loaded train=6026, valid=754; reserved test set is not loaded
epoch=1 loss=0.996647 validation_macro_fmax=0.206067 valid_micro_fmax=0.102375
epoch=2 loss=0.743187 validation_macro_fmax=0.203249 valid_micro_fmax=0.108633
epoch=3 loss=0.551382 validation_macro_fmax=0.257286 valid_micro_fmax=0.197827
epoch=4 loss=0.353752 validation_macro_fmax=0.241861 valid_micro_fmax=0.234826
epoch=5 loss=0.219700 validation_macro_fmax=0.278948 valid_micro_fmax=0.291225
epoch=6 loss=0.144886 validation_macro_fmax=0.248878 valid_micro_fmax=0.185844
epoch=7 loss=0.100067 validation_macro_fmax=0.269064 valid_micro_fmax=0.248951
epoch=8 loss=0.074053 validation_macro_fmax=0.262632 valid_micro_fmax=0.265820
epoch=9 loss=0.058913 validation_macro_fmax=0.288195 valid_micro_fmax=0.274890
epoch=10 loss=0.049437 validation_macro_fmax=0.276049 valid_micro_fmax=0.292874
epoch=11 loss=0.041893 validation_macro_fmax=0.266478 valid_micro_fmax=0.294454
epoch=12 loss=0.039815 validation_macro_fmax=0.272391 valid_micro_fmax=0.261414
epoch=13 loss=0.037481 validation_macro_fmax=0.283445 valid_micro_fmax=0.311879
epoch=14 loss=0.030651 validation_macro_fmax=0.285151 valid_micro_fmax=0.308016
epoch=15 loss=0.025908 validation_macro_fmax=0.267315 valid_micro_fmax=0.288877
epoch=16 loss=0.022670 validation_macro_fmax=0.272691 valid_micro_fmax=0.302391
epoch=17 loss=0.020499 validation_macro_fmax=0.251309 valid_micro_fmax=0.253033
epoch=18 loss=0.022455 validation_macro_fmax=0.270381 valid_micro_fmax=0.293868
Early stopping after 18 epochs (patience=9)
GPU completion: NVIDIA L40S, 24415, 46068, 0
