GPU: NVIDIA L40S
CUDA tensor check: 8.0
Thu Jul 16 19:40:46 2026       
+-----------------------------------------------------------------------------------------+
| NVIDIA-SMI 560.35.03              Driver Version: 560.35.03      CUDA Version: 12.6     |
|-----------------------------------------+------------------------+----------------------+
| GPU  Name                 Persistence-M | Bus-Id          Disp.A | Volatile Uncorr. ECC |
| Fan  Temp   Perf          Pwr:Usage/Cap |           Memory-Usage | GPU-Util  Compute M. |
|                                         |                        |               MIG M. |
|=========================================+========================+======================|
|   0  NVIDIA L40S                    On  |   00000000:B5:00.0 Off |                    0 |
| N/A   36C    P0             36W /  350W |     503MiB /  46068MiB |      1%      Default |
|                                         |                        |                  N/A |
+-----------------------------------------+------------------------+----------------------+
                                                                                         
+-----------------------------------------------------------------------------------------+
| Processes:                                                                              |
|  GPU   GI   CI        PID   Type   Process name                              GPU Memory |
|        ID   ID                                                               Usage      |
|=========================================================================================|
|    0   N/A  N/A   1508098      C   python3                                       494MiB |
+-----------------------------------------------------------------------------------------+
CUDA verified: NVIDIA L40S; tensor dot product=8.0
GPU startup: NVIDIA L40S, 533, 46068, 5
Loaded train=6026, valid=754; reserved test set is not loaded
epoch=1 loss=0.642216 validation_macro_fmax=0.108368 valid_micro_fmax=0.036164
epoch=2 loss=0.537905 validation_macro_fmax=0.137719 valid_micro_fmax=0.036683
epoch=3 loss=0.487654 validation_macro_fmax=0.162470 valid_micro_fmax=0.052817
epoch=4 loss=0.455703 validation_macro_fmax=0.171386 valid_micro_fmax=0.055871
epoch=5 loss=0.432804 validation_macro_fmax=0.186620 valid_micro_fmax=0.079559
epoch=6 loss=0.414938 validation_macro_fmax=0.195733 valid_micro_fmax=0.085836
epoch=7 loss=0.398334 validation_macro_fmax=0.203848 valid_micro_fmax=0.093950
epoch=8 loss=0.382257 validation_macro_fmax=0.216624 valid_micro_fmax=0.098648
epoch=9 loss=0.365826 validation_macro_fmax=0.222315 valid_micro_fmax=0.124506
epoch=10 loss=0.347904 validation_macro_fmax=0.229328 valid_micro_fmax=0.139146
epoch=11 loss=0.327614 validation_macro_fmax=0.225434 valid_micro_fmax=0.147957
epoch=12 loss=0.305875 validation_macro_fmax=0.244808 valid_micro_fmax=0.164809
epoch=13 loss=0.282550 validation_macro_fmax=0.218202 valid_micro_fmax=0.168940
epoch=14 loss=0.259891 validation_macro_fmax=0.238900 valid_micro_fmax=0.176707
epoch=15 loss=0.237004 validation_macro_fmax=0.250164 valid_micro_fmax=0.171969
epoch=16 loss=0.214574 validation_macro_fmax=0.259758 valid_micro_fmax=0.196721
epoch=17 loss=0.192757 validation_macro_fmax=0.259427 valid_micro_fmax=0.197078
epoch=18 loss=0.173397 validation_macro_fmax=0.255163 valid_micro_fmax=0.226643
epoch=19 loss=0.154971 validation_macro_fmax=0.268000 valid_micro_fmax=0.256101
epoch=20 loss=0.137806 validation_macro_fmax=0.263103 valid_micro_fmax=0.230465
epoch=21 loss=0.122789 validation_macro_fmax=0.255392 valid_micro_fmax=0.218787
epoch=22 loss=0.109513 validation_macro_fmax=0.268388 valid_micro_fmax=0.259694
epoch=23 loss=0.096998 validation_macro_fmax=0.264193 valid_micro_fmax=0.252170
epoch=24 loss=0.087447 validation_macro_fmax=0.266017 valid_micro_fmax=0.247014
epoch=25 loss=0.078162 validation_macro_fmax=0.280328 valid_micro_fmax=0.255194
epoch=26 loss=0.071113 validation_macro_fmax=0.275454 valid_micro_fmax=0.264416
epoch=27 loss=0.063348 validation_macro_fmax=0.287583 valid_micro_fmax=0.289388
epoch=28 loss=0.057518 validation_macro_fmax=0.279842 valid_micro_fmax=0.267108
epoch=29 loss=0.051979 validation_macro_fmax=0.278731 valid_micro_fmax=0.285560
epoch=30 loss=0.048032 validation_macro_fmax=0.295308 valid_micro_fmax=0.286623
epoch=31 loss=0.043317 validation_macro_fmax=0.289260 valid_micro_fmax=0.289162
epoch=32 loss=0.039554 validation_macro_fmax=0.280837 valid_micro_fmax=0.300591
epoch=33 loss=0.036476 validation_macro_fmax=0.294476 valid_micro_fmax=0.299382
epoch=34 loss=0.033707 validation_macro_fmax=0.289218 valid_micro_fmax=0.282891
epoch=35 loss=0.031084 validation_macro_fmax=0.290865 valid_micro_fmax=0.294687
epoch=36 loss=0.028905 validation_macro_fmax=0.285912 valid_micro_fmax=0.307813
epoch=37 loss=0.027268 validation_macro_fmax=0.293398 valid_micro_fmax=0.320234
epoch=38 loss=0.025151 validation_macro_fmax=0.283040 valid_micro_fmax=0.315746
epoch=39 loss=0.023488 validation_macro_fmax=0.286829 valid_micro_fmax=0.323455
Early stopping after 39 epochs (patience=9)
GPU completion: NVIDIA L40S, 14875, 46068, 0
