GPU: NVIDIA L40S
CUDA tensor check: 8.0
Thu Jul 16 21:42:13 2026       
+-----------------------------------------------------------------------------------------+
| NVIDIA-SMI 560.35.03              Driver Version: 560.35.03      CUDA Version: 12.6     |
|-----------------------------------------+------------------------+----------------------+
| GPU  Name                 Persistence-M | Bus-Id          Disp.A | Volatile Uncorr. ECC |
| Fan  Temp   Perf          Pwr:Usage/Cap |           Memory-Usage | GPU-Util  Compute M. |
|                                         |                        |               MIG M. |
|=========================================+========================+======================|
|   0  NVIDIA L40S                    On  |   00000000:B5:00.0 Off |                    0 |
| N/A   35C    P0             36W /  350W |     503MiB /  46068MiB |      0%      Default |
|                                         |                        |                  N/A |
+-----------------------------------------+------------------------+----------------------+
                                                                                         
+-----------------------------------------------------------------------------------------+
| Processes:                                                                              |
|  GPU   GI   CI        PID   Type   Process name                              GPU Memory |
|        ID   ID                                                               Usage      |
|=========================================================================================|
|    0   N/A  N/A   1561541      C   python3                                       494MiB |
+-----------------------------------------------------------------------------------------+
CUDA verified: NVIDIA L40S; tensor dot product=8.0
GPU startup: NVIDIA L40S, 533, 46068, 1
Loaded train=6026, valid=754; reserved test set is not loaded
epoch=1 loss=0.278034 validation_macro_fmax=0.135221 valid_micro_fmax=0.026182
epoch=2 loss=0.233786 validation_macro_fmax=0.127463 valid_micro_fmax=0.034259
epoch=3 loss=0.141219 validation_macro_fmax=0.127107 valid_micro_fmax=0.034877
epoch=4 loss=0.130318 validation_macro_fmax=0.169909 valid_micro_fmax=0.039773
epoch=5 loss=0.135324 validation_macro_fmax=0.158024 valid_micro_fmax=0.040073
epoch=6 loss=0.111245 validation_macro_fmax=0.160952 valid_micro_fmax=0.041722
epoch=7 loss=0.086775 validation_macro_fmax=0.171234 valid_micro_fmax=0.046669
epoch=8 loss=0.063415 validation_macro_fmax=0.181405 valid_micro_fmax=0.047227
epoch=9 loss=0.062583 validation_macro_fmax=0.168007 valid_micro_fmax=0.049290
epoch=10 loss=0.054245 validation_macro_fmax=0.158396 valid_micro_fmax=0.033591
epoch=11 loss=0.064852 validation_macro_fmax=0.182010 valid_micro_fmax=0.053647
epoch=12 loss=0.062019 validation_macro_fmax=0.163616 valid_micro_fmax=0.051292
epoch=13 loss=0.038728 validation_macro_fmax=0.203456 valid_micro_fmax=0.065152
epoch=14 loss=0.035130 validation_macro_fmax=0.196181 valid_micro_fmax=0.070352
epoch=15 loss=0.033845 validation_macro_fmax=0.174469 valid_micro_fmax=0.057910
epoch=16 loss=0.032689 validation_macro_fmax=0.183070 valid_micro_fmax=0.070773
epoch=17 loss=0.040121 validation_macro_fmax=0.207827 valid_micro_fmax=0.082600
epoch=18 loss=0.035381 validation_macro_fmax=0.201917 valid_micro_fmax=0.083988
epoch=19 loss=0.030036 validation_macro_fmax=0.223726 valid_micro_fmax=0.089231
epoch=20 loss=0.032369 validation_macro_fmax=0.205777 valid_micro_fmax=0.058919
epoch=21 loss=0.029365 validation_macro_fmax=0.205104 valid_micro_fmax=0.064536
epoch=22 loss=0.030099 validation_macro_fmax=0.183510 valid_micro_fmax=0.071676
epoch=23 loss=0.020388 validation_macro_fmax=0.203192 valid_micro_fmax=0.080555
epoch=24 loss=0.018243 validation_macro_fmax=0.211447 valid_micro_fmax=0.077193
epoch=25 loss=0.034350 validation_macro_fmax=0.198142 valid_micro_fmax=0.057854
epoch=26 loss=0.042505 validation_macro_fmax=0.198373 valid_micro_fmax=0.070475
epoch=27 loss=0.025872 validation_macro_fmax=0.193073 valid_micro_fmax=0.068467
epoch=28 loss=0.027232 validation_macro_fmax=0.183429 valid_micro_fmax=0.061962
Early stopping after 28 epochs (patience=9)
GPU completion: NVIDIA L40S, 42313, 46068, 0
