GPU: NVIDIA L40S
CUDA tensor check: 8.0
Thu Jul 16 20:38:41 2026       
+-----------------------------------------------------------------------------------------+
| NVIDIA-SMI 560.35.03              Driver Version: 560.35.03      CUDA Version: 12.6     |
|-----------------------------------------+------------------------+----------------------+
| GPU  Name                 Persistence-M | Bus-Id          Disp.A | Volatile Uncorr. ECC |
| Fan  Temp   Perf          Pwr:Usage/Cap |           Memory-Usage | GPU-Util  Compute M. |
|                                         |                        |               MIG M. |
|=========================================+========================+======================|
|   0  NVIDIA L40S                    On  |   00000000:B5:00.0 Off |                    0 |
| N/A   40C    P0             38W /  350W |     503MiB /  46068MiB |      0%      Default |
|                                         |                        |                  N/A |
+-----------------------------------------+------------------------+----------------------+
                                                                                         
+-----------------------------------------------------------------------------------------+
| Processes:                                                                              |
|  GPU   GI   CI        PID   Type   Process name                              GPU Memory |
|        ID   ID                                                               Usage      |
|=========================================================================================|
|    0   N/A  N/A   1535281      C   python3                                       494MiB |
+-----------------------------------------------------------------------------------------+
CUDA verified: NVIDIA L40S; tensor dot product=8.0
GPU startup: NVIDIA L40S, 533, 46068, 0
Loaded train=6026, valid=754; reserved test set is not loaded
epoch=1 loss=0.740746 validation_macro_fmax=0.100568 valid_micro_fmax=0.034054
epoch=2 loss=0.689566 validation_macro_fmax=0.107222 valid_micro_fmax=0.033437
epoch=3 loss=0.649024 validation_macro_fmax=0.113286 valid_micro_fmax=0.037178
epoch=4 loss=0.624409 validation_macro_fmax=0.110405 valid_micro_fmax=0.033840
epoch=5 loss=0.601408 validation_macro_fmax=0.114179 valid_micro_fmax=0.030955
epoch=6 loss=0.583114 validation_macro_fmax=0.116451 valid_micro_fmax=0.027485
epoch=7 loss=0.569704 validation_macro_fmax=0.127985 valid_micro_fmax=0.029299
epoch=8 loss=0.555429 validation_macro_fmax=0.126076 valid_micro_fmax=0.030415
epoch=9 loss=0.542118 validation_macro_fmax=0.133359 valid_micro_fmax=0.028953
epoch=10 loss=0.531899 validation_macro_fmax=0.137785 valid_micro_fmax=0.028568
epoch=11 loss=0.524027 validation_macro_fmax=0.141050 valid_micro_fmax=0.032928
epoch=12 loss=0.515258 validation_macro_fmax=0.144046 valid_micro_fmax=0.037367
epoch=13 loss=0.506828 validation_macro_fmax=0.143638 valid_micro_fmax=0.034378
epoch=14 loss=0.503160 validation_macro_fmax=0.153031 valid_micro_fmax=0.038040
epoch=15 loss=0.496404 validation_macro_fmax=0.155801 valid_micro_fmax=0.038637
epoch=16 loss=0.487346 validation_macro_fmax=0.154998 valid_micro_fmax=0.040712
epoch=17 loss=0.483443 validation_macro_fmax=0.162489 valid_micro_fmax=0.044886
epoch=18 loss=0.478138 validation_macro_fmax=0.164510 valid_micro_fmax=0.049588
epoch=19 loss=0.472779 validation_macro_fmax=0.166983 valid_micro_fmax=0.051076
epoch=20 loss=0.469510 validation_macro_fmax=0.167912 valid_micro_fmax=0.063620
epoch=21 loss=0.465202 validation_macro_fmax=0.170398 valid_micro_fmax=0.061796
epoch=22 loss=0.461478 validation_macro_fmax=0.176754 valid_micro_fmax=0.069926
epoch=23 loss=0.457660 validation_macro_fmax=0.176533 valid_micro_fmax=0.065474
epoch=24 loss=0.455190 validation_macro_fmax=0.181701 valid_micro_fmax=0.079908
epoch=25 loss=0.450380 validation_macro_fmax=0.181562 valid_micro_fmax=0.074255
epoch=26 loss=0.445598 validation_macro_fmax=0.177854 valid_micro_fmax=0.073254
epoch=27 loss=0.442926 validation_macro_fmax=0.187614 valid_micro_fmax=0.083351
epoch=28 loss=0.440226 validation_macro_fmax=0.185317 valid_micro_fmax=0.085653
epoch=29 loss=0.437695 validation_macro_fmax=0.187581 valid_micro_fmax=0.084740
epoch=30 loss=0.434676 validation_macro_fmax=0.193084 valid_micro_fmax=0.081733
epoch=31 loss=0.431318 validation_macro_fmax=0.191044 valid_micro_fmax=0.084438
epoch=32 loss=0.427693 validation_macro_fmax=0.193253 valid_micro_fmax=0.088311
epoch=33 loss=0.425777 validation_macro_fmax=0.197684 valid_micro_fmax=0.092033
epoch=34 loss=0.422970 validation_macro_fmax=0.203427 valid_micro_fmax=0.087006
epoch=35 loss=0.419222 validation_macro_fmax=0.203582 valid_micro_fmax=0.084875
epoch=36 loss=0.414790 validation_macro_fmax=0.206408 valid_micro_fmax=0.090621
epoch=37 loss=0.413516 validation_macro_fmax=0.210498 valid_micro_fmax=0.101305
epoch=38 loss=0.411016 validation_macro_fmax=0.209991 valid_micro_fmax=0.097287
epoch=39 loss=0.407933 validation_macro_fmax=0.209856 valid_micro_fmax=0.089605
epoch=40 loss=0.405776 validation_macro_fmax=0.210398 valid_micro_fmax=0.094821
epoch=41 loss=0.401601 validation_macro_fmax=0.215446 valid_micro_fmax=0.099297
epoch=42 loss=0.399122 validation_macro_fmax=0.213948 valid_micro_fmax=0.103604
epoch=43 loss=0.395772 validation_macro_fmax=0.218988 valid_micro_fmax=0.097129
epoch=44 loss=0.393128 validation_macro_fmax=0.220508 valid_micro_fmax=0.102137
epoch=45 loss=0.390747 validation_macro_fmax=0.216138 valid_micro_fmax=0.111977
epoch=46 loss=0.388899 validation_macro_fmax=0.226862 valid_micro_fmax=0.113494
epoch=47 loss=0.383785 validation_macro_fmax=0.226364 valid_micro_fmax=0.116686
epoch=48 loss=0.380977 validation_macro_fmax=0.225149 valid_micro_fmax=0.126239
epoch=49 loss=0.377802 validation_macro_fmax=0.224981 valid_micro_fmax=0.123524
epoch=50 loss=0.374989 validation_macro_fmax=0.224418 valid_micro_fmax=0.123280
epoch=51 loss=0.372419 validation_macro_fmax=0.227949 valid_micro_fmax=0.129767
epoch=52 loss=0.368099 validation_macro_fmax=0.231338 valid_micro_fmax=0.134847
epoch=53 loss=0.364648 validation_macro_fmax=0.231078 valid_micro_fmax=0.138048
epoch=54 loss=0.362195 validation_macro_fmax=0.229574 valid_micro_fmax=0.127929
epoch=55 loss=0.359184 validation_macro_fmax=0.230614 valid_micro_fmax=0.140962
epoch=56 loss=0.355279 validation_macro_fmax=0.235819 valid_micro_fmax=0.137681
epoch=57 loss=0.351806 validation_macro_fmax=0.238480 valid_micro_fmax=0.144539
epoch=58 loss=0.348215 validation_macro_fmax=0.236441 valid_micro_fmax=0.144185
epoch=59 loss=0.343838 validation_macro_fmax=0.240309 valid_micro_fmax=0.143695
epoch=60 loss=0.341214 validation_macro_fmax=0.236850 valid_micro_fmax=0.146909
epoch=61 loss=0.336477 validation_macro_fmax=0.237085 valid_micro_fmax=0.153236
epoch=62 loss=0.332228 validation_macro_fmax=0.236124 valid_micro_fmax=0.157465
epoch=63 loss=0.328232 validation_macro_fmax=0.248406 valid_micro_fmax=0.165566
epoch=64 loss=0.325555 validation_macro_fmax=0.244802 valid_micro_fmax=0.156675
epoch=65 loss=0.321592 validation_macro_fmax=0.246137 valid_micro_fmax=0.173502
epoch=66 loss=0.317203 validation_macro_fmax=0.252562 valid_micro_fmax=0.168213
epoch=67 loss=0.313209 validation_macro_fmax=0.250704 valid_micro_fmax=0.164458
epoch=68 loss=0.308172 validation_macro_fmax=0.252791 valid_micro_fmax=0.165940
epoch=69 loss=0.302581 validation_macro_fmax=0.251976 valid_micro_fmax=0.160497
epoch=70 loss=0.299789 validation_macro_fmax=0.248136 valid_micro_fmax=0.169352
epoch=71 loss=0.294812 validation_macro_fmax=0.249986 valid_micro_fmax=0.163934
epoch=72 loss=0.290185 validation_macro_fmax=0.249245 valid_micro_fmax=0.178011
epoch=73 loss=0.285894 validation_macro_fmax=0.256776 valid_micro_fmax=0.172045
epoch=74 loss=0.282876 validation_macro_fmax=0.259192 valid_micro_fmax=0.185920
epoch=75 loss=0.278811 validation_macro_fmax=0.251822 valid_micro_fmax=0.178798
epoch=76 loss=0.272624 validation_macro_fmax=0.254019 valid_micro_fmax=0.182644
epoch=77 loss=0.268295 validation_macro_fmax=0.257511 valid_micro_fmax=0.182822
epoch=78 loss=0.264301 validation_macro_fmax=0.255586 valid_micro_fmax=0.196005
epoch=79 loss=0.258759 validation_macro_fmax=0.257809 valid_micro_fmax=0.188465
epoch=80 loss=0.254739 validation_macro_fmax=0.257807 valid_micro_fmax=0.190292
epoch=81 loss=0.249445 validation_macro_fmax=0.258678 valid_micro_fmax=0.171614
epoch=82 loss=0.246351 validation_macro_fmax=0.257153 valid_micro_fmax=0.184675
Early stopping after 82 epochs (patience=8)
GPU completion: NVIDIA L40S, 32841, 46068, 0
