GPU: NVIDIA L40S
CUDA tensor check: 8.0
Thu Jul 16 23:57:15 2026       
+-----------------------------------------------------------------------------------------+
| NVIDIA-SMI 560.35.03              Driver Version: 560.35.03      CUDA Version: 12.6     |
|-----------------------------------------+------------------------+----------------------+
| GPU  Name                 Persistence-M | Bus-Id          Disp.A | Volatile Uncorr. ECC |
| Fan  Temp   Perf          Pwr:Usage/Cap |           Memory-Usage | GPU-Util  Compute M. |
|                                         |                        |               MIG M. |
|=========================================+========================+======================|
|   0  NVIDIA L40S                    On  |   00000000:0D:00.0 Off |                    0 |
| N/A   56C    P0             48W /  350W |     503MiB /  46068MiB |      5%      Default |
|                                         |                        |                  N/A |
+-----------------------------------------+------------------------+----------------------+
                                                                                         
+-----------------------------------------------------------------------------------------+
| Processes:                                                                              |
|  GPU   GI   CI        PID   Type   Process name                              GPU Memory |
|        ID   ID                                                               Usage      |
|=========================================================================================|
|    0   N/A  N/A   1630234      C   python3                                       494MiB |
+-----------------------------------------------------------------------------------------+
CUDA verified: NVIDIA L40S; tensor dot product=8.0
GPU startup: NVIDIA L40S, 533, 46068, 0
Loaded train=6026, valid=754; reserved test set is not loaded
epoch=1 loss=0.838451 validation_macro_fmax=0.308604 valid_micro_fmax=0.278993
epoch=2 loss=0.502927 validation_macro_fmax=0.325091 valid_micro_fmax=0.350020
epoch=3 loss=0.256290 validation_macro_fmax=0.324579 valid_micro_fmax=0.373361
epoch=4 loss=0.124345 validation_macro_fmax=0.348004 valid_micro_fmax=0.439024
epoch=5 loss=0.107720 validation_macro_fmax=0.289129 valid_micro_fmax=0.405253
epoch=6 loss=0.087662 validation_macro_fmax=0.267322 valid_micro_fmax=0.460995
epoch=7 loss=0.043602 validation_macro_fmax=0.323428 valid_micro_fmax=0.461406
epoch=8 loss=0.034357 validation_macro_fmax=0.328516 valid_micro_fmax=0.431552
epoch=9 loss=0.026417 validation_macro_fmax=0.322402 valid_micro_fmax=0.468298
epoch=10 loss=0.018918 validation_macro_fmax=0.325920 valid_micro_fmax=0.472701
epoch=11 loss=0.013986 validation_macro_fmax=0.327144 valid_micro_fmax=0.472288
epoch=12 loss=0.012200 validation_macro_fmax=0.345988 valid_micro_fmax=0.456965
Early stopping after 12 epochs (patience=8)
GPU completion: NVIDIA L40S, 25765, 46068, 0
