GPU: NVIDIA L40S
CUDA tensor check: 8.0
Thu Jul 16 18:21:51 2026       
+-----------------------------------------------------------------------------------------+
| NVIDIA-SMI 560.35.03              Driver Version: 560.35.03      CUDA Version: 12.6     |
|-----------------------------------------+------------------------+----------------------+
| GPU  Name                 Persistence-M | Bus-Id          Disp.A | Volatile Uncorr. ECC |
| Fan  Temp   Perf          Pwr:Usage/Cap |           Memory-Usage | GPU-Util  Compute M. |
|                                         |                        |               MIG M. |
|=========================================+========================+======================|
|   0  NVIDIA L40S                    On  |   00000000:B5:00.0 Off |                    0 |
| N/A   33C    P0             37W /  350W |     503MiB /  46068MiB |      1%      Default |
|                                         |                        |                  N/A |
+-----------------------------------------+------------------------+----------------------+
                                                                                         
+-----------------------------------------------------------------------------------------+
| Processes:                                                                              |
|  GPU   GI   CI        PID   Type   Process name                              GPU Memory |
|        ID   ID                                                               Usage      |
|=========================================================================================|
|    0   N/A  N/A   2729063      C   python3                                       494MiB |
+-----------------------------------------------------------------------------------------+
CUDA verified: NVIDIA L40S; tensor dot product=8.0
GPU startup: NVIDIA L40S, 533, 46068, 5
Loaded train=6026, valid=754; reserved test set is not loaded
epoch=1 loss=0.790028 validation_macro_fmax=0.292493 valid_micro_fmax=0.122546
epoch=2 loss=0.302757 validation_macro_fmax=0.331433 valid_micro_fmax=0.199638
epoch=3 loss=0.128425 validation_macro_fmax=0.331083 valid_micro_fmax=0.300242
epoch=4 loss=0.071670 validation_macro_fmax=0.320496 valid_micro_fmax=0.224719
epoch=5 loss=0.043970 validation_macro_fmax=0.315356 valid_micro_fmax=0.293292
epoch=6 loss=0.041465 validation_macro_fmax=0.335311 valid_micro_fmax=0.291210
epoch=7 loss=0.032793 validation_macro_fmax=0.299188 valid_micro_fmax=0.281488
epoch=8 loss=0.037824 validation_macro_fmax=0.312917 valid_micro_fmax=0.195765
epoch=9 loss=0.044361 validation_macro_fmax=0.301019 valid_micro_fmax=0.196277
epoch=10 loss=0.050050 validation_macro_fmax=0.318550 valid_micro_fmax=0.254574
epoch=11 loss=0.023813 validation_macro_fmax=0.308897 valid_micro_fmax=0.250670
epoch=12 loss=0.018208 validation_macro_fmax=0.300204 valid_micro_fmax=0.300086
epoch=13 loss=0.013092 validation_macro_fmax=0.311397 valid_micro_fmax=0.316206
epoch=14 loss=0.011000 validation_macro_fmax=0.312809 valid_micro_fmax=0.325846
epoch=15 loss=0.008730 validation_macro_fmax=0.296332 valid_micro_fmax=0.297987
epoch=16 loss=0.006906 validation_macro_fmax=0.301375 valid_micro_fmax=0.338483
Early stopping after 16 epochs (patience=10)
GPU completion: NVIDIA L40S, 37249, 46068, 0
