GPU: NVIDIA L40S
CUDA tensor check: 8.0
Thu Jul 16 21:29:09 2026       
+-----------------------------------------------------------------------------------------+
| NVIDIA-SMI 560.35.03              Driver Version: 560.35.03      CUDA Version: 12.6     |
|-----------------------------------------+------------------------+----------------------+
| GPU  Name                 Persistence-M | Bus-Id          Disp.A | Volatile Uncorr. ECC |
| Fan  Temp   Perf          Pwr:Usage/Cap |           Memory-Usage | GPU-Util  Compute M. |
|                                         |                        |               MIG M. |
|=========================================+========================+======================|
|   0  NVIDIA L40S                    On  |   00000000:0D:00.0 Off |                    0 |
| N/A   40C    P0             39W /  350W |     503MiB /  46068MiB |      5%      Default |
|                                         |                        |                  N/A |
+-----------------------------------------+------------------------+----------------------+
                                                                                         
+-----------------------------------------------------------------------------------------+
| Processes:                                                                              |
|  GPU   GI   CI        PID   Type   Process name                              GPU Memory |
|        ID   ID                                                               Usage      |
|=========================================================================================|
|    0   N/A  N/A    119525      C   python3                                       494MiB |
+-----------------------------------------------------------------------------------------+
CUDA verified: NVIDIA L40S; tensor dot product=8.0
GPU startup: NVIDIA L40S, 533, 46068, 0
Loaded train=6026, valid=754; reserved test set is not loaded
epoch=1 loss=0.489565 validation_macro_fmax=0.228632 valid_micro_fmax=0.074005
epoch=2 loss=0.247124 validation_macro_fmax=0.293462 valid_micro_fmax=0.127192
epoch=3 loss=0.140065 validation_macro_fmax=0.309593 valid_micro_fmax=0.175347
epoch=4 loss=0.084333 validation_macro_fmax=0.303392 valid_micro_fmax=0.202514
epoch=5 loss=0.066214 validation_macro_fmax=0.282610 valid_micro_fmax=0.158957
epoch=6 loss=0.052747 validation_macro_fmax=0.310893 valid_micro_fmax=0.211576
epoch=7 loss=0.045472 validation_macro_fmax=0.319487 valid_micro_fmax=0.221440
epoch=8 loss=0.037226 validation_macro_fmax=0.288490 valid_micro_fmax=0.192339
epoch=9 loss=0.037134 validation_macro_fmax=0.310243 valid_micro_fmax=0.201150
epoch=10 loss=0.031932 validation_macro_fmax=0.306646 valid_micro_fmax=0.190060
epoch=11 loss=0.029701 validation_macro_fmax=0.311222 valid_micro_fmax=0.229172
epoch=12 loss=0.029089 validation_macro_fmax=0.308673 valid_micro_fmax=0.174584
epoch=13 loss=0.030851 validation_macro_fmax=0.328459 valid_micro_fmax=0.196746
epoch=14 loss=0.026061 validation_macro_fmax=0.310245 valid_micro_fmax=0.180454
epoch=15 loss=0.023178 validation_macro_fmax=0.330509 valid_micro_fmax=0.236520
epoch=16 loss=0.025315 validation_macro_fmax=0.313793 valid_micro_fmax=0.197150
epoch=17 loss=0.022878 validation_macro_fmax=0.297354 valid_micro_fmax=0.215596
epoch=18 loss=0.023889 validation_macro_fmax=0.323627 valid_micro_fmax=0.258526
epoch=19 loss=0.018995 validation_macro_fmax=0.313769 valid_micro_fmax=0.233217
epoch=20 loss=0.019556 validation_macro_fmax=0.299311 valid_micro_fmax=0.221559
epoch=21 loss=0.015034 validation_macro_fmax=0.323095 valid_micro_fmax=0.254519
epoch=22 loss=0.021135 validation_macro_fmax=0.301982 valid_micro_fmax=0.191631
epoch=23 loss=0.024221 validation_macro_fmax=0.301123 valid_micro_fmax=0.199216
epoch=24 loss=0.015118 validation_macro_fmax=0.326450 valid_micro_fmax=0.210157
epoch=25 loss=0.010252 validation_macro_fmax=0.319725 valid_micro_fmax=0.236714
Early stopping after 25 epochs (patience=10)
GPU completion: NVIDIA L40S, 34091, 46068, 0
