GPU: NVIDIA L40S
CUDA tensor check: 8.0
Thu Jul 16 23:42:20 2026       
+-----------------------------------------------------------------------------------------+
| NVIDIA-SMI 560.35.03              Driver Version: 560.35.03      CUDA Version: 12.6     |
|-----------------------------------------+------------------------+----------------------+
| GPU  Name                 Persistence-M | Bus-Id          Disp.A | Volatile Uncorr. ECC |
| Fan  Temp   Perf          Pwr:Usage/Cap |           Memory-Usage | GPU-Util  Compute M. |
|                                         |                        |               MIG M. |
|=========================================+========================+======================|
|   0  NVIDIA L40S                    On  |   00000000:B5:00.0 Off |                    0 |
| N/A   39C    P0             42W /  350W |     503MiB /  46068MiB |      5%      Default |
|                                         |                        |                  N/A |
+-----------------------------------------+------------------------+----------------------+
                                                                                         
+-----------------------------------------------------------------------------------------+
| Processes:                                                                              |
|  GPU   GI   CI        PID   Type   Process name                              GPU Memory |
|        ID   ID                                                               Usage      |
|=========================================================================================|
|    0   N/A  N/A   2856528      C   python3                                       494MiB |
+-----------------------------------------------------------------------------------------+
CUDA verified: NVIDIA L40S; tensor dot product=8.0
GPU startup: NVIDIA L40S, 533, 46068, 0
Loaded train=6026, valid=754; reserved test set is not loaded
epoch=1 loss=0.361547 validation_macro_fmax=0.120785 valid_micro_fmax=0.012523
epoch=2 loss=0.293989 validation_macro_fmax=0.137506 valid_micro_fmax=0.013891
epoch=3 loss=0.267806 validation_macro_fmax=0.150833 valid_micro_fmax=0.019734
epoch=4 loss=0.251473 validation_macro_fmax=0.160837 valid_micro_fmax=0.025300
epoch=5 loss=0.240923 validation_macro_fmax=0.170790 valid_micro_fmax=0.039870
epoch=6 loss=0.231078 validation_macro_fmax=0.183298 valid_micro_fmax=0.045276
epoch=7 loss=0.222344 validation_macro_fmax=0.182420 valid_micro_fmax=0.056049
epoch=8 loss=0.214945 validation_macro_fmax=0.187477 valid_micro_fmax=0.061230
epoch=9 loss=0.207729 validation_macro_fmax=0.197855 valid_micro_fmax=0.071987
epoch=10 loss=0.200633 validation_macro_fmax=0.206614 valid_micro_fmax=0.086600
epoch=11 loss=0.193464 validation_macro_fmax=0.205675 valid_micro_fmax=0.092259
epoch=12 loss=0.185482 validation_macro_fmax=0.212318 valid_micro_fmax=0.099286
epoch=13 loss=0.177229 validation_macro_fmax=0.212035 valid_micro_fmax=0.107615
epoch=14 loss=0.168024 validation_macro_fmax=0.217414 valid_micro_fmax=0.120616
epoch=15 loss=0.158938 validation_macro_fmax=0.217129 valid_micro_fmax=0.132334
epoch=16 loss=0.149454 validation_macro_fmax=0.220069 valid_micro_fmax=0.128365
epoch=17 loss=0.138736 validation_macro_fmax=0.216489 valid_micro_fmax=0.130270
epoch=18 loss=0.128645 validation_macro_fmax=0.217236 valid_micro_fmax=0.149309
epoch=19 loss=0.118044 validation_macro_fmax=0.219361 valid_micro_fmax=0.137161
epoch=20 loss=0.108505 validation_macro_fmax=0.228934 valid_micro_fmax=0.152164
epoch=21 loss=0.098847 validation_macro_fmax=0.220674 valid_micro_fmax=0.169465
epoch=22 loss=0.090267 validation_macro_fmax=0.224463 valid_micro_fmax=0.173692
epoch=23 loss=0.082639 validation_macro_fmax=0.223484 valid_micro_fmax=0.158175
epoch=24 loss=0.074395 validation_macro_fmax=0.221247 valid_micro_fmax=0.196640
epoch=25 loss=0.067149 validation_macro_fmax=0.224623 valid_micro_fmax=0.195739
epoch=26 loss=0.060289 validation_macro_fmax=0.235256 valid_micro_fmax=0.213272
epoch=27 loss=0.054833 validation_macro_fmax=0.216867 valid_micro_fmax=0.188676
epoch=28 loss=0.049816 validation_macro_fmax=0.223168 valid_micro_fmax=0.199374
epoch=29 loss=0.045242 validation_macro_fmax=0.238965 valid_micro_fmax=0.218258
epoch=30 loss=0.041864 validation_macro_fmax=0.224488 valid_micro_fmax=0.216151
epoch=31 loss=0.037704 validation_macro_fmax=0.227221 valid_micro_fmax=0.205932
epoch=32 loss=0.034365 validation_macro_fmax=0.237555 valid_micro_fmax=0.248536
epoch=33 loss=0.031144 validation_macro_fmax=0.234933 valid_micro_fmax=0.243665
epoch=34 loss=0.028999 validation_macro_fmax=0.236815 valid_micro_fmax=0.246314
epoch=35 loss=0.026487 validation_macro_fmax=0.245032 valid_micro_fmax=0.266738
epoch=36 loss=0.024568 validation_macro_fmax=0.248330 valid_micro_fmax=0.265303
epoch=37 loss=0.022532 validation_macro_fmax=0.247878 valid_micro_fmax=0.256652
epoch=38 loss=0.020812 validation_macro_fmax=0.235291 valid_micro_fmax=0.240694
epoch=39 loss=0.019783 validation_macro_fmax=0.246444 valid_micro_fmax=0.251167
epoch=40 loss=0.018218 validation_macro_fmax=0.240075 valid_micro_fmax=0.241595
epoch=41 loss=0.017042 validation_macro_fmax=0.243394 valid_micro_fmax=0.255185
epoch=42 loss=0.015507 validation_macro_fmax=0.240741 valid_micro_fmax=0.271192
epoch=43 loss=0.014859 validation_macro_fmax=0.254976 valid_micro_fmax=0.275708
epoch=44 loss=0.013978 validation_macro_fmax=0.241478 valid_micro_fmax=0.243442
epoch=45 loss=0.013288 validation_macro_fmax=0.256219 valid_micro_fmax=0.282316
epoch=46 loss=0.012450 validation_macro_fmax=0.258238 valid_micro_fmax=0.279209
epoch=47 loss=0.011417 validation_macro_fmax=0.253590 valid_micro_fmax=0.273783
epoch=48 loss=0.010839 validation_macro_fmax=0.246109 valid_micro_fmax=0.276446
epoch=49 loss=0.010327 validation_macro_fmax=0.247046 valid_micro_fmax=0.267669
epoch=50 loss=0.009744 validation_macro_fmax=0.263103 valid_micro_fmax=0.282589
epoch=51 loss=0.009140 validation_macro_fmax=0.255784 valid_micro_fmax=0.270592
epoch=52 loss=0.008454 validation_macro_fmax=0.243386 valid_micro_fmax=0.263759
epoch=53 loss=0.008469 validation_macro_fmax=0.243765 valid_micro_fmax=0.266999
epoch=54 loss=0.007978 validation_macro_fmax=0.248185 valid_micro_fmax=0.277355
epoch=55 loss=0.007568 validation_macro_fmax=0.233753 valid_micro_fmax=0.270737
epoch=56 loss=0.007726 validation_macro_fmax=0.246858 valid_micro_fmax=0.279570
epoch=57 loss=0.007215 validation_macro_fmax=0.246387 valid_micro_fmax=0.293833
epoch=58 loss=0.006296 validation_macro_fmax=0.253686 valid_micro_fmax=0.282950
Early stopping after 58 epochs (patience=8)
GPU completion: NVIDIA L40S, 27533, 46068, 0
