GPU: NVIDIA L40S
CUDA tensor check: 8.0
Thu Jul 16 17:45:04 2026       
+-----------------------------------------------------------------------------------------+
| NVIDIA-SMI 560.35.03              Driver Version: 560.35.03      CUDA Version: 12.6     |
|-----------------------------------------+------------------------+----------------------+
| GPU  Name                 Persistence-M | Bus-Id          Disp.A | Volatile Uncorr. ECC |
| Fan  Temp   Perf          Pwr:Usage/Cap |           Memory-Usage | GPU-Util  Compute M. |
|                                         |                        |               MIG M. |
|=========================================+========================+======================|
|   0  NVIDIA L40S                    On  |   00000000:0D:00.0 Off |                    0 |
| N/A   34C    P0             38W /  350W |     503MiB /  46068MiB |      0%      Default |
|                                         |                        |                  N/A |
+-----------------------------------------+------------------------+----------------------+
                                                                                         
+-----------------------------------------------------------------------------------------+
| Processes:                                                                              |
|  GPU   GI   CI        PID   Type   Process name                              GPU Memory |
|        ID   ID                                                               Usage      |
|=========================================================================================|
|    0   N/A  N/A   1646899      C   python3                                       494MiB |
+-----------------------------------------------------------------------------------------+
CUDA verified: NVIDIA L40S; tensor dot product=8.0
GPU startup: NVIDIA L40S, 533, 46068, 0
Loaded train=6026, valid=754; reserved test set is not loaded
epoch=1 loss=0.903344 validation_macro_fmax=0.272945 valid_micro_fmax=0.375969
epoch=2 loss=0.462443 validation_macro_fmax=0.365053 valid_micro_fmax=0.353072
epoch=3 loss=0.222288 validation_macro_fmax=0.261622 valid_micro_fmax=0.359376
epoch=4 loss=0.178478 validation_macro_fmax=0.270521 valid_micro_fmax=0.403056
epoch=5 loss=0.149555 validation_macro_fmax=0.318315 valid_micro_fmax=0.388485
epoch=6 loss=0.117984 validation_macro_fmax=0.339358 valid_micro_fmax=0.424352
epoch=7 loss=0.090829 validation_macro_fmax=0.319475 valid_micro_fmax=0.418523
epoch=8 loss=0.086008 validation_macro_fmax=0.244174 valid_micro_fmax=0.387369
epoch=9 loss=0.080803 validation_macro_fmax=0.313091 valid_micro_fmax=0.413193
epoch=10 loss=0.077029 validation_macro_fmax=0.304398 valid_micro_fmax=0.411801
Early stopping after 10 epochs (patience=8)
GPU completion: NVIDIA L40S, 21153, 46068, 0
