GPU: NVIDIA L40S
CUDA tensor check: 8.0
Thu Jul 16 23:53:52 2026       
+-----------------------------------------------------------------------------------------+
| NVIDIA-SMI 560.35.03              Driver Version: 560.35.03      CUDA Version: 12.6     |
|-----------------------------------------+------------------------+----------------------+
| GPU  Name                 Persistence-M | Bus-Id          Disp.A | Volatile Uncorr. ECC |
| Fan  Temp   Perf          Pwr:Usage/Cap |           Memory-Usage | GPU-Util  Compute M. |
|                                         |                        |               MIG M. |
|=========================================+========================+======================|
|   0  NVIDIA L40S                    On  |   00000000:0D:00.0 Off |                    0 |
| N/A   45C    P0             43W /  350W |     503MiB /  46068MiB |      0%      Default |
|                                         |                        |                  N/A |
+-----------------------------------------+------------------------+----------------------+
                                                                                         
+-----------------------------------------------------------------------------------------+
| Processes:                                                                              |
|  GPU   GI   CI        PID   Type   Process name                              GPU Memory |
|        ID   ID                                                               Usage      |
|=========================================================================================|
|    0   N/A  N/A   1627168      C   python3                                       494MiB |
+-----------------------------------------------------------------------------------------+
CUDA verified: NVIDIA L40S; tensor dot product=8.0
GPU startup: NVIDIA L40S, 533, 46068, 0
Loaded train=6026, valid=754; reserved test set is not loaded
epoch=1 loss=0.129489 validation_macro_fmax=0.293297 valid_micro_fmax=0.186489
epoch=2 loss=0.059865 validation_macro_fmax=0.320790 valid_micro_fmax=0.326515
epoch=3 loss=0.037465 validation_macro_fmax=0.334185 valid_micro_fmax=0.373864
epoch=4 loss=0.030195 validation_macro_fmax=0.328209 valid_micro_fmax=0.359237
epoch=5 loss=0.019419 validation_macro_fmax=0.393763 valid_micro_fmax=0.400513
epoch=6 loss=0.016928 validation_macro_fmax=0.372903 valid_micro_fmax=0.413090
epoch=7 loss=0.013130 validation_macro_fmax=0.393117 valid_micro_fmax=0.413647
epoch=8 loss=0.013144 validation_macro_fmax=0.402448 valid_micro_fmax=0.424185
epoch=9 loss=0.011658 validation_macro_fmax=0.386668 valid_micro_fmax=0.437944
epoch=10 loss=0.009227 validation_macro_fmax=0.418111 valid_micro_fmax=0.456799
epoch=11 loss=0.007407 validation_macro_fmax=0.418988 valid_micro_fmax=0.470427
epoch=12 loss=0.008294 validation_macro_fmax=0.390346 valid_micro_fmax=0.414808
epoch=13 loss=0.012423 validation_macro_fmax=0.419435 valid_micro_fmax=0.452279
epoch=14 loss=0.008156 validation_macro_fmax=0.397489 valid_micro_fmax=0.438571
epoch=15 loss=0.013148 validation_macro_fmax=0.324993 valid_micro_fmax=0.365361
epoch=16 loss=0.043285 validation_macro_fmax=0.310275 valid_micro_fmax=0.353562
epoch=17 loss=0.020847 validation_macro_fmax=0.376983 valid_micro_fmax=0.428280
epoch=18 loss=0.014183 validation_macro_fmax=0.385293 valid_micro_fmax=0.422014
epoch=19 loss=0.009432 validation_macro_fmax=0.383671 valid_micro_fmax=0.450500
epoch=20 loss=0.007875 validation_macro_fmax=0.369279 valid_micro_fmax=0.436570
epoch=21 loss=0.008040 validation_macro_fmax=0.380841 valid_micro_fmax=0.455287
epoch=22 loss=0.006397 validation_macro_fmax=0.378952 valid_micro_fmax=0.461033
Early stopping after 22 epochs (patience=9)
GPU completion: NVIDIA L40S, 41507, 46068, 0
