GPU: NVIDIA L40S
CUDA tensor check: 8.0
Thu Jul 16 23:39:30 2026       
+-----------------------------------------------------------------------------------------+
| NVIDIA-SMI 560.35.03              Driver Version: 560.35.03      CUDA Version: 12.6     |
|-----------------------------------------+------------------------+----------------------+
| GPU  Name                 Persistence-M | Bus-Id          Disp.A | Volatile Uncorr. ECC |
| Fan  Temp   Perf          Pwr:Usage/Cap |           Memory-Usage | GPU-Util  Compute M. |
|                                         |                        |               MIG M. |
|=========================================+========================+======================|
|   0  NVIDIA L40S                    On  |   00000000:B5:00.0 Off |                    0 |
| N/A   46C    P0             39W /  350W |     503MiB /  46068MiB |      1%      Default |
|                                         |                        |                  N/A |
+-----------------------------------------+------------------------+----------------------+
                                                                                         
+-----------------------------------------------------------------------------------------+
| Processes:                                                                              |
|  GPU   GI   CI        PID   Type   Process name                              GPU Memory |
|        ID   ID                                                               Usage      |
|=========================================================================================|
|    0   N/A  N/A   1616478      C   python3                                       494MiB |
+-----------------------------------------------------------------------------------------+
CUDA verified: NVIDIA L40S; tensor dot product=8.0
GPU startup: NVIDIA L40S, 533, 46068, 0
Loaded train=6026, valid=754; reserved test set is not loaded
epoch=1 loss=0.477153 validation_macro_fmax=0.221096 valid_micro_fmax=0.073545
epoch=2 loss=0.234143 validation_macro_fmax=0.224698 valid_micro_fmax=0.110052
epoch=3 loss=0.127278 validation_macro_fmax=0.236516 valid_micro_fmax=0.160377
epoch=4 loss=0.087693 validation_macro_fmax=0.212916 valid_micro_fmax=0.147875
epoch=5 loss=0.062502 validation_macro_fmax=0.207508 valid_micro_fmax=0.166483
epoch=6 loss=0.047597 validation_macro_fmax=0.247448 valid_micro_fmax=0.209220
epoch=7 loss=0.045241 validation_macro_fmax=0.214682 valid_micro_fmax=0.146901
epoch=8 loss=0.036454 validation_macro_fmax=0.197641 valid_micro_fmax=0.172999
epoch=9 loss=0.031850 validation_macro_fmax=0.249400 valid_micro_fmax=0.190458
epoch=10 loss=0.027018 validation_macro_fmax=0.206629 valid_micro_fmax=0.184372
epoch=11 loss=0.025453 validation_macro_fmax=0.194708 valid_micro_fmax=0.183646
epoch=12 loss=0.024912 validation_macro_fmax=0.228398 valid_micro_fmax=0.183972
epoch=13 loss=0.022593 validation_macro_fmax=0.234972 valid_micro_fmax=0.225271
epoch=14 loss=0.019405 validation_macro_fmax=0.188257 valid_micro_fmax=0.185104
epoch=15 loss=0.013828 validation_macro_fmax=0.222493 valid_micro_fmax=0.208740
epoch=16 loss=0.018408 validation_macro_fmax=0.218609 valid_micro_fmax=0.221125
epoch=17 loss=0.016698 validation_macro_fmax=0.230999 valid_micro_fmax=0.208898
epoch=18 loss=0.017408 validation_macro_fmax=0.230571 valid_micro_fmax=0.223113
epoch=19 loss=0.023452 validation_macro_fmax=0.213117 valid_micro_fmax=0.191493
Early stopping after 19 epochs (patience=10)
GPU completion: NVIDIA L40S, 20281, 46068, 0
