GPU: NVIDIA L40S
CUDA tensor check: 8.0
Thu Jul 16 23:48:17 2026       
+-----------------------------------------------------------------------------------------+
| NVIDIA-SMI 560.35.03              Driver Version: 560.35.03      CUDA Version: 12.6     |
|-----------------------------------------+------------------------+----------------------+
| GPU  Name                 Persistence-M | Bus-Id          Disp.A | Volatile Uncorr. ECC |
| Fan  Temp   Perf          Pwr:Usage/Cap |           Memory-Usage | GPU-Util  Compute M. |
|                                         |                        |               MIG M. |
|=========================================+========================+======================|
|   0  NVIDIA L40S                    On  |   00000000:0D:00.0 Off |                    0 |
| N/A   38C    P0             39W /  350W |     503MiB /  46068MiB |      1%      Default |
|                                         |                        |                  N/A |
+-----------------------------------------+------------------------+----------------------+
                                                                                         
+-----------------------------------------------------------------------------------------+
| Processes:                                                                              |
|  GPU   GI   CI        PID   Type   Process name                              GPU Memory |
|        ID   ID                                                               Usage      |
|=========================================================================================|
|    0   N/A  N/A   1623087      C   python3                                       494MiB |
+-----------------------------------------------------------------------------------------+
CUDA verified: NVIDIA L40S; tensor dot product=8.0
GPU startup: NVIDIA L40S, 533, 46068, 5
Loaded train=6026, valid=754; reserved test set is not loaded
epoch=1 loss=0.270713 validation_macro_fmax=0.203295 valid_micro_fmax=0.037947
epoch=2 loss=0.139482 validation_macro_fmax=0.263136 valid_micro_fmax=0.102822
epoch=3 loss=0.102771 validation_macro_fmax=0.257949 valid_micro_fmax=0.092531
epoch=4 loss=0.081810 validation_macro_fmax=0.230391 valid_micro_fmax=0.073090
epoch=5 loss=0.064164 validation_macro_fmax=0.259602 valid_micro_fmax=0.093793
epoch=6 loss=0.056343 validation_macro_fmax=0.254776 valid_micro_fmax=0.098998
epoch=7 loss=0.048187 validation_macro_fmax=0.260077 valid_micro_fmax=0.098622
epoch=8 loss=0.045660 validation_macro_fmax=0.261980 valid_micro_fmax=0.129066
epoch=9 loss=0.041299 validation_macro_fmax=0.225858 valid_micro_fmax=0.087792
epoch=10 loss=0.035699 validation_macro_fmax=0.213931 valid_micro_fmax=0.082068
Early stopping after 10 epochs (patience=8)
GPU completion: NVIDIA L40S, 20281, 46068, 0
