GPU: NVIDIA L40S
CUDA tensor check: 8.0
Sun Jul 19 08:14:40 2026       
+-----------------------------------------------------------------------------------------+
| NVIDIA-SMI 560.35.03              Driver Version: 560.35.03      CUDA Version: 12.6     |
|-----------------------------------------+------------------------+----------------------+
| GPU  Name                 Persistence-M | Bus-Id          Disp.A | Volatile Uncorr. ECC |
| Fan  Temp   Perf          Pwr:Usage/Cap |           Memory-Usage | GPU-Util  Compute M. |
|                                         |                        |               MIG M. |
|=========================================+========================+======================|
|   0  NVIDIA L40S                    On  |   00000000:0D:00.0 Off |                    0 |
| N/A   49C    P0             47W /  350W |     503MiB /  46068MiB |      0%      Default |
|                                         |                        |                  N/A |
+-----------------------------------------+------------------------+----------------------+
                                                                                         
+-----------------------------------------------------------------------------------------+
| Processes:                                                                              |
|  GPU   GI   CI        PID   Type   Process name                              GPU Memory |
|        ID   ID                                                               Usage      |
|=========================================================================================|
|    0   N/A  N/A   1204593      C   python3                                       494MiB |
+-----------------------------------------------------------------------------------------+
CUDA verified: NVIDIA L40S; tensor dot product=8.0
GPU startup: NVIDIA L40S, 533, 46068, 5
Loaded train=6026, valid=754; reserved test set is not loaded
epoch=1 loss=0.253153 validation_macro_fmax=0.115877 valid_micro_fmax=0.011514
epoch=2 loss=0.200048 validation_macro_fmax=0.129156 valid_micro_fmax=0.015483
epoch=3 loss=0.178231 validation_macro_fmax=0.131813 valid_micro_fmax=0.020223
epoch=4 loss=0.167032 validation_macro_fmax=0.147413 valid_micro_fmax=0.029362
epoch=5 loss=0.159493 validation_macro_fmax=0.161971 valid_micro_fmax=0.036114
epoch=6 loss=0.152895 validation_macro_fmax=0.162733 valid_micro_fmax=0.041954
epoch=7 loss=0.148247 validation_macro_fmax=0.173080 valid_micro_fmax=0.049473
epoch=8 loss=0.143956 validation_macro_fmax=0.172905 valid_micro_fmax=0.053984
epoch=9 loss=0.141074 validation_macro_fmax=0.178475 valid_micro_fmax=0.058361
epoch=10 loss=0.137624 validation_macro_fmax=0.178465 valid_micro_fmax=0.065502
epoch=11 loss=0.134514 validation_macro_fmax=0.177183 valid_micro_fmax=0.071300
epoch=12 loss=0.131717 validation_macro_fmax=0.183344 valid_micro_fmax=0.082104
epoch=13 loss=0.129140 validation_macro_fmax=0.190327 valid_micro_fmax=0.081438
epoch=14 loss=0.126495 validation_macro_fmax=0.191188 valid_micro_fmax=0.083972
epoch=15 loss=0.123414 validation_macro_fmax=0.196474 valid_micro_fmax=0.097360
epoch=16 loss=0.121013 validation_macro_fmax=0.196179 valid_micro_fmax=0.100018
epoch=17 loss=0.118237 validation_macro_fmax=0.200893 valid_micro_fmax=0.101683
epoch=18 loss=0.115704 validation_macro_fmax=0.201344 valid_micro_fmax=0.110603
epoch=19 loss=0.113161 validation_macro_fmax=0.202959 valid_micro_fmax=0.109946
epoch=20 loss=0.110050 validation_macro_fmax=0.199521 valid_micro_fmax=0.113853
epoch=21 loss=0.107321 validation_macro_fmax=0.203490 valid_micro_fmax=0.118088
epoch=22 loss=0.103667 validation_macro_fmax=0.205054 valid_micro_fmax=0.123094
epoch=23 loss=0.101224 validation_macro_fmax=0.208980 valid_micro_fmax=0.122560
epoch=24 loss=0.097604 validation_macro_fmax=0.210748 valid_micro_fmax=0.125182
epoch=25 loss=0.093729 validation_macro_fmax=0.211034 valid_micro_fmax=0.122279
epoch=26 loss=0.090346 validation_macro_fmax=0.212188 valid_micro_fmax=0.131739
epoch=27 loss=0.086764 validation_macro_fmax=0.209034 valid_micro_fmax=0.134650
epoch=28 loss=0.082654 validation_macro_fmax=0.216560 valid_micro_fmax=0.129657
epoch=29 loss=0.078522 validation_macro_fmax=0.216979 valid_micro_fmax=0.135278
epoch=30 loss=0.074423 validation_macro_fmax=0.219381 valid_micro_fmax=0.148489
epoch=31 loss=0.070623 validation_macro_fmax=0.219561 valid_micro_fmax=0.150303
epoch=32 loss=0.066381 validation_macro_fmax=0.223043 valid_micro_fmax=0.150182
epoch=33 loss=0.062579 validation_macro_fmax=0.215375 valid_micro_fmax=0.156227
epoch=34 loss=0.058713 validation_macro_fmax=0.220026 valid_micro_fmax=0.153382
epoch=35 loss=0.054644 validation_macro_fmax=0.217992 valid_micro_fmax=0.163748
epoch=36 loss=0.051408 validation_macro_fmax=0.220561 valid_micro_fmax=0.176020
epoch=37 loss=0.047369 validation_macro_fmax=0.220809 valid_micro_fmax=0.161974
epoch=38 loss=0.044217 validation_macro_fmax=0.224254 valid_micro_fmax=0.165925
epoch=39 loss=0.040989 validation_macro_fmax=0.223342 valid_micro_fmax=0.180708
epoch=40 loss=0.038098 validation_macro_fmax=0.224504 valid_micro_fmax=0.174959
epoch=41 loss=0.035001 validation_macro_fmax=0.224146 valid_micro_fmax=0.180523
epoch=42 loss=0.032380 validation_macro_fmax=0.221839 valid_micro_fmax=0.178472
epoch=43 loss=0.029854 validation_macro_fmax=0.225864 valid_micro_fmax=0.182645
epoch=44 loss=0.027803 validation_macro_fmax=0.225158 valid_micro_fmax=0.186246
epoch=45 loss=0.025510 validation_macro_fmax=0.225211 valid_micro_fmax=0.189940
epoch=46 loss=0.023621 validation_macro_fmax=0.224765 valid_micro_fmax=0.185430
epoch=47 loss=0.021991 validation_macro_fmax=0.228359 valid_micro_fmax=0.195489
epoch=48 loss=0.020101 validation_macro_fmax=0.226889 valid_micro_fmax=0.196742
epoch=49 loss=0.018654 validation_macro_fmax=0.231753 valid_micro_fmax=0.202319
epoch=50 loss=0.017175 validation_macro_fmax=0.227682 valid_micro_fmax=0.208734
epoch=51 loss=0.016021 validation_macro_fmax=0.223242 valid_micro_fmax=0.204027
epoch=52 loss=0.014674 validation_macro_fmax=0.230156 valid_micro_fmax=0.215152
epoch=53 loss=0.013737 validation_macro_fmax=0.225809 valid_micro_fmax=0.213645
epoch=54 loss=0.012667 validation_macro_fmax=0.234253 valid_micro_fmax=0.213947
epoch=55 loss=0.011808 validation_macro_fmax=0.239598 valid_micro_fmax=0.223853
epoch=56 loss=0.011024 validation_macro_fmax=0.231934 valid_micro_fmax=0.221861
epoch=57 loss=0.010338 validation_macro_fmax=0.233969 valid_micro_fmax=0.218907
epoch=58 loss=0.009463 validation_macro_fmax=0.233206 valid_micro_fmax=0.224198
epoch=59 loss=0.008941 validation_macro_fmax=0.227128 valid_micro_fmax=0.227545
epoch=60 loss=0.008372 validation_macro_fmax=0.230070 valid_micro_fmax=0.236186
epoch=61 loss=0.007833 validation_macro_fmax=0.233898 valid_micro_fmax=0.241053
epoch=62 loss=0.007302 validation_macro_fmax=0.228655 valid_micro_fmax=0.231668
epoch=63 loss=0.006749 validation_macro_fmax=0.234841 valid_micro_fmax=0.233462
epoch=64 loss=0.006343 validation_macro_fmax=0.239286 valid_micro_fmax=0.235763
Early stopping after 64 epochs (patience=9)
GPU completion: NVIDIA L40S, 11387, 46068, 0
