GPU: NVIDIA L40S
CUDA tensor check: 8.0
Sun Jul 19 22:58:20 2026       
+-----------------------------------------------------------------------------------------+
| NVIDIA-SMI 560.35.03              Driver Version: 560.35.03      CUDA Version: 12.6     |
|-----------------------------------------+------------------------+----------------------+
| GPU  Name                 Persistence-M | Bus-Id          Disp.A | Volatile Uncorr. ECC |
| Fan  Temp   Perf          Pwr:Usage/Cap |           Memory-Usage | GPU-Util  Compute M. |
|                                         |                        |               MIG M. |
|=========================================+========================+======================|
|   0  NVIDIA L40S                    On  |   00000000:B5:00.0 Off |                    0 |
| N/A   49C    P0             48W /  350W |     503MiB /  46068MiB |      0%      Default |
|                                         |                        |                  N/A |
+-----------------------------------------+------------------------+----------------------+
                                                                                         
+-----------------------------------------------------------------------------------------+
| Processes:                                                                              |
|  GPU   GI   CI        PID   Type   Process name                              GPU Memory |
|        ID   ID                                                               Usage      |
|=========================================================================================|
|    0   N/A  N/A   1057842      C   python3                                       494MiB |
+-----------------------------------------------------------------------------------------+
CUDA verified: NVIDIA L40S; tensor dot product=8.0
GPU startup: NVIDIA L40S, 533, 46068, 5
Loaded train=6026, valid=754; reserved test set is not loaded
epoch=1 loss=1.093383 validation_macro_fmax=0.154796 valid_micro_fmax=0.030567
epoch=2 loss=0.911071 validation_macro_fmax=0.199795 valid_micro_fmax=0.040077
epoch=3 loss=0.827988 validation_macro_fmax=0.236432 valid_micro_fmax=0.056098
epoch=4 loss=0.772132 validation_macro_fmax=0.274822 valid_micro_fmax=0.070777
epoch=5 loss=0.721672 validation_macro_fmax=0.301069 valid_micro_fmax=0.087822
epoch=6 loss=0.665862 validation_macro_fmax=0.291565 valid_micro_fmax=0.095704
epoch=7 loss=0.604978 validation_macro_fmax=0.309462 valid_micro_fmax=0.106438
epoch=8 loss=0.538898 validation_macro_fmax=0.326224 valid_micro_fmax=0.118849
epoch=9 loss=0.469409 validation_macro_fmax=0.334768 valid_micro_fmax=0.144994
epoch=10 loss=0.399139 validation_macro_fmax=0.346148 valid_micro_fmax=0.153118
epoch=11 loss=0.333075 validation_macro_fmax=0.349699 valid_micro_fmax=0.166273
epoch=12 loss=0.273707 validation_macro_fmax=0.349097 valid_micro_fmax=0.188766
epoch=13 loss=0.223909 validation_macro_fmax=0.351313 valid_micro_fmax=0.205140
epoch=14 loss=0.183293 validation_macro_fmax=0.350928 valid_micro_fmax=0.228339
epoch=15 loss=0.151258 validation_macro_fmax=0.374169 valid_micro_fmax=0.232087
epoch=16 loss=0.125301 validation_macro_fmax=0.384973 valid_micro_fmax=0.245464
epoch=17 loss=0.104818 validation_macro_fmax=0.385846 valid_micro_fmax=0.253927
epoch=18 loss=0.088756 validation_macro_fmax=0.375065 valid_micro_fmax=0.270059
epoch=19 loss=0.075257 validation_macro_fmax=0.383796 valid_micro_fmax=0.282502
epoch=20 loss=0.064737 validation_macro_fmax=0.375269 valid_micro_fmax=0.261840
epoch=21 loss=0.056257 validation_macro_fmax=0.366426 valid_micro_fmax=0.288186
epoch=22 loss=0.048820 validation_macro_fmax=0.390839 valid_micro_fmax=0.286943
epoch=23 loss=0.042565 validation_macro_fmax=0.388767 valid_micro_fmax=0.295259
epoch=24 loss=0.037947 validation_macro_fmax=0.388468 valid_micro_fmax=0.302662
epoch=25 loss=0.033732 validation_macro_fmax=0.391612 valid_micro_fmax=0.294928
epoch=26 loss=0.029805 validation_macro_fmax=0.392932 valid_micro_fmax=0.288314
epoch=27 loss=0.026869 validation_macro_fmax=0.388689 valid_micro_fmax=0.299739
epoch=28 loss=0.023666 validation_macro_fmax=0.387119 valid_micro_fmax=0.300434
epoch=29 loss=0.021617 validation_macro_fmax=0.400667 valid_micro_fmax=0.302174
epoch=30 loss=0.019429 validation_macro_fmax=0.393569 valid_micro_fmax=0.315907
epoch=31 loss=0.017744 validation_macro_fmax=0.396794 valid_micro_fmax=0.302321
epoch=32 loss=0.016696 validation_macro_fmax=0.388869 valid_micro_fmax=0.283247
epoch=33 loss=0.015141 validation_macro_fmax=0.369859 valid_micro_fmax=0.306964
epoch=34 loss=0.013679 validation_macro_fmax=0.403754 valid_micro_fmax=0.293915
epoch=35 loss=0.012134 validation_macro_fmax=0.395928 valid_micro_fmax=0.315225
epoch=36 loss=0.011186 validation_macro_fmax=0.394125 valid_micro_fmax=0.313497
epoch=37 loss=0.010157 validation_macro_fmax=0.377832 valid_micro_fmax=0.292722
epoch=38 loss=0.009450 validation_macro_fmax=0.404203 valid_micro_fmax=0.300428
epoch=39 loss=0.008784 validation_macro_fmax=0.383408 valid_micro_fmax=0.310307
epoch=40 loss=0.007696 validation_macro_fmax=0.377374 valid_micro_fmax=0.310017
epoch=41 loss=0.007644 validation_macro_fmax=0.381874 valid_micro_fmax=0.326105
epoch=42 loss=0.007447 validation_macro_fmax=0.372520 valid_micro_fmax=0.303804
epoch=43 loss=0.006690 validation_macro_fmax=0.383084 valid_micro_fmax=0.305363
epoch=44 loss=0.006148 validation_macro_fmax=0.383699 valid_micro_fmax=0.317207
epoch=45 loss=0.005759 validation_macro_fmax=0.378159 valid_micro_fmax=0.310464
epoch=46 loss=0.005067 validation_macro_fmax=0.398234 valid_micro_fmax=0.331789
epoch=47 loss=0.005206 validation_macro_fmax=0.384611 valid_micro_fmax=0.299251
Early stopping after 47 epochs (patience=9)
GPU completion: NVIDIA L40S, 24469, 46068, 0
