GPU: NVIDIA L40S
CUDA tensor check: 8.0
Sun Jul 19 11:25:41 2026       
+-----------------------------------------------------------------------------------------+
| NVIDIA-SMI 560.35.03              Driver Version: 560.35.03      CUDA Version: 12.6     |
|-----------------------------------------+------------------------+----------------------+
| GPU  Name                 Persistence-M | Bus-Id          Disp.A | Volatile Uncorr. ECC |
| Fan  Temp   Perf          Pwr:Usage/Cap |           Memory-Usage | GPU-Util  Compute M. |
|                                         |                        |               MIG M. |
|=========================================+========================+======================|
|   0  NVIDIA L40S                    On  |   00000000:0D:00.0 Off |                    0 |
| N/A   47C    P0             43W /  350W |     503MiB /  46068MiB |      3%      Default |
|                                         |                        |                  N/A |
+-----------------------------------------+------------------------+----------------------+
                                                                                         
+-----------------------------------------------------------------------------------------+
| Processes:                                                                              |
|  GPU   GI   CI        PID   Type   Process name                              GPU Memory |
|        ID   ID                                                               Usage      |
|=========================================================================================|
|    0   N/A  N/A   1174431      C   python3                                       494MiB |
+-----------------------------------------------------------------------------------------+
CUDA verified: NVIDIA L40S; tensor dot product=8.0
GPU startup: NVIDIA L40S, 533, 46068, 5
Loaded train=6026, valid=754; reserved test set is not loaded
epoch=1 loss=1.183105 validation_macro_fmax=0.118873 valid_micro_fmax=0.020620
epoch=2 loss=1.009301 validation_macro_fmax=0.199749 valid_micro_fmax=0.064040
epoch=3 loss=0.889486 validation_macro_fmax=0.259765 valid_micro_fmax=0.132624
epoch=4 loss=0.787517 validation_macro_fmax=0.293904 valid_micro_fmax=0.161734
epoch=5 loss=0.690035 validation_macro_fmax=0.309662 valid_micro_fmax=0.187737
epoch=6 loss=0.582812 validation_macro_fmax=0.313256 valid_micro_fmax=0.189999
epoch=7 loss=0.488694 validation_macro_fmax=0.305883 valid_micro_fmax=0.188987
epoch=8 loss=0.411407 validation_macro_fmax=0.318938 valid_micro_fmax=0.192318
epoch=9 loss=0.343900 validation_macro_fmax=0.297310 valid_micro_fmax=0.176494
epoch=10 loss=0.285989 validation_macro_fmax=0.314522 valid_micro_fmax=0.210975
epoch=11 loss=0.246243 validation_macro_fmax=0.298403 valid_micro_fmax=0.194740
epoch=12 loss=0.216890 validation_macro_fmax=0.334299 valid_micro_fmax=0.216998
epoch=13 loss=0.198499 validation_macro_fmax=0.329872 valid_micro_fmax=0.224691
epoch=14 loss=0.177564 validation_macro_fmax=0.309003 valid_micro_fmax=0.221561
epoch=15 loss=0.168710 validation_macro_fmax=0.305010 valid_micro_fmax=0.216309
epoch=16 loss=0.151402 validation_macro_fmax=0.318252 valid_micro_fmax=0.243650
epoch=17 loss=0.142078 validation_macro_fmax=0.332148 valid_micro_fmax=0.245674
epoch=18 loss=0.135024 validation_macro_fmax=0.335147 valid_micro_fmax=0.247826
epoch=19 loss=0.127115 validation_macro_fmax=0.334301 valid_micro_fmax=0.241208
epoch=20 loss=0.118459 validation_macro_fmax=0.323859 valid_micro_fmax=0.254100
epoch=21 loss=0.116778 validation_macro_fmax=0.332773 valid_micro_fmax=0.249431
epoch=22 loss=0.111377 validation_macro_fmax=0.323933 valid_micro_fmax=0.226780
epoch=23 loss=0.100742 validation_macro_fmax=0.334130 valid_micro_fmax=0.242354
epoch=24 loss=0.102583 validation_macro_fmax=0.327566 valid_micro_fmax=0.238621
epoch=25 loss=0.105973 validation_macro_fmax=0.314786 valid_micro_fmax=0.229055
epoch=26 loss=0.087062 validation_macro_fmax=0.319159 valid_micro_fmax=0.250035
epoch=27 loss=0.092838 validation_macro_fmax=0.317743 valid_micro_fmax=0.246644
Early stopping after 27 epochs (patience=9)
GPU completion: NVIDIA L40S, 16101, 46068, 0
