GPU: NVIDIA L40S
CUDA tensor check: 8.0
Sun Jul 19 09:06:50 2026       
+-----------------------------------------------------------------------------------------+
| NVIDIA-SMI 560.35.03              Driver Version: 560.35.03      CUDA Version: 12.6     |
|-----------------------------------------+------------------------+----------------------+
| GPU  Name                 Persistence-M | Bus-Id          Disp.A | Volatile Uncorr. ECC |
| Fan  Temp   Perf          Pwr:Usage/Cap |           Memory-Usage | GPU-Util  Compute M. |
|                                         |                        |               MIG M. |
|=========================================+========================+======================|
|   0  NVIDIA L40S                    On  |   00000000:0D:00.0 Off |                    0 |
| N/A   56C    P0             45W /  350W |     503MiB /  46068MiB |      0%      Default |
|                                         |                        |                  N/A |
+-----------------------------------------+------------------------+----------------------+
                                                                                         
+-----------------------------------------------------------------------------------------+
| Processes:                                                                              |
|  GPU   GI   CI        PID   Type   Process name                              GPU Memory |
|        ID   ID                                                               Usage      |
|=========================================================================================|
|    0   N/A  N/A   1224994      C   python3                                       494MiB |
+-----------------------------------------------------------------------------------------+
CUDA verified: NVIDIA L40S; tensor dot product=8.0
GPU startup: NVIDIA L40S, 533, 46068, 5
Loaded train=6026, valid=754; reserved test set is not loaded
epoch=1 loss=0.957826 validation_macro_fmax=0.182417 valid_micro_fmax=0.134506
epoch=2 loss=0.746689 validation_macro_fmax=0.265500 valid_micro_fmax=0.201170
epoch=3 loss=0.593333 validation_macro_fmax=0.223875 valid_micro_fmax=0.211830
epoch=4 loss=0.415088 validation_macro_fmax=0.194666 valid_micro_fmax=0.199509
epoch=5 loss=0.269965 validation_macro_fmax=0.185661 valid_micro_fmax=0.233457
epoch=6 loss=0.171308 validation_macro_fmax=0.203321 valid_micro_fmax=0.253319
epoch=7 loss=0.113779 validation_macro_fmax=0.170731 valid_micro_fmax=0.249662
epoch=8 loss=0.099518 validation_macro_fmax=0.226443 valid_micro_fmax=0.243293
epoch=9 loss=0.083052 validation_macro_fmax=0.209793 valid_micro_fmax=0.242549
epoch=10 loss=0.067986 validation_macro_fmax=0.187401 valid_micro_fmax=0.241942
epoch=11 loss=0.054099 validation_macro_fmax=0.221065 valid_micro_fmax=0.241633
Early stopping after 11 epochs (patience=9)
GPU completion: NVIDIA L40S, 29643, 46068, 0
