GPU: NVIDIA L40S
CUDA tensor check: 8.0
Sun Jul 19 21:03:06 2026       
+-----------------------------------------------------------------------------------------+
| NVIDIA-SMI 560.35.03              Driver Version: 560.35.03      CUDA Version: 12.6     |
|-----------------------------------------+------------------------+----------------------+
| GPU  Name                 Persistence-M | Bus-Id          Disp.A | Volatile Uncorr. ECC |
| Fan  Temp   Perf          Pwr:Usage/Cap |           Memory-Usage | GPU-Util  Compute M. |
|                                         |                        |               MIG M. |
|=========================================+========================+======================|
|   0  NVIDIA L40S                    On  |   00000000:0D:00.0 Off |                    0 |
| N/A   36C    P0             37W /  350W |     503MiB /  46068MiB |      1%      Default |
|                                         |                        |                  N/A |
+-----------------------------------------+------------------------+----------------------+
                                                                                         
+-----------------------------------------------------------------------------------------+
| Processes:                                                                              |
|  GPU   GI   CI        PID   Type   Process name                              GPU Memory |
|        ID   ID                                                               Usage      |
|=========================================================================================|
|    0   N/A  N/A   1333231      C   python3                                       494MiB |
+-----------------------------------------------------------------------------------------+
CUDA verified: NVIDIA L40S; tensor dot product=8.0
GPU startup: NVIDIA L40S, 533, 46068, 0
Loaded train=6026, valid=754; reserved test set is not loaded
epoch=1 loss=1.194872 validation_macro_fmax=0.119655 valid_micro_fmax=0.011881
epoch=2 loss=1.091103 validation_macro_fmax=0.125540 valid_micro_fmax=0.014201
epoch=3 loss=1.022760 validation_macro_fmax=0.142514 valid_micro_fmax=0.018463
epoch=4 loss=0.973484 validation_macro_fmax=0.156629 valid_micro_fmax=0.024176
epoch=5 loss=0.935040 validation_macro_fmax=0.175749 valid_micro_fmax=0.034590
epoch=6 loss=0.903519 validation_macro_fmax=0.184554 valid_micro_fmax=0.042648
epoch=7 loss=0.879959 validation_macro_fmax=0.200562 valid_micro_fmax=0.046453
epoch=8 loss=0.858891 validation_macro_fmax=0.214274 valid_micro_fmax=0.052632
epoch=9 loss=0.841287 validation_macro_fmax=0.221558 valid_micro_fmax=0.062001
epoch=10 loss=0.826914 validation_macro_fmax=0.230718 valid_micro_fmax=0.065340
epoch=11 loss=0.812851 validation_macro_fmax=0.236483 valid_micro_fmax=0.067343
epoch=12 loss=0.801480 validation_macro_fmax=0.238676 valid_micro_fmax=0.071805
epoch=13 loss=0.791473 validation_macro_fmax=0.244962 valid_micro_fmax=0.076324
epoch=14 loss=0.780610 validation_macro_fmax=0.248626 valid_micro_fmax=0.083465
epoch=15 loss=0.772320 validation_macro_fmax=0.255960 valid_micro_fmax=0.084196
epoch=16 loss=0.763761 validation_macro_fmax=0.260502 valid_micro_fmax=0.086842
epoch=17 loss=0.755818 validation_macro_fmax=0.270387 valid_micro_fmax=0.092600
epoch=18 loss=0.749391 validation_macro_fmax=0.278856 valid_micro_fmax=0.090876
epoch=19 loss=0.741118 validation_macro_fmax=0.278316 valid_micro_fmax=0.100043
epoch=20 loss=0.733864 validation_macro_fmax=0.287923 valid_micro_fmax=0.102254
epoch=21 loss=0.726913 validation_macro_fmax=0.296438 valid_micro_fmax=0.107387
epoch=22 loss=0.720021 validation_macro_fmax=0.304972 valid_micro_fmax=0.112604
epoch=23 loss=0.712533 validation_macro_fmax=0.301264 valid_micro_fmax=0.114810
epoch=24 loss=0.704890 validation_macro_fmax=0.312157 valid_micro_fmax=0.115341
epoch=25 loss=0.697903 validation_macro_fmax=0.310931 valid_micro_fmax=0.121111
epoch=26 loss=0.690278 validation_macro_fmax=0.318305 valid_micro_fmax=0.122124
epoch=27 loss=0.682318 validation_macro_fmax=0.317471 valid_micro_fmax=0.123105
epoch=28 loss=0.673803 validation_macro_fmax=0.328221 valid_micro_fmax=0.128995
epoch=29 loss=0.665168 validation_macro_fmax=0.326410 valid_micro_fmax=0.132123
epoch=30 loss=0.656417 validation_macro_fmax=0.330082 valid_micro_fmax=0.133114
epoch=31 loss=0.647660 validation_macro_fmax=0.335435 valid_micro_fmax=0.128371
epoch=32 loss=0.638590 validation_macro_fmax=0.335836 valid_micro_fmax=0.138217
epoch=33 loss=0.628998 validation_macro_fmax=0.336050 valid_micro_fmax=0.134215
epoch=34 loss=0.619538 validation_macro_fmax=0.335101 valid_micro_fmax=0.140945
epoch=35 loss=0.609069 validation_macro_fmax=0.341671 valid_micro_fmax=0.148534
epoch=36 loss=0.599581 validation_macro_fmax=0.341314 valid_micro_fmax=0.140548
epoch=37 loss=0.589707 validation_macro_fmax=0.353188 valid_micro_fmax=0.140655
epoch=38 loss=0.578536 validation_macro_fmax=0.350037 valid_micro_fmax=0.141118
epoch=39 loss=0.568805 validation_macro_fmax=0.343720 valid_micro_fmax=0.138143
epoch=40 loss=0.556783 validation_macro_fmax=0.351168 valid_micro_fmax=0.145301
epoch=41 loss=0.545893 validation_macro_fmax=0.356541 valid_micro_fmax=0.151646
epoch=42 loss=0.533513 validation_macro_fmax=0.359637 valid_micro_fmax=0.151567
epoch=43 loss=0.522810 validation_macro_fmax=0.365113 valid_micro_fmax=0.159239
epoch=44 loss=0.510995 validation_macro_fmax=0.360869 valid_micro_fmax=0.162931
epoch=45 loss=0.499127 validation_macro_fmax=0.361291 valid_micro_fmax=0.166193
epoch=46 loss=0.487510 validation_macro_fmax=0.363082 valid_micro_fmax=0.174343
epoch=47 loss=0.474527 validation_macro_fmax=0.358822 valid_micro_fmax=0.164346
epoch=48 loss=0.462461 validation_macro_fmax=0.364483 valid_micro_fmax=0.169721
epoch=49 loss=0.449524 validation_macro_fmax=0.363013 valid_micro_fmax=0.166126
epoch=50 loss=0.436683 validation_macro_fmax=0.363198 valid_micro_fmax=0.172926
epoch=51 loss=0.424088 validation_macro_fmax=0.367021 valid_micro_fmax=0.177450
epoch=52 loss=0.412005 validation_macro_fmax=0.363933 valid_micro_fmax=0.178749
epoch=53 loss=0.398762 validation_macro_fmax=0.363009 valid_micro_fmax=0.179074
epoch=54 loss=0.386930 validation_macro_fmax=0.361396 valid_micro_fmax=0.188345
epoch=55 loss=0.374308 validation_macro_fmax=0.363310 valid_micro_fmax=0.184480
epoch=56 loss=0.362463 validation_macro_fmax=0.358257 valid_micro_fmax=0.178787
epoch=57 loss=0.349544 validation_macro_fmax=0.366192 valid_micro_fmax=0.180225
epoch=58 loss=0.336933 validation_macro_fmax=0.370530 valid_micro_fmax=0.184429
epoch=59 loss=0.325832 validation_macro_fmax=0.370188 valid_micro_fmax=0.186608
epoch=60 loss=0.313432 validation_macro_fmax=0.363896 valid_micro_fmax=0.186849
epoch=61 loss=0.302457 validation_macro_fmax=0.366925 valid_micro_fmax=0.180700
epoch=62 loss=0.290779 validation_macro_fmax=0.369262 valid_micro_fmax=0.189543
epoch=63 loss=0.279132 validation_macro_fmax=0.374346 valid_micro_fmax=0.183306
epoch=64 loss=0.268138 validation_macro_fmax=0.369442 valid_micro_fmax=0.187182
epoch=65 loss=0.257033 validation_macro_fmax=0.371356 valid_micro_fmax=0.192270
epoch=66 loss=0.248184 validation_macro_fmax=0.367227 valid_micro_fmax=0.196646
epoch=67 loss=0.237453 validation_macro_fmax=0.372972 valid_micro_fmax=0.197656
epoch=68 loss=0.227129 validation_macro_fmax=0.366795 valid_micro_fmax=0.196224
epoch=69 loss=0.217075 validation_macro_fmax=0.378752 valid_micro_fmax=0.197774
epoch=70 loss=0.206830 validation_macro_fmax=0.371730 valid_micro_fmax=0.199864
epoch=71 loss=0.199503 validation_macro_fmax=0.374332 valid_micro_fmax=0.217087
epoch=72 loss=0.190636 validation_macro_fmax=0.366268 valid_micro_fmax=0.206218
epoch=73 loss=0.182366 validation_macro_fmax=0.366669 valid_micro_fmax=0.210337
epoch=74 loss=0.174042 validation_macro_fmax=0.377445 valid_micro_fmax=0.215390
epoch=75 loss=0.165857 validation_macro_fmax=0.365387 valid_micro_fmax=0.214228
epoch=76 loss=0.159173 validation_macro_fmax=0.374887 valid_micro_fmax=0.208840
epoch=77 loss=0.151318 validation_macro_fmax=0.371669 valid_micro_fmax=0.224054
Early stopping after 77 epochs (patience=8)
GPU completion: NVIDIA L40S, 8199, 46068, 0
