GPU: NVIDIA L40S
CUDA tensor check: 8.0
Mon Jul 20 06:51:52 2026       
+-----------------------------------------------------------------------------------------+
| NVIDIA-SMI 560.35.03              Driver Version: 560.35.03      CUDA Version: 12.6     |
|-----------------------------------------+------------------------+----------------------+
| GPU  Name                 Persistence-M | Bus-Id          Disp.A | Volatile Uncorr. ECC |
| Fan  Temp   Perf          Pwr:Usage/Cap |           Memory-Usage | GPU-Util  Compute M. |
|                                         |                        |               MIG M. |
|=========================================+========================+======================|
|   0  NVIDIA L40S                    On  |   00000000:B5:00.0 Off |                    0 |
| N/A   45C    P0             40W /  350W |     503MiB /  46068MiB |      0%      Default |
|                                         |                        |                  N/A |
+-----------------------------------------+------------------------+----------------------+
                                                                                         
+-----------------------------------------------------------------------------------------+
| Processes:                                                                              |
|  GPU   GI   CI        PID   Type   Process name                              GPU Memory |
|        ID   ID                                                               Usage      |
|=========================================================================================|
|    0   N/A  N/A   1809139      C   python3                                       494MiB |
+-----------------------------------------------------------------------------------------+
CUDA verified: NVIDIA L40S; tensor dot product=8.0
GPU startup: NVIDIA L40S, 533, 46068, 5
Loaded train=6026, valid=754; reserved test set is not loaded
epoch=1 loss=0.278456 validation_macro_fmax=0.305707 valid_micro_fmax=0.158915
epoch=2 loss=0.153113 validation_macro_fmax=0.353369 valid_micro_fmax=0.206061
epoch=3 loss=0.091680 validation_macro_fmax=0.326060 valid_micro_fmax=0.198330
epoch=4 loss=0.059936 validation_macro_fmax=0.352076 valid_micro_fmax=0.218893
epoch=5 loss=0.048618 validation_macro_fmax=0.384890 valid_micro_fmax=0.193214
epoch=6 loss=0.038057 validation_macro_fmax=0.419965 valid_micro_fmax=0.304728
epoch=7 loss=0.029905 validation_macro_fmax=0.387614 valid_micro_fmax=0.260617
epoch=8 loss=0.024845 validation_macro_fmax=0.402593 valid_micro_fmax=0.293657
epoch=9 loss=0.018873 validation_macro_fmax=0.414102 valid_micro_fmax=0.302353
epoch=10 loss=0.019703 validation_macro_fmax=0.417312 valid_micro_fmax=0.317267
epoch=11 loss=0.018352 validation_macro_fmax=0.406809 valid_micro_fmax=0.352468
epoch=12 loss=0.015555 validation_macro_fmax=0.418104 valid_micro_fmax=0.322095
epoch=13 loss=0.013942 validation_macro_fmax=0.424885 valid_micro_fmax=0.340444
epoch=14 loss=0.013515 validation_macro_fmax=0.415757 valid_micro_fmax=0.335575
epoch=15 loss=0.012982 validation_macro_fmax=0.409729 valid_micro_fmax=0.363210
epoch=16 loss=0.013266 validation_macro_fmax=0.428521 valid_micro_fmax=0.358940
epoch=17 loss=0.012497 validation_macro_fmax=0.435795 valid_micro_fmax=0.338664
epoch=18 loss=0.012730 validation_macro_fmax=0.422726 valid_micro_fmax=0.359803
epoch=19 loss=0.014884 validation_macro_fmax=0.417165 valid_micro_fmax=0.331073
epoch=20 loss=0.015812 validation_macro_fmax=0.407691 valid_micro_fmax=0.362756
epoch=21 loss=0.011289 validation_macro_fmax=0.446906 valid_micro_fmax=0.418440
epoch=22 loss=0.009461 validation_macro_fmax=0.420255 valid_micro_fmax=0.372566
epoch=23 loss=0.008757 validation_macro_fmax=0.439421 valid_micro_fmax=0.404965
epoch=24 loss=0.013502 validation_macro_fmax=0.398992 valid_micro_fmax=0.270833
epoch=25 loss=0.024201 validation_macro_fmax=0.382874 valid_micro_fmax=0.292831
epoch=26 loss=0.019083 validation_macro_fmax=0.397183 valid_micro_fmax=0.350512
epoch=27 loss=0.015414 validation_macro_fmax=0.411374 valid_micro_fmax=0.380302
epoch=28 loss=0.016380 validation_macro_fmax=0.424660 valid_micro_fmax=0.374022
epoch=29 loss=0.016099 validation_macro_fmax=0.433745 valid_micro_fmax=0.393992
epoch=30 loss=0.011758 validation_macro_fmax=0.446341 valid_micro_fmax=0.391130
epoch=31 loss=0.009461 validation_macro_fmax=0.436159 valid_micro_fmax=0.440648
Early stopping after 31 epochs (patience=10)
GPU completion: NVIDIA L40S, 13773, 46068, 0
