GPU: NVIDIA L40S
CUDA tensor check: 8.0
Mon Jul 20 02:37:17 2026       
+-----------------------------------------------------------------------------------------+
| NVIDIA-SMI 560.35.03              Driver Version: 560.35.03      CUDA Version: 12.6     |
|-----------------------------------------+------------------------+----------------------+
| GPU  Name                 Persistence-M | Bus-Id          Disp.A | Volatile Uncorr. ECC |
| Fan  Temp   Perf          Pwr:Usage/Cap |           Memory-Usage | GPU-Util  Compute M. |
|                                         |                        |               MIG M. |
|=========================================+========================+======================|
|   0  NVIDIA L40S                    On  |   00000000:B5:00.0 Off |                    0 |
| N/A   50C    P0             45W /  350W |     503MiB /  46068MiB |      5%      Default |
|                                         |                        |                  N/A |
+-----------------------------------------+------------------------+----------------------+
                                                                                         
+-----------------------------------------------------------------------------------------+
| Processes:                                                                              |
|  GPU   GI   CI        PID   Type   Process name                              GPU Memory |
|        ID   ID                                                               Usage      |
|=========================================================================================|
|    0   N/A  N/A   1152880      C   python3                                       494MiB |
+-----------------------------------------------------------------------------------------+
CUDA verified: NVIDIA L40S; tensor dot product=8.0
GPU startup: NVIDIA L40S, 533, 46068, 0
Loaded train=6026, valid=754; reserved test set is not loaded
epoch=1 loss=0.396974 validation_macro_fmax=0.271910 valid_micro_fmax=0.133656
epoch=2 loss=0.160823 validation_macro_fmax=0.342016 valid_micro_fmax=0.246727
epoch=3 loss=0.080547 validation_macro_fmax=0.350156 valid_micro_fmax=0.280698
epoch=4 loss=0.048756 validation_macro_fmax=0.364320 valid_micro_fmax=0.295961
epoch=5 loss=0.036211 validation_macro_fmax=0.388318 valid_micro_fmax=0.325682
epoch=6 loss=0.028259 validation_macro_fmax=0.379818 valid_micro_fmax=0.319538
epoch=7 loss=0.022126 validation_macro_fmax=0.404134 valid_micro_fmax=0.369336
epoch=8 loss=0.019081 validation_macro_fmax=0.393179 valid_micro_fmax=0.362415
epoch=9 loss=0.017006 validation_macro_fmax=0.394810 valid_micro_fmax=0.402031
epoch=10 loss=0.015046 validation_macro_fmax=0.406349 valid_micro_fmax=0.447869
epoch=11 loss=0.013386 validation_macro_fmax=0.423243 valid_micro_fmax=0.410421
epoch=12 loss=0.013309 validation_macro_fmax=0.415049 valid_micro_fmax=0.382994
epoch=13 loss=0.013478 validation_macro_fmax=0.401928 valid_micro_fmax=0.406945
epoch=14 loss=0.011724 validation_macro_fmax=0.387523 valid_micro_fmax=0.468982
epoch=15 loss=0.017604 validation_macro_fmax=0.385176 valid_micro_fmax=0.425940
epoch=16 loss=0.018828 validation_macro_fmax=0.416582 valid_micro_fmax=0.418274
epoch=17 loss=0.013612 validation_macro_fmax=0.410903 valid_micro_fmax=0.427357
epoch=18 loss=0.007261 validation_macro_fmax=0.406770 valid_micro_fmax=0.482794
epoch=19 loss=0.006267 validation_macro_fmax=0.398363 valid_micro_fmax=0.441261
epoch=20 loss=0.006286 validation_macro_fmax=0.404772 valid_micro_fmax=0.435673
Early stopping after 20 epochs (patience=9)
GPU completion: NVIDIA L40S, 24745, 46068, 0
