GPU: NVIDIA L40S
CUDA tensor check: 8.0
Sun Jul 19 11:43:43 2026       
+-----------------------------------------------------------------------------------------+
| NVIDIA-SMI 560.35.03              Driver Version: 560.35.03      CUDA Version: 12.6     |
|-----------------------------------------+------------------------+----------------------+
| GPU  Name                 Persistence-M | Bus-Id          Disp.A | Volatile Uncorr. ECC |
| Fan  Temp   Perf          Pwr:Usage/Cap |           Memory-Usage | GPU-Util  Compute M. |
|                                         |                        |               MIG M. |
|=========================================+========================+======================|
|   0  NVIDIA L40S                    On  |   00000000:0D:00.0 Off |                    0 |
| N/A   51C    P0             42W /  350W |     503MiB /  46068MiB |      0%      Default |
|                                         |                        |                  N/A |
+-----------------------------------------+------------------------+----------------------+
                                                                                         
+-----------------------------------------------------------------------------------------+
| Processes:                                                                              |
|  GPU   GI   CI        PID   Type   Process name                              GPU Memory |
|        ID   ID                                                               Usage      |
|=========================================================================================|
|    0   N/A  N/A    749366      C   python3                                       494MiB |
+-----------------------------------------------------------------------------------------+
CUDA verified: NVIDIA L40S; tensor dot product=8.0
GPU startup: NVIDIA L40S, 533, 46068, 1
Loaded train=6026, valid=754; reserved test set is not loaded
epoch=1 loss=0.324651 validation_macro_fmax=0.118867 valid_micro_fmax=0.015197
epoch=2 loss=0.246147 validation_macro_fmax=0.187553 valid_micro_fmax=0.040255
epoch=3 loss=0.210223 validation_macro_fmax=0.235438 valid_micro_fmax=0.080006
epoch=4 loss=0.177568 validation_macro_fmax=0.269009 valid_micro_fmax=0.129838
epoch=5 loss=0.141574 validation_macro_fmax=0.280738 valid_micro_fmax=0.148875
epoch=6 loss=0.107273 validation_macro_fmax=0.271985 valid_micro_fmax=0.149971
epoch=7 loss=0.081067 validation_macro_fmax=0.288413 valid_micro_fmax=0.176193
epoch=8 loss=0.062818 validation_macro_fmax=0.295135 valid_micro_fmax=0.197820
epoch=9 loss=0.050718 validation_macro_fmax=0.270450 valid_micro_fmax=0.190494
epoch=10 loss=0.041698 validation_macro_fmax=0.290696 valid_micro_fmax=0.203376
epoch=11 loss=0.033350 validation_macro_fmax=0.311376 valid_micro_fmax=0.238044
epoch=12 loss=0.029861 validation_macro_fmax=0.307091 valid_micro_fmax=0.240036
epoch=13 loss=0.026418 validation_macro_fmax=0.284548 valid_micro_fmax=0.208632
epoch=14 loss=0.023794 validation_macro_fmax=0.289501 valid_micro_fmax=0.223589
epoch=15 loss=0.021632 validation_macro_fmax=0.306368 valid_micro_fmax=0.258751
epoch=16 loss=0.019183 validation_macro_fmax=0.304835 valid_micro_fmax=0.250197
epoch=17 loss=0.017262 validation_macro_fmax=0.316144 valid_micro_fmax=0.259960
epoch=18 loss=0.016296 validation_macro_fmax=0.324864 valid_micro_fmax=0.279530
epoch=19 loss=0.015979 validation_macro_fmax=0.298268 valid_micro_fmax=0.258670
epoch=20 loss=0.013882 validation_macro_fmax=0.313122 valid_micro_fmax=0.261022
epoch=21 loss=0.013266 validation_macro_fmax=0.316820 valid_micro_fmax=0.244652
epoch=22 loss=0.011020 validation_macro_fmax=0.308412 valid_micro_fmax=0.259010
epoch=23 loss=0.011714 validation_macro_fmax=0.300625 valid_micro_fmax=0.245463
epoch=24 loss=0.009860 validation_macro_fmax=0.305257 valid_micro_fmax=0.257788
epoch=25 loss=0.009317 validation_macro_fmax=0.309228 valid_micro_fmax=0.256148
epoch=26 loss=0.009261 validation_macro_fmax=0.294123 valid_micro_fmax=0.251798
Early stopping after 26 epochs (patience=8)
GPU completion: NVIDIA L40S, 27579, 46068, 0
