GPU: NVIDIA L40S
CUDA tensor check: 8.0
Sun Jul 19 17:24:15 2026       
+-----------------------------------------------------------------------------------------+
| NVIDIA-SMI 560.35.03              Driver Version: 560.35.03      CUDA Version: 12.6     |
|-----------------------------------------+------------------------+----------------------+
| GPU  Name                 Persistence-M | Bus-Id          Disp.A | Volatile Uncorr. ECC |
| Fan  Temp   Perf          Pwr:Usage/Cap |           Memory-Usage | GPU-Util  Compute M. |
|                                         |                        |               MIG M. |
|=========================================+========================+======================|
|   0  NVIDIA L40S                    On  |   00000000:B5:00.0 Off |                    0 |
| N/A   50C    P0             43W /  350W |     503MiB /  46068MiB |      0%      Default |
|                                         |                        |                  N/A |
+-----------------------------------------+------------------------+----------------------+
                                                                                         
+-----------------------------------------------------------------------------------------+
| Processes:                                                                              |
|  GPU   GI   CI        PID   Type   Process name                              GPU Memory |
|        ID   ID                                                               Usage      |
|=========================================================================================|
|    0   N/A  N/A    922304      C   python3                                       494MiB |
+-----------------------------------------------------------------------------------------+
CUDA verified: NVIDIA L40S; tensor dot product=8.0
GPU startup: NVIDIA L40S, 533, 46068, 5
Loaded train=6026, valid=754; reserved test set is not loaded
epoch=1 loss=0.822774 validation_macro_fmax=0.290758 valid_micro_fmax=0.073751
epoch=2 loss=0.341603 validation_macro_fmax=0.347619 valid_micro_fmax=0.112131
epoch=3 loss=0.142599 validation_macro_fmax=0.368289 valid_micro_fmax=0.161847
epoch=4 loss=0.074040 validation_macro_fmax=0.378492 valid_micro_fmax=0.201084
epoch=5 loss=0.057313 validation_macro_fmax=0.359201 valid_micro_fmax=0.229640
epoch=6 loss=0.036935 validation_macro_fmax=0.380076 valid_micro_fmax=0.291028
epoch=7 loss=0.043885 validation_macro_fmax=0.373233 valid_micro_fmax=0.281602
epoch=8 loss=0.034408 validation_macro_fmax=0.324770 valid_micro_fmax=0.152537
epoch=9 loss=0.032570 validation_macro_fmax=0.354585 valid_micro_fmax=0.293652
epoch=10 loss=0.016955 validation_macro_fmax=0.352581 valid_micro_fmax=0.295645
epoch=11 loss=0.012594 validation_macro_fmax=0.374142 valid_micro_fmax=0.283384
epoch=12 loss=0.009218 validation_macro_fmax=0.362507 valid_micro_fmax=0.285219
epoch=13 loss=0.009491 validation_macro_fmax=0.371121 valid_micro_fmax=0.298983
epoch=14 loss=0.032753 validation_macro_fmax=0.387601 valid_micro_fmax=0.174471
epoch=15 loss=0.187086 validation_macro_fmax=0.317782 valid_micro_fmax=0.139270
epoch=16 loss=0.056883 validation_macro_fmax=0.340125 valid_micro_fmax=0.234305
epoch=17 loss=0.023959 validation_macro_fmax=0.350205 valid_micro_fmax=0.281188
epoch=18 loss=0.016281 validation_macro_fmax=0.339520 valid_micro_fmax=0.306804
epoch=19 loss=0.012539 validation_macro_fmax=0.337777 valid_micro_fmax=0.316286
epoch=20 loss=0.009847 validation_macro_fmax=0.337640 valid_micro_fmax=0.325976
epoch=21 loss=0.008436 validation_macro_fmax=0.343330 valid_micro_fmax=0.323858
epoch=22 loss=0.007156 validation_macro_fmax=0.354819 valid_micro_fmax=0.320095
epoch=23 loss=0.006490 validation_macro_fmax=0.358896 valid_micro_fmax=0.329632
epoch=24 loss=0.006345 validation_macro_fmax=0.339778 valid_micro_fmax=0.328616
Early stopping after 24 epochs (patience=10)
GPU completion: NVIDIA L40S, 41413, 46068, 0
