GPU: NVIDIA L40S
CUDA tensor check: 8.0
Sun Jul 19 05:54:31 2026       
+-----------------------------------------------------------------------------------------+
| NVIDIA-SMI 560.35.03              Driver Version: 560.35.03      CUDA Version: 12.6     |
|-----------------------------------------+------------------------+----------------------+
| GPU  Name                 Persistence-M | Bus-Id          Disp.A | Volatile Uncorr. ECC |
| Fan  Temp   Perf          Pwr:Usage/Cap |           Memory-Usage | GPU-Util  Compute M. |
|                                         |                        |               MIG M. |
|=========================================+========================+======================|
|   0  NVIDIA L40S                    On  |   00000000:0D:00.0 Off |                    0 |
| N/A   56C    P0             44W /  350W |     503MiB /  46068MiB |      0%      Default |
|                                         |                        |                  N/A |
+-----------------------------------------+------------------------+----------------------+
                                                                                         
+-----------------------------------------------------------------------------------------+
| Processes:                                                                              |
|  GPU   GI   CI        PID   Type   Process name                              GPU Memory |
|        ID   ID                                                               Usage      |
|=========================================================================================|
|    0   N/A  N/A   1146112      C   python3                                       494MiB |
+-----------------------------------------------------------------------------------------+
CUDA verified: NVIDIA L40S; tensor dot product=8.0
GPU startup: NVIDIA L40S, 533, 46068, 3
Loaded train=6026, valid=754; reserved test set is not loaded
epoch=1 loss=1.208062 validation_macro_fmax=0.100724 valid_micro_fmax=0.010075
epoch=2 loss=1.123014 validation_macro_fmax=0.105396 valid_micro_fmax=0.010509
epoch=3 loss=1.065834 validation_macro_fmax=0.111756 valid_micro_fmax=0.011198
epoch=4 loss=1.024311 validation_macro_fmax=0.115739 valid_micro_fmax=0.011878
epoch=5 loss=0.988534 validation_macro_fmax=0.114374 valid_micro_fmax=0.011892
epoch=6 loss=0.960878 validation_macro_fmax=0.119276 valid_micro_fmax=0.011895
epoch=7 loss=0.933247 validation_macro_fmax=0.119917 valid_micro_fmax=0.014691
epoch=8 loss=0.912021 validation_macro_fmax=0.127221 valid_micro_fmax=0.016499
epoch=9 loss=0.894697 validation_macro_fmax=0.129912 valid_micro_fmax=0.020881
epoch=10 loss=0.878257 validation_macro_fmax=0.131603 valid_micro_fmax=0.022022
epoch=11 loss=0.865753 validation_macro_fmax=0.132975 valid_micro_fmax=0.021371
epoch=12 loss=0.853455 validation_macro_fmax=0.134066 valid_micro_fmax=0.021169
epoch=13 loss=0.842025 validation_macro_fmax=0.137025 valid_micro_fmax=0.023679
epoch=14 loss=0.833467 validation_macro_fmax=0.137885 valid_micro_fmax=0.027126
epoch=15 loss=0.824269 validation_macro_fmax=0.142253 valid_micro_fmax=0.028639
epoch=16 loss=0.814875 validation_macro_fmax=0.143954 valid_micro_fmax=0.032557
epoch=17 loss=0.807412 validation_macro_fmax=0.145174 valid_micro_fmax=0.032891
epoch=18 loss=0.801676 validation_macro_fmax=0.140827 valid_micro_fmax=0.036210
epoch=19 loss=0.793435 validation_macro_fmax=0.140547 valid_micro_fmax=0.038604
epoch=20 loss=0.785385 validation_macro_fmax=0.146917 valid_micro_fmax=0.050278
epoch=21 loss=0.779419 validation_macro_fmax=0.145269 valid_micro_fmax=0.048808
epoch=22 loss=0.773441 validation_macro_fmax=0.144066 valid_micro_fmax=0.061317
epoch=23 loss=0.766899 validation_macro_fmax=0.145245 valid_micro_fmax=0.063256
epoch=24 loss=0.761512 validation_macro_fmax=0.142917 valid_micro_fmax=0.061523
epoch=25 loss=0.755203 validation_macro_fmax=0.146369 valid_micro_fmax=0.067191
epoch=26 loss=0.749678 validation_macro_fmax=0.149398 valid_micro_fmax=0.074707
epoch=27 loss=0.744429 validation_macro_fmax=0.147717 valid_micro_fmax=0.077483
epoch=28 loss=0.737834 validation_macro_fmax=0.149020 valid_micro_fmax=0.084270
epoch=29 loss=0.731806 validation_macro_fmax=0.151389 valid_micro_fmax=0.082902
epoch=30 loss=0.725639 validation_macro_fmax=0.152958 valid_micro_fmax=0.087552
epoch=31 loss=0.719572 validation_macro_fmax=0.152564 valid_micro_fmax=0.087527
epoch=32 loss=0.713410 validation_macro_fmax=0.155672 valid_micro_fmax=0.091053
epoch=33 loss=0.706577 validation_macro_fmax=0.154004 valid_micro_fmax=0.092916
epoch=34 loss=0.701288 validation_macro_fmax=0.158045 valid_micro_fmax=0.097651
epoch=35 loss=0.693954 validation_macro_fmax=0.154358 valid_micro_fmax=0.094081
epoch=36 loss=0.687365 validation_macro_fmax=0.156100 valid_micro_fmax=0.100062
epoch=37 loss=0.679292 validation_macro_fmax=0.160108 valid_micro_fmax=0.100286
epoch=38 loss=0.671727 validation_macro_fmax=0.159501 valid_micro_fmax=0.102452
epoch=39 loss=0.664841 validation_macro_fmax=0.160776 valid_micro_fmax=0.104235
epoch=40 loss=0.656041 validation_macro_fmax=0.163728 valid_micro_fmax=0.114297
epoch=41 loss=0.647829 validation_macro_fmax=0.162719 valid_micro_fmax=0.112224
epoch=42 loss=0.639498 validation_macro_fmax=0.162728 valid_micro_fmax=0.110755
epoch=43 loss=0.631313 validation_macro_fmax=0.165990 valid_micro_fmax=0.113827
epoch=44 loss=0.622546 validation_macro_fmax=0.168431 valid_micro_fmax=0.116755
epoch=45 loss=0.613003 validation_macro_fmax=0.169774 valid_micro_fmax=0.118443
epoch=46 loss=0.603546 validation_macro_fmax=0.168892 valid_micro_fmax=0.119976
epoch=47 loss=0.594125 validation_macro_fmax=0.169977 valid_micro_fmax=0.122071
epoch=48 loss=0.584733 validation_macro_fmax=0.169960 valid_micro_fmax=0.120157
epoch=49 loss=0.575277 validation_macro_fmax=0.172938 valid_micro_fmax=0.127222
epoch=50 loss=0.564612 validation_macro_fmax=0.173780 valid_micro_fmax=0.123694
epoch=51 loss=0.554420 validation_macro_fmax=0.175898 valid_micro_fmax=0.125421
epoch=52 loss=0.543976 validation_macro_fmax=0.172179 valid_micro_fmax=0.128411
epoch=53 loss=0.532940 validation_macro_fmax=0.172931 valid_micro_fmax=0.124754
epoch=54 loss=0.522688 validation_macro_fmax=0.177505 valid_micro_fmax=0.125246
epoch=55 loss=0.511208 validation_macro_fmax=0.175533 valid_micro_fmax=0.136996
epoch=56 loss=0.499886 validation_macro_fmax=0.175374 valid_micro_fmax=0.133433
epoch=57 loss=0.488681 validation_macro_fmax=0.177633 valid_micro_fmax=0.130383
epoch=58 loss=0.477807 validation_macro_fmax=0.176808 valid_micro_fmax=0.124773
epoch=59 loss=0.467203 validation_macro_fmax=0.178204 valid_micro_fmax=0.125641
epoch=60 loss=0.455017 validation_macro_fmax=0.184970 valid_micro_fmax=0.136578
epoch=61 loss=0.443415 validation_macro_fmax=0.179849 valid_micro_fmax=0.132878
epoch=62 loss=0.431483 validation_macro_fmax=0.180694 valid_micro_fmax=0.134366
epoch=63 loss=0.419814 validation_macro_fmax=0.183979 valid_micro_fmax=0.140247
epoch=64 loss=0.408227 validation_macro_fmax=0.183884 valid_micro_fmax=0.139034
epoch=65 loss=0.397564 validation_macro_fmax=0.186029 valid_micro_fmax=0.145019
epoch=66 loss=0.385951 validation_macro_fmax=0.184794 valid_micro_fmax=0.144531
epoch=67 loss=0.374402 validation_macro_fmax=0.187320 valid_micro_fmax=0.146447
epoch=68 loss=0.363375 validation_macro_fmax=0.186148 valid_micro_fmax=0.147157
epoch=69 loss=0.352240 validation_macro_fmax=0.186527 valid_micro_fmax=0.148387
epoch=70 loss=0.341569 validation_macro_fmax=0.189777 valid_micro_fmax=0.145045
epoch=71 loss=0.330768 validation_macro_fmax=0.187511 valid_micro_fmax=0.140770
epoch=72 loss=0.319914 validation_macro_fmax=0.189044 valid_micro_fmax=0.143661
epoch=73 loss=0.309607 validation_macro_fmax=0.190492 valid_micro_fmax=0.149228
epoch=74 loss=0.300997 validation_macro_fmax=0.192452 valid_micro_fmax=0.144049
epoch=75 loss=0.290328 validation_macro_fmax=0.191843 valid_micro_fmax=0.149401
epoch=76 loss=0.280185 validation_macro_fmax=0.190498 valid_micro_fmax=0.145659
epoch=77 loss=0.270853 validation_macro_fmax=0.190028 valid_micro_fmax=0.149456
epoch=78 loss=0.261757 validation_macro_fmax=0.192850 valid_micro_fmax=0.147088
epoch=79 loss=0.252751 validation_macro_fmax=0.195279 valid_micro_fmax=0.155187
epoch=80 loss=0.244299 validation_macro_fmax=0.195224 valid_micro_fmax=0.150471
epoch=81 loss=0.235500 validation_macro_fmax=0.193233 valid_micro_fmax=0.154927
epoch=82 loss=0.228373 validation_macro_fmax=0.194779 valid_micro_fmax=0.151674
epoch=83 loss=0.220408 validation_macro_fmax=0.190282 valid_micro_fmax=0.152306
epoch=84 loss=0.212546 validation_macro_fmax=0.194576 valid_micro_fmax=0.158450
epoch=85 loss=0.205105 validation_macro_fmax=0.191955 valid_micro_fmax=0.159670
epoch=86 loss=0.197783 validation_macro_fmax=0.196838 valid_micro_fmax=0.156385
epoch=87 loss=0.190290 validation_macro_fmax=0.196957 valid_micro_fmax=0.159798
epoch=88 loss=0.183364 validation_macro_fmax=0.195641 valid_micro_fmax=0.153310
epoch=89 loss=0.176939 validation_macro_fmax=0.193649 valid_micro_fmax=0.159171
epoch=90 loss=0.170912 validation_macro_fmax=0.194001 valid_micro_fmax=0.158611
epoch=91 loss=0.164893 validation_macro_fmax=0.197804 valid_micro_fmax=0.158700
epoch=92 loss=0.159213 validation_macro_fmax=0.199854 valid_micro_fmax=0.157247
epoch=93 loss=0.153401 validation_macro_fmax=0.196136 valid_micro_fmax=0.161957
epoch=94 loss=0.148085 validation_macro_fmax=0.198009 valid_micro_fmax=0.169931
epoch=95 loss=0.143388 validation_macro_fmax=0.196984 valid_micro_fmax=0.163516
epoch=96 loss=0.138072 validation_macro_fmax=0.195756 valid_micro_fmax=0.161967
epoch=97 loss=0.133179 validation_macro_fmax=0.196117 valid_micro_fmax=0.169949
epoch=98 loss=0.128223 validation_macro_fmax=0.197199 valid_micro_fmax=0.163829
epoch=99 loss=0.123862 validation_macro_fmax=0.196188 valid_micro_fmax=0.166234
epoch=100 loss=0.119881 validation_macro_fmax=0.193732 valid_micro_fmax=0.165777
Early stopping after 100 epochs (patience=8)
GPU completion: NVIDIA L40S, 29761, 46068, 0
