GPU: NVIDIA L40S
CUDA tensor check: 8.0
Sun Jul 19 23:07:06 2026       
+-----------------------------------------------------------------------------------------+
| NVIDIA-SMI 560.35.03              Driver Version: 560.35.03      CUDA Version: 12.6     |
|-----------------------------------------+------------------------+----------------------+
| GPU  Name                 Persistence-M | Bus-Id          Disp.A | Volatile Uncorr. ECC |
| Fan  Temp   Perf          Pwr:Usage/Cap |           Memory-Usage | GPU-Util  Compute M. |
|                                         |                        |               MIG M. |
|=========================================+========================+======================|
|   0  NVIDIA L40S                    On  |   00000000:B5:00.0 Off |                    0 |
| N/A   47C    P0             42W /  350W |     503MiB /  46068MiB |      5%      Default |
|                                         |                        |                  N/A |
+-----------------------------------------+------------------------+----------------------+
                                                                                         
+-----------------------------------------------------------------------------------------+
| Processes:                                                                              |
|  GPU   GI   CI        PID   Type   Process name                              GPU Memory |
|        ID   ID                                                               Usage      |
|=========================================================================================|
|    0   N/A  N/A   1618360      C   python3                                       494MiB |
+-----------------------------------------------------------------------------------------+
CUDA verified: NVIDIA L40S; tensor dot product=8.0
GPU startup: NVIDIA L40S, 533, 46068, 0
Loaded train=6026, valid=754; reserved test set is not loaded
epoch=1 loss=1.136367 validation_macro_fmax=0.128950 valid_micro_fmax=0.018391
epoch=2 loss=0.980841 validation_macro_fmax=0.171692 valid_micro_fmax=0.040604
epoch=3 loss=0.890480 validation_macro_fmax=0.203992 valid_micro_fmax=0.068145
epoch=4 loss=0.824996 validation_macro_fmax=0.230746 valid_micro_fmax=0.086532
epoch=5 loss=0.769471 validation_macro_fmax=0.234806 valid_micro_fmax=0.096341
epoch=6 loss=0.711909 validation_macro_fmax=0.226248 valid_micro_fmax=0.089846
epoch=7 loss=0.652782 validation_macro_fmax=0.207960 valid_micro_fmax=0.090659
epoch=8 loss=0.592403 validation_macro_fmax=0.217656 valid_micro_fmax=0.094703
epoch=9 loss=0.532228 validation_macro_fmax=0.200157 valid_micro_fmax=0.090928
epoch=10 loss=0.472116 validation_macro_fmax=0.208541 valid_micro_fmax=0.087430
epoch=11 loss=0.411771 validation_macro_fmax=0.218778 valid_micro_fmax=0.098121
epoch=12 loss=0.357714 validation_macro_fmax=0.218438 valid_micro_fmax=0.107338
epoch=13 loss=0.305087 validation_macro_fmax=0.213095 valid_micro_fmax=0.112672
epoch=14 loss=0.261344 validation_macro_fmax=0.212817 valid_micro_fmax=0.110515
Early stopping after 14 epochs (patience=9)
GPU completion: NVIDIA L40S, 20999, 46068, 0
