GPU: NVIDIA L40S
CUDA tensor check: 8.0
Sun Jul 19 18:36:08 2026       
+-----------------------------------------------------------------------------------------+
| NVIDIA-SMI 560.35.03              Driver Version: 560.35.03      CUDA Version: 12.6     |
|-----------------------------------------+------------------------+----------------------+
| GPU  Name                 Persistence-M | Bus-Id          Disp.A | Volatile Uncorr. ECC |
| Fan  Temp   Perf          Pwr:Usage/Cap |           Memory-Usage | GPU-Util  Compute M. |
|                                         |                        |               MIG M. |
|=========================================+========================+======================|
|   0  NVIDIA L40S                    On  |   00000000:B5:00.0 Off |                    0 |
| N/A   54C    P0             46W /  350W |     503MiB /  46068MiB |      1%      Default |
|                                         |                        |                  N/A |
+-----------------------------------------+------------------------+----------------------+
                                                                                         
+-----------------------------------------------------------------------------------------+
| Processes:                                                                              |
|  GPU   GI   CI        PID   Type   Process name                              GPU Memory |
|        ID   ID                                                               Usage      |
|=========================================================================================|
|    0   N/A  N/A    953077      C   python3                                       494MiB |
+-----------------------------------------------------------------------------------------+
CUDA verified: NVIDIA L40S; tensor dot product=8.0
GPU startup: NVIDIA L40S, 533, 46068, 0
Loaded train=6026, valid=754; reserved test set is not loaded
epoch=1 loss=0.638005 validation_macro_fmax=0.117328 valid_micro_fmax=0.023989
epoch=2 loss=0.534669 validation_macro_fmax=0.145913 valid_micro_fmax=0.022443
epoch=3 loss=0.484315 validation_macro_fmax=0.176711 valid_micro_fmax=0.031423
epoch=4 loss=0.453536 validation_macro_fmax=0.200506 valid_micro_fmax=0.036933
epoch=5 loss=0.432125 validation_macro_fmax=0.224923 valid_micro_fmax=0.045886
epoch=6 loss=0.414094 validation_macro_fmax=0.248568 valid_micro_fmax=0.053959
epoch=7 loss=0.397701 validation_macro_fmax=0.272983 valid_micro_fmax=0.061786
epoch=8 loss=0.381133 validation_macro_fmax=0.277000 valid_micro_fmax=0.072215
epoch=9 loss=0.364965 validation_macro_fmax=0.307303 valid_micro_fmax=0.085980
epoch=10 loss=0.346201 validation_macro_fmax=0.309687 valid_micro_fmax=0.091932
epoch=11 loss=0.326823 validation_macro_fmax=0.306314 valid_micro_fmax=0.093094
epoch=12 loss=0.305709 validation_macro_fmax=0.315982 valid_micro_fmax=0.102516
epoch=13 loss=0.282837 validation_macro_fmax=0.335476 valid_micro_fmax=0.106213
epoch=14 loss=0.259638 validation_macro_fmax=0.326868 valid_micro_fmax=0.118620
epoch=15 loss=0.236566 validation_macro_fmax=0.333779 valid_micro_fmax=0.133873
epoch=16 loss=0.214408 validation_macro_fmax=0.325564 valid_micro_fmax=0.123336
epoch=17 loss=0.192825 validation_macro_fmax=0.341306 valid_micro_fmax=0.134931
epoch=18 loss=0.173120 validation_macro_fmax=0.353078 valid_micro_fmax=0.151440
epoch=19 loss=0.153965 validation_macro_fmax=0.353431 valid_micro_fmax=0.149976
epoch=20 loss=0.137703 validation_macro_fmax=0.354790 valid_micro_fmax=0.178400
epoch=21 loss=0.124146 validation_macro_fmax=0.349784 valid_micro_fmax=0.184321
epoch=22 loss=0.109528 validation_macro_fmax=0.351638 valid_micro_fmax=0.193491
epoch=23 loss=0.097831 validation_macro_fmax=0.355076 valid_micro_fmax=0.200973
epoch=24 loss=0.087651 validation_macro_fmax=0.360549 valid_micro_fmax=0.219778
epoch=25 loss=0.077906 validation_macro_fmax=0.368858 valid_micro_fmax=0.236800
epoch=26 loss=0.070056 validation_macro_fmax=0.354545 valid_micro_fmax=0.214286
epoch=27 loss=0.063836 validation_macro_fmax=0.367572 valid_micro_fmax=0.245689
epoch=28 loss=0.057283 validation_macro_fmax=0.362296 valid_micro_fmax=0.251012
epoch=29 loss=0.052349 validation_macro_fmax=0.360785 valid_micro_fmax=0.265502
epoch=30 loss=0.047712 validation_macro_fmax=0.351811 valid_micro_fmax=0.256461
epoch=31 loss=0.043260 validation_macro_fmax=0.355325 valid_micro_fmax=0.269581
epoch=32 loss=0.039467 validation_macro_fmax=0.359177 valid_micro_fmax=0.273749
epoch=33 loss=0.037297 validation_macro_fmax=0.365689 valid_micro_fmax=0.280388
epoch=34 loss=0.033770 validation_macro_fmax=0.363140 valid_micro_fmax=0.264820
Early stopping after 34 epochs (patience=9)
GPU completion: NVIDIA L40S, 24469, 46068, 0
