GPU: NVIDIA L40S
CUDA tensor check: 8.0
Sun Jul 19 04:54:45 2026       
+-----------------------------------------------------------------------------------------+
| NVIDIA-SMI 560.35.03              Driver Version: 560.35.03      CUDA Version: 12.6     |
|-----------------------------------------+------------------------+----------------------+
| GPU  Name                 Persistence-M | Bus-Id          Disp.A | Volatile Uncorr. ECC |
| Fan  Temp   Perf          Pwr:Usage/Cap |           Memory-Usage | GPU-Util  Compute M. |
|                                         |                        |               MIG M. |
|=========================================+========================+======================|
|   0  NVIDIA L40S                    On  |   00000000:0D:00.0 Off |                    0 |
| N/A   46C    P0             40W /  350W |     503MiB /  46068MiB |      0%      Default |
|                                         |                        |                  N/A |
+-----------------------------------------+------------------------+----------------------+
                                                                                         
+-----------------------------------------------------------------------------------------+
| Processes:                                                                              |
|  GPU   GI   CI        PID   Type   Process name                              GPU Memory |
|        ID   ID                                                               Usage      |
|=========================================================================================|
|    0   N/A  N/A   1007250      C   python3                                       494MiB |
+-----------------------------------------------------------------------------------------+
CUDA verified: NVIDIA L40S; tensor dot product=8.0
GPU startup: NVIDIA L40S, 533, 46068, 1
Loaded train=6026, valid=754; reserved test set is not loaded
epoch=1 loss=0.418763 validation_macro_fmax=0.091814 valid_micro_fmax=0.009662
epoch=2 loss=0.390431 validation_macro_fmax=0.096001 valid_micro_fmax=0.009725
epoch=3 loss=0.370696 validation_macro_fmax=0.097092 valid_micro_fmax=0.009820
epoch=4 loss=0.353650 validation_macro_fmax=0.097512 valid_micro_fmax=0.009874
epoch=5 loss=0.342405 validation_macro_fmax=0.100951 valid_micro_fmax=0.009955
epoch=6 loss=0.331530 validation_macro_fmax=0.101192 valid_micro_fmax=0.010127
epoch=7 loss=0.321269 validation_macro_fmax=0.102559 valid_micro_fmax=0.010143
epoch=8 loss=0.313911 validation_macro_fmax=0.105565 valid_micro_fmax=0.010267
epoch=9 loss=0.305356 validation_macro_fmax=0.107790 valid_micro_fmax=0.010488
epoch=10 loss=0.299481 validation_macro_fmax=0.108927 valid_micro_fmax=0.010440
epoch=11 loss=0.293823 validation_macro_fmax=0.110390 valid_micro_fmax=0.010654
epoch=12 loss=0.287823 validation_macro_fmax=0.116592 valid_micro_fmax=0.011284
epoch=13 loss=0.282975 validation_macro_fmax=0.117622 valid_micro_fmax=0.011383
epoch=14 loss=0.279083 validation_macro_fmax=0.119976 valid_micro_fmax=0.011714
epoch=15 loss=0.274026 validation_macro_fmax=0.120682 valid_micro_fmax=0.012295
epoch=16 loss=0.269972 validation_macro_fmax=0.123198 valid_micro_fmax=0.013343
epoch=17 loss=0.267112 validation_macro_fmax=0.123351 valid_micro_fmax=0.013605
epoch=18 loss=0.263439 validation_macro_fmax=0.129233 valid_micro_fmax=0.015008
epoch=19 loss=0.259464 validation_macro_fmax=0.131170 valid_micro_fmax=0.017439
epoch=20 loss=0.257270 validation_macro_fmax=0.134960 valid_micro_fmax=0.018178
epoch=21 loss=0.254059 validation_macro_fmax=0.137971 valid_micro_fmax=0.019621
epoch=22 loss=0.251062 validation_macro_fmax=0.140079 valid_micro_fmax=0.020289
epoch=23 loss=0.247705 validation_macro_fmax=0.142270 valid_micro_fmax=0.024215
epoch=24 loss=0.245681 validation_macro_fmax=0.144881 valid_micro_fmax=0.025530
epoch=25 loss=0.243204 validation_macro_fmax=0.152296 valid_micro_fmax=0.028983
epoch=26 loss=0.240535 validation_macro_fmax=0.152846 valid_micro_fmax=0.032397
epoch=27 loss=0.238182 validation_macro_fmax=0.155447 valid_micro_fmax=0.036628
epoch=28 loss=0.235843 validation_macro_fmax=0.157715 valid_micro_fmax=0.038513
epoch=29 loss=0.233496 validation_macro_fmax=0.163203 valid_micro_fmax=0.038738
epoch=30 loss=0.231451 validation_macro_fmax=0.164916 valid_micro_fmax=0.047493
epoch=31 loss=0.229293 validation_macro_fmax=0.166445 valid_micro_fmax=0.047716
epoch=32 loss=0.227356 validation_macro_fmax=0.167652 valid_micro_fmax=0.049725
epoch=33 loss=0.225167 validation_macro_fmax=0.169622 valid_micro_fmax=0.055174
epoch=34 loss=0.222784 validation_macro_fmax=0.174183 valid_micro_fmax=0.057347
epoch=35 loss=0.220746 validation_macro_fmax=0.172936 valid_micro_fmax=0.061914
epoch=36 loss=0.219012 validation_macro_fmax=0.176663 valid_micro_fmax=0.065251
epoch=37 loss=0.216713 validation_macro_fmax=0.177121 valid_micro_fmax=0.070001
epoch=38 loss=0.214725 validation_macro_fmax=0.180712 valid_micro_fmax=0.069762
epoch=39 loss=0.212736 validation_macro_fmax=0.182392 valid_micro_fmax=0.072279
epoch=40 loss=0.210490 validation_macro_fmax=0.183709 valid_micro_fmax=0.082316
epoch=41 loss=0.209092 validation_macro_fmax=0.188066 valid_micro_fmax=0.095792
epoch=42 loss=0.207199 validation_macro_fmax=0.190164 valid_micro_fmax=0.093944
epoch=43 loss=0.204538 validation_macro_fmax=0.193132 valid_micro_fmax=0.093167
epoch=44 loss=0.202820 validation_macro_fmax=0.195084 valid_micro_fmax=0.102232
epoch=45 loss=0.201019 validation_macro_fmax=0.195115 valid_micro_fmax=0.096625
epoch=46 loss=0.198706 validation_macro_fmax=0.198299 valid_micro_fmax=0.097893
epoch=47 loss=0.196340 validation_macro_fmax=0.201057 valid_micro_fmax=0.103818
epoch=48 loss=0.195039 validation_macro_fmax=0.199154 valid_micro_fmax=0.104262
epoch=49 loss=0.192247 validation_macro_fmax=0.203947 valid_micro_fmax=0.105080
epoch=50 loss=0.190103 validation_macro_fmax=0.204009 valid_micro_fmax=0.111840
epoch=51 loss=0.188274 validation_macro_fmax=0.205973 valid_micro_fmax=0.113018
epoch=52 loss=0.186093 validation_macro_fmax=0.211356 valid_micro_fmax=0.115608
epoch=53 loss=0.184059 validation_macro_fmax=0.211486 valid_micro_fmax=0.121743
epoch=54 loss=0.182212 validation_macro_fmax=0.206713 valid_micro_fmax=0.118896
epoch=55 loss=0.179540 validation_macro_fmax=0.210190 valid_micro_fmax=0.114895
epoch=56 loss=0.177585 validation_macro_fmax=0.213319 valid_micro_fmax=0.122070
epoch=57 loss=0.175024 validation_macro_fmax=0.215745 valid_micro_fmax=0.120000
epoch=58 loss=0.173010 validation_macro_fmax=0.212323 valid_micro_fmax=0.120914
epoch=59 loss=0.170653 validation_macro_fmax=0.213043 valid_micro_fmax=0.129226
epoch=60 loss=0.167998 validation_macro_fmax=0.218660 valid_micro_fmax=0.133079
epoch=61 loss=0.165954 validation_macro_fmax=0.212115 valid_micro_fmax=0.134139
epoch=62 loss=0.163476 validation_macro_fmax=0.217648 valid_micro_fmax=0.133561
epoch=63 loss=0.161046 validation_macro_fmax=0.220289 valid_micro_fmax=0.136684
epoch=64 loss=0.158708 validation_macro_fmax=0.219674 valid_micro_fmax=0.135931
epoch=65 loss=0.155986 validation_macro_fmax=0.212713 valid_micro_fmax=0.139931
epoch=66 loss=0.153410 validation_macro_fmax=0.220510 valid_micro_fmax=0.142534
epoch=67 loss=0.151113 validation_macro_fmax=0.217912 valid_micro_fmax=0.137931
epoch=68 loss=0.148631 validation_macro_fmax=0.223044 valid_micro_fmax=0.139124
epoch=69 loss=0.146002 validation_macro_fmax=0.224366 valid_micro_fmax=0.143450
epoch=70 loss=0.143773 validation_macro_fmax=0.220448 valid_micro_fmax=0.136501
epoch=71 loss=0.141421 validation_macro_fmax=0.222462 valid_micro_fmax=0.137975
epoch=72 loss=0.138804 validation_macro_fmax=0.218695 valid_micro_fmax=0.142273
epoch=73 loss=0.135630 validation_macro_fmax=0.218657 valid_micro_fmax=0.140778
epoch=74 loss=0.133667 validation_macro_fmax=0.215462 valid_micro_fmax=0.142764
epoch=75 loss=0.131534 validation_macro_fmax=0.227426 valid_micro_fmax=0.144715
epoch=76 loss=0.128657 validation_macro_fmax=0.225259 valid_micro_fmax=0.146628
epoch=77 loss=0.125865 validation_macro_fmax=0.226573 valid_micro_fmax=0.144190
epoch=78 loss=0.123655 validation_macro_fmax=0.220261 valid_micro_fmax=0.144611
epoch=79 loss=0.120486 validation_macro_fmax=0.217195 valid_micro_fmax=0.143469
epoch=80 loss=0.118774 validation_macro_fmax=0.223284 valid_micro_fmax=0.148135
epoch=81 loss=0.116072 validation_macro_fmax=0.222201 valid_micro_fmax=0.144568
epoch=82 loss=0.113863 validation_macro_fmax=0.222975 valid_micro_fmax=0.144683
epoch=83 loss=0.111557 validation_macro_fmax=0.223518 valid_micro_fmax=0.147024
epoch=84 loss=0.109082 validation_macro_fmax=0.226126 valid_micro_fmax=0.151196
Early stopping after 84 epochs (patience=9)
GPU completion: NVIDIA L40S, 32809, 46068, 0
