GPU: NVIDIA L40S
CUDA tensor check: 8.0
Sun Jul 19 08:15:18 2026       
+-----------------------------------------------------------------------------------------+
| NVIDIA-SMI 560.35.03              Driver Version: 560.35.03      CUDA Version: 12.6     |
|-----------------------------------------+------------------------+----------------------+
| GPU  Name                 Persistence-M | Bus-Id          Disp.A | Volatile Uncorr. ECC |
| Fan  Temp   Perf          Pwr:Usage/Cap |           Memory-Usage | GPU-Util  Compute M. |
|                                         |                        |               MIG M. |
|=========================================+========================+======================|
|   0  NVIDIA L40S                    On  |   00000000:B5:00.0 Off |                    0 |
| N/A   47C    P0             44W /  350W |     503MiB /  46068MiB |      1%      Default |
|                                         |                        |                  N/A |
+-----------------------------------------+------------------------+----------------------+
                                                                                         
+-----------------------------------------------------------------------------------------+
| Processes:                                                                              |
|  GPU   GI   CI        PID   Type   Process name                              GPU Memory |
|        ID   ID                                                               Usage      |
|=========================================================================================|
|    0   N/A  N/A    634082      C   python3                                       494MiB |
+-----------------------------------------------------------------------------------------+
CUDA verified: NVIDIA L40S; tensor dot product=8.0
GPU startup: NVIDIA L40S, 533, 46068, 0
Loaded train=6026, valid=754; reserved test set is not loaded
epoch=1 loss=0.268355 validation_macro_fmax=0.084996 valid_micro_fmax=0.011781
epoch=2 loss=0.220248 validation_macro_fmax=0.082650 valid_micro_fmax=0.012149
epoch=3 loss=0.197236 validation_macro_fmax=0.088010 valid_micro_fmax=0.013322
epoch=4 loss=0.183762 validation_macro_fmax=0.092258 valid_micro_fmax=0.014747
epoch=5 loss=0.174575 validation_macro_fmax=0.100029 valid_micro_fmax=0.016213
epoch=6 loss=0.167214 validation_macro_fmax=0.108345 valid_micro_fmax=0.021055
epoch=7 loss=0.161907 validation_macro_fmax=0.107775 valid_micro_fmax=0.021822
epoch=8 loss=0.157332 validation_macro_fmax=0.118993 valid_micro_fmax=0.028994
epoch=9 loss=0.153462 validation_macro_fmax=0.120508 valid_micro_fmax=0.030319
epoch=10 loss=0.149718 validation_macro_fmax=0.126112 valid_micro_fmax=0.033830
epoch=11 loss=0.146758 validation_macro_fmax=0.131768 valid_micro_fmax=0.040411
epoch=12 loss=0.143408 validation_macro_fmax=0.139422 valid_micro_fmax=0.052637
epoch=13 loss=0.140053 validation_macro_fmax=0.144580 valid_micro_fmax=0.062693
epoch=14 loss=0.136796 validation_macro_fmax=0.148739 valid_micro_fmax=0.072977
epoch=15 loss=0.134312 validation_macro_fmax=0.153770 valid_micro_fmax=0.081631
epoch=16 loss=0.131788 validation_macro_fmax=0.160543 valid_micro_fmax=0.097154
epoch=17 loss=0.129428 validation_macro_fmax=0.157962 valid_micro_fmax=0.094432
epoch=18 loss=0.126097 validation_macro_fmax=0.170985 valid_micro_fmax=0.109322
epoch=19 loss=0.124220 validation_macro_fmax=0.172420 valid_micro_fmax=0.110862
epoch=20 loss=0.121082 validation_macro_fmax=0.171596 valid_micro_fmax=0.116002
epoch=21 loss=0.119113 validation_macro_fmax=0.176625 valid_micro_fmax=0.121833
epoch=22 loss=0.116302 validation_macro_fmax=0.184151 valid_micro_fmax=0.130763
epoch=23 loss=0.113221 validation_macro_fmax=0.180230 valid_micro_fmax=0.134921
epoch=24 loss=0.110191 validation_macro_fmax=0.182466 valid_micro_fmax=0.137190
epoch=25 loss=0.107215 validation_macro_fmax=0.180423 valid_micro_fmax=0.140861
epoch=26 loss=0.104114 validation_macro_fmax=0.179241 valid_micro_fmax=0.148157
epoch=27 loss=0.101153 validation_macro_fmax=0.188197 valid_micro_fmax=0.142675
epoch=28 loss=0.097488 validation_macro_fmax=0.182730 valid_micro_fmax=0.142629
epoch=29 loss=0.093830 validation_macro_fmax=0.182701 valid_micro_fmax=0.146065
epoch=30 loss=0.090163 validation_macro_fmax=0.194990 valid_micro_fmax=0.158300
epoch=31 loss=0.086689 validation_macro_fmax=0.194621 valid_micro_fmax=0.157749
epoch=32 loss=0.083045 validation_macro_fmax=0.203123 valid_micro_fmax=0.159858
epoch=33 loss=0.078984 validation_macro_fmax=0.194111 valid_micro_fmax=0.153399
epoch=34 loss=0.074887 validation_macro_fmax=0.181988 valid_micro_fmax=0.163490
epoch=35 loss=0.071352 validation_macro_fmax=0.198478 valid_micro_fmax=0.169384
epoch=36 loss=0.067687 validation_macro_fmax=0.198402 valid_micro_fmax=0.180678
epoch=37 loss=0.063764 validation_macro_fmax=0.207268 valid_micro_fmax=0.174605
epoch=38 loss=0.059609 validation_macro_fmax=0.194584 valid_micro_fmax=0.186627
epoch=39 loss=0.056376 validation_macro_fmax=0.185220 valid_micro_fmax=0.189271
epoch=40 loss=0.052829 validation_macro_fmax=0.178460 valid_micro_fmax=0.181114
epoch=41 loss=0.049458 validation_macro_fmax=0.183693 valid_micro_fmax=0.183475
epoch=42 loss=0.046751 validation_macro_fmax=0.189891 valid_micro_fmax=0.198014
epoch=43 loss=0.043483 validation_macro_fmax=0.188234 valid_micro_fmax=0.189525
epoch=44 loss=0.040934 validation_macro_fmax=0.202965 valid_micro_fmax=0.203068
epoch=45 loss=0.038366 validation_macro_fmax=0.199106 valid_micro_fmax=0.205479
epoch=46 loss=0.035627 validation_macro_fmax=0.213352 valid_micro_fmax=0.215953
epoch=47 loss=0.033286 validation_macro_fmax=0.189656 valid_micro_fmax=0.210275
epoch=48 loss=0.031084 validation_macro_fmax=0.186535 valid_micro_fmax=0.219534
epoch=49 loss=0.029316 validation_macro_fmax=0.186384 valid_micro_fmax=0.211855
epoch=50 loss=0.027279 validation_macro_fmax=0.199354 valid_micro_fmax=0.221229
epoch=51 loss=0.025909 validation_macro_fmax=0.184250 valid_micro_fmax=0.213648
epoch=52 loss=0.024055 validation_macro_fmax=0.210467 valid_micro_fmax=0.231692
epoch=53 loss=0.022439 validation_macro_fmax=0.209438 valid_micro_fmax=0.238469
epoch=54 loss=0.021173 validation_macro_fmax=0.195389 valid_micro_fmax=0.245883
epoch=55 loss=0.020194 validation_macro_fmax=0.200068 valid_micro_fmax=0.245099
Early stopping after 55 epochs (patience=9)
GPU completion: NVIDIA L40S, 34875, 46068, 0
