GPU: NVIDIA L40S
CUDA tensor check: 8.0
Sun Jul 19 09:52:47 2026       
+-----------------------------------------------------------------------------------------+
| NVIDIA-SMI 560.35.03              Driver Version: 560.35.03      CUDA Version: 12.6     |
|-----------------------------------------+------------------------+----------------------+
| GPU  Name                 Persistence-M | Bus-Id          Disp.A | Volatile Uncorr. ECC |
| Fan  Temp   Perf          Pwr:Usage/Cap |           Memory-Usage | GPU-Util  Compute M. |
|                                         |                        |               MIG M. |
|=========================================+========================+======================|
|   0  NVIDIA L40S                    On  |   00000000:0D:00.0 Off |                    0 |
| N/A   52C    P0             43W /  350W |     503MiB /  46068MiB |      1%      Default |
|                                         |                        |                  N/A |
+-----------------------------------------+------------------------+----------------------+
                                                                                         
+-----------------------------------------------------------------------------------------+
| Processes:                                                                              |
|  GPU   GI   CI        PID   Type   Process name                              GPU Memory |
|        ID   ID                                                               Usage      |
|=========================================================================================|
|    0   N/A  N/A   1243205      C   python3                                       494MiB |
+-----------------------------------------------------------------------------------------+
CUDA verified: NVIDIA L40S; tensor dot product=8.0
GPU startup: NVIDIA L40S, 533, 46068, 0
Loaded train=6026, valid=754; reserved test set is not loaded
epoch=1 loss=0.123230 validation_macro_fmax=0.179986 valid_micro_fmax=0.046422
epoch=2 loss=0.052698 validation_macro_fmax=0.237914 valid_micro_fmax=0.096176
epoch=3 loss=0.031323 validation_macro_fmax=0.214787 valid_micro_fmax=0.096464
epoch=4 loss=0.022390 validation_macro_fmax=0.223707 valid_micro_fmax=0.098964
epoch=5 loss=0.017502 validation_macro_fmax=0.224558 valid_micro_fmax=0.100101
epoch=6 loss=0.014703 validation_macro_fmax=0.220891 valid_micro_fmax=0.142185
epoch=7 loss=0.012049 validation_macro_fmax=0.239086 valid_micro_fmax=0.156614
epoch=8 loss=0.008206 validation_macro_fmax=0.230957 valid_micro_fmax=0.185683
epoch=9 loss=0.006521 validation_macro_fmax=0.236653 valid_micro_fmax=0.180413
epoch=10 loss=0.005608 validation_macro_fmax=0.237896 valid_micro_fmax=0.197746
epoch=11 loss=0.005001 validation_macro_fmax=0.234223 valid_micro_fmax=0.207344
epoch=12 loss=0.005307 validation_macro_fmax=0.235605 valid_micro_fmax=0.200234
epoch=13 loss=0.004887 validation_macro_fmax=0.232801 valid_micro_fmax=0.202008
epoch=14 loss=0.005837 validation_macro_fmax=0.239126 valid_micro_fmax=0.202982
epoch=15 loss=0.027141 validation_macro_fmax=0.235744 valid_micro_fmax=0.108891
epoch=16 loss=0.012416 validation_macro_fmax=0.232578 valid_micro_fmax=0.167140
epoch=17 loss=0.007434 validation_macro_fmax=0.232864 valid_micro_fmax=0.164592
epoch=18 loss=0.007697 validation_macro_fmax=0.246527 valid_micro_fmax=0.184909
epoch=19 loss=0.005627 validation_macro_fmax=0.231998 valid_micro_fmax=0.181929
epoch=20 loss=0.004490 validation_macro_fmax=0.237177 valid_micro_fmax=0.183472
epoch=21 loss=0.003752 validation_macro_fmax=0.236994 valid_micro_fmax=0.202821
epoch=22 loss=0.005001 validation_macro_fmax=0.238418 valid_micro_fmax=0.192688
epoch=23 loss=0.004056 validation_macro_fmax=0.237104 valid_micro_fmax=0.199259
epoch=24 loss=0.003386 validation_macro_fmax=0.244881 valid_micro_fmax=0.200745
epoch=25 loss=0.003683 validation_macro_fmax=0.222817 valid_micro_fmax=0.213449
epoch=26 loss=0.003392 validation_macro_fmax=0.234092 valid_micro_fmax=0.195232
epoch=27 loss=0.002938 validation_macro_fmax=0.232170 valid_micro_fmax=0.209624
Early stopping after 27 epochs (patience=9)
GPU completion: NVIDIA L40S, 25543, 46068, 0
