GPU: NVIDIA L40S
CUDA tensor check: 8.0
Mon Jul 20 06:46:13 2026       
+-----------------------------------------------------------------------------------------+
| NVIDIA-SMI 560.35.03              Driver Version: 560.35.03      CUDA Version: 12.6     |
|-----------------------------------------+------------------------+----------------------+
| GPU  Name                 Persistence-M | Bus-Id          Disp.A | Volatile Uncorr. ECC |
| Fan  Temp   Perf          Pwr:Usage/Cap |           Memory-Usage | GPU-Util  Compute M. |
|                                         |                        |               MIG M. |
|=========================================+========================+======================|
|   0  NVIDIA L40S                    On  |   00000000:B5:00.0 Off |                    0 |
| N/A   53C    P0             43W /  350W |     503MiB /  46068MiB |      0%      Default |
|                                         |                        |                  N/A |
+-----------------------------------------+------------------------+----------------------+
                                                                                         
+-----------------------------------------------------------------------------------------+
| Processes:                                                                              |
|  GPU   GI   CI        PID   Type   Process name                              GPU Memory |
|        ID   ID                                                               Usage      |
|=========================================================================================|
|    0   N/A  N/A   1249376      C   python3                                       494MiB |
+-----------------------------------------------------------------------------------------+
CUDA verified: NVIDIA L40S; tensor dot product=8.0
GPU startup: NVIDIA L40S, 533, 46068, 0
Loaded train=6026, valid=754; reserved test set is not loaded
epoch=1 loss=0.913534 validation_macro_fmax=0.320159 valid_micro_fmax=0.220947
epoch=2 loss=0.685176 validation_macro_fmax=0.387325 valid_micro_fmax=0.285923
epoch=3 loss=0.477859 validation_macro_fmax=0.394155 valid_micro_fmax=0.318773
epoch=4 loss=0.274699 validation_macro_fmax=0.415905 valid_micro_fmax=0.323193
epoch=5 loss=0.150087 validation_macro_fmax=0.416991 valid_micro_fmax=0.343019
epoch=6 loss=0.086666 validation_macro_fmax=0.426855 valid_micro_fmax=0.370539
epoch=7 loss=0.058233 validation_macro_fmax=0.448806 valid_micro_fmax=0.397067
epoch=8 loss=0.038832 validation_macro_fmax=0.440389 valid_micro_fmax=0.413520
epoch=9 loss=0.027574 validation_macro_fmax=0.446991 valid_micro_fmax=0.410716
epoch=10 loss=0.022033 validation_macro_fmax=0.443197 valid_micro_fmax=0.415024
epoch=11 loss=0.018251 validation_macro_fmax=0.438593 valid_micro_fmax=0.413450
epoch=12 loss=0.013904 validation_macro_fmax=0.442697 valid_micro_fmax=0.439068
epoch=13 loss=0.011593 validation_macro_fmax=0.438845 valid_micro_fmax=0.423871
epoch=14 loss=0.009358 validation_macro_fmax=0.431997 valid_micro_fmax=0.445556
epoch=15 loss=0.008660 validation_macro_fmax=0.432949 valid_micro_fmax=0.452926
epoch=16 loss=0.051386 validation_macro_fmax=0.344615 valid_micro_fmax=0.287541
Early stopping after 16 epochs (patience=9)
GPU completion: NVIDIA L40S, 43351, 46068, 0
