GPU: NVIDIA L40S
CUDA tensor check: 8.0
Mon Jul 20 05:20:58 2026       
+-----------------------------------------------------------------------------------------+
| NVIDIA-SMI 560.35.03              Driver Version: 560.35.03      CUDA Version: 12.6     |
|-----------------------------------------+------------------------+----------------------+
| GPU  Name                 Persistence-M | Bus-Id          Disp.A | Volatile Uncorr. ECC |
| Fan  Temp   Perf          Pwr:Usage/Cap |           Memory-Usage | GPU-Util  Compute M. |
|                                         |                        |               MIG M. |
|=========================================+========================+======================|
|   0  NVIDIA L40S                    On  |   00000000:B5:00.0 Off |                    0 |
| N/A   45C    P0             41W /  350W |     503MiB /  46068MiB |      0%      Default |
|                                         |                        |                  N/A |
+-----------------------------------------+------------------------+----------------------+
                                                                                         
+-----------------------------------------------------------------------------------------+
| Processes:                                                                              |
|  GPU   GI   CI        PID   Type   Process name                              GPU Memory |
|        ID   ID                                                               Usage      |
|=========================================================================================|
|    0   N/A  N/A   1560248      C   python3                                       494MiB |
+-----------------------------------------------------------------------------------------+
CUDA verified: NVIDIA L40S; tensor dot product=8.0
GPU startup: NVIDIA L40S, 533, 46068, 4
Loaded train=6026, valid=754; reserved test set is not loaded
epoch=1 loss=0.288196 validation_macro_fmax=0.362557 valid_micro_fmax=0.166772
epoch=2 loss=0.217540 validation_macro_fmax=0.383209 valid_micro_fmax=0.254541
epoch=3 loss=0.199637 validation_macro_fmax=0.388706 valid_micro_fmax=0.305716
epoch=4 loss=0.188520 validation_macro_fmax=0.385068 valid_micro_fmax=0.335431
epoch=5 loss=0.179434 validation_macro_fmax=0.395148 valid_micro_fmax=0.367035
epoch=6 loss=0.170863 validation_macro_fmax=0.386627 valid_micro_fmax=0.362433
epoch=7 loss=0.161464 validation_macro_fmax=0.393342 valid_micro_fmax=0.383632
epoch=8 loss=0.150754 validation_macro_fmax=0.395233 valid_micro_fmax=0.416952
epoch=9 loss=0.139292 validation_macro_fmax=0.391647 valid_micro_fmax=0.393380
epoch=10 loss=0.126302 validation_macro_fmax=0.393106 valid_micro_fmax=0.423687
epoch=11 loss=0.112156 validation_macro_fmax=0.388261 valid_micro_fmax=0.418726
epoch=12 loss=0.098153 validation_macro_fmax=0.388621 valid_micro_fmax=0.444200
epoch=13 loss=0.084823 validation_macro_fmax=0.395152 valid_micro_fmax=0.445698
epoch=14 loss=0.072324 validation_macro_fmax=0.395416 valid_micro_fmax=0.485279
epoch=15 loss=0.061320 validation_macro_fmax=0.392080 valid_micro_fmax=0.463683
epoch=16 loss=0.051763 validation_macro_fmax=0.389780 valid_micro_fmax=0.472834
epoch=17 loss=0.043777 validation_macro_fmax=0.397578 valid_micro_fmax=0.458257
epoch=18 loss=0.036993 validation_macro_fmax=0.389447 valid_micro_fmax=0.469338
epoch=19 loss=0.031164 validation_macro_fmax=0.386460 valid_micro_fmax=0.474380
epoch=20 loss=0.026455 validation_macro_fmax=0.390376 valid_micro_fmax=0.479670
epoch=21 loss=0.022719 validation_macro_fmax=0.391723 valid_micro_fmax=0.475692
epoch=22 loss=0.019445 validation_macro_fmax=0.385138 valid_micro_fmax=0.479145
epoch=23 loss=0.016836 validation_macro_fmax=0.392069 valid_micro_fmax=0.475427
epoch=24 loss=0.014596 validation_macro_fmax=0.393198 valid_micro_fmax=0.470593
epoch=25 loss=0.012607 validation_macro_fmax=0.395360 valid_micro_fmax=0.467472
epoch=26 loss=0.010958 validation_macro_fmax=0.394371 valid_micro_fmax=0.490890
Early stopping after 26 epochs (patience=9)
GPU completion: NVIDIA L40S, 17281, 46068, 0
