GPU: NVIDIA L40S
CUDA tensor check: 8.0
Sun Jul 19 20:19:08 2026       
+-----------------------------------------------------------------------------------------+
| NVIDIA-SMI 560.35.03              Driver Version: 560.35.03      CUDA Version: 12.6     |
|-----------------------------------------+------------------------+----------------------+
| GPU  Name                 Persistence-M | Bus-Id          Disp.A | Volatile Uncorr. ECC |
| Fan  Temp   Perf          Pwr:Usage/Cap |           Memory-Usage | GPU-Util  Compute M. |
|                                         |                        |               MIG M. |
|=========================================+========================+======================|
|   0  NVIDIA L40S                    On  |   00000000:B5:00.0 Off |                    0 |
| N/A   46C    P0             42W /  350W |     503MiB /  46068MiB |      0%      Default |
|                                         |                        |                  N/A |
+-----------------------------------------+------------------------+----------------------+
                                                                                         
+-----------------------------------------------------------------------------------------+
| Processes:                                                                              |
|  GPU   GI   CI        PID   Type   Process name                              GPU Memory |
|        ID   ID                                                               Usage      |
|=========================================================================================|
|    0   N/A  N/A    995616      C   python3                                       494MiB |
+-----------------------------------------------------------------------------------------+
CUDA verified: NVIDIA L40S; tensor dot product=8.0
GPU startup: NVIDIA L40S, 533, 46068, 5
Loaded train=6026, valid=754; reserved test set is not loaded
epoch=1 loss=0.518531 validation_macro_fmax=0.291685 valid_micro_fmax=0.200831
epoch=2 loss=0.415040 validation_macro_fmax=0.310235 valid_micro_fmax=0.302385
epoch=3 loss=0.387038 validation_macro_fmax=0.327238 valid_micro_fmax=0.348583
epoch=4 loss=0.365828 validation_macro_fmax=0.332950 valid_micro_fmax=0.371071
epoch=5 loss=0.345681 validation_macro_fmax=0.324861 valid_micro_fmax=0.348587
epoch=6 loss=0.323168 validation_macro_fmax=0.325248 valid_micro_fmax=0.375352
epoch=7 loss=0.294882 validation_macro_fmax=0.322217 valid_micro_fmax=0.453906
epoch=8 loss=0.260849 validation_macro_fmax=0.324189 valid_micro_fmax=0.457237
epoch=9 loss=0.223693 validation_macro_fmax=0.309817 valid_micro_fmax=0.451936
epoch=10 loss=0.185895 validation_macro_fmax=0.305642 valid_micro_fmax=0.466253
epoch=11 loss=0.151058 validation_macro_fmax=0.317789 valid_micro_fmax=0.464118
epoch=12 loss=0.120992 validation_macro_fmax=0.303005 valid_micro_fmax=0.491589
epoch=13 loss=0.096334 validation_macro_fmax=0.318850 valid_micro_fmax=0.495226
epoch=14 loss=0.076826 validation_macro_fmax=0.318796 valid_micro_fmax=0.488307
Early stopping after 14 epochs (patience=10)
GPU completion: NVIDIA L40S, 44455, 46068, 0
