GPU: NVIDIA L40S
CUDA tensor check: 8.0
Mon Jul 20 02:32:31 2026       
+-----------------------------------------------------------------------------------------+
| NVIDIA-SMI 560.35.03              Driver Version: 560.35.03      CUDA Version: 12.6     |
|-----------------------------------------+------------------------+----------------------+
| GPU  Name                 Persistence-M | Bus-Id          Disp.A | Volatile Uncorr. ECC |
| Fan  Temp   Perf          Pwr:Usage/Cap |           Memory-Usage | GPU-Util  Compute M. |
|                                         |                        |               MIG M. |
|=========================================+========================+======================|
|   0  NVIDIA L40S                    On  |   00000000:B5:00.0 Off |                    0 |
| N/A   49C    P0             41W /  350W |     503MiB /  46068MiB |      0%      Default |
|                                         |                        |                  N/A |
+-----------------------------------------+------------------------+----------------------+
                                                                                         
+-----------------------------------------------------------------------------------------+
| Processes:                                                                              |
|  GPU   GI   CI        PID   Type   Process name                              GPU Memory |
|        ID   ID                                                               Usage      |
|=========================================================================================|
|    0   N/A  N/A   1706638      C   python3                                       494MiB |
+-----------------------------------------------------------------------------------------+
CUDA verified: NVIDIA L40S; tensor dot product=8.0
GPU startup: NVIDIA L40S, 533, 46068, 0
Loaded train=6026, valid=754; reserved test set is not loaded
epoch=1 loss=0.302439 validation_macro_fmax=0.179988 valid_micro_fmax=0.072147
epoch=2 loss=0.222339 validation_macro_fmax=0.238112 valid_micro_fmax=0.155848
epoch=3 loss=0.189177 validation_macro_fmax=0.280357 valid_micro_fmax=0.210874
epoch=4 loss=0.153040 validation_macro_fmax=0.284991 valid_micro_fmax=0.216369
epoch=5 loss=0.114727 validation_macro_fmax=0.320353 valid_micro_fmax=0.242004
epoch=6 loss=0.081963 validation_macro_fmax=0.357188 valid_micro_fmax=0.311402
epoch=7 loss=0.057111 validation_macro_fmax=0.355641 valid_micro_fmax=0.324095
epoch=8 loss=0.042021 validation_macro_fmax=0.361567 valid_micro_fmax=0.296128
epoch=9 loss=0.031687 validation_macro_fmax=0.371942 valid_micro_fmax=0.370198
epoch=10 loss=0.024397 validation_macro_fmax=0.363988 valid_micro_fmax=0.380319
epoch=11 loss=0.019764 validation_macro_fmax=0.384837 valid_micro_fmax=0.406514
epoch=12 loss=0.016800 validation_macro_fmax=0.389088 valid_micro_fmax=0.432990
epoch=13 loss=0.014196 validation_macro_fmax=0.391417 valid_micro_fmax=0.398398
epoch=14 loss=0.012179 validation_macro_fmax=0.395076 valid_micro_fmax=0.428656
epoch=15 loss=0.010310 validation_macro_fmax=0.384893 valid_micro_fmax=0.422910
epoch=16 loss=0.009513 validation_macro_fmax=0.385688 valid_micro_fmax=0.438755
epoch=17 loss=0.008126 validation_macro_fmax=0.396053 valid_micro_fmax=0.420882
epoch=18 loss=0.007622 validation_macro_fmax=0.395184 valid_micro_fmax=0.452030
epoch=19 loss=0.006348 validation_macro_fmax=0.402932 valid_micro_fmax=0.463537
epoch=20 loss=0.005827 validation_macro_fmax=0.406548 valid_micro_fmax=0.483395
epoch=21 loss=0.005471 validation_macro_fmax=0.403190 valid_micro_fmax=0.443267
epoch=22 loss=0.005041 validation_macro_fmax=0.392489 valid_micro_fmax=0.484623
epoch=23 loss=0.004739 validation_macro_fmax=0.392672 valid_micro_fmax=0.453041
epoch=24 loss=0.004558 validation_macro_fmax=0.407508 valid_micro_fmax=0.461666
epoch=25 loss=0.003993 validation_macro_fmax=0.405020 valid_micro_fmax=0.480081
epoch=26 loss=0.003572 validation_macro_fmax=0.409321 valid_micro_fmax=0.478973
epoch=27 loss=0.003478 validation_macro_fmax=0.409739 valid_micro_fmax=0.476807
epoch=28 loss=0.003259 validation_macro_fmax=0.410503 valid_micro_fmax=0.461152
epoch=29 loss=0.003273 validation_macro_fmax=0.412089 valid_micro_fmax=0.481911
epoch=30 loss=0.003471 validation_macro_fmax=0.397177 valid_micro_fmax=0.445990
epoch=31 loss=0.003154 validation_macro_fmax=0.408944 valid_micro_fmax=0.482883
epoch=32 loss=0.003203 validation_macro_fmax=0.402930 valid_micro_fmax=0.457703
epoch=33 loss=0.003474 validation_macro_fmax=0.422784 valid_micro_fmax=0.482202
epoch=34 loss=0.002716 validation_macro_fmax=0.404728 valid_micro_fmax=0.467744
epoch=35 loss=0.002515 validation_macro_fmax=0.407013 valid_micro_fmax=0.502602
epoch=36 loss=0.002099 validation_macro_fmax=0.404871 valid_micro_fmax=0.512178
epoch=37 loss=0.002669 validation_macro_fmax=0.419514 valid_micro_fmax=0.483268
epoch=38 loss=0.002132 validation_macro_fmax=0.407238 valid_micro_fmax=0.459991
epoch=39 loss=0.002228 validation_macro_fmax=0.408442 valid_micro_fmax=0.511565
epoch=40 loss=0.002042 validation_macro_fmax=0.409596 valid_micro_fmax=0.506428
epoch=41 loss=0.001867 validation_macro_fmax=0.411083 valid_micro_fmax=0.502457
Early stopping after 41 epochs (patience=8)
GPU completion: NVIDIA L40S, 28321, 46068, 0
