GPU: NVIDIA L40S
CUDA tensor check: 8.0
Sun Jul 19 09:13:35 2026       
+-----------------------------------------------------------------------------------------+
| NVIDIA-SMI 560.35.03              Driver Version: 560.35.03      CUDA Version: 12.6     |
|-----------------------------------------+------------------------+----------------------+
| GPU  Name                 Persistence-M | Bus-Id          Disp.A | Volatile Uncorr. ECC |
| Fan  Temp   Perf          Pwr:Usage/Cap |           Memory-Usage | GPU-Util  Compute M. |
|                                         |                        |               MIG M. |
|=========================================+========================+======================|
|   0  NVIDIA L40S                    On  |   00000000:0D:00.0 Off |                    0 |
| N/A   53C    P0             44W /  350W |     503MiB /  46068MiB |      5%      Default |
|                                         |                        |                  N/A |
+-----------------------------------------+------------------------+----------------------+
                                                                                         
+-----------------------------------------------------------------------------------------+
| Processes:                                                                              |
|  GPU   GI   CI        PID   Type   Process name                              GPU Memory |
|        ID   ID                                                               Usage      |
|=========================================================================================|
|    0   N/A  N/A   1117684      C   python3                                       494MiB |
+-----------------------------------------------------------------------------------------+
CUDA verified: NVIDIA L40S; tensor dot product=8.0
GPU startup: NVIDIA L40S, 533, 46068, 5
Loaded train=6026, valid=754; reserved test set is not loaded
epoch=1 loss=0.626943 validation_macro_fmax=0.090221 valid_micro_fmax=0.014479
epoch=2 loss=0.545431 validation_macro_fmax=0.099668 valid_micro_fmax=0.017835
epoch=3 loss=0.504124 validation_macro_fmax=0.104136 valid_micro_fmax=0.021174
epoch=4 loss=0.478142 validation_macro_fmax=0.107312 valid_micro_fmax=0.026481
epoch=5 loss=0.458904 validation_macro_fmax=0.111591 valid_micro_fmax=0.032411
epoch=6 loss=0.444087 validation_macro_fmax=0.120541 valid_micro_fmax=0.042630
epoch=7 loss=0.432329 validation_macro_fmax=0.127210 valid_micro_fmax=0.053774
epoch=8 loss=0.423341 validation_macro_fmax=0.129686 valid_micro_fmax=0.061425
epoch=9 loss=0.414837 validation_macro_fmax=0.135389 valid_micro_fmax=0.067664
epoch=10 loss=0.406340 validation_macro_fmax=0.140611 valid_micro_fmax=0.078285
epoch=11 loss=0.399267 validation_macro_fmax=0.142242 valid_micro_fmax=0.084246
epoch=12 loss=0.393190 validation_macro_fmax=0.150464 valid_micro_fmax=0.102587
epoch=13 loss=0.386796 validation_macro_fmax=0.150086 valid_micro_fmax=0.100035
epoch=14 loss=0.380480 validation_macro_fmax=0.154163 valid_micro_fmax=0.110015
epoch=15 loss=0.373983 validation_macro_fmax=0.155963 valid_micro_fmax=0.121406
epoch=16 loss=0.367831 validation_macro_fmax=0.156447 valid_micro_fmax=0.120678
epoch=17 loss=0.360868 validation_macro_fmax=0.157376 valid_micro_fmax=0.127997
epoch=18 loss=0.353818 validation_macro_fmax=0.157295 valid_micro_fmax=0.133688
epoch=19 loss=0.346942 validation_macro_fmax=0.159853 valid_micro_fmax=0.145185
epoch=20 loss=0.339482 validation_macro_fmax=0.161295 valid_micro_fmax=0.143872
epoch=21 loss=0.331302 validation_macro_fmax=0.159000 valid_micro_fmax=0.158346
epoch=22 loss=0.323001 validation_macro_fmax=0.161858 valid_micro_fmax=0.161372
epoch=23 loss=0.313735 validation_macro_fmax=0.162145 valid_micro_fmax=0.160762
epoch=24 loss=0.304834 validation_macro_fmax=0.162904 valid_micro_fmax=0.164123
epoch=25 loss=0.295521 validation_macro_fmax=0.163463 valid_micro_fmax=0.168661
epoch=26 loss=0.285724 validation_macro_fmax=0.162435 valid_micro_fmax=0.169364
epoch=27 loss=0.275768 validation_macro_fmax=0.164883 valid_micro_fmax=0.172657
epoch=28 loss=0.265715 validation_macro_fmax=0.163374 valid_micro_fmax=0.167740
epoch=29 loss=0.255597 validation_macro_fmax=0.164774 valid_micro_fmax=0.180591
epoch=30 loss=0.246076 validation_macro_fmax=0.165993 valid_micro_fmax=0.176779
epoch=31 loss=0.235180 validation_macro_fmax=0.170610 valid_micro_fmax=0.185712
epoch=32 loss=0.224846 validation_macro_fmax=0.159065 valid_micro_fmax=0.184061
epoch=33 loss=0.214526 validation_macro_fmax=0.168745 valid_micro_fmax=0.200263
epoch=34 loss=0.204377 validation_macro_fmax=0.163994 valid_micro_fmax=0.192080
epoch=35 loss=0.194269 validation_macro_fmax=0.165017 valid_micro_fmax=0.202404
epoch=36 loss=0.184244 validation_macro_fmax=0.172901 valid_micro_fmax=0.209430
epoch=37 loss=0.174312 validation_macro_fmax=0.170170 valid_micro_fmax=0.210743
epoch=38 loss=0.164876 validation_macro_fmax=0.165873 valid_micro_fmax=0.208244
epoch=39 loss=0.155716 validation_macro_fmax=0.166094 valid_micro_fmax=0.214933
epoch=40 loss=0.146666 validation_macro_fmax=0.174683 valid_micro_fmax=0.217324
epoch=41 loss=0.137768 validation_macro_fmax=0.166245 valid_micro_fmax=0.217353
epoch=42 loss=0.129374 validation_macro_fmax=0.168510 valid_micro_fmax=0.226148
epoch=43 loss=0.121928 validation_macro_fmax=0.168684 valid_micro_fmax=0.223137
epoch=44 loss=0.114211 validation_macro_fmax=0.176656 valid_micro_fmax=0.238036
epoch=45 loss=0.106941 validation_macro_fmax=0.164076 valid_micro_fmax=0.233012
epoch=46 loss=0.100329 validation_macro_fmax=0.166081 valid_micro_fmax=0.235416
epoch=47 loss=0.093819 validation_macro_fmax=0.171212 valid_micro_fmax=0.235234
epoch=48 loss=0.088059 validation_macro_fmax=0.171156 valid_micro_fmax=0.248438
epoch=49 loss=0.082245 validation_macro_fmax=0.166355 valid_micro_fmax=0.240986
epoch=50 loss=0.076997 validation_macro_fmax=0.167384 valid_micro_fmax=0.249815
epoch=51 loss=0.072209 validation_macro_fmax=0.173423 valid_micro_fmax=0.240005
epoch=52 loss=0.067591 validation_macro_fmax=0.165482 valid_micro_fmax=0.253288
epoch=53 loss=0.063454 validation_macro_fmax=0.170529 valid_micro_fmax=0.260644
Early stopping after 53 epochs (patience=9)
GPU completion: NVIDIA L40S, 23959, 46068, 0
