GPU: NVIDIA L40S
CUDA tensor check: 8.0
Sun Jul 19 10:01:01 2026       
+-----------------------------------------------------------------------------------------+
| NVIDIA-SMI 560.35.03              Driver Version: 560.35.03      CUDA Version: 12.6     |
|-----------------------------------------+------------------------+----------------------+
| GPU  Name                 Persistence-M | Bus-Id          Disp.A | Volatile Uncorr. ECC |
| Fan  Temp   Perf          Pwr:Usage/Cap |           Memory-Usage | GPU-Util  Compute M. |
|                                         |                        |               MIG M. |
|=========================================+========================+======================|
|   0  NVIDIA L40S                    On  |   00000000:0D:00.0 Off |                    0 |
| N/A   44C    P0             41W /  350W |     503MiB /  46068MiB |      0%      Default |
|                                         |                        |                  N/A |
+-----------------------------------------+------------------------+----------------------+
                                                                                         
+-----------------------------------------------------------------------------------------+
| Processes:                                                                              |
|  GPU   GI   CI        PID   Type   Process name                              GPU Memory |
|        ID   ID                                                               Usage      |
|=========================================================================================|
|    0   N/A  N/A   1138017      C   python3                                       494MiB |
+-----------------------------------------------------------------------------------------+
CUDA verified: NVIDIA L40S; tensor dot product=8.0
GPU startup: NVIDIA L40S, 533, 46068, 5
Loaded train=6026, valid=754; reserved test set is not loaded
epoch=1 loss=0.964409 validation_macro_fmax=0.154709 valid_micro_fmax=0.134824
epoch=2 loss=0.704782 validation_macro_fmax=0.183759 valid_micro_fmax=0.179820
epoch=3 loss=0.496948 validation_macro_fmax=0.212569 valid_micro_fmax=0.180041
epoch=4 loss=0.310772 validation_macro_fmax=0.171896 valid_micro_fmax=0.178132
epoch=5 loss=0.193418 validation_macro_fmax=0.173514 valid_micro_fmax=0.200381
epoch=6 loss=0.124906 validation_macro_fmax=0.217245 valid_micro_fmax=0.246944
epoch=7 loss=0.088808 validation_macro_fmax=0.220353 valid_micro_fmax=0.247550
epoch=8 loss=0.065935 validation_macro_fmax=0.197832 valid_micro_fmax=0.203087
epoch=9 loss=0.060441 validation_macro_fmax=0.279389 valid_micro_fmax=0.287948
epoch=10 loss=0.049174 validation_macro_fmax=0.245765 valid_micro_fmax=0.263711
epoch=11 loss=0.045151 validation_macro_fmax=0.221443 valid_micro_fmax=0.277529
epoch=12 loss=0.035167 validation_macro_fmax=0.197711 valid_micro_fmax=0.264835
epoch=13 loss=0.030838 validation_macro_fmax=0.163672 valid_micro_fmax=0.242760
epoch=14 loss=0.035691 validation_macro_fmax=0.268824 valid_micro_fmax=0.292930
epoch=15 loss=0.024612 validation_macro_fmax=0.185329 valid_micro_fmax=0.254556
epoch=16 loss=0.025464 validation_macro_fmax=0.234163 valid_micro_fmax=0.268687
epoch=17 loss=0.017470 validation_macro_fmax=0.213276 valid_micro_fmax=0.294573
epoch=18 loss=0.014417 validation_macro_fmax=0.239106 valid_micro_fmax=0.274500
Early stopping after 18 epochs (patience=9)
GPU completion: NVIDIA L40S, 44659, 46068, 0
