GPU: NVIDIA L40S
CUDA tensor check: 8.0
Sat Jul 18 15:23:26 2026       
+-----------------------------------------------------------------------------------------+
| NVIDIA-SMI 560.35.03              Driver Version: 560.35.03      CUDA Version: 12.6     |
|-----------------------------------------+------------------------+----------------------+
| GPU  Name                 Persistence-M | Bus-Id          Disp.A | Volatile Uncorr. ECC |
| Fan  Temp   Perf          Pwr:Usage/Cap |           Memory-Usage | GPU-Util  Compute M. |
|                                         |                        |               MIG M. |
|=========================================+========================+======================|
|   0  NVIDIA L40S                    On  |   00000000:0D:00.0 Off |                    0 |
| N/A   48C    P0             47W /  350W |     503MiB /  46068MiB |      5%      Default |
|                                         |                        |                  N/A |
+-----------------------------------------+------------------------+----------------------+
                                                                                         
+-----------------------------------------------------------------------------------------+
| Processes:                                                                              |
|  GPU   GI   CI        PID   Type   Process name                              GPU Memory |
|        ID   ID                                                               Usage      |
|=========================================================================================|
|    0   N/A  N/A    237092      C   python3                                       494MiB |
+-----------------------------------------------------------------------------------------+
CUDA verified: NVIDIA L40S; tensor dot product=8.0
GPU startup: NVIDIA L40S, 533, 46068, 5
Loaded train=6026, valid=754; reserved test set is not loaded
epoch=1 loss=0.840476 validation_macro_fmax=0.223769 valid_micro_fmax=0.085164
epoch=2 loss=0.419792 validation_macro_fmax=0.229305 valid_micro_fmax=0.059190
epoch=3 loss=0.305837 validation_macro_fmax=0.242743 valid_micro_fmax=0.110013
epoch=4 loss=0.231311 validation_macro_fmax=0.239016 valid_micro_fmax=0.114609
epoch=5 loss=0.170918 validation_macro_fmax=0.243555 valid_micro_fmax=0.094710
epoch=6 loss=0.151954 validation_macro_fmax=0.206707 valid_micro_fmax=0.113112
epoch=7 loss=0.130096 validation_macro_fmax=0.220507 valid_micro_fmax=0.127379
epoch=8 loss=0.128621 validation_macro_fmax=0.237737 valid_micro_fmax=0.118821
epoch=9 loss=0.115561 validation_macro_fmax=0.231028 valid_micro_fmax=0.085694
epoch=10 loss=0.110870 validation_macro_fmax=0.176987 valid_micro_fmax=0.084334
epoch=11 loss=0.079803 validation_macro_fmax=0.189583 valid_micro_fmax=0.124939
epoch=12 loss=0.088274 validation_macro_fmax=0.221118 valid_micro_fmax=0.144308
epoch=13 loss=0.094638 validation_macro_fmax=0.183053 valid_micro_fmax=0.096199
Early stopping after 13 epochs (patience=8)
GPU completion: NVIDIA L40S, 36531, 46068, 0
