GPU: NVIDIA L40S
CUDA tensor check: 8.0
Sun Jul 19 10:17:55 2026       
+-----------------------------------------------------------------------------------------+
| NVIDIA-SMI 560.35.03              Driver Version: 560.35.03      CUDA Version: 12.6     |
|-----------------------------------------+------------------------+----------------------+
| GPU  Name                 Persistence-M | Bus-Id          Disp.A | Volatile Uncorr. ECC |
| Fan  Temp   Perf          Pwr:Usage/Cap |           Memory-Usage | GPU-Util  Compute M. |
|                                         |                        |               MIG M. |
|=========================================+========================+======================|
|   0  NVIDIA L40S                    On  |   00000000:0D:00.0 Off |                    0 |
| N/A   43C    P0             40W /  350W |     503MiB /  46068MiB |      0%      Default |
|                                         |                        |                  N/A |
+-----------------------------------------+------------------------+----------------------+
                                                                                         
+-----------------------------------------------------------------------------------------+
| Processes:                                                                              |
|  GPU   GI   CI        PID   Type   Process name                              GPU Memory |
|        ID   ID                                                               Usage      |
|=========================================================================================|
|    0   N/A  N/A    695109      C   python3                                       494MiB |
+-----------------------------------------------------------------------------------------+
CUDA verified: NVIDIA L40S; tensor dot product=8.0
GPU startup: NVIDIA L40S, 533, 46068, 0
Loaded train=6026, valid=754; reserved test set is not loaded
epoch=1 loss=0.407855 validation_macro_fmax=0.093319 valid_micro_fmax=0.010476
epoch=2 loss=0.372183 validation_macro_fmax=0.101649 valid_micro_fmax=0.009970
epoch=3 loss=0.346137 validation_macro_fmax=0.102617 valid_micro_fmax=0.010696
epoch=4 loss=0.329473 validation_macro_fmax=0.106703 valid_micro_fmax=0.011538
epoch=5 loss=0.313066 validation_macro_fmax=0.104525 valid_micro_fmax=0.011793
epoch=6 loss=0.302264 validation_macro_fmax=0.107023 valid_micro_fmax=0.011554
epoch=7 loss=0.291558 validation_macro_fmax=0.109038 valid_micro_fmax=0.011961
epoch=8 loss=0.283371 validation_macro_fmax=0.110406 valid_micro_fmax=0.013063
epoch=9 loss=0.275685 validation_macro_fmax=0.117165 valid_micro_fmax=0.013457
epoch=10 loss=0.269385 validation_macro_fmax=0.121875 valid_micro_fmax=0.014318
epoch=11 loss=0.262939 validation_macro_fmax=0.122905 valid_micro_fmax=0.014307
epoch=12 loss=0.258315 validation_macro_fmax=0.122498 valid_micro_fmax=0.016255
epoch=13 loss=0.253605 validation_macro_fmax=0.130715 valid_micro_fmax=0.016767
epoch=14 loss=0.249436 validation_macro_fmax=0.129439 valid_micro_fmax=0.019017
epoch=15 loss=0.245091 validation_macro_fmax=0.136223 valid_micro_fmax=0.021225
epoch=16 loss=0.241730 validation_macro_fmax=0.139097 valid_micro_fmax=0.023408
epoch=17 loss=0.238301 validation_macro_fmax=0.141032 valid_micro_fmax=0.021870
epoch=18 loss=0.235256 validation_macro_fmax=0.145324 valid_micro_fmax=0.025045
epoch=19 loss=0.232548 validation_macro_fmax=0.145460 valid_micro_fmax=0.025988
epoch=20 loss=0.228844 validation_macro_fmax=0.151589 valid_micro_fmax=0.029376
epoch=21 loss=0.226729 validation_macro_fmax=0.152878 valid_micro_fmax=0.031059
epoch=22 loss=0.224650 validation_macro_fmax=0.157038 valid_micro_fmax=0.031657
epoch=23 loss=0.221793 validation_macro_fmax=0.158754 valid_micro_fmax=0.035458
epoch=24 loss=0.219879 validation_macro_fmax=0.156962 valid_micro_fmax=0.032949
epoch=25 loss=0.217252 validation_macro_fmax=0.161085 valid_micro_fmax=0.037495
epoch=26 loss=0.215534 validation_macro_fmax=0.164558 valid_micro_fmax=0.042517
epoch=27 loss=0.213107 validation_macro_fmax=0.164140 valid_micro_fmax=0.044506
epoch=28 loss=0.211094 validation_macro_fmax=0.165232 valid_micro_fmax=0.049989
epoch=29 loss=0.209222 validation_macro_fmax=0.167670 valid_micro_fmax=0.046931
epoch=30 loss=0.206943 validation_macro_fmax=0.171066 valid_micro_fmax=0.050749
epoch=31 loss=0.205257 validation_macro_fmax=0.169498 valid_micro_fmax=0.055973
epoch=32 loss=0.203192 validation_macro_fmax=0.169977 valid_micro_fmax=0.056378
epoch=33 loss=0.201282 validation_macro_fmax=0.169319 valid_micro_fmax=0.057170
epoch=34 loss=0.199971 validation_macro_fmax=0.171621 valid_micro_fmax=0.059422
epoch=35 loss=0.197214 validation_macro_fmax=0.176699 valid_micro_fmax=0.058363
epoch=36 loss=0.195705 validation_macro_fmax=0.177029 valid_micro_fmax=0.064547
epoch=37 loss=0.193308 validation_macro_fmax=0.173972 valid_micro_fmax=0.065989
epoch=38 loss=0.191588 validation_macro_fmax=0.173884 valid_micro_fmax=0.061457
epoch=39 loss=0.189656 validation_macro_fmax=0.175110 valid_micro_fmax=0.070604
epoch=40 loss=0.187469 validation_macro_fmax=0.177084 valid_micro_fmax=0.070668
epoch=41 loss=0.185703 validation_macro_fmax=0.173450 valid_micro_fmax=0.065162
epoch=42 loss=0.183301 validation_macro_fmax=0.173764 valid_micro_fmax=0.067881
epoch=43 loss=0.181446 validation_macro_fmax=0.178112 valid_micro_fmax=0.072232
epoch=44 loss=0.179427 validation_macro_fmax=0.179955 valid_micro_fmax=0.074408
epoch=45 loss=0.176794 validation_macro_fmax=0.180983 valid_micro_fmax=0.073505
epoch=46 loss=0.174434 validation_macro_fmax=0.178449 valid_micro_fmax=0.076654
epoch=47 loss=0.172407 validation_macro_fmax=0.177479 valid_micro_fmax=0.075911
epoch=48 loss=0.170100 validation_macro_fmax=0.179663 valid_micro_fmax=0.079093
epoch=49 loss=0.167474 validation_macro_fmax=0.182446 valid_micro_fmax=0.087407
epoch=50 loss=0.165643 validation_macro_fmax=0.182866 valid_micro_fmax=0.089028
epoch=51 loss=0.162787 validation_macro_fmax=0.182126 valid_micro_fmax=0.084351
epoch=52 loss=0.160553 validation_macro_fmax=0.182490 valid_micro_fmax=0.091829
epoch=53 loss=0.158018 validation_macro_fmax=0.177542 valid_micro_fmax=0.093196
epoch=54 loss=0.155323 validation_macro_fmax=0.179396 valid_micro_fmax=0.095033
epoch=55 loss=0.152674 validation_macro_fmax=0.179037 valid_micro_fmax=0.090551
epoch=56 loss=0.150292 validation_macro_fmax=0.185207 valid_micro_fmax=0.094144
epoch=57 loss=0.147887 validation_macro_fmax=0.179625 valid_micro_fmax=0.101444
epoch=58 loss=0.144890 validation_macro_fmax=0.183293 valid_micro_fmax=0.100912
epoch=59 loss=0.143325 validation_macro_fmax=0.188649 valid_micro_fmax=0.102009
epoch=60 loss=0.139558 validation_macro_fmax=0.182079 valid_micro_fmax=0.104607
epoch=61 loss=0.136771 validation_macro_fmax=0.182186 valid_micro_fmax=0.107131
epoch=62 loss=0.134556 validation_macro_fmax=0.185532 valid_micro_fmax=0.111631
epoch=63 loss=0.132034 validation_macro_fmax=0.183689 valid_micro_fmax=0.111304
epoch=64 loss=0.128783 validation_macro_fmax=0.187423 valid_micro_fmax=0.110579
epoch=65 loss=0.126014 validation_macro_fmax=0.186859 valid_micro_fmax=0.108081
epoch=66 loss=0.123854 validation_macro_fmax=0.189359 valid_micro_fmax=0.118776
epoch=67 loss=0.120972 validation_macro_fmax=0.189865 valid_micro_fmax=0.118962
epoch=68 loss=0.118026 validation_macro_fmax=0.188717 valid_micro_fmax=0.123046
epoch=69 loss=0.115404 validation_macro_fmax=0.188653 valid_micro_fmax=0.125045
epoch=70 loss=0.113079 validation_macro_fmax=0.193104 valid_micro_fmax=0.123790
epoch=71 loss=0.110420 validation_macro_fmax=0.187094 valid_micro_fmax=0.121388
epoch=72 loss=0.107539 validation_macro_fmax=0.191790 valid_micro_fmax=0.126903
epoch=73 loss=0.104627 validation_macro_fmax=0.193876 valid_micro_fmax=0.135786
epoch=74 loss=0.102607 validation_macro_fmax=0.189604 valid_micro_fmax=0.124734
epoch=75 loss=0.099559 validation_macro_fmax=0.193924 valid_micro_fmax=0.129494
epoch=76 loss=0.097084 validation_macro_fmax=0.191546 valid_micro_fmax=0.131141
epoch=77 loss=0.094524 validation_macro_fmax=0.191069 valid_micro_fmax=0.132347
epoch=78 loss=0.092429 validation_macro_fmax=0.190956 valid_micro_fmax=0.130498
epoch=79 loss=0.089902 validation_macro_fmax=0.194533 valid_micro_fmax=0.138805
epoch=80 loss=0.087505 validation_macro_fmax=0.195099 valid_micro_fmax=0.136022
epoch=81 loss=0.085204 validation_macro_fmax=0.193927 valid_micro_fmax=0.136400
epoch=82 loss=0.083192 validation_macro_fmax=0.193141 valid_micro_fmax=0.141247
epoch=83 loss=0.080291 validation_macro_fmax=0.193679 valid_micro_fmax=0.135841
epoch=84 loss=0.078541 validation_macro_fmax=0.193352 valid_micro_fmax=0.137103
epoch=85 loss=0.076483 validation_macro_fmax=0.195378 valid_micro_fmax=0.137316
epoch=86 loss=0.074351 validation_macro_fmax=0.196062 valid_micro_fmax=0.139194
epoch=87 loss=0.072110 validation_macro_fmax=0.199032 valid_micro_fmax=0.139759
epoch=88 loss=0.069755 validation_macro_fmax=0.195095 valid_micro_fmax=0.138908
epoch=89 loss=0.068200 validation_macro_fmax=0.196315 valid_micro_fmax=0.139725
epoch=90 loss=0.066020 validation_macro_fmax=0.198765 valid_micro_fmax=0.138757
epoch=91 loss=0.064459 validation_macro_fmax=0.194418 valid_micro_fmax=0.141699
epoch=92 loss=0.062430 validation_macro_fmax=0.198561 valid_micro_fmax=0.139207
epoch=93 loss=0.060728 validation_macro_fmax=0.202222 valid_micro_fmax=0.143598
epoch=94 loss=0.058949 validation_macro_fmax=0.199965 valid_micro_fmax=0.145125
epoch=95 loss=0.056953 validation_macro_fmax=0.199001 valid_micro_fmax=0.152092
epoch=96 loss=0.055470 validation_macro_fmax=0.197785 valid_micro_fmax=0.149865
epoch=97 loss=0.054009 validation_macro_fmax=0.200372 valid_micro_fmax=0.156660
epoch=98 loss=0.052399 validation_macro_fmax=0.199588 valid_micro_fmax=0.153622
epoch=99 loss=0.051027 validation_macro_fmax=0.200617 valid_micro_fmax=0.157232
epoch=100 loss=0.049824 validation_macro_fmax=0.198140 valid_micro_fmax=0.153869
epoch=101 loss=0.048373 validation_macro_fmax=0.201499 valid_micro_fmax=0.154311
epoch=102 loss=0.046711 validation_macro_fmax=0.195059 valid_micro_fmax=0.154153
Early stopping after 102 epochs (patience=9)
GPU completion: NVIDIA L40S, 10415, 46068, 0
