GPU: NVIDIA L40S
CUDA tensor check: 8.0
Sun Jul 19 17:34:28 2026       
+-----------------------------------------------------------------------------------------+
| NVIDIA-SMI 560.35.03              Driver Version: 560.35.03      CUDA Version: 12.6     |
|-----------------------------------------+------------------------+----------------------+
| GPU  Name                 Persistence-M | Bus-Id          Disp.A | Volatile Uncorr. ECC |
| Fan  Temp   Perf          Pwr:Usage/Cap |           Memory-Usage | GPU-Util  Compute M. |
|                                         |                        |               MIG M. |
|=========================================+========================+======================|
|   0  NVIDIA L40S                    On  |   00000000:B5:00.0 Off |                    0 |
| N/A   44C    P0             42W /  350W |     503MiB /  46068MiB |      5%      Default |
|                                         |                        |                  N/A |
+-----------------------------------------+------------------------+----------------------+
                                                                                         
+-----------------------------------------------------------------------------------------+
| Processes:                                                                              |
|  GPU   GI   CI        PID   Type   Process name                              GPU Memory |
|        ID   ID                                                               Usage      |
|=========================================================================================|
|    0   N/A  N/A   1483767      C   python3                                       494MiB |
+-----------------------------------------------------------------------------------------+
CUDA verified: NVIDIA L40S; tensor dot product=8.0
GPU startup: NVIDIA L40S, 533, 46068, 0
Loaded train=6026, valid=754; reserved test set is not loaded
epoch=1 loss=1.232987 validation_macro_fmax=0.101091 valid_micro_fmax=0.018418
epoch=2 loss=1.167847 validation_macro_fmax=0.105229 valid_micro_fmax=0.017318
epoch=3 loss=1.119472 validation_macro_fmax=0.108357 valid_micro_fmax=0.015524
epoch=4 loss=1.080231 validation_macro_fmax=0.109755 valid_micro_fmax=0.016144
epoch=5 loss=1.047336 validation_macro_fmax=0.116204 valid_micro_fmax=0.017529
epoch=6 loss=1.019334 validation_macro_fmax=0.124910 valid_micro_fmax=0.017236
epoch=7 loss=0.996409 validation_macro_fmax=0.133076 valid_micro_fmax=0.018264
epoch=8 loss=0.974050 validation_macro_fmax=0.138692 valid_micro_fmax=0.020625
epoch=9 loss=0.955761 validation_macro_fmax=0.148011 valid_micro_fmax=0.021743
epoch=10 loss=0.937883 validation_macro_fmax=0.156123 valid_micro_fmax=0.025897
epoch=11 loss=0.924060 validation_macro_fmax=0.165061 valid_micro_fmax=0.026356
epoch=12 loss=0.908774 validation_macro_fmax=0.169727 valid_micro_fmax=0.028209
epoch=13 loss=0.895450 validation_macro_fmax=0.171633 valid_micro_fmax=0.032656
epoch=14 loss=0.884790 validation_macro_fmax=0.176880 valid_micro_fmax=0.032988
epoch=15 loss=0.873743 validation_macro_fmax=0.180429 valid_micro_fmax=0.034417
epoch=16 loss=0.862437 validation_macro_fmax=0.191081 valid_micro_fmax=0.035947
epoch=17 loss=0.853303 validation_macro_fmax=0.195697 valid_micro_fmax=0.040223
epoch=18 loss=0.844562 validation_macro_fmax=0.198903 valid_micro_fmax=0.039653
epoch=19 loss=0.835660 validation_macro_fmax=0.199269 valid_micro_fmax=0.043092
epoch=20 loss=0.827075 validation_macro_fmax=0.208680 valid_micro_fmax=0.045472
epoch=21 loss=0.820801 validation_macro_fmax=0.212064 valid_micro_fmax=0.051351
epoch=22 loss=0.812302 validation_macro_fmax=0.210636 valid_micro_fmax=0.049033
epoch=23 loss=0.804996 validation_macro_fmax=0.216198 valid_micro_fmax=0.049212
epoch=24 loss=0.798409 validation_macro_fmax=0.217112 valid_micro_fmax=0.052948
epoch=25 loss=0.792004 validation_macro_fmax=0.223397 valid_micro_fmax=0.055125
epoch=26 loss=0.785888 validation_macro_fmax=0.225059 valid_micro_fmax=0.056501
epoch=27 loss=0.779906 validation_macro_fmax=0.230474 valid_micro_fmax=0.056335
epoch=28 loss=0.772617 validation_macro_fmax=0.232578 valid_micro_fmax=0.060775
epoch=29 loss=0.767661 validation_macro_fmax=0.233813 valid_micro_fmax=0.066034
epoch=30 loss=0.761156 validation_macro_fmax=0.240690 valid_micro_fmax=0.068389
epoch=31 loss=0.755283 validation_macro_fmax=0.243369 valid_micro_fmax=0.068353
epoch=32 loss=0.749930 validation_macro_fmax=0.253082 valid_micro_fmax=0.072248
epoch=33 loss=0.745216 validation_macro_fmax=0.251966 valid_micro_fmax=0.075514
epoch=34 loss=0.738209 validation_macro_fmax=0.254736 valid_micro_fmax=0.076504
epoch=35 loss=0.732021 validation_macro_fmax=0.256889 valid_micro_fmax=0.074952
epoch=36 loss=0.725719 validation_macro_fmax=0.259683 valid_micro_fmax=0.082905
epoch=37 loss=0.720123 validation_macro_fmax=0.265839 valid_micro_fmax=0.084325
epoch=38 loss=0.713780 validation_macro_fmax=0.267799 valid_micro_fmax=0.086608
epoch=39 loss=0.707748 validation_macro_fmax=0.270350 valid_micro_fmax=0.089834
epoch=40 loss=0.701522 validation_macro_fmax=0.275853 valid_micro_fmax=0.086114
epoch=41 loss=0.695429 validation_macro_fmax=0.276983 valid_micro_fmax=0.091065
epoch=42 loss=0.688629 validation_macro_fmax=0.287623 valid_micro_fmax=0.093094
epoch=43 loss=0.682135 validation_macro_fmax=0.281103 valid_micro_fmax=0.095018
epoch=44 loss=0.675777 validation_macro_fmax=0.288686 valid_micro_fmax=0.096735
epoch=45 loss=0.668219 validation_macro_fmax=0.288887 valid_micro_fmax=0.095046
epoch=46 loss=0.661361 validation_macro_fmax=0.288326 valid_micro_fmax=0.096915
epoch=47 loss=0.654508 validation_macro_fmax=0.292990 valid_micro_fmax=0.104935
epoch=48 loss=0.646690 validation_macro_fmax=0.289571 valid_micro_fmax=0.104160
epoch=49 loss=0.639395 validation_macro_fmax=0.290493 valid_micro_fmax=0.109577
epoch=50 loss=0.631718 validation_macro_fmax=0.297755 valid_micro_fmax=0.107468
epoch=51 loss=0.623705 validation_macro_fmax=0.299684 valid_micro_fmax=0.113055
epoch=52 loss=0.615973 validation_macro_fmax=0.298768 valid_micro_fmax=0.113494
epoch=53 loss=0.607835 validation_macro_fmax=0.299440 valid_micro_fmax=0.108985
epoch=54 loss=0.599348 validation_macro_fmax=0.300573 valid_micro_fmax=0.116374
epoch=55 loss=0.591557 validation_macro_fmax=0.305596 valid_micro_fmax=0.114637
epoch=56 loss=0.582733 validation_macro_fmax=0.304054 valid_micro_fmax=0.114848
epoch=57 loss=0.574109 validation_macro_fmax=0.307568 valid_micro_fmax=0.115935
epoch=58 loss=0.565051 validation_macro_fmax=0.310819 valid_micro_fmax=0.117763
epoch=59 loss=0.556513 validation_macro_fmax=0.310363 valid_micro_fmax=0.122367
epoch=60 loss=0.546998 validation_macro_fmax=0.315326 valid_micro_fmax=0.123065
epoch=61 loss=0.538202 validation_macro_fmax=0.309762 valid_micro_fmax=0.126763
epoch=62 loss=0.529293 validation_macro_fmax=0.310196 valid_micro_fmax=0.126115
epoch=63 loss=0.519595 validation_macro_fmax=0.306118 valid_micro_fmax=0.129103
epoch=64 loss=0.510517 validation_macro_fmax=0.307067 valid_micro_fmax=0.126319
epoch=65 loss=0.501058 validation_macro_fmax=0.309251 valid_micro_fmax=0.128224
epoch=66 loss=0.491950 validation_macro_fmax=0.308429 valid_micro_fmax=0.132468
epoch=67 loss=0.482422 validation_macro_fmax=0.310874 valid_micro_fmax=0.130422
epoch=68 loss=0.472662 validation_macro_fmax=0.307290 valid_micro_fmax=0.130519
epoch=69 loss=0.463654 validation_macro_fmax=0.305952 valid_micro_fmax=0.131945
Early stopping after 69 epochs (patience=9)
GPU completion: NVIDIA L40S, 27889, 46068, 0
