GPU: NVIDIA L40S
CUDA tensor check: 8.0
Mon Jul 20 00:59:31 2026       
+-----------------------------------------------------------------------------------------+
| NVIDIA-SMI 560.35.03              Driver Version: 560.35.03      CUDA Version: 12.6     |
|-----------------------------------------+------------------------+----------------------+
| GPU  Name                 Persistence-M | Bus-Id          Disp.A | Volatile Uncorr. ECC |
| Fan  Temp   Perf          Pwr:Usage/Cap |           Memory-Usage | GPU-Util  Compute M. |
|                                         |                        |               MIG M. |
|=========================================+========================+======================|
|   0  NVIDIA L40S                    On  |   00000000:B5:00.0 Off |                    0 |
| N/A   48C    P0             42W /  350W |     503MiB /  46068MiB |      0%      Default |
|                                         |                        |                  N/A |
+-----------------------------------------+------------------------+----------------------+
                                                                                         
+-----------------------------------------------------------------------------------------+
| Processes:                                                                              |
|  GPU   GI   CI        PID   Type   Process name                              GPU Memory |
|        ID   ID                                                               Usage      |
|=========================================================================================|
|    0   N/A  N/A   1112344      C   python3                                       494MiB |
+-----------------------------------------------------------------------------------------+
CUDA verified: NVIDIA L40S; tensor dot product=8.0
GPU startup: NVIDIA L40S, 533, 46068, 0
Loaded train=6026, valid=754; reserved test set is not loaded
epoch=1 loss=0.803296 validation_macro_fmax=0.308546 valid_micro_fmax=0.144708
epoch=2 loss=0.348371 validation_macro_fmax=0.325498 valid_micro_fmax=0.172430
epoch=3 loss=0.170159 validation_macro_fmax=0.383601 valid_micro_fmax=0.240744
epoch=4 loss=0.099608 validation_macro_fmax=0.405652 valid_micro_fmax=0.286710
epoch=5 loss=0.059549 validation_macro_fmax=0.438547 valid_micro_fmax=0.367389
epoch=6 loss=0.042470 validation_macro_fmax=0.414953 valid_micro_fmax=0.369507
epoch=7 loss=0.031558 validation_macro_fmax=0.442625 valid_micro_fmax=0.390421
epoch=8 loss=0.029875 validation_macro_fmax=0.448743 valid_micro_fmax=0.360803
epoch=9 loss=0.023234 validation_macro_fmax=0.423813 valid_micro_fmax=0.374416
epoch=10 loss=0.020655 validation_macro_fmax=0.420168 valid_micro_fmax=0.425593
epoch=11 loss=0.018342 validation_macro_fmax=0.386924 valid_micro_fmax=0.342522
epoch=12 loss=0.184831 validation_macro_fmax=0.362799 valid_micro_fmax=0.234893
epoch=13 loss=0.059775 validation_macro_fmax=0.385430 valid_micro_fmax=0.327794
epoch=14 loss=0.030163 validation_macro_fmax=0.401796 valid_micro_fmax=0.377671
epoch=15 loss=0.022106 validation_macro_fmax=0.395519 valid_micro_fmax=0.407704
epoch=16 loss=0.017671 validation_macro_fmax=0.411764 valid_micro_fmax=0.421308
epoch=17 loss=0.013152 validation_macro_fmax=0.408909 valid_micro_fmax=0.434643
epoch=18 loss=0.012539 validation_macro_fmax=0.408092 valid_micro_fmax=0.425996
Early stopping after 18 epochs (patience=10)
GPU completion: NVIDIA L40S, 17807, 46068, 0
