GPU: NVIDIA L40S
CUDA tensor check: 8.0
Sun Jul 19 09:43:06 2026       
+-----------------------------------------------------------------------------------------+
| NVIDIA-SMI 560.35.03              Driver Version: 560.35.03      CUDA Version: 12.6     |
|-----------------------------------------+------------------------+----------------------+
| GPU  Name                 Persistence-M | Bus-Id          Disp.A | Volatile Uncorr. ECC |
| Fan  Temp   Perf          Pwr:Usage/Cap |           Memory-Usage | GPU-Util  Compute M. |
|                                         |                        |               MIG M. |
|=========================================+========================+======================|
|   0  NVIDIA L40S                    On  |   00000000:0D:00.0 Off |                    0 |
| N/A   54C    P0             44W /  350W |     503MiB /  46068MiB |      1%      Default |
|                                         |                        |                  N/A |
+-----------------------------------------+------------------------+----------------------+
                                                                                         
+-----------------------------------------------------------------------------------------+
| Processes:                                                                              |
|  GPU   GI   CI        PID   Type   Process name                              GPU Memory |
|        ID   ID                                                               Usage      |
|=========================================================================================|
|    0   N/A  N/A    672937      C   python3                                       494MiB |
+-----------------------------------------------------------------------------------------+
CUDA verified: NVIDIA L40S; tensor dot product=8.0
GPU startup: NVIDIA L40S, 533, 46068, 0
Loaded train=6026, valid=754; reserved test set is not loaded
epoch=1 loss=0.353187 validation_macro_fmax=0.091290 valid_micro_fmax=0.014946
epoch=2 loss=0.287167 validation_macro_fmax=0.100460 valid_micro_fmax=0.019743
epoch=3 loss=0.261992 validation_macro_fmax=0.108270 valid_micro_fmax=0.025134
epoch=4 loss=0.246983 validation_macro_fmax=0.114030 valid_micro_fmax=0.045356
epoch=5 loss=0.235891 validation_macro_fmax=0.121880 valid_micro_fmax=0.047010
epoch=6 loss=0.226713 validation_macro_fmax=0.130342 valid_micro_fmax=0.059538
epoch=7 loss=0.219079 validation_macro_fmax=0.133902 valid_micro_fmax=0.075141
epoch=8 loss=0.212014 validation_macro_fmax=0.141277 valid_micro_fmax=0.086863
epoch=9 loss=0.204948 validation_macro_fmax=0.143935 valid_micro_fmax=0.094012
epoch=10 loss=0.197107 validation_macro_fmax=0.151195 valid_micro_fmax=0.102951
epoch=11 loss=0.189718 validation_macro_fmax=0.146825 valid_micro_fmax=0.108829
epoch=12 loss=0.181263 validation_macro_fmax=0.157502 valid_micro_fmax=0.123956
epoch=13 loss=0.172330 validation_macro_fmax=0.151611 valid_micro_fmax=0.129336
epoch=14 loss=0.162462 validation_macro_fmax=0.155386 valid_micro_fmax=0.145843
epoch=15 loss=0.152440 validation_macro_fmax=0.153627 valid_micro_fmax=0.152642
epoch=16 loss=0.141805 validation_macro_fmax=0.151523 valid_micro_fmax=0.154626
epoch=17 loss=0.130974 validation_macro_fmax=0.153579 valid_micro_fmax=0.166715
epoch=18 loss=0.120271 validation_macro_fmax=0.153449 valid_micro_fmax=0.165762
epoch=19 loss=0.110609 validation_macro_fmax=0.155262 valid_micro_fmax=0.179367
epoch=20 loss=0.100940 validation_macro_fmax=0.165346 valid_micro_fmax=0.188025
epoch=21 loss=0.092199 validation_macro_fmax=0.154568 valid_micro_fmax=0.187749
epoch=22 loss=0.083775 validation_macro_fmax=0.157257 valid_micro_fmax=0.188757
epoch=23 loss=0.075245 validation_macro_fmax=0.159921 valid_micro_fmax=0.184967
epoch=24 loss=0.068453 validation_macro_fmax=0.167527 valid_micro_fmax=0.202523
epoch=25 loss=0.062169 validation_macro_fmax=0.166719 valid_micro_fmax=0.213467
epoch=26 loss=0.055911 validation_macro_fmax=0.160480 valid_micro_fmax=0.207115
epoch=27 loss=0.050305 validation_macro_fmax=0.161618 valid_micro_fmax=0.219614
epoch=28 loss=0.045564 validation_macro_fmax=0.164812 valid_micro_fmax=0.215551
epoch=29 loss=0.041491 validation_macro_fmax=0.160856 valid_micro_fmax=0.212792
epoch=30 loss=0.038072 validation_macro_fmax=0.157467 valid_micro_fmax=0.203523
epoch=31 loss=0.034725 validation_macro_fmax=0.176121 valid_micro_fmax=0.231425
epoch=32 loss=0.031407 validation_macro_fmax=0.164317 valid_micro_fmax=0.231328
epoch=33 loss=0.029198 validation_macro_fmax=0.175942 valid_micro_fmax=0.234497
epoch=34 loss=0.026843 validation_macro_fmax=0.166489 valid_micro_fmax=0.236940
epoch=35 loss=0.024530 validation_macro_fmax=0.160759 valid_micro_fmax=0.237047
epoch=36 loss=0.022763 validation_macro_fmax=0.171758 valid_micro_fmax=0.243057
epoch=37 loss=0.021080 validation_macro_fmax=0.168704 valid_micro_fmax=0.244387
epoch=38 loss=0.019318 validation_macro_fmax=0.166264 valid_micro_fmax=0.245029
epoch=39 loss=0.018238 validation_macro_fmax=0.173255 valid_micro_fmax=0.256620
Early stopping after 39 epochs (patience=8)
GPU completion: NVIDIA L40S, 19657, 46068, 0
