GPU: NVIDIA L40S
CUDA tensor check: 8.0
Sun Jul 19 23:30:59 2026       
+-----------------------------------------------------------------------------------------+
| NVIDIA-SMI 560.35.03              Driver Version: 560.35.03      CUDA Version: 12.6     |
|-----------------------------------------+------------------------+----------------------+
| GPU  Name                 Persistence-M | Bus-Id          Disp.A | Volatile Uncorr. ECC |
| Fan  Temp   Perf          Pwr:Usage/Cap |           Memory-Usage | GPU-Util  Compute M. |
|                                         |                        |               MIG M. |
|=========================================+========================+======================|
|   0  NVIDIA L40S                    On  |   00000000:B5:00.0 Off |                    0 |
| N/A   55C    P0             47W /  350W |     503MiB /  46068MiB |      5%      Default |
|                                         |                        |                  N/A |
+-----------------------------------------+------------------------+----------------------+
                                                                                         
+-----------------------------------------------------------------------------------------+
| Processes:                                                                              |
|  GPU   GI   CI        PID   Type   Process name                              GPU Memory |
|        ID   ID                                                               Usage      |
|=========================================================================================|
|    0   N/A  N/A   1629681      C   python3                                       494MiB |
+-----------------------------------------------------------------------------------------+
CUDA verified: NVIDIA L40S; tensor dot product=8.0
GPU startup: NVIDIA L40S, 533, 46068, 5
Loaded train=6026, valid=754; reserved test set is not loaded
epoch=1 loss=0.221711 validation_macro_fmax=0.318405 valid_micro_fmax=0.346868
epoch=2 loss=0.102501 validation_macro_fmax=0.336082 valid_micro_fmax=0.475937
epoch=3 loss=0.067424 validation_macro_fmax=0.296446 valid_micro_fmax=0.395765
epoch=4 loss=0.054599 validation_macro_fmax=0.304923 valid_micro_fmax=0.386474
epoch=5 loss=0.046174 validation_macro_fmax=0.273308 valid_micro_fmax=0.415504
epoch=6 loss=0.037228 validation_macro_fmax=0.295255 valid_micro_fmax=0.494159
epoch=7 loss=0.037277 validation_macro_fmax=0.286116 valid_micro_fmax=0.414452
epoch=8 loss=0.027853 validation_macro_fmax=0.272204 valid_micro_fmax=0.443058
epoch=9 loss=0.025518 validation_macro_fmax=0.302757 valid_micro_fmax=0.427298
epoch=10 loss=0.029289 validation_macro_fmax=0.308110 valid_micro_fmax=0.469582
Early stopping after 10 epochs (patience=8)
GPU completion: NVIDIA L40S, 19531, 46068, 0
