GPU: NVIDIA L40S
CUDA tensor check: 8.0
Sun Jul 19 17:34:28 2026       
+-----------------------------------------------------------------------------------------+
| NVIDIA-SMI 560.35.03              Driver Version: 560.35.03      CUDA Version: 12.6     |
|-----------------------------------------+------------------------+----------------------+
| GPU  Name                 Persistence-M | Bus-Id          Disp.A | Volatile Uncorr. ECC |
| Fan  Temp   Perf          Pwr:Usage/Cap |           Memory-Usage | GPU-Util  Compute M. |
|                                         |                        |               MIG M. |
|=========================================+========================+======================|
|   0  NVIDIA L40S                    On  |   00000000:B5:00.0 Off |                    0 |
| N/A   43C    P0             41W /  350W |     503MiB /  46068MiB |      0%      Default |
|                                         |                        |                  N/A |
+-----------------------------------------+------------------------+----------------------+
                                                                                         
+-----------------------------------------------------------------------------------------+
| Processes:                                                                              |
|  GPU   GI   CI        PID   Type   Process name                              GPU Memory |
|        ID   ID                                                               Usage      |
|=========================================================================================|
|    0   N/A  N/A    925787      C   python3                                       494MiB |
+-----------------------------------------------------------------------------------------+
CUDA verified: NVIDIA L40S; tensor dot product=8.0
GPU startup: NVIDIA L40S, 533, 46068, 1
Loaded train=6026, valid=754; reserved test set is not loaded
epoch=1 loss=0.766841 validation_macro_fmax=0.290365 valid_micro_fmax=0.351609
epoch=2 loss=0.335057 validation_macro_fmax=0.290201 valid_micro_fmax=0.468459
epoch=3 loss=0.176151 validation_macro_fmax=0.298412 valid_micro_fmax=0.490524
epoch=4 loss=0.110645 validation_macro_fmax=0.331492 valid_micro_fmax=0.466632
epoch=5 loss=0.067034 validation_macro_fmax=0.274560 valid_micro_fmax=0.493501
epoch=6 loss=0.052872 validation_macro_fmax=0.283182 valid_micro_fmax=0.520304
epoch=7 loss=0.058001 validation_macro_fmax=0.286361 valid_micro_fmax=0.483004
epoch=8 loss=0.067040 validation_macro_fmax=0.324126 valid_micro_fmax=0.491984
epoch=9 loss=0.038739 validation_macro_fmax=0.309062 valid_micro_fmax=0.438617
epoch=10 loss=0.024316 validation_macro_fmax=0.282220 valid_micro_fmax=0.469919
epoch=11 loss=0.021582 validation_macro_fmax=0.270593 valid_micro_fmax=0.481727
epoch=12 loss=0.014559 validation_macro_fmax=0.269524 valid_micro_fmax=0.473547
epoch=13 loss=0.013693 validation_macro_fmax=0.285210 valid_micro_fmax=0.453806
epoch=14 loss=0.034867 validation_macro_fmax=0.256268 valid_micro_fmax=0.406234
Early stopping after 14 epochs (patience=10)
GPU completion: NVIDIA L40S, 44829, 46068, 0
