GPU: NVIDIA L40S
CUDA tensor check: 8.0
Sat Jul 18 17:58:54 2026       
+-----------------------------------------------------------------------------------------+
| NVIDIA-SMI 560.35.03              Driver Version: 560.35.03      CUDA Version: 12.6     |
|-----------------------------------------+------------------------+----------------------+
| GPU  Name                 Persistence-M | Bus-Id          Disp.A | Volatile Uncorr. ECC |
| Fan  Temp   Perf          Pwr:Usage/Cap |           Memory-Usage | GPU-Util  Compute M. |
|                                         |                        |               MIG M. |
|=========================================+========================+======================|
|   0  NVIDIA L40S                    On  |   00000000:0D:00.0 Off |                    0 |
| N/A   54C    P0             44W /  350W |     503MiB /  46068MiB |      5%      Default |
|                                         |                        |                  N/A |
+-----------------------------------------+------------------------+----------------------+
                                                                                         
+-----------------------------------------------------------------------------------------+
| Processes:                                                                              |
|  GPU   GI   CI        PID   Type   Process name                              GPU Memory |
|        ID   ID                                                               Usage      |
|=========================================================================================|
|    0   N/A  N/A    318166      C   python3                                       494MiB |
+-----------------------------------------------------------------------------------------+
CUDA verified: NVIDIA L40S; tensor dot product=8.0
GPU startup: NVIDIA L40S, 533, 46068, 0
Loaded train=6026, valid=754; reserved test set is not loaded
epoch=1 loss=0.301083 validation_macro_fmax=0.150909 valid_micro_fmax=0.022395
epoch=2 loss=0.237279 validation_macro_fmax=0.219544 valid_micro_fmax=0.039965
epoch=3 loss=0.218387 validation_macro_fmax=0.244471 valid_micro_fmax=0.050037
epoch=4 loss=0.205840 validation_macro_fmax=0.268517 valid_micro_fmax=0.069540
epoch=5 loss=0.195190 validation_macro_fmax=0.285111 valid_micro_fmax=0.086595
epoch=6 loss=0.183648 validation_macro_fmax=0.299462 valid_micro_fmax=0.096204
epoch=7 loss=0.169982 validation_macro_fmax=0.312506 valid_micro_fmax=0.113233
epoch=8 loss=0.153825 validation_macro_fmax=0.323820 valid_micro_fmax=0.119747
epoch=9 loss=0.135229 validation_macro_fmax=0.330492 valid_micro_fmax=0.123975
epoch=10 loss=0.116176 validation_macro_fmax=0.338862 valid_micro_fmax=0.141655
epoch=11 loss=0.097248 validation_macro_fmax=0.333173 valid_micro_fmax=0.182986
epoch=12 loss=0.079748 validation_macro_fmax=0.346770 valid_micro_fmax=0.194868
epoch=13 loss=0.064923 validation_macro_fmax=0.354297 valid_micro_fmax=0.229370
epoch=14 loss=0.052225 validation_macro_fmax=0.357632 valid_micro_fmax=0.219328
epoch=15 loss=0.042109 validation_macro_fmax=0.368510 valid_micro_fmax=0.238375
epoch=16 loss=0.033870 validation_macro_fmax=0.361888 valid_micro_fmax=0.244383
epoch=17 loss=0.027595 validation_macro_fmax=0.361531 valid_micro_fmax=0.258200
epoch=18 loss=0.022613 validation_macro_fmax=0.357248 valid_micro_fmax=0.256627
epoch=19 loss=0.018732 validation_macro_fmax=0.356853 valid_micro_fmax=0.245714
epoch=20 loss=0.015655 validation_macro_fmax=0.355860 valid_micro_fmax=0.256122
epoch=21 loss=0.013142 validation_macro_fmax=0.357021 valid_micro_fmax=0.259866
epoch=22 loss=0.011200 validation_macro_fmax=0.359087 valid_micro_fmax=0.264187
epoch=23 loss=0.009566 validation_macro_fmax=0.350366 valid_micro_fmax=0.274240
epoch=24 loss=0.008141 validation_macro_fmax=0.344710 valid_micro_fmax=0.265402
epoch=25 loss=0.007160 validation_macro_fmax=0.357762 valid_micro_fmax=0.282542
Early stopping after 25 epochs (patience=10)
GPU completion: NVIDIA L40S, 41599, 46068, 0
