GPU: NVIDIA L40S
CUDA tensor check: 8.0
Sun Jul 19 11:17:27 2026       
+-----------------------------------------------------------------------------------------+
| NVIDIA-SMI 560.35.03              Driver Version: 560.35.03      CUDA Version: 12.6     |
|-----------------------------------------+------------------------+----------------------+
| GPU  Name                 Persistence-M | Bus-Id          Disp.A | Volatile Uncorr. ECC |
| Fan  Temp   Perf          Pwr:Usage/Cap |           Memory-Usage | GPU-Util  Compute M. |
|                                         |                        |               MIG M. |
|=========================================+========================+======================|
|   0  NVIDIA L40S                    On  |   00000000:0D:00.0 Off |                    0 |
| N/A   40C    P0             39W /  350W |     503MiB /  46068MiB |      0%      Default |
|                                         |                        |                  N/A |
+-----------------------------------------+------------------------+----------------------+
                                                                                         
+-----------------------------------------------------------------------------------------+
| Processes:                                                                              |
|  GPU   GI   CI        PID   Type   Process name                              GPU Memory |
|        ID   ID                                                               Usage      |
|=========================================================================================|
|    0   N/A  N/A    731968      C   python3                                       494MiB |
+-----------------------------------------------------------------------------------------+
CUDA verified: NVIDIA L40S; tensor dot product=8.0
GPU startup: NVIDIA L40S, 533, 46068, 5
Loaded train=6026, valid=754; reserved test set is not loaded
epoch=1 loss=0.307124 validation_macro_fmax=0.096125 valid_micro_fmax=0.014060
epoch=2 loss=0.240611 validation_macro_fmax=0.135970 valid_micro_fmax=0.021981
epoch=3 loss=0.218263 validation_macro_fmax=0.172223 valid_micro_fmax=0.042601
epoch=4 loss=0.202885 validation_macro_fmax=0.197946 valid_micro_fmax=0.060906
epoch=5 loss=0.188761 validation_macro_fmax=0.227078 valid_micro_fmax=0.097216
epoch=6 loss=0.173345 validation_macro_fmax=0.236873 valid_micro_fmax=0.103856
epoch=7 loss=0.155779 validation_macro_fmax=0.244478 valid_micro_fmax=0.128712
epoch=8 loss=0.136587 validation_macro_fmax=0.250183 valid_micro_fmax=0.125982
epoch=9 loss=0.116366 validation_macro_fmax=0.259397 valid_micro_fmax=0.149252
epoch=10 loss=0.096512 validation_macro_fmax=0.270066 valid_micro_fmax=0.164197
epoch=11 loss=0.078884 validation_macro_fmax=0.279643 valid_micro_fmax=0.182583
epoch=12 loss=0.063364 validation_macro_fmax=0.267321 valid_micro_fmax=0.181226
epoch=13 loss=0.050759 validation_macro_fmax=0.276203 valid_micro_fmax=0.189475
epoch=14 loss=0.040729 validation_macro_fmax=0.283376 valid_micro_fmax=0.207155
epoch=15 loss=0.032952 validation_macro_fmax=0.271594 valid_micro_fmax=0.198228
epoch=16 loss=0.027093 validation_macro_fmax=0.293688 valid_micro_fmax=0.232415
epoch=17 loss=0.022155 validation_macro_fmax=0.283446 valid_micro_fmax=0.229694
epoch=18 loss=0.018434 validation_macro_fmax=0.292616 valid_micro_fmax=0.234051
epoch=19 loss=0.015542 validation_macro_fmax=0.279945 valid_micro_fmax=0.238022
epoch=20 loss=0.013574 validation_macro_fmax=0.283162 valid_micro_fmax=0.233600
epoch=21 loss=0.012108 validation_macro_fmax=0.286542 valid_micro_fmax=0.224215
epoch=22 loss=0.010429 validation_macro_fmax=0.285655 valid_micro_fmax=0.239697
epoch=23 loss=0.009155 validation_macro_fmax=0.286449 valid_micro_fmax=0.240579
epoch=24 loss=0.007896 validation_macro_fmax=0.280991 valid_micro_fmax=0.240547
epoch=25 loss=0.007243 validation_macro_fmax=0.300815 valid_micro_fmax=0.238556
epoch=26 loss=0.006193 validation_macro_fmax=0.285354 valid_micro_fmax=0.222222
epoch=27 loss=0.005466 validation_macro_fmax=0.272805 valid_micro_fmax=0.230682
epoch=28 loss=0.005171 validation_macro_fmax=0.279322 valid_micro_fmax=0.218653
epoch=29 loss=0.004225 validation_macro_fmax=0.273512 valid_micro_fmax=0.228925
epoch=30 loss=0.004258 validation_macro_fmax=0.279176 valid_micro_fmax=0.230719
epoch=31 loss=0.003588 validation_macro_fmax=0.292584 valid_micro_fmax=0.250727
epoch=32 loss=0.003435 validation_macro_fmax=0.287555 valid_micro_fmax=0.247448
epoch=33 loss=0.003294 validation_macro_fmax=0.283894 valid_micro_fmax=0.247830
epoch=34 loss=0.002924 validation_macro_fmax=0.274830 valid_micro_fmax=0.231631
Early stopping after 34 epochs (patience=9)
GPU completion: NVIDIA L40S, 26371, 46068, 0
