GPU: NVIDIA L40S
CUDA tensor check: 8.0
Sun Jul 19 19:09:38 2026       
+-----------------------------------------------------------------------------------------+
| NVIDIA-SMI 560.35.03              Driver Version: 560.35.03      CUDA Version: 12.6     |
|-----------------------------------------+------------------------+----------------------+
| GPU  Name                 Persistence-M | Bus-Id          Disp.A | Volatile Uncorr. ECC |
| Fan  Temp   Perf          Pwr:Usage/Cap |           Memory-Usage | GPU-Util  Compute M. |
|                                         |                        |               MIG M. |
|=========================================+========================+======================|
|   0  NVIDIA L40S                    On  |   00000000:B5:00.0 Off |                    0 |
| N/A   47C    P0             41W /  350W |     503MiB /  46068MiB |      0%      Default |
|                                         |                        |                  N/A |
+-----------------------------------------+------------------------+----------------------+
                                                                                         
+-----------------------------------------------------------------------------------------+
| Processes:                                                                              |
|  GPU   GI   CI        PID   Type   Process name                              GPU Memory |
|        ID   ID                                                               Usage      |
|=========================================================================================|
|    0   N/A  N/A    968851      C   python3                                       494MiB |
+-----------------------------------------------------------------------------------------+
CUDA verified: NVIDIA L40S; tensor dot product=8.0
GPU startup: NVIDIA L40S, 533, 46068, 5
Loaded train=6026, valid=754; reserved test set is not loaded
epoch=1 loss=0.289959 validation_macro_fmax=0.234240 valid_micro_fmax=0.143694
epoch=2 loss=0.227615 validation_macro_fmax=0.269693 valid_micro_fmax=0.214456
epoch=3 loss=0.207713 validation_macro_fmax=0.282646 valid_micro_fmax=0.227212
epoch=4 loss=0.193636 validation_macro_fmax=0.285767 valid_micro_fmax=0.267895
epoch=5 loss=0.180737 validation_macro_fmax=0.298861 valid_micro_fmax=0.303264
epoch=6 loss=0.166179 validation_macro_fmax=0.305819 valid_micro_fmax=0.322396
epoch=7 loss=0.149496 validation_macro_fmax=0.291383 valid_micro_fmax=0.335517
epoch=8 loss=0.131121 validation_macro_fmax=0.294910 valid_micro_fmax=0.347514
epoch=9 loss=0.111688 validation_macro_fmax=0.302638 valid_micro_fmax=0.380646
epoch=10 loss=0.092658 validation_macro_fmax=0.288997 valid_micro_fmax=0.393233
epoch=11 loss=0.075503 validation_macro_fmax=0.288074 valid_micro_fmax=0.406681
epoch=12 loss=0.061069 validation_macro_fmax=0.299540 valid_micro_fmax=0.472339
epoch=13 loss=0.048990 validation_macro_fmax=0.300654 valid_micro_fmax=0.457147
epoch=14 loss=0.039596 validation_macro_fmax=0.286446 valid_micro_fmax=0.456341
epoch=15 loss=0.032136 validation_macro_fmax=0.292749 valid_micro_fmax=0.450320
epoch=16 loss=0.026310 validation_macro_fmax=0.288256 valid_micro_fmax=0.465291
Early stopping after 16 epochs (patience=10)
GPU completion: NVIDIA L40S, 40883, 46068, 0
