GPU: NVIDIA L40S
CUDA tensor check: 8.0
Sun Jul 19 04:36:26 2026       
+-----------------------------------------------------------------------------------------+
| NVIDIA-SMI 560.35.03              Driver Version: 560.35.03      CUDA Version: 12.6     |
|-----------------------------------------+------------------------+----------------------+
| GPU  Name                 Persistence-M | Bus-Id          Disp.A | Volatile Uncorr. ECC |
| Fan  Temp   Perf          Pwr:Usage/Cap |           Memory-Usage | GPU-Util  Compute M. |
|                                         |                        |               MIG M. |
|=========================================+========================+======================|
|   0  NVIDIA L40S                    On  |   00000000:B5:00.0 Off |                    0 |
| N/A   56C    P0             45W /  350W |     503MiB /  46068MiB |      1%      Default |
|                                         |                        |                  N/A |
+-----------------------------------------+------------------------+----------------------+
                                                                                         
+-----------------------------------------------------------------------------------------+
| Processes:                                                                              |
|  GPU   GI   CI        PID   Type   Process name                              GPU Memory |
|        ID   ID                                                               Usage      |
|=========================================================================================|
|    0   N/A  N/A    540826      C   python3                                       494MiB |
+-----------------------------------------------------------------------------------------+
CUDA verified: NVIDIA L40S; tensor dot product=8.0
GPU startup: NVIDIA L40S, 533, 46068, 0
Loaded train=6026, valid=754; reserved test set is not loaded
epoch=1 loss=0.298512 validation_macro_fmax=0.241257 valid_micro_fmax=0.028973
epoch=2 loss=0.176047 validation_macro_fmax=0.238285 valid_micro_fmax=0.061481
epoch=3 loss=0.112244 validation_macro_fmax=0.265026 valid_micro_fmax=0.097133
epoch=4 loss=0.078454 validation_macro_fmax=0.241298 valid_micro_fmax=0.118126
epoch=5 loss=0.060008 validation_macro_fmax=0.261651 valid_micro_fmax=0.145192
epoch=6 loss=0.049523 validation_macro_fmax=0.234319 valid_micro_fmax=0.139435
epoch=7 loss=0.049791 validation_macro_fmax=0.221453 valid_micro_fmax=0.142109
epoch=8 loss=0.037828 validation_macro_fmax=0.235125 valid_micro_fmax=0.136647
epoch=9 loss=0.035599 validation_macro_fmax=0.230384 valid_micro_fmax=0.144096
epoch=10 loss=0.034398 validation_macro_fmax=0.233878 valid_micro_fmax=0.148264
epoch=11 loss=0.028311 validation_macro_fmax=0.245843 valid_micro_fmax=0.150105
epoch=12 loss=0.028132 validation_macro_fmax=0.244684 valid_micro_fmax=0.146101
epoch=13 loss=0.033287 validation_macro_fmax=0.244462 valid_micro_fmax=0.134787
Early stopping after 13 epochs (patience=10)
GPU completion: NVIDIA L40S, 41131, 46068, 0
