GPU: NVIDIA L40S
CUDA tensor check: 8.0
Sun Jul 19 04:15:43 2026       
+-----------------------------------------------------------------------------------------+
| NVIDIA-SMI 560.35.03              Driver Version: 560.35.03      CUDA Version: 12.6     |
|-----------------------------------------+------------------------+----------------------+
| GPU  Name                 Persistence-M | Bus-Id          Disp.A | Volatile Uncorr. ECC |
| Fan  Temp   Perf          Pwr:Usage/Cap |           Memory-Usage | GPU-Util  Compute M. |
|                                         |                        |               MIG M. |
|=========================================+========================+======================|
|   0  NVIDIA L40S                    On  |   00000000:0D:00.0 Off |                    0 |
| N/A   54C    P0             43W /  350W |     503MiB /  46068MiB |      0%      Default |
|                                         |                        |                  N/A |
+-----------------------------------------+------------------------+----------------------+
                                                                                         
+-----------------------------------------------------------------------------------------+
| Processes:                                                                              |
|  GPU   GI   CI        PID   Type   Process name                              GPU Memory |
|        ID   ID                                                               Usage      |
|=========================================================================================|
|    0   N/A  N/A    989670      C   python3                                       494MiB |
+-----------------------------------------------------------------------------------------+
CUDA verified: NVIDIA L40S; tensor dot product=8.0
GPU startup: NVIDIA L40S, 533, 46068, 1
Loaded train=6026, valid=754; reserved test set is not loaded
epoch=1 loss=0.124627 validation_macro_fmax=0.292925 valid_micro_fmax=0.068798
epoch=2 loss=0.052859 validation_macro_fmax=0.307089 valid_micro_fmax=0.058992
epoch=3 loss=0.032870 validation_macro_fmax=0.311076 valid_micro_fmax=0.081743
epoch=4 loss=0.021312 validation_macro_fmax=0.324978 valid_micro_fmax=0.106640
epoch=5 loss=0.017008 validation_macro_fmax=0.328701 valid_micro_fmax=0.139997
epoch=6 loss=0.012322 validation_macro_fmax=0.343268 valid_micro_fmax=0.151692
epoch=7 loss=0.011219 validation_macro_fmax=0.332054 valid_micro_fmax=0.170899
epoch=8 loss=0.008366 validation_macro_fmax=0.339463 valid_micro_fmax=0.187305
epoch=9 loss=0.007129 validation_macro_fmax=0.351316 valid_micro_fmax=0.198638
epoch=10 loss=0.009014 validation_macro_fmax=0.359484 valid_micro_fmax=0.191637
epoch=11 loss=0.009179 validation_macro_fmax=0.357401 valid_micro_fmax=0.183354
epoch=12 loss=0.007594 validation_macro_fmax=0.350416 valid_micro_fmax=0.169392
epoch=13 loss=0.005213 validation_macro_fmax=0.333833 valid_micro_fmax=0.211930
epoch=14 loss=0.005470 validation_macro_fmax=0.334928 valid_micro_fmax=0.216847
epoch=15 loss=0.007285 validation_macro_fmax=0.319636 valid_micro_fmax=0.207836
epoch=16 loss=0.008604 validation_macro_fmax=0.334818 valid_micro_fmax=0.177693
epoch=17 loss=0.010814 validation_macro_fmax=0.347479 valid_micro_fmax=0.153685
epoch=18 loss=0.016718 validation_macro_fmax=0.332323 valid_micro_fmax=0.143536
epoch=19 loss=0.015790 validation_macro_fmax=0.347052 valid_micro_fmax=0.151374
Early stopping after 19 epochs (patience=9)
GPU completion: NVIDIA L40S, 30877, 46068, 0
