GPU: NVIDIA L40S
CUDA tensor check: 8.0
Sat Jul 18 18:53:09 2026       
+-----------------------------------------------------------------------------------------+
| NVIDIA-SMI 560.35.03              Driver Version: 560.35.03      CUDA Version: 12.6     |
|-----------------------------------------+------------------------+----------------------+
| GPU  Name                 Persistence-M | Bus-Id          Disp.A | Volatile Uncorr. ECC |
| Fan  Temp   Perf          Pwr:Usage/Cap |           Memory-Usage | GPU-Util  Compute M. |
|                                         |                        |               MIG M. |
|=========================================+========================+======================|
|   0  NVIDIA L40S                    On  |   00000000:B5:00.0 Off |                    0 |
| N/A   48C    P0             42W /  350W |     503MiB /  46068MiB |      0%      Default |
|                                         |                        |                  N/A |
+-----------------------------------------+------------------------+----------------------+
                                                                                         
+-----------------------------------------------------------------------------------------+
| Processes:                                                                              |
|  GPU   GI   CI        PID   Type   Process name                              GPU Memory |
|        ID   ID                                                               Usage      |
|=========================================================================================|
|    0   N/A  N/A    351831      C   python3                                       494MiB |
+-----------------------------------------------------------------------------------------+
CUDA verified: NVIDIA L40S; tensor dot product=8.0
GPU startup: NVIDIA L40S, 533, 46068, 0
Loaded train=6026, valid=754; reserved test set is not loaded
epoch=1 loss=1.037296 validation_macro_fmax=0.361471 valid_micro_fmax=0.166348
epoch=2 loss=0.853813 validation_macro_fmax=0.391398 valid_micro_fmax=0.194709
epoch=3 loss=0.791242 validation_macro_fmax=0.388751 valid_micro_fmax=0.245250
epoch=4 loss=0.751417 validation_macro_fmax=0.386824 valid_micro_fmax=0.252761
epoch=5 loss=0.720490 validation_macro_fmax=0.378237 valid_micro_fmax=0.262898
epoch=6 loss=0.694387 validation_macro_fmax=0.373675 valid_micro_fmax=0.281199
epoch=7 loss=0.666630 validation_macro_fmax=0.377851 valid_micro_fmax=0.277294
epoch=8 loss=0.638591 validation_macro_fmax=0.380940 valid_micro_fmax=0.308524
epoch=9 loss=0.605621 validation_macro_fmax=0.380333 valid_micro_fmax=0.277940
epoch=10 loss=0.568304 validation_macro_fmax=0.379933 valid_micro_fmax=0.291570
epoch=11 loss=0.525670 validation_macro_fmax=0.382808 valid_micro_fmax=0.298966
Early stopping after 11 epochs (patience=9)
GPU completion: NVIDIA L40S, 34389, 46068, 0
