GPU: NVIDIA L40S
CUDA tensor check: 8.0
Sun Jul 19 19:10:42 2026       
+-----------------------------------------------------------------------------------------+
| NVIDIA-SMI 560.35.03              Driver Version: 560.35.03      CUDA Version: 12.6     |
|-----------------------------------------+------------------------+----------------------+
| GPU  Name                 Persistence-M | Bus-Id          Disp.A | Volatile Uncorr. ECC |
| Fan  Temp   Perf          Pwr:Usage/Cap |           Memory-Usage | GPU-Util  Compute M. |
|                                         |                        |               MIG M. |
|=========================================+========================+======================|
|   0  NVIDIA L40S                    On  |   00000000:B5:00.0 Off |                    0 |
| N/A   49C    P0             43W /  350W |     503MiB /  46068MiB |      0%      Default |
|                                         |                        |                  N/A |
+-----------------------------------------+------------------------+----------------------+
                                                                                         
+-----------------------------------------------------------------------------------------+
| Processes:                                                                              |
|  GPU   GI   CI        PID   Type   Process name                              GPU Memory |
|        ID   ID                                                               Usage      |
|=========================================================================================|
|    0   N/A  N/A   1526039      C   python3                                       494MiB |
+-----------------------------------------------------------------------------------------+
CUDA verified: NVIDIA L40S; tensor dot product=8.0
GPU startup: NVIDIA L40S, 533, 46068, 0
Loaded train=6026, valid=754; reserved test set is not loaded
epoch=1 loss=0.920046 validation_macro_fmax=0.276479 valid_micro_fmax=0.089357
epoch=2 loss=0.489814 validation_macro_fmax=0.301707 valid_micro_fmax=0.145676
epoch=3 loss=0.240802 validation_macro_fmax=0.323432 valid_micro_fmax=0.201062
epoch=4 loss=0.137242 validation_macro_fmax=0.343496 valid_micro_fmax=0.234827
epoch=5 loss=0.087331 validation_macro_fmax=0.377460 valid_micro_fmax=0.228917
epoch=6 loss=0.066680 validation_macro_fmax=0.365286 valid_micro_fmax=0.250876
epoch=7 loss=0.043864 validation_macro_fmax=0.377255 valid_micro_fmax=0.239072
epoch=8 loss=0.037384 validation_macro_fmax=0.375035 valid_micro_fmax=0.254604
epoch=9 loss=0.028825 validation_macro_fmax=0.376881 valid_micro_fmax=0.292991
epoch=10 loss=0.024000 validation_macro_fmax=0.369029 valid_micro_fmax=0.293911
epoch=11 loss=0.022046 validation_macro_fmax=0.377999 valid_micro_fmax=0.248294
epoch=12 loss=0.020746 validation_macro_fmax=0.364945 valid_micro_fmax=0.268206
epoch=13 loss=0.017709 validation_macro_fmax=0.382012 valid_micro_fmax=0.294166
epoch=14 loss=0.014906 validation_macro_fmax=0.390759 valid_micro_fmax=0.280063
epoch=15 loss=0.015313 validation_macro_fmax=0.376123 valid_micro_fmax=0.245974
epoch=16 loss=0.014080 validation_macro_fmax=0.348676 valid_micro_fmax=0.277688
epoch=17 loss=0.011272 validation_macro_fmax=0.369005 valid_micro_fmax=0.315960
epoch=18 loss=0.011606 validation_macro_fmax=0.400733 valid_micro_fmax=0.292875
epoch=19 loss=0.010649 validation_macro_fmax=0.384607 valid_micro_fmax=0.324677
epoch=20 loss=0.011453 validation_macro_fmax=0.387748 valid_micro_fmax=0.285828
epoch=21 loss=0.009955 validation_macro_fmax=0.375516 valid_micro_fmax=0.307037
epoch=22 loss=0.008406 validation_macro_fmax=0.407646 valid_micro_fmax=0.334800
epoch=23 loss=0.012675 validation_macro_fmax=0.372119 valid_micro_fmax=0.314698
epoch=24 loss=0.008080 validation_macro_fmax=0.398632 valid_micro_fmax=0.337554
epoch=25 loss=0.008391 validation_macro_fmax=0.377081 valid_micro_fmax=0.311321
epoch=26 loss=0.008654 validation_macro_fmax=0.343751 valid_micro_fmax=0.262747
epoch=27 loss=0.009243 validation_macro_fmax=0.343930 valid_micro_fmax=0.313436
epoch=28 loss=0.007862 validation_macro_fmax=0.359372 valid_micro_fmax=0.326233
epoch=29 loss=0.006002 validation_macro_fmax=0.360772 valid_micro_fmax=0.305572
epoch=30 loss=0.007737 validation_macro_fmax=0.377365 valid_micro_fmax=0.325043
Early stopping after 30 epochs (patience=8)
GPU completion: NVIDIA L40S, 9487, 46068, 0
