GPU: NVIDIA L40S
CUDA tensor check: 8.0
Sun Jul 19 07:31:58 2026       
+-----------------------------------------------------------------------------------------+
| NVIDIA-SMI 560.35.03              Driver Version: 560.35.03      CUDA Version: 12.6     |
|-----------------------------------------+------------------------+----------------------+
| GPU  Name                 Persistence-M | Bus-Id          Disp.A | Volatile Uncorr. ECC |
| Fan  Temp   Perf          Pwr:Usage/Cap |           Memory-Usage | GPU-Util  Compute M. |
|                                         |                        |               MIG M. |
|=========================================+========================+======================|
|   0  NVIDIA L40S                    On  |   00000000:0D:00.0 Off |                    0 |
| N/A   45C    P0             40W /  350W |     503MiB /  46068MiB |      0%      Default |
|                                         |                        |                  N/A |
+-----------------------------------------+------------------------+----------------------+
                                                                                         
+-----------------------------------------------------------------------------------------+
| Processes:                                                                              |
|  GPU   GI   CI        PID   Type   Process name                              GPU Memory |
|        ID   ID                                                               Usage      |
|=========================================================================================|
|    0   N/A  N/A   1075049      C   python3                                       494MiB |
+-----------------------------------------------------------------------------------------+
CUDA verified: NVIDIA L40S; tensor dot product=8.0
GPU startup: NVIDIA L40S, 533, 46068, 0
Loaded train=6026, valid=754; reserved test set is not loaded
epoch=1 loss=0.256327 validation_macro_fmax=0.167704 valid_micro_fmax=0.156098
epoch=2 loss=0.325077 validation_macro_fmax=0.230848 valid_micro_fmax=0.169359
epoch=3 loss=0.161111 validation_macro_fmax=0.235000 valid_micro_fmax=0.283269
epoch=4 loss=0.117688 validation_macro_fmax=0.244322 valid_micro_fmax=0.164916
epoch=5 loss=0.090566 validation_macro_fmax=0.237200 valid_micro_fmax=0.239849
epoch=6 loss=0.086857 validation_macro_fmax=0.263118 valid_micro_fmax=0.246695
epoch=7 loss=0.071237 validation_macro_fmax=0.247950 valid_micro_fmax=0.237476
epoch=8 loss=0.054999 validation_macro_fmax=0.277222 valid_micro_fmax=0.261288
epoch=9 loss=0.049714 validation_macro_fmax=0.258130 valid_micro_fmax=0.262351
epoch=10 loss=0.035504 validation_macro_fmax=0.268420 valid_micro_fmax=0.297605
epoch=11 loss=0.038186 validation_macro_fmax=0.260446 valid_micro_fmax=0.289827
epoch=12 loss=0.046228 validation_macro_fmax=0.257709 valid_micro_fmax=0.278947
epoch=13 loss=0.057829 validation_macro_fmax=0.254516 valid_micro_fmax=0.249875
epoch=14 loss=0.079524 validation_macro_fmax=0.258401 valid_micro_fmax=0.248248
epoch=15 loss=0.045450 validation_macro_fmax=0.263187 valid_micro_fmax=0.297053
epoch=16 loss=0.039937 validation_macro_fmax=0.262907 valid_micro_fmax=0.287180
epoch=17 loss=0.032198 validation_macro_fmax=0.274823 valid_micro_fmax=0.304670
Early stopping after 17 epochs (patience=9)
GPU completion: NVIDIA L40S, 34129, 46068, 0
