GPU: NVIDIA L40S
CUDA tensor check: 8.0
Sun Jul 19 19:02:36 2026       
+-----------------------------------------------------------------------------------------+
| NVIDIA-SMI 560.35.03              Driver Version: 560.35.03      CUDA Version: 12.6     |
|-----------------------------------------+------------------------+----------------------+
| GPU  Name                 Persistence-M | Bus-Id          Disp.A | Volatile Uncorr. ECC |
| Fan  Temp   Perf          Pwr:Usage/Cap |           Memory-Usage | GPU-Util  Compute M. |
|                                         |                        |               MIG M. |
|=========================================+========================+======================|
|   0  NVIDIA L40S                    On  |   00000000:B5:00.0 Off |                    0 |
| N/A   48C    P0             44W /  350W |     503MiB /  46068MiB |      0%      Default |
|                                         |                        |                  N/A |
+-----------------------------------------+------------------------+----------------------+
                                                                                         
+-----------------------------------------------------------------------------------------+
| Processes:                                                                              |
|  GPU   GI   CI        PID   Type   Process name                              GPU Memory |
|        ID   ID                                                               Usage      |
|=========================================================================================|
|    0   N/A  N/A    966267      C   python3                                       494MiB |
+-----------------------------------------------------------------------------------------+
CUDA verified: NVIDIA L40S; tensor dot product=8.0
GPU startup: NVIDIA L40S, 533, 46068, 0
Loaded train=6026, valid=754; reserved test set is not loaded
epoch=1 loss=0.323708 validation_macro_fmax=0.116997 valid_micro_fmax=0.015290
epoch=2 loss=0.258029 validation_macro_fmax=0.143300 valid_micro_fmax=0.020762
epoch=3 loss=0.234659 validation_macro_fmax=0.167176 valid_micro_fmax=0.027972
epoch=4 loss=0.219511 validation_macro_fmax=0.187141 valid_micro_fmax=0.042269
epoch=5 loss=0.206916 validation_macro_fmax=0.202876 valid_micro_fmax=0.052868
epoch=6 loss=0.194489 validation_macro_fmax=0.215967 valid_micro_fmax=0.062019
epoch=7 loss=0.180278 validation_macro_fmax=0.221230 valid_micro_fmax=0.069294
epoch=8 loss=0.164674 validation_macro_fmax=0.217250 valid_micro_fmax=0.070539
epoch=9 loss=0.146944 validation_macro_fmax=0.223056 valid_micro_fmax=0.081771
epoch=10 loss=0.128862 validation_macro_fmax=0.227269 valid_micro_fmax=0.090763
epoch=11 loss=0.110856 validation_macro_fmax=0.219423 valid_micro_fmax=0.095343
epoch=12 loss=0.094276 validation_macro_fmax=0.229580 valid_micro_fmax=0.107763
epoch=13 loss=0.079105 validation_macro_fmax=0.221207 valid_micro_fmax=0.121732
epoch=14 loss=0.065755 validation_macro_fmax=0.229352 valid_micro_fmax=0.127209
epoch=15 loss=0.054951 validation_macro_fmax=0.223019 valid_micro_fmax=0.131596
epoch=16 loss=0.046105 validation_macro_fmax=0.221432 valid_micro_fmax=0.141268
epoch=17 loss=0.039098 validation_macro_fmax=0.210668 valid_micro_fmax=0.137214
epoch=18 loss=0.032620 validation_macro_fmax=0.217353 valid_micro_fmax=0.144737
epoch=19 loss=0.028036 validation_macro_fmax=0.220533 valid_micro_fmax=0.153525
epoch=20 loss=0.024437 validation_macro_fmax=0.208007 valid_micro_fmax=0.164606
epoch=21 loss=0.021324 validation_macro_fmax=0.224007 valid_micro_fmax=0.158689
epoch=22 loss=0.018462 validation_macro_fmax=0.217744 valid_micro_fmax=0.165680
Early stopping after 22 epochs (patience=10)
GPU completion: NVIDIA L40S, 8197, 46068, 0
