GPU: NVIDIA L40S
CUDA tensor check: 8.0
Sun Jul 19 03:32:20 2026       
+-----------------------------------------------------------------------------------------+
| NVIDIA-SMI 560.35.03              Driver Version: 560.35.03      CUDA Version: 12.6     |
|-----------------------------------------+------------------------+----------------------+
| GPU  Name                 Persistence-M | Bus-Id          Disp.A | Volatile Uncorr. ECC |
| Fan  Temp   Perf          Pwr:Usage/Cap |           Memory-Usage | GPU-Util  Compute M. |
|                                         |                        |               MIG M. |
|=========================================+========================+======================|
|   0  NVIDIA L40S                    On  |   00000000:0D:00.0 Off |                    0 |
| N/A   50C    P0             42W /  350W |     503MiB /  46068MiB |      1%      Default |
|                                         |                        |                  N/A |
+-----------------------------------------+------------------------+----------------------+
                                                                                         
+-----------------------------------------------------------------------------------------+
| Processes:                                                                              |
|  GPU   GI   CI        PID   Type   Process name                              GPU Memory |
|        ID   ID                                                               Usage      |
|=========================================================================================|
|    0   N/A  N/A   1080408      C   python3                                       494MiB |
+-----------------------------------------------------------------------------------------+
CUDA verified: NVIDIA L40S; tensor dot product=8.0
GPU startup: NVIDIA L40S, 533, 46068, 1
Loaded train=6026, valid=754; reserved test set is not loaded
epoch=1 loss=0.357618 validation_macro_fmax=0.127169 valid_micro_fmax=0.012789
epoch=2 loss=0.287931 validation_macro_fmax=0.179916 valid_micro_fmax=0.027406
epoch=3 loss=0.262371 validation_macro_fmax=0.219684 valid_micro_fmax=0.051494
epoch=4 loss=0.243798 validation_macro_fmax=0.241247 valid_micro_fmax=0.086591
epoch=5 loss=0.227602 validation_macro_fmax=0.254986 valid_micro_fmax=0.110452
epoch=6 loss=0.209209 validation_macro_fmax=0.253391 valid_micro_fmax=0.136129
epoch=7 loss=0.189281 validation_macro_fmax=0.260519 valid_micro_fmax=0.138300
epoch=8 loss=0.164548 validation_macro_fmax=0.248879 valid_micro_fmax=0.150224
epoch=9 loss=0.136265 validation_macro_fmax=0.269669 valid_micro_fmax=0.150339
epoch=10 loss=0.109707 validation_macro_fmax=0.262349 valid_micro_fmax=0.174289
epoch=11 loss=0.087186 validation_macro_fmax=0.246793 valid_micro_fmax=0.171985
epoch=12 loss=0.068009 validation_macro_fmax=0.259618 valid_micro_fmax=0.173671
epoch=13 loss=0.053592 validation_macro_fmax=0.258495 valid_micro_fmax=0.194594
epoch=14 loss=0.042549 validation_macro_fmax=0.246667 valid_micro_fmax=0.181239
epoch=15 loss=0.036114 validation_macro_fmax=0.236705 valid_micro_fmax=0.194031
epoch=16 loss=0.030004 validation_macro_fmax=0.248952 valid_micro_fmax=0.191250
epoch=17 loss=0.025263 validation_macro_fmax=0.240042 valid_micro_fmax=0.192189
epoch=18 loss=0.022311 validation_macro_fmax=0.250832 valid_micro_fmax=0.193625
epoch=19 loss=0.019332 validation_macro_fmax=0.251602 valid_micro_fmax=0.205638
Early stopping after 19 epochs (patience=10)
GPU completion: NVIDIA L40S, 20589, 46068, 0
