GPU: NVIDIA L40S
CUDA tensor check: 8.0
Mon Jul 20 02:36:53 2026       
+-----------------------------------------------------------------------------------------+
| NVIDIA-SMI 560.35.03              Driver Version: 560.35.03      CUDA Version: 12.6     |
|-----------------------------------------+------------------------+----------------------+
| GPU  Name                 Persistence-M | Bus-Id          Disp.A | Volatile Uncorr. ECC |
| Fan  Temp   Perf          Pwr:Usage/Cap |           Memory-Usage | GPU-Util  Compute M. |
|                                         |                        |               MIG M. |
|=========================================+========================+======================|
|   0  NVIDIA L40S                    On  |   00000000:B5:00.0 Off |                    0 |
| N/A   39C    P0             38W /  350W |     503MiB /  46068MiB |      1%      Default |
|                                         |                        |                  N/A |
+-----------------------------------------+------------------------+----------------------+
                                                                                         
+-----------------------------------------------------------------------------------------+
| Processes:                                                                              |
|  GPU   GI   CI        PID   Type   Process name                              GPU Memory |
|        ID   ID                                                               Usage      |
|=========================================================================================|
|    0   N/A  N/A   1496258      C   python3                                       494MiB |
+-----------------------------------------------------------------------------------------+
CUDA verified: NVIDIA L40S; tensor dot product=8.0
GPU startup: NVIDIA L40S, 533, 46068, 0
Loaded train=6026, valid=754; reserved test set is not loaded
epoch=1 loss=0.322935 validation_macro_fmax=0.143639 valid_micro_fmax=0.019438
epoch=2 loss=0.246192 validation_macro_fmax=0.205135 valid_micro_fmax=0.036226
epoch=3 loss=0.211329 validation_macro_fmax=0.228484 valid_micro_fmax=0.041752
epoch=4 loss=0.178447 validation_macro_fmax=0.241028 valid_micro_fmax=0.050808
epoch=5 loss=0.143168 validation_macro_fmax=0.263905 valid_micro_fmax=0.072781
epoch=6 loss=0.109880 validation_macro_fmax=0.282093 valid_micro_fmax=0.104078
epoch=7 loss=0.083703 validation_macro_fmax=0.280135 valid_micro_fmax=0.127272
epoch=8 loss=0.064690 validation_macro_fmax=0.302438 valid_micro_fmax=0.138961
epoch=9 loss=0.050745 validation_macro_fmax=0.309562 valid_micro_fmax=0.159555
epoch=10 loss=0.041547 validation_macro_fmax=0.309238 valid_micro_fmax=0.157626
epoch=11 loss=0.035092 validation_macro_fmax=0.304783 valid_micro_fmax=0.187462
epoch=12 loss=0.029314 validation_macro_fmax=0.327716 valid_micro_fmax=0.205317
epoch=13 loss=0.027043 validation_macro_fmax=0.311965 valid_micro_fmax=0.211342
epoch=14 loss=0.022837 validation_macro_fmax=0.322364 valid_micro_fmax=0.200842
epoch=15 loss=0.021731 validation_macro_fmax=0.327359 valid_micro_fmax=0.197235
epoch=16 loss=0.019305 validation_macro_fmax=0.323531 valid_micro_fmax=0.207983
epoch=17 loss=0.017148 validation_macro_fmax=0.334547 valid_micro_fmax=0.220059
epoch=18 loss=0.015850 validation_macro_fmax=0.345239 valid_micro_fmax=0.209314
epoch=19 loss=0.013693 validation_macro_fmax=0.333502 valid_micro_fmax=0.198807
epoch=20 loss=0.013231 validation_macro_fmax=0.326897 valid_micro_fmax=0.194911
epoch=21 loss=0.013924 validation_macro_fmax=0.340797 valid_micro_fmax=0.200764
epoch=22 loss=0.011623 validation_macro_fmax=0.335655 valid_micro_fmax=0.217073
epoch=23 loss=0.010414 validation_macro_fmax=0.347766 valid_micro_fmax=0.219324
epoch=24 loss=0.010171 validation_macro_fmax=0.330272 valid_micro_fmax=0.220095
epoch=25 loss=0.008993 validation_macro_fmax=0.338365 valid_micro_fmax=0.223107
epoch=26 loss=0.009556 validation_macro_fmax=0.340785 valid_micro_fmax=0.226358
epoch=27 loss=0.008438 validation_macro_fmax=0.340663 valid_micro_fmax=0.241087
epoch=28 loss=0.011295 validation_macro_fmax=0.329700 valid_micro_fmax=0.212039
epoch=29 loss=0.008034 validation_macro_fmax=0.344142 valid_micro_fmax=0.212909
epoch=30 loss=0.008787 validation_macro_fmax=0.358326 valid_micro_fmax=0.216953
epoch=31 loss=0.007418 validation_macro_fmax=0.355829 valid_micro_fmax=0.243981
epoch=32 loss=0.007696 validation_macro_fmax=0.360040 valid_micro_fmax=0.240825
epoch=33 loss=0.006653 validation_macro_fmax=0.345448 valid_micro_fmax=0.237777
epoch=34 loss=0.005784 validation_macro_fmax=0.330946 valid_micro_fmax=0.233501
epoch=35 loss=0.005378 validation_macro_fmax=0.335947 valid_micro_fmax=0.241923
epoch=36 loss=0.006252 validation_macro_fmax=0.352993 valid_micro_fmax=0.233986
epoch=37 loss=0.005058 validation_macro_fmax=0.350018 valid_micro_fmax=0.250116
epoch=38 loss=0.005721 validation_macro_fmax=0.344496 valid_micro_fmax=0.239824
epoch=39 loss=0.007374 validation_macro_fmax=0.340700 valid_micro_fmax=0.231094
epoch=40 loss=0.005660 validation_macro_fmax=0.327950 valid_micro_fmax=0.196149
Early stopping after 40 epochs (patience=8)
GPU completion: NVIDIA L40S, 22387, 46068, 0
