GPU: NVIDIA L40S
CUDA tensor check: 8.0
Sun Jul 19 07:15:27 2026       
+-----------------------------------------------------------------------------------------+
| NVIDIA-SMI 560.35.03              Driver Version: 560.35.03      CUDA Version: 12.6     |
|-----------------------------------------+------------------------+----------------------+
| GPU  Name                 Persistence-M | Bus-Id          Disp.A | Volatile Uncorr. ECC |
| Fan  Temp   Perf          Pwr:Usage/Cap |           Memory-Usage | GPU-Util  Compute M. |
|                                         |                        |               MIG M. |
|=========================================+========================+======================|
|   0  NVIDIA L40S                    On  |   00000000:B5:00.0 Off |                    0 |
| N/A   48C    P0             43W /  350W |     503MiB /  46068MiB |      1%      Default |
|                                         |                        |                  N/A |
+-----------------------------------------+------------------------+----------------------+
                                                                                         
+-----------------------------------------------------------------------------------------+
| Processes:                                                                              |
|  GPU   GI   CI        PID   Type   Process name                              GPU Memory |
|        ID   ID                                                               Usage      |
|=========================================================================================|
|    0   N/A  N/A    611002      C   python3                                       494MiB |
+-----------------------------------------------------------------------------------------+
CUDA verified: NVIDIA L40S; tensor dot product=8.0
GPU startup: NVIDIA L40S, 533, 46068, 4
Loaded train=6026, valid=754; reserved test set is not loaded
epoch=1 loss=0.458510 validation_macro_fmax=0.220940 valid_micro_fmax=0.048040
epoch=2 loss=0.228979 validation_macro_fmax=0.224095 valid_micro_fmax=0.106377
epoch=3 loss=0.120765 validation_macro_fmax=0.228874 valid_micro_fmax=0.085504
epoch=4 loss=0.081919 validation_macro_fmax=0.212966 valid_micro_fmax=0.098065
epoch=5 loss=0.058574 validation_macro_fmax=0.244588 valid_micro_fmax=0.108393
epoch=6 loss=0.046509 validation_macro_fmax=0.242555 valid_micro_fmax=0.121725
epoch=7 loss=0.042037 validation_macro_fmax=0.241743 valid_micro_fmax=0.151753
epoch=8 loss=0.032588 validation_macro_fmax=0.244729 valid_micro_fmax=0.122828
epoch=9 loss=0.029266 validation_macro_fmax=0.216369 valid_micro_fmax=0.116787
epoch=10 loss=0.033815 validation_macro_fmax=0.241308 valid_micro_fmax=0.158721
epoch=11 loss=0.031743 validation_macro_fmax=0.239747 valid_micro_fmax=0.136769
epoch=12 loss=0.026958 validation_macro_fmax=0.221290 valid_micro_fmax=0.122786
epoch=13 loss=0.028151 validation_macro_fmax=0.239711 valid_micro_fmax=0.163643
epoch=14 loss=0.022542 validation_macro_fmax=0.242431 valid_micro_fmax=0.160346
epoch=15 loss=0.022737 validation_macro_fmax=0.225944 valid_micro_fmax=0.146287
epoch=16 loss=0.019607 validation_macro_fmax=0.216243 valid_micro_fmax=0.140644
epoch=17 loss=0.023996 validation_macro_fmax=0.215506 valid_micro_fmax=0.155796
epoch=18 loss=0.020554 validation_macro_fmax=0.211070 valid_micro_fmax=0.143525
Early stopping after 18 epochs (patience=10)
GPU completion: NVIDIA L40S, 39231, 46068, 0
