GPU: NVIDIA L40S
CUDA tensor check: 8.0
Sun Jul 19 18:48:40 2026       
+-----------------------------------------------------------------------------------------+
| NVIDIA-SMI 560.35.03              Driver Version: 560.35.03      CUDA Version: 12.6     |
|-----------------------------------------+------------------------+----------------------+
| GPU  Name                 Persistence-M | Bus-Id          Disp.A | Volatile Uncorr. ECC |
| Fan  Temp   Perf          Pwr:Usage/Cap |           Memory-Usage | GPU-Util  Compute M. |
|                                         |                        |               MIG M. |
|=========================================+========================+======================|
|   0  NVIDIA L40S                    On  |   00000000:B5:00.0 Off |                    0 |
| N/A   50C    P0             44W /  350W |     503MiB /  46068MiB |      5%      Default |
|                                         |                        |                  N/A |
+-----------------------------------------+------------------------+----------------------+
                                                                                         
+-----------------------------------------------------------------------------------------+
| Processes:                                                                              |
|  GPU   GI   CI        PID   Type   Process name                              GPU Memory |
|        ID   ID                                                               Usage      |
|=========================================================================================|
|    0   N/A  N/A    958649      C   python3                                       494MiB |
+-----------------------------------------------------------------------------------------+
CUDA verified: NVIDIA L40S; tensor dot product=8.0
GPU startup: NVIDIA L40S, 533, 46068, 1
Loaded train=6026, valid=754; reserved test set is not loaded
epoch=1 loss=0.300617 validation_macro_fmax=0.165912 valid_micro_fmax=0.024934
epoch=2 loss=0.224008 validation_macro_fmax=0.242132 valid_micro_fmax=0.046988
epoch=3 loss=0.190486 validation_macro_fmax=0.262172 valid_micro_fmax=0.063465
epoch=4 loss=0.155041 validation_macro_fmax=0.297991 valid_micro_fmax=0.089105
epoch=5 loss=0.116329 validation_macro_fmax=0.309708 valid_micro_fmax=0.123887
epoch=6 loss=0.082456 validation_macro_fmax=0.332867 valid_micro_fmax=0.143848
epoch=7 loss=0.058572 validation_macro_fmax=0.323106 valid_micro_fmax=0.175512
epoch=8 loss=0.042673 validation_macro_fmax=0.340704 valid_micro_fmax=0.210421
epoch=9 loss=0.032149 validation_macro_fmax=0.361168 valid_micro_fmax=0.204328
epoch=10 loss=0.024984 validation_macro_fmax=0.353432 valid_micro_fmax=0.239707
epoch=11 loss=0.020173 validation_macro_fmax=0.340185 valid_micro_fmax=0.251094
epoch=12 loss=0.017260 validation_macro_fmax=0.379238 valid_micro_fmax=0.305784
epoch=13 loss=0.014425 validation_macro_fmax=0.369343 valid_micro_fmax=0.313917
epoch=14 loss=0.012332 validation_macro_fmax=0.360465 valid_micro_fmax=0.296962
epoch=15 loss=0.010652 validation_macro_fmax=0.354998 valid_micro_fmax=0.234406
epoch=16 loss=0.009339 validation_macro_fmax=0.361730 valid_micro_fmax=0.319700
epoch=17 loss=0.008537 validation_macro_fmax=0.361146 valid_micro_fmax=0.278940
epoch=18 loss=0.007476 validation_macro_fmax=0.364798 valid_micro_fmax=0.326941
epoch=19 loss=0.006386 validation_macro_fmax=0.371549 valid_micro_fmax=0.329765
epoch=20 loss=0.006013 validation_macro_fmax=0.377178 valid_micro_fmax=0.328659
Early stopping after 20 epochs (patience=8)
GPU completion: NVIDIA L40S, 24469, 46068, 0
