GPU: NVIDIA L40S
CUDA tensor check: 8.0
Sun Jul 19 21:14:06 2026       
+-----------------------------------------------------------------------------------------+
| NVIDIA-SMI 560.35.03              Driver Version: 560.35.03      CUDA Version: 12.6     |
|-----------------------------------------+------------------------+----------------------+
| GPU  Name                 Persistence-M | Bus-Id          Disp.A | Volatile Uncorr. ECC |
| Fan  Temp   Perf          Pwr:Usage/Cap |           Memory-Usage | GPU-Util  Compute M. |
|                                         |                        |               MIG M. |
|=========================================+========================+======================|
|   0  NVIDIA L40S                    On  |   00000000:B5:00.0 Off |                    0 |
| N/A   46C    P0             41W /  350W |     503MiB /  46068MiB |      1%      Default |
|                                         |                        |                  N/A |
+-----------------------------------------+------------------------+----------------------+
                                                                                         
+-----------------------------------------------------------------------------------------+
| Processes:                                                                              |
|  GPU   GI   CI        PID   Type   Process name                              GPU Memory |
|        ID   ID                                                               Usage      |
|=========================================================================================|
|    0   N/A  N/A   1017812      C   python3                                       494MiB |
+-----------------------------------------------------------------------------------------+
CUDA verified: NVIDIA L40S; tensor dot product=8.0
GPU startup: NVIDIA L40S, 533, 46068, 0
Loaded train=6026, valid=754; reserved test set is not loaded
epoch=1 loss=1.164891 validation_macro_fmax=0.110747 valid_micro_fmax=0.015896
epoch=2 loss=1.032118 validation_macro_fmax=0.135650 valid_micro_fmax=0.019077
epoch=3 loss=0.950694 validation_macro_fmax=0.158119 valid_micro_fmax=0.029131
epoch=4 loss=0.895689 validation_macro_fmax=0.182164 valid_micro_fmax=0.044242
epoch=5 loss=0.858478 validation_macro_fmax=0.197335 valid_micro_fmax=0.059657
epoch=6 loss=0.826923 validation_macro_fmax=0.206389 valid_micro_fmax=0.073690
epoch=7 loss=0.804303 validation_macro_fmax=0.220890 valid_micro_fmax=0.089698
epoch=8 loss=0.787275 validation_macro_fmax=0.230816 valid_micro_fmax=0.098278
epoch=9 loss=0.771569 validation_macro_fmax=0.247089 valid_micro_fmax=0.107398
epoch=10 loss=0.759896 validation_macro_fmax=0.260350 valid_micro_fmax=0.112865
epoch=11 loss=0.748947 validation_macro_fmax=0.264362 valid_micro_fmax=0.112663
epoch=12 loss=0.739274 validation_macro_fmax=0.274910 valid_micro_fmax=0.119736
epoch=13 loss=0.730213 validation_macro_fmax=0.283536 valid_micro_fmax=0.117965
epoch=14 loss=0.721173 validation_macro_fmax=0.291781 valid_micro_fmax=0.121809
epoch=15 loss=0.712961 validation_macro_fmax=0.295815 valid_micro_fmax=0.122913
epoch=16 loss=0.703662 validation_macro_fmax=0.296204 valid_micro_fmax=0.129277
epoch=17 loss=0.695228 validation_macro_fmax=0.292658 valid_micro_fmax=0.130199
epoch=18 loss=0.684615 validation_macro_fmax=0.290773 valid_micro_fmax=0.134386
epoch=19 loss=0.674649 validation_macro_fmax=0.285853 valid_micro_fmax=0.133587
epoch=20 loss=0.663447 validation_macro_fmax=0.295482 valid_micro_fmax=0.137824
epoch=21 loss=0.652905 validation_macro_fmax=0.296087 valid_micro_fmax=0.138870
epoch=22 loss=0.640914 validation_macro_fmax=0.323329 valid_micro_fmax=0.135630
epoch=23 loss=0.629188 validation_macro_fmax=0.300583 valid_micro_fmax=0.135193
epoch=24 loss=0.615997 validation_macro_fmax=0.302771 valid_micro_fmax=0.139873
epoch=25 loss=0.603250 validation_macro_fmax=0.272014 valid_micro_fmax=0.138541
epoch=26 loss=0.589332 validation_macro_fmax=0.298740 valid_micro_fmax=0.140256
epoch=27 loss=0.574546 validation_macro_fmax=0.294219 valid_micro_fmax=0.147326
epoch=28 loss=0.560020 validation_macro_fmax=0.282349 valid_micro_fmax=0.149184
epoch=29 loss=0.545372 validation_macro_fmax=0.274928 valid_micro_fmax=0.144455
epoch=30 loss=0.529085 validation_macro_fmax=0.266214 valid_micro_fmax=0.147971
epoch=31 loss=0.513277 validation_macro_fmax=0.322534 valid_micro_fmax=0.150219
Early stopping after 31 epochs (patience=9)
GPU completion: NVIDIA L40S, 31381, 46068, 0
