GPU: NVIDIA L40S
CUDA tensor check: 8.0
Sun Jul 19 06:17:12 2026       
+-----------------------------------------------------------------------------------------+
| NVIDIA-SMI 560.35.03              Driver Version: 560.35.03      CUDA Version: 12.6     |
|-----------------------------------------+------------------------+----------------------+
| GPU  Name                 Persistence-M | Bus-Id          Disp.A | Volatile Uncorr. ECC |
| Fan  Temp   Perf          Pwr:Usage/Cap |           Memory-Usage | GPU-Util  Compute M. |
|                                         |                        |               MIG M. |
|=========================================+========================+======================|
|   0  NVIDIA L40S                    On  |   00000000:0D:00.0 Off |                    0 |
| N/A   56C    P0             48W /  350W |     503MiB /  46068MiB |      1%      Default |
|                                         |                        |                  N/A |
+-----------------------------------------+------------------------+----------------------+
                                                                                         
+-----------------------------------------------------------------------------------------+
| Processes:                                                                              |
|  GPU   GI   CI        PID   Type   Process name                              GPU Memory |
|        ID   ID                                                               Usage      |
|=========================================================================================|
|    0   N/A  N/A   1045616      C   python3                                       494MiB |
+-----------------------------------------------------------------------------------------+
CUDA verified: NVIDIA L40S; tensor dot product=8.0
GPU startup: NVIDIA L40S, 533, 46068, 0
Loaded train=6026, valid=754; reserved test set is not loaded
epoch=1 loss=0.301862 validation_macro_fmax=0.124812 valid_micro_fmax=0.015628
epoch=2 loss=0.236771 validation_macro_fmax=0.161633 valid_micro_fmax=0.026456
epoch=3 loss=0.217808 validation_macro_fmax=0.178702 valid_micro_fmax=0.037257
epoch=4 loss=0.205305 validation_macro_fmax=0.185949 valid_micro_fmax=0.051290
epoch=5 loss=0.194842 validation_macro_fmax=0.196984 valid_micro_fmax=0.070762
epoch=6 loss=0.183240 validation_macro_fmax=0.203090 valid_micro_fmax=0.083577
epoch=7 loss=0.169904 validation_macro_fmax=0.208776 valid_micro_fmax=0.091083
epoch=8 loss=0.153752 validation_macro_fmax=0.219575 valid_micro_fmax=0.119496
epoch=9 loss=0.135111 validation_macro_fmax=0.211962 valid_micro_fmax=0.131405
epoch=10 loss=0.115793 validation_macro_fmax=0.214601 valid_micro_fmax=0.135828
epoch=11 loss=0.096785 validation_macro_fmax=0.214177 valid_micro_fmax=0.146169
epoch=12 loss=0.079627 validation_macro_fmax=0.220593 valid_micro_fmax=0.152757
epoch=13 loss=0.064538 validation_macro_fmax=0.227813 valid_micro_fmax=0.163797
epoch=14 loss=0.052204 validation_macro_fmax=0.229205 valid_micro_fmax=0.170964
epoch=15 loss=0.041882 validation_macro_fmax=0.225395 valid_micro_fmax=0.181459
epoch=16 loss=0.033771 validation_macro_fmax=0.233919 valid_micro_fmax=0.186236
epoch=17 loss=0.027458 validation_macro_fmax=0.241111 valid_micro_fmax=0.193709
epoch=18 loss=0.022673 validation_macro_fmax=0.245717 valid_micro_fmax=0.210270
epoch=19 loss=0.018657 validation_macro_fmax=0.249307 valid_micro_fmax=0.213953
epoch=20 loss=0.015436 validation_macro_fmax=0.251659 valid_micro_fmax=0.225827
epoch=21 loss=0.013424 validation_macro_fmax=0.252277 valid_micro_fmax=0.229523
epoch=22 loss=0.011418 validation_macro_fmax=0.242353 valid_micro_fmax=0.236907
epoch=23 loss=0.009667 validation_macro_fmax=0.254063 valid_micro_fmax=0.256849
epoch=24 loss=0.008449 validation_macro_fmax=0.239921 valid_micro_fmax=0.246666
epoch=25 loss=0.008147 validation_macro_fmax=0.243206 valid_micro_fmax=0.237142
epoch=26 loss=0.006476 validation_macro_fmax=0.238865 valid_micro_fmax=0.247080
epoch=27 loss=0.005737 validation_macro_fmax=0.242927 valid_micro_fmax=0.246220
epoch=28 loss=0.004847 validation_macro_fmax=0.247466 valid_micro_fmax=0.257195
epoch=29 loss=0.004359 validation_macro_fmax=0.244194 valid_micro_fmax=0.255253
epoch=30 loss=0.003958 validation_macro_fmax=0.244709 valid_micro_fmax=0.262510
epoch=31 loss=0.003749 validation_macro_fmax=0.239856 valid_micro_fmax=0.252611
epoch=32 loss=0.003212 validation_macro_fmax=0.251356 valid_micro_fmax=0.266703
epoch=33 loss=0.003022 validation_macro_fmax=0.250567 valid_micro_fmax=0.258918
Early stopping after 33 epochs (patience=10)
GPU completion: NVIDIA L40S, 33583, 46068, 0
