GPU: NVIDIA L40S
CUDA tensor check: 8.0
Sun Jul 19 03:41:00 2026       
+-----------------------------------------------------------------------------------------+
| NVIDIA-SMI 560.35.03              Driver Version: 560.35.03      CUDA Version: 12.6     |
|-----------------------------------------+------------------------+----------------------+
| GPU  Name                 Persistence-M | Bus-Id          Disp.A | Volatile Uncorr. ECC |
| Fan  Temp   Perf          Pwr:Usage/Cap |           Memory-Usage | GPU-Util  Compute M. |
|                                         |                        |               MIG M. |
|=========================================+========================+======================|
|   0  NVIDIA L40S                    On  |   00000000:0D:00.0 Off |                    0 |
| N/A   48C    P0             41W /  350W |     503MiB /  46068MiB |      0%      Default |
|                                         |                        |                  N/A |
+-----------------------------------------+------------------------+----------------------+
                                                                                         
+-----------------------------------------------------------------------------------------+
| Processes:                                                                              |
|  GPU   GI   CI        PID   Type   Process name                              GPU Memory |
|        ID   ID                                                               Usage      |
|=========================================================================================|
|    0   N/A  N/A    973664      C   python3                                       494MiB |
+-----------------------------------------------------------------------------------------+
CUDA verified: NVIDIA L40S; tensor dot product=8.0
GPU startup: NVIDIA L40S, 533, 46068, 0
Loaded train=6026, valid=754; reserved test set is not loaded
epoch=1 loss=1.089487 validation_macro_fmax=0.148156 valid_micro_fmax=0.042451
epoch=2 loss=0.907337 validation_macro_fmax=0.228956 valid_micro_fmax=0.077466
epoch=3 loss=0.823772 validation_macro_fmax=0.237645 valid_micro_fmax=0.091586
epoch=4 loss=0.768830 validation_macro_fmax=0.268820 valid_micro_fmax=0.106873
epoch=5 loss=0.715474 validation_macro_fmax=0.263217 valid_micro_fmax=0.102292
epoch=6 loss=0.657185 validation_macro_fmax=0.276584 valid_micro_fmax=0.132106
epoch=7 loss=0.594019 validation_macro_fmax=0.284111 valid_micro_fmax=0.134035
epoch=8 loss=0.527845 validation_macro_fmax=0.309769 valid_micro_fmax=0.125091
epoch=9 loss=0.459604 validation_macro_fmax=0.297266 valid_micro_fmax=0.135810
epoch=10 loss=0.390171 validation_macro_fmax=0.310548 valid_micro_fmax=0.160291
epoch=11 loss=0.326066 validation_macro_fmax=0.311877 valid_micro_fmax=0.160969
epoch=12 loss=0.268462 validation_macro_fmax=0.324326 valid_micro_fmax=0.188613
epoch=13 loss=0.219516 validation_macro_fmax=0.339362 valid_micro_fmax=0.175963
epoch=14 loss=0.180454 validation_macro_fmax=0.330080 valid_micro_fmax=0.203981
epoch=15 loss=0.149190 validation_macro_fmax=0.328136 valid_micro_fmax=0.209658
epoch=16 loss=0.123987 validation_macro_fmax=0.331789 valid_micro_fmax=0.222394
epoch=17 loss=0.103544 validation_macro_fmax=0.323314 valid_micro_fmax=0.228928
epoch=18 loss=0.087570 validation_macro_fmax=0.321349 valid_micro_fmax=0.216611
epoch=19 loss=0.074545 validation_macro_fmax=0.331091 valid_micro_fmax=0.239633
epoch=20 loss=0.063738 validation_macro_fmax=0.332018 valid_micro_fmax=0.247814
epoch=21 loss=0.055782 validation_macro_fmax=0.345795 valid_micro_fmax=0.249156
epoch=22 loss=0.048429 validation_macro_fmax=0.337791 valid_micro_fmax=0.267668
epoch=23 loss=0.042637 validation_macro_fmax=0.354544 valid_micro_fmax=0.244732
epoch=24 loss=0.037946 validation_macro_fmax=0.340301 valid_micro_fmax=0.264980
epoch=25 loss=0.033714 validation_macro_fmax=0.332574 valid_micro_fmax=0.254487
epoch=26 loss=0.030174 validation_macro_fmax=0.317954 valid_micro_fmax=0.264308
epoch=27 loss=0.026962 validation_macro_fmax=0.332300 valid_micro_fmax=0.269890
epoch=28 loss=0.024012 validation_macro_fmax=0.347403 valid_micro_fmax=0.281446
epoch=29 loss=0.021198 validation_macro_fmax=0.332477 valid_micro_fmax=0.277968
epoch=30 loss=0.019267 validation_macro_fmax=0.345407 valid_micro_fmax=0.291094
epoch=31 loss=0.017763 validation_macro_fmax=0.348306 valid_micro_fmax=0.296603
epoch=32 loss=0.016389 validation_macro_fmax=0.333795 valid_micro_fmax=0.285369
Early stopping after 32 epochs (patience=9)
GPU completion: NVIDIA L40S, 33441, 46068, 0
