GPU: NVIDIA L40S
CUDA tensor check: 8.0
Sun Jul 19 23:10:04 2026       
+-----------------------------------------------------------------------------------------+
| NVIDIA-SMI 560.35.03              Driver Version: 560.35.03      CUDA Version: 12.6     |
|-----------------------------------------+------------------------+----------------------+
| GPU  Name                 Persistence-M | Bus-Id          Disp.A | Volatile Uncorr. ECC |
| Fan  Temp   Perf          Pwr:Usage/Cap |           Memory-Usage | GPU-Util  Compute M. |
|                                         |                        |               MIG M. |
|=========================================+========================+======================|
|   0  NVIDIA L40S                    On  |   00000000:B5:00.0 Off |                    0 |
| N/A   55C    P0             44W /  350W |     503MiB /  46068MiB |      0%      Default |
|                                         |                        |                  N/A |
+-----------------------------------------+------------------------+----------------------+
                                                                                         
+-----------------------------------------------------------------------------------------+
| Processes:                                                                              |
|  GPU   GI   CI        PID   Type   Process name                              GPU Memory |
|        ID   ID                                                               Usage      |
|=========================================================================================|
|    0   N/A  N/A   1063664      C   python3                                       494MiB |
+-----------------------------------------------------------------------------------------+
CUDA verified: NVIDIA L40S; tensor dot product=8.0
GPU startup: NVIDIA L40S, 533, 46068, 1
Loaded train=6026, valid=754; reserved test set is not loaded
epoch=1 loss=0.438751 validation_macro_fmax=0.300727 valid_micro_fmax=0.089855
epoch=2 loss=0.200776 validation_macro_fmax=0.350866 valid_micro_fmax=0.172430
epoch=3 loss=0.089111 validation_macro_fmax=0.359354 valid_micro_fmax=0.209771
epoch=4 loss=0.048870 validation_macro_fmax=0.336588 valid_micro_fmax=0.225888
epoch=5 loss=0.031672 validation_macro_fmax=0.342069 valid_micro_fmax=0.203977
epoch=6 loss=0.024874 validation_macro_fmax=0.347087 valid_micro_fmax=0.222606
epoch=7 loss=0.018020 validation_macro_fmax=0.346867 valid_micro_fmax=0.244391
epoch=8 loss=0.012951 validation_macro_fmax=0.379461 valid_micro_fmax=0.248185
epoch=9 loss=0.012250 validation_macro_fmax=0.346891 valid_micro_fmax=0.324554
epoch=10 loss=0.012829 validation_macro_fmax=0.350462 valid_micro_fmax=0.361266
epoch=11 loss=0.010796 validation_macro_fmax=0.359921 valid_micro_fmax=0.294801
epoch=12 loss=0.008873 validation_macro_fmax=0.344998 valid_micro_fmax=0.269253
epoch=13 loss=0.009024 validation_macro_fmax=0.353726 valid_micro_fmax=0.293630
epoch=14 loss=0.006177 validation_macro_fmax=0.352485 valid_micro_fmax=0.290206
epoch=15 loss=0.011260 validation_macro_fmax=0.359168 valid_micro_fmax=0.334404
epoch=16 loss=0.012226 validation_macro_fmax=0.343056 valid_micro_fmax=0.261944
epoch=17 loss=0.007436 validation_macro_fmax=0.352010 valid_micro_fmax=0.252924
epoch=18 loss=0.005521 validation_macro_fmax=0.369569 valid_micro_fmax=0.306526
Early stopping after 18 epochs (patience=10)
GPU completion: NVIDIA L40S, 8877, 46068, 0
