GPU: NVIDIA L40S
CUDA tensor check: 8.0
Sun Jul 19 03:57:22 2026       
+-----------------------------------------------------------------------------------------+
| NVIDIA-SMI 560.35.03              Driver Version: 560.35.03      CUDA Version: 12.6     |
|-----------------------------------------+------------------------+----------------------+
| GPU  Name                 Persistence-M | Bus-Id          Disp.A | Volatile Uncorr. ECC |
| Fan  Temp   Perf          Pwr:Usage/Cap |           Memory-Usage | GPU-Util  Compute M. |
|                                         |                        |               MIG M. |
|=========================================+========================+======================|
|   0  NVIDIA L40S                    On  |   00000000:0D:00.0 Off |                    0 |
| N/A   55C    P0             48W /  350W |     503MiB /  46068MiB |      5%      Default |
|                                         |                        |                  N/A |
+-----------------------------------------+------------------------+----------------------+
                                                                                         
+-----------------------------------------------------------------------------------------+
| Processes:                                                                              |
|  GPU   GI   CI        PID   Type   Process name                              GPU Memory |
|        ID   ID                                                               Usage      |
|=========================================================================================|
|    0   N/A  N/A    981825      C   python3                                       494MiB |
+-----------------------------------------------------------------------------------------+
CUDA verified: NVIDIA L40S; tensor dot product=8.0
GPU startup: NVIDIA L40S, 533, 46068, 5
Loaded train=6026, valid=754; reserved test set is not loaded
epoch=1 loss=0.359335 validation_macro_fmax=0.109572 valid_micro_fmax=0.012779
epoch=2 loss=0.293453 validation_macro_fmax=0.129525 valid_micro_fmax=0.015898
epoch=3 loss=0.266936 validation_macro_fmax=0.144375 valid_micro_fmax=0.020037
epoch=4 loss=0.250552 validation_macro_fmax=0.153602 valid_micro_fmax=0.030436
epoch=5 loss=0.239285 validation_macro_fmax=0.168978 valid_micro_fmax=0.046799
epoch=6 loss=0.229486 validation_macro_fmax=0.180443 valid_micro_fmax=0.047284
epoch=7 loss=0.221324 validation_macro_fmax=0.193364 valid_micro_fmax=0.069473
epoch=8 loss=0.214306 validation_macro_fmax=0.202420 valid_micro_fmax=0.082605
epoch=9 loss=0.207268 validation_macro_fmax=0.212516 valid_micro_fmax=0.090307
epoch=10 loss=0.200288 validation_macro_fmax=0.212923 valid_micro_fmax=0.093512
epoch=11 loss=0.192521 validation_macro_fmax=0.215391 valid_micro_fmax=0.110222
epoch=12 loss=0.185032 validation_macro_fmax=0.220448 valid_micro_fmax=0.115689
epoch=13 loss=0.176921 validation_macro_fmax=0.220307 valid_micro_fmax=0.118043
epoch=14 loss=0.167454 validation_macro_fmax=0.217971 valid_micro_fmax=0.137116
epoch=15 loss=0.158426 validation_macro_fmax=0.217885 valid_micro_fmax=0.140334
epoch=16 loss=0.148113 validation_macro_fmax=0.222878 valid_micro_fmax=0.139817
epoch=17 loss=0.137519 validation_macro_fmax=0.224109 valid_micro_fmax=0.144235
epoch=18 loss=0.127369 validation_macro_fmax=0.219089 valid_micro_fmax=0.151259
epoch=19 loss=0.117288 validation_macro_fmax=0.226848 valid_micro_fmax=0.156141
epoch=20 loss=0.106607 validation_macro_fmax=0.219547 valid_micro_fmax=0.173541
epoch=21 loss=0.097364 validation_macro_fmax=0.225981 valid_micro_fmax=0.165769
epoch=22 loss=0.088207 validation_macro_fmax=0.228642 valid_micro_fmax=0.172710
epoch=23 loss=0.080168 validation_macro_fmax=0.216251 valid_micro_fmax=0.164607
epoch=24 loss=0.072348 validation_macro_fmax=0.225951 valid_micro_fmax=0.172826
epoch=25 loss=0.065309 validation_macro_fmax=0.228263 valid_micro_fmax=0.176908
epoch=26 loss=0.058964 validation_macro_fmax=0.222140 valid_micro_fmax=0.187824
epoch=27 loss=0.053267 validation_macro_fmax=0.233243 valid_micro_fmax=0.188659
epoch=28 loss=0.048837 validation_macro_fmax=0.232208 valid_micro_fmax=0.187162
epoch=29 loss=0.043765 validation_macro_fmax=0.226801 valid_micro_fmax=0.177875
epoch=30 loss=0.039885 validation_macro_fmax=0.231044 valid_micro_fmax=0.187002
epoch=31 loss=0.036655 validation_macro_fmax=0.237304 valid_micro_fmax=0.195713
epoch=32 loss=0.033077 validation_macro_fmax=0.234454 valid_micro_fmax=0.186861
epoch=33 loss=0.030404 validation_macro_fmax=0.234699 valid_micro_fmax=0.199181
epoch=34 loss=0.028107 validation_macro_fmax=0.234699 valid_micro_fmax=0.197129
epoch=35 loss=0.025846 validation_macro_fmax=0.239719 valid_micro_fmax=0.207184
epoch=36 loss=0.023518 validation_macro_fmax=0.246857 valid_micro_fmax=0.213638
epoch=37 loss=0.021986 validation_macro_fmax=0.232733 valid_micro_fmax=0.206042
epoch=38 loss=0.020533 validation_macro_fmax=0.238117 valid_micro_fmax=0.199630
epoch=39 loss=0.019173 validation_macro_fmax=0.239312 valid_micro_fmax=0.203506
epoch=40 loss=0.017423 validation_macro_fmax=0.252220 valid_micro_fmax=0.221642
epoch=41 loss=0.016455 validation_macro_fmax=0.242188 valid_micro_fmax=0.207142
epoch=42 loss=0.015040 validation_macro_fmax=0.244637 valid_micro_fmax=0.221873
epoch=43 loss=0.014261 validation_macro_fmax=0.234637 valid_micro_fmax=0.228274
epoch=44 loss=0.013383 validation_macro_fmax=0.248686 valid_micro_fmax=0.215180
epoch=45 loss=0.012713 validation_macro_fmax=0.242615 valid_micro_fmax=0.215562
epoch=46 loss=0.011690 validation_macro_fmax=0.243216 valid_micro_fmax=0.216196
epoch=47 loss=0.011201 validation_macro_fmax=0.248412 valid_micro_fmax=0.218930
epoch=48 loss=0.010416 validation_macro_fmax=0.237063 valid_micro_fmax=0.210743
Early stopping after 48 epochs (patience=8)
GPU completion: NVIDIA L40S, 14183, 46068, 0
