GPU: NVIDIA L40S
CUDA tensor check: 8.0
Sun Jul 19 18:54:45 2026       
+-----------------------------------------------------------------------------------------+
| NVIDIA-SMI 560.35.03              Driver Version: 560.35.03      CUDA Version: 12.6     |
|-----------------------------------------+------------------------+----------------------+
| GPU  Name                 Persistence-M | Bus-Id          Disp.A | Volatile Uncorr. ECC |
| Fan  Temp   Perf          Pwr:Usage/Cap |           Memory-Usage | GPU-Util  Compute M. |
|                                         |                        |               MIG M. |
|=========================================+========================+======================|
|   0  NVIDIA L40S                    On  |   00000000:B5:00.0 Off |                    0 |
| N/A   51C    P0             45W /  350W |     503MiB /  46068MiB |      0%      Default |
|                                         |                        |                  N/A |
+-----------------------------------------+------------------------+----------------------+
                                                                                         
+-----------------------------------------------------------------------------------------+
| Processes:                                                                              |
|  GPU   GI   CI        PID   Type   Process name                              GPU Memory |
|        ID   ID                                                               Usage      |
|=========================================================================================|
|    0   N/A  N/A   1518529      C   python3                                       494MiB |
+-----------------------------------------------------------------------------------------+
CUDA verified: NVIDIA L40S; tensor dot product=8.0
GPU startup: NVIDIA L40S, 533, 46068, 0
Loaded train=6026, valid=754; reserved test set is not loaded
epoch=1 loss=0.403195 validation_macro_fmax=0.276149 valid_micro_fmax=0.075660
epoch=2 loss=0.156010 validation_macro_fmax=0.294041 valid_micro_fmax=0.120214
epoch=3 loss=0.078560 validation_macro_fmax=0.326095 valid_micro_fmax=0.131060
epoch=4 loss=0.051914 validation_macro_fmax=0.319701 valid_micro_fmax=0.159247
epoch=5 loss=0.036847 validation_macro_fmax=0.325950 valid_micro_fmax=0.218133
epoch=6 loss=0.026138 validation_macro_fmax=0.333683 valid_micro_fmax=0.196006
epoch=7 loss=0.023752 validation_macro_fmax=0.340629 valid_micro_fmax=0.194825
epoch=8 loss=0.021208 validation_macro_fmax=0.334665 valid_micro_fmax=0.217047
epoch=9 loss=0.015674 validation_macro_fmax=0.322195 valid_micro_fmax=0.242304
epoch=10 loss=0.013273 validation_macro_fmax=0.326653 valid_micro_fmax=0.222756
epoch=11 loss=0.013998 validation_macro_fmax=0.344342 valid_micro_fmax=0.261233
epoch=12 loss=0.014065 validation_macro_fmax=0.334114 valid_micro_fmax=0.230152
epoch=13 loss=0.013673 validation_macro_fmax=0.324774 valid_micro_fmax=0.222672
epoch=14 loss=0.013569 validation_macro_fmax=0.322803 valid_micro_fmax=0.239866
epoch=15 loss=0.011744 validation_macro_fmax=0.349648 valid_micro_fmax=0.260068
epoch=16 loss=0.012897 validation_macro_fmax=0.342681 valid_micro_fmax=0.248931
epoch=17 loss=0.013059 validation_macro_fmax=0.358801 valid_micro_fmax=0.243360
epoch=18 loss=0.012943 validation_macro_fmax=0.339347 valid_micro_fmax=0.258559
epoch=19 loss=0.009052 validation_macro_fmax=0.348304 valid_micro_fmax=0.265846
epoch=20 loss=0.007902 validation_macro_fmax=0.346321 valid_micro_fmax=0.287618
epoch=21 loss=0.008568 validation_macro_fmax=0.336087 valid_micro_fmax=0.289512
epoch=22 loss=0.006170 validation_macro_fmax=0.335347 valid_micro_fmax=0.272368
epoch=23 loss=0.006164 validation_macro_fmax=0.318428 valid_micro_fmax=0.260076
epoch=24 loss=0.007103 validation_macro_fmax=0.336456 valid_micro_fmax=0.261799
epoch=25 loss=0.015205 validation_macro_fmax=0.330773 valid_micro_fmax=0.218522
epoch=26 loss=0.013858 validation_macro_fmax=0.337943 valid_micro_fmax=0.265150
Early stopping after 26 epochs (patience=9)
GPU completion: NVIDIA L40S, 24469, 46068, 0
