GPU: NVIDIA L40S
CUDA tensor check: 8.0
Sun Jul 19 22:48:26 2026       
+-----------------------------------------------------------------------------------------+
| NVIDIA-SMI 560.35.03              Driver Version: 560.35.03      CUDA Version: 12.6     |
|-----------------------------------------+------------------------+----------------------+
| GPU  Name                 Persistence-M | Bus-Id          Disp.A | Volatile Uncorr. ECC |
| Fan  Temp   Perf          Pwr:Usage/Cap |           Memory-Usage | GPU-Util  Compute M. |
|                                         |                        |               MIG M. |
|=========================================+========================+======================|
|   0  NVIDIA L40S                    On  |   00000000:B5:00.0 Off |                    0 |
| N/A   51C    P0             42W /  350W |     503MiB /  46068MiB |      0%      Default |
|                                         |                        |                  N/A |
+-----------------------------------------+------------------------+----------------------+
                                                                                         
+-----------------------------------------------------------------------------------------+
| Processes:                                                                              |
|  GPU   GI   CI        PID   Type   Process name                              GPU Memory |
|        ID   ID                                                               Usage      |
|=========================================================================================|
|    0   N/A  N/A   1611874      C   python3                                       494MiB |
+-----------------------------------------------------------------------------------------+
CUDA verified: NVIDIA L40S; tensor dot product=8.0
GPU startup: NVIDIA L40S, 533, 46068, 4
Loaded train=6026, valid=754; reserved test set is not loaded
epoch=1 loss=0.354391 validation_macro_fmax=0.137925 valid_micro_fmax=0.019538
epoch=2 loss=0.284620 validation_macro_fmax=0.176992 valid_micro_fmax=0.034529
epoch=3 loss=0.259386 validation_macro_fmax=0.203790 valid_micro_fmax=0.049562
epoch=4 loss=0.241131 validation_macro_fmax=0.219119 valid_micro_fmax=0.073802
epoch=5 loss=0.225050 validation_macro_fmax=0.246516 valid_micro_fmax=0.077603
epoch=6 loss=0.206386 validation_macro_fmax=0.277059 valid_micro_fmax=0.092519
epoch=7 loss=0.183421 validation_macro_fmax=0.267716 valid_micro_fmax=0.093914
epoch=8 loss=0.156800 validation_macro_fmax=0.256375 valid_micro_fmax=0.097125
epoch=9 loss=0.129728 validation_macro_fmax=0.251570 valid_micro_fmax=0.111492
epoch=10 loss=0.103288 validation_macro_fmax=0.249991 valid_micro_fmax=0.134387
epoch=11 loss=0.081214 validation_macro_fmax=0.256484 valid_micro_fmax=0.139962
epoch=12 loss=0.063163 validation_macro_fmax=0.244270 valid_micro_fmax=0.139665
epoch=13 loss=0.050860 validation_macro_fmax=0.244360 valid_micro_fmax=0.161286
epoch=14 loss=0.040484 validation_macro_fmax=0.246135 valid_micro_fmax=0.160059
epoch=15 loss=0.032724 validation_macro_fmax=0.235929 valid_micro_fmax=0.172928
epoch=16 loss=0.028091 validation_macro_fmax=0.242976 valid_micro_fmax=0.163769
Early stopping after 16 epochs (patience=10)
GPU completion: NVIDIA L40S, 44697, 46068, 0
