GPU: NVIDIA L40S
CUDA tensor check: 8.0
Sun Jul 19 04:12:14 2026       
+-----------------------------------------------------------------------------------------+
| NVIDIA-SMI 560.35.03              Driver Version: 560.35.03      CUDA Version: 12.6     |
|-----------------------------------------+------------------------+----------------------+
| GPU  Name                 Persistence-M | Bus-Id          Disp.A | Volatile Uncorr. ECC |
| Fan  Temp   Perf          Pwr:Usage/Cap |           Memory-Usage | GPU-Util  Compute M. |
|                                         |                        |               MIG M. |
|=========================================+========================+======================|
|   0  NVIDIA L40S                    On  |   00000000:0D:00.0 Off |                    0 |
| N/A   51C    P0             43W /  350W |     503MiB /  46068MiB |      0%      Default |
|                                         |                        |                  N/A |
+-----------------------------------------+------------------------+----------------------+
                                                                                         
+-----------------------------------------------------------------------------------------+
| Processes:                                                                              |
|  GPU   GI   CI        PID   Type   Process name                              GPU Memory |
|        ID   ID                                                               Usage      |
|=========================================================================================|
|    0   N/A  N/A   1098891      C   python3                                       494MiB |
+-----------------------------------------------------------------------------------------+
CUDA verified: NVIDIA L40S; tensor dot product=8.0
GPU startup: NVIDIA L40S, 533, 46068, 3
Loaded train=6026, valid=754; reserved test set is not loaded
epoch=1 loss=0.250439 validation_macro_fmax=0.213077 valid_micro_fmax=0.036255
epoch=2 loss=0.150729 validation_macro_fmax=0.236039 valid_micro_fmax=0.075336
epoch=3 loss=0.099598 validation_macro_fmax=0.211167 valid_micro_fmax=0.048662
epoch=4 loss=0.080398 validation_macro_fmax=0.178913 valid_micro_fmax=0.047979
epoch=5 loss=0.061612 validation_macro_fmax=0.266224 valid_micro_fmax=0.107135
epoch=6 loss=0.055335 validation_macro_fmax=0.242565 valid_micro_fmax=0.140049
epoch=7 loss=0.044083 validation_macro_fmax=0.214521 valid_micro_fmax=0.091793
epoch=8 loss=0.047869 validation_macro_fmax=0.219626 valid_micro_fmax=0.095843
epoch=9 loss=0.037299 validation_macro_fmax=0.259931 valid_micro_fmax=0.138415
epoch=10 loss=0.036539 validation_macro_fmax=0.228787 valid_micro_fmax=0.136519
epoch=11 loss=0.036227 validation_macro_fmax=0.238686 valid_micro_fmax=0.145553
epoch=12 loss=0.033844 validation_macro_fmax=0.226846 valid_micro_fmax=0.129058
epoch=13 loss=0.035239 validation_macro_fmax=0.254271 valid_micro_fmax=0.128811
Early stopping after 13 epochs (patience=8)
GPU completion: NVIDIA L40S, 13041, 46068, 0
