GPU: NVIDIA L40S
CUDA tensor check: 8.0
Sun Jul 19 03:31:45 2026       
+-----------------------------------------------------------------------------------------+
| NVIDIA-SMI 560.35.03              Driver Version: 560.35.03      CUDA Version: 12.6     |
|-----------------------------------------+------------------------+----------------------+
| GPU  Name                 Persistence-M | Bus-Id          Disp.A | Volatile Uncorr. ECC |
| Fan  Temp   Perf          Pwr:Usage/Cap |           Memory-Usage | GPU-Util  Compute M. |
|                                         |                        |               MIG M. |
|=========================================+========================+======================|
|   0  NVIDIA L40S                    On  |   00000000:0D:00.0 Off |                    0 |
| N/A   44C    P0             40W /  350W |     503MiB /  46068MiB |      5%      Default |
|                                         |                        |                  N/A |
+-----------------------------------------+------------------------+----------------------+
                                                                                         
+-----------------------------------------------------------------------------------------+
| Processes:                                                                              |
|  GPU   GI   CI        PID   Type   Process name                              GPU Memory |
|        ID   ID                                                               Usage      |
|=========================================================================================|
|    0   N/A  N/A    970096      C   python3                                       494MiB |
+-----------------------------------------------------------------------------------------+
CUDA verified: NVIDIA L40S; tensor dot product=8.0
GPU startup: NVIDIA L40S, 533, 46068, 0
Loaded train=6026, valid=754; reserved test set is not loaded
epoch=1 loss=0.331935 validation_macro_fmax=0.229455 valid_micro_fmax=0.034053
epoch=2 loss=0.263085 validation_macro_fmax=0.280043 valid_micro_fmax=0.059827
epoch=3 loss=0.241784 validation_macro_fmax=0.305408 valid_micro_fmax=0.077566
epoch=4 loss=0.226794 validation_macro_fmax=0.325968 valid_micro_fmax=0.098590
epoch=5 loss=0.211201 validation_macro_fmax=0.340156 valid_micro_fmax=0.103411
epoch=6 loss=0.194001 validation_macro_fmax=0.354193 valid_micro_fmax=0.128079
epoch=7 loss=0.169877 validation_macro_fmax=0.365656 valid_micro_fmax=0.141297
epoch=8 loss=0.141628 validation_macro_fmax=0.358967 valid_micro_fmax=0.168462
epoch=9 loss=0.112928 validation_macro_fmax=0.350738 valid_micro_fmax=0.160272
epoch=10 loss=0.086344 validation_macro_fmax=0.364972 valid_micro_fmax=0.188539
epoch=11 loss=0.064856 validation_macro_fmax=0.362943 valid_micro_fmax=0.210432
epoch=12 loss=0.048371 validation_macro_fmax=0.374389 valid_micro_fmax=0.218019
epoch=13 loss=0.036795 validation_macro_fmax=0.360533 valid_micro_fmax=0.245010
epoch=14 loss=0.029118 validation_macro_fmax=0.372756 valid_micro_fmax=0.228266
epoch=15 loss=0.022543 validation_macro_fmax=0.351668 valid_micro_fmax=0.235855
epoch=16 loss=0.018263 validation_macro_fmax=0.368341 valid_micro_fmax=0.253525
epoch=17 loss=0.014910 validation_macro_fmax=0.357833 valid_micro_fmax=0.259697
epoch=18 loss=0.012762 validation_macro_fmax=0.354187 valid_micro_fmax=0.245524
epoch=19 loss=0.010497 validation_macro_fmax=0.361678 valid_micro_fmax=0.273581
epoch=20 loss=0.009493 validation_macro_fmax=0.369695 valid_micro_fmax=0.271941
epoch=21 loss=0.007810 validation_macro_fmax=0.371947 valid_micro_fmax=0.265695
epoch=22 loss=0.007154 validation_macro_fmax=0.367854 valid_micro_fmax=0.269516
Early stopping after 22 epochs (patience=10)
GPU completion: NVIDIA L40S, 27977, 46068, 0
