GPU: NVIDIA L40S
CUDA tensor check: 8.0
Sat Jul 18 18:10:48 2026       
+-----------------------------------------------------------------------------------------+
| NVIDIA-SMI 560.35.03              Driver Version: 560.35.03      CUDA Version: 12.6     |
|-----------------------------------------+------------------------+----------------------+
| GPU  Name                 Persistence-M | Bus-Id          Disp.A | Volatile Uncorr. ECC |
| Fan  Temp   Perf          Pwr:Usage/Cap |           Memory-Usage | GPU-Util  Compute M. |
|                                         |                        |               MIG M. |
|=========================================+========================+======================|
|   0  NVIDIA L40S                    On  |   00000000:0D:00.0 Off |                    0 |
| N/A   49C    P0             45W /  350W |     503MiB /  46068MiB |      0%      Default |
|                                         |                        |                  N/A |
+-----------------------------------------+------------------------+----------------------+
                                                                                         
+-----------------------------------------------------------------------------------------+
| Processes:                                                                              |
|  GPU   GI   CI        PID   Type   Process name                              GPU Memory |
|        ID   ID                                                               Usage      |
|=========================================================================================|
|    0   N/A  N/A    326509      C   python3                                       494MiB |
+-----------------------------------------------------------------------------------------+
CUDA verified: NVIDIA L40S; tensor dot product=8.0
GPU startup: NVIDIA L40S, 533, 46068, 0
Loaded train=6026, valid=754; reserved test set is not loaded
epoch=1 loss=0.910688 validation_macro_fmax=0.320930 valid_micro_fmax=0.116774
epoch=2 loss=0.479605 validation_macro_fmax=0.357756 valid_micro_fmax=0.172000
epoch=3 loss=0.225711 validation_macro_fmax=0.371606 valid_micro_fmax=0.216745
epoch=4 loss=0.128822 validation_macro_fmax=0.371221 valid_micro_fmax=0.211402
epoch=5 loss=0.080800 validation_macro_fmax=0.386386 valid_micro_fmax=0.193213
epoch=6 loss=0.058169 validation_macro_fmax=0.382653 valid_micro_fmax=0.207416
epoch=7 loss=0.043131 validation_macro_fmax=0.393149 valid_micro_fmax=0.229557
epoch=8 loss=0.036161 validation_macro_fmax=0.380056 valid_micro_fmax=0.220936
epoch=9 loss=0.029260 validation_macro_fmax=0.379977 valid_micro_fmax=0.249582
epoch=10 loss=0.023937 validation_macro_fmax=0.375791 valid_micro_fmax=0.277493
epoch=11 loss=0.020768 validation_macro_fmax=0.383882 valid_micro_fmax=0.279070
epoch=12 loss=0.017485 validation_macro_fmax=0.359610 valid_micro_fmax=0.282288
epoch=13 loss=0.017917 validation_macro_fmax=0.340136 valid_micro_fmax=0.272738
epoch=14 loss=0.015873 validation_macro_fmax=0.366039 valid_micro_fmax=0.271136
epoch=15 loss=0.015334 validation_macro_fmax=0.356497 valid_micro_fmax=0.290039
Early stopping after 15 epochs (patience=8)
GPU completion: NVIDIA L40S, 25301, 46068, 0
