GPU: NVIDIA L40S
CUDA tensor check: 8.0
Sun Jul 19 09:17:58 2026       
+-----------------------------------------------------------------------------------------+
| NVIDIA-SMI 560.35.03              Driver Version: 560.35.03      CUDA Version: 12.6     |
|-----------------------------------------+------------------------+----------------------+
| GPU  Name                 Persistence-M | Bus-Id          Disp.A | Volatile Uncorr. ECC |
| Fan  Temp   Perf          Pwr:Usage/Cap |           Memory-Usage | GPU-Util  Compute M. |
|                                         |                        |               MIG M. |
|=========================================+========================+======================|
|   0  NVIDIA L40S                    On  |   00000000:0D:00.0 Off |                    0 |
| N/A   49C    P0             42W /  350W |     503MiB /  46068MiB |      0%      Default |
|                                         |                        |                  N/A |
+-----------------------------------------+------------------------+----------------------+
                                                                                         
+-----------------------------------------------------------------------------------------+
| Processes:                                                                              |
|  GPU   GI   CI        PID   Type   Process name                              GPU Memory |
|        ID   ID                                                               Usage      |
|=========================================================================================|
|    0   N/A  N/A   1229053      C   python3                                       494MiB |
+-----------------------------------------------------------------------------------------+
CUDA verified: NVIDIA L40S; tensor dot product=8.0
GPU startup: NVIDIA L40S, 533, 46068, 0
Loaded train=6026, valid=754; reserved test set is not loaded
epoch=1 loss=0.565767 validation_macro_fmax=0.205345 valid_micro_fmax=0.095176
epoch=2 loss=0.464127 validation_macro_fmax=0.226006 valid_micro_fmax=0.101800
epoch=3 loss=0.425254 validation_macro_fmax=0.234461 valid_micro_fmax=0.112475
epoch=4 loss=0.404536 validation_macro_fmax=0.247497 valid_micro_fmax=0.126418
epoch=5 loss=0.390762 validation_macro_fmax=0.252718 valid_micro_fmax=0.135006
epoch=6 loss=0.379909 validation_macro_fmax=0.260078 valid_micro_fmax=0.143512
epoch=7 loss=0.371168 validation_macro_fmax=0.259489 valid_micro_fmax=0.151298
epoch=8 loss=0.363470 validation_macro_fmax=0.265440 valid_micro_fmax=0.149185
epoch=9 loss=0.355622 validation_macro_fmax=0.266700 valid_micro_fmax=0.158850
epoch=10 loss=0.348422 validation_macro_fmax=0.266697 valid_micro_fmax=0.157557
epoch=11 loss=0.340875 validation_macro_fmax=0.267170 valid_micro_fmax=0.168719
epoch=12 loss=0.333688 validation_macro_fmax=0.271843 valid_micro_fmax=0.164478
epoch=13 loss=0.326021 validation_macro_fmax=0.269916 valid_micro_fmax=0.172260
epoch=14 loss=0.317795 validation_macro_fmax=0.271557 valid_micro_fmax=0.175591
epoch=15 loss=0.308599 validation_macro_fmax=0.275848 valid_micro_fmax=0.184355
epoch=16 loss=0.299412 validation_macro_fmax=0.273562 valid_micro_fmax=0.196194
epoch=17 loss=0.289898 validation_macro_fmax=0.270422 valid_micro_fmax=0.182038
epoch=18 loss=0.278733 validation_macro_fmax=0.267849 valid_micro_fmax=0.203802
epoch=19 loss=0.267716 validation_macro_fmax=0.286899 valid_micro_fmax=0.209348
epoch=20 loss=0.256315 validation_macro_fmax=0.257101 valid_micro_fmax=0.207021
epoch=21 loss=0.244513 validation_macro_fmax=0.280540 valid_micro_fmax=0.225622
epoch=22 loss=0.232434 validation_macro_fmax=0.274855 valid_micro_fmax=0.229102
epoch=23 loss=0.220436 validation_macro_fmax=0.292436 valid_micro_fmax=0.227925
epoch=24 loss=0.208508 validation_macro_fmax=0.283205 valid_micro_fmax=0.246399
epoch=25 loss=0.196314 validation_macro_fmax=0.279696 valid_micro_fmax=0.245979
epoch=26 loss=0.184400 validation_macro_fmax=0.280651 valid_micro_fmax=0.256104
epoch=27 loss=0.173532 validation_macro_fmax=0.299344 valid_micro_fmax=0.276426
epoch=28 loss=0.162086 validation_macro_fmax=0.265313 valid_micro_fmax=0.275298
epoch=29 loss=0.151098 validation_macro_fmax=0.277167 valid_micro_fmax=0.269760
epoch=30 loss=0.140060 validation_macro_fmax=0.257260 valid_micro_fmax=0.288951
epoch=31 loss=0.130418 validation_macro_fmax=0.258398 valid_micro_fmax=0.300813
epoch=32 loss=0.121188 validation_macro_fmax=0.266968 valid_micro_fmax=0.298174
epoch=33 loss=0.112237 validation_macro_fmax=0.263566 valid_micro_fmax=0.304131
epoch=34 loss=0.103963 validation_macro_fmax=0.267158 valid_micro_fmax=0.320028
epoch=35 loss=0.095874 validation_macro_fmax=0.257837 valid_micro_fmax=0.324251
epoch=36 loss=0.088525 validation_macro_fmax=0.256327 valid_micro_fmax=0.320956
Early stopping after 36 epochs (patience=9)
GPU completion: NVIDIA L40S, 38283, 46068, 0
