GPU: NVIDIA L40S
CUDA tensor check: 8.0
Sun Jul 19 19:27:59 2026       
+-----------------------------------------------------------------------------------------+
| NVIDIA-SMI 560.35.03              Driver Version: 560.35.03      CUDA Version: 12.6     |
|-----------------------------------------+------------------------+----------------------+
| GPU  Name                 Persistence-M | Bus-Id          Disp.A | Volatile Uncorr. ECC |
| Fan  Temp   Perf          Pwr:Usage/Cap |           Memory-Usage | GPU-Util  Compute M. |
|                                         |                        |               MIG M. |
|=========================================+========================+======================|
|   0  NVIDIA L40S                    On  |   00000000:B5:00.0 Off |                    0 |
| N/A   46C    P0             41W /  350W |     503MiB /  46068MiB |      0%      Default |
|                                         |                        |                  N/A |
+-----------------------------------------+------------------------+----------------------+
                                                                                         
+-----------------------------------------------------------------------------------------+
| Processes:                                                                              |
|  GPU   GI   CI        PID   Type   Process name                              GPU Memory |
|        ID   ID                                                               Usage      |
|=========================================================================================|
|    0   N/A  N/A    976359      C   python3                                       494MiB |
+-----------------------------------------------------------------------------------------+
CUDA verified: NVIDIA L40S; tensor dot product=8.0
GPU startup: NVIDIA L40S, 533, 46068, 5
Loaded train=6026, valid=754; reserved test set is not loaded
epoch=1 loss=0.731247 validation_macro_fmax=0.094135 valid_micro_fmax=0.014359
epoch=2 loss=0.694744 validation_macro_fmax=0.095384 valid_micro_fmax=0.014599
epoch=3 loss=0.673035 validation_macro_fmax=0.099733 valid_micro_fmax=0.014747
epoch=4 loss=0.649322 validation_macro_fmax=0.103598 valid_micro_fmax=0.014839
epoch=5 loss=0.632779 validation_macro_fmax=0.106960 valid_micro_fmax=0.015150
epoch=6 loss=0.619307 validation_macro_fmax=0.110670 valid_micro_fmax=0.015376
epoch=7 loss=0.605176 validation_macro_fmax=0.114138 valid_micro_fmax=0.015719
epoch=8 loss=0.593735 validation_macro_fmax=0.120265 valid_micro_fmax=0.016012
epoch=9 loss=0.582207 validation_macro_fmax=0.123631 valid_micro_fmax=0.016491
epoch=10 loss=0.576936 validation_macro_fmax=0.131078 valid_micro_fmax=0.017078
epoch=11 loss=0.563756 validation_macro_fmax=0.132965 valid_micro_fmax=0.016872
epoch=12 loss=0.559179 validation_macro_fmax=0.135588 valid_micro_fmax=0.017163
epoch=13 loss=0.550971 validation_macro_fmax=0.141343 valid_micro_fmax=0.017508
epoch=14 loss=0.545403 validation_macro_fmax=0.143390 valid_micro_fmax=0.017678
epoch=15 loss=0.537641 validation_macro_fmax=0.146387 valid_micro_fmax=0.018024
epoch=16 loss=0.529986 validation_macro_fmax=0.148506 valid_micro_fmax=0.019400
epoch=17 loss=0.524708 validation_macro_fmax=0.157115 valid_micro_fmax=0.020334
epoch=18 loss=0.519940 validation_macro_fmax=0.157650 valid_micro_fmax=0.021777
epoch=19 loss=0.515204 validation_macro_fmax=0.168055 valid_micro_fmax=0.023595
epoch=20 loss=0.510357 validation_macro_fmax=0.169333 valid_micro_fmax=0.024285
epoch=21 loss=0.505508 validation_macro_fmax=0.173218 valid_micro_fmax=0.024396
epoch=22 loss=0.500343 validation_macro_fmax=0.181973 valid_micro_fmax=0.028251
epoch=23 loss=0.496792 validation_macro_fmax=0.183754 valid_micro_fmax=0.028048
epoch=24 loss=0.491554 validation_macro_fmax=0.190879 valid_micro_fmax=0.033021
epoch=25 loss=0.487547 validation_macro_fmax=0.191512 valid_micro_fmax=0.032474
epoch=26 loss=0.483775 validation_macro_fmax=0.198838 valid_micro_fmax=0.035775
epoch=27 loss=0.479150 validation_macro_fmax=0.202972 valid_micro_fmax=0.040034
epoch=28 loss=0.475129 validation_macro_fmax=0.203894 valid_micro_fmax=0.041479
epoch=29 loss=0.471406 validation_macro_fmax=0.211254 valid_micro_fmax=0.047544
epoch=30 loss=0.467769 validation_macro_fmax=0.211662 valid_micro_fmax=0.049366
epoch=31 loss=0.464170 validation_macro_fmax=0.217410 valid_micro_fmax=0.051000
epoch=32 loss=0.461713 validation_macro_fmax=0.224464 valid_micro_fmax=0.054218
epoch=33 loss=0.457548 validation_macro_fmax=0.230654 valid_micro_fmax=0.061639
epoch=34 loss=0.454504 validation_macro_fmax=0.233715 valid_micro_fmax=0.060514
epoch=35 loss=0.451273 validation_macro_fmax=0.238101 valid_micro_fmax=0.063829
epoch=36 loss=0.448143 validation_macro_fmax=0.240614 valid_micro_fmax=0.065455
epoch=37 loss=0.443406 validation_macro_fmax=0.248204 valid_micro_fmax=0.068954
epoch=38 loss=0.440417 validation_macro_fmax=0.247946 valid_micro_fmax=0.074567
epoch=39 loss=0.436707 validation_macro_fmax=0.250250 valid_micro_fmax=0.074131
epoch=40 loss=0.433428 validation_macro_fmax=0.254681 valid_micro_fmax=0.077014
epoch=41 loss=0.431701 validation_macro_fmax=0.260920 valid_micro_fmax=0.077970
epoch=42 loss=0.427261 validation_macro_fmax=0.261227 valid_micro_fmax=0.082515
epoch=43 loss=0.423840 validation_macro_fmax=0.262689 valid_micro_fmax=0.085766
epoch=44 loss=0.422294 validation_macro_fmax=0.270308 valid_micro_fmax=0.087406
epoch=45 loss=0.418394 validation_macro_fmax=0.272718 valid_micro_fmax=0.089662
epoch=46 loss=0.414053 validation_macro_fmax=0.275785 valid_micro_fmax=0.095183
epoch=47 loss=0.411197 validation_macro_fmax=0.280470 valid_micro_fmax=0.090198
epoch=48 loss=0.408471 validation_macro_fmax=0.283846 valid_micro_fmax=0.097004
epoch=49 loss=0.405669 validation_macro_fmax=0.279700 valid_micro_fmax=0.093705
epoch=50 loss=0.401682 validation_macro_fmax=0.277362 valid_micro_fmax=0.097706
epoch=51 loss=0.398042 validation_macro_fmax=0.283547 valid_micro_fmax=0.097509
epoch=52 loss=0.395283 validation_macro_fmax=0.290352 valid_micro_fmax=0.101369
epoch=53 loss=0.391884 validation_macro_fmax=0.281182 valid_micro_fmax=0.101099
epoch=54 loss=0.389393 validation_macro_fmax=0.294707 valid_micro_fmax=0.102202
epoch=55 loss=0.384007 validation_macro_fmax=0.290127 valid_micro_fmax=0.106683
epoch=56 loss=0.381449 validation_macro_fmax=0.302509 valid_micro_fmax=0.104988
epoch=57 loss=0.376216 validation_macro_fmax=0.296226 valid_micro_fmax=0.107468
epoch=58 loss=0.374691 validation_macro_fmax=0.306071 valid_micro_fmax=0.112952
epoch=59 loss=0.371362 validation_macro_fmax=0.315106 valid_micro_fmax=0.113444
epoch=60 loss=0.367025 validation_macro_fmax=0.319559 valid_micro_fmax=0.107528
epoch=61 loss=0.363109 validation_macro_fmax=0.310729 valid_micro_fmax=0.110433
epoch=62 loss=0.359189 validation_macro_fmax=0.322194 valid_micro_fmax=0.115425
epoch=63 loss=0.355461 validation_macro_fmax=0.329196 valid_micro_fmax=0.110282
epoch=64 loss=0.352149 validation_macro_fmax=0.331195 valid_micro_fmax=0.113479
epoch=65 loss=0.347220 validation_macro_fmax=0.333843 valid_micro_fmax=0.110591
epoch=66 loss=0.344102 validation_macro_fmax=0.326673 valid_micro_fmax=0.115306
epoch=67 loss=0.340534 validation_macro_fmax=0.346672 valid_micro_fmax=0.111158
epoch=68 loss=0.336405 validation_macro_fmax=0.328977 valid_micro_fmax=0.109314
epoch=69 loss=0.332677 validation_macro_fmax=0.343014 valid_micro_fmax=0.116692
epoch=70 loss=0.328954 validation_macro_fmax=0.336423 valid_micro_fmax=0.114334
epoch=71 loss=0.324553 validation_macro_fmax=0.342349 valid_micro_fmax=0.115996
epoch=72 loss=0.320078 validation_macro_fmax=0.348320 valid_micro_fmax=0.116127
epoch=73 loss=0.315913 validation_macro_fmax=0.337684 valid_micro_fmax=0.117020
epoch=74 loss=0.311496 validation_macro_fmax=0.350902 valid_micro_fmax=0.118449
epoch=75 loss=0.307923 validation_macro_fmax=0.348286 valid_micro_fmax=0.114410
epoch=76 loss=0.304142 validation_macro_fmax=0.359827 valid_micro_fmax=0.118025
epoch=77 loss=0.298714 validation_macro_fmax=0.353362 valid_micro_fmax=0.119302
epoch=78 loss=0.295961 validation_macro_fmax=0.330007 valid_micro_fmax=0.117913
epoch=79 loss=0.293338 validation_macro_fmax=0.329576 valid_micro_fmax=0.116678
epoch=80 loss=0.286199 validation_macro_fmax=0.328224 valid_micro_fmax=0.118695
epoch=81 loss=0.283449 validation_macro_fmax=0.324971 valid_micro_fmax=0.120554
epoch=82 loss=0.277590 validation_macro_fmax=0.330078 valid_micro_fmax=0.122850
epoch=83 loss=0.273540 validation_macro_fmax=0.337077 valid_micro_fmax=0.118331
epoch=84 loss=0.270686 validation_macro_fmax=0.320667 valid_micro_fmax=0.124583
Early stopping after 84 epochs (patience=8)
GPU completion: NVIDIA L40S, 40857, 46068, 0
