GPU: NVIDIA L40S
CUDA tensor check: 8.0
Sat Jul 18 15:28:30 2026       
+-----------------------------------------------------------------------------------------+
| NVIDIA-SMI 560.35.03              Driver Version: 560.35.03      CUDA Version: 12.6     |
|-----------------------------------------+------------------------+----------------------+
| GPU  Name                 Persistence-M | Bus-Id          Disp.A | Volatile Uncorr. ECC |
| Fan  Temp   Perf          Pwr:Usage/Cap |           Memory-Usage | GPU-Util  Compute M. |
|                                         |                        |               MIG M. |
|=========================================+========================+======================|
|   0  NVIDIA L40S                    On  |   00000000:0D:00.0 Off |                    0 |
| N/A   47C    P0             45W /  350W |     503MiB /  46068MiB |      0%      Default |
|                                         |                        |                  N/A |
+-----------------------------------------+------------------------+----------------------+
                                                                                         
+-----------------------------------------------------------------------------------------+
| Processes:                                                                              |
|  GPU   GI   CI        PID   Type   Process name                              GPU Memory |
|        ID   ID                                                               Usage      |
|=========================================================================================|
|    0   N/A  N/A    239392      C   python3                                       494MiB |
+-----------------------------------------------------------------------------------------+
CUDA verified: NVIDIA L40S; tensor dot product=8.0
GPU startup: NVIDIA L40S, 533, 46068, 5
Loaded train=6026, valid=754; reserved test set is not loaded
epoch=1 loss=0.916937 validation_macro_fmax=0.412584 valid_micro_fmax=0.241141
epoch=2 loss=0.453456 validation_macro_fmax=0.400670 valid_micro_fmax=0.311552
epoch=3 loss=0.255204 validation_macro_fmax=0.401806 valid_micro_fmax=0.354599
epoch=4 loss=0.185650 validation_macro_fmax=0.414563 valid_micro_fmax=0.393086
epoch=5 loss=0.137477 validation_macro_fmax=0.401442 valid_micro_fmax=0.387668
epoch=6 loss=0.119576 validation_macro_fmax=0.414973 valid_micro_fmax=0.440265
epoch=7 loss=0.095869 validation_macro_fmax=0.400148 valid_micro_fmax=0.405147
epoch=8 loss=0.080472 validation_macro_fmax=0.422983 valid_micro_fmax=0.408015
epoch=9 loss=0.076803 validation_macro_fmax=0.421824 valid_micro_fmax=0.413976
epoch=10 loss=0.076149 validation_macro_fmax=0.401455 valid_micro_fmax=0.380900
epoch=11 loss=0.071835 validation_macro_fmax=0.401522 valid_micro_fmax=0.390026
epoch=12 loss=0.056736 validation_macro_fmax=0.398582 valid_micro_fmax=0.427397
epoch=13 loss=0.062925 validation_macro_fmax=0.395114 valid_micro_fmax=0.368292
epoch=14 loss=0.060680 validation_macro_fmax=0.390296 valid_micro_fmax=0.383424
epoch=15 loss=0.050843 validation_macro_fmax=0.422878 valid_micro_fmax=0.406144
epoch=16 loss=0.049144 validation_macro_fmax=0.396417 valid_micro_fmax=0.425742
Early stopping after 16 epochs (patience=8)
GPU completion: NVIDIA L40S, 34979, 46068, 0
