GPU: NVIDIA L40S
CUDA tensor check: 8.0
Sun Jul 19 07:28:38 2026       
+-----------------------------------------------------------------------------------------+
| NVIDIA-SMI 560.35.03              Driver Version: 560.35.03      CUDA Version: 12.6     |
|-----------------------------------------+------------------------+----------------------+
| GPU  Name                 Persistence-M | Bus-Id          Disp.A | Volatile Uncorr. ECC |
| Fan  Temp   Perf          Pwr:Usage/Cap |           Memory-Usage | GPU-Util  Compute M. |
|                                         |                        |               MIG M. |
|=========================================+========================+======================|
|   0  NVIDIA L40S                    On  |   00000000:B5:00.0 Off |                    0 |
| N/A   43C    P0             43W /  350W |     503MiB /  46068MiB |      1%      Default |
|                                         |                        |                  N/A |
+-----------------------------------------+------------------------+----------------------+
                                                                                         
+-----------------------------------------------------------------------------------------+
| Processes:                                                                              |
|  GPU   GI   CI        PID   Type   Process name                              GPU Memory |
|        ID   ID                                                               Usage      |
|=========================================================================================|
|    0   N/A  N/A    616426      C   python3                                       494MiB |
+-----------------------------------------------------------------------------------------+
CUDA verified: NVIDIA L40S; tensor dot product=8.0
GPU startup: NVIDIA L40S, 533, 46068, 1
Loaded train=6026, valid=754; reserved test set is not loaded
epoch=1 loss=0.252066 validation_macro_fmax=0.094096 valid_micro_fmax=0.017536
epoch=2 loss=0.208647 validation_macro_fmax=0.109303 valid_micro_fmax=0.038196
epoch=3 loss=0.149005 validation_macro_fmax=0.122759 valid_micro_fmax=0.028853
epoch=4 loss=0.115917 validation_macro_fmax=0.138898 valid_micro_fmax=0.036453
epoch=5 loss=0.107558 validation_macro_fmax=0.162514 valid_micro_fmax=0.064895
epoch=6 loss=0.082083 validation_macro_fmax=0.156164 valid_micro_fmax=0.064659
epoch=7 loss=0.058966 validation_macro_fmax=0.153251 valid_micro_fmax=0.072747
epoch=8 loss=0.082225 validation_macro_fmax=0.160372 valid_micro_fmax=0.073961
epoch=9 loss=0.076468 validation_macro_fmax=0.151058 valid_micro_fmax=0.096157
epoch=10 loss=0.065236 validation_macro_fmax=0.143303 valid_micro_fmax=0.074127
epoch=11 loss=0.052444 validation_macro_fmax=0.142231 valid_micro_fmax=0.061005
epoch=12 loss=0.042911 validation_macro_fmax=0.155216 valid_micro_fmax=0.084479
epoch=13 loss=0.040317 validation_macro_fmax=0.165690 valid_micro_fmax=0.098588
epoch=14 loss=0.041888 validation_macro_fmax=0.155347 valid_micro_fmax=0.083330
epoch=15 loss=0.035366 validation_macro_fmax=0.144014 valid_micro_fmax=0.117110
epoch=16 loss=0.027353 validation_macro_fmax=0.153958 valid_micro_fmax=0.119995
epoch=17 loss=0.026459 validation_macro_fmax=0.170236 valid_micro_fmax=0.113660
epoch=18 loss=0.026834 validation_macro_fmax=0.172626 valid_micro_fmax=0.114379
epoch=19 loss=0.030793 validation_macro_fmax=0.154917 valid_micro_fmax=0.092645
epoch=20 loss=0.024258 validation_macro_fmax=0.169322 valid_micro_fmax=0.108729
epoch=21 loss=0.023637 validation_macro_fmax=0.159477 valid_micro_fmax=0.103934
epoch=22 loss=0.026849 validation_macro_fmax=0.169443 valid_micro_fmax=0.080652
epoch=23 loss=0.023836 validation_macro_fmax=0.170850 valid_micro_fmax=0.121036
epoch=24 loss=0.020416 validation_macro_fmax=0.176600 valid_micro_fmax=0.143672
epoch=25 loss=0.027429 validation_macro_fmax=0.159112 valid_micro_fmax=0.107975
epoch=26 loss=0.024184 validation_macro_fmax=0.125225 valid_micro_fmax=0.049522
epoch=27 loss=0.024398 validation_macro_fmax=0.183145 valid_micro_fmax=0.133062
epoch=28 loss=0.035934 validation_macro_fmax=0.167361 valid_micro_fmax=0.131838
epoch=29 loss=0.040401 validation_macro_fmax=0.178070 valid_micro_fmax=0.108652
epoch=30 loss=0.022127 validation_macro_fmax=0.181678 valid_micro_fmax=0.140878
epoch=31 loss=0.035243 validation_macro_fmax=0.163011 valid_micro_fmax=0.124237
epoch=32 loss=0.026349 validation_macro_fmax=0.165533 valid_micro_fmax=0.119121
epoch=33 loss=0.029898 validation_macro_fmax=0.182695 valid_micro_fmax=0.166594
epoch=34 loss=0.014134 validation_macro_fmax=0.170035 valid_micro_fmax=0.143719
epoch=35 loss=0.017955 validation_macro_fmax=0.185287 valid_micro_fmax=0.165755
epoch=36 loss=0.028142 validation_macro_fmax=0.183852 valid_micro_fmax=0.157573
epoch=37 loss=0.022350 validation_macro_fmax=0.183486 valid_micro_fmax=0.089751
epoch=38 loss=0.023483 validation_macro_fmax=0.171764 valid_micro_fmax=0.146434
epoch=39 loss=0.036033 validation_macro_fmax=0.178905 valid_micro_fmax=0.127132
epoch=40 loss=0.020979 validation_macro_fmax=0.183841 valid_micro_fmax=0.154891
epoch=41 loss=0.017849 validation_macro_fmax=0.192447 valid_micro_fmax=0.146780
epoch=42 loss=0.013728 validation_macro_fmax=0.186694 valid_micro_fmax=0.170519
epoch=43 loss=0.029174 validation_macro_fmax=0.187379 valid_micro_fmax=0.172509
epoch=44 loss=0.016294 validation_macro_fmax=0.175061 valid_micro_fmax=0.148724
epoch=45 loss=0.017540 validation_macro_fmax=0.172399 valid_micro_fmax=0.156219
epoch=46 loss=0.013155 validation_macro_fmax=0.158053 valid_micro_fmax=0.141963
epoch=47 loss=0.020011 validation_macro_fmax=0.163220 valid_micro_fmax=0.123406
epoch=48 loss=0.023264 validation_macro_fmax=0.170120 valid_micro_fmax=0.162276
epoch=49 loss=0.019000 validation_macro_fmax=0.168925 valid_micro_fmax=0.146168
epoch=50 loss=0.011694 validation_macro_fmax=0.176439 valid_micro_fmax=0.157987
Early stopping after 50 epochs (patience=9)
GPU completion: NVIDIA L40S, 34875, 46068, 0
