GPU: NVIDIA L40S
CUDA tensor check: 8.0
Sun Jul 19 11:59:16 2026       
+-----------------------------------------------------------------------------------------+
| NVIDIA-SMI 560.35.03              Driver Version: 560.35.03      CUDA Version: 12.6     |
|-----------------------------------------+------------------------+----------------------+
| GPU  Name                 Persistence-M | Bus-Id          Disp.A | Volatile Uncorr. ECC |
| Fan  Temp   Perf          Pwr:Usage/Cap |           Memory-Usage | GPU-Util  Compute M. |
|                                         |                        |               MIG M. |
|=========================================+========================+======================|
|   0  NVIDIA L40S                    On  |   00000000:B5:00.0 Off |                    0 |
| N/A   45C    P0             43W /  350W |     503MiB /  46068MiB |      0%      Default |
|                                         |                        |                  N/A |
+-----------------------------------------+------------------------+----------------------+
                                                                                         
+-----------------------------------------------------------------------------------------+
| Processes:                                                                              |
|  GPU   GI   CI        PID   Type   Process name                              GPU Memory |
|        ID   ID                                                               Usage      |
|=========================================================================================|
|    0   N/A  N/A    759262      C   python3                                       494MiB |
+-----------------------------------------------------------------------------------------+
CUDA verified: NVIDIA L40S; tensor dot product=8.0
GPU startup: NVIDIA L40S, 533, 46068, 0
Loaded train=6026, valid=754; reserved test set is not loaded
epoch=1 loss=0.896982 validation_macro_fmax=0.290770 valid_micro_fmax=0.164272
epoch=2 loss=0.481044 validation_macro_fmax=0.301630 valid_micro_fmax=0.314732
epoch=3 loss=0.239807 validation_macro_fmax=0.322283 valid_micro_fmax=0.327759
epoch=4 loss=0.138025 validation_macro_fmax=0.287209 valid_micro_fmax=0.351839
epoch=5 loss=0.086094 validation_macro_fmax=0.334670 valid_micro_fmax=0.357551
epoch=6 loss=0.068715 validation_macro_fmax=0.293562 valid_micro_fmax=0.408278
epoch=7 loss=0.050482 validation_macro_fmax=0.271995 valid_micro_fmax=0.394624
epoch=8 loss=0.044252 validation_macro_fmax=0.290456 valid_micro_fmax=0.385347
epoch=9 loss=0.036399 validation_macro_fmax=0.323864 valid_micro_fmax=0.402980
epoch=10 loss=0.033676 validation_macro_fmax=0.296931 valid_micro_fmax=0.405952
epoch=11 loss=0.031337 validation_macro_fmax=0.311171 valid_micro_fmax=0.418954
epoch=12 loss=0.024574 validation_macro_fmax=0.274644 valid_micro_fmax=0.396576
epoch=13 loss=0.024297 validation_macro_fmax=0.288980 valid_micro_fmax=0.396911
Early stopping after 13 epochs (patience=8)
GPU completion: NVIDIA L40S, 34105, 46068, 0
