GPU: NVIDIA L40S
CUDA tensor check: 8.0
Sun Jul 19 04:20:30 2026       
+-----------------------------------------------------------------------------------------+
| NVIDIA-SMI 560.35.03              Driver Version: 560.35.03      CUDA Version: 12.6     |
|-----------------------------------------+------------------------+----------------------+
| GPU  Name                 Persistence-M | Bus-Id          Disp.A | Volatile Uncorr. ECC |
| Fan  Temp   Perf          Pwr:Usage/Cap |           Memory-Usage | GPU-Util  Compute M. |
|                                         |                        |               MIG M. |
|=========================================+========================+======================|
|   0  NVIDIA L40S                    On  |   00000000:0D:00.0 Off |                    0 |
| N/A   56C    P0             46W /  350W |     503MiB /  46068MiB |      0%      Default |
|                                         |                        |                  N/A |
+-----------------------------------------+------------------------+----------------------+
                                                                                         
+-----------------------------------------------------------------------------------------+
| Processes:                                                                              |
|  GPU   GI   CI        PID   Type   Process name                              GPU Memory |
|        ID   ID                                                               Usage      |
|=========================================================================================|
|    0   N/A  N/A   1103197      C   python3                                       494MiB |
+-----------------------------------------------------------------------------------------+
CUDA verified: NVIDIA L40S; tensor dot product=8.0
GPU startup: NVIDIA L40S, 533, 46068, 0
Loaded train=6026, valid=754; reserved test set is not loaded
epoch=1 loss=0.135007 validation_macro_fmax=0.375208 valid_micro_fmax=0.223654
epoch=2 loss=0.065848 validation_macro_fmax=0.396989 valid_micro_fmax=0.316567
epoch=3 loss=0.038588 validation_macro_fmax=0.382197 valid_micro_fmax=0.352643
epoch=4 loss=0.026186 validation_macro_fmax=0.375203 valid_micro_fmax=0.384378
epoch=5 loss=0.019512 validation_macro_fmax=0.384291 valid_micro_fmax=0.399423
epoch=6 loss=0.017317 validation_macro_fmax=0.386143 valid_micro_fmax=0.428881
epoch=7 loss=0.012061 validation_macro_fmax=0.397185 valid_micro_fmax=0.438367
epoch=8 loss=0.010698 validation_macro_fmax=0.390836 valid_micro_fmax=0.444314
epoch=9 loss=0.015193 validation_macro_fmax=0.415476 valid_micro_fmax=0.433333
epoch=10 loss=0.022267 validation_macro_fmax=0.394723 valid_micro_fmax=0.318029
epoch=11 loss=0.036812 validation_macro_fmax=0.393557 valid_micro_fmax=0.399178
epoch=12 loss=0.016913 validation_macro_fmax=0.392874 valid_micro_fmax=0.411545
epoch=13 loss=0.010907 validation_macro_fmax=0.403252 valid_micro_fmax=0.451362
epoch=14 loss=0.008942 validation_macro_fmax=0.395422 valid_micro_fmax=0.444678
epoch=15 loss=0.009586 validation_macro_fmax=0.402673 valid_micro_fmax=0.448846
epoch=16 loss=0.007268 validation_macro_fmax=0.395219 valid_micro_fmax=0.447580
epoch=17 loss=0.006346 validation_macro_fmax=0.391864 valid_micro_fmax=0.431335
epoch=18 loss=0.005794 validation_macro_fmax=0.388554 valid_micro_fmax=0.437138
Early stopping after 18 epochs (patience=9)
GPU completion: NVIDIA L40S, 29097, 46068, 0
