GPU: NVIDIA L40S
CUDA tensor check: 8.0
Mon Jul 20 06:56:45 2026       
+-----------------------------------------------------------------------------------------+
| NVIDIA-SMI 560.35.03              Driver Version: 560.35.03      CUDA Version: 12.6     |
|-----------------------------------------+------------------------+----------------------+
| GPU  Name                 Persistence-M | Bus-Id          Disp.A | Volatile Uncorr. ECC |
| Fan  Temp   Perf          Pwr:Usage/Cap |           Memory-Usage | GPU-Util  Compute M. |
|                                         |                        |               MIG M. |
|=========================================+========================+======================|
|   0  NVIDIA L40S                    On  |   00000000:0D:00.0 Off |                    0 |
| N/A   47C    P0             42W /  350W |     503MiB /  46068MiB |      5%      Default |
|                                         |                        |                  N/A |
+-----------------------------------------+------------------------+----------------------+
                                                                                         
+-----------------------------------------------------------------------------------------+
| Processes:                                                                              |
|  GPU   GI   CI        PID   Type   Process name                              GPU Memory |
|        ID   ID                                                               Usage      |
|=========================================================================================|
|    0   N/A  N/A   1601498      C   python3                                       494MiB |
+-----------------------------------------------------------------------------------------+
CUDA verified: NVIDIA L40S; tensor dot product=8.0
GPU startup: NVIDIA L40S, 533, 46068, 0
Loaded train=6026, valid=754; reserved test set is not loaded
epoch=1 loss=0.393650 validation_macro_fmax=0.290546 valid_micro_fmax=0.168067
epoch=2 loss=0.170865 validation_macro_fmax=0.331965 valid_micro_fmax=0.151092
epoch=3 loss=0.090098 validation_macro_fmax=0.367319 valid_micro_fmax=0.234199
epoch=4 loss=0.058616 validation_macro_fmax=0.369028 valid_micro_fmax=0.246066
epoch=5 loss=0.043880 validation_macro_fmax=0.378316 valid_micro_fmax=0.283101
epoch=6 loss=0.033297 validation_macro_fmax=0.398667 valid_micro_fmax=0.322619
epoch=7 loss=0.027988 validation_macro_fmax=0.390663 valid_micro_fmax=0.304924
epoch=8 loss=0.025911 validation_macro_fmax=0.391903 valid_micro_fmax=0.267534
epoch=9 loss=0.022299 validation_macro_fmax=0.387936 valid_micro_fmax=0.351015
epoch=10 loss=0.018507 validation_macro_fmax=0.417963 valid_micro_fmax=0.334855
epoch=11 loss=0.032140 validation_macro_fmax=0.364762 valid_micro_fmax=0.287496
epoch=12 loss=0.034740 validation_macro_fmax=0.388097 valid_micro_fmax=0.301377
epoch=13 loss=0.022649 validation_macro_fmax=0.414220 valid_micro_fmax=0.318065
epoch=14 loss=0.018637 validation_macro_fmax=0.412368 valid_micro_fmax=0.348468
epoch=15 loss=0.013077 validation_macro_fmax=0.402368 valid_micro_fmax=0.358833
epoch=16 loss=0.012527 validation_macro_fmax=0.424482 valid_micro_fmax=0.419295
epoch=17 loss=0.012502 validation_macro_fmax=0.417622 valid_micro_fmax=0.412383
epoch=18 loss=0.010585 validation_macro_fmax=0.432895 valid_micro_fmax=0.448811
epoch=19 loss=0.010449 validation_macro_fmax=0.415099 valid_micro_fmax=0.390490
epoch=20 loss=0.030106 validation_macro_fmax=0.370793 valid_micro_fmax=0.252575
epoch=21 loss=0.025581 validation_macro_fmax=0.390399 valid_micro_fmax=0.343130
epoch=22 loss=0.013741 validation_macro_fmax=0.411282 valid_micro_fmax=0.401815
epoch=23 loss=0.009868 validation_macro_fmax=0.404158 valid_micro_fmax=0.402887
epoch=24 loss=0.007892 validation_macro_fmax=0.402040 valid_micro_fmax=0.419133
epoch=25 loss=0.006705 validation_macro_fmax=0.407921 valid_micro_fmax=0.423985
epoch=26 loss=0.007324 validation_macro_fmax=0.413258 valid_micro_fmax=0.410256
epoch=27 loss=0.006612 validation_macro_fmax=0.409904 valid_micro_fmax=0.436813
epoch=28 loss=0.006532 validation_macro_fmax=0.401341 valid_micro_fmax=0.418240
Early stopping after 28 epochs (patience=10)
GPU completion: NVIDIA L40S, 28321, 46068, 0
