GPU: NVIDIA L40S
CUDA tensor check: 8.0
Sat Jul 18 18:22:48 2026       
+-----------------------------------------------------------------------------------------+
| NVIDIA-SMI 560.35.03              Driver Version: 560.35.03      CUDA Version: 12.6     |
|-----------------------------------------+------------------------+----------------------+
| GPU  Name                 Persistence-M | Bus-Id          Disp.A | Volatile Uncorr. ECC |
| Fan  Temp   Perf          Pwr:Usage/Cap |           Memory-Usage | GPU-Util  Compute M. |
|                                         |                        |               MIG M. |
|=========================================+========================+======================|
|   0  NVIDIA L40S                    On  |   00000000:0D:00.0 Off |                    0 |
| N/A   49C    P0             43W /  350W |     503MiB /  46068MiB |      5%      Default |
|                                         |                        |                  N/A |
+-----------------------------------------+------------------------+----------------------+
                                                                                         
+-----------------------------------------------------------------------------------------+
| Processes:                                                                              |
|  GPU   GI   CI        PID   Type   Process name                              GPU Memory |
|        ID   ID                                                               Usage      |
|=========================================================================================|
|    0   N/A  N/A    333486      C   python3                                       494MiB |
+-----------------------------------------------------------------------------------------+
CUDA verified: NVIDIA L40S; tensor dot product=8.0
GPU startup: NVIDIA L40S, 533, 46068, 5
Loaded train=6026, valid=754; reserved test set is not loaded
epoch=1 loss=0.748353 validation_macro_fmax=0.092492 valid_micro_fmax=0.009592
epoch=2 loss=0.706016 validation_macro_fmax=0.097215 valid_micro_fmax=0.009657
epoch=3 loss=0.678249 validation_macro_fmax=0.099545 valid_micro_fmax=0.009709
epoch=4 loss=0.657521 validation_macro_fmax=0.102459 valid_micro_fmax=0.009751
epoch=5 loss=0.640465 validation_macro_fmax=0.102005 valid_micro_fmax=0.009879
epoch=6 loss=0.626924 validation_macro_fmax=0.104664 valid_micro_fmax=0.010207
epoch=7 loss=0.613202 validation_macro_fmax=0.105668 valid_micro_fmax=0.010672
epoch=8 loss=0.602105 validation_macro_fmax=0.107816 valid_micro_fmax=0.010617
epoch=9 loss=0.590978 validation_macro_fmax=0.111398 valid_micro_fmax=0.010555
epoch=10 loss=0.582795 validation_macro_fmax=0.115519 valid_micro_fmax=0.010708
epoch=11 loss=0.575128 validation_macro_fmax=0.116621 valid_micro_fmax=0.011202
epoch=12 loss=0.566946 validation_macro_fmax=0.117661 valid_micro_fmax=0.011677
epoch=13 loss=0.557898 validation_macro_fmax=0.121335 valid_micro_fmax=0.011766
epoch=14 loss=0.553602 validation_macro_fmax=0.124620 valid_micro_fmax=0.012047
epoch=15 loss=0.544325 validation_macro_fmax=0.125083 valid_micro_fmax=0.013073
epoch=16 loss=0.538654 validation_macro_fmax=0.127019 valid_micro_fmax=0.014797
epoch=17 loss=0.532682 validation_macro_fmax=0.130282 valid_micro_fmax=0.016087
epoch=18 loss=0.528871 validation_macro_fmax=0.131557 valid_micro_fmax=0.018090
epoch=19 loss=0.521294 validation_macro_fmax=0.133576 valid_micro_fmax=0.019644
epoch=20 loss=0.519223 validation_macro_fmax=0.136924 valid_micro_fmax=0.019890
epoch=21 loss=0.513366 validation_macro_fmax=0.139503 valid_micro_fmax=0.021655
epoch=22 loss=0.506620 validation_macro_fmax=0.141764 valid_micro_fmax=0.020531
epoch=23 loss=0.503305 validation_macro_fmax=0.147364 valid_micro_fmax=0.024403
epoch=24 loss=0.498509 validation_macro_fmax=0.149479 valid_micro_fmax=0.025574
epoch=25 loss=0.493198 validation_macro_fmax=0.155802 valid_micro_fmax=0.026569
epoch=26 loss=0.488318 validation_macro_fmax=0.159236 valid_micro_fmax=0.028915
epoch=27 loss=0.486008 validation_macro_fmax=0.160961 valid_micro_fmax=0.030966
epoch=28 loss=0.480827 validation_macro_fmax=0.163325 valid_micro_fmax=0.031014
epoch=29 loss=0.477651 validation_macro_fmax=0.166878 valid_micro_fmax=0.036107
epoch=30 loss=0.472967 validation_macro_fmax=0.166189 valid_micro_fmax=0.038890
epoch=31 loss=0.469649 validation_macro_fmax=0.174325 valid_micro_fmax=0.043731
epoch=32 loss=0.466111 validation_macro_fmax=0.177579 valid_micro_fmax=0.044547
epoch=33 loss=0.463149 validation_macro_fmax=0.180335 valid_micro_fmax=0.048015
epoch=34 loss=0.459160 validation_macro_fmax=0.183027 valid_micro_fmax=0.049072
epoch=35 loss=0.454878 validation_macro_fmax=0.185729 valid_micro_fmax=0.059366
epoch=36 loss=0.452088 validation_macro_fmax=0.189908 valid_micro_fmax=0.059654
epoch=37 loss=0.448056 validation_macro_fmax=0.190581 valid_micro_fmax=0.063283
epoch=38 loss=0.444817 validation_macro_fmax=0.195975 valid_micro_fmax=0.067800
epoch=39 loss=0.442790 validation_macro_fmax=0.202859 valid_micro_fmax=0.072089
epoch=40 loss=0.438727 validation_macro_fmax=0.201056 valid_micro_fmax=0.080107
epoch=41 loss=0.434727 validation_macro_fmax=0.205159 valid_micro_fmax=0.084144
epoch=42 loss=0.432046 validation_macro_fmax=0.206554 valid_micro_fmax=0.087381
epoch=43 loss=0.428102 validation_macro_fmax=0.213700 valid_micro_fmax=0.085163
epoch=44 loss=0.424673 validation_macro_fmax=0.210982 valid_micro_fmax=0.089988
epoch=45 loss=0.422618 validation_macro_fmax=0.210298 valid_micro_fmax=0.092003
epoch=46 loss=0.419543 validation_macro_fmax=0.217057 valid_micro_fmax=0.099938
epoch=47 loss=0.415575 validation_macro_fmax=0.216074 valid_micro_fmax=0.099559
epoch=48 loss=0.412387 validation_macro_fmax=0.218437 valid_micro_fmax=0.099857
epoch=49 loss=0.409128 validation_macro_fmax=0.222856 valid_micro_fmax=0.100157
epoch=50 loss=0.405623 validation_macro_fmax=0.226451 valid_micro_fmax=0.106935
epoch=51 loss=0.401894 validation_macro_fmax=0.226869 valid_micro_fmax=0.107185
epoch=52 loss=0.398946 validation_macro_fmax=0.226203 valid_micro_fmax=0.107931
epoch=53 loss=0.395623 validation_macro_fmax=0.228086 valid_micro_fmax=0.113955
epoch=54 loss=0.393155 validation_macro_fmax=0.229569 valid_micro_fmax=0.108283
epoch=55 loss=0.388108 validation_macro_fmax=0.228549 valid_micro_fmax=0.112460
epoch=56 loss=0.385978 validation_macro_fmax=0.231481 valid_micro_fmax=0.115860
epoch=57 loss=0.382675 validation_macro_fmax=0.223515 valid_micro_fmax=0.110155
epoch=58 loss=0.378402 validation_macro_fmax=0.224146 valid_micro_fmax=0.107337
epoch=59 loss=0.375096 validation_macro_fmax=0.225988 valid_micro_fmax=0.116585
epoch=60 loss=0.371777 validation_macro_fmax=0.229811 valid_micro_fmax=0.118791
epoch=61 loss=0.367838 validation_macro_fmax=0.229946 valid_micro_fmax=0.123421
epoch=62 loss=0.364908 validation_macro_fmax=0.228620 valid_micro_fmax=0.125967
epoch=63 loss=0.360207 validation_macro_fmax=0.223119 valid_micro_fmax=0.126422
epoch=64 loss=0.356168 validation_macro_fmax=0.228321 valid_micro_fmax=0.130743
Early stopping after 64 epochs (patience=8)
GPU completion: NVIDIA L40S, 43209, 46068, 0
