GPU: NVIDIA L40S
CUDA tensor check: 8.0
Sun Jul 19 23:38:15 2026       
+-----------------------------------------------------------------------------------------+
| NVIDIA-SMI 560.35.03              Driver Version: 560.35.03      CUDA Version: 12.6     |
|-----------------------------------------+------------------------+----------------------+
| GPU  Name                 Persistence-M | Bus-Id          Disp.A | Volatile Uncorr. ECC |
| Fan  Temp   Perf          Pwr:Usage/Cap |           Memory-Usage | GPU-Util  Compute M. |
|                                         |                        |               MIG M. |
|=========================================+========================+======================|
|   0  NVIDIA L40S                    On  |   00000000:B5:00.0 Off |                    0 |
| N/A   55C    P0             44W /  350W |     503MiB /  46068MiB |      1%      Default |
|                                         |                        |                  N/A |
+-----------------------------------------+------------------------+----------------------+
                                                                                         
+-----------------------------------------------------------------------------------------+
| Processes:                                                                              |
|  GPU   GI   CI        PID   Type   Process name                              GPU Memory |
|        ID   ID                                                               Usage      |
|=========================================================================================|
|    0   N/A  N/A   1633648      C   python3                                       494MiB |
+-----------------------------------------------------------------------------------------+
CUDA verified: NVIDIA L40S; tensor dot product=8.0
GPU startup: NVIDIA L40S, 533, 46068, 1
Loaded train=6026, valid=754; reserved test set is not loaded
epoch=1 loss=0.121137 validation_macro_fmax=0.312782 valid_micro_fmax=0.356272
epoch=2 loss=0.054509 validation_macro_fmax=0.336697 valid_micro_fmax=0.352556
epoch=3 loss=0.035729 validation_macro_fmax=0.338371 valid_micro_fmax=0.391240
epoch=4 loss=0.028054 validation_macro_fmax=0.328423 valid_micro_fmax=0.471402
epoch=5 loss=0.020004 validation_macro_fmax=0.286063 valid_micro_fmax=0.447037
epoch=6 loss=0.017718 validation_macro_fmax=0.319286 valid_micro_fmax=0.490110
epoch=7 loss=0.013621 validation_macro_fmax=0.305378 valid_micro_fmax=0.486428
epoch=8 loss=0.013001 validation_macro_fmax=0.331027 valid_micro_fmax=0.412940
epoch=9 loss=0.014512 validation_macro_fmax=0.323133 valid_micro_fmax=0.489243
epoch=10 loss=0.014228 validation_macro_fmax=0.342364 valid_micro_fmax=0.483525
epoch=11 loss=0.015351 validation_macro_fmax=0.325221 valid_micro_fmax=0.473933
epoch=12 loss=0.011310 validation_macro_fmax=0.352959 valid_micro_fmax=0.470982
epoch=13 loss=0.009293 validation_macro_fmax=0.325234 valid_micro_fmax=0.515512
epoch=14 loss=0.015658 validation_macro_fmax=0.321644 valid_micro_fmax=0.459094
epoch=15 loss=0.008368 validation_macro_fmax=0.343780 valid_micro_fmax=0.510563
epoch=16 loss=0.006747 validation_macro_fmax=0.337386 valid_micro_fmax=0.503950
epoch=17 loss=0.006755 validation_macro_fmax=0.334853 valid_micro_fmax=0.535836
epoch=18 loss=0.007124 validation_macro_fmax=0.368355 valid_micro_fmax=0.484375
epoch=19 loss=0.006519 validation_macro_fmax=0.345489 valid_micro_fmax=0.520054
epoch=20 loss=0.006352 validation_macro_fmax=0.349653 valid_micro_fmax=0.494448
epoch=21 loss=0.004713 validation_macro_fmax=0.357487 valid_micro_fmax=0.483910
epoch=22 loss=0.004094 validation_macro_fmax=0.361139 valid_micro_fmax=0.503927
epoch=23 loss=0.004308 validation_macro_fmax=0.354287 valid_micro_fmax=0.489925
epoch=24 loss=0.003957 validation_macro_fmax=0.370391 valid_micro_fmax=0.497015
epoch=25 loss=0.003969 validation_macro_fmax=0.345805 valid_micro_fmax=0.482347
epoch=26 loss=0.003954 validation_macro_fmax=0.316808 valid_micro_fmax=0.476556
epoch=27 loss=0.034517 validation_macro_fmax=0.316161 valid_micro_fmax=0.452708
epoch=28 loss=0.025711 validation_macro_fmax=0.308685 valid_micro_fmax=0.464670
epoch=29 loss=0.015480 validation_macro_fmax=0.327325 valid_micro_fmax=0.489147
epoch=30 loss=0.011591 validation_macro_fmax=0.323570 valid_micro_fmax=0.490438
epoch=31 loss=0.007789 validation_macro_fmax=0.325933 valid_micro_fmax=0.519721
epoch=32 loss=0.006338 validation_macro_fmax=0.331481 valid_micro_fmax=0.514351
epoch=33 loss=0.005235 validation_macro_fmax=0.319061 valid_micro_fmax=0.498901
Early stopping after 33 epochs (patience=9)
GPU completion: NVIDIA L40S, 40499, 46068, 0
