GPU: NVIDIA L40S
CUDA tensor check: 8.0
Sun Jul 19 20:03:32 2026       
+-----------------------------------------------------------------------------------------+
| NVIDIA-SMI 560.35.03              Driver Version: 560.35.03      CUDA Version: 12.6     |
|-----------------------------------------+------------------------+----------------------+
| GPU  Name                 Persistence-M | Bus-Id          Disp.A | Volatile Uncorr. ECC |
| Fan  Temp   Perf          Pwr:Usage/Cap |           Memory-Usage | GPU-Util  Compute M. |
|                                         |                        |               MIG M. |
|=========================================+========================+======================|
|   0  NVIDIA L40S                    On  |   00000000:B5:00.0 Off |                    0 |
| N/A   44C    P0             41W /  350W |     503MiB /  46068MiB |      0%      Default |
|                                         |                        |                  N/A |
+-----------------------------------------+------------------------+----------------------+
                                                                                         
+-----------------------------------------------------------------------------------------+
| Processes:                                                                              |
|  GPU   GI   CI        PID   Type   Process name                              GPU Memory |
|        ID   ID                                                               Usage      |
|=========================================================================================|
|    0   N/A  N/A    989993      C   python3                                       494MiB |
+-----------------------------------------------------------------------------------------+
CUDA verified: NVIDIA L40S; tensor dot product=8.0
GPU startup: NVIDIA L40S, 533, 46068, 5
Loaded train=6026, valid=754; reserved test set is not loaded
epoch=1 loss=1.016184 validation_macro_fmax=0.278256 valid_micro_fmax=0.175392
epoch=2 loss=0.837970 validation_macro_fmax=0.304024 valid_micro_fmax=0.262218
epoch=3 loss=0.776132 validation_macro_fmax=0.321026 valid_micro_fmax=0.322252
epoch=4 loss=0.740069 validation_macro_fmax=0.334557 valid_micro_fmax=0.341433
epoch=5 loss=0.711551 validation_macro_fmax=0.333630 valid_micro_fmax=0.337878
epoch=6 loss=0.684380 validation_macro_fmax=0.325529 valid_micro_fmax=0.355511
epoch=7 loss=0.655014 validation_macro_fmax=0.322386 valid_micro_fmax=0.387014
epoch=8 loss=0.620013 validation_macro_fmax=0.320584 valid_micro_fmax=0.380880
epoch=9 loss=0.580903 validation_macro_fmax=0.328242 valid_micro_fmax=0.408562
epoch=10 loss=0.536634 validation_macro_fmax=0.318390 valid_micro_fmax=0.404746
epoch=11 loss=0.489153 validation_macro_fmax=0.326683 valid_micro_fmax=0.402887
epoch=12 loss=0.438997 validation_macro_fmax=0.309229 valid_micro_fmax=0.411767
epoch=13 loss=0.387059 validation_macro_fmax=0.311756 valid_micro_fmax=0.428505
Early stopping after 13 epochs (patience=9)
GPU completion: NVIDIA L40S, 9465, 46068, 0
