GPU: NVIDIA L40S
CUDA tensor check: 8.0
Sun Jul 19 20:42:16 2026       
+-----------------------------------------------------------------------------------------+
| NVIDIA-SMI 560.35.03              Driver Version: 560.35.03      CUDA Version: 12.6     |
|-----------------------------------------+------------------------+----------------------+
| GPU  Name                 Persistence-M | Bus-Id          Disp.A | Volatile Uncorr. ECC |
| Fan  Temp   Perf          Pwr:Usage/Cap |           Memory-Usage | GPU-Util  Compute M. |
|                                         |                        |               MIG M. |
|=========================================+========================+======================|
|   0  NVIDIA L40S                    On  |   00000000:B5:00.0 Off |                    0 |
| N/A   46C    P0             42W /  350W |     503MiB /  46068MiB |      0%      Default |
|                                         |                        |                  N/A |
+-----------------------------------------+------------------------+----------------------+
                                                                                         
+-----------------------------------------------------------------------------------------+
| Processes:                                                                              |
|  GPU   GI   CI        PID   Type   Process name                              GPU Memory |
|        ID   ID                                                               Usage      |
|=========================================================================================|
|    0   N/A  N/A   1562670      C   python3                                       494MiB |
+-----------------------------------------------------------------------------------------+
CUDA verified: NVIDIA L40S; tensor dot product=8.0
GPU startup: NVIDIA L40S, 533, 46068, 0
Loaded train=6026, valid=754; reserved test set is not loaded
epoch=1 loss=0.248563 validation_macro_fmax=0.223176 valid_micro_fmax=0.193604
epoch=2 loss=0.195368 validation_macro_fmax=0.228017 valid_micro_fmax=0.223195
epoch=3 loss=0.153260 validation_macro_fmax=0.254369 valid_micro_fmax=0.294327
epoch=4 loss=0.136762 validation_macro_fmax=0.281078 valid_micro_fmax=0.223391
epoch=5 loss=0.079548 validation_macro_fmax=0.295987 valid_micro_fmax=0.332093
epoch=6 loss=0.062672 validation_macro_fmax=0.334969 valid_micro_fmax=0.352972
epoch=7 loss=0.061519 validation_macro_fmax=0.283068 valid_micro_fmax=0.342781
epoch=8 loss=0.054681 validation_macro_fmax=0.313367 valid_micro_fmax=0.370743
epoch=9 loss=0.049988 validation_macro_fmax=0.310567 valid_micro_fmax=0.368624
epoch=10 loss=0.039421 validation_macro_fmax=0.329375 valid_micro_fmax=0.381792
epoch=11 loss=0.037582 validation_macro_fmax=0.310934 valid_micro_fmax=0.355349
epoch=12 loss=0.026250 validation_macro_fmax=0.293238 valid_micro_fmax=0.381158
epoch=13 loss=0.026042 validation_macro_fmax=0.316716 valid_micro_fmax=0.395830
epoch=14 loss=0.026621 validation_macro_fmax=0.279239 valid_micro_fmax=0.403756
epoch=15 loss=0.118376 validation_macro_fmax=0.260842 valid_micro_fmax=0.301662
Early stopping after 15 epochs (patience=9)
GPU completion: NVIDIA L40S, 9465, 46068, 0
