GPU: NVIDIA L40S
CUDA tensor check: 8.0
Sun Jul 19 05:49:44 2026       
+-----------------------------------------------------------------------------------------+
| NVIDIA-SMI 560.35.03              Driver Version: 560.35.03      CUDA Version: 12.6     |
|-----------------------------------------+------------------------+----------------------+
| GPU  Name                 Persistence-M | Bus-Id          Disp.A | Volatile Uncorr. ECC |
| Fan  Temp   Perf          Pwr:Usage/Cap |           Memory-Usage | GPU-Util  Compute M. |
|                                         |                        |               MIG M. |
|=========================================+========================+======================|
|   0  NVIDIA L40S                    On  |   00000000:B5:00.0 Off |                    0 |
| N/A   48C    P0             44W /  350W |     503MiB /  46068MiB |      0%      Default |
|                                         |                        |                  N/A |
+-----------------------------------------+------------------------+----------------------+
                                                                                         
+-----------------------------------------------------------------------------------------+
| Processes:                                                                              |
|  GPU   GI   CI        PID   Type   Process name                              GPU Memory |
|        ID   ID                                                               Usage      |
|=========================================================================================|
|    0   N/A  N/A    572467      C   python3                                       494MiB |
+-----------------------------------------------------------------------------------------+
CUDA verified: NVIDIA L40S; tensor dot product=8.0
GPU startup: NVIDIA L40S, 533, 46068, 0
Loaded train=6026, valid=754; reserved test set is not loaded
epoch=1 loss=1.116660 validation_macro_fmax=0.149769 valid_micro_fmax=0.050814
epoch=2 loss=0.928527 validation_macro_fmax=0.174949 valid_micro_fmax=0.086022
epoch=3 loss=0.826074 validation_macro_fmax=0.190523 valid_micro_fmax=0.114741
epoch=4 loss=0.728678 validation_macro_fmax=0.200265 valid_micro_fmax=0.122053
epoch=5 loss=0.620541 validation_macro_fmax=0.208982 valid_micro_fmax=0.143309
epoch=6 loss=0.502769 validation_macro_fmax=0.218416 valid_micro_fmax=0.132512
epoch=7 loss=0.398598 validation_macro_fmax=0.224375 valid_micro_fmax=0.136187
epoch=8 loss=0.313422 validation_macro_fmax=0.219920 valid_micro_fmax=0.166550
epoch=9 loss=0.249054 validation_macro_fmax=0.232148 valid_micro_fmax=0.168961
epoch=10 loss=0.200946 validation_macro_fmax=0.222559 valid_micro_fmax=0.174516
epoch=11 loss=0.166784 validation_macro_fmax=0.222175 valid_micro_fmax=0.179924
epoch=12 loss=0.140287 validation_macro_fmax=0.219344 valid_micro_fmax=0.184128
epoch=13 loss=0.118103 validation_macro_fmax=0.228974 valid_micro_fmax=0.195265
epoch=14 loss=0.104544 validation_macro_fmax=0.234007 valid_micro_fmax=0.182113
epoch=15 loss=0.091607 validation_macro_fmax=0.239373 valid_micro_fmax=0.199913
epoch=16 loss=0.081696 validation_macro_fmax=0.233303 valid_micro_fmax=0.208610
epoch=17 loss=0.074878 validation_macro_fmax=0.229757 valid_micro_fmax=0.175562
epoch=18 loss=0.065215 validation_macro_fmax=0.240628 valid_micro_fmax=0.227842
epoch=19 loss=0.059934 validation_macro_fmax=0.232181 valid_micro_fmax=0.203581
epoch=20 loss=0.055398 validation_macro_fmax=0.254954 valid_micro_fmax=0.221051
epoch=21 loss=0.050446 validation_macro_fmax=0.245419 valid_micro_fmax=0.213458
epoch=22 loss=0.046065 validation_macro_fmax=0.255001 valid_micro_fmax=0.224665
epoch=23 loss=0.044506 validation_macro_fmax=0.231600 valid_micro_fmax=0.203063
epoch=24 loss=0.040151 validation_macro_fmax=0.235556 valid_micro_fmax=0.211307
epoch=25 loss=0.036788 validation_macro_fmax=0.238843 valid_micro_fmax=0.229316
epoch=26 loss=0.033989 validation_macro_fmax=0.247750 valid_micro_fmax=0.212201
epoch=27 loss=0.032225 validation_macro_fmax=0.231093 valid_micro_fmax=0.229504
epoch=28 loss=0.030872 validation_macro_fmax=0.254396 valid_micro_fmax=0.222168
epoch=29 loss=0.028704 validation_macro_fmax=0.246390 valid_micro_fmax=0.242993
epoch=30 loss=0.029574 validation_macro_fmax=0.240366 valid_micro_fmax=0.225488
epoch=31 loss=0.027430 validation_macro_fmax=0.241456 valid_micro_fmax=0.245942
Early stopping after 31 epochs (patience=9)
GPU completion: NVIDIA L40S, 10223, 46068, 0
