GPU: NVIDIA L40S
CUDA tensor check: 8.0
Sun Jul 19 09:57:15 2026       
+-----------------------------------------------------------------------------------------+
| NVIDIA-SMI 560.35.03              Driver Version: 560.35.03      CUDA Version: 12.6     |
|-----------------------------------------+------------------------+----------------------+
| GPU  Name                 Persistence-M | Bus-Id          Disp.A | Volatile Uncorr. ECC |
| Fan  Temp   Perf          Pwr:Usage/Cap |           Memory-Usage | GPU-Util  Compute M. |
|                                         |                        |               MIG M. |
|=========================================+========================+======================|
|   0  NVIDIA L40S                    On  |   00000000:0D:00.0 Off |                    0 |
| N/A   58C    P0             45W /  350W |     503MiB /  46068MiB |      0%      Default |
|                                         |                        |                  N/A |
+-----------------------------------------+------------------------+----------------------+
                                                                                         
+-----------------------------------------------------------------------------------------+
| Processes:                                                                              |
|  GPU   GI   CI        PID   Type   Process name                              GPU Memory |
|        ID   ID                                                               Usage      |
|=========================================================================================|
|    0   N/A  N/A   1245613      C   python3                                       494MiB |
+-----------------------------------------------------------------------------------------+
CUDA verified: NVIDIA L40S; tensor dot product=8.0
GPU startup: NVIDIA L40S, 533, 46068, 0
Loaded train=6026, valid=754; reserved test set is not loaded
epoch=1 loss=0.822687 validation_macro_fmax=0.249655 valid_micro_fmax=0.151670
epoch=2 loss=0.482467 validation_macro_fmax=0.249946 valid_micro_fmax=0.238301
epoch=3 loss=0.239742 validation_macro_fmax=0.271285 valid_micro_fmax=0.295860
epoch=4 loss=0.125614 validation_macro_fmax=0.254144 valid_micro_fmax=0.331835
epoch=5 loss=0.072473 validation_macro_fmax=0.276755 valid_micro_fmax=0.341336
epoch=6 loss=0.051445 validation_macro_fmax=0.294120 valid_micro_fmax=0.385025
epoch=7 loss=0.032798 validation_macro_fmax=0.244495 valid_micro_fmax=0.379688
epoch=8 loss=0.028993 validation_macro_fmax=0.248825 valid_micro_fmax=0.371698
epoch=9 loss=0.026503 validation_macro_fmax=0.240306 valid_micro_fmax=0.367260
epoch=10 loss=0.165467 validation_macro_fmax=0.280418 valid_micro_fmax=0.315036
epoch=11 loss=0.075281 validation_macro_fmax=0.234474 valid_micro_fmax=0.368644
epoch=12 loss=0.042126 validation_macro_fmax=0.244337 valid_micro_fmax=0.367618
epoch=13 loss=0.023013 validation_macro_fmax=0.245000 valid_micro_fmax=0.377670
epoch=14 loss=0.015723 validation_macro_fmax=0.242019 valid_micro_fmax=0.386268
Early stopping after 14 epochs (patience=8)
GPU completion: NVIDIA L40S, 39703, 46068, 0
