GPU: NVIDIA L40S
CUDA tensor check: 8.0
Sun Jul 19 10:06:22 2026       
+-----------------------------------------------------------------------------------------+
| NVIDIA-SMI 560.35.03              Driver Version: 560.35.03      CUDA Version: 12.6     |
|-----------------------------------------+------------------------+----------------------+
| GPU  Name                 Persistence-M | Bus-Id          Disp.A | Volatile Uncorr. ECC |
| Fan  Temp   Perf          Pwr:Usage/Cap |           Memory-Usage | GPU-Util  Compute M. |
|                                         |                        |               MIG M. |
|=========================================+========================+======================|
|   0  NVIDIA L40S                    On  |   00000000:0D:00.0 Off |                    0 |
| N/A   52C    P0             46W /  350W |     503MiB /  46068MiB |      0%      Default |
|                                         |                        |                  N/A |
+-----------------------------------------+------------------------+----------------------+
                                                                                         
+-----------------------------------------------------------------------------------------+
| Processes:                                                                              |
|  GPU   GI   CI        PID   Type   Process name                              GPU Memory |
|        ID   ID                                                               Usage      |
|=========================================================================================|
|    0   N/A  N/A    688615      C   python3                                       494MiB |
+-----------------------------------------------------------------------------------------+
CUDA verified: NVIDIA L40S; tensor dot product=8.0
GPU startup: NVIDIA L40S, 533, 46068, 5
Loaded train=6026, valid=754; reserved test set is not loaded
epoch=1 loss=0.418225 validation_macro_fmax=0.213147 valid_micro_fmax=0.110915
epoch=2 loss=0.198583 validation_macro_fmax=0.248212 valid_micro_fmax=0.109237
epoch=3 loss=0.126703 validation_macro_fmax=0.192393 valid_micro_fmax=0.114769
epoch=4 loss=0.088039 validation_macro_fmax=0.337407 valid_micro_fmax=0.144232
epoch=5 loss=0.076997 validation_macro_fmax=0.189679 valid_micro_fmax=0.119133
epoch=6 loss=0.059267 validation_macro_fmax=0.216603 valid_micro_fmax=0.155135
epoch=7 loss=0.050685 validation_macro_fmax=0.213013 valid_micro_fmax=0.182462
epoch=8 loss=0.041722 validation_macro_fmax=0.209204 valid_micro_fmax=0.205140
epoch=9 loss=0.038091 validation_macro_fmax=0.195413 valid_micro_fmax=0.181455
epoch=10 loss=0.045174 validation_macro_fmax=0.201196 valid_micro_fmax=0.186279
epoch=11 loss=0.041705 validation_macro_fmax=0.201821 valid_micro_fmax=0.166445
epoch=12 loss=0.039762 validation_macro_fmax=0.214754 valid_micro_fmax=0.173416
epoch=13 loss=0.033689 validation_macro_fmax=0.192838 valid_micro_fmax=0.184204
epoch=14 loss=0.040678 validation_macro_fmax=0.180732 valid_micro_fmax=0.165826
Early stopping after 14 epochs (patience=10)
GPU completion: NVIDIA L40S, 19233, 46068, 0
