GPU: NVIDIA L40S
CUDA tensor check: 8.0
Sat Jul 18 15:50:58 2026       
+-----------------------------------------------------------------------------------------+
| NVIDIA-SMI 560.35.03              Driver Version: 560.35.03      CUDA Version: 12.6     |
|-----------------------------------------+------------------------+----------------------+
| GPU  Name                 Persistence-M | Bus-Id          Disp.A | Volatile Uncorr. ECC |
| Fan  Temp   Perf          Pwr:Usage/Cap |           Memory-Usage | GPU-Util  Compute M. |
|                                         |                        |               MIG M. |
|=========================================+========================+======================|
|   0  NVIDIA L40S                    On  |   00000000:0D:00.0 Off |                    0 |
| N/A   45C    P0             41W /  350W |     503MiB /  46068MiB |      0%      Default |
|                                         |                        |                  N/A |
+-----------------------------------------+------------------------+----------------------+
                                                                                         
+-----------------------------------------------------------------------------------------+
| Processes:                                                                              |
|  GPU   GI   CI        PID   Type   Process name                              GPU Memory |
|        ID   ID                                                               Usage      |
|=========================================================================================|
|    0   N/A  N/A    248045      C   python3                                       494MiB |
+-----------------------------------------------------------------------------------------+
CUDA verified: NVIDIA L40S; tensor dot product=8.0
GPU startup: NVIDIA L40S, 533, 46068, 0
Loaded train=6026, valid=754; reserved test set is not loaded
epoch=1 loss=0.830010 validation_macro_fmax=0.418504 valid_micro_fmax=0.297107
epoch=2 loss=0.392635 validation_macro_fmax=0.394499 valid_micro_fmax=0.370382
epoch=3 loss=0.222569 validation_macro_fmax=0.375025 valid_micro_fmax=0.371735
epoch=4 loss=0.118942 validation_macro_fmax=0.400000 valid_micro_fmax=0.414965
epoch=5 loss=0.080998 validation_macro_fmax=0.396054 valid_micro_fmax=0.450046
epoch=6 loss=0.069348 validation_macro_fmax=0.415599 valid_micro_fmax=0.450451
epoch=7 loss=0.051882 validation_macro_fmax=0.409036 valid_micro_fmax=0.458750
epoch=8 loss=0.039387 validation_macro_fmax=0.400934 valid_micro_fmax=0.402827
epoch=9 loss=0.043379 validation_macro_fmax=0.411611 valid_micro_fmax=0.478342
epoch=10 loss=0.120879 validation_macro_fmax=0.396627 valid_micro_fmax=0.381496
epoch=11 loss=0.104852 validation_macro_fmax=0.397023 valid_micro_fmax=0.394199
Early stopping after 11 epochs (patience=10)
GPU completion: NVIDIA L40S, 36911, 46068, 0
