GPU: NVIDIA L40S
CUDA tensor check: 8.0
Sun Jul 19 02:18:21 2026       
+-----------------------------------------------------------------------------------------+
| NVIDIA-SMI 560.35.03              Driver Version: 560.35.03      CUDA Version: 12.6     |
|-----------------------------------------+------------------------+----------------------+
| GPU  Name                 Persistence-M | Bus-Id          Disp.A | Volatile Uncorr. ECC |
| Fan  Temp   Perf          Pwr:Usage/Cap |           Memory-Usage | GPU-Util  Compute M. |
|                                         |                        |               MIG M. |
|=========================================+========================+======================|
|   0  NVIDIA L40S                    On  |   00000000:0D:00.0 Off |                    0 |
| N/A   46C    P0             40W /  350W |     503MiB /  46068MiB |      0%      Default |
|                                         |                        |                  N/A |
+-----------------------------------------+------------------------+----------------------+
                                                                                         
+-----------------------------------------------------------------------------------------+
| Processes:                                                                              |
|  GPU   GI   CI        PID   Type   Process name                              GPU Memory |
|        ID   ID                                                               Usage      |
|=========================================================================================|
|    0   N/A  N/A    939883      C   python3                                       494MiB |
+-----------------------------------------------------------------------------------------+
CUDA verified: NVIDIA L40S; tensor dot product=8.0
GPU startup: NVIDIA L40S, 533, 46068, 1
Loaded train=6026, valid=754; reserved test set is not loaded
epoch=1 loss=0.305126 validation_macro_fmax=0.178886 valid_micro_fmax=0.019110
epoch=2 loss=0.231808 validation_macro_fmax=0.223741 valid_micro_fmax=0.038368
epoch=3 loss=0.212602 validation_macro_fmax=0.258085 valid_micro_fmax=0.056988
epoch=4 loss=0.202360 validation_macro_fmax=0.271043 valid_micro_fmax=0.078690
epoch=5 loss=0.194641 validation_macro_fmax=0.289344 valid_micro_fmax=0.089917
epoch=6 loss=0.188071 validation_macro_fmax=0.299485 valid_micro_fmax=0.096568
epoch=7 loss=0.180640 validation_macro_fmax=0.305378 valid_micro_fmax=0.106656
epoch=8 loss=0.172941 validation_macro_fmax=0.313323 valid_micro_fmax=0.108208
epoch=9 loss=0.164084 validation_macro_fmax=0.317910 valid_micro_fmax=0.114672
epoch=10 loss=0.153579 validation_macro_fmax=0.334256 valid_micro_fmax=0.131047
epoch=11 loss=0.141692 validation_macro_fmax=0.344179 valid_micro_fmax=0.138753
epoch=12 loss=0.129019 validation_macro_fmax=0.345289 valid_micro_fmax=0.147031
epoch=13 loss=0.115718 validation_macro_fmax=0.347792 valid_micro_fmax=0.170822
epoch=14 loss=0.102419 validation_macro_fmax=0.360020 valid_micro_fmax=0.186573
epoch=15 loss=0.089622 validation_macro_fmax=0.362241 valid_micro_fmax=0.201908
epoch=16 loss=0.078044 validation_macro_fmax=0.372058 valid_micro_fmax=0.221730
epoch=17 loss=0.066882 validation_macro_fmax=0.369472 valid_micro_fmax=0.226376
epoch=18 loss=0.057481 validation_macro_fmax=0.372008 valid_micro_fmax=0.236575
epoch=19 loss=0.049178 validation_macro_fmax=0.377116 valid_micro_fmax=0.226560
epoch=20 loss=0.042056 validation_macro_fmax=0.367392 valid_micro_fmax=0.255229
epoch=21 loss=0.035911 validation_macro_fmax=0.366841 valid_micro_fmax=0.258382
epoch=22 loss=0.030746 validation_macro_fmax=0.365727 valid_micro_fmax=0.256507
epoch=23 loss=0.026304 validation_macro_fmax=0.366999 valid_micro_fmax=0.263018
epoch=24 loss=0.022640 validation_macro_fmax=0.359747 valid_micro_fmax=0.266667
epoch=25 loss=0.019467 validation_macro_fmax=0.358803 valid_micro_fmax=0.277603
epoch=26 loss=0.016849 validation_macro_fmax=0.370844 valid_micro_fmax=0.274131
epoch=27 loss=0.014611 validation_macro_fmax=0.363256 valid_micro_fmax=0.278666
epoch=28 loss=0.012797 validation_macro_fmax=0.359577 valid_micro_fmax=0.289548
Early stopping after 28 epochs (patience=9)
GPU completion: NVIDIA L40S, 25093, 46068, 0
