GPU: NVIDIA L40S
CUDA tensor check: 8.0
Sun Jul 19 12:05:50 2026       
+-----------------------------------------------------------------------------------------+
| NVIDIA-SMI 560.35.03              Driver Version: 560.35.03      CUDA Version: 12.6     |
|-----------------------------------------+------------------------+----------------------+
| GPU  Name                 Persistence-M | Bus-Id          Disp.A | Volatile Uncorr. ECC |
| Fan  Temp   Perf          Pwr:Usage/Cap |           Memory-Usage | GPU-Util  Compute M. |
|                                         |                        |               MIG M. |
|=========================================+========================+======================|
|   0  NVIDIA L40S                    On  |   00000000:0D:00.0 Off |                    0 |
| N/A   43C    P0             39W /  350W |     503MiB /  46068MiB |      0%      Default |
|                                         |                        |                  N/A |
+-----------------------------------------+------------------------+----------------------+
                                                                                         
+-----------------------------------------------------------------------------------------+
| Processes:                                                                              |
|  GPU   GI   CI        PID   Type   Process name                              GPU Memory |
|        ID   ID                                                               Usage      |
|=========================================================================================|
|    0   N/A  N/A   1192628      C   python3                                       494MiB |
+-----------------------------------------------------------------------------------------+
CUDA verified: NVIDIA L40S; tensor dot product=8.0
GPU startup: NVIDIA L40S, 533, 46068, 0
Loaded train=6026, valid=754; reserved test set is not loaded
epoch=1 loss=0.744023 validation_macro_fmax=0.221614 valid_micro_fmax=0.088617
epoch=2 loss=0.667966 validation_macro_fmax=0.220171 valid_micro_fmax=0.088892
epoch=3 loss=0.629061 validation_macro_fmax=0.217339 valid_micro_fmax=0.089282
epoch=4 loss=0.598393 validation_macro_fmax=0.219191 valid_micro_fmax=0.089570
epoch=5 loss=0.574032 validation_macro_fmax=0.222792 valid_micro_fmax=0.091286
epoch=6 loss=0.554342 validation_macro_fmax=0.224751 valid_micro_fmax=0.092396
epoch=7 loss=0.540555 validation_macro_fmax=0.225447 valid_micro_fmax=0.092214
epoch=8 loss=0.526783 validation_macro_fmax=0.229051 valid_micro_fmax=0.094862
epoch=9 loss=0.513644 validation_macro_fmax=0.235024 valid_micro_fmax=0.095635
epoch=10 loss=0.504443 validation_macro_fmax=0.234117 valid_micro_fmax=0.096483
epoch=11 loss=0.496339 validation_macro_fmax=0.234247 valid_micro_fmax=0.097700
epoch=12 loss=0.488070 validation_macro_fmax=0.238993 valid_micro_fmax=0.100676
epoch=13 loss=0.480645 validation_macro_fmax=0.244242 valid_micro_fmax=0.101489
epoch=14 loss=0.472577 validation_macro_fmax=0.244991 valid_micro_fmax=0.105213
epoch=15 loss=0.466671 validation_macro_fmax=0.248751 valid_micro_fmax=0.104697
epoch=16 loss=0.459288 validation_macro_fmax=0.246618 valid_micro_fmax=0.105717
epoch=17 loss=0.453140 validation_macro_fmax=0.253954 valid_micro_fmax=0.110640
epoch=18 loss=0.450374 validation_macro_fmax=0.254313 valid_micro_fmax=0.112822
epoch=19 loss=0.444136 validation_macro_fmax=0.251768 valid_micro_fmax=0.111283
epoch=20 loss=0.440424 validation_macro_fmax=0.259262 valid_micro_fmax=0.115050
epoch=21 loss=0.436421 validation_macro_fmax=0.260218 valid_micro_fmax=0.115633
epoch=22 loss=0.430476 validation_macro_fmax=0.264797 valid_micro_fmax=0.113777
epoch=23 loss=0.427127 validation_macro_fmax=0.258409 valid_micro_fmax=0.117752
epoch=24 loss=0.422751 validation_macro_fmax=0.264998 valid_micro_fmax=0.122378
epoch=25 loss=0.419257 validation_macro_fmax=0.261407 valid_micro_fmax=0.120361
epoch=26 loss=0.415814 validation_macro_fmax=0.260100 valid_micro_fmax=0.120696
epoch=27 loss=0.412928 validation_macro_fmax=0.260055 valid_micro_fmax=0.122837
epoch=28 loss=0.409675 validation_macro_fmax=0.265903 valid_micro_fmax=0.130360
epoch=29 loss=0.404271 validation_macro_fmax=0.267744 valid_micro_fmax=0.128701
epoch=30 loss=0.402938 validation_macro_fmax=0.275486 valid_micro_fmax=0.127928
epoch=31 loss=0.397932 validation_macro_fmax=0.271427 valid_micro_fmax=0.131838
epoch=32 loss=0.395225 validation_macro_fmax=0.278475 valid_micro_fmax=0.129596
epoch=33 loss=0.390732 validation_macro_fmax=0.276267 valid_micro_fmax=0.135638
epoch=34 loss=0.388272 validation_macro_fmax=0.278804 valid_micro_fmax=0.142784
epoch=35 loss=0.384257 validation_macro_fmax=0.276711 valid_micro_fmax=0.139872
epoch=36 loss=0.381717 validation_macro_fmax=0.277024 valid_micro_fmax=0.140006
epoch=37 loss=0.379077 validation_macro_fmax=0.276732 valid_micro_fmax=0.133953
epoch=38 loss=0.375327 validation_macro_fmax=0.282629 valid_micro_fmax=0.145546
epoch=39 loss=0.372231 validation_macro_fmax=0.286122 valid_micro_fmax=0.148311
epoch=40 loss=0.368726 validation_macro_fmax=0.284742 valid_micro_fmax=0.149863
epoch=41 loss=0.364435 validation_macro_fmax=0.289264 valid_micro_fmax=0.148089
epoch=42 loss=0.361605 validation_macro_fmax=0.287249 valid_micro_fmax=0.150121
epoch=43 loss=0.358843 validation_macro_fmax=0.289443 valid_micro_fmax=0.150426
epoch=44 loss=0.354769 validation_macro_fmax=0.291582 valid_micro_fmax=0.150090
epoch=45 loss=0.350819 validation_macro_fmax=0.295391 valid_micro_fmax=0.152752
epoch=46 loss=0.347606 validation_macro_fmax=0.289430 valid_micro_fmax=0.152305
epoch=47 loss=0.345215 validation_macro_fmax=0.287518 valid_micro_fmax=0.155067
epoch=48 loss=0.341016 validation_macro_fmax=0.294928 valid_micro_fmax=0.156412
epoch=49 loss=0.337321 validation_macro_fmax=0.291190 valid_micro_fmax=0.156746
epoch=50 loss=0.333846 validation_macro_fmax=0.300996 valid_micro_fmax=0.162636
epoch=51 loss=0.330180 validation_macro_fmax=0.286043 valid_micro_fmax=0.161990
epoch=52 loss=0.326754 validation_macro_fmax=0.288143 valid_micro_fmax=0.150614
epoch=53 loss=0.322366 validation_macro_fmax=0.294894 valid_micro_fmax=0.165662
epoch=54 loss=0.318174 validation_macro_fmax=0.288114 valid_micro_fmax=0.157475
epoch=55 loss=0.315092 validation_macro_fmax=0.294008 valid_micro_fmax=0.172833
epoch=56 loss=0.311208 validation_macro_fmax=0.294773 valid_micro_fmax=0.167153
epoch=57 loss=0.308028 validation_macro_fmax=0.285855 valid_micro_fmax=0.169218
epoch=58 loss=0.302782 validation_macro_fmax=0.292399 valid_micro_fmax=0.170751
Early stopping after 58 epochs (patience=8)
GPU completion: NVIDIA L40S, 33727, 46068, 0
