GPU: NVIDIA L40S
CUDA tensor check: 8.0
Sun Jul 19 08:57:15 2026       
+-----------------------------------------------------------------------------------------+
| NVIDIA-SMI 560.35.03              Driver Version: 560.35.03      CUDA Version: 12.6     |
|-----------------------------------------+------------------------+----------------------+
| GPU  Name                 Persistence-M | Bus-Id          Disp.A | Volatile Uncorr. ECC |
| Fan  Temp   Perf          Pwr:Usage/Cap |           Memory-Usage | GPU-Util  Compute M. |
|                                         |                        |               MIG M. |
|=========================================+========================+======================|
|   0  NVIDIA L40S                    On  |   00000000:0D:00.0 Off |                    0 |
| N/A   50C    P0             42W /  350W |     503MiB /  46068MiB |      0%      Default |
|                                         |                        |                  N/A |
+-----------------------------------------+------------------------+----------------------+
                                                                                         
+-----------------------------------------------------------------------------------------+
| Processes:                                                                              |
|  GPU   GI   CI        PID   Type   Process name                              GPU Memory |
|        ID   ID                                                               Usage      |
|=========================================================================================|
|    0   N/A  N/A   1109949      C   python3                                       494MiB |
+-----------------------------------------------------------------------------------------+
CUDA verified: NVIDIA L40S; tensor dot product=8.0
GPU startup: NVIDIA L40S, 533, 46068, 0
Loaded train=6026, valid=754; reserved test set is not loaded
epoch=1 loss=1.258499 validation_macro_fmax=0.100678 valid_micro_fmax=0.009786
epoch=2 loss=1.188754 validation_macro_fmax=0.107668 valid_micro_fmax=0.010885
epoch=3 loss=1.136228 validation_macro_fmax=0.111850 valid_micro_fmax=0.012236
epoch=4 loss=1.099481 validation_macro_fmax=0.115714 valid_micro_fmax=0.012237
epoch=5 loss=1.065453 validation_macro_fmax=0.116385 valid_micro_fmax=0.012093
epoch=6 loss=1.038239 validation_macro_fmax=0.119726 valid_micro_fmax=0.014639
epoch=7 loss=1.012263 validation_macro_fmax=0.125892 valid_micro_fmax=0.015840
epoch=8 loss=0.989781 validation_macro_fmax=0.129527 valid_micro_fmax=0.020424
epoch=9 loss=0.970465 validation_macro_fmax=0.138729 valid_micro_fmax=0.024301
epoch=10 loss=0.954543 validation_macro_fmax=0.150424 valid_micro_fmax=0.027578
epoch=11 loss=0.938021 validation_macro_fmax=0.151546 valid_micro_fmax=0.030041
epoch=12 loss=0.925577 validation_macro_fmax=0.147839 valid_micro_fmax=0.032146
epoch=13 loss=0.911254 validation_macro_fmax=0.157754 valid_micro_fmax=0.036101
epoch=14 loss=0.898239 validation_macro_fmax=0.156906 valid_micro_fmax=0.040684
epoch=15 loss=0.887071 validation_macro_fmax=0.154269 valid_micro_fmax=0.044525
epoch=16 loss=0.875816 validation_macro_fmax=0.165948 valid_micro_fmax=0.050798
epoch=17 loss=0.866791 validation_macro_fmax=0.168813 valid_micro_fmax=0.049851
epoch=18 loss=0.857594 validation_macro_fmax=0.165784 valid_micro_fmax=0.055657
epoch=19 loss=0.849479 validation_macro_fmax=0.164364 valid_micro_fmax=0.061754
epoch=20 loss=0.836904 validation_macro_fmax=0.164367 valid_micro_fmax=0.063580
epoch=21 loss=0.830854 validation_macro_fmax=0.164346 valid_micro_fmax=0.071055
epoch=22 loss=0.822471 validation_macro_fmax=0.168571 valid_micro_fmax=0.072818
epoch=23 loss=0.814156 validation_macro_fmax=0.169720 valid_micro_fmax=0.075115
epoch=24 loss=0.808087 validation_macro_fmax=0.165971 valid_micro_fmax=0.078854
epoch=25 loss=0.799046 validation_macro_fmax=0.163609 valid_micro_fmax=0.079147
epoch=26 loss=0.792497 validation_macro_fmax=0.162737 valid_micro_fmax=0.086524
epoch=27 loss=0.784491 validation_macro_fmax=0.165101 valid_micro_fmax=0.087043
epoch=28 loss=0.777020 validation_macro_fmax=0.163744 valid_micro_fmax=0.084091
epoch=29 loss=0.770659 validation_macro_fmax=0.162139 valid_micro_fmax=0.086583
epoch=30 loss=0.762849 validation_macro_fmax=0.164534 valid_micro_fmax=0.095862
epoch=31 loss=0.756246 validation_macro_fmax=0.163359 valid_micro_fmax=0.096527
Early stopping after 31 epochs (patience=8)
GPU completion: NVIDIA L40S, 10407, 46068, 0
