GPU: NVIDIA L40S
CUDA tensor check: 8.0
Mon Jul 20 03:29:02 2026       
+-----------------------------------------------------------------------------------------+
| NVIDIA-SMI 560.35.03              Driver Version: 560.35.03      CUDA Version: 12.6     |
|-----------------------------------------+------------------------+----------------------+
| GPU  Name                 Persistence-M | Bus-Id          Disp.A | Volatile Uncorr. ECC |
| Fan  Temp   Perf          Pwr:Usage/Cap |           Memory-Usage | GPU-Util  Compute M. |
|                                         |                        |               MIG M. |
|=========================================+========================+======================|
|   0  NVIDIA L40S                    On  |   00000000:0D:00.0 Off |                    0 |
| N/A   44C    P0             42W /  350W |     503MiB /  46068MiB |      5%      Default |
|                                         |                        |                  N/A |
+-----------------------------------------+------------------------+----------------------+
                                                                                         
+-----------------------------------------------------------------------------------------+
| Processes:                                                                              |
|  GPU   GI   CI        PID   Type   Process name                              GPU Memory |
|        ID   ID                                                               Usage      |
|=========================================================================================|
|    0   N/A  N/A   1454017      C   python3                                       494MiB |
+-----------------------------------------------------------------------------------------+
CUDA verified: NVIDIA L40S; tensor dot product=8.0
GPU startup: NVIDIA L40S, 533, 46068, 0
Loaded train=6026, valid=754; reserved test set is not loaded
epoch=1 loss=0.523326 validation_macro_fmax=0.388600 valid_micro_fmax=0.181989
epoch=2 loss=0.418860 validation_macro_fmax=0.411680 valid_micro_fmax=0.285684
epoch=3 loss=0.389410 validation_macro_fmax=0.404732 valid_micro_fmax=0.324384
epoch=4 loss=0.368633 validation_macro_fmax=0.410247 valid_micro_fmax=0.355772
epoch=5 loss=0.349296 validation_macro_fmax=0.406933 valid_micro_fmax=0.375860
epoch=6 loss=0.327776 validation_macro_fmax=0.406480 valid_micro_fmax=0.389123
epoch=7 loss=0.301923 validation_macro_fmax=0.411677 valid_micro_fmax=0.414418
epoch=8 loss=0.270802 validation_macro_fmax=0.405276 valid_micro_fmax=0.453364
epoch=9 loss=0.236178 validation_macro_fmax=0.409530 valid_micro_fmax=0.413330
epoch=10 loss=0.198496 validation_macro_fmax=0.398461 valid_micro_fmax=0.427584
epoch=11 loss=0.162078 validation_macro_fmax=0.395270 valid_micro_fmax=0.451090
epoch=12 loss=0.130082 validation_macro_fmax=0.395020 valid_micro_fmax=0.463178
Early stopping after 12 epochs (patience=10)
GPU completion: NVIDIA L40S, 39725, 46068, 0
