GPU: NVIDIA L40S
CUDA tensor check: 8.0
Sun Jul 19 19:23:19 2026       
+-----------------------------------------------------------------------------------------+
| NVIDIA-SMI 560.35.03              Driver Version: 560.35.03      CUDA Version: 12.6     |
|-----------------------------------------+------------------------+----------------------+
| GPU  Name                 Persistence-M | Bus-Id          Disp.A | Volatile Uncorr. ECC |
| Fan  Temp   Perf          Pwr:Usage/Cap |           Memory-Usage | GPU-Util  Compute M. |
|                                         |                        |               MIG M. |
|=========================================+========================+======================|
|   0  NVIDIA L40S                    On  |   00000000:B5:00.0 Off |                    0 |
| N/A   44C    P0             43W /  350W |     503MiB /  46068MiB |      0%      Default |
|                                         |                        |                  N/A |
+-----------------------------------------+------------------------+----------------------+
                                                                                         
+-----------------------------------------------------------------------------------------+
| Processes:                                                                              |
|  GPU   GI   CI        PID   Type   Process name                              GPU Memory |
|        ID   ID                                                               Usage      |
|=========================================================================================|
|    0   N/A  N/A   1530631      C   python3                                       494MiB |
+-----------------------------------------------------------------------------------------+
CUDA verified: NVIDIA L40S; tensor dot product=8.0
GPU startup: NVIDIA L40S, 533, 46068, 1
Loaded train=6026, valid=754; reserved test set is not loaded
epoch=1 loss=0.733939 validation_macro_fmax=0.103118 valid_micro_fmax=0.017787
epoch=2 loss=0.685057 validation_macro_fmax=0.108030 valid_micro_fmax=0.019505
epoch=3 loss=0.647267 validation_macro_fmax=0.105931 valid_micro_fmax=0.019078
epoch=4 loss=0.618630 validation_macro_fmax=0.109476 valid_micro_fmax=0.018560
epoch=5 loss=0.596291 validation_macro_fmax=0.116616 valid_micro_fmax=0.020606
epoch=6 loss=0.576206 validation_macro_fmax=0.124546 valid_micro_fmax=0.019065
epoch=7 loss=0.565070 validation_macro_fmax=0.124516 valid_micro_fmax=0.020665
epoch=8 loss=0.550305 validation_macro_fmax=0.130836 valid_micro_fmax=0.020251
epoch=9 loss=0.538683 validation_macro_fmax=0.135514 valid_micro_fmax=0.022668
epoch=10 loss=0.528171 validation_macro_fmax=0.142092 valid_micro_fmax=0.024737
epoch=11 loss=0.520769 validation_macro_fmax=0.145328 valid_micro_fmax=0.024347
epoch=12 loss=0.511708 validation_macro_fmax=0.154133 valid_micro_fmax=0.025445
epoch=13 loss=0.504991 validation_macro_fmax=0.164093 valid_micro_fmax=0.027463
epoch=14 loss=0.498691 validation_macro_fmax=0.174929 valid_micro_fmax=0.031326
epoch=15 loss=0.492690 validation_macro_fmax=0.179423 valid_micro_fmax=0.030743
epoch=16 loss=0.488286 validation_macro_fmax=0.182525 valid_micro_fmax=0.032062
epoch=17 loss=0.481797 validation_macro_fmax=0.184478 valid_micro_fmax=0.033021
epoch=18 loss=0.477840 validation_macro_fmax=0.187311 valid_micro_fmax=0.034380
epoch=19 loss=0.471917 validation_macro_fmax=0.192040 valid_micro_fmax=0.032636
epoch=20 loss=0.467582 validation_macro_fmax=0.200346 valid_micro_fmax=0.036909
epoch=21 loss=0.464205 validation_macro_fmax=0.204795 valid_micro_fmax=0.041456
epoch=22 loss=0.459172 validation_macro_fmax=0.201726 valid_micro_fmax=0.039998
epoch=23 loss=0.456663 validation_macro_fmax=0.207533 valid_micro_fmax=0.044150
epoch=24 loss=0.452853 validation_macro_fmax=0.215772 valid_micro_fmax=0.046329
epoch=25 loss=0.449331 validation_macro_fmax=0.217264 valid_micro_fmax=0.049665
epoch=26 loss=0.444752 validation_macro_fmax=0.229270 valid_micro_fmax=0.051597
epoch=27 loss=0.444163 validation_macro_fmax=0.230494 valid_micro_fmax=0.051585
epoch=28 loss=0.438810 validation_macro_fmax=0.228909 valid_micro_fmax=0.054028
epoch=29 loss=0.436043 validation_macro_fmax=0.230903 valid_micro_fmax=0.057364
epoch=30 loss=0.432890 validation_macro_fmax=0.235739 valid_micro_fmax=0.057066
epoch=31 loss=0.429242 validation_macro_fmax=0.236035 valid_micro_fmax=0.055468
epoch=32 loss=0.427912 validation_macro_fmax=0.253663 valid_micro_fmax=0.056943
epoch=33 loss=0.424920 validation_macro_fmax=0.251199 valid_micro_fmax=0.060675
epoch=34 loss=0.421253 validation_macro_fmax=0.250828 valid_micro_fmax=0.060978
epoch=35 loss=0.419052 validation_macro_fmax=0.254499 valid_micro_fmax=0.063252
epoch=36 loss=0.414990 validation_macro_fmax=0.256281 valid_micro_fmax=0.061389
epoch=37 loss=0.412183 validation_macro_fmax=0.265477 valid_micro_fmax=0.066540
epoch=38 loss=0.410244 validation_macro_fmax=0.269027 valid_micro_fmax=0.068309
epoch=39 loss=0.407352 validation_macro_fmax=0.270216 valid_micro_fmax=0.072028
epoch=40 loss=0.404948 validation_macro_fmax=0.278815 valid_micro_fmax=0.071123
epoch=41 loss=0.401975 validation_macro_fmax=0.281543 valid_micro_fmax=0.072634
epoch=42 loss=0.398573 validation_macro_fmax=0.278119 valid_micro_fmax=0.070750
epoch=43 loss=0.395832 validation_macro_fmax=0.282936 valid_micro_fmax=0.073052
epoch=44 loss=0.393160 validation_macro_fmax=0.285565 valid_micro_fmax=0.079030
epoch=45 loss=0.390295 validation_macro_fmax=0.286828 valid_micro_fmax=0.076598
epoch=46 loss=0.387216 validation_macro_fmax=0.301506 valid_micro_fmax=0.081698
epoch=47 loss=0.383720 validation_macro_fmax=0.298296 valid_micro_fmax=0.074439
epoch=48 loss=0.381828 validation_macro_fmax=0.294051 valid_micro_fmax=0.087159
epoch=49 loss=0.378430 validation_macro_fmax=0.299156 valid_micro_fmax=0.085137
epoch=50 loss=0.375762 validation_macro_fmax=0.303491 valid_micro_fmax=0.089932
epoch=51 loss=0.370767 validation_macro_fmax=0.300858 valid_micro_fmax=0.086037
epoch=52 loss=0.367860 validation_macro_fmax=0.303911 valid_micro_fmax=0.096883
epoch=53 loss=0.365692 validation_macro_fmax=0.306868 valid_micro_fmax=0.092445
epoch=54 loss=0.361246 validation_macro_fmax=0.304579 valid_micro_fmax=0.091654
epoch=55 loss=0.359819 validation_macro_fmax=0.302549 valid_micro_fmax=0.095481
epoch=56 loss=0.355559 validation_macro_fmax=0.311726 valid_micro_fmax=0.095538
epoch=57 loss=0.351884 validation_macro_fmax=0.307040 valid_micro_fmax=0.090227
epoch=58 loss=0.346866 validation_macro_fmax=0.310865 valid_micro_fmax=0.100111
epoch=59 loss=0.343649 validation_macro_fmax=0.304640 valid_micro_fmax=0.105250
epoch=60 loss=0.340292 validation_macro_fmax=0.309134 valid_micro_fmax=0.101778
epoch=61 loss=0.335236 validation_macro_fmax=0.310686 valid_micro_fmax=0.101062
epoch=62 loss=0.331972 validation_macro_fmax=0.310317 valid_micro_fmax=0.107488
epoch=63 loss=0.328843 validation_macro_fmax=0.309985 valid_micro_fmax=0.105854
epoch=64 loss=0.324719 validation_macro_fmax=0.314293 valid_micro_fmax=0.105438
epoch=65 loss=0.319672 validation_macro_fmax=0.313296 valid_micro_fmax=0.104864
epoch=66 loss=0.317030 validation_macro_fmax=0.318976 valid_micro_fmax=0.115115
epoch=67 loss=0.313083 validation_macro_fmax=0.317548 valid_micro_fmax=0.108871
epoch=68 loss=0.308456 validation_macro_fmax=0.309814 valid_micro_fmax=0.106337
epoch=69 loss=0.305773 validation_macro_fmax=0.315037 valid_micro_fmax=0.115772
epoch=70 loss=0.300357 validation_macro_fmax=0.310888 valid_micro_fmax=0.111518
epoch=71 loss=0.295889 validation_macro_fmax=0.322829 valid_micro_fmax=0.111620
epoch=72 loss=0.291287 validation_macro_fmax=0.322603 valid_micro_fmax=0.117463
epoch=73 loss=0.286606 validation_macro_fmax=0.318088 valid_micro_fmax=0.126230
epoch=74 loss=0.282183 validation_macro_fmax=0.316737 valid_micro_fmax=0.122274
epoch=75 loss=0.276992 validation_macro_fmax=0.315184 valid_micro_fmax=0.129344
epoch=76 loss=0.275563 validation_macro_fmax=0.318263 valid_micro_fmax=0.128539
epoch=77 loss=0.270258 validation_macro_fmax=0.318548 valid_micro_fmax=0.131911
epoch=78 loss=0.265527 validation_macro_fmax=0.324191 valid_micro_fmax=0.132448
epoch=79 loss=0.259999 validation_macro_fmax=0.332028 valid_micro_fmax=0.137737
epoch=80 loss=0.255674 validation_macro_fmax=0.332126 valid_micro_fmax=0.134085
epoch=81 loss=0.250862 validation_macro_fmax=0.326082 valid_micro_fmax=0.139443
epoch=82 loss=0.246321 validation_macro_fmax=0.323612 valid_micro_fmax=0.138701
epoch=83 loss=0.242072 validation_macro_fmax=0.336636 valid_micro_fmax=0.135042
epoch=84 loss=0.237505 validation_macro_fmax=0.326519 valid_micro_fmax=0.138482
epoch=85 loss=0.233213 validation_macro_fmax=0.324481 valid_micro_fmax=0.142791
epoch=86 loss=0.229476 validation_macro_fmax=0.333953 valid_micro_fmax=0.147833
epoch=87 loss=0.225847 validation_macro_fmax=0.332743 valid_micro_fmax=0.146803
epoch=88 loss=0.219925 validation_macro_fmax=0.332997 valid_micro_fmax=0.156123
epoch=89 loss=0.214992 validation_macro_fmax=0.333827 valid_micro_fmax=0.150103
epoch=90 loss=0.213215 validation_macro_fmax=0.327379 valid_micro_fmax=0.155120
epoch=91 loss=0.208050 validation_macro_fmax=0.337126 valid_micro_fmax=0.160556
epoch=92 loss=0.203947 validation_macro_fmax=0.333944 valid_micro_fmax=0.157265
epoch=93 loss=0.198210 validation_macro_fmax=0.336657 valid_micro_fmax=0.160778
epoch=94 loss=0.196053 validation_macro_fmax=0.334871 valid_micro_fmax=0.163736
epoch=95 loss=0.191637 validation_macro_fmax=0.339882 valid_micro_fmax=0.168916
epoch=96 loss=0.188375 validation_macro_fmax=0.342084 valid_micro_fmax=0.166751
epoch=97 loss=0.182972 validation_macro_fmax=0.338890 valid_micro_fmax=0.169413
epoch=98 loss=0.178582 validation_macro_fmax=0.336263 valid_micro_fmax=0.171739
epoch=99 loss=0.174514 validation_macro_fmax=0.336355 valid_micro_fmax=0.171480
epoch=100 loss=0.172392 validation_macro_fmax=0.334982 valid_micro_fmax=0.178190
epoch=101 loss=0.168005 validation_macro_fmax=0.333354 valid_micro_fmax=0.178235
epoch=102 loss=0.164458 validation_macro_fmax=0.334191 valid_micro_fmax=0.179070
epoch=103 loss=0.160743 validation_macro_fmax=0.338164 valid_micro_fmax=0.175447
epoch=104 loss=0.158086 validation_macro_fmax=0.333642 valid_micro_fmax=0.172099
Early stopping after 104 epochs (patience=8)
GPU completion: NVIDIA L40S, 43659, 46068, 0
