GPU: NVIDIA L40S
CUDA tensor check: 8.0
Sat Jul 18 16:48:38 2026       
+-----------------------------------------------------------------------------------------+
| NVIDIA-SMI 560.35.03              Driver Version: 560.35.03      CUDA Version: 12.6     |
|-----------------------------------------+------------------------+----------------------+
| GPU  Name                 Persistence-M | Bus-Id          Disp.A | Volatile Uncorr. ECC |
| Fan  Temp   Perf          Pwr:Usage/Cap |           Memory-Usage | GPU-Util  Compute M. |
|                                         |                        |               MIG M. |
|=========================================+========================+======================|
|   0  NVIDIA L40S                    On  |   00000000:0D:00.0 Off |                    0 |
| N/A   44C    P0             41W /  350W |     503MiB /  46068MiB |      0%      Default |
|                                         |                        |                  N/A |
+-----------------------------------------+------------------------+----------------------+
                                                                                         
+-----------------------------------------------------------------------------------------+
| Processes:                                                                              |
|  GPU   GI   CI        PID   Type   Process name                              GPU Memory |
|        ID   ID                                                               Usage      |
|=========================================================================================|
|    0   N/A  N/A    272058      C   python3                                       494MiB |
+-----------------------------------------------------------------------------------------+
CUDA verified: NVIDIA L40S; tensor dot product=8.0
GPU startup: NVIDIA L40S, 533, 46068, 1
Loaded train=6026, valid=754; reserved test set is not loaded
epoch=1 loss=0.865734 validation_macro_fmax=0.369040 valid_micro_fmax=0.303225
epoch=2 loss=0.499174 validation_macro_fmax=0.452766 valid_micro_fmax=0.371814
epoch=3 loss=0.293344 validation_macro_fmax=0.396949 valid_micro_fmax=0.325827
epoch=4 loss=0.189920 validation_macro_fmax=0.426818 valid_micro_fmax=0.415195
epoch=5 loss=0.142095 validation_macro_fmax=0.404635 valid_micro_fmax=0.394642
epoch=6 loss=0.123283 validation_macro_fmax=0.415895 valid_micro_fmax=0.438450
epoch=7 loss=0.110245 validation_macro_fmax=0.447271 valid_micro_fmax=0.454223
epoch=8 loss=0.086512 validation_macro_fmax=0.424646 valid_micro_fmax=0.447440
epoch=9 loss=0.084728 validation_macro_fmax=0.427136 valid_micro_fmax=0.449834
epoch=10 loss=0.073198 validation_macro_fmax=0.415515 valid_micro_fmax=0.446301
epoch=11 loss=0.077185 validation_macro_fmax=0.414663 valid_micro_fmax=0.444051
epoch=12 loss=0.073608 validation_macro_fmax=0.404249 valid_micro_fmax=0.465108
Early stopping after 12 epochs (patience=10)
GPU completion: NVIDIA L40S, 44105, 46068, 0
