GPU: NVIDIA L40S
CUDA tensor check: 8.0
Sun Jul 19 05:04:00 2026       
+-----------------------------------------------------------------------------------------+
| NVIDIA-SMI 560.35.03              Driver Version: 560.35.03      CUDA Version: 12.6     |
|-----------------------------------------+------------------------+----------------------+
| GPU  Name                 Persistence-M | Bus-Id          Disp.A | Volatile Uncorr. ECC |
| Fan  Temp   Perf          Pwr:Usage/Cap |           Memory-Usage | GPU-Util  Compute M. |
|                                         |                        |               MIG M. |
|=========================================+========================+======================|
|   0  NVIDIA L40S                    On  |   00000000:B5:00.0 Off |                    0 |
| N/A   52C    P0             44W /  350W |     503MiB /  46068MiB |      5%      Default |
|                                         |                        |                  N/A |
+-----------------------------------------+------------------------+----------------------+
                                                                                         
+-----------------------------------------------------------------------------------------+
| Processes:                                                                              |
|  GPU   GI   CI        PID   Type   Process name                              GPU Memory |
|        ID   ID                                                               Usage      |
|=========================================================================================|
|    0   N/A  N/A    553179      C   python3                                       494MiB |
+-----------------------------------------------------------------------------------------+
CUDA verified: NVIDIA L40S; tensor dot product=8.0
GPU startup: NVIDIA L40S, 533, 46068, 0
Loaded train=6026, valid=754; reserved test set is not loaded
epoch=1 loss=0.746952 validation_macro_fmax=0.217419 valid_micro_fmax=0.057388
epoch=2 loss=0.320820 validation_macro_fmax=0.220519 valid_micro_fmax=0.089505
epoch=3 loss=0.194570 validation_macro_fmax=0.210227 valid_micro_fmax=0.074799
epoch=4 loss=0.139907 validation_macro_fmax=0.241804 valid_micro_fmax=0.121311
epoch=5 loss=0.105900 validation_macro_fmax=0.215326 valid_micro_fmax=0.107136
epoch=6 loss=0.081298 validation_macro_fmax=0.226764 valid_micro_fmax=0.110637
epoch=7 loss=0.081726 validation_macro_fmax=0.211315 valid_micro_fmax=0.125371
epoch=8 loss=0.072370 validation_macro_fmax=0.211825 valid_micro_fmax=0.102069
epoch=9 loss=0.066613 validation_macro_fmax=0.240252 valid_micro_fmax=0.126528
epoch=10 loss=0.056126 validation_macro_fmax=0.226978 valid_micro_fmax=0.151859
epoch=11 loss=0.057428 validation_macro_fmax=0.237823 valid_micro_fmax=0.161927
epoch=12 loss=0.042736 validation_macro_fmax=0.230109 valid_micro_fmax=0.169352
Early stopping after 12 epochs (patience=8)
GPU completion: NVIDIA L40S, 27659, 46068, 0
