GPU: NVIDIA L40S
CUDA tensor check: 8.0
Sun Jul 19 01:24:18 2026       
+-----------------------------------------------------------------------------------------+
| NVIDIA-SMI 560.35.03              Driver Version: 560.35.03      CUDA Version: 12.6     |
|-----------------------------------------+------------------------+----------------------+
| GPU  Name                 Persistence-M | Bus-Id          Disp.A | Volatile Uncorr. ECC |
| Fan  Temp   Perf          Pwr:Usage/Cap |           Memory-Usage | GPU-Util  Compute M. |
|                                         |                        |               MIG M. |
|=========================================+========================+======================|
|   0  NVIDIA L40S                    On  |   00000000:0D:00.0 Off |                    0 |
| N/A   43C    P0             43W /  350W |     503MiB /  46068MiB |      5%      Default |
|                                         |                        |                  N/A |
+-----------------------------------------+------------------------+----------------------+
                                                                                         
+-----------------------------------------------------------------------------------------+
| Processes:                                                                              |
|  GPU   GI   CI        PID   Type   Process name                              GPU Memory |
|        ID   ID                                                               Usage      |
|=========================================================================================|
|    0   N/A  N/A   1029065      C   python3                                       494MiB |
+-----------------------------------------------------------------------------------------+
CUDA verified: NVIDIA L40S; tensor dot product=8.0
GPU startup: NVIDIA L40S, 533, 46068, 0
Loaded train=6026, valid=754; reserved test set is not loaded
epoch=1 loss=1.234113 validation_macro_fmax=0.091797 valid_micro_fmax=0.012353
epoch=2 loss=1.163038 validation_macro_fmax=0.101431 valid_micro_fmax=0.012621
epoch=3 loss=1.108562 validation_macro_fmax=0.108331 valid_micro_fmax=0.013810
epoch=4 loss=1.067507 validation_macro_fmax=0.116963 valid_micro_fmax=0.016284
epoch=5 loss=1.033510 validation_macro_fmax=0.124141 valid_micro_fmax=0.022841
epoch=6 loss=1.003981 validation_macro_fmax=0.129270 valid_micro_fmax=0.023644
epoch=7 loss=0.976718 validation_macro_fmax=0.138651 valid_micro_fmax=0.025685
epoch=8 loss=0.953190 validation_macro_fmax=0.148933 valid_micro_fmax=0.030573
epoch=9 loss=0.934211 validation_macro_fmax=0.157957 valid_micro_fmax=0.033249
epoch=10 loss=0.917078 validation_macro_fmax=0.163709 valid_micro_fmax=0.037452
epoch=11 loss=0.897051 validation_macro_fmax=0.173461 valid_micro_fmax=0.043689
epoch=12 loss=0.882278 validation_macro_fmax=0.181675 valid_micro_fmax=0.049862
epoch=13 loss=0.868827 validation_macro_fmax=0.188310 valid_micro_fmax=0.055579
epoch=14 loss=0.854675 validation_macro_fmax=0.193042 valid_micro_fmax=0.059403
epoch=15 loss=0.843579 validation_macro_fmax=0.197457 valid_micro_fmax=0.068785
epoch=16 loss=0.833232 validation_macro_fmax=0.201657 valid_micro_fmax=0.080792
epoch=17 loss=0.821129 validation_macro_fmax=0.202851 valid_micro_fmax=0.082001
epoch=18 loss=0.810502 validation_macro_fmax=0.204080 valid_micro_fmax=0.087367
epoch=19 loss=0.801827 validation_macro_fmax=0.216242 valid_micro_fmax=0.096028
epoch=20 loss=0.791933 validation_macro_fmax=0.217421 valid_micro_fmax=0.100026
epoch=21 loss=0.783551 validation_macro_fmax=0.217324 valid_micro_fmax=0.109215
epoch=22 loss=0.775174 validation_macro_fmax=0.217485 valid_micro_fmax=0.104970
epoch=23 loss=0.768740 validation_macro_fmax=0.224529 valid_micro_fmax=0.114566
epoch=24 loss=0.759192 validation_macro_fmax=0.227375 valid_micro_fmax=0.124971
epoch=25 loss=0.751071 validation_macro_fmax=0.221437 valid_micro_fmax=0.125316
epoch=26 loss=0.744269 validation_macro_fmax=0.234266 valid_micro_fmax=0.138452
epoch=27 loss=0.735754 validation_macro_fmax=0.228654 valid_micro_fmax=0.135840
epoch=28 loss=0.728578 validation_macro_fmax=0.229295 valid_micro_fmax=0.148990
epoch=29 loss=0.720466 validation_macro_fmax=0.224042 valid_micro_fmax=0.136755
epoch=30 loss=0.712625 validation_macro_fmax=0.228205 valid_micro_fmax=0.152010
epoch=31 loss=0.704919 validation_macro_fmax=0.229920 valid_micro_fmax=0.155134
epoch=32 loss=0.696115 validation_macro_fmax=0.239477 valid_micro_fmax=0.171686
epoch=33 loss=0.688865 validation_macro_fmax=0.229959 valid_micro_fmax=0.169275
epoch=34 loss=0.680007 validation_macro_fmax=0.223494 valid_micro_fmax=0.164726
epoch=35 loss=0.671910 validation_macro_fmax=0.226769 valid_micro_fmax=0.171338
epoch=36 loss=0.662747 validation_macro_fmax=0.236760 valid_micro_fmax=0.174333
epoch=37 loss=0.654459 validation_macro_fmax=0.238347 valid_micro_fmax=0.183287
epoch=38 loss=0.644673 validation_macro_fmax=0.236980 valid_micro_fmax=0.174133
epoch=39 loss=0.636334 validation_macro_fmax=0.244201 valid_micro_fmax=0.175134
epoch=40 loss=0.626479 validation_macro_fmax=0.241313 valid_micro_fmax=0.179813
epoch=41 loss=0.617692 validation_macro_fmax=0.243026 valid_micro_fmax=0.178772
epoch=42 loss=0.606993 validation_macro_fmax=0.236565 valid_micro_fmax=0.177413
epoch=43 loss=0.598110 validation_macro_fmax=0.243784 valid_micro_fmax=0.183878
epoch=44 loss=0.587675 validation_macro_fmax=0.241083 valid_micro_fmax=0.180819
epoch=45 loss=0.576296 validation_macro_fmax=0.244677 valid_micro_fmax=0.184499
epoch=46 loss=0.565732 validation_macro_fmax=0.246196 valid_micro_fmax=0.189099
epoch=47 loss=0.556361 validation_macro_fmax=0.246461 valid_micro_fmax=0.186972
epoch=48 loss=0.544239 validation_macro_fmax=0.247711 valid_micro_fmax=0.187304
epoch=49 loss=0.536457 validation_macro_fmax=0.248448 valid_micro_fmax=0.190074
epoch=50 loss=0.523651 validation_macro_fmax=0.247938 valid_micro_fmax=0.193683
epoch=51 loss=0.512457 validation_macro_fmax=0.243433 valid_micro_fmax=0.190616
epoch=52 loss=0.500835 validation_macro_fmax=0.251838 valid_micro_fmax=0.192687
epoch=53 loss=0.491139 validation_macro_fmax=0.255954 valid_micro_fmax=0.200203
epoch=54 loss=0.479180 validation_macro_fmax=0.249054 valid_micro_fmax=0.192209
epoch=55 loss=0.468671 validation_macro_fmax=0.249866 valid_micro_fmax=0.191494
epoch=56 loss=0.455479 validation_macro_fmax=0.253086 valid_micro_fmax=0.200913
epoch=57 loss=0.443179 validation_macro_fmax=0.254190 valid_micro_fmax=0.197520
epoch=58 loss=0.431987 validation_macro_fmax=0.251430 valid_micro_fmax=0.192582
epoch=59 loss=0.421218 validation_macro_fmax=0.252526 valid_micro_fmax=0.195477
epoch=60 loss=0.411300 validation_macro_fmax=0.243443 valid_micro_fmax=0.194242
epoch=61 loss=0.396851 validation_macro_fmax=0.252057 valid_micro_fmax=0.197966
Early stopping after 61 epochs (patience=8)
GPU completion: NVIDIA L40S, 17463, 46068, 0
