GPU: NVIDIA L40S
CUDA tensor check: 8.0
Sun Jul 19 05:19:33 2026       
+-----------------------------------------------------------------------------------------+
| NVIDIA-SMI 560.35.03              Driver Version: 560.35.03      CUDA Version: 12.6     |
|-----------------------------------------+------------------------+----------------------+
| GPU  Name                 Persistence-M | Bus-Id          Disp.A | Volatile Uncorr. ECC |
| Fan  Temp   Perf          Pwr:Usage/Cap |           Memory-Usage | GPU-Util  Compute M. |
|                                         |                        |               MIG M. |
|=========================================+========================+======================|
|   0  NVIDIA L40S                    On  |   00000000:B5:00.0 Off |                    0 |
| N/A   47C    P0             42W /  350W |     503MiB /  46068MiB |      0%      Default |
|                                         |                        |                  N/A |
+-----------------------------------------+------------------------+----------------------+
                                                                                         
+-----------------------------------------------------------------------------------------+
| Processes:                                                                              |
|  GPU   GI   CI        PID   Type   Process name                              GPU Memory |
|        ID   ID                                                               Usage      |
|=========================================================================================|
|    0   N/A  N/A    559857      C   python3                                       494MiB |
+-----------------------------------------------------------------------------------------+
CUDA verified: NVIDIA L40S; tensor dot product=8.0
GPU startup: NVIDIA L40S, 533, 46068, 0
Loaded train=6026, valid=754; reserved test set is not loaded
epoch=1 loss=1.238910 validation_macro_fmax=0.085210 valid_micro_fmax=0.012762
epoch=2 loss=1.193842 validation_macro_fmax=0.086315 valid_micro_fmax=0.013274
epoch=3 loss=1.158268 validation_macro_fmax=0.085857 valid_micro_fmax=0.014165
epoch=4 loss=1.128081 validation_macro_fmax=0.087799 valid_micro_fmax=0.013825
epoch=5 loss=1.102524 validation_macro_fmax=0.089544 valid_micro_fmax=0.014019
epoch=6 loss=1.079026 validation_macro_fmax=0.092580 valid_micro_fmax=0.014816
epoch=7 loss=1.059690 validation_macro_fmax=0.094847 valid_micro_fmax=0.016023
epoch=8 loss=1.039912 validation_macro_fmax=0.096639 valid_micro_fmax=0.018540
epoch=9 loss=1.022515 validation_macro_fmax=0.098169 valid_micro_fmax=0.019560
epoch=10 loss=1.005444 validation_macro_fmax=0.100356 valid_micro_fmax=0.023193
epoch=11 loss=0.991912 validation_macro_fmax=0.104021 valid_micro_fmax=0.024981
epoch=12 loss=0.976506 validation_macro_fmax=0.110818 valid_micro_fmax=0.032524
epoch=13 loss=0.964326 validation_macro_fmax=0.110740 valid_micro_fmax=0.035999
epoch=14 loss=0.952778 validation_macro_fmax=0.112348 valid_micro_fmax=0.039635
epoch=15 loss=0.939812 validation_macro_fmax=0.117833 valid_micro_fmax=0.046478
epoch=16 loss=0.929428 validation_macro_fmax=0.119604 valid_micro_fmax=0.052121
epoch=17 loss=0.917890 validation_macro_fmax=0.119477 valid_micro_fmax=0.053092
epoch=18 loss=0.908001 validation_macro_fmax=0.123073 valid_micro_fmax=0.056677
epoch=19 loss=0.897655 validation_macro_fmax=0.126357 valid_micro_fmax=0.057690
epoch=20 loss=0.887508 validation_macro_fmax=0.131532 valid_micro_fmax=0.060302
epoch=21 loss=0.878570 validation_macro_fmax=0.132379 valid_micro_fmax=0.067936
epoch=22 loss=0.870486 validation_macro_fmax=0.132810 valid_micro_fmax=0.072016
epoch=23 loss=0.861161 validation_macro_fmax=0.138432 valid_micro_fmax=0.081020
epoch=24 loss=0.854124 validation_macro_fmax=0.139179 valid_micro_fmax=0.083884
epoch=25 loss=0.847106 validation_macro_fmax=0.141977 valid_micro_fmax=0.089899
epoch=26 loss=0.838564 validation_macro_fmax=0.143202 valid_micro_fmax=0.087384
epoch=27 loss=0.831026 validation_macro_fmax=0.144043 valid_micro_fmax=0.094619
epoch=28 loss=0.823468 validation_macro_fmax=0.144394 valid_micro_fmax=0.100797
epoch=29 loss=0.818990 validation_macro_fmax=0.145342 valid_micro_fmax=0.103209
epoch=30 loss=0.810157 validation_macro_fmax=0.144337 valid_micro_fmax=0.104785
epoch=31 loss=0.803925 validation_macro_fmax=0.148937 valid_micro_fmax=0.108585
epoch=32 loss=0.796576 validation_macro_fmax=0.149608 valid_micro_fmax=0.115488
epoch=33 loss=0.791079 validation_macro_fmax=0.146768 valid_micro_fmax=0.109095
epoch=34 loss=0.784011 validation_macro_fmax=0.151564 valid_micro_fmax=0.125773
epoch=35 loss=0.777324 validation_macro_fmax=0.149643 valid_micro_fmax=0.121995
epoch=36 loss=0.773706 validation_macro_fmax=0.147006 valid_micro_fmax=0.124036
epoch=37 loss=0.764003 validation_macro_fmax=0.147539 valid_micro_fmax=0.129703
epoch=38 loss=0.758936 validation_macro_fmax=0.149490 valid_micro_fmax=0.129311
epoch=39 loss=0.752699 validation_macro_fmax=0.147723 valid_micro_fmax=0.132669
epoch=40 loss=0.744484 validation_macro_fmax=0.149109 valid_micro_fmax=0.136865
epoch=41 loss=0.739532 validation_macro_fmax=0.147791 valid_micro_fmax=0.133602
epoch=42 loss=0.733051 validation_macro_fmax=0.148708 valid_micro_fmax=0.132975
epoch=43 loss=0.725856 validation_macro_fmax=0.147652 valid_micro_fmax=0.134224
Early stopping after 43 epochs (patience=9)
GPU completion: NVIDIA L40S, 20469, 46068, 0
