GPU: NVIDIA L40S
CUDA tensor check: 8.0
Mon Jul 20 01:07:09 2026       
+-----------------------------------------------------------------------------------------+
| NVIDIA-SMI 560.35.03              Driver Version: 560.35.03      CUDA Version: 12.6     |
|-----------------------------------------+------------------------+----------------------+
| GPU  Name                 Persistence-M | Bus-Id          Disp.A | Volatile Uncorr. ECC |
| Fan  Temp   Perf          Pwr:Usage/Cap |           Memory-Usage | GPU-Util  Compute M. |
|                                         |                        |               MIG M. |
|=========================================+========================+======================|
|   0  NVIDIA L40S                    On  |   00000000:B5:00.0 Off |                    0 |
| N/A   46C    P0             42W /  350W |     503MiB /  46068MiB |      1%      Default |
|                                         |                        |                  N/A |
+-----------------------------------------+------------------------+----------------------+
                                                                                         
+-----------------------------------------------------------------------------------------+
| Processes:                                                                              |
|  GPU   GI   CI        PID   Type   Process name                              GPU Memory |
|        ID   ID                                                               Usage      |
|=========================================================================================|
|    0   N/A  N/A   1115566      C   python3                                       494MiB |
+-----------------------------------------------------------------------------------------+
CUDA verified: NVIDIA L40S; tensor dot product=8.0
GPU startup: NVIDIA L40S, 533, 46068, 1
Loaded train=6026, valid=754; reserved test set is not loaded
epoch=1 loss=0.813063 validation_macro_fmax=0.400964 valid_micro_fmax=0.293507
epoch=2 loss=0.374477 validation_macro_fmax=0.398685 valid_micro_fmax=0.358637
epoch=3 loss=0.195372 validation_macro_fmax=0.395323 valid_micro_fmax=0.367790
epoch=4 loss=0.115498 validation_macro_fmax=0.407132 valid_micro_fmax=0.447126
epoch=5 loss=0.075080 validation_macro_fmax=0.416189 valid_micro_fmax=0.430453
epoch=6 loss=0.047823 validation_macro_fmax=0.390727 valid_micro_fmax=0.458234
epoch=7 loss=0.095213 validation_macro_fmax=0.440158 valid_micro_fmax=0.381171
epoch=8 loss=0.120300 validation_macro_fmax=0.414020 valid_micro_fmax=0.367808
epoch=9 loss=0.053992 validation_macro_fmax=0.393145 valid_micro_fmax=0.410612
epoch=10 loss=0.046029 validation_macro_fmax=0.392262 valid_micro_fmax=0.481553
epoch=11 loss=0.032911 validation_macro_fmax=0.391646 valid_micro_fmax=0.459960
epoch=12 loss=0.026763 validation_macro_fmax=0.392860 valid_micro_fmax=0.462849
epoch=13 loss=0.022241 validation_macro_fmax=0.388705 valid_micro_fmax=0.454297
epoch=14 loss=0.019456 validation_macro_fmax=0.407051 valid_micro_fmax=0.465133
epoch=15 loss=0.019759 validation_macro_fmax=0.390036 valid_micro_fmax=0.506603
epoch=16 loss=0.015376 validation_macro_fmax=0.393097 valid_micro_fmax=0.481915
epoch=17 loss=0.173754 validation_macro_fmax=0.363236 valid_micro_fmax=0.328803
Early stopping after 17 epochs (patience=10)
GPU completion: NVIDIA L40S, 17281, 46068, 0
