GPU: NVIDIA L40S
CUDA tensor check: 8.0
Sun Jul 19 05:12:23 2026       
+-----------------------------------------------------------------------------------------+
| NVIDIA-SMI 560.35.03              Driver Version: 560.35.03      CUDA Version: 12.6     |
|-----------------------------------------+------------------------+----------------------+
| GPU  Name                 Persistence-M | Bus-Id          Disp.A | Volatile Uncorr. ECC |
| Fan  Temp   Perf          Pwr:Usage/Cap |           Memory-Usage | GPU-Util  Compute M. |
|                                         |                        |               MIG M. |
|=========================================+========================+======================|
|   0  NVIDIA L40S                    On  |   00000000:B5:00.0 Off |                    0 |
| N/A   52C    P0             46W /  350W |     503MiB /  46068MiB |      0%      Default |
|                                         |                        |                  N/A |
+-----------------------------------------+------------------------+----------------------+
                                                                                         
+-----------------------------------------------------------------------------------------+
| Processes:                                                                              |
|  GPU   GI   CI        PID   Type   Process name                              GPU Memory |
|        ID   ID                                                               Usage      |
|=========================================================================================|
|    0   N/A  N/A    557226      C   python3                                       494MiB |
+-----------------------------------------------------------------------------------------+
CUDA verified: NVIDIA L40S; tensor dot product=8.0
GPU startup: NVIDIA L40S, 533, 46068, 0
Loaded train=6026, valid=754; reserved test set is not loaded
epoch=1 loss=0.783334 validation_macro_fmax=0.199386 valid_micro_fmax=0.102310
epoch=2 loss=0.306789 validation_macro_fmax=0.206534 valid_micro_fmax=0.095677
epoch=3 loss=0.135484 validation_macro_fmax=0.227131 valid_micro_fmax=0.123664
epoch=4 loss=0.073376 validation_macro_fmax=0.208629 valid_micro_fmax=0.148203
epoch=5 loss=0.044636 validation_macro_fmax=0.223129 valid_micro_fmax=0.183935
epoch=6 loss=0.030675 validation_macro_fmax=0.220950 valid_micro_fmax=0.192349
epoch=7 loss=0.023468 validation_macro_fmax=0.234271 valid_micro_fmax=0.203380
epoch=8 loss=0.016940 validation_macro_fmax=0.220951 valid_micro_fmax=0.200113
epoch=9 loss=0.015281 validation_macro_fmax=0.216184 valid_micro_fmax=0.213723
epoch=10 loss=0.013596 validation_macro_fmax=0.211289 valid_micro_fmax=0.215614
epoch=11 loss=0.125478 validation_macro_fmax=0.226982 valid_micro_fmax=0.109048
epoch=12 loss=0.055150 validation_macro_fmax=0.231924 valid_micro_fmax=0.150970
epoch=13 loss=0.025182 validation_macro_fmax=0.231577 valid_micro_fmax=0.187442
epoch=14 loss=0.015123 validation_macro_fmax=0.230473 valid_micro_fmax=0.226125
epoch=15 loss=0.012060 validation_macro_fmax=0.219850 valid_micro_fmax=0.232121
epoch=16 loss=0.009579 validation_macro_fmax=0.218935 valid_micro_fmax=0.220677
epoch=17 loss=0.012919 validation_macro_fmax=0.215511 valid_micro_fmax=0.226592
Early stopping after 17 epochs (patience=10)
GPU completion: NVIDIA L40S, 39263, 46068, 0
