GPU: NVIDIA L40S
CUDA tensor check: 8.0
Mon Jul 20 03:48:44 2026       
+-----------------------------------------------------------------------------------------+
| NVIDIA-SMI 560.35.03              Driver Version: 560.35.03      CUDA Version: 12.6     |
|-----------------------------------------+------------------------+----------------------+
| GPU  Name                 Persistence-M | Bus-Id          Disp.A | Volatile Uncorr. ECC |
| Fan  Temp   Perf          Pwr:Usage/Cap |           Memory-Usage | GPU-Util  Compute M. |
|                                         |                        |               MIG M. |
|=========================================+========================+======================|
|   0  NVIDIA L40S                    On  |   00000000:B5:00.0 Off |                    0 |
| N/A   45C    P0             40W /  350W |     503MiB /  46068MiB |      0%      Default |
|                                         |                        |                  N/A |
+-----------------------------------------+------------------------+----------------------+
                                                                                         
+-----------------------------------------------------------------------------------------+
| Processes:                                                                              |
|  GPU   GI   CI        PID   Type   Process name                              GPU Memory |
|        ID   ID                                                               Usage      |
|=========================================================================================|
|    0   N/A  N/A   1179217      C   python3                                       494MiB |
+-----------------------------------------------------------------------------------------+
CUDA verified: NVIDIA L40S; tensor dot product=8.0
GPU startup: NVIDIA L40S, 533, 46068, 0
Loaded train=6026, valid=754; reserved test set is not loaded
epoch=1 loss=0.498081 validation_macro_fmax=0.277140 valid_micro_fmax=0.077694
epoch=2 loss=0.250995 validation_macro_fmax=0.292356 valid_micro_fmax=0.147530
epoch=3 loss=0.138129 validation_macro_fmax=0.296694 valid_micro_fmax=0.172383
epoch=4 loss=0.091403 validation_macro_fmax=0.362367 valid_micro_fmax=0.196300
epoch=5 loss=0.060667 validation_macro_fmax=0.334848 valid_micro_fmax=0.223267
epoch=6 loss=0.057276 validation_macro_fmax=0.364397 valid_micro_fmax=0.207939
epoch=7 loss=0.044314 validation_macro_fmax=0.368588 valid_micro_fmax=0.253355
epoch=8 loss=0.041223 validation_macro_fmax=0.369398 valid_micro_fmax=0.245838
epoch=9 loss=0.034460 validation_macro_fmax=0.358279 valid_micro_fmax=0.241961
epoch=10 loss=0.028759 validation_macro_fmax=0.362675 valid_micro_fmax=0.253873
epoch=11 loss=0.032436 validation_macro_fmax=0.371414 valid_micro_fmax=0.290982
epoch=12 loss=0.031500 validation_macro_fmax=0.362614 valid_micro_fmax=0.247702
epoch=13 loss=0.027620 validation_macro_fmax=0.352158 valid_micro_fmax=0.271047
epoch=14 loss=0.032310 validation_macro_fmax=0.375091 valid_micro_fmax=0.264784
epoch=15 loss=0.024094 validation_macro_fmax=0.372096 valid_micro_fmax=0.324274
epoch=16 loss=0.023090 validation_macro_fmax=0.392501 valid_micro_fmax=0.283395
epoch=17 loss=0.027339 validation_macro_fmax=0.392700 valid_micro_fmax=0.294755
epoch=18 loss=0.020430 validation_macro_fmax=0.386829 valid_micro_fmax=0.332956
epoch=19 loss=0.020876 validation_macro_fmax=0.395208 valid_micro_fmax=0.328315
epoch=20 loss=0.023886 validation_macro_fmax=0.374526 valid_micro_fmax=0.307640
epoch=21 loss=0.015703 validation_macro_fmax=0.386789 valid_micro_fmax=0.365633
epoch=22 loss=0.015306 validation_macro_fmax=0.383435 valid_micro_fmax=0.386386
epoch=23 loss=0.015073 validation_macro_fmax=0.372991 valid_micro_fmax=0.338795
epoch=24 loss=0.018524 validation_macro_fmax=0.383814 valid_micro_fmax=0.365705
epoch=25 loss=0.014604 validation_macro_fmax=0.382061 valid_micro_fmax=0.395471
epoch=26 loss=0.011627 validation_macro_fmax=0.400702 valid_micro_fmax=0.357222
epoch=27 loss=0.013910 validation_macro_fmax=0.366534 valid_micro_fmax=0.333558
epoch=28 loss=0.015500 validation_macro_fmax=0.409333 valid_micro_fmax=0.353665
epoch=29 loss=0.015316 validation_macro_fmax=0.382906 valid_micro_fmax=0.365942
epoch=30 loss=0.015237 validation_macro_fmax=0.402905 valid_micro_fmax=0.341851
epoch=31 loss=0.010762 validation_macro_fmax=0.381633 valid_micro_fmax=0.413549
epoch=32 loss=0.012405 validation_macro_fmax=0.377409 valid_micro_fmax=0.373106
epoch=33 loss=0.011050 validation_macro_fmax=0.381386 valid_micro_fmax=0.356883
epoch=34 loss=0.009065 validation_macro_fmax=0.407106 valid_micro_fmax=0.450298
epoch=35 loss=0.010775 validation_macro_fmax=0.385311 valid_micro_fmax=0.402111
epoch=36 loss=0.012963 validation_macro_fmax=0.355292 valid_micro_fmax=0.380399
epoch=37 loss=0.011539 validation_macro_fmax=0.381612 valid_micro_fmax=0.365532
epoch=38 loss=0.009219 validation_macro_fmax=0.386596 valid_micro_fmax=0.392392
Early stopping after 38 epochs (patience=10)
GPU completion: NVIDIA L40S, 24671, 46068, 0
