GPU: NVIDIA L40S
CUDA tensor check: 8.0
Sun Jul 19 23:43:47 2026       
+-----------------------------------------------------------------------------------------+
| NVIDIA-SMI 560.35.03              Driver Version: 560.35.03      CUDA Version: 12.6     |
|-----------------------------------------+------------------------+----------------------+
| GPU  Name                 Persistence-M | Bus-Id          Disp.A | Volatile Uncorr. ECC |
| Fan  Temp   Perf          Pwr:Usage/Cap |           Memory-Usage | GPU-Util  Compute M. |
|                                         |                        |               MIG M. |
|=========================================+========================+======================|
|   0  NVIDIA L40S                    On  |   00000000:B5:00.0 Off |                    0 |
| N/A   52C    P0             44W /  350W |     503MiB /  46068MiB |      1%      Default |
|                                         |                        |                  N/A |
+-----------------------------------------+------------------------+----------------------+
                                                                                         
+-----------------------------------------------------------------------------------------+
| Processes:                                                                              |
|  GPU   GI   CI        PID   Type   Process name                              GPU Memory |
|        ID   ID                                                               Usage      |
|=========================================================================================|
|    0   N/A  N/A   1636493      C   python3                                       494MiB |
+-----------------------------------------------------------------------------------------+
CUDA verified: NVIDIA L40S; tensor dot product=8.0
GPU startup: NVIDIA L40S, 533, 46068, 1
Loaded train=6026, valid=754; reserved test set is not loaded
epoch=1 loss=0.902572 validation_macro_fmax=0.229134 valid_micro_fmax=0.083696
epoch=2 loss=0.572008 validation_macro_fmax=0.244583 valid_micro_fmax=0.114575
epoch=3 loss=0.306137 validation_macro_fmax=0.229597 valid_micro_fmax=0.143088
epoch=4 loss=0.165696 validation_macro_fmax=0.255804 valid_micro_fmax=0.163321
epoch=5 loss=0.109307 validation_macro_fmax=0.237297 valid_micro_fmax=0.168319
epoch=6 loss=0.074614 validation_macro_fmax=0.228849 valid_micro_fmax=0.146324
epoch=7 loss=0.056564 validation_macro_fmax=0.231988 valid_micro_fmax=0.178322
epoch=8 loss=0.042855 validation_macro_fmax=0.233510 valid_micro_fmax=0.166035
epoch=9 loss=0.035967 validation_macro_fmax=0.225517 valid_micro_fmax=0.166881
epoch=10 loss=0.029068 validation_macro_fmax=0.218173 valid_micro_fmax=0.196741
epoch=11 loss=0.029334 validation_macro_fmax=0.243581 valid_micro_fmax=0.169772
epoch=12 loss=0.068925 validation_macro_fmax=0.220821 valid_micro_fmax=0.147185
Early stopping after 12 epochs (patience=8)
GPU completion: NVIDIA L40S, 29637, 46068, 0
