GPU: NVIDIA L40S
CUDA tensor check: 8.0
Sun Jul 19 09:27:33 2026       
+-----------------------------------------------------------------------------------------+
| NVIDIA-SMI 560.35.03              Driver Version: 560.35.03      CUDA Version: 12.6     |
|-----------------------------------------+------------------------+----------------------+
| GPU  Name                 Persistence-M | Bus-Id          Disp.A | Volatile Uncorr. ECC |
| Fan  Temp   Perf          Pwr:Usage/Cap |           Memory-Usage | GPU-Util  Compute M. |
|                                         |                        |               MIG M. |
|=========================================+========================+======================|
|   0  NVIDIA L40S                    On  |   00000000:0D:00.0 Off |                    0 |
| N/A   48C    P0             44W /  350W |     503MiB /  46068MiB |      1%      Default |
|                                         |                        |                  N/A |
+-----------------------------------------+------------------------+----------------------+
                                                                                         
+-----------------------------------------------------------------------------------------+
| Processes:                                                                              |
|  GPU   GI   CI        PID   Type   Process name                              GPU Memory |
|        ID   ID                                                               Usage      |
|=========================================================================================|
|    0   N/A  N/A   1123287      C   python3                                       494MiB |
+-----------------------------------------------------------------------------------------+
CUDA verified: NVIDIA L40S; tensor dot product=8.0
GPU startup: NVIDIA L40S, 533, 46068, 5
Loaded train=6026, valid=754; reserved test set is not loaded
epoch=1 loss=0.314079 validation_macro_fmax=0.223195 valid_micro_fmax=0.107410
epoch=2 loss=0.247374 validation_macro_fmax=0.255329 valid_micro_fmax=0.125773
epoch=3 loss=0.222700 validation_macro_fmax=0.262779 valid_micro_fmax=0.131830
epoch=4 loss=0.202878 validation_macro_fmax=0.258994 valid_micro_fmax=0.148429
epoch=5 loss=0.182242 validation_macro_fmax=0.255388 valid_micro_fmax=0.163225
epoch=6 loss=0.156450 validation_macro_fmax=0.260250 valid_micro_fmax=0.198361
epoch=7 loss=0.127017 validation_macro_fmax=0.260147 valid_micro_fmax=0.232633
epoch=8 loss=0.099326 validation_macro_fmax=0.275475 valid_micro_fmax=0.240693
epoch=9 loss=0.075529 validation_macro_fmax=0.265885 valid_micro_fmax=0.288552
epoch=10 loss=0.057824 validation_macro_fmax=0.267093 valid_micro_fmax=0.300190
epoch=11 loss=0.044172 validation_macro_fmax=0.255897 valid_micro_fmax=0.321989
epoch=12 loss=0.035299 validation_macro_fmax=0.254210 valid_micro_fmax=0.326293
epoch=13 loss=0.028149 validation_macro_fmax=0.298703 valid_micro_fmax=0.345797
epoch=14 loss=0.023429 validation_macro_fmax=0.274047 valid_micro_fmax=0.316408
epoch=15 loss=0.019411 validation_macro_fmax=0.298115 valid_micro_fmax=0.345990
epoch=16 loss=0.016622 validation_macro_fmax=0.284793 valid_micro_fmax=0.349850
epoch=17 loss=0.016161 validation_macro_fmax=0.244458 valid_micro_fmax=0.338900
epoch=18 loss=0.013623 validation_macro_fmax=0.287536 valid_micro_fmax=0.360517
epoch=19 loss=0.011546 validation_macro_fmax=0.298668 valid_micro_fmax=0.368699
epoch=20 loss=0.009964 validation_macro_fmax=0.296923 valid_micro_fmax=0.382290
epoch=21 loss=0.010016 validation_macro_fmax=0.277741 valid_micro_fmax=0.380535
epoch=22 loss=0.008056 validation_macro_fmax=0.317581 valid_micro_fmax=0.368128
epoch=23 loss=0.008170 validation_macro_fmax=0.249657 valid_micro_fmax=0.370875
epoch=24 loss=0.006787 validation_macro_fmax=0.267317 valid_micro_fmax=0.388861
epoch=25 loss=0.006666 validation_macro_fmax=0.287321 valid_micro_fmax=0.391308
epoch=26 loss=0.007492 validation_macro_fmax=0.245545 valid_micro_fmax=0.359017
epoch=27 loss=0.007046 validation_macro_fmax=0.290202 valid_micro_fmax=0.380208
epoch=28 loss=0.005473 validation_macro_fmax=0.287118 valid_micro_fmax=0.386503
epoch=29 loss=0.005192 validation_macro_fmax=0.297990 valid_micro_fmax=0.405370
epoch=30 loss=0.004365 validation_macro_fmax=0.308918 valid_micro_fmax=0.395363
epoch=31 loss=0.006371 validation_macro_fmax=0.270499 valid_micro_fmax=0.394174
epoch=32 loss=0.004111 validation_macro_fmax=0.273915 valid_micro_fmax=0.402283
Early stopping after 32 epochs (patience=10)
GPU completion: NVIDIA L40S, 34129, 46068, 0
