GPU: NVIDIA L40S
CUDA tensor check: 8.0
Sun Jul 19 23:49:21 2026       
+-----------------------------------------------------------------------------------------+
| NVIDIA-SMI 560.35.03              Driver Version: 560.35.03      CUDA Version: 12.6     |
|-----------------------------------------+------------------------+----------------------+
| GPU  Name                 Persistence-M | Bus-Id          Disp.A | Volatile Uncorr. ECC |
| Fan  Temp   Perf          Pwr:Usage/Cap |           Memory-Usage | GPU-Util  Compute M. |
|                                         |                        |               MIG M. |
|=========================================+========================+======================|
|   0  NVIDIA L40S                    On  |   00000000:B5:00.0 Off |                    0 |
| N/A   49C    P0             43W /  350W |     503MiB /  46068MiB |      0%      Default |
|                                         |                        |                  N/A |
+-----------------------------------------+------------------------+----------------------+
                                                                                         
+-----------------------------------------------------------------------------------------+
| Processes:                                                                              |
|  GPU   GI   CI        PID   Type   Process name                              GPU Memory |
|        ID   ID                                                               Usage      |
|=========================================================================================|
|    0   N/A  N/A   1638617      C   python3                                       494MiB |
+-----------------------------------------------------------------------------------------+
CUDA verified: NVIDIA L40S; tensor dot product=8.0
GPU startup: NVIDIA L40S, 533, 46068, 1
Loaded train=6026, valid=754; reserved test set is not loaded
epoch=1 loss=0.829759 validation_macro_fmax=0.324151 valid_micro_fmax=0.409396
epoch=2 loss=0.482350 validation_macro_fmax=0.311913 valid_micro_fmax=0.441790
epoch=3 loss=0.225829 validation_macro_fmax=0.329521 valid_micro_fmax=0.540517
epoch=4 loss=0.140393 validation_macro_fmax=0.331040 valid_micro_fmax=0.458741
epoch=5 loss=0.088587 validation_macro_fmax=0.274955 valid_micro_fmax=0.467839
epoch=6 loss=0.054361 validation_macro_fmax=0.290433 valid_micro_fmax=0.516773
epoch=7 loss=0.037850 validation_macro_fmax=0.263371 valid_micro_fmax=0.479338
epoch=8 loss=0.024728 validation_macro_fmax=0.264180 valid_micro_fmax=0.430236
epoch=9 loss=0.018268 validation_macro_fmax=0.257565 valid_micro_fmax=0.472605
epoch=10 loss=0.015184 validation_macro_fmax=0.280121 valid_micro_fmax=0.470800
epoch=11 loss=0.012807 validation_macro_fmax=0.268284 valid_micro_fmax=0.473940
epoch=12 loss=0.065242 validation_macro_fmax=0.285016 valid_micro_fmax=0.511113
Early stopping after 12 epochs (patience=8)
GPU completion: NVIDIA L40S, 44829, 46068, 0
