GPU: NVIDIA L40S
CUDA tensor check: 8.0
Sun Jul 19 10:39:22 2026       
+-----------------------------------------------------------------------------------------+
| NVIDIA-SMI 560.35.03              Driver Version: 560.35.03      CUDA Version: 12.6     |
|-----------------------------------------+------------------------+----------------------+
| GPU  Name                 Persistence-M | Bus-Id          Disp.A | Volatile Uncorr. ECC |
| Fan  Temp   Perf          Pwr:Usage/Cap |           Memory-Usage | GPU-Util  Compute M. |
|                                         |                        |               MIG M. |
|=========================================+========================+======================|
|   0  NVIDIA L40S                    On  |   00000000:0D:00.0 Off |                    0 |
| N/A   53C    P0             46W /  350W |     503MiB /  46068MiB |      5%      Default |
|                                         |                        |                  N/A |
+-----------------------------------------+------------------------+----------------------+
                                                                                         
+-----------------------------------------------------------------------------------------+
| Processes:                                                                              |
|  GPU   GI   CI        PID   Type   Process name                              GPU Memory |
|        ID   ID                                                               Usage      |
|=========================================================================================|
|    0   N/A  N/A   1153956      C   python3                                       494MiB |
+-----------------------------------------------------------------------------------------+
CUDA verified: NVIDIA L40S; tensor dot product=8.0
GPU startup: NVIDIA L40S, 533, 46068, 0
Loaded train=6026, valid=754; reserved test set is not loaded
epoch=1 loss=0.898013 validation_macro_fmax=0.192856 valid_micro_fmax=0.042137
epoch=2 loss=0.476966 validation_macro_fmax=0.210691 valid_micro_fmax=0.061687
epoch=3 loss=0.307882 validation_macro_fmax=0.257839 valid_micro_fmax=0.081438
epoch=4 loss=0.243952 validation_macro_fmax=0.265275 valid_micro_fmax=0.111491
epoch=5 loss=0.202604 validation_macro_fmax=0.247689 valid_micro_fmax=0.089088
epoch=6 loss=0.174579 validation_macro_fmax=0.271376 valid_micro_fmax=0.126356
epoch=7 loss=0.119529 validation_macro_fmax=0.286447 valid_micro_fmax=0.147354
epoch=8 loss=0.114657 validation_macro_fmax=0.273186 valid_micro_fmax=0.127557
epoch=9 loss=0.118249 validation_macro_fmax=0.268831 valid_micro_fmax=0.122390
epoch=10 loss=0.098173 validation_macro_fmax=0.303416 valid_micro_fmax=0.149250
epoch=11 loss=0.125636 validation_macro_fmax=0.296836 valid_micro_fmax=0.133386
epoch=12 loss=0.077866 validation_macro_fmax=0.288344 valid_micro_fmax=0.150607
epoch=13 loss=0.085744 validation_macro_fmax=0.265042 valid_micro_fmax=0.122224
epoch=14 loss=0.087028 validation_macro_fmax=0.298270 valid_micro_fmax=0.153800
epoch=15 loss=0.077707 validation_macro_fmax=0.269732 valid_micro_fmax=0.165216
epoch=16 loss=0.064678 validation_macro_fmax=0.262213 valid_micro_fmax=0.143514
epoch=17 loss=0.073477 validation_macro_fmax=0.288362 valid_micro_fmax=0.159791
epoch=18 loss=0.055422 validation_macro_fmax=0.268764 valid_micro_fmax=0.150382
Early stopping after 18 epochs (patience=8)
GPU completion: NVIDIA L40S, 25275, 46068, 0
