GPU: NVIDIA L40S
CUDA tensor check: 8.0
Sun Jul 19 12:18:25 2026       
+-----------------------------------------------------------------------------------------+
| NVIDIA-SMI 560.35.03              Driver Version: 560.35.03      CUDA Version: 12.6     |
|-----------------------------------------+------------------------+----------------------+
| GPU  Name                 Persistence-M | Bus-Id          Disp.A | Volatile Uncorr. ECC |
| Fan  Temp   Perf          Pwr:Usage/Cap |           Memory-Usage | GPU-Util  Compute M. |
|                                         |                        |               MIG M. |
|=========================================+========================+======================|
|   0  NVIDIA L40S                    On  |   00000000:B5:00.0 Off |                    0 |
| N/A   50C    P0             43W /  350W |     503MiB /  46068MiB |      5%      Default |
|                                         |                        |                  N/A |
+-----------------------------------------+------------------------+----------------------+
                                                                                         
+-----------------------------------------------------------------------------------------+
| Processes:                                                                              |
|  GPU   GI   CI        PID   Type   Process name                              GPU Memory |
|        ID   ID                                                               Usage      |
|=========================================================================================|
|    0   N/A  N/A    883923      C   python3                                       494MiB |
+-----------------------------------------------------------------------------------------+
CUDA verified: NVIDIA L40S; tensor dot product=8.0
GPU startup: NVIDIA L40S, 533, 46068, 0
Loaded train=6026, valid=754; reserved test set is not loaded
epoch=1 loss=1.045204 validation_macro_fmax=0.234027 valid_micro_fmax=0.094332
epoch=2 loss=0.856428 validation_macro_fmax=0.248520 valid_micro_fmax=0.101083
epoch=3 loss=0.787304 validation_macro_fmax=0.255059 valid_micro_fmax=0.114710
epoch=4 loss=0.749810 validation_macro_fmax=0.265527 valid_micro_fmax=0.131258
epoch=5 loss=0.720552 validation_macro_fmax=0.280930 valid_micro_fmax=0.143499
epoch=6 loss=0.695453 validation_macro_fmax=0.277495 valid_micro_fmax=0.164241
epoch=7 loss=0.670707 validation_macro_fmax=0.278570 valid_micro_fmax=0.155621
epoch=8 loss=0.645069 validation_macro_fmax=0.283057 valid_micro_fmax=0.173357
epoch=9 loss=0.615587 validation_macro_fmax=0.281992 valid_micro_fmax=0.196421
epoch=10 loss=0.581741 validation_macro_fmax=0.283626 valid_micro_fmax=0.210317
epoch=11 loss=0.540341 validation_macro_fmax=0.289958 valid_micro_fmax=0.225534
epoch=12 loss=0.494240 validation_macro_fmax=0.290729 valid_micro_fmax=0.252890
epoch=13 loss=0.443074 validation_macro_fmax=0.287296 valid_micro_fmax=0.274768
epoch=14 loss=0.389324 validation_macro_fmax=0.282167 valid_micro_fmax=0.285932
epoch=15 loss=0.334882 validation_macro_fmax=0.290623 valid_micro_fmax=0.308590
epoch=16 loss=0.283552 validation_macro_fmax=0.291340 valid_micro_fmax=0.311361
epoch=17 loss=0.236364 validation_macro_fmax=0.282163 valid_micro_fmax=0.325110
epoch=18 loss=0.195869 validation_macro_fmax=0.289924 valid_micro_fmax=0.338341
epoch=19 loss=0.162090 validation_macro_fmax=0.283678 valid_micro_fmax=0.363407
epoch=20 loss=0.133789 validation_macro_fmax=0.275066 valid_micro_fmax=0.360886
epoch=21 loss=0.110383 validation_macro_fmax=0.281575 valid_micro_fmax=0.375476
epoch=22 loss=0.092018 validation_macro_fmax=0.282954 valid_micro_fmax=0.394237
epoch=23 loss=0.078303 validation_macro_fmax=0.277263 valid_micro_fmax=0.378646
epoch=24 loss=0.065104 validation_macro_fmax=0.277170 valid_micro_fmax=0.385368
epoch=25 loss=0.055745 validation_macro_fmax=0.279673 valid_micro_fmax=0.393028
Early stopping after 25 epochs (patience=9)
GPU completion: NVIDIA L40S, 34105, 46068, 0
