GPU: NVIDIA L40S
CUDA tensor check: 8.0
Sun Jul 19 04:37:02 2026       
+-----------------------------------------------------------------------------------------+
| NVIDIA-SMI 560.35.03              Driver Version: 560.35.03      CUDA Version: 12.6     |
|-----------------------------------------+------------------------+----------------------+
| GPU  Name                 Persistence-M | Bus-Id          Disp.A | Volatile Uncorr. ECC |
| Fan  Temp   Perf          Pwr:Usage/Cap |           Memory-Usage | GPU-Util  Compute M. |
|                                         |                        |               MIG M. |
|=========================================+========================+======================|
|   0  NVIDIA L40S                    On  |   00000000:0D:00.0 Off |                    0 |
| N/A   52C    P0             47W /  350W |     503MiB /  46068MiB |      0%      Default |
|                                         |                        |                  N/A |
+-----------------------------------------+------------------------+----------------------+
                                                                                         
+-----------------------------------------------------------------------------------------+
| Processes:                                                                              |
|  GPU   GI   CI        PID   Type   Process name                              GPU Memory |
|        ID   ID                                                               Usage      |
|=========================================================================================|
|    0   N/A  N/A   1110867      C   python3                                       494MiB |
+-----------------------------------------------------------------------------------------+
CUDA verified: NVIDIA L40S; tensor dot product=8.0
GPU startup: NVIDIA L40S, 533, 46068, 1
Loaded train=6026, valid=754; reserved test set is not loaded
epoch=1 loss=0.290732 validation_macro_fmax=0.405108 valid_micro_fmax=0.283096
epoch=2 loss=0.163521 validation_macro_fmax=0.390218 valid_micro_fmax=0.348713
epoch=3 loss=0.090072 validation_macro_fmax=0.402569 valid_micro_fmax=0.386564
epoch=4 loss=0.068953 validation_macro_fmax=0.411147 valid_micro_fmax=0.390824
epoch=5 loss=0.048183 validation_macro_fmax=0.397041 valid_micro_fmax=0.380780
epoch=6 loss=0.039234 validation_macro_fmax=0.381117 valid_micro_fmax=0.389762
epoch=7 loss=0.034124 validation_macro_fmax=0.384946 valid_micro_fmax=0.433609
epoch=8 loss=0.028830 validation_macro_fmax=0.412678 valid_micro_fmax=0.443333
epoch=9 loss=0.024687 validation_macro_fmax=0.384087 valid_micro_fmax=0.429221
epoch=10 loss=0.024153 validation_macro_fmax=0.413785 valid_micro_fmax=0.480153
epoch=11 loss=0.023005 validation_macro_fmax=0.399400 valid_micro_fmax=0.438070
epoch=12 loss=0.022392 validation_macro_fmax=0.390923 valid_micro_fmax=0.421282
epoch=13 loss=0.027385 validation_macro_fmax=0.402371 valid_micro_fmax=0.425372
epoch=14 loss=0.025360 validation_macro_fmax=0.380470 valid_micro_fmax=0.380452
epoch=15 loss=0.025195 validation_macro_fmax=0.393026 valid_micro_fmax=0.445839
epoch=16 loss=0.018207 validation_macro_fmax=0.398955 valid_micro_fmax=0.469759
epoch=17 loss=0.015577 validation_macro_fmax=0.399342 valid_micro_fmax=0.452610
epoch=18 loss=0.013741 validation_macro_fmax=0.407190 valid_micro_fmax=0.461022
epoch=19 loss=0.014245 validation_macro_fmax=0.403106 valid_micro_fmax=0.460065
epoch=20 loss=0.015859 validation_macro_fmax=0.400167 valid_micro_fmax=0.437165
Early stopping after 20 epochs (patience=10)
GPU completion: NVIDIA L40S, 29097, 46068, 0
