GPU: NVIDIA L40S
CUDA tensor check: 8.0
Sun Jul 19 21:20:58 2026       
+-----------------------------------------------------------------------------------------+
| NVIDIA-SMI 560.35.03              Driver Version: 560.35.03      CUDA Version: 12.6     |
|-----------------------------------------+------------------------+----------------------+
| GPU  Name                 Persistence-M | Bus-Id          Disp.A | Volatile Uncorr. ECC |
| Fan  Temp   Perf          Pwr:Usage/Cap |           Memory-Usage | GPU-Util  Compute M. |
|                                         |                        |               MIG M. |
|=========================================+========================+======================|
|   0  NVIDIA L40S                    On  |   00000000:0D:00.0 Off |                    0 |
| N/A   42C    P0             40W /  350W |     503MiB /  46068MiB |      0%      Default |
|                                         |                        |                  N/A |
+-----------------------------------------+------------------------+----------------------+
                                                                                         
+-----------------------------------------------------------------------------------------+
| Processes:                                                                              |
|  GPU   GI   CI        PID   Type   Process name                              GPU Memory |
|        ID   ID                                                               Usage      |
|=========================================================================================|
|    0   N/A  N/A   1340775      C   python3                                       494MiB |
+-----------------------------------------------------------------------------------------+
CUDA verified: NVIDIA L40S; tensor dot product=8.0
GPU startup: NVIDIA L40S, 533, 46068, 5
Loaded train=6026, valid=754; reserved test set is not loaded
epoch=1 loss=1.078816 validation_macro_fmax=0.254448 valid_micro_fmax=0.131347
epoch=2 loss=0.890336 validation_macro_fmax=0.281709 valid_micro_fmax=0.200781
epoch=3 loss=0.811024 validation_macro_fmax=0.292598 valid_micro_fmax=0.254358
epoch=4 loss=0.766206 validation_macro_fmax=0.312592 valid_micro_fmax=0.295155
epoch=5 loss=0.737968 validation_macro_fmax=0.318720 valid_micro_fmax=0.313025
epoch=6 loss=0.717927 validation_macro_fmax=0.321682 valid_micro_fmax=0.341545
epoch=7 loss=0.702716 validation_macro_fmax=0.325266 valid_micro_fmax=0.351810
epoch=8 loss=0.688734 validation_macro_fmax=0.327253 valid_micro_fmax=0.376333
epoch=9 loss=0.676868 validation_macro_fmax=0.327471 valid_micro_fmax=0.377168
epoch=10 loss=0.666409 validation_macro_fmax=0.326418 valid_micro_fmax=0.396302
epoch=11 loss=0.655045 validation_macro_fmax=0.328491 valid_micro_fmax=0.392046
epoch=12 loss=0.644010 validation_macro_fmax=0.321125 valid_micro_fmax=0.391030
epoch=13 loss=0.632423 validation_macro_fmax=0.324823 valid_micro_fmax=0.410226
epoch=14 loss=0.620408 validation_macro_fmax=0.331700 valid_micro_fmax=0.406028
epoch=15 loss=0.607850 validation_macro_fmax=0.328529 valid_micro_fmax=0.427980
epoch=16 loss=0.593470 validation_macro_fmax=0.320526 valid_micro_fmax=0.395867
epoch=17 loss=0.579158 validation_macro_fmax=0.329554 valid_micro_fmax=0.420872
epoch=18 loss=0.564047 validation_macro_fmax=0.325287 valid_micro_fmax=0.414384
epoch=19 loss=0.547928 validation_macro_fmax=0.325665 valid_micro_fmax=0.427052
epoch=20 loss=0.530390 validation_macro_fmax=0.327190 valid_micro_fmax=0.412188
epoch=21 loss=0.512888 validation_macro_fmax=0.328722 valid_micro_fmax=0.418994
epoch=22 loss=0.494618 validation_macro_fmax=0.328788 valid_micro_fmax=0.450392
epoch=23 loss=0.476292 validation_macro_fmax=0.337347 valid_micro_fmax=0.431828
epoch=24 loss=0.456874 validation_macro_fmax=0.330203 valid_micro_fmax=0.419686
epoch=25 loss=0.437364 validation_macro_fmax=0.315884 valid_micro_fmax=0.441372
epoch=26 loss=0.418210 validation_macro_fmax=0.323269 valid_micro_fmax=0.442119
epoch=27 loss=0.398299 validation_macro_fmax=0.327837 valid_micro_fmax=0.446852
epoch=28 loss=0.378873 validation_macro_fmax=0.325401 valid_micro_fmax=0.430083
epoch=29 loss=0.359997 validation_macro_fmax=0.342732 valid_micro_fmax=0.467705
epoch=30 loss=0.341300 validation_macro_fmax=0.320556 valid_micro_fmax=0.440327
epoch=31 loss=0.322569 validation_macro_fmax=0.315301 valid_micro_fmax=0.453529
epoch=32 loss=0.304791 validation_macro_fmax=0.320158 valid_micro_fmax=0.451354
epoch=33 loss=0.287409 validation_macro_fmax=0.322868 valid_micro_fmax=0.461623
epoch=34 loss=0.271119 validation_macro_fmax=0.339762 valid_micro_fmax=0.473969
epoch=35 loss=0.255158 validation_macro_fmax=0.305990 valid_micro_fmax=0.456958
epoch=36 loss=0.239901 validation_macro_fmax=0.298026 valid_micro_fmax=0.491106
epoch=37 loss=0.225004 validation_macro_fmax=0.344246 valid_micro_fmax=0.469620
epoch=38 loss=0.211274 validation_macro_fmax=0.330275 valid_micro_fmax=0.483384
epoch=39 loss=0.198034 validation_macro_fmax=0.316510 valid_micro_fmax=0.464213
epoch=40 loss=0.185450 validation_macro_fmax=0.302986 valid_micro_fmax=0.473534
epoch=41 loss=0.174262 validation_macro_fmax=0.326484 valid_micro_fmax=0.470902
epoch=42 loss=0.162803 validation_macro_fmax=0.317888 valid_micro_fmax=0.473441
epoch=43 loss=0.152756 validation_macro_fmax=0.331216 valid_micro_fmax=0.488177
epoch=44 loss=0.143535 validation_macro_fmax=0.361430 valid_micro_fmax=0.461097
epoch=45 loss=0.133841 validation_macro_fmax=0.301113 valid_micro_fmax=0.486674
epoch=46 loss=0.125171 validation_macro_fmax=0.324875 valid_micro_fmax=0.485950
epoch=47 loss=0.117657 validation_macro_fmax=0.307743 valid_micro_fmax=0.482423
epoch=48 loss=0.110707 validation_macro_fmax=0.308789 valid_micro_fmax=0.473003
epoch=49 loss=0.103198 validation_macro_fmax=0.328677 valid_micro_fmax=0.473916
epoch=50 loss=0.096841 validation_macro_fmax=0.341120 valid_micro_fmax=0.462253
epoch=51 loss=0.090769 validation_macro_fmax=0.290978 valid_micro_fmax=0.472813
epoch=52 loss=0.085349 validation_macro_fmax=0.299011 valid_micro_fmax=0.466060
epoch=53 loss=0.079858 validation_macro_fmax=0.287328 valid_micro_fmax=0.476849
Early stopping after 53 epochs (patience=9)
GPU completion: NVIDIA L40S, 35795, 46068, 0
