GPU: NVIDIA L40S
CUDA tensor check: 8.0
Mon Jul 20 02:46:54 2026       
+-----------------------------------------------------------------------------------------+
| NVIDIA-SMI 560.35.03              Driver Version: 560.35.03      CUDA Version: 12.6     |
|-----------------------------------------+------------------------+----------------------+
| GPU  Name                 Persistence-M | Bus-Id          Disp.A | Volatile Uncorr. ECC |
| Fan  Temp   Perf          Pwr:Usage/Cap |           Memory-Usage | GPU-Util  Compute M. |
|                                         |                        |               MIG M. |
|=========================================+========================+======================|
|   0  NVIDIA L40S                    On  |   00000000:0D:00.0 Off |                    0 |
| N/A   37C    P0             39W /  350W |     503MiB /  46068MiB |      0%      Default |
|                                         |                        |                  N/A |
+-----------------------------------------+------------------------+----------------------+
                                                                                         
+-----------------------------------------------------------------------------------------+
| Processes:                                                                              |
|  GPU   GI   CI        PID   Type   Process name                              GPU Memory |
|        ID   ID                                                               Usage      |
|=========================================================================================|
|    0   N/A  N/A   1436095      C   python3                                       494MiB |
+-----------------------------------------------------------------------------------------+
CUDA verified: NVIDIA L40S; tensor dot product=8.0
GPU startup: NVIDIA L40S, 533, 46068, 0
Loaded train=6026, valid=754; reserved test set is not loaded
epoch=1 loss=0.902144 validation_macro_fmax=0.360141 valid_micro_fmax=0.210752
epoch=2 loss=0.478738 validation_macro_fmax=0.368677 valid_micro_fmax=0.268103
epoch=3 loss=0.234170 validation_macro_fmax=0.426977 valid_micro_fmax=0.303157
epoch=4 loss=0.139901 validation_macro_fmax=0.414092 valid_micro_fmax=0.295849
epoch=5 loss=0.092054 validation_macro_fmax=0.422752 valid_micro_fmax=0.379210
epoch=6 loss=0.062591 validation_macro_fmax=0.437603 valid_micro_fmax=0.342749
epoch=7 loss=0.047220 validation_macro_fmax=0.431521 valid_micro_fmax=0.374780
epoch=8 loss=0.034993 validation_macro_fmax=0.449973 valid_micro_fmax=0.403978
epoch=9 loss=0.029018 validation_macro_fmax=0.457700 valid_micro_fmax=0.383127
epoch=10 loss=0.027848 validation_macro_fmax=0.438950 valid_micro_fmax=0.376370
epoch=11 loss=0.023543 validation_macro_fmax=0.430521 valid_micro_fmax=0.375053
epoch=12 loss=0.019251 validation_macro_fmax=0.458292 valid_micro_fmax=0.428946
epoch=13 loss=0.013997 validation_macro_fmax=0.464070 valid_micro_fmax=0.435863
epoch=14 loss=0.014711 validation_macro_fmax=0.467044 valid_micro_fmax=0.469006
epoch=15 loss=0.013307 validation_macro_fmax=0.444974 valid_micro_fmax=0.434602
epoch=16 loss=0.011963 validation_macro_fmax=0.457948 valid_micro_fmax=0.488262
epoch=17 loss=0.016456 validation_macro_fmax=0.427172 valid_micro_fmax=0.417967
epoch=18 loss=0.013274 validation_macro_fmax=0.431149 valid_micro_fmax=0.430658
epoch=19 loss=0.010446 validation_macro_fmax=0.450019 valid_micro_fmax=0.457157
epoch=20 loss=0.009775 validation_macro_fmax=0.435074 valid_micro_fmax=0.406246
epoch=21 loss=0.009409 validation_macro_fmax=0.436595 valid_micro_fmax=0.453818
epoch=22 loss=0.010067 validation_macro_fmax=0.446867 valid_micro_fmax=0.391869
Early stopping after 22 epochs (patience=8)
GPU completion: NVIDIA L40S, 24635, 46068, 0
