GPU: NVIDIA L40S
CUDA tensor check: 8.0
Sun Jul 19 10:06:18 2026       
+-----------------------------------------------------------------------------------------+
| NVIDIA-SMI 560.35.03              Driver Version: 560.35.03      CUDA Version: 12.6     |
|-----------------------------------------+------------------------+----------------------+
| GPU  Name                 Persistence-M | Bus-Id          Disp.A | Volatile Uncorr. ECC |
| Fan  Temp   Perf          Pwr:Usage/Cap |           Memory-Usage | GPU-Util  Compute M. |
|                                         |                        |               MIG M. |
|=========================================+========================+======================|
|   0  NVIDIA L40S                    On  |   00000000:0D:00.0 Off |                    0 |
| N/A   48C    P0             42W /  350W |     503MiB /  46068MiB |      5%      Default |
|                                         |                        |                  N/A |
+-----------------------------------------+------------------------+----------------------+
                                                                                         
+-----------------------------------------------------------------------------------------+
| Processes:                                                                              |
|  GPU   GI   CI        PID   Type   Process name                              GPU Memory |
|        ID   ID                                                               Usage      |
|=========================================================================================|
|    0   N/A  N/A   1140625      C   python3                                       494MiB |
+-----------------------------------------------------------------------------------------+
CUDA verified: NVIDIA L40S; tensor dot product=8.0
GPU startup: NVIDIA L40S, 533, 46068, 0
Loaded train=6026, valid=754; reserved test set is not loaded
epoch=1 loss=0.395030 validation_macro_fmax=0.187627 valid_micro_fmax=0.068184
epoch=2 loss=0.158007 validation_macro_fmax=0.200918 valid_micro_fmax=0.085072
epoch=3 loss=0.085989 validation_macro_fmax=0.224910 valid_micro_fmax=0.145759
epoch=4 loss=0.058740 validation_macro_fmax=0.212329 valid_micro_fmax=0.101330
epoch=5 loss=0.046276 validation_macro_fmax=0.230460 valid_micro_fmax=0.157847
epoch=6 loss=0.035773 validation_macro_fmax=0.258255 valid_micro_fmax=0.150314
epoch=7 loss=0.029583 validation_macro_fmax=0.225710 valid_micro_fmax=0.167827
epoch=8 loss=0.022582 validation_macro_fmax=0.221718 valid_micro_fmax=0.182830
epoch=9 loss=0.018262 validation_macro_fmax=0.233119 valid_micro_fmax=0.191959
epoch=10 loss=0.019699 validation_macro_fmax=0.222221 valid_micro_fmax=0.147288
epoch=11 loss=0.023395 validation_macro_fmax=0.233735 valid_micro_fmax=0.171505
epoch=12 loss=0.022518 validation_macro_fmax=0.244613 valid_micro_fmax=0.189791
epoch=13 loss=0.015013 validation_macro_fmax=0.234329 valid_micro_fmax=0.182545
epoch=14 loss=0.014299 validation_macro_fmax=0.235614 valid_micro_fmax=0.200815
epoch=15 loss=0.017215 validation_macro_fmax=0.248636 valid_micro_fmax=0.178112
epoch=16 loss=0.019083 validation_macro_fmax=0.238540 valid_micro_fmax=0.170009
Early stopping after 16 epochs (patience=10)
GPU completion: NVIDIA L40S, 9253, 46068, 0
