GPU: NVIDIA L40S
CUDA tensor check: 8.0
Sun Jul 19 18:56:21 2026       
+-----------------------------------------------------------------------------------------+
| NVIDIA-SMI 560.35.03              Driver Version: 560.35.03      CUDA Version: 12.6     |
|-----------------------------------------+------------------------+----------------------+
| GPU  Name                 Persistence-M | Bus-Id          Disp.A | Volatile Uncorr. ECC |
| Fan  Temp   Perf          Pwr:Usage/Cap |           Memory-Usage | GPU-Util  Compute M. |
|                                         |                        |               MIG M. |
|=========================================+========================+======================|
|   0  NVIDIA L40S                    On  |   00000000:B5:00.0 Off |                    0 |
| N/A   48C    P0             43W /  350W |     503MiB /  46068MiB |      1%      Default |
|                                         |                        |                  N/A |
+-----------------------------------------+------------------------+----------------------+
                                                                                         
+-----------------------------------------------------------------------------------------+
| Processes:                                                                              |
|  GPU   GI   CI        PID   Type   Process name                              GPU Memory |
|        ID   ID                                                               Usage      |
|=========================================================================================|
|    0   N/A  N/A    963254      C   python3                                       494MiB |
+-----------------------------------------------------------------------------------------+
CUDA verified: NVIDIA L40S; tensor dot product=8.0
GPU startup: NVIDIA L40S, 533, 46068, 0
Loaded train=6026, valid=754; reserved test set is not loaded
epoch=1 loss=0.429444 validation_macro_fmax=0.316577 valid_micro_fmax=0.073706
epoch=2 loss=0.198591 validation_macro_fmax=0.222164 valid_micro_fmax=0.086921
epoch=3 loss=0.126816 validation_macro_fmax=0.253319 valid_micro_fmax=0.128194
epoch=4 loss=0.089333 validation_macro_fmax=0.242971 valid_micro_fmax=0.132276
epoch=5 loss=0.062868 validation_macro_fmax=0.235416 valid_micro_fmax=0.129876
epoch=6 loss=0.054513 validation_macro_fmax=0.230922 valid_micro_fmax=0.132063
epoch=7 loss=0.044621 validation_macro_fmax=0.235672 valid_micro_fmax=0.150956
epoch=8 loss=0.043814 validation_macro_fmax=0.232672 valid_micro_fmax=0.143810
epoch=9 loss=0.038149 validation_macro_fmax=0.224603 valid_micro_fmax=0.148883
epoch=10 loss=0.031020 validation_macro_fmax=0.225761 valid_micro_fmax=0.155072
Early stopping after 10 epochs (patience=9)
GPU completion: NVIDIA L40S, 20979, 46068, 0
