GPU: NVIDIA L40S
CUDA tensor check: 8.0
Mon Jul 20 06:40:45 2026       
+-----------------------------------------------------------------------------------------+
| NVIDIA-SMI 560.35.03              Driver Version: 560.35.03      CUDA Version: 12.6     |
|-----------------------------------------+------------------------+----------------------+
| GPU  Name                 Persistence-M | Bus-Id          Disp.A | Volatile Uncorr. ECC |
| Fan  Temp   Perf          Pwr:Usage/Cap |           Memory-Usage | GPU-Util  Compute M. |
|                                         |                        |               MIG M. |
|=========================================+========================+======================|
|   0  NVIDIA L40S                    On  |   00000000:B5:00.0 Off |                    0 |
| N/A   50C    P0             45W /  350W |     503MiB /  46068MiB |      0%      Default |
|                                         |                        |                  N/A |
+-----------------------------------------+------------------------+----------------------+
                                                                                         
+-----------------------------------------------------------------------------------------+
| Processes:                                                                              |
|  GPU   GI   CI        PID   Type   Process name                              GPU Memory |
|        ID   ID                                                               Usage      |
|=========================================================================================|
|    0   N/A  N/A   1246647      C   python3                                       494MiB |
+-----------------------------------------------------------------------------------------+
CUDA verified: NVIDIA L40S; tensor dot product=8.0
GPU startup: NVIDIA L40S, 533, 46068, 0
Loaded train=6026, valid=754; reserved test set is not loaded
epoch=1 loss=0.136163 validation_macro_fmax=0.228969 valid_micro_fmax=0.047696
epoch=2 loss=0.072738 validation_macro_fmax=0.252574 valid_micro_fmax=0.066184
epoch=3 loss=0.050152 validation_macro_fmax=0.246963 valid_micro_fmax=0.085994
epoch=4 loss=0.032357 validation_macro_fmax=0.281952 valid_micro_fmax=0.112423
epoch=5 loss=0.024136 validation_macro_fmax=0.288526 valid_micro_fmax=0.111732
epoch=6 loss=0.021088 validation_macro_fmax=0.296002 valid_micro_fmax=0.134238
epoch=7 loss=0.023436 validation_macro_fmax=0.290474 valid_micro_fmax=0.127583
epoch=8 loss=0.016822 validation_macro_fmax=0.302912 valid_micro_fmax=0.134887
epoch=9 loss=0.016425 validation_macro_fmax=0.291742 valid_micro_fmax=0.116798
epoch=10 loss=0.021220 validation_macro_fmax=0.286770 valid_micro_fmax=0.119569
epoch=11 loss=0.014861 validation_macro_fmax=0.308182 valid_micro_fmax=0.133445
epoch=12 loss=0.013037 validation_macro_fmax=0.322201 valid_micro_fmax=0.182137
epoch=13 loss=0.017740 validation_macro_fmax=0.317910 valid_micro_fmax=0.163549
epoch=14 loss=0.015457 validation_macro_fmax=0.285699 valid_micro_fmax=0.134374
epoch=15 loss=0.015153 validation_macro_fmax=0.299638 valid_micro_fmax=0.141075
epoch=16 loss=0.012310 validation_macro_fmax=0.300780 valid_micro_fmax=0.142704
epoch=17 loss=0.010870 validation_macro_fmax=0.319977 valid_micro_fmax=0.177742
epoch=18 loss=0.008638 validation_macro_fmax=0.307476 valid_micro_fmax=0.208063
epoch=19 loss=0.008241 validation_macro_fmax=0.311367 valid_micro_fmax=0.201170
epoch=20 loss=0.006996 validation_macro_fmax=0.318441 valid_micro_fmax=0.199074
epoch=21 loss=0.008840 validation_macro_fmax=0.310913 valid_micro_fmax=0.177751
Early stopping after 21 epochs (patience=9)
GPU completion: NVIDIA L40S, 36005, 46068, 0
