GPU: NVIDIA L40S
CUDA tensor check: 8.0
Sun Jul 19 22:21:27 2026       
+-----------------------------------------------------------------------------------------+
| NVIDIA-SMI 560.35.03              Driver Version: 560.35.03      CUDA Version: 12.6     |
|-----------------------------------------+------------------------+----------------------+
| GPU  Name                 Persistence-M | Bus-Id          Disp.A | Volatile Uncorr. ECC |
| Fan  Temp   Perf          Pwr:Usage/Cap |           Memory-Usage | GPU-Util  Compute M. |
|                                         |                        |               MIG M. |
|=========================================+========================+======================|
|   0  NVIDIA L40S                    On  |   00000000:B5:00.0 Off |                    0 |
| N/A   55C    P0             44W /  350W |     503MiB /  46068MiB |      0%      Default |
|                                         |                        |                  N/A |
+-----------------------------------------+------------------------+----------------------+
                                                                                         
+-----------------------------------------------------------------------------------------+
| Processes:                                                                              |
|  GPU   GI   CI        PID   Type   Process name                              GPU Memory |
|        ID   ID                                                               Usage      |
|=========================================================================================|
|    0   N/A  N/A   1600748      C   python3                                       494MiB |
+-----------------------------------------------------------------------------------------+
CUDA verified: NVIDIA L40S; tensor dot product=8.0
GPU startup: NVIDIA L40S, 533, 46068, 0
Loaded train=6026, valid=754; reserved test set is not loaded
epoch=1 loss=0.922398 validation_macro_fmax=0.291658 valid_micro_fmax=0.074812
epoch=2 loss=0.728970 validation_macro_fmax=0.342429 valid_micro_fmax=0.108998
epoch=3 loss=0.593876 validation_macro_fmax=0.356345 valid_micro_fmax=0.155174
epoch=4 loss=0.404900 validation_macro_fmax=0.350713 valid_micro_fmax=0.189849
epoch=5 loss=0.243608 validation_macro_fmax=0.366876 valid_micro_fmax=0.198466
epoch=6 loss=0.153159 validation_macro_fmax=0.367589 valid_micro_fmax=0.253142
epoch=7 loss=0.090913 validation_macro_fmax=0.369332 valid_micro_fmax=0.294325
epoch=8 loss=0.063888 validation_macro_fmax=0.385921 valid_micro_fmax=0.294041
epoch=9 loss=0.053913 validation_macro_fmax=0.382353 valid_micro_fmax=0.258801
epoch=10 loss=0.035607 validation_macro_fmax=0.365483 valid_micro_fmax=0.311199
epoch=11 loss=0.026757 validation_macro_fmax=0.373348 valid_micro_fmax=0.322215
epoch=12 loss=0.021440 validation_macro_fmax=0.371470 valid_micro_fmax=0.324314
epoch=13 loss=0.018549 validation_macro_fmax=0.397796 valid_micro_fmax=0.323225
epoch=14 loss=0.015006 validation_macro_fmax=0.390406 valid_micro_fmax=0.322432
epoch=15 loss=0.013190 validation_macro_fmax=0.363422 valid_micro_fmax=0.318688
epoch=16 loss=0.011415 validation_macro_fmax=0.379545 valid_micro_fmax=0.333929
epoch=17 loss=0.014259 validation_macro_fmax=0.378398 valid_micro_fmax=0.330069
epoch=18 loss=0.010406 validation_macro_fmax=0.371142 valid_micro_fmax=0.335425
epoch=19 loss=0.008461 validation_macro_fmax=0.386615 valid_micro_fmax=0.335051
epoch=20 loss=0.067047 validation_macro_fmax=0.303180 valid_micro_fmax=0.229910
epoch=21 loss=0.095749 validation_macro_fmax=0.339614 valid_micro_fmax=0.237244
epoch=22 loss=0.030894 validation_macro_fmax=0.390916 valid_micro_fmax=0.222148
Early stopping after 22 epochs (patience=9)
GPU completion: NVIDIA L40S, 35435, 46068, 0
