GPU: NVIDIA L40S
CUDA tensor check: 8.0
Sat Jul 18 15:33:26 2026       
+-----------------------------------------------------------------------------------------+
| NVIDIA-SMI 560.35.03              Driver Version: 560.35.03      CUDA Version: 12.6     |
|-----------------------------------------+------------------------+----------------------+
| GPU  Name                 Persistence-M | Bus-Id          Disp.A | Volatile Uncorr. ECC |
| Fan  Temp   Perf          Pwr:Usage/Cap |           Memory-Usage | GPU-Util  Compute M. |
|                                         |                        |               MIG M. |
|=========================================+========================+======================|
|   0  NVIDIA L40S                    On  |   00000000:0D:00.0 Off |                    0 |
| N/A   49C    P0             42W /  350W |     503MiB /  46068MiB |      0%      Default |
|                                         |                        |                  N/A |
+-----------------------------------------+------------------------+----------------------+
                                                                                         
+-----------------------------------------------------------------------------------------+
| Processes:                                                                              |
|  GPU   GI   CI        PID   Type   Process name                              GPU Memory |
|        ID   ID                                                               Usage      |
|=========================================================================================|
|    0   N/A  N/A    241359      C   python3                                       494MiB |
+-----------------------------------------------------------------------------------------+
CUDA verified: NVIDIA L40S; tensor dot product=8.0
GPU startup: NVIDIA L40S, 533, 46068, 0
Loaded train=6026, valid=754; reserved test set is not loaded
epoch=1 loss=0.792968 validation_macro_fmax=0.342679 valid_micro_fmax=0.095734
epoch=2 loss=0.307735 validation_macro_fmax=0.318549 valid_micro_fmax=0.122245
epoch=3 loss=0.148530 validation_macro_fmax=0.349498 valid_micro_fmax=0.168620
epoch=4 loss=0.077400 validation_macro_fmax=0.382780 valid_micro_fmax=0.205216
epoch=5 loss=0.052546 validation_macro_fmax=0.328266 valid_micro_fmax=0.157846
epoch=6 loss=0.047517 validation_macro_fmax=0.391675 valid_micro_fmax=0.212508
epoch=7 loss=0.067323 validation_macro_fmax=0.348766 valid_micro_fmax=0.199389
epoch=8 loss=0.035351 validation_macro_fmax=0.337888 valid_micro_fmax=0.205446
epoch=9 loss=0.022363 validation_macro_fmax=0.366663 valid_micro_fmax=0.245994
epoch=10 loss=0.019011 validation_macro_fmax=0.374163 valid_micro_fmax=0.264717
epoch=11 loss=0.017801 validation_macro_fmax=0.340828 valid_micro_fmax=0.236672
epoch=12 loss=0.012865 validation_macro_fmax=0.360762 valid_micro_fmax=0.250381
epoch=13 loss=0.009441 validation_macro_fmax=0.360354 valid_micro_fmax=0.264572
epoch=14 loss=0.008606 validation_macro_fmax=0.362753 valid_micro_fmax=0.278540
epoch=15 loss=0.008533 validation_macro_fmax=0.361322 valid_micro_fmax=0.254928
epoch=16 loss=0.007475 validation_macro_fmax=0.359246 valid_micro_fmax=0.279683
Early stopping after 16 epochs (patience=10)
GPU completion: NVIDIA L40S, 41327, 46068, 0
