GPU: NVIDIA L40S
CUDA tensor check: 8.0
Sun Jul 19 22:21:50 2026       
+-----------------------------------------------------------------------------------------+
| NVIDIA-SMI 560.35.03              Driver Version: 560.35.03      CUDA Version: 12.6     |
|-----------------------------------------+------------------------+----------------------+
| GPU  Name                 Persistence-M | Bus-Id          Disp.A | Volatile Uncorr. ECC |
| Fan  Temp   Perf          Pwr:Usage/Cap |           Memory-Usage | GPU-Util  Compute M. |
|                                         |                        |               MIG M. |
|=========================================+========================+======================|
|   0  NVIDIA L40S                    On  |   00000000:B5:00.0 Off |                    0 |
| N/A   55C    P0             46W /  350W |     503MiB /  46068MiB |      0%      Default |
|                                         |                        |                  N/A |
+-----------------------------------------+------------------------+----------------------+
                                                                                         
+-----------------------------------------------------------------------------------------+
| Processes:                                                                              |
|  GPU   GI   CI        PID   Type   Process name                              GPU Memory |
|        ID   ID                                                               Usage      |
|=========================================================================================|
|    0   N/A  N/A   1043742      C   python3                                       494MiB |
+-----------------------------------------------------------------------------------------+
CUDA verified: NVIDIA L40S; tensor dot product=8.0
GPU startup: NVIDIA L40S, 533, 46068, 0
Loaded train=6026, valid=754; reserved test set is not loaded
epoch=1 loss=0.966470 validation_macro_fmax=0.228645 valid_micro_fmax=0.088692
epoch=2 loss=0.752503 validation_macro_fmax=0.245079 valid_micro_fmax=0.114659
epoch=3 loss=0.605123 validation_macro_fmax=0.237181 valid_micro_fmax=0.136699
epoch=4 loss=0.422579 validation_macro_fmax=0.269749 valid_micro_fmax=0.137911
epoch=5 loss=0.276516 validation_macro_fmax=0.250715 valid_micro_fmax=0.138171
epoch=6 loss=0.183607 validation_macro_fmax=0.231458 valid_micro_fmax=0.135476
epoch=7 loss=0.137255 validation_macro_fmax=0.219438 valid_micro_fmax=0.147165
epoch=8 loss=0.088477 validation_macro_fmax=0.300723 valid_micro_fmax=0.169882
epoch=9 loss=0.075398 validation_macro_fmax=0.218999 valid_micro_fmax=0.161141
epoch=10 loss=0.066781 validation_macro_fmax=0.205692 valid_micro_fmax=0.127907
epoch=11 loss=0.059678 validation_macro_fmax=0.245609 valid_micro_fmax=0.158252
epoch=12 loss=0.050378 validation_macro_fmax=0.226356 valid_micro_fmax=0.166707
epoch=13 loss=0.040150 validation_macro_fmax=0.266910 valid_micro_fmax=0.160445
epoch=14 loss=0.031044 validation_macro_fmax=0.228523 valid_micro_fmax=0.170582
epoch=15 loss=0.028294 validation_macro_fmax=0.285473 valid_micro_fmax=0.169538
epoch=16 loss=0.040830 validation_macro_fmax=0.340045 valid_micro_fmax=0.156794
epoch=17 loss=0.029552 validation_macro_fmax=0.305274 valid_micro_fmax=0.160797
epoch=18 loss=0.021578 validation_macro_fmax=0.250568 valid_micro_fmax=0.153984
epoch=19 loss=0.036127 validation_macro_fmax=0.270387 valid_micro_fmax=0.186404
epoch=20 loss=0.020256 validation_macro_fmax=0.287724 valid_micro_fmax=0.175808
epoch=21 loss=0.021175 validation_macro_fmax=0.372462 valid_micro_fmax=0.171235
epoch=22 loss=0.020185 validation_macro_fmax=0.239876 valid_micro_fmax=0.172277
epoch=23 loss=0.015135 validation_macro_fmax=0.267719 valid_micro_fmax=0.172681
epoch=24 loss=0.014676 validation_macro_fmax=0.256616 valid_micro_fmax=0.174216
epoch=25 loss=0.012535 validation_macro_fmax=0.229340 valid_micro_fmax=0.185704
epoch=26 loss=0.012925 validation_macro_fmax=0.233761 valid_micro_fmax=0.165518
epoch=27 loss=0.009314 validation_macro_fmax=0.260120 valid_micro_fmax=0.176558
epoch=28 loss=0.008207 validation_macro_fmax=0.225627 valid_micro_fmax=0.178801
epoch=29 loss=0.010887 validation_macro_fmax=0.258220 valid_micro_fmax=0.173208
epoch=30 loss=0.007825 validation_macro_fmax=0.230545 valid_micro_fmax=0.178112
Early stopping after 30 epochs (patience=9)
GPU completion: NVIDIA L40S, 31419, 46068, 0
