GPU: NVIDIA L40S
CUDA tensor check: 8.0
Sun Jul 19 04:19:05 2026       
+-----------------------------------------------------------------------------------------+
| NVIDIA-SMI 560.35.03              Driver Version: 560.35.03      CUDA Version: 12.6     |
|-----------------------------------------+------------------------+----------------------+
| GPU  Name                 Persistence-M | Bus-Id          Disp.A | Volatile Uncorr. ECC |
| Fan  Temp   Perf          Pwr:Usage/Cap |           Memory-Usage | GPU-Util  Compute M. |
|                                         |                        |               MIG M. |
|=========================================+========================+======================|
|   0  NVIDIA L40S                    On  |   00000000:0D:00.0 Off |                    0 |
| N/A   55C    P0             46W /  350W |     503MiB /  46068MiB |      0%      Default |
|                                         |                        |                  N/A |
+-----------------------------------------+------------------------+----------------------+
                                                                                         
+-----------------------------------------------------------------------------------------+
| Processes:                                                                              |
|  GPU   GI   CI        PID   Type   Process name                              GPU Memory |
|        ID   ID                                                               Usage      |
|=========================================================================================|
|    0   N/A  N/A    991871      C   python3                                       494MiB |
+-----------------------------------------------------------------------------------------+
CUDA verified: NVIDIA L40S; tensor dot product=8.0
GPU startup: NVIDIA L40S, 533, 46068, 3
Loaded train=6026, valid=754; reserved test set is not loaded
epoch=1 loss=0.138251 validation_macro_fmax=0.183523 valid_micro_fmax=0.027068
epoch=2 loss=0.078083 validation_macro_fmax=0.242138 valid_micro_fmax=0.035338
epoch=3 loss=0.053167 validation_macro_fmax=0.230746 valid_micro_fmax=0.072572
epoch=4 loss=0.039052 validation_macro_fmax=0.233332 valid_micro_fmax=0.099536
epoch=5 loss=0.029654 validation_macro_fmax=0.241582 valid_micro_fmax=0.127395
epoch=6 loss=0.028839 validation_macro_fmax=0.225833 valid_micro_fmax=0.098983
epoch=7 loss=0.019988 validation_macro_fmax=0.246725 valid_micro_fmax=0.095289
epoch=8 loss=0.020453 validation_macro_fmax=0.248820 valid_micro_fmax=0.111598
epoch=9 loss=0.016683 validation_macro_fmax=0.257918 valid_micro_fmax=0.138701
epoch=10 loss=0.017182 validation_macro_fmax=0.262169 valid_micro_fmax=0.105254
epoch=11 loss=0.013917 validation_macro_fmax=0.244512 valid_micro_fmax=0.123213
epoch=12 loss=0.015656 validation_macro_fmax=0.229123 valid_micro_fmax=0.115566
epoch=13 loss=0.012982 validation_macro_fmax=0.245172 valid_micro_fmax=0.127014
epoch=14 loss=0.016219 validation_macro_fmax=0.249977 valid_micro_fmax=0.130466
epoch=15 loss=0.020198 validation_macro_fmax=0.237054 valid_micro_fmax=0.098367
epoch=16 loss=0.013350 validation_macro_fmax=0.255616 valid_micro_fmax=0.136266
epoch=17 loss=0.013280 validation_macro_fmax=0.235957 valid_micro_fmax=0.131518
epoch=18 loss=0.009975 validation_macro_fmax=0.236454 valid_micro_fmax=0.144655
epoch=19 loss=0.009751 validation_macro_fmax=0.239381 valid_micro_fmax=0.129920
Early stopping after 19 epochs (patience=9)
GPU completion: NVIDIA L40S, 41131, 46068, 0
