GPU: NVIDIA L40S
CUDA tensor check: 8.0
Mon Jul 20 02:10:22 2026       
+-----------------------------------------------------------------------------------------+
| NVIDIA-SMI 560.35.03              Driver Version: 560.35.03      CUDA Version: 12.6     |
|-----------------------------------------+------------------------+----------------------+
| GPU  Name                 Persistence-M | Bus-Id          Disp.A | Volatile Uncorr. ECC |
| Fan  Temp   Perf          Pwr:Usage/Cap |           Memory-Usage | GPU-Util  Compute M. |
|                                         |                        |               MIG M. |
|=========================================+========================+======================|
|   0  NVIDIA L40S                    On  |   00000000:0D:00.0 Off |                    0 |
| N/A   29C    P0             36W /  350W |     503MiB /  46068MiB |      1%      Default |
|                                         |                        |                  N/A |
+-----------------------------------------+------------------------+----------------------+
                                                                                         
+-----------------------------------------------------------------------------------------+
| Processes:                                                                              |
|  GPU   GI   CI        PID   Type   Process name                              GPU Memory |
|        ID   ID                                                               Usage      |
|=========================================================================================|
|    0   N/A  N/A   1419911      C   python3                                       494MiB |
+-----------------------------------------------------------------------------------------+
CUDA verified: NVIDIA L40S; tensor dot product=8.0
GPU startup: NVIDIA L40S, 533, 46068, 0
Loaded train=6026, valid=754; reserved test set is not loaded
epoch=1 loss=1.113300 validation_macro_fmax=0.193347 valid_micro_fmax=0.099549
epoch=2 loss=0.926400 validation_macro_fmax=0.267756 valid_micro_fmax=0.184269
epoch=3 loss=0.825738 validation_macro_fmax=0.286498 valid_micro_fmax=0.224774
epoch=4 loss=0.731482 validation_macro_fmax=0.307649 valid_micro_fmax=0.242583
epoch=5 loss=0.619874 validation_macro_fmax=0.320953 valid_micro_fmax=0.252044
epoch=6 loss=0.506138 validation_macro_fmax=0.349625 valid_micro_fmax=0.278243
epoch=7 loss=0.399916 validation_macro_fmax=0.339445 valid_micro_fmax=0.293995
epoch=8 loss=0.310968 validation_macro_fmax=0.350558 valid_micro_fmax=0.339253
epoch=9 loss=0.245135 validation_macro_fmax=0.354979 valid_micro_fmax=0.309019
epoch=10 loss=0.198288 validation_macro_fmax=0.382810 valid_micro_fmax=0.353098
epoch=11 loss=0.162634 validation_macro_fmax=0.392914 valid_micro_fmax=0.345764
epoch=12 loss=0.139154 validation_macro_fmax=0.394474 valid_micro_fmax=0.366867
epoch=13 loss=0.122910 validation_macro_fmax=0.407670 valid_micro_fmax=0.355663
epoch=14 loss=0.104014 validation_macro_fmax=0.409924 valid_micro_fmax=0.371463
epoch=15 loss=0.094644 validation_macro_fmax=0.397930 valid_micro_fmax=0.403105
epoch=16 loss=0.083725 validation_macro_fmax=0.428823 valid_micro_fmax=0.426755
epoch=17 loss=0.073203 validation_macro_fmax=0.421374 valid_micro_fmax=0.404704
epoch=18 loss=0.071054 validation_macro_fmax=0.427583 valid_micro_fmax=0.459498
epoch=19 loss=0.061919 validation_macro_fmax=0.429185 valid_micro_fmax=0.444099
epoch=20 loss=0.058100 validation_macro_fmax=0.428544 valid_micro_fmax=0.443689
epoch=21 loss=0.054330 validation_macro_fmax=0.435397 valid_micro_fmax=0.445963
epoch=22 loss=0.052084 validation_macro_fmax=0.433111 valid_micro_fmax=0.456311
epoch=23 loss=0.045840 validation_macro_fmax=0.435719 valid_micro_fmax=0.413118
epoch=24 loss=0.044983 validation_macro_fmax=0.434370 valid_micro_fmax=0.435118
epoch=25 loss=0.039305 validation_macro_fmax=0.441147 valid_micro_fmax=0.457701
epoch=26 loss=0.038789 validation_macro_fmax=0.430666 valid_micro_fmax=0.441921
epoch=27 loss=0.034456 validation_macro_fmax=0.436995 valid_micro_fmax=0.467159
epoch=28 loss=0.035258 validation_macro_fmax=0.424321 valid_micro_fmax=0.437926
epoch=29 loss=0.028711 validation_macro_fmax=0.427555 valid_micro_fmax=0.460831
epoch=30 loss=0.029105 validation_macro_fmax=0.419732 valid_micro_fmax=0.464210
epoch=31 loss=0.028800 validation_macro_fmax=0.428025 valid_micro_fmax=0.492344
epoch=32 loss=0.030177 validation_macro_fmax=0.435081 valid_micro_fmax=0.470600
epoch=33 loss=0.025654 validation_macro_fmax=0.433918 valid_micro_fmax=0.464573
epoch=34 loss=0.025005 validation_macro_fmax=0.425878 valid_micro_fmax=0.472085
Early stopping after 34 epochs (patience=9)
GPU completion: NVIDIA L40S, 11371, 46068, 0
