GPU: NVIDIA L40S
CUDA tensor check: 8.0
Sat Jul 18 18:40:18 2026       
+-----------------------------------------------------------------------------------------+
| NVIDIA-SMI 560.35.03              Driver Version: 560.35.03      CUDA Version: 12.6     |
|-----------------------------------------+------------------------+----------------------+
| GPU  Name                 Persistence-M | Bus-Id          Disp.A | Volatile Uncorr. ECC |
| Fan  Temp   Perf          Pwr:Usage/Cap |           Memory-Usage | GPU-Util  Compute M. |
|                                         |                        |               MIG M. |
|=========================================+========================+======================|
|   0  NVIDIA L40S                    On  |   00000000:B5:00.0 Off |                    0 |
| N/A   46C    P0             41W /  350W |     503MiB /  46068MiB |      0%      Default |
|                                         |                        |                  N/A |
+-----------------------------------------+------------------------+----------------------+
                                                                                         
+-----------------------------------------------------------------------------------------+
| Processes:                                                                              |
|  GPU   GI   CI        PID   Type   Process name                              GPU Memory |
|        ID   ID                                                               Usage      |
|=========================================================================================|
|    0   N/A  N/A    345672      C   python3                                       494MiB |
+-----------------------------------------------------------------------------------------+
CUDA verified: NVIDIA L40S; tensor dot product=8.0
GPU startup: NVIDIA L40S, 533, 46068, 0
Loaded train=6026, valid=754; reserved test set is not loaded
epoch=1 loss=1.135496 validation_macro_fmax=0.118383 valid_micro_fmax=0.012437
epoch=2 loss=0.982116 validation_macro_fmax=0.161271 valid_micro_fmax=0.026186
epoch=3 loss=0.904159 validation_macro_fmax=0.192743 valid_micro_fmax=0.047672
epoch=4 loss=0.853341 validation_macro_fmax=0.231051 valid_micro_fmax=0.083386
epoch=5 loss=0.818786 validation_macro_fmax=0.241261 valid_micro_fmax=0.109056
epoch=6 loss=0.790857 validation_macro_fmax=0.249512 valid_micro_fmax=0.133126
epoch=7 loss=0.767764 validation_macro_fmax=0.248565 valid_micro_fmax=0.142694
epoch=8 loss=0.746290 validation_macro_fmax=0.240575 valid_micro_fmax=0.144254
epoch=9 loss=0.723724 validation_macro_fmax=0.248220 valid_micro_fmax=0.163050
epoch=10 loss=0.699571 validation_macro_fmax=0.252090 valid_micro_fmax=0.176015
epoch=11 loss=0.673053 validation_macro_fmax=0.247691 valid_micro_fmax=0.183522
epoch=12 loss=0.642662 validation_macro_fmax=0.244150 valid_micro_fmax=0.181506
epoch=13 loss=0.608608 validation_macro_fmax=0.236068 valid_micro_fmax=0.193555
epoch=14 loss=0.570375 validation_macro_fmax=0.244667 valid_micro_fmax=0.194910
epoch=15 loss=0.528641 validation_macro_fmax=0.243824 valid_micro_fmax=0.197500
epoch=16 loss=0.481658 validation_macro_fmax=0.246784 valid_micro_fmax=0.202955
epoch=17 loss=0.433263 validation_macro_fmax=0.244164 valid_micro_fmax=0.200796
epoch=18 loss=0.383299 validation_macro_fmax=0.247361 valid_micro_fmax=0.203675
epoch=19 loss=0.334977 validation_macro_fmax=0.255594 valid_micro_fmax=0.208554
epoch=20 loss=0.289151 validation_macro_fmax=0.271378 valid_micro_fmax=0.215037
epoch=21 loss=0.247270 validation_macro_fmax=0.252549 valid_micro_fmax=0.213651
epoch=22 loss=0.211736 validation_macro_fmax=0.255384 valid_micro_fmax=0.211569
epoch=23 loss=0.180058 validation_macro_fmax=0.264798 valid_micro_fmax=0.225851
epoch=24 loss=0.154279 validation_macro_fmax=0.254961 valid_micro_fmax=0.213078
epoch=25 loss=0.131582 validation_macro_fmax=0.264643 valid_micro_fmax=0.220283
epoch=26 loss=0.113070 validation_macro_fmax=0.260421 valid_micro_fmax=0.229294
epoch=27 loss=0.096863 validation_macro_fmax=0.266953 valid_micro_fmax=0.227262
epoch=28 loss=0.085102 validation_macro_fmax=0.269262 valid_micro_fmax=0.229617
epoch=29 loss=0.072609 validation_macro_fmax=0.262174 valid_micro_fmax=0.230249
Early stopping after 29 epochs (patience=9)
GPU completion: NVIDIA L40S, 20589, 46068, 0
