GPU: NVIDIA L40S
CUDA tensor check: 8.0
Mon Jul 20 05:27:28 2026       
+-----------------------------------------------------------------------------------------+
| NVIDIA-SMI 560.35.03              Driver Version: 560.35.03      CUDA Version: 12.6     |
|-----------------------------------------+------------------------+----------------------+
| GPU  Name                 Persistence-M | Bus-Id          Disp.A | Volatile Uncorr. ECC |
| Fan  Temp   Perf          Pwr:Usage/Cap |           Memory-Usage | GPU-Util  Compute M. |
|                                         |                        |               MIG M. |
|=========================================+========================+======================|
|   0  NVIDIA L40S                    On  |   00000000:B5:00.0 Off |                    0 |
| N/A   47C    P0             41W /  350W |     503MiB /  46068MiB |      3%      Default |
|                                         |                        |                  N/A |
+-----------------------------------------+------------------------+----------------------+
                                                                                         
+-----------------------------------------------------------------------------------------+
| Processes:                                                                              |
|  GPU   GI   CI        PID   Type   Process name                              GPU Memory |
|        ID   ID                                                               Usage      |
|=========================================================================================|
|    0   N/A  N/A   1773678      C   python3                                       494MiB |
+-----------------------------------------------------------------------------------------+
CUDA verified: NVIDIA L40S; tensor dot product=8.0
GPU startup: NVIDIA L40S, 533, 46068, 1
Loaded train=6026, valid=754; reserved test set is not loaded
epoch=1 loss=0.974000 validation_macro_fmax=0.285617 valid_micro_fmax=0.202539
epoch=2 loss=0.778660 validation_macro_fmax=0.339952 valid_micro_fmax=0.258096
epoch=3 loss=0.642161 validation_macro_fmax=0.366244 valid_micro_fmax=0.279118
epoch=4 loss=0.460875 validation_macro_fmax=0.396130 valid_micro_fmax=0.287808
epoch=5 loss=0.293932 validation_macro_fmax=0.402830 valid_micro_fmax=0.312344
epoch=6 loss=0.181140 validation_macro_fmax=0.404185 valid_micro_fmax=0.325598
epoch=7 loss=0.121186 validation_macro_fmax=0.425010 valid_micro_fmax=0.339004
epoch=8 loss=0.082507 validation_macro_fmax=0.419606 valid_micro_fmax=0.354679
epoch=9 loss=0.060574 validation_macro_fmax=0.438261 valid_micro_fmax=0.367931
epoch=10 loss=0.046870 validation_macro_fmax=0.425682 valid_micro_fmax=0.369766
epoch=11 loss=0.037401 validation_macro_fmax=0.443159 valid_micro_fmax=0.364499
epoch=12 loss=0.031298 validation_macro_fmax=0.436641 valid_micro_fmax=0.409852
epoch=13 loss=0.026447 validation_macro_fmax=0.449272 valid_micro_fmax=0.409356
epoch=14 loss=0.021766 validation_macro_fmax=0.456949 valid_micro_fmax=0.413959
epoch=15 loss=0.019113 validation_macro_fmax=0.435349 valid_micro_fmax=0.417074
epoch=16 loss=0.017978 validation_macro_fmax=0.459226 valid_micro_fmax=0.413682
epoch=17 loss=0.014676 validation_macro_fmax=0.453445 valid_micro_fmax=0.430760
epoch=18 loss=0.011330 validation_macro_fmax=0.470713 valid_micro_fmax=0.442641
epoch=19 loss=0.011117 validation_macro_fmax=0.459808 valid_micro_fmax=0.404281
epoch=20 loss=0.035772 validation_macro_fmax=0.437000 valid_micro_fmax=0.343904
epoch=21 loss=0.017970 validation_macro_fmax=0.442236 valid_micro_fmax=0.429254
epoch=22 loss=0.010200 validation_macro_fmax=0.452350 valid_micro_fmax=0.461306
epoch=23 loss=0.008348 validation_macro_fmax=0.448979 valid_micro_fmax=0.478400
epoch=24 loss=0.007228 validation_macro_fmax=0.459887 valid_micro_fmax=0.469092
epoch=25 loss=0.006159 validation_macro_fmax=0.449506 valid_micro_fmax=0.450987
epoch=26 loss=0.006832 validation_macro_fmax=0.451017 valid_micro_fmax=0.471807
epoch=27 loss=0.008328 validation_macro_fmax=0.459221 valid_micro_fmax=0.451912
Early stopping after 27 epochs (patience=9)
GPU completion: NVIDIA L40S, 19641, 46068, 0
