GPU: NVIDIA L40S
CUDA tensor check: 8.0
Sun Jul 19 21:13:12 2026       
+-----------------------------------------------------------------------------------------+
| NVIDIA-SMI 560.35.03              Driver Version: 560.35.03      CUDA Version: 12.6     |
|-----------------------------------------+------------------------+----------------------+
| GPU  Name                 Persistence-M | Bus-Id          Disp.A | Volatile Uncorr. ECC |
| Fan  Temp   Perf          Pwr:Usage/Cap |           Memory-Usage | GPU-Util  Compute M. |
|                                         |                        |               MIG M. |
|=========================================+========================+======================|
|   0  NVIDIA L40S                    On  |   00000000:B5:00.0 Off |                    0 |
| N/A   48C    P0             42W /  350W |     503MiB /  46068MiB |      0%      Default |
|                                         |                        |                  N/A |
+-----------------------------------------+------------------------+----------------------+
                                                                                         
+-----------------------------------------------------------------------------------------+
| Processes:                                                                              |
|  GPU   GI   CI        PID   Type   Process name                              GPU Memory |
|        ID   ID                                                               Usage      |
|=========================================================================================|
|    0   N/A  N/A   1575005      C   python3                                       494MiB |
+-----------------------------------------------------------------------------------------+
CUDA verified: NVIDIA L40S; tensor dot product=8.0
GPU startup: NVIDIA L40S, 533, 46068, 5
Loaded train=6026, valid=754; reserved test set is not loaded
epoch=1 loss=1.124328 validation_macro_fmax=0.126249 valid_micro_fmax=0.013762
epoch=2 loss=0.948295 validation_macro_fmax=0.179053 valid_micro_fmax=0.024179
epoch=3 loss=0.866484 validation_macro_fmax=0.214279 valid_micro_fmax=0.038637
epoch=4 loss=0.818521 validation_macro_fmax=0.244807 valid_micro_fmax=0.049257
epoch=5 loss=0.788134 validation_macro_fmax=0.261279 valid_micro_fmax=0.063121
epoch=6 loss=0.766534 validation_macro_fmax=0.277380 valid_micro_fmax=0.074736
epoch=7 loss=0.751954 validation_macro_fmax=0.289070 valid_micro_fmax=0.083051
epoch=8 loss=0.741404 validation_macro_fmax=0.290843 valid_micro_fmax=0.092294
epoch=9 loss=0.731235 validation_macro_fmax=0.301627 valid_micro_fmax=0.095985
epoch=10 loss=0.722671 validation_macro_fmax=0.306095 valid_micro_fmax=0.100670
epoch=11 loss=0.714860 validation_macro_fmax=0.313784 valid_micro_fmax=0.104463
epoch=12 loss=0.707691 validation_macro_fmax=0.320502 valid_micro_fmax=0.109861
epoch=13 loss=0.699942 validation_macro_fmax=0.323421 valid_micro_fmax=0.111782
epoch=14 loss=0.691461 validation_macro_fmax=0.325866 valid_micro_fmax=0.112939
epoch=15 loss=0.683049 validation_macro_fmax=0.339012 valid_micro_fmax=0.125863
epoch=16 loss=0.673602 validation_macro_fmax=0.337519 valid_micro_fmax=0.121635
epoch=17 loss=0.663427 validation_macro_fmax=0.352099 valid_micro_fmax=0.130699
epoch=18 loss=0.652499 validation_macro_fmax=0.354016 valid_micro_fmax=0.132681
epoch=19 loss=0.640991 validation_macro_fmax=0.358245 valid_micro_fmax=0.143364
epoch=20 loss=0.628430 validation_macro_fmax=0.359310 valid_micro_fmax=0.141818
epoch=21 loss=0.615021 validation_macro_fmax=0.355595 valid_micro_fmax=0.146125
epoch=22 loss=0.600539 validation_macro_fmax=0.354827 valid_micro_fmax=0.150517
epoch=23 loss=0.585598 validation_macro_fmax=0.359613 valid_micro_fmax=0.155974
epoch=24 loss=0.569822 validation_macro_fmax=0.362930 valid_micro_fmax=0.153188
epoch=25 loss=0.553021 validation_macro_fmax=0.359344 valid_micro_fmax=0.161186
epoch=26 loss=0.535828 validation_macro_fmax=0.353695 valid_micro_fmax=0.161006
epoch=27 loss=0.517940 validation_macro_fmax=0.364297 valid_micro_fmax=0.169890
epoch=28 loss=0.499364 validation_macro_fmax=0.359388 valid_micro_fmax=0.167013
epoch=29 loss=0.480483 validation_macro_fmax=0.363712 valid_micro_fmax=0.170657
epoch=30 loss=0.461504 validation_macro_fmax=0.365679 valid_micro_fmax=0.172330
epoch=31 loss=0.442114 validation_macro_fmax=0.364340 valid_micro_fmax=0.179396
epoch=32 loss=0.422504 validation_macro_fmax=0.353894 valid_micro_fmax=0.188899
epoch=33 loss=0.403236 validation_macro_fmax=0.368542 valid_micro_fmax=0.193564
epoch=34 loss=0.384360 validation_macro_fmax=0.376753 valid_micro_fmax=0.197099
epoch=35 loss=0.365367 validation_macro_fmax=0.366494 valid_micro_fmax=0.201547
epoch=36 loss=0.346879 validation_macro_fmax=0.370021 valid_micro_fmax=0.205531
epoch=37 loss=0.328714 validation_macro_fmax=0.364811 valid_micro_fmax=0.205486
epoch=38 loss=0.310752 validation_macro_fmax=0.374059 valid_micro_fmax=0.208007
epoch=39 loss=0.293683 validation_macro_fmax=0.365797 valid_micro_fmax=0.207850
epoch=40 loss=0.277189 validation_macro_fmax=0.366408 valid_micro_fmax=0.228493
epoch=41 loss=0.261490 validation_macro_fmax=0.365668 valid_micro_fmax=0.221922
epoch=42 loss=0.246296 validation_macro_fmax=0.366606 valid_micro_fmax=0.228145
epoch=43 loss=0.231545 validation_macro_fmax=0.366262 valid_micro_fmax=0.233766
Early stopping after 43 epochs (patience=9)
GPU completion: NVIDIA L40S, 35443, 46068, 0
