GPU: NVIDIA L40S
CUDA tensor check: 8.0
Mon Jul 20 06:42:53 2026       
+-----------------------------------------------------------------------------------------+
| NVIDIA-SMI 560.35.03              Driver Version: 560.35.03      CUDA Version: 12.6     |
|-----------------------------------------+------------------------+----------------------+
| GPU  Name                 Persistence-M | Bus-Id          Disp.A | Volatile Uncorr. ECC |
| Fan  Temp   Perf          Pwr:Usage/Cap |           Memory-Usage | GPU-Util  Compute M. |
|                                         |                        |               MIG M. |
|=========================================+========================+======================|
|   0  NVIDIA L40S                    On  |   00000000:0D:00.0 Off |                    0 |
| N/A   33C    P0             36W /  350W |     503MiB /  46068MiB |      0%      Default |
|                                         |                        |                  N/A |
+-----------------------------------------+------------------------+----------------------+
                                                                                         
+-----------------------------------------------------------------------------------------+
| Processes:                                                                              |
|  GPU   GI   CI        PID   Type   Process name                              GPU Memory |
|        ID   ID                                                               Usage      |
|=========================================================================================|
|    0   N/A  N/A   1529097      C   python3                                       494MiB |
+-----------------------------------------------------------------------------------------+
CUDA verified: NVIDIA L40S; tensor dot product=8.0
GPU startup: NVIDIA L40S, 533, 46068, 0
Loaded train=6026, valid=754; reserved test set is not loaded
epoch=1 loss=0.125659 validation_macro_fmax=0.412963 valid_micro_fmax=0.306060
epoch=2 loss=0.060261 validation_macro_fmax=0.377420 valid_micro_fmax=0.377192
epoch=3 loss=0.037275 validation_macro_fmax=0.402466 valid_micro_fmax=0.372359
epoch=4 loss=0.024693 validation_macro_fmax=0.413850 valid_micro_fmax=0.464430
epoch=5 loss=0.020686 validation_macro_fmax=0.409786 valid_micro_fmax=0.412598
epoch=6 loss=0.016277 validation_macro_fmax=0.389385 valid_micro_fmax=0.457820
epoch=7 loss=0.016018 validation_macro_fmax=0.386695 valid_micro_fmax=0.483377
epoch=8 loss=0.013625 validation_macro_fmax=0.389866 valid_micro_fmax=0.464878
epoch=9 loss=0.010106 validation_macro_fmax=0.399172 valid_micro_fmax=0.431195
epoch=10 loss=0.008908 validation_macro_fmax=0.378423 valid_micro_fmax=0.480313
epoch=11 loss=0.007657 validation_macro_fmax=0.371550 valid_micro_fmax=0.489946
epoch=12 loss=0.007258 validation_macro_fmax=0.397463 valid_micro_fmax=0.477492
epoch=13 loss=0.014926 validation_macro_fmax=0.398584 valid_micro_fmax=0.412828
Early stopping after 13 epochs (patience=9)
GPU completion: NVIDIA L40S, 36023, 46068, 0
