GPU: NVIDIA L40S
CUDA tensor check: 8.0
Sun Jul 19 17:50:57 2026       
+-----------------------------------------------------------------------------------------+
| NVIDIA-SMI 560.35.03              Driver Version: 560.35.03      CUDA Version: 12.6     |
|-----------------------------------------+------------------------+----------------------+
| GPU  Name                 Persistence-M | Bus-Id          Disp.A | Volatile Uncorr. ECC |
| Fan  Temp   Perf          Pwr:Usage/Cap |           Memory-Usage | GPU-Util  Compute M. |
|                                         |                        |               MIG M. |
|=========================================+========================+======================|
|   0  NVIDIA L40S                    On  |   00000000:B5:00.0 Off |                    0 |
| N/A   47C    P0             40W /  350W |     503MiB /  46068MiB |      0%      Default |
|                                         |                        |                  N/A |
+-----------------------------------------+------------------------+----------------------+
                                                                                         
+-----------------------------------------------------------------------------------------+
| Processes:                                                                              |
|  GPU   GI   CI        PID   Type   Process name                              GPU Memory |
|        ID   ID                                                               Usage      |
|=========================================================================================|
|    0   N/A  N/A   1491184      C   python3                                       494MiB |
+-----------------------------------------------------------------------------------------+
CUDA verified: NVIDIA L40S; tensor dot product=8.0
GPU startup: NVIDIA L40S, 533, 46068, 1
Loaded train=6026, valid=754; reserved test set is not loaded
epoch=1 loss=0.833526 validation_macro_fmax=0.238856 valid_micro_fmax=0.062945
epoch=2 loss=0.422906 validation_macro_fmax=0.309614 valid_micro_fmax=0.106984
epoch=3 loss=0.260835 validation_macro_fmax=0.302317 valid_micro_fmax=0.111242
epoch=4 loss=0.178255 validation_macro_fmax=0.310244 valid_micro_fmax=0.152563
epoch=5 loss=0.133673 validation_macro_fmax=0.326945 valid_micro_fmax=0.160417
epoch=6 loss=0.097566 validation_macro_fmax=0.327315 valid_micro_fmax=0.166854
epoch=7 loss=0.073736 validation_macro_fmax=0.343909 valid_micro_fmax=0.229209
epoch=8 loss=0.067231 validation_macro_fmax=0.331174 valid_micro_fmax=0.203319
epoch=9 loss=0.063727 validation_macro_fmax=0.324995 valid_micro_fmax=0.241381
epoch=10 loss=0.059557 validation_macro_fmax=0.337991 valid_micro_fmax=0.180810
epoch=11 loss=0.049867 validation_macro_fmax=0.344615 valid_micro_fmax=0.262068
epoch=12 loss=0.042079 validation_macro_fmax=0.343710 valid_micro_fmax=0.252074
epoch=13 loss=0.043963 validation_macro_fmax=0.353427 valid_micro_fmax=0.224604
epoch=14 loss=0.039782 validation_macro_fmax=0.338225 valid_micro_fmax=0.280097
epoch=15 loss=0.037007 validation_macro_fmax=0.348918 valid_micro_fmax=0.242560
epoch=16 loss=0.039399 validation_macro_fmax=0.348756 valid_micro_fmax=0.254586
epoch=17 loss=0.038354 validation_macro_fmax=0.348674 valid_micro_fmax=0.240489
epoch=18 loss=0.031087 validation_macro_fmax=0.336545 valid_micro_fmax=0.223120
epoch=19 loss=0.035102 validation_macro_fmax=0.343742 valid_micro_fmax=0.250349
epoch=20 loss=0.026992 validation_macro_fmax=0.335013 valid_micro_fmax=0.268287
epoch=21 loss=0.024148 validation_macro_fmax=0.350708 valid_micro_fmax=0.300776
epoch=22 loss=0.022441 validation_macro_fmax=0.353707 valid_micro_fmax=0.262068
epoch=23 loss=0.027123 validation_macro_fmax=0.343109 valid_micro_fmax=0.275687
epoch=24 loss=0.042849 validation_macro_fmax=0.343017 valid_micro_fmax=0.262012
epoch=25 loss=0.042351 validation_macro_fmax=0.343448 valid_micro_fmax=0.254973
epoch=26 loss=0.036790 validation_macro_fmax=0.347708 valid_micro_fmax=0.257657
epoch=27 loss=0.027050 validation_macro_fmax=0.349350 valid_micro_fmax=0.302922
epoch=28 loss=0.033765 validation_macro_fmax=0.328307 valid_micro_fmax=0.257941
epoch=29 loss=0.024001 validation_macro_fmax=0.346226 valid_micro_fmax=0.275372
epoch=30 loss=0.021031 validation_macro_fmax=0.340233 valid_micro_fmax=0.267844
epoch=31 loss=0.018787 validation_macro_fmax=0.351934 valid_micro_fmax=0.314959
epoch=32 loss=0.014489 validation_macro_fmax=0.339085 valid_micro_fmax=0.327149
Early stopping after 32 epochs (patience=10)
GPU completion: NVIDIA L40S, 35435, 46068, 0
