GPU: NVIDIA L40S
CUDA tensor check: 8.0
Sun Jul 19 18:19:37 2026       
+-----------------------------------------------------------------------------------------+
| NVIDIA-SMI 560.35.03              Driver Version: 560.35.03      CUDA Version: 12.6     |
|-----------------------------------------+------------------------+----------------------+
| GPU  Name                 Persistence-M | Bus-Id          Disp.A | Volatile Uncorr. ECC |
| Fan  Temp   Perf          Pwr:Usage/Cap |           Memory-Usage | GPU-Util  Compute M. |
|                                         |                        |               MIG M. |
|=========================================+========================+======================|
|   0  NVIDIA L40S                    On  |   00000000:B5:00.0 Off |                    0 |
| N/A   46C    P0             42W /  350W |     503MiB /  46068MiB |      4%      Default |
|                                         |                        |                  N/A |
+-----------------------------------------+------------------------+----------------------+
                                                                                         
+-----------------------------------------------------------------------------------------+
| Processes:                                                                              |
|  GPU   GI   CI        PID   Type   Process name                              GPU Memory |
|        ID   ID                                                               Usage      |
|=========================================================================================|
|    0   N/A  N/A    945350      C   python3                                       494MiB |
+-----------------------------------------------------------------------------------------+
CUDA verified: NVIDIA L40S; tensor dot product=8.0
GPU startup: NVIDIA L40S, 533, 46068, 5
Loaded train=6026, valid=754; reserved test set is not loaded
epoch=1 loss=1.163567 validation_macro_fmax=0.149005 valid_micro_fmax=0.028677
epoch=2 loss=0.990801 validation_macro_fmax=0.228705 valid_micro_fmax=0.071103
epoch=3 loss=0.877964 validation_macro_fmax=0.295121 valid_micro_fmax=0.095487
epoch=4 loss=0.782300 validation_macro_fmax=0.323322 valid_micro_fmax=0.118588
epoch=5 loss=0.679707 validation_macro_fmax=0.339373 valid_micro_fmax=0.111662
epoch=6 loss=0.577199 validation_macro_fmax=0.259006 valid_micro_fmax=0.100994
epoch=7 loss=0.483996 validation_macro_fmax=0.248857 valid_micro_fmax=0.121741
epoch=8 loss=0.401375 validation_macro_fmax=0.258196 valid_micro_fmax=0.115906
epoch=9 loss=0.340715 validation_macro_fmax=0.240926 valid_micro_fmax=0.137186
epoch=10 loss=0.291104 validation_macro_fmax=0.249431 valid_micro_fmax=0.124947
epoch=11 loss=0.250316 validation_macro_fmax=0.254284 valid_micro_fmax=0.131504
epoch=12 loss=0.230310 validation_macro_fmax=0.230194 valid_micro_fmax=0.143040
epoch=13 loss=0.199221 validation_macro_fmax=0.313744 valid_micro_fmax=0.149502
epoch=14 loss=0.183754 validation_macro_fmax=0.229660 valid_micro_fmax=0.137004
Early stopping after 14 epochs (patience=9)
GPU completion: NVIDIA L40S, 16861, 46068, 0
