GPU: NVIDIA L40S
CUDA tensor check: 8.0
Sun Jul 19 20:37:41 2026       
+-----------------------------------------------------------------------------------------+
| NVIDIA-SMI 560.35.03              Driver Version: 560.35.03      CUDA Version: 12.6     |
|-----------------------------------------+------------------------+----------------------+
| GPU  Name                 Persistence-M | Bus-Id          Disp.A | Volatile Uncorr. ECC |
| Fan  Temp   Perf          Pwr:Usage/Cap |           Memory-Usage | GPU-Util  Compute M. |
|                                         |                        |               MIG M. |
|=========================================+========================+======================|
|   0  NVIDIA L40S                    On  |   00000000:B5:00.0 Off |                    0 |
| N/A   46C    P0             43W /  350W |     503MiB /  46068MiB |      5%      Default |
|                                         |                        |                  N/A |
+-----------------------------------------+------------------------+----------------------+
                                                                                         
+-----------------------------------------------------------------------------------------+
| Processes:                                                                              |
|  GPU   GI   CI        PID   Type   Process name                              GPU Memory |
|        ID   ID                                                               Usage      |
|=========================================================================================|
|    0   N/A  N/A   1002400      C   python3                                       494MiB |
+-----------------------------------------------------------------------------------------+
CUDA verified: NVIDIA L40S; tensor dot product=8.0
GPU startup: NVIDIA L40S, 533, 46068, 2
Loaded train=6026, valid=754; reserved test set is not loaded
epoch=1 loss=0.214481 validation_macro_fmax=0.131018 valid_micro_fmax=0.028120
epoch=2 loss=0.171325 validation_macro_fmax=0.132321 valid_micro_fmax=0.045103
epoch=3 loss=0.135474 validation_macro_fmax=0.150486 valid_micro_fmax=0.051890
epoch=4 loss=0.097400 validation_macro_fmax=0.181420 valid_micro_fmax=0.072495
epoch=5 loss=0.071155 validation_macro_fmax=0.188992 valid_micro_fmax=0.058230
epoch=6 loss=0.065245 validation_macro_fmax=0.199037 valid_micro_fmax=0.062075
epoch=7 loss=0.054150 validation_macro_fmax=0.239468 valid_micro_fmax=0.094586
epoch=8 loss=0.038485 validation_macro_fmax=0.261519 valid_micro_fmax=0.122218
epoch=9 loss=0.039983 validation_macro_fmax=0.261308 valid_micro_fmax=0.076812
epoch=10 loss=0.057872 validation_macro_fmax=0.237016 valid_micro_fmax=0.101707
epoch=11 loss=0.047004 validation_macro_fmax=0.238497 valid_micro_fmax=0.117404
epoch=12 loss=0.034392 validation_macro_fmax=0.274292 valid_micro_fmax=0.104666
epoch=13 loss=0.028106 validation_macro_fmax=0.256800 valid_micro_fmax=0.083258
epoch=14 loss=0.031569 validation_macro_fmax=0.276486 valid_micro_fmax=0.122469
epoch=15 loss=0.019347 validation_macro_fmax=0.327781 valid_micro_fmax=0.166187
epoch=16 loss=0.017647 validation_macro_fmax=0.319327 valid_micro_fmax=0.148072
epoch=17 loss=0.016406 validation_macro_fmax=0.284632 valid_micro_fmax=0.137765
epoch=18 loss=0.015597 validation_macro_fmax=0.344914 valid_micro_fmax=0.166532
epoch=19 loss=0.016163 validation_macro_fmax=0.313458 valid_micro_fmax=0.173265
epoch=20 loss=0.016645 validation_macro_fmax=0.291881 valid_micro_fmax=0.147438
epoch=21 loss=0.016000 validation_macro_fmax=0.308985 valid_micro_fmax=0.174040
epoch=22 loss=0.011941 validation_macro_fmax=0.321607 valid_micro_fmax=0.181654
epoch=23 loss=0.011815 validation_macro_fmax=0.291515 valid_micro_fmax=0.167382
epoch=24 loss=0.014190 validation_macro_fmax=0.324304 valid_micro_fmax=0.131044
epoch=25 loss=0.011146 validation_macro_fmax=0.367164 valid_micro_fmax=0.179438
epoch=26 loss=0.011791 validation_macro_fmax=0.311577 valid_micro_fmax=0.134284
epoch=27 loss=0.022308 validation_macro_fmax=0.302980 valid_micro_fmax=0.115906
epoch=28 loss=0.017687 validation_macro_fmax=0.339887 valid_micro_fmax=0.159637
epoch=29 loss=0.010795 validation_macro_fmax=0.365877 valid_micro_fmax=0.215318
epoch=30 loss=0.008929 validation_macro_fmax=0.351245 valid_micro_fmax=0.204710
epoch=31 loss=0.007649 validation_macro_fmax=0.350105 valid_micro_fmax=0.241056
epoch=32 loss=0.006603 validation_macro_fmax=0.331730 valid_micro_fmax=0.228648
epoch=33 loss=0.006667 validation_macro_fmax=0.362720 valid_micro_fmax=0.226443
epoch=34 loss=0.007792 validation_macro_fmax=0.336408 valid_micro_fmax=0.253192
Early stopping after 34 epochs (patience=9)
GPU completion: NVIDIA L40S, 9487, 46068, 0
