GPU: NVIDIA L40S
CUDA tensor check: 8.0
Mon Jul 20 07:01:44 2026       
+-----------------------------------------------------------------------------------------+
| NVIDIA-SMI 560.35.03              Driver Version: 560.35.03      CUDA Version: 12.6     |
|-----------------------------------------+------------------------+----------------------+
| GPU  Name                 Persistence-M | Bus-Id          Disp.A | Volatile Uncorr. ECC |
| Fan  Temp   Perf          Pwr:Usage/Cap |           Memory-Usage | GPU-Util  Compute M. |
|                                         |                        |               MIG M. |
|=========================================+========================+======================|
|   0  NVIDIA L40S                    On  |   00000000:B5:00.0 Off |                    0 |
| N/A   53C    P0             48W /  350W |     503MiB /  46068MiB |      5%      Default |
|                                         |                        |                  N/A |
+-----------------------------------------+------------------------+----------------------+
                                                                                         
+-----------------------------------------------------------------------------------------+
| Processes:                                                                              |
|  GPU   GI   CI        PID   Type   Process name                              GPU Memory |
|        ID   ID                                                               Usage      |
|=========================================================================================|
|    0   N/A  N/A   1256780      C   python3                                       494MiB |
+-----------------------------------------------------------------------------------------+
CUDA verified: NVIDIA L40S; tensor dot product=8.0
GPU startup: NVIDIA L40S, 533, 46068, 0
Loaded train=6026, valid=754; reserved test set is not loaded
epoch=1 loss=0.617399 validation_macro_fmax=0.162861 valid_micro_fmax=0.025238
epoch=2 loss=0.503869 validation_macro_fmax=0.206233 valid_micro_fmax=0.041625
epoch=3 loss=0.464609 validation_macro_fmax=0.249323 valid_micro_fmax=0.057599
epoch=4 loss=0.440684 validation_macro_fmax=0.273797 valid_micro_fmax=0.071692
epoch=5 loss=0.422178 validation_macro_fmax=0.286235 valid_micro_fmax=0.075776
epoch=6 loss=0.404306 validation_macro_fmax=0.297138 valid_micro_fmax=0.097393
epoch=7 loss=0.385747 validation_macro_fmax=0.301576 valid_micro_fmax=0.100103
epoch=8 loss=0.364859 validation_macro_fmax=0.307875 valid_micro_fmax=0.115777
epoch=9 loss=0.340229 validation_macro_fmax=0.320016 valid_micro_fmax=0.119126
epoch=10 loss=0.311960 validation_macro_fmax=0.322739 valid_micro_fmax=0.125565
epoch=11 loss=0.280939 validation_macro_fmax=0.339202 valid_micro_fmax=0.140119
epoch=12 loss=0.248288 validation_macro_fmax=0.333538 valid_micro_fmax=0.148269
epoch=13 loss=0.217154 validation_macro_fmax=0.327729 valid_micro_fmax=0.133641
epoch=14 loss=0.186620 validation_macro_fmax=0.331688 valid_micro_fmax=0.157170
epoch=15 loss=0.159174 validation_macro_fmax=0.346501 valid_micro_fmax=0.147047
epoch=16 loss=0.135235 validation_macro_fmax=0.333587 valid_micro_fmax=0.156765
epoch=17 loss=0.116949 validation_macro_fmax=0.352436 valid_micro_fmax=0.163928
epoch=18 loss=0.099601 validation_macro_fmax=0.354333 valid_micro_fmax=0.179555
epoch=19 loss=0.087708 validation_macro_fmax=0.343981 valid_micro_fmax=0.193613
epoch=20 loss=0.075265 validation_macro_fmax=0.352200 valid_micro_fmax=0.195369
epoch=21 loss=0.065090 validation_macro_fmax=0.369454 valid_micro_fmax=0.205925
epoch=22 loss=0.059075 validation_macro_fmax=0.330446 valid_micro_fmax=0.189607
epoch=23 loss=0.053803 validation_macro_fmax=0.355896 valid_micro_fmax=0.209176
epoch=24 loss=0.047907 validation_macro_fmax=0.362414 valid_micro_fmax=0.203297
epoch=25 loss=0.044995 validation_macro_fmax=0.368051 valid_micro_fmax=0.217697
epoch=26 loss=0.043428 validation_macro_fmax=0.352421 valid_micro_fmax=0.199640
epoch=27 loss=0.034561 validation_macro_fmax=0.336011 valid_micro_fmax=0.180034
epoch=28 loss=0.032562 validation_macro_fmax=0.367851 valid_micro_fmax=0.214091
epoch=29 loss=0.030607 validation_macro_fmax=0.357489 valid_micro_fmax=0.222353
epoch=30 loss=0.028348 validation_macro_fmax=0.368657 valid_micro_fmax=0.228750
Early stopping after 30 epochs (patience=9)
GPU completion: NVIDIA L40S, 26891, 46068, 0
