GPU: NVIDIA L40S
CUDA tensor check: 8.0
Sun Jul 19 09:33:02 2026       
+-----------------------------------------------------------------------------------------+
| NVIDIA-SMI 560.35.03              Driver Version: 560.35.03      CUDA Version: 12.6     |
|-----------------------------------------+------------------------+----------------------+
| GPU  Name                 Persistence-M | Bus-Id          Disp.A | Volatile Uncorr. ECC |
| Fan  Temp   Perf          Pwr:Usage/Cap |           Memory-Usage | GPU-Util  Compute M. |
|                                         |                        |               MIG M. |
|=========================================+========================+======================|
|   0  NVIDIA L40S                    On  |   00000000:B5:00.0 Off |                    0 |
| N/A   49C    P0             43W /  350W |     503MiB /  46068MiB |      1%      Default |
|                                         |                        |                  N/A |
+-----------------------------------------+------------------------+----------------------+
                                                                                         
+-----------------------------------------------------------------------------------------+
| Processes:                                                                              |
|  GPU   GI   CI        PID   Type   Process name                              GPU Memory |
|        ID   ID                                                               Usage      |
|=========================================================================================|
|    0   N/A  N/A    664941      C   python3                                       494MiB |
+-----------------------------------------------------------------------------------------+
CUDA verified: NVIDIA L40S; tensor dot product=8.0
GPU startup: NVIDIA L40S, 533, 46068, 0
Loaded train=6026, valid=754; reserved test set is not loaded
epoch=1 loss=1.133610 validation_macro_fmax=0.096919 valid_micro_fmax=0.022406
epoch=2 loss=0.976509 validation_macro_fmax=0.121053 valid_micro_fmax=0.054911
epoch=3 loss=0.884087 validation_macro_fmax=0.149017 valid_micro_fmax=0.096284
epoch=4 loss=0.819338 validation_macro_fmax=0.155247 valid_micro_fmax=0.129956
epoch=5 loss=0.762970 validation_macro_fmax=0.154818 valid_micro_fmax=0.135685
epoch=6 loss=0.703158 validation_macro_fmax=0.167022 valid_micro_fmax=0.167625
epoch=7 loss=0.644071 validation_macro_fmax=0.166924 valid_micro_fmax=0.166120
epoch=8 loss=0.584669 validation_macro_fmax=0.159390 valid_micro_fmax=0.164261
epoch=9 loss=0.522390 validation_macro_fmax=0.157824 valid_micro_fmax=0.151684
epoch=10 loss=0.462836 validation_macro_fmax=0.185352 valid_micro_fmax=0.185295
epoch=11 loss=0.404313 validation_macro_fmax=0.178724 valid_micro_fmax=0.181371
epoch=12 loss=0.347539 validation_macro_fmax=0.170721 valid_micro_fmax=0.180767
epoch=13 loss=0.298053 validation_macro_fmax=0.170695 valid_micro_fmax=0.183390
epoch=14 loss=0.255402 validation_macro_fmax=0.178846 valid_micro_fmax=0.190194
epoch=15 loss=0.218069 validation_macro_fmax=0.169223 valid_micro_fmax=0.198856
epoch=16 loss=0.189013 validation_macro_fmax=0.178640 valid_micro_fmax=0.190894
epoch=17 loss=0.162945 validation_macro_fmax=0.167226 valid_micro_fmax=0.186279
epoch=18 loss=0.142093 validation_macro_fmax=0.172894 valid_micro_fmax=0.205961
epoch=19 loss=0.126095 validation_macro_fmax=0.160081 valid_micro_fmax=0.195969
Early stopping after 19 epochs (patience=9)
GPU completion: NVIDIA L40S, 19253, 46068, 0
