GPU: NVIDIA L40S
CUDA tensor check: 8.0
Sun Jul 19 09:53:27 2026       
+-----------------------------------------------------------------------------------------+
| NVIDIA-SMI 560.35.03              Driver Version: 560.35.03      CUDA Version: 12.6     |
|-----------------------------------------+------------------------+----------------------+
| GPU  Name                 Persistence-M | Bus-Id          Disp.A | Volatile Uncorr. ECC |
| Fan  Temp   Perf          Pwr:Usage/Cap |           Memory-Usage | GPU-Util  Compute M. |
|                                         |                        |               MIG M. |
|=========================================+========================+======================|
|   0  NVIDIA L40S                    On  |   00000000:0D:00.0 Off |                    0 |
| N/A   56C    P0             45W /  350W |     503MiB /  46068MiB |      0%      Default |
|                                         |                        |                  N/A |
+-----------------------------------------+------------------------+----------------------+
                                                                                         
+-----------------------------------------------------------------------------------------+
| Processes:                                                                              |
|  GPU   GI   CI        PID   Type   Process name                              GPU Memory |
|        ID   ID                                                               Usage      |
|=========================================================================================|
|    0   N/A  N/A   1134628      C   python3                                       494MiB |
+-----------------------------------------------------------------------------------------+
CUDA verified: NVIDIA L40S; tensor dot product=8.0
GPU startup: NVIDIA L40S, 533, 46068, 5
Loaded train=6026, valid=754; reserved test set is not loaded
epoch=1 loss=0.126191 validation_macro_fmax=0.168211 valid_micro_fmax=0.069810
epoch=2 loss=0.063894 validation_macro_fmax=0.239497 valid_micro_fmax=0.103630
epoch=3 loss=0.044383 validation_macro_fmax=0.177919 valid_micro_fmax=0.118907
epoch=4 loss=0.032844 validation_macro_fmax=0.208603 valid_micro_fmax=0.129635
epoch=5 loss=0.024575 validation_macro_fmax=0.218037 valid_micro_fmax=0.150263
epoch=6 loss=0.028872 validation_macro_fmax=0.224112 valid_micro_fmax=0.157307
epoch=7 loss=0.019545 validation_macro_fmax=0.201882 valid_micro_fmax=0.187041
epoch=8 loss=0.020184 validation_macro_fmax=0.191999 valid_micro_fmax=0.167838
epoch=9 loss=0.015804 validation_macro_fmax=0.234745 valid_micro_fmax=0.207624
epoch=10 loss=0.017103 validation_macro_fmax=0.206564 valid_micro_fmax=0.196656
epoch=11 loss=0.012648 validation_macro_fmax=0.199224 valid_micro_fmax=0.194485
Early stopping after 11 epochs (patience=9)
GPU completion: NVIDIA L40S, 18441, 46068, 0
