GPU: NVIDIA L40S
CUDA tensor check: 8.0
Sun Jul 19 11:49:15 2026       
+-----------------------------------------------------------------------------------------+
| NVIDIA-SMI 560.35.03              Driver Version: 560.35.03      CUDA Version: 12.6     |
|-----------------------------------------+------------------------+----------------------+
| GPU  Name                 Persistence-M | Bus-Id          Disp.A | Volatile Uncorr. ECC |
| Fan  Temp   Perf          Pwr:Usage/Cap |           Memory-Usage | GPU-Util  Compute M. |
|                                         |                        |               MIG M. |
|=========================================+========================+======================|
|   0  NVIDIA L40S                    On  |   00000000:0D:00.0 Off |                    0 |
| N/A   50C    P0             42W /  350W |     503MiB /  46068MiB |      1%      Default |
|                                         |                        |                  N/A |
+-----------------------------------------+------------------------+----------------------+
                                                                                         
+-----------------------------------------------------------------------------------------+
| Processes:                                                                              |
|  GPU   GI   CI        PID   Type   Process name                              GPU Memory |
|        ID   ID                                                               Usage      |
|=========================================================================================|
|    0   N/A  N/A   1185968      C   python3                                       494MiB |
+-----------------------------------------------------------------------------------------+
CUDA verified: NVIDIA L40S; tensor dot product=8.0
GPU startup: NVIDIA L40S, 533, 46068, 0
Loaded train=6026, valid=754; reserved test set is not loaded
epoch=1 loss=0.401463 validation_macro_fmax=0.241726 valid_micro_fmax=0.048944
epoch=2 loss=0.151789 validation_macro_fmax=0.241098 valid_micro_fmax=0.103728
epoch=3 loss=0.077322 validation_macro_fmax=0.243083 valid_micro_fmax=0.096062
epoch=4 loss=0.050387 validation_macro_fmax=0.287903 valid_micro_fmax=0.126036
epoch=5 loss=0.034773 validation_macro_fmax=0.269930 valid_micro_fmax=0.133035
epoch=6 loss=0.026977 validation_macro_fmax=0.283908 valid_micro_fmax=0.153406
epoch=7 loss=0.023642 validation_macro_fmax=0.275554 valid_micro_fmax=0.178558
epoch=8 loss=0.021032 validation_macro_fmax=0.276462 valid_micro_fmax=0.172292
epoch=9 loss=0.019489 validation_macro_fmax=0.287744 valid_micro_fmax=0.167122
epoch=10 loss=0.016222 validation_macro_fmax=0.290212 valid_micro_fmax=0.164845
epoch=11 loss=0.014152 validation_macro_fmax=0.266043 valid_micro_fmax=0.173623
epoch=12 loss=0.012324 validation_macro_fmax=0.264469 valid_micro_fmax=0.187349
epoch=13 loss=0.010778 validation_macro_fmax=0.275781 valid_micro_fmax=0.170966
epoch=14 loss=0.012679 validation_macro_fmax=0.295303 valid_micro_fmax=0.187658
epoch=15 loss=0.014787 validation_macro_fmax=0.286448 valid_micro_fmax=0.191504
epoch=16 loss=0.009896 validation_macro_fmax=0.275472 valid_micro_fmax=0.193191
epoch=17 loss=0.012611 validation_macro_fmax=0.281063 valid_micro_fmax=0.184220
epoch=18 loss=0.011417 validation_macro_fmax=0.282751 valid_micro_fmax=0.211086
epoch=19 loss=0.008795 validation_macro_fmax=0.274936 valid_micro_fmax=0.179671
epoch=20 loss=0.011012 validation_macro_fmax=0.290912 valid_micro_fmax=0.202409
epoch=21 loss=0.009568 validation_macro_fmax=0.279398 valid_micro_fmax=0.186556
epoch=22 loss=0.008798 validation_macro_fmax=0.289070 valid_micro_fmax=0.169869
epoch=23 loss=0.016138 validation_macro_fmax=0.267464 valid_micro_fmax=0.199879
Early stopping after 23 epochs (patience=9)
GPU completion: NVIDIA L40S, 24807, 46068, 0
