GPU: NVIDIA L40S
CUDA tensor check: 8.0
Sun Jul 19 03:08:32 2026       
+-----------------------------------------------------------------------------------------+
| NVIDIA-SMI 560.35.03              Driver Version: 560.35.03      CUDA Version: 12.6     |
|-----------------------------------------+------------------------+----------------------+
| GPU  Name                 Persistence-M | Bus-Id          Disp.A | Volatile Uncorr. ECC |
| Fan  Temp   Perf          Pwr:Usage/Cap |           Memory-Usage | GPU-Util  Compute M. |
|                                         |                        |               MIG M. |
|=========================================+========================+======================|
|   0  NVIDIA L40S                    On  |   00000000:0D:00.0 Off |                    0 |
| N/A   55C    P0             48W /  350W |     503MiB /  46068MiB |      5%      Default |
|                                         |                        |                  N/A |
+-----------------------------------------+------------------------+----------------------+
                                                                                         
+-----------------------------------------------------------------------------------------+
| Processes:                                                                              |
|  GPU   GI   CI        PID   Type   Process name                              GPU Memory |
|        ID   ID                                                               Usage      |
|=========================================================================================|
|    0   N/A  N/A    960362      C   python3                                       494MiB |
+-----------------------------------------------------------------------------------------+
CUDA verified: NVIDIA L40S; tensor dot product=8.0
GPU startup: NVIDIA L40S, 533, 46068, 0
Loaded train=6026, valid=754; reserved test set is not loaded
epoch=1 loss=0.974141 validation_macro_fmax=0.266884 valid_micro_fmax=0.077459
epoch=2 loss=0.761266 validation_macro_fmax=0.281835 valid_micro_fmax=0.140052
epoch=3 loss=0.622323 validation_macro_fmax=0.265958 valid_micro_fmax=0.146124
epoch=4 loss=0.457062 validation_macro_fmax=0.265986 valid_micro_fmax=0.198768
epoch=5 loss=0.288705 validation_macro_fmax=0.257151 valid_micro_fmax=0.197973
epoch=6 loss=0.188128 validation_macro_fmax=0.280362 valid_micro_fmax=0.207943
epoch=7 loss=0.138588 validation_macro_fmax=0.256275 valid_micro_fmax=0.201060
epoch=8 loss=0.099998 validation_macro_fmax=0.229805 valid_micro_fmax=0.189115
epoch=9 loss=0.084199 validation_macro_fmax=0.247763 valid_micro_fmax=0.215655
epoch=10 loss=0.060448 validation_macro_fmax=0.243280 valid_micro_fmax=0.187874
epoch=11 loss=0.057219 validation_macro_fmax=0.255231 valid_micro_fmax=0.217651
Early stopping after 11 epochs (patience=9)
GPU completion: NVIDIA L40S, 26771, 46068, 0
