GPU: NVIDIA L40S
CUDA tensor check: 8.0
Sun Jul 19 18:03:56 2026       
+-----------------------------------------------------------------------------------------+
| NVIDIA-SMI 560.35.03              Driver Version: 560.35.03      CUDA Version: 12.6     |
|-----------------------------------------+------------------------+----------------------+
| GPU  Name                 Persistence-M | Bus-Id          Disp.A | Volatile Uncorr. ECC |
| Fan  Temp   Perf          Pwr:Usage/Cap |           Memory-Usage | GPU-Util  Compute M. |
|                                         |                        |               MIG M. |
|=========================================+========================+======================|
|   0  NVIDIA L40S                    On  |   00000000:B5:00.0 Off |                    0 |
| N/A   46C    P0             42W /  350W |     503MiB /  46068MiB |      5%      Default |
|                                         |                        |                  N/A |
+-----------------------------------------+------------------------+----------------------+
                                                                                         
+-----------------------------------------------------------------------------------------+
| Processes:                                                                              |
|  GPU   GI   CI        PID   Type   Process name                              GPU Memory |
|        ID   ID                                                               Usage      |
|=========================================================================================|
|    0   N/A  N/A   1495676      C   python3                                       494MiB |
+-----------------------------------------------------------------------------------------+
CUDA verified: NVIDIA L40S; tensor dot product=8.0
GPU startup: NVIDIA L40S, 533, 46068, 0
Loaded train=6026, valid=754; reserved test set is not loaded
epoch=1 loss=0.793479 validation_macro_fmax=0.295259 valid_micro_fmax=0.400104
epoch=2 loss=0.401491 validation_macro_fmax=0.319469 valid_micro_fmax=0.483671
epoch=3 loss=0.276526 validation_macro_fmax=0.284435 valid_micro_fmax=0.478377
epoch=4 loss=0.183260 validation_macro_fmax=0.280145 valid_micro_fmax=0.485994
epoch=5 loss=0.135730 validation_macro_fmax=0.297401 valid_micro_fmax=0.441831
epoch=6 loss=0.099160 validation_macro_fmax=0.301924 valid_micro_fmax=0.490641
epoch=7 loss=0.075060 validation_macro_fmax=0.299966 valid_micro_fmax=0.472623
epoch=8 loss=0.065358 validation_macro_fmax=0.311342 valid_micro_fmax=0.494303
epoch=9 loss=0.071503 validation_macro_fmax=0.312448 valid_micro_fmax=0.504738
epoch=10 loss=0.066888 validation_macro_fmax=0.292218 valid_micro_fmax=0.476156
epoch=11 loss=0.068177 validation_macro_fmax=0.309967 valid_micro_fmax=0.502656
epoch=12 loss=0.055949 validation_macro_fmax=0.296127 valid_micro_fmax=0.487638
Early stopping after 12 epochs (patience=10)
GPU completion: NVIDIA L40S, 26873, 46068, 0
