GPU: NVIDIA L40S
CUDA tensor check: 8.0
Mon Jul 20 04:37:43 2026       
+-----------------------------------------------------------------------------------------+
| NVIDIA-SMI 560.35.03              Driver Version: 560.35.03      CUDA Version: 12.6     |
|-----------------------------------------+------------------------+----------------------+
| GPU  Name                 Persistence-M | Bus-Id          Disp.A | Volatile Uncorr. ECC |
| Fan  Temp   Perf          Pwr:Usage/Cap |           Memory-Usage | GPU-Util  Compute M. |
|                                         |                        |               MIG M. |
|=========================================+========================+======================|
|   0  NVIDIA L40S                    On  |   00000000:B5:00.0 Off |                    0 |
| N/A   40C    P0             39W /  350W |     503MiB /  46068MiB |      1%      Default |
|                                         |                        |                  N/A |
+-----------------------------------------+------------------------+----------------------+
                                                                                         
+-----------------------------------------------------------------------------------------+
| Processes:                                                                              |
|  GPU   GI   CI        PID   Type   Process name                              GPU Memory |
|        ID   ID                                                               Usage      |
|=========================================================================================|
|    0   N/A  N/A   1544415      C   python3                                       494MiB |
+-----------------------------------------------------------------------------------------+
CUDA verified: NVIDIA L40S; tensor dot product=8.0
GPU startup: NVIDIA L40S, 533, 46068, 0
Loaded train=6026, valid=754; reserved test set is not loaded
epoch=1 loss=1.183771 validation_macro_fmax=0.115282 valid_micro_fmax=0.014590
epoch=2 loss=1.043399 validation_macro_fmax=0.148506 valid_micro_fmax=0.019034
epoch=3 loss=0.960605 validation_macro_fmax=0.172589 valid_micro_fmax=0.030301
epoch=4 loss=0.905808 validation_macro_fmax=0.203560 valid_micro_fmax=0.045880
epoch=5 loss=0.866385 validation_macro_fmax=0.220161 valid_micro_fmax=0.056864
epoch=6 loss=0.834355 validation_macro_fmax=0.238180 valid_micro_fmax=0.069572
epoch=7 loss=0.809500 validation_macro_fmax=0.245513 valid_micro_fmax=0.075470
epoch=8 loss=0.790963 validation_macro_fmax=0.257949 valid_micro_fmax=0.086486
epoch=9 loss=0.776083 validation_macro_fmax=0.264494 valid_micro_fmax=0.090126
epoch=10 loss=0.762748 validation_macro_fmax=0.266906 valid_micro_fmax=0.091794
epoch=11 loss=0.752443 validation_macro_fmax=0.284001 valid_micro_fmax=0.095708
epoch=12 loss=0.742538 validation_macro_fmax=0.288959 valid_micro_fmax=0.101046
epoch=13 loss=0.733979 validation_macro_fmax=0.292646 valid_micro_fmax=0.105713
epoch=14 loss=0.724979 validation_macro_fmax=0.293547 valid_micro_fmax=0.107615
epoch=15 loss=0.717189 validation_macro_fmax=0.296144 valid_micro_fmax=0.113793
epoch=16 loss=0.708754 validation_macro_fmax=0.298286 valid_micro_fmax=0.122381
epoch=17 loss=0.700365 validation_macro_fmax=0.307910 valid_micro_fmax=0.124940
epoch=18 loss=0.691846 validation_macro_fmax=0.307950 valid_micro_fmax=0.133161
epoch=19 loss=0.682697 validation_macro_fmax=0.313376 valid_micro_fmax=0.140526
epoch=20 loss=0.673091 validation_macro_fmax=0.314561 valid_micro_fmax=0.139259
epoch=21 loss=0.664298 validation_macro_fmax=0.317386 valid_micro_fmax=0.139762
epoch=22 loss=0.652683 validation_macro_fmax=0.323084 valid_micro_fmax=0.138014
epoch=23 loss=0.641834 validation_macro_fmax=0.323107 valid_micro_fmax=0.141247
epoch=24 loss=0.630132 validation_macro_fmax=0.322151 valid_micro_fmax=0.145637
epoch=25 loss=0.618640 validation_macro_fmax=0.321525 valid_micro_fmax=0.144101
epoch=26 loss=0.604386 validation_macro_fmax=0.324242 valid_micro_fmax=0.151987
epoch=27 loss=0.590559 validation_macro_fmax=0.322315 valid_micro_fmax=0.151660
epoch=28 loss=0.576632 validation_macro_fmax=0.329181 valid_micro_fmax=0.143738
epoch=29 loss=0.562320 validation_macro_fmax=0.328764 valid_micro_fmax=0.154057
epoch=30 loss=0.545899 validation_macro_fmax=0.329359 valid_micro_fmax=0.159027
epoch=31 loss=0.530125 validation_macro_fmax=0.331512 valid_micro_fmax=0.163688
epoch=32 loss=0.513834 validation_macro_fmax=0.332430 valid_micro_fmax=0.164943
epoch=33 loss=0.497066 validation_macro_fmax=0.331980 valid_micro_fmax=0.166464
epoch=34 loss=0.479456 validation_macro_fmax=0.334057 valid_micro_fmax=0.162470
epoch=35 loss=0.462343 validation_macro_fmax=0.331300 valid_micro_fmax=0.165452
epoch=36 loss=0.445205 validation_macro_fmax=0.336603 valid_micro_fmax=0.176446
epoch=37 loss=0.426914 validation_macro_fmax=0.333434 valid_micro_fmax=0.173362
epoch=38 loss=0.409846 validation_macro_fmax=0.333874 valid_micro_fmax=0.169558
epoch=39 loss=0.392528 validation_macro_fmax=0.334292 valid_micro_fmax=0.171047
epoch=40 loss=0.375492 validation_macro_fmax=0.334329 valid_micro_fmax=0.166372
epoch=41 loss=0.358245 validation_macro_fmax=0.333105 valid_micro_fmax=0.170220
epoch=42 loss=0.341784 validation_macro_fmax=0.336770 valid_micro_fmax=0.171745
epoch=43 loss=0.325346 validation_macro_fmax=0.338838 valid_micro_fmax=0.180511
epoch=44 loss=0.309309 validation_macro_fmax=0.338994 valid_micro_fmax=0.176209
epoch=45 loss=0.294321 validation_macro_fmax=0.339729 valid_micro_fmax=0.178707
epoch=46 loss=0.278401 validation_macro_fmax=0.338383 valid_micro_fmax=0.183022
epoch=47 loss=0.264004 validation_macro_fmax=0.335001 valid_micro_fmax=0.178636
epoch=48 loss=0.251171 validation_macro_fmax=0.338284 valid_micro_fmax=0.183393
epoch=49 loss=0.238593 validation_macro_fmax=0.332411 valid_micro_fmax=0.188876
epoch=50 loss=0.225460 validation_macro_fmax=0.338984 valid_micro_fmax=0.190447
epoch=51 loss=0.212226 validation_macro_fmax=0.331347 valid_micro_fmax=0.192668
epoch=52 loss=0.201324 validation_macro_fmax=0.335215 valid_micro_fmax=0.189109
epoch=53 loss=0.190379 validation_macro_fmax=0.333952 valid_micro_fmax=0.186565
epoch=54 loss=0.179261 validation_macro_fmax=0.329761 valid_micro_fmax=0.188620
Early stopping after 54 epochs (patience=9)
GPU completion: NVIDIA L40S, 26845, 46068, 0
