GPU: NVIDIA L40S
CUDA tensor check: 8.0
Sun Jul 19 11:20:15 2026       
+-----------------------------------------------------------------------------------------+
| NVIDIA-SMI 560.35.03              Driver Version: 560.35.03      CUDA Version: 12.6     |
|-----------------------------------------+------------------------+----------------------+
| GPU  Name                 Persistence-M | Bus-Id          Disp.A | Volatile Uncorr. ECC |
| Fan  Temp   Perf          Pwr:Usage/Cap |           Memory-Usage | GPU-Util  Compute M. |
|                                         |                        |               MIG M. |
|=========================================+========================+======================|
|   0  NVIDIA L40S                    On  |   00000000:B5:00.0 Off |                    0 |
| N/A   41C    P0             42W /  350W |     503MiB /  46068MiB |      5%      Default |
|                                         |                        |                  N/A |
+-----------------------------------------+------------------------+----------------------+
                                                                                         
+-----------------------------------------------------------------------------------------+
| Processes:                                                                              |
|  GPU   GI   CI        PID   Type   Process name                              GPU Memory |
|        ID   ID                                                               Usage      |
|=========================================================================================|
|    0   N/A  N/A    733798      C   python3                                       494MiB |
+-----------------------------------------------------------------------------------------+
CUDA verified: NVIDIA L40S; tensor dot product=8.0
GPU startup: NVIDIA L40S, 533, 46068, 1
Loaded train=6026, valid=754; reserved test set is not loaded
epoch=1 loss=0.274336 validation_macro_fmax=0.243590 valid_micro_fmax=0.101336
epoch=2 loss=0.205860 validation_macro_fmax=0.241498 valid_micro_fmax=0.114205
epoch=3 loss=0.184560 validation_macro_fmax=0.257015 valid_micro_fmax=0.120480
epoch=4 loss=0.167684 validation_macro_fmax=0.274737 valid_micro_fmax=0.131316
epoch=5 loss=0.149212 validation_macro_fmax=0.285410 valid_micro_fmax=0.143614
epoch=6 loss=0.126872 validation_macro_fmax=0.289549 valid_micro_fmax=0.177782
epoch=7 loss=0.102626 validation_macro_fmax=0.291761 valid_micro_fmax=0.229924
epoch=8 loss=0.079443 validation_macro_fmax=0.298345 valid_micro_fmax=0.255247
epoch=9 loss=0.059366 validation_macro_fmax=0.299025 valid_micro_fmax=0.296232
epoch=10 loss=0.044091 validation_macro_fmax=0.292066 valid_micro_fmax=0.311453
epoch=11 loss=0.033111 validation_macro_fmax=0.289696 valid_micro_fmax=0.334324
epoch=12 loss=0.025611 validation_macro_fmax=0.300509 valid_micro_fmax=0.354941
epoch=13 loss=0.019967 validation_macro_fmax=0.309549 valid_micro_fmax=0.353994
epoch=14 loss=0.015649 validation_macro_fmax=0.294293 valid_micro_fmax=0.357664
epoch=15 loss=0.012358 validation_macro_fmax=0.295265 valid_micro_fmax=0.387075
epoch=16 loss=0.009999 validation_macro_fmax=0.298848 valid_micro_fmax=0.384546
epoch=17 loss=0.008427 validation_macro_fmax=0.311413 valid_micro_fmax=0.400936
epoch=18 loss=0.008310 validation_macro_fmax=0.308801 valid_micro_fmax=0.400020
epoch=19 loss=0.006170 validation_macro_fmax=0.294768 valid_micro_fmax=0.393120
epoch=20 loss=0.005059 validation_macro_fmax=0.293947 valid_micro_fmax=0.382040
epoch=21 loss=0.004409 validation_macro_fmax=0.288980 valid_micro_fmax=0.393343
epoch=22 loss=0.003818 validation_macro_fmax=0.296623 valid_micro_fmax=0.401994
epoch=23 loss=0.003424 validation_macro_fmax=0.292858 valid_micro_fmax=0.398775
epoch=24 loss=0.003283 validation_macro_fmax=0.295539 valid_micro_fmax=0.402953
epoch=25 loss=0.003111 validation_macro_fmax=0.293933 valid_micro_fmax=0.386982
epoch=26 loss=0.002338 validation_macro_fmax=0.302904 valid_micro_fmax=0.405762
Early stopping after 26 epochs (patience=9)
GPU completion: NVIDIA L40S, 33883, 46068, 0
