GPU: NVIDIA L40S
CUDA tensor check: 8.0
Mon Jul 20 03:01:32 2026       
+-----------------------------------------------------------------------------------------+
| NVIDIA-SMI 560.35.03              Driver Version: 560.35.03      CUDA Version: 12.6     |
|-----------------------------------------+------------------------+----------------------+
| GPU  Name                 Persistence-M | Bus-Id          Disp.A | Volatile Uncorr. ECC |
| Fan  Temp   Perf          Pwr:Usage/Cap |           Memory-Usage | GPU-Util  Compute M. |
|                                         |                        |               MIG M. |
|=========================================+========================+======================|
|   0  NVIDIA L40S                    On  |   00000000:B5:00.0 Off |                    0 |
| N/A   42C    P0             41W /  350W |     503MiB /  46068MiB |      0%      Default |
|                                         |                        |                  N/A |
+-----------------------------------------+------------------------+----------------------+
                                                                                         
+-----------------------------------------------------------------------------------------+
| Processes:                                                                              |
|  GPU   GI   CI        PID   Type   Process name                              GPU Memory |
|        ID   ID                                                               Usage      |
|=========================================================================================|
|    0   N/A  N/A   1506901      C   python3                                       494MiB |
+-----------------------------------------------------------------------------------------+
CUDA verified: NVIDIA L40S; tensor dot product=8.0
GPU startup: NVIDIA L40S, 533, 46068, 0
Loaded train=6026, valid=754; reserved test set is not loaded
epoch=1 loss=0.729381 validation_macro_fmax=0.318800 valid_micro_fmax=0.099090
epoch=2 loss=0.661725 validation_macro_fmax=0.324158 valid_micro_fmax=0.101153
epoch=3 loss=0.618775 validation_macro_fmax=0.329144 valid_micro_fmax=0.109563
epoch=4 loss=0.592433 validation_macro_fmax=0.333975 valid_micro_fmax=0.114666
epoch=5 loss=0.564379 validation_macro_fmax=0.348953 valid_micro_fmax=0.122421
epoch=6 loss=0.547496 validation_macro_fmax=0.351357 valid_micro_fmax=0.126548
epoch=7 loss=0.533807 validation_macro_fmax=0.358606 valid_micro_fmax=0.146975
epoch=8 loss=0.516961 validation_macro_fmax=0.365871 valid_micro_fmax=0.154207
epoch=9 loss=0.507391 validation_macro_fmax=0.374903 valid_micro_fmax=0.159057
epoch=10 loss=0.498305 validation_macro_fmax=0.380775 valid_micro_fmax=0.170733
epoch=11 loss=0.489974 validation_macro_fmax=0.382318 valid_micro_fmax=0.178495
epoch=12 loss=0.482093 validation_macro_fmax=0.387443 valid_micro_fmax=0.183302
epoch=13 loss=0.475275 validation_macro_fmax=0.390381 valid_micro_fmax=0.199358
epoch=14 loss=0.469979 validation_macro_fmax=0.386510 valid_micro_fmax=0.207268
epoch=15 loss=0.462090 validation_macro_fmax=0.386899 valid_micro_fmax=0.213925
epoch=16 loss=0.457628 validation_macro_fmax=0.390154 valid_micro_fmax=0.220152
epoch=17 loss=0.452496 validation_macro_fmax=0.387123 valid_micro_fmax=0.221758
epoch=18 loss=0.446874 validation_macro_fmax=0.391506 valid_micro_fmax=0.237355
epoch=19 loss=0.443356 validation_macro_fmax=0.385093 valid_micro_fmax=0.238093
epoch=20 loss=0.437694 validation_macro_fmax=0.387972 valid_micro_fmax=0.228864
epoch=21 loss=0.432159 validation_macro_fmax=0.390614 valid_micro_fmax=0.252485
epoch=22 loss=0.428625 validation_macro_fmax=0.393700 valid_micro_fmax=0.265309
epoch=23 loss=0.425319 validation_macro_fmax=0.396103 valid_micro_fmax=0.275643
epoch=24 loss=0.421226 validation_macro_fmax=0.398714 valid_micro_fmax=0.272447
epoch=25 loss=0.416853 validation_macro_fmax=0.398261 valid_micro_fmax=0.277541
epoch=26 loss=0.412002 validation_macro_fmax=0.406185 valid_micro_fmax=0.278256
epoch=27 loss=0.410757 validation_macro_fmax=0.401458 valid_micro_fmax=0.278791
epoch=28 loss=0.405512 validation_macro_fmax=0.402727 valid_micro_fmax=0.279824
epoch=29 loss=0.403758 validation_macro_fmax=0.402547 valid_micro_fmax=0.302272
epoch=30 loss=0.399539 validation_macro_fmax=0.398904 valid_micro_fmax=0.301015
epoch=31 loss=0.395812 validation_macro_fmax=0.402886 valid_micro_fmax=0.307186
epoch=32 loss=0.392548 validation_macro_fmax=0.408647 valid_micro_fmax=0.300855
epoch=33 loss=0.389135 validation_macro_fmax=0.413537 valid_micro_fmax=0.316740
epoch=34 loss=0.385445 validation_macro_fmax=0.412374 valid_micro_fmax=0.314251
epoch=35 loss=0.381498 validation_macro_fmax=0.411961 valid_micro_fmax=0.302603
epoch=36 loss=0.378680 validation_macro_fmax=0.408023 valid_micro_fmax=0.328059
epoch=37 loss=0.374881 validation_macro_fmax=0.413164 valid_micro_fmax=0.319169
epoch=38 loss=0.372078 validation_macro_fmax=0.414126 valid_micro_fmax=0.315714
epoch=39 loss=0.368664 validation_macro_fmax=0.417808 valid_micro_fmax=0.318274
epoch=40 loss=0.365589 validation_macro_fmax=0.422048 valid_micro_fmax=0.325811
epoch=41 loss=0.361987 validation_macro_fmax=0.420326 valid_micro_fmax=0.337343
epoch=42 loss=0.357412 validation_macro_fmax=0.423214 valid_micro_fmax=0.343743
epoch=43 loss=0.354553 validation_macro_fmax=0.420397 valid_micro_fmax=0.322944
epoch=44 loss=0.351165 validation_macro_fmax=0.417278 valid_micro_fmax=0.350919
epoch=45 loss=0.347062 validation_macro_fmax=0.418703 valid_micro_fmax=0.328704
epoch=46 loss=0.344184 validation_macro_fmax=0.420826 valid_micro_fmax=0.337716
epoch=47 loss=0.339692 validation_macro_fmax=0.416552 valid_micro_fmax=0.356148
epoch=48 loss=0.335830 validation_macro_fmax=0.416525 valid_micro_fmax=0.352695
epoch=49 loss=0.334021 validation_macro_fmax=0.427494 valid_micro_fmax=0.350594
epoch=50 loss=0.328536 validation_macro_fmax=0.420450 valid_micro_fmax=0.375547
epoch=51 loss=0.325601 validation_macro_fmax=0.425473 valid_micro_fmax=0.349294
epoch=52 loss=0.320476 validation_macro_fmax=0.430751 valid_micro_fmax=0.369853
epoch=53 loss=0.318906 validation_macro_fmax=0.424633 valid_micro_fmax=0.353353
epoch=54 loss=0.313674 validation_macro_fmax=0.424444 valid_micro_fmax=0.377843
epoch=55 loss=0.309374 validation_macro_fmax=0.422163 valid_micro_fmax=0.366617
epoch=56 loss=0.305743 validation_macro_fmax=0.424651 valid_micro_fmax=0.389229
epoch=57 loss=0.301875 validation_macro_fmax=0.429168 valid_micro_fmax=0.374376
epoch=58 loss=0.297152 validation_macro_fmax=0.430967 valid_micro_fmax=0.376850
epoch=59 loss=0.293611 validation_macro_fmax=0.429891 valid_micro_fmax=0.383924
epoch=60 loss=0.290497 validation_macro_fmax=0.437431 valid_micro_fmax=0.379044
epoch=61 loss=0.283865 validation_macro_fmax=0.433046 valid_micro_fmax=0.370618
epoch=62 loss=0.281599 validation_macro_fmax=0.437452 valid_micro_fmax=0.377852
epoch=63 loss=0.276864 validation_macro_fmax=0.430909 valid_micro_fmax=0.358285
epoch=64 loss=0.271503 validation_macro_fmax=0.435879 valid_micro_fmax=0.378825
epoch=65 loss=0.266700 validation_macro_fmax=0.437326 valid_micro_fmax=0.400808
epoch=66 loss=0.263461 validation_macro_fmax=0.428896 valid_micro_fmax=0.390147
epoch=67 loss=0.257175 validation_macro_fmax=0.427823 valid_micro_fmax=0.388854
epoch=68 loss=0.254057 validation_macro_fmax=0.431981 valid_micro_fmax=0.381567
epoch=69 loss=0.250779 validation_macro_fmax=0.433772 valid_micro_fmax=0.385323
epoch=70 loss=0.246562 validation_macro_fmax=0.435645 valid_micro_fmax=0.395699
Early stopping after 70 epochs (patience=8)
GPU completion: NVIDIA L40S, 36029, 46068, 0
