GPU: NVIDIA L40S
CUDA tensor check: 8.0
Sun Jul 19 05:43:08 2026       
+-----------------------------------------------------------------------------------------+
| NVIDIA-SMI 560.35.03              Driver Version: 560.35.03      CUDA Version: 12.6     |
|-----------------------------------------+------------------------+----------------------+
| GPU  Name                 Persistence-M | Bus-Id          Disp.A | Volatile Uncorr. ECC |
| Fan  Temp   Perf          Pwr:Usage/Cap |           Memory-Usage | GPU-Util  Compute M. |
|                                         |                        |               MIG M. |
|=========================================+========================+======================|
|   0  NVIDIA L40S                    On  |   00000000:0D:00.0 Off |                    0 |
| N/A   50C    P0             42W /  350W |     503MiB /  46068MiB |      0%      Default |
|                                         |                        |                  N/A |
+-----------------------------------------+------------------------+----------------------+
                                                                                         
+-----------------------------------------------------------------------------------------+
| Processes:                                                                              |
|  GPU   GI   CI        PID   Type   Process name                              GPU Memory |
|        ID   ID                                                               Usage      |
|=========================================================================================|
|    0   N/A  N/A   1140911      C   python3                                       494MiB |
+-----------------------------------------------------------------------------------------+
CUDA verified: NVIDIA L40S; tensor dot product=8.0
GPU startup: NVIDIA L40S, 533, 46068, 0
Loaded train=6026, valid=754; reserved test set is not loaded
epoch=1 loss=0.301971 validation_macro_fmax=0.097069 valid_micro_fmax=0.018794
epoch=2 loss=0.237393 validation_macro_fmax=0.116239 valid_micro_fmax=0.033245
epoch=3 loss=0.215518 validation_macro_fmax=0.128878 valid_micro_fmax=0.055420
epoch=4 loss=0.200212 validation_macro_fmax=0.137459 valid_micro_fmax=0.081669
epoch=5 loss=0.185743 validation_macro_fmax=0.145480 valid_micro_fmax=0.095642
epoch=6 loss=0.168887 validation_macro_fmax=0.158095 valid_micro_fmax=0.114810
epoch=7 loss=0.149982 validation_macro_fmax=0.152198 valid_micro_fmax=0.136926
epoch=8 loss=0.129687 validation_macro_fmax=0.152034 valid_micro_fmax=0.161089
epoch=9 loss=0.109790 validation_macro_fmax=0.152319 valid_micro_fmax=0.162402
epoch=10 loss=0.090459 validation_macro_fmax=0.174216 valid_micro_fmax=0.180632
epoch=11 loss=0.073700 validation_macro_fmax=0.161235 valid_micro_fmax=0.181275
epoch=12 loss=0.059379 validation_macro_fmax=0.158378 valid_micro_fmax=0.198699
epoch=13 loss=0.047958 validation_macro_fmax=0.155643 valid_micro_fmax=0.193167
epoch=14 loss=0.038827 validation_macro_fmax=0.173059 valid_micro_fmax=0.229021
epoch=15 loss=0.031179 validation_macro_fmax=0.169950 valid_micro_fmax=0.242402
epoch=16 loss=0.025781 validation_macro_fmax=0.168075 valid_micro_fmax=0.243220
epoch=17 loss=0.021326 validation_macro_fmax=0.170172 valid_micro_fmax=0.251332
epoch=18 loss=0.017690 validation_macro_fmax=0.176859 valid_micro_fmax=0.248846
epoch=19 loss=0.015304 validation_macro_fmax=0.179936 valid_micro_fmax=0.278016
epoch=20 loss=0.013321 validation_macro_fmax=0.177632 valid_micro_fmax=0.254250
epoch=21 loss=0.012064 validation_macro_fmax=0.174774 valid_micro_fmax=0.260153
epoch=22 loss=0.009956 validation_macro_fmax=0.177158 valid_micro_fmax=0.269283
epoch=23 loss=0.009253 validation_macro_fmax=0.173191 valid_micro_fmax=0.271581
epoch=24 loss=0.007513 validation_macro_fmax=0.180886 valid_micro_fmax=0.279841
epoch=25 loss=0.006803 validation_macro_fmax=0.186676 valid_micro_fmax=0.291850
epoch=26 loss=0.005926 validation_macro_fmax=0.173401 valid_micro_fmax=0.291603
epoch=27 loss=0.005225 validation_macro_fmax=0.181712 valid_micro_fmax=0.285056
epoch=28 loss=0.005011 validation_macro_fmax=0.186358 valid_micro_fmax=0.303996
epoch=29 loss=0.004557 validation_macro_fmax=0.180117 valid_micro_fmax=0.297937
epoch=30 loss=0.004113 validation_macro_fmax=0.174197 valid_micro_fmax=0.292515
epoch=31 loss=0.003771 validation_macro_fmax=0.175580 valid_micro_fmax=0.287980
epoch=32 loss=0.003259 validation_macro_fmax=0.169015 valid_micro_fmax=0.296858
epoch=33 loss=0.003173 validation_macro_fmax=0.175143 valid_micro_fmax=0.294252
epoch=34 loss=0.002780 validation_macro_fmax=0.177047 valid_micro_fmax=0.284044
Early stopping after 34 epochs (patience=9)
GPU completion: NVIDIA L40S, 9509, 46068, 0
