GPU: NVIDIA L40S
CUDA tensor check: 8.0
Sun Jul 19 06:14:36 2026       
+-----------------------------------------------------------------------------------------+
| NVIDIA-SMI 560.35.03              Driver Version: 560.35.03      CUDA Version: 12.6     |
|-----------------------------------------+------------------------+----------------------+
| GPU  Name                 Persistence-M | Bus-Id          Disp.A | Volatile Uncorr. ECC |
| Fan  Temp   Perf          Pwr:Usage/Cap |           Memory-Usage | GPU-Util  Compute M. |
|                                         |                        |               MIG M. |
|=========================================+========================+======================|
|   0  NVIDIA L40S                    On  |   00000000:0D:00.0 Off |                    0 |
| N/A   55C    P0             45W /  350W |     503MiB /  46068MiB |      0%      Default |
|                                         |                        |                  N/A |
+-----------------------------------------+------------------------+----------------------+
                                                                                         
+-----------------------------------------------------------------------------------------+
| Processes:                                                                              |
|  GPU   GI   CI        PID   Type   Process name                              GPU Memory |
|        ID   ID                                                               Usage      |
|=========================================================================================|
|    0   N/A  N/A   1156147      C   python3                                       494MiB |
+-----------------------------------------------------------------------------------------+
CUDA verified: NVIDIA L40S; tensor dot product=8.0
GPU startup: NVIDIA L40S, 533, 46068, 3
Loaded train=6026, valid=754; reserved test set is not loaded
epoch=1 loss=0.398676 validation_macro_fmax=0.212485 valid_micro_fmax=0.070685
epoch=2 loss=0.146716 validation_macro_fmax=0.238814 valid_micro_fmax=0.149838
epoch=3 loss=0.080460 validation_macro_fmax=0.215658 valid_micro_fmax=0.124607
epoch=4 loss=0.050269 validation_macro_fmax=0.236728 valid_micro_fmax=0.149980
epoch=5 loss=0.036105 validation_macro_fmax=0.251931 valid_micro_fmax=0.179139
epoch=6 loss=0.027663 validation_macro_fmax=0.239062 valid_micro_fmax=0.145530
epoch=7 loss=0.024501 validation_macro_fmax=0.248775 valid_micro_fmax=0.167080
epoch=8 loss=0.019573 validation_macro_fmax=0.249162 valid_micro_fmax=0.203911
epoch=9 loss=0.014058 validation_macro_fmax=0.241282 valid_micro_fmax=0.208407
epoch=10 loss=0.012944 validation_macro_fmax=0.233818 valid_micro_fmax=0.197496
epoch=11 loss=0.012869 validation_macro_fmax=0.260852 valid_micro_fmax=0.213178
epoch=12 loss=0.014154 validation_macro_fmax=0.225329 valid_micro_fmax=0.184302
epoch=13 loss=0.015013 validation_macro_fmax=0.216126 valid_micro_fmax=0.169521
epoch=14 loss=0.014852 validation_macro_fmax=0.257009 valid_micro_fmax=0.169792
epoch=15 loss=0.016903 validation_macro_fmax=0.241653 valid_micro_fmax=0.187894
epoch=16 loss=0.010398 validation_macro_fmax=0.243334 valid_micro_fmax=0.217814
epoch=17 loss=0.009198 validation_macro_fmax=0.233528 valid_micro_fmax=0.181690
epoch=18 loss=0.009930 validation_macro_fmax=0.235381 valid_micro_fmax=0.208066
epoch=19 loss=0.014676 validation_macro_fmax=0.227594 valid_micro_fmax=0.206080
epoch=20 loss=0.012302 validation_macro_fmax=0.233063 valid_micro_fmax=0.211530
Early stopping after 20 epochs (patience=9)
GPU completion: NVIDIA L40S, 9251, 46068, 0
