GPU: NVIDIA L40S
CUDA tensor check: 8.0
Sun Jul 19 08:56:36 2026       
+-----------------------------------------------------------------------------------------+
| NVIDIA-SMI 560.35.03              Driver Version: 560.35.03      CUDA Version: 12.6     |
|-----------------------------------------+------------------------+----------------------+
| GPU  Name                 Persistence-M | Bus-Id          Disp.A | Volatile Uncorr. ECC |
| Fan  Temp   Perf          Pwr:Usage/Cap |           Memory-Usage | GPU-Util  Compute M. |
|                                         |                        |               MIG M. |
|=========================================+========================+======================|
|   0  NVIDIA L40S                    On  |   00000000:0D:00.0 Off |                    0 |
| N/A   50C    P0             41W /  350W |     503MiB /  46068MiB |      1%      Default |
|                                         |                        |                  N/A |
+-----------------------------------------+------------------------+----------------------+
                                                                                         
+-----------------------------------------------------------------------------------------+
| Processes:                                                                              |
|  GPU   GI   CI        PID   Type   Process name                              GPU Memory |
|        ID   ID                                                               Usage      |
|=========================================================================================|
|    0   N/A  N/A   1219596      C   python3                                       494MiB |
+-----------------------------------------------------------------------------------------+
CUDA verified: NVIDIA L40S; tensor dot product=8.0
GPU startup: NVIDIA L40S, 533, 46068, 0
Loaded train=6026, valid=754; reserved test set is not loaded
epoch=1 loss=0.915390 validation_macro_fmax=0.262027 valid_micro_fmax=0.132170
epoch=2 loss=0.709878 validation_macro_fmax=0.263795 valid_micro_fmax=0.147226
epoch=3 loss=0.526330 validation_macro_fmax=0.262721 valid_micro_fmax=0.218514
epoch=4 loss=0.336725 validation_macro_fmax=0.265892 valid_micro_fmax=0.283928
epoch=5 loss=0.209315 validation_macro_fmax=0.250192 valid_micro_fmax=0.301374
epoch=6 loss=0.137359 validation_macro_fmax=0.258993 valid_micro_fmax=0.352519
epoch=7 loss=0.095600 validation_macro_fmax=0.278841 valid_micro_fmax=0.340736
epoch=8 loss=0.072391 validation_macro_fmax=0.269450 valid_micro_fmax=0.397901
epoch=9 loss=0.058244 validation_macro_fmax=0.261803 valid_micro_fmax=0.392445
epoch=10 loss=0.050265 validation_macro_fmax=0.243169 valid_micro_fmax=0.387387
epoch=11 loss=0.045233 validation_macro_fmax=0.289356 valid_micro_fmax=0.398930
epoch=12 loss=0.036524 validation_macro_fmax=0.262135 valid_micro_fmax=0.370877
epoch=13 loss=0.027930 validation_macro_fmax=0.269237 valid_micro_fmax=0.406739
epoch=14 loss=0.026385 validation_macro_fmax=0.274630 valid_micro_fmax=0.402338
epoch=15 loss=0.025953 validation_macro_fmax=0.263539 valid_micro_fmax=0.398174
epoch=16 loss=0.023488 validation_macro_fmax=0.260855 valid_micro_fmax=0.397505
epoch=17 loss=0.020333 validation_macro_fmax=0.295133 valid_micro_fmax=0.398152
epoch=18 loss=0.018923 validation_macro_fmax=0.292345 valid_micro_fmax=0.390078
epoch=19 loss=0.018376 validation_macro_fmax=0.274919 valid_micro_fmax=0.408509
epoch=20 loss=0.016917 validation_macro_fmax=0.264742 valid_micro_fmax=0.415663
epoch=21 loss=0.013392 validation_macro_fmax=0.276315 valid_micro_fmax=0.403115
epoch=22 loss=0.012853 validation_macro_fmax=0.269355 valid_micro_fmax=0.416331
epoch=23 loss=0.011765 validation_macro_fmax=0.255797 valid_micro_fmax=0.399563
epoch=24 loss=0.012765 validation_macro_fmax=0.268739 valid_micro_fmax=0.404450
epoch=25 loss=0.025335 validation_macro_fmax=0.257675 valid_micro_fmax=0.399901
epoch=26 loss=0.012337 validation_macro_fmax=0.255574 valid_micro_fmax=0.395728
Early stopping after 26 epochs (patience=9)
GPU completion: NVIDIA L40S, 31161, 46068, 0
