GPU: NVIDIA L40S
CUDA tensor check: 8.0
Sat Jul 18 16:59:02 2026       
+-----------------------------------------------------------------------------------------+
| NVIDIA-SMI 560.35.03              Driver Version: 560.35.03      CUDA Version: 12.6     |
|-----------------------------------------+------------------------+----------------------+
| GPU  Name                 Persistence-M | Bus-Id          Disp.A | Volatile Uncorr. ECC |
| Fan  Temp   Perf          Pwr:Usage/Cap |           Memory-Usage | GPU-Util  Compute M. |
|                                         |                        |               MIG M. |
|=========================================+========================+======================|
|   0  NVIDIA L40S                    On  |   00000000:B5:00.0 Off |                    0 |
| N/A   50C    P0             49W /  350W |     503MiB /  46068MiB |      0%      Default |
|                                         |                        |                  N/A |
+-----------------------------------------+------------------------+----------------------+
                                                                                         
+-----------------------------------------------------------------------------------------+
| Processes:                                                                              |
|  GPU   GI   CI        PID   Type   Process name                              GPU Memory |
|        ID   ID                                                               Usage      |
|=========================================================================================|
|    0   N/A  N/A    277593      C   python3                                       494MiB |
+-----------------------------------------------------------------------------------------+
CUDA verified: NVIDIA L40S; tensor dot product=8.0
GPU startup: NVIDIA L40S, 533, 46068, 1
Loaded train=6026, valid=754; reserved test set is not loaded
epoch=1 loss=0.271789 validation_macro_fmax=0.370828 valid_micro_fmax=0.183457
epoch=2 loss=0.205472 validation_macro_fmax=0.381103 valid_micro_fmax=0.250998
epoch=3 loss=0.184300 validation_macro_fmax=0.386132 valid_micro_fmax=0.298314
epoch=4 loss=0.166849 validation_macro_fmax=0.383419 valid_micro_fmax=0.349492
epoch=5 loss=0.147342 validation_macro_fmax=0.382923 valid_micro_fmax=0.372015
epoch=6 loss=0.124284 validation_macro_fmax=0.387469 valid_micro_fmax=0.397012
epoch=7 loss=0.099806 validation_macro_fmax=0.403597 valid_micro_fmax=0.432191
epoch=8 loss=0.077250 validation_macro_fmax=0.399125 valid_micro_fmax=0.442886
epoch=9 loss=0.058213 validation_macro_fmax=0.412814 valid_micro_fmax=0.448670
epoch=10 loss=0.043486 validation_macro_fmax=0.395300 valid_micro_fmax=0.463171
epoch=11 loss=0.032804 validation_macro_fmax=0.393974 valid_micro_fmax=0.469826
epoch=12 loss=0.025265 validation_macro_fmax=0.393238 valid_micro_fmax=0.486431
epoch=13 loss=0.020030 validation_macro_fmax=0.409641 valid_micro_fmax=0.484929
epoch=14 loss=0.015475 validation_macro_fmax=0.399539 valid_micro_fmax=0.478990
epoch=15 loss=0.012463 validation_macro_fmax=0.403330 valid_micro_fmax=0.467184
epoch=16 loss=0.010122 validation_macro_fmax=0.393730 valid_micro_fmax=0.476854
epoch=17 loss=0.008764 validation_macro_fmax=0.405703 valid_micro_fmax=0.489414
epoch=18 loss=0.007268 validation_macro_fmax=0.388590 valid_micro_fmax=0.479892
Early stopping after 18 epochs (patience=9)
GPU completion: NVIDIA L40S, 8405, 46068, 0
