GPU: NVIDIA L40S
CUDA tensor check: 8.0
Sun Jul 19 09:22:37 2026       
+-----------------------------------------------------------------------------------------+
| NVIDIA-SMI 560.35.03              Driver Version: 560.35.03      CUDA Version: 12.6     |
|-----------------------------------------+------------------------+----------------------+
| GPU  Name                 Persistence-M | Bus-Id          Disp.A | Volatile Uncorr. ECC |
| Fan  Temp   Perf          Pwr:Usage/Cap |           Memory-Usage | GPU-Util  Compute M. |
|                                         |                        |               MIG M. |
|=========================================+========================+======================|
|   0  NVIDIA L40S                    On  |   00000000:0D:00.0 Off |                    0 |
| N/A   36C    P0             37W /  350W |     503MiB /  46068MiB |      1%      Default |
|                                         |                        |                  N/A |
+-----------------------------------------+------------------------+----------------------+
                                                                                         
+-----------------------------------------------------------------------------------------+
| Processes:                                                                              |
|  GPU   GI   CI        PID   Type   Process name                              GPU Memory |
|        ID   ID                                                               Usage      |
|=========================================================================================|
|    0   N/A  N/A    659485      C   python3                                       494MiB |
+-----------------------------------------------------------------------------------------+
CUDA verified: NVIDIA L40S; tensor dot product=8.0
GPU startup: NVIDIA L40S, 533, 46068, 5
Loaded train=6026, valid=754; reserved test set is not loaded
epoch=1 loss=0.331092 validation_macro_fmax=0.168734 valid_micro_fmax=0.045622
epoch=2 loss=0.262510 validation_macro_fmax=0.185323 valid_micro_fmax=0.075914
epoch=3 loss=0.240681 validation_macro_fmax=0.196888 valid_micro_fmax=0.074877
epoch=4 loss=0.225679 validation_macro_fmax=0.209881 valid_micro_fmax=0.112631
epoch=5 loss=0.210816 validation_macro_fmax=0.223179 valid_micro_fmax=0.115531
epoch=6 loss=0.191985 validation_macro_fmax=0.223732 valid_micro_fmax=0.138629
epoch=7 loss=0.168605 validation_macro_fmax=0.225976 valid_micro_fmax=0.133063
epoch=8 loss=0.140435 validation_macro_fmax=0.242155 valid_micro_fmax=0.151931
epoch=9 loss=0.112204 validation_macro_fmax=0.235841 valid_micro_fmax=0.175746
epoch=10 loss=0.085593 validation_macro_fmax=0.236237 valid_micro_fmax=0.178014
epoch=11 loss=0.063966 validation_macro_fmax=0.235948 valid_micro_fmax=0.190250
epoch=12 loss=0.047878 validation_macro_fmax=0.240493 valid_micro_fmax=0.213011
epoch=13 loss=0.036508 validation_macro_fmax=0.237415 valid_micro_fmax=0.186724
epoch=14 loss=0.028407 validation_macro_fmax=0.253512 valid_micro_fmax=0.222320
epoch=15 loss=0.021774 validation_macro_fmax=0.242237 valid_micro_fmax=0.230190
epoch=16 loss=0.017815 validation_macro_fmax=0.252641 valid_micro_fmax=0.239204
epoch=17 loss=0.014638 validation_macro_fmax=0.243692 valid_micro_fmax=0.241548
epoch=18 loss=0.012643 validation_macro_fmax=0.248244 valid_micro_fmax=0.236782
epoch=19 loss=0.010339 validation_macro_fmax=0.246123 valid_micro_fmax=0.258383
epoch=20 loss=0.009104 validation_macro_fmax=0.251027 valid_micro_fmax=0.263758
epoch=21 loss=0.008014 validation_macro_fmax=0.250060 valid_micro_fmax=0.252440
epoch=22 loss=0.006667 validation_macro_fmax=0.238850 valid_micro_fmax=0.261745
epoch=23 loss=0.006406 validation_macro_fmax=0.241620 valid_micro_fmax=0.246466
epoch=24 loss=0.006344 validation_macro_fmax=0.242912 valid_micro_fmax=0.269824
Early stopping after 24 epochs (patience=10)
GPU completion: NVIDIA L40S, 41919, 46068, 0
