GPU: NVIDIA L40S
CUDA tensor check: 8.0
Sun Jul 19 09:37:40 2026       
+-----------------------------------------------------------------------------------------+
| NVIDIA-SMI 560.35.03              Driver Version: 560.35.03      CUDA Version: 12.6     |
|-----------------------------------------+------------------------+----------------------+
| GPU  Name                 Persistence-M | Bus-Id          Disp.A | Volatile Uncorr. ECC |
| Fan  Temp   Perf          Pwr:Usage/Cap |           Memory-Usage | GPU-Util  Compute M. |
|                                         |                        |               MIG M. |
|=========================================+========================+======================|
|   0  NVIDIA L40S                    On  |   00000000:B5:00.0 Off |                    0 |
| N/A   50C    P0             43W /  350W |     503MiB /  46068MiB |      0%      Default |
|                                         |                        |                  N/A |
+-----------------------------------------+------------------------+----------------------+
                                                                                         
+-----------------------------------------------------------------------------------------+
| Processes:                                                                              |
|  GPU   GI   CI        PID   Type   Process name                              GPU Memory |
|        ID   ID                                                               Usage      |
|=========================================================================================|
|    0   N/A  N/A    668576      C   python3                                       494MiB |
+-----------------------------------------------------------------------------------------+
CUDA verified: NVIDIA L40S; tensor dot product=8.0
GPU startup: NVIDIA L40S, 533, 46068, 5
Loaded train=6026, valid=754; reserved test set is not loaded
epoch=1 loss=1.019700 validation_macro_fmax=0.227046 valid_micro_fmax=0.104675
epoch=2 loss=0.835375 validation_macro_fmax=0.243631 valid_micro_fmax=0.131877
epoch=3 loss=0.747918 validation_macro_fmax=0.240142 valid_micro_fmax=0.144349
epoch=4 loss=0.680486 validation_macro_fmax=0.238596 valid_micro_fmax=0.163870
epoch=5 loss=0.607539 validation_macro_fmax=0.244124 valid_micro_fmax=0.185769
epoch=6 loss=0.527894 validation_macro_fmax=0.235033 valid_micro_fmax=0.201299
epoch=7 loss=0.450149 validation_macro_fmax=0.232743 valid_micro_fmax=0.222322
epoch=8 loss=0.376697 validation_macro_fmax=0.232534 valid_micro_fmax=0.228454
epoch=9 loss=0.309739 validation_macro_fmax=0.237844 valid_micro_fmax=0.264656
epoch=10 loss=0.250437 validation_macro_fmax=0.235202 valid_micro_fmax=0.283826
epoch=11 loss=0.202244 validation_macro_fmax=0.230834 valid_micro_fmax=0.290191
epoch=12 loss=0.164350 validation_macro_fmax=0.231717 valid_micro_fmax=0.316167
epoch=13 loss=0.133640 validation_macro_fmax=0.234603 valid_micro_fmax=0.352545
epoch=14 loss=0.110341 validation_macro_fmax=0.240715 valid_micro_fmax=0.360032
Early stopping after 14 epochs (patience=9)
GPU completion: NVIDIA L40S, 19297, 46068, 0
