GPU: NVIDIA L40S
CUDA tensor check: 8.0
Sun Jul 19 19:54:36 2026       
+-----------------------------------------------------------------------------------------+
| NVIDIA-SMI 560.35.03              Driver Version: 560.35.03      CUDA Version: 12.6     |
|-----------------------------------------+------------------------+----------------------+
| GPU  Name                 Persistence-M | Bus-Id          Disp.A | Volatile Uncorr. ECC |
| Fan  Temp   Perf          Pwr:Usage/Cap |           Memory-Usage | GPU-Util  Compute M. |
|                                         |                        |               MIG M. |
|=========================================+========================+======================|
|   0  NVIDIA L40S                    On  |   00000000:B5:00.0 Off |                    0 |
| N/A   54C    P0             44W /  350W |     503MiB /  46068MiB |      0%      Default |
|                                         |                        |                  N/A |
+-----------------------------------------+------------------------+----------------------+
                                                                                         
+-----------------------------------------------------------------------------------------+
| Processes:                                                                              |
|  GPU   GI   CI        PID   Type   Process name                              GPU Memory |
|        ID   ID                                                               Usage      |
|=========================================================================================|
|    0   N/A  N/A   1545328      C   python3                                       494MiB |
+-----------------------------------------------------------------------------------------+
CUDA verified: NVIDIA L40S; tensor dot product=8.0
GPU startup: NVIDIA L40S, 533, 46068, 0
Loaded train=6026, valid=754; reserved test set is not loaded
epoch=1 loss=1.123571 validation_macro_fmax=0.125548 valid_micro_fmax=0.018458
epoch=2 loss=0.969253 validation_macro_fmax=0.165000 valid_micro_fmax=0.034577
epoch=3 loss=0.894106 validation_macro_fmax=0.195584 valid_micro_fmax=0.056486
epoch=4 loss=0.845944 validation_macro_fmax=0.212879 valid_micro_fmax=0.086748
epoch=5 loss=0.812709 validation_macro_fmax=0.225536 valid_micro_fmax=0.099725
epoch=6 loss=0.786157 validation_macro_fmax=0.239401 valid_micro_fmax=0.109261
epoch=7 loss=0.762260 validation_macro_fmax=0.273402 valid_micro_fmax=0.115561
epoch=8 loss=0.739436 validation_macro_fmax=0.295097 valid_micro_fmax=0.114425
epoch=9 loss=0.714847 validation_macro_fmax=0.297023 valid_micro_fmax=0.117205
epoch=10 loss=0.687477 validation_macro_fmax=0.287229 valid_micro_fmax=0.128664
epoch=11 loss=0.657305 validation_macro_fmax=0.293760 valid_micro_fmax=0.117910
epoch=12 loss=0.623758 validation_macro_fmax=0.258836 valid_micro_fmax=0.134816
epoch=13 loss=0.587407 validation_macro_fmax=0.246647 valid_micro_fmax=0.129512
epoch=14 loss=0.547784 validation_macro_fmax=0.231535 valid_micro_fmax=0.133077
epoch=15 loss=0.505161 validation_macro_fmax=0.234025 valid_micro_fmax=0.140786
epoch=16 loss=0.459465 validation_macro_fmax=0.229721 valid_micro_fmax=0.144382
epoch=17 loss=0.412456 validation_macro_fmax=0.223385 valid_micro_fmax=0.141896
epoch=18 loss=0.364897 validation_macro_fmax=0.222642 valid_micro_fmax=0.151608
Early stopping after 18 epochs (patience=9)
GPU completion: NVIDIA L40S, 44685, 46068, 0
