GPU: NVIDIA L40S
CUDA tensor check: 8.0
Sun Jul 19 03:53:19 2026       
+-----------------------------------------------------------------------------------------+
| NVIDIA-SMI 560.35.03              Driver Version: 560.35.03      CUDA Version: 12.6     |
|-----------------------------------------+------------------------+----------------------+
| GPU  Name                 Persistence-M | Bus-Id          Disp.A | Volatile Uncorr. ECC |
| Fan  Temp   Perf          Pwr:Usage/Cap |           Memory-Usage | GPU-Util  Compute M. |
|                                         |                        |               MIG M. |
|=========================================+========================+======================|
|   0  NVIDIA L40S                    On  |   00000000:0D:00.0 Off |                    0 |
| N/A   56C    P0             45W /  350W |     503MiB /  46068MiB |      1%      Default |
|                                         |                        |                  N/A |
+-----------------------------------------+------------------------+----------------------+
                                                                                         
+-----------------------------------------------------------------------------------------+
| Processes:                                                                              |
|  GPU   GI   CI        PID   Type   Process name                              GPU Memory |
|        ID   ID                                                               Usage      |
|=========================================================================================|
|    0   N/A  N/A   1089339      C   python3                                       494MiB |
+-----------------------------------------------------------------------------------------+
CUDA verified: NVIDIA L40S; tensor dot product=8.0
GPU startup: NVIDIA L40S, 533, 46068, 5
Loaded train=6026, valid=754; reserved test set is not loaded
epoch=1 loss=0.414704 validation_macro_fmax=0.417833 valid_micro_fmax=0.338960
epoch=2 loss=0.169498 validation_macro_fmax=0.401759 valid_micro_fmax=0.395114
epoch=3 loss=0.080072 validation_macro_fmax=0.392668 valid_micro_fmax=0.397060
epoch=4 loss=0.051726 validation_macro_fmax=0.423478 valid_micro_fmax=0.474508
epoch=5 loss=0.035734 validation_macro_fmax=0.405544 valid_micro_fmax=0.436291
epoch=6 loss=0.028577 validation_macro_fmax=0.419974 valid_micro_fmax=0.472963
epoch=7 loss=0.026062 validation_macro_fmax=0.411232 valid_micro_fmax=0.441899
epoch=8 loss=0.021008 validation_macro_fmax=0.421325 valid_micro_fmax=0.476906
epoch=9 loss=0.017430 validation_macro_fmax=0.385546 valid_micro_fmax=0.449255
epoch=10 loss=0.016491 validation_macro_fmax=0.402711 valid_micro_fmax=0.489539
epoch=11 loss=0.013900 validation_macro_fmax=0.378840 valid_micro_fmax=0.468467
epoch=12 loss=0.017102 validation_macro_fmax=0.392280 valid_micro_fmax=0.489980
epoch=13 loss=0.013764 validation_macro_fmax=0.385913 valid_micro_fmax=0.470305
epoch=14 loss=0.013112 validation_macro_fmax=0.379237 valid_micro_fmax=0.466600
Early stopping after 14 epochs (patience=10)
GPU completion: NVIDIA L40S, 15463, 46068, 0
