GPU: NVIDIA L40S
CUDA tensor check: 8.0
Sun Jul 19 17:28:25 2026       
+-----------------------------------------------------------------------------------------+
| NVIDIA-SMI 560.35.03              Driver Version: 560.35.03      CUDA Version: 12.6     |
|-----------------------------------------+------------------------+----------------------+
| GPU  Name                 Persistence-M | Bus-Id          Disp.A | Volatile Uncorr. ECC |
| Fan  Temp   Perf          Pwr:Usage/Cap |           Memory-Usage | GPU-Util  Compute M. |
|                                         |                        |               MIG M. |
|=========================================+========================+======================|
|   0  NVIDIA L40S                    On  |   00000000:B5:00.0 Off |                    0 |
| N/A   47C    P0             42W /  350W |     503MiB /  46068MiB |      0%      Default |
|                                         |                        |                  N/A |
+-----------------------------------------+------------------------+----------------------+
                                                                                         
+-----------------------------------------------------------------------------------------+
| Processes:                                                                              |
|  GPU   GI   CI        PID   Type   Process name                              GPU Memory |
|        ID   ID                                                               Usage      |
|=========================================================================================|
|    0   N/A  N/A   1481636      C   python3                                       494MiB |
+-----------------------------------------------------------------------------------------+
CUDA verified: NVIDIA L40S; tensor dot product=8.0
GPU startup: NVIDIA L40S, 533, 46068, 5
Loaded train=6026, valid=754; reserved test set is not loaded
epoch=1 loss=0.831827 validation_macro_fmax=0.182051 valid_micro_fmax=0.057241
epoch=2 loss=0.375820 validation_macro_fmax=0.270054 valid_micro_fmax=0.125689
epoch=3 loss=0.207277 validation_macro_fmax=0.264810 valid_micro_fmax=0.153416
epoch=4 loss=0.135772 validation_macro_fmax=0.265851 valid_micro_fmax=0.135051
epoch=5 loss=0.125520 validation_macro_fmax=0.241112 valid_micro_fmax=0.161031
epoch=6 loss=0.090542 validation_macro_fmax=0.247140 valid_micro_fmax=0.144165
epoch=7 loss=0.099798 validation_macro_fmax=0.245051 valid_micro_fmax=0.154793
epoch=8 loss=0.051294 validation_macro_fmax=0.240491 valid_micro_fmax=0.189117
epoch=9 loss=0.060328 validation_macro_fmax=0.240697 valid_micro_fmax=0.150119
epoch=10 loss=0.049955 validation_macro_fmax=0.232558 valid_micro_fmax=0.177726
epoch=11 loss=0.044681 validation_macro_fmax=0.222922 valid_micro_fmax=0.125685
epoch=12 loss=0.081571 validation_macro_fmax=0.242260 valid_micro_fmax=0.181302
Early stopping after 12 epochs (patience=10)
GPU completion: NVIDIA L40S, 29637, 46068, 0
