GPU: NVIDIA L40S
CUDA tensor check: 8.0
Sun Jul 19 10:31:57 2026       
+-----------------------------------------------------------------------------------------+
| NVIDIA-SMI 560.35.03              Driver Version: 560.35.03      CUDA Version: 12.6     |
|-----------------------------------------+------------------------+----------------------+
| GPU  Name                 Persistence-M | Bus-Id          Disp.A | Volatile Uncorr. ECC |
| Fan  Temp   Perf          Pwr:Usage/Cap |           Memory-Usage | GPU-Util  Compute M. |
|                                         |                        |               MIG M. |
|=========================================+========================+======================|
|   0  NVIDIA L40S                    On  |   00000000:0D:00.0 Off |                    0 |
| N/A   47C    P0             40W /  350W |     503MiB /  46068MiB |      1%      Default |
|                                         |                        |                  N/A |
+-----------------------------------------+------------------------+----------------------+
                                                                                         
+-----------------------------------------------------------------------------------------+
| Processes:                                                                              |
|  GPU   GI   CI        PID   Type   Process name                              GPU Memory |
|        ID   ID                                                               Usage      |
|=========================================================================================|
|    0   N/A  N/A   1150127      C   python3                                       494MiB |
+-----------------------------------------------------------------------------------------+
CUDA verified: NVIDIA L40S; tensor dot product=8.0
GPU startup: NVIDIA L40S, 533, 46068, 0
Loaded train=6026, valid=754; reserved test set is not loaded
epoch=1 loss=0.391998 validation_macro_fmax=0.190963 valid_micro_fmax=0.092605
epoch=2 loss=0.344400 validation_macro_fmax=0.191339 valid_micro_fmax=0.093006
epoch=3 loss=0.318317 validation_macro_fmax=0.200931 valid_micro_fmax=0.095193
epoch=4 loss=0.299670 validation_macro_fmax=0.208070 valid_micro_fmax=0.096200
epoch=5 loss=0.285797 validation_macro_fmax=0.212544 valid_micro_fmax=0.098838
epoch=6 loss=0.273216 validation_macro_fmax=0.218015 valid_micro_fmax=0.098817
epoch=7 loss=0.263684 validation_macro_fmax=0.223420 valid_micro_fmax=0.101802
epoch=8 loss=0.256455 validation_macro_fmax=0.226496 valid_micro_fmax=0.101226
epoch=9 loss=0.250067 validation_macro_fmax=0.227606 valid_micro_fmax=0.103612
epoch=10 loss=0.242987 validation_macro_fmax=0.223562 valid_micro_fmax=0.105170
epoch=11 loss=0.238172 validation_macro_fmax=0.220464 valid_micro_fmax=0.106058
epoch=12 loss=0.233373 validation_macro_fmax=0.225723 valid_micro_fmax=0.105527
epoch=13 loss=0.229494 validation_macro_fmax=0.230325 valid_micro_fmax=0.106532
epoch=14 loss=0.225214 validation_macro_fmax=0.224745 valid_micro_fmax=0.111781
epoch=15 loss=0.221570 validation_macro_fmax=0.230310 valid_micro_fmax=0.109596
epoch=16 loss=0.218428 validation_macro_fmax=0.233324 valid_micro_fmax=0.115282
epoch=17 loss=0.215766 validation_macro_fmax=0.231077 valid_micro_fmax=0.114871
epoch=18 loss=0.212848 validation_macro_fmax=0.235190 valid_micro_fmax=0.117429
epoch=19 loss=0.210352 validation_macro_fmax=0.234361 valid_micro_fmax=0.121767
epoch=20 loss=0.207892 validation_macro_fmax=0.238155 valid_micro_fmax=0.118053
epoch=21 loss=0.204807 validation_macro_fmax=0.237460 valid_micro_fmax=0.123155
epoch=22 loss=0.202675 validation_macro_fmax=0.238137 valid_micro_fmax=0.122658
epoch=23 loss=0.200505 validation_macro_fmax=0.236971 valid_micro_fmax=0.119428
epoch=24 loss=0.197457 validation_macro_fmax=0.240273 valid_micro_fmax=0.125806
epoch=25 loss=0.195719 validation_macro_fmax=0.239465 valid_micro_fmax=0.132235
epoch=26 loss=0.193147 validation_macro_fmax=0.240835 valid_micro_fmax=0.128025
epoch=27 loss=0.190968 validation_macro_fmax=0.242669 valid_micro_fmax=0.134083
epoch=28 loss=0.189039 validation_macro_fmax=0.242494 valid_micro_fmax=0.141488
epoch=29 loss=0.186451 validation_macro_fmax=0.244195 valid_micro_fmax=0.133569
epoch=30 loss=0.184388 validation_macro_fmax=0.242182 valid_micro_fmax=0.140237
epoch=31 loss=0.181859 validation_macro_fmax=0.243979 valid_micro_fmax=0.139820
epoch=32 loss=0.180059 validation_macro_fmax=0.242642 valid_micro_fmax=0.143823
epoch=33 loss=0.177832 validation_macro_fmax=0.244116 valid_micro_fmax=0.145716
epoch=34 loss=0.175039 validation_macro_fmax=0.242906 valid_micro_fmax=0.149504
epoch=35 loss=0.172574 validation_macro_fmax=0.244734 valid_micro_fmax=0.147593
epoch=36 loss=0.170396 validation_macro_fmax=0.243381 valid_micro_fmax=0.152373
epoch=37 loss=0.167834 validation_macro_fmax=0.244995 valid_micro_fmax=0.154391
epoch=38 loss=0.165888 validation_macro_fmax=0.241025 valid_micro_fmax=0.142746
epoch=39 loss=0.163137 validation_macro_fmax=0.243233 valid_micro_fmax=0.156986
epoch=40 loss=0.160658 validation_macro_fmax=0.241083 valid_micro_fmax=0.164726
epoch=41 loss=0.158475 validation_macro_fmax=0.241056 valid_micro_fmax=0.159397
epoch=42 loss=0.155369 validation_macro_fmax=0.243092 valid_micro_fmax=0.162937
epoch=43 loss=0.152970 validation_macro_fmax=0.242749 valid_micro_fmax=0.163333
epoch=44 loss=0.150641 validation_macro_fmax=0.240273 valid_micro_fmax=0.168703
epoch=45 loss=0.147731 validation_macro_fmax=0.243021 valid_micro_fmax=0.170976
epoch=46 loss=0.145131 validation_macro_fmax=0.237068 valid_micro_fmax=0.169980
Early stopping after 46 epochs (patience=9)
GPU completion: NVIDIA L40S, 22825, 46068, 0
