GPU: NVIDIA L40S
CUDA tensor check: 8.0
Sun Jul 19 20:56:59 2026       
+-----------------------------------------------------------------------------------------+
| NVIDIA-SMI 560.35.03              Driver Version: 560.35.03      CUDA Version: 12.6     |
|-----------------------------------------+------------------------+----------------------+
| GPU  Name                 Persistence-M | Bus-Id          Disp.A | Volatile Uncorr. ECC |
| Fan  Temp   Perf          Pwr:Usage/Cap |           Memory-Usage | GPU-Util  Compute M. |
|                                         |                        |               MIG M. |
|=========================================+========================+======================|
|   0  NVIDIA L40S                    On  |   00000000:B5:00.0 Off |                    0 |
| N/A   44C    P0             41W /  350W |     503MiB /  46068MiB |      0%      Default |
|                                         |                        |                  N/A |
+-----------------------------------------+------------------------+----------------------+
                                                                                         
+-----------------------------------------------------------------------------------------+
| Processes:                                                                              |
|  GPU   GI   CI        PID   Type   Process name                              GPU Memory |
|        ID   ID                                                               Usage      |
|=========================================================================================|
|    0   N/A  N/A   1009977      C   python3                                       494MiB |
+-----------------------------------------------------------------------------------------+
CUDA verified: NVIDIA L40S; tensor dot product=8.0
GPU startup: NVIDIA L40S, 533, 46068, 5
Loaded train=6026, valid=754; reserved test set is not loaded
epoch=1 loss=0.896373 validation_macro_fmax=0.303380 valid_micro_fmax=0.108216
epoch=2 loss=0.592813 validation_macro_fmax=0.360704 valid_micro_fmax=0.153174
epoch=3 loss=0.322367 validation_macro_fmax=0.387607 valid_micro_fmax=0.193999
epoch=4 loss=0.153737 validation_macro_fmax=0.380714 valid_micro_fmax=0.272982
epoch=5 loss=0.082838 validation_macro_fmax=0.376468 valid_micro_fmax=0.269031
epoch=6 loss=0.049130 validation_macro_fmax=0.392581 valid_micro_fmax=0.288234
epoch=7 loss=0.033185 validation_macro_fmax=0.380044 valid_micro_fmax=0.281008
epoch=8 loss=0.024037 validation_macro_fmax=0.386560 valid_micro_fmax=0.306504
epoch=9 loss=0.018627 validation_macro_fmax=0.386181 valid_micro_fmax=0.307977
epoch=10 loss=0.014487 validation_macro_fmax=0.385094 valid_micro_fmax=0.333899
epoch=11 loss=0.019825 validation_macro_fmax=0.389401 valid_micro_fmax=0.318544
epoch=12 loss=0.014877 validation_macro_fmax=0.393462 valid_micro_fmax=0.307497
epoch=13 loss=0.009883 validation_macro_fmax=0.403245 valid_micro_fmax=0.302372
epoch=14 loss=0.007589 validation_macro_fmax=0.387067 valid_micro_fmax=0.320142
epoch=15 loss=0.006295 validation_macro_fmax=0.399560 valid_micro_fmax=0.321810
epoch=16 loss=0.006496 validation_macro_fmax=0.382288 valid_micro_fmax=0.334083
epoch=17 loss=0.004450 validation_macro_fmax=0.379240 valid_micro_fmax=0.326772
epoch=18 loss=0.004350 validation_macro_fmax=0.389552 valid_micro_fmax=0.343632
epoch=19 loss=0.066550 validation_macro_fmax=0.363767 valid_micro_fmax=0.258049
epoch=20 loss=0.017104 validation_macro_fmax=0.390614 valid_micro_fmax=0.269397
epoch=21 loss=0.009075 validation_macro_fmax=0.361404 valid_micro_fmax=0.311460
Early stopping after 21 epochs (patience=8)
GPU completion: NVIDIA L40S, 45025, 46068, 0
