GPU: NVIDIA L40S
CUDA tensor check: 8.0
Sun Jul 19 21:03:06 2026       
+-----------------------------------------------------------------------------------------+
| NVIDIA-SMI 560.35.03              Driver Version: 560.35.03      CUDA Version: 12.6     |
|-----------------------------------------+------------------------+----------------------+
| GPU  Name                 Persistence-M | Bus-Id          Disp.A | Volatile Uncorr. ECC |
| Fan  Temp   Perf          Pwr:Usage/Cap |           Memory-Usage | GPU-Util  Compute M. |
|                                         |                        |               MIG M. |
|=========================================+========================+======================|
|   0  NVIDIA L40S                    On  |   00000000:B5:00.0 Off |                    0 |
| N/A   47C    P0             45W /  350W |     503MiB /  46068MiB |      4%      Default |
|                                         |                        |                  N/A |
+-----------------------------------------+------------------------+----------------------+
                                                                                         
+-----------------------------------------------------------------------------------------+
| Processes:                                                                              |
|  GPU   GI   CI        PID   Type   Process name                              GPU Memory |
|        ID   ID                                                               Usage      |
|=========================================================================================|
|    0   N/A  N/A   1570849      C   python3                                       494MiB |
+-----------------------------------------------------------------------------------------+
CUDA verified: NVIDIA L40S; tensor dot product=8.0
GPU startup: NVIDIA L40S, 533, 46068, 0
Loaded train=6026, valid=754; reserved test set is not loaded
epoch=1 loss=1.225131 validation_macro_fmax=0.098942 valid_micro_fmax=0.014270
epoch=2 loss=1.148714 validation_macro_fmax=0.105145 valid_micro_fmax=0.014471
epoch=3 loss=1.096332 validation_macro_fmax=0.110718 valid_micro_fmax=0.014677
epoch=4 loss=1.053514 validation_macro_fmax=0.124315 valid_micro_fmax=0.015967
epoch=5 loss=1.018202 validation_macro_fmax=0.133155 valid_micro_fmax=0.017779
epoch=6 loss=0.988699 validation_macro_fmax=0.135866 valid_micro_fmax=0.022141
epoch=7 loss=0.963463 validation_macro_fmax=0.146973 valid_micro_fmax=0.027304
epoch=8 loss=0.940436 validation_macro_fmax=0.156732 valid_micro_fmax=0.032419
epoch=9 loss=0.920391 validation_macro_fmax=0.167208 valid_micro_fmax=0.037689
epoch=10 loss=0.900997 validation_macro_fmax=0.174136 valid_micro_fmax=0.044521
epoch=11 loss=0.884997 validation_macro_fmax=0.182400 valid_micro_fmax=0.050647
epoch=12 loss=0.871524 validation_macro_fmax=0.189710 valid_micro_fmax=0.050595
epoch=13 loss=0.857211 validation_macro_fmax=0.194641 valid_micro_fmax=0.060227
epoch=14 loss=0.844415 validation_macro_fmax=0.199674 valid_micro_fmax=0.062881
epoch=15 loss=0.834128 validation_macro_fmax=0.206452 valid_micro_fmax=0.064510
epoch=16 loss=0.825158 validation_macro_fmax=0.214228 valid_micro_fmax=0.080132
epoch=17 loss=0.811913 validation_macro_fmax=0.217542 valid_micro_fmax=0.080097
epoch=18 loss=0.803065 validation_macro_fmax=0.217980 valid_micro_fmax=0.075282
epoch=19 loss=0.793674 validation_macro_fmax=0.226852 valid_micro_fmax=0.086178
epoch=20 loss=0.785216 validation_macro_fmax=0.226139 valid_micro_fmax=0.092569
epoch=21 loss=0.777361 validation_macro_fmax=0.230474 valid_micro_fmax=0.093488
epoch=22 loss=0.768986 validation_macro_fmax=0.228635 valid_micro_fmax=0.093503
epoch=23 loss=0.761442 validation_macro_fmax=0.232929 valid_micro_fmax=0.093095
epoch=24 loss=0.752901 validation_macro_fmax=0.236523 valid_micro_fmax=0.095091
epoch=25 loss=0.745351 validation_macro_fmax=0.231848 valid_micro_fmax=0.094894
epoch=26 loss=0.738633 validation_macro_fmax=0.237147 valid_micro_fmax=0.099755
epoch=27 loss=0.730809 validation_macro_fmax=0.234412 valid_micro_fmax=0.098154
epoch=28 loss=0.722345 validation_macro_fmax=0.236146 valid_micro_fmax=0.103391
epoch=29 loss=0.713931 validation_macro_fmax=0.235082 valid_micro_fmax=0.101774
epoch=30 loss=0.707164 validation_macro_fmax=0.232080 valid_micro_fmax=0.104404
epoch=31 loss=0.699321 validation_macro_fmax=0.227539 valid_micro_fmax=0.100013
epoch=32 loss=0.690564 validation_macro_fmax=0.228587 valid_micro_fmax=0.098879
epoch=33 loss=0.681958 validation_macro_fmax=0.230679 valid_micro_fmax=0.105646
epoch=34 loss=0.673379 validation_macro_fmax=0.232244 valid_micro_fmax=0.110771
Early stopping after 34 epochs (patience=8)
GPU completion: NVIDIA L40S, 8197, 46068, 0
