GPU: NVIDIA L40S
CUDA tensor check: 8.0
Mon Jul 20 02:12:21 2026       
+-----------------------------------------------------------------------------------------+
| NVIDIA-SMI 560.35.03              Driver Version: 560.35.03      CUDA Version: 12.6     |
|-----------------------------------------+------------------------+----------------------+
| GPU  Name                 Persistence-M | Bus-Id          Disp.A | Volatile Uncorr. ECC |
| Fan  Temp   Perf          Pwr:Usage/Cap |           Memory-Usage | GPU-Util  Compute M. |
|                                         |                        |               MIG M. |
|=========================================+========================+======================|
|   0  NVIDIA L40S                    On  |   00000000:B5:00.0 Off |                    0 |
| N/A   48C    P0             41W /  350W |     503MiB /  46068MiB |      0%      Default |
|                                         |                        |                  N/A |
+-----------------------------------------+------------------------+----------------------+
                                                                                         
+-----------------------------------------------------------------------------------------+
| Processes:                                                                              |
|  GPU   GI   CI        PID   Type   Process name                              GPU Memory |
|        ID   ID                                                               Usage      |
|=========================================================================================|
|    0   N/A  N/A   1697498      C   python3                                       494MiB |
+-----------------------------------------------------------------------------------------+
CUDA verified: NVIDIA L40S; tensor dot product=8.0
GPU startup: NVIDIA L40S, 533, 46068, 0
Loaded train=6026, valid=754; reserved test set is not loaded
epoch=1 loss=1.087513 validation_macro_fmax=0.370274 valid_micro_fmax=0.300910
epoch=2 loss=0.870992 validation_macro_fmax=0.384358 valid_micro_fmax=0.362340
epoch=3 loss=0.756210 validation_macro_fmax=0.407180 valid_micro_fmax=0.404336
epoch=4 loss=0.636012 validation_macro_fmax=0.431621 valid_micro_fmax=0.367551
epoch=5 loss=0.515428 validation_macro_fmax=0.446739 valid_micro_fmax=0.401506
epoch=6 loss=0.396107 validation_macro_fmax=0.457014 valid_micro_fmax=0.401180
epoch=7 loss=0.310538 validation_macro_fmax=0.434872 valid_micro_fmax=0.497658
epoch=8 loss=0.246547 validation_macro_fmax=0.423146 valid_micro_fmax=0.415363
epoch=9 loss=0.213474 validation_macro_fmax=0.432376 valid_micro_fmax=0.488422
epoch=10 loss=0.168910 validation_macro_fmax=0.439618 valid_micro_fmax=0.494887
epoch=11 loss=0.154816 validation_macro_fmax=0.441925 valid_micro_fmax=0.469303
epoch=12 loss=0.124048 validation_macro_fmax=0.444730 valid_micro_fmax=0.416547
epoch=13 loss=0.109367 validation_macro_fmax=0.421474 valid_micro_fmax=0.476313
epoch=14 loss=0.108806 validation_macro_fmax=0.430517 valid_micro_fmax=0.455851
epoch=15 loss=0.096941 validation_macro_fmax=0.416576 valid_micro_fmax=0.490168
Early stopping after 15 epochs (patience=9)
GPU completion: NVIDIA L40S, 8407, 46068, 0
