GPU: NVIDIA L40S
CUDA tensor check: 8.0
Mon Jul 20 00:34:12 2026       
+-----------------------------------------------------------------------------------------+
| NVIDIA-SMI 560.35.03              Driver Version: 560.35.03      CUDA Version: 12.6     |
|-----------------------------------------+------------------------+----------------------+
| GPU  Name                 Persistence-M | Bus-Id          Disp.A | Volatile Uncorr. ECC |
| Fan  Temp   Perf          Pwr:Usage/Cap |           Memory-Usage | GPU-Util  Compute M. |
|                                         |                        |               MIG M. |
|=========================================+========================+======================|
|   0  NVIDIA L40S                    On  |   00000000:B5:00.0 Off |                    0 |
| N/A   48C    P0             43W /  350W |     503MiB /  46068MiB |      1%      Default |
|                                         |                        |                  N/A |
+-----------------------------------------+------------------------+----------------------+
                                                                                         
+-----------------------------------------------------------------------------------------+
| Processes:                                                                              |
|  GPU   GI   CI        PID   Type   Process name                              GPU Memory |
|        ID   ID                                                               Usage      |
|=========================================================================================|
|    0   N/A  N/A   1657158      C   python3                                       494MiB |
+-----------------------------------------------------------------------------------------+
CUDA verified: NVIDIA L40S; tensor dot product=8.0
GPU startup: NVIDIA L40S, 533, 46068, 5
Loaded train=6026, valid=754; reserved test set is not loaded
epoch=1 loss=0.411141 validation_macro_fmax=0.091457 valid_micro_fmax=0.014328
epoch=2 loss=0.383680 validation_macro_fmax=0.095311 valid_micro_fmax=0.014485
epoch=3 loss=0.364542 validation_macro_fmax=0.101406 valid_micro_fmax=0.014525
epoch=4 loss=0.349648 validation_macro_fmax=0.105060 valid_micro_fmax=0.014662
epoch=5 loss=0.336936 validation_macro_fmax=0.106470 valid_micro_fmax=0.014890
epoch=6 loss=0.326417 validation_macro_fmax=0.110904 valid_micro_fmax=0.015368
epoch=7 loss=0.317718 validation_macro_fmax=0.113788 valid_micro_fmax=0.015728
epoch=8 loss=0.309067 validation_macro_fmax=0.119415 valid_micro_fmax=0.015784
epoch=9 loss=0.302154 validation_macro_fmax=0.120149 valid_micro_fmax=0.016134
epoch=10 loss=0.296284 validation_macro_fmax=0.126512 valid_micro_fmax=0.016289
epoch=11 loss=0.289463 validation_macro_fmax=0.129575 valid_micro_fmax=0.016472
epoch=12 loss=0.285036 validation_macro_fmax=0.130740 valid_micro_fmax=0.017024
epoch=13 loss=0.279829 validation_macro_fmax=0.134399 valid_micro_fmax=0.017636
epoch=14 loss=0.275748 validation_macro_fmax=0.137895 valid_micro_fmax=0.018311
epoch=15 loss=0.271489 validation_macro_fmax=0.140348 valid_micro_fmax=0.018367
epoch=16 loss=0.267025 validation_macro_fmax=0.144913 valid_micro_fmax=0.018853
epoch=17 loss=0.263431 validation_macro_fmax=0.144910 valid_micro_fmax=0.019476
epoch=18 loss=0.260188 validation_macro_fmax=0.150382 valid_micro_fmax=0.020062
epoch=19 loss=0.256691 validation_macro_fmax=0.154662 valid_micro_fmax=0.021159
epoch=20 loss=0.253877 validation_macro_fmax=0.158683 valid_micro_fmax=0.020795
epoch=21 loss=0.250588 validation_macro_fmax=0.163671 valid_micro_fmax=0.022158
epoch=22 loss=0.248470 validation_macro_fmax=0.169053 valid_micro_fmax=0.024993
epoch=23 loss=0.245943 validation_macro_fmax=0.168325 valid_micro_fmax=0.025947
epoch=24 loss=0.243028 validation_macro_fmax=0.178268 valid_micro_fmax=0.028585
epoch=25 loss=0.240591 validation_macro_fmax=0.179447 valid_micro_fmax=0.028593
epoch=26 loss=0.238095 validation_macro_fmax=0.185494 valid_micro_fmax=0.031260
epoch=27 loss=0.236126 validation_macro_fmax=0.192719 valid_micro_fmax=0.033898
epoch=28 loss=0.233484 validation_macro_fmax=0.196427 valid_micro_fmax=0.035326
epoch=29 loss=0.231184 validation_macro_fmax=0.200275 valid_micro_fmax=0.036371
epoch=30 loss=0.229239 validation_macro_fmax=0.203914 valid_micro_fmax=0.038298
epoch=31 loss=0.227303 validation_macro_fmax=0.208431 valid_micro_fmax=0.039472
epoch=32 loss=0.224580 validation_macro_fmax=0.214421 valid_micro_fmax=0.042375
epoch=33 loss=0.222584 validation_macro_fmax=0.222203 valid_micro_fmax=0.047678
epoch=34 loss=0.220696 validation_macro_fmax=0.223769 valid_micro_fmax=0.048267
epoch=35 loss=0.218786 validation_macro_fmax=0.227181 valid_micro_fmax=0.050978
epoch=36 loss=0.217170 validation_macro_fmax=0.232454 valid_micro_fmax=0.049870
epoch=37 loss=0.214574 validation_macro_fmax=0.232098 valid_micro_fmax=0.053017
epoch=38 loss=0.212948 validation_macro_fmax=0.238966 valid_micro_fmax=0.061406
epoch=39 loss=0.210689 validation_macro_fmax=0.241252 valid_micro_fmax=0.064351
epoch=40 loss=0.208715 validation_macro_fmax=0.245199 valid_micro_fmax=0.061598
epoch=41 loss=0.206939 validation_macro_fmax=0.255075 valid_micro_fmax=0.061939
epoch=42 loss=0.204569 validation_macro_fmax=0.259427 valid_micro_fmax=0.063903
epoch=43 loss=0.202409 validation_macro_fmax=0.258698 valid_micro_fmax=0.071510
epoch=44 loss=0.201119 validation_macro_fmax=0.263282 valid_micro_fmax=0.070636
epoch=45 loss=0.198363 validation_macro_fmax=0.270198 valid_micro_fmax=0.073323
epoch=46 loss=0.196215 validation_macro_fmax=0.268571 valid_micro_fmax=0.076050
epoch=47 loss=0.194288 validation_macro_fmax=0.282804 valid_micro_fmax=0.073209
epoch=48 loss=0.191953 validation_macro_fmax=0.274134 valid_micro_fmax=0.076483
epoch=49 loss=0.190199 validation_macro_fmax=0.277939 valid_micro_fmax=0.077657
epoch=50 loss=0.187707 validation_macro_fmax=0.273466 valid_micro_fmax=0.079323
epoch=51 loss=0.186226 validation_macro_fmax=0.279405 valid_micro_fmax=0.075989
epoch=52 loss=0.184046 validation_macro_fmax=0.288939 valid_micro_fmax=0.082774
epoch=53 loss=0.181447 validation_macro_fmax=0.275379 valid_micro_fmax=0.085581
epoch=54 loss=0.179430 validation_macro_fmax=0.279520 valid_micro_fmax=0.083630
epoch=55 loss=0.176659 validation_macro_fmax=0.284525 valid_micro_fmax=0.092694
epoch=56 loss=0.174689 validation_macro_fmax=0.284971 valid_micro_fmax=0.088094
epoch=57 loss=0.172518 validation_macro_fmax=0.285004 valid_micro_fmax=0.091798
epoch=58 loss=0.169961 validation_macro_fmax=0.282445 valid_micro_fmax=0.088593
epoch=59 loss=0.167657 validation_macro_fmax=0.288719 valid_micro_fmax=0.092848
epoch=60 loss=0.165433 validation_macro_fmax=0.291321 valid_micro_fmax=0.088030
epoch=61 loss=0.162296 validation_macro_fmax=0.281301 valid_micro_fmax=0.097453
epoch=62 loss=0.160232 validation_macro_fmax=0.290165 valid_micro_fmax=0.096961
epoch=63 loss=0.158133 validation_macro_fmax=0.278354 valid_micro_fmax=0.092328
epoch=64 loss=0.155292 validation_macro_fmax=0.287186 valid_micro_fmax=0.098575
epoch=65 loss=0.153023 validation_macro_fmax=0.278814 valid_micro_fmax=0.088324
epoch=66 loss=0.150507 validation_macro_fmax=0.269025 valid_micro_fmax=0.096316
epoch=67 loss=0.147847 validation_macro_fmax=0.271155 valid_micro_fmax=0.099128
epoch=68 loss=0.145393 validation_macro_fmax=0.271571 valid_micro_fmax=0.096077
epoch=69 loss=0.143429 validation_macro_fmax=0.272473 valid_micro_fmax=0.106018
Early stopping after 69 epochs (patience=9)
GPU completion: NVIDIA L40S, 24507, 46068, 0
