GPU: NVIDIA L40S
CUDA tensor check: 8.0
Mon Jul 20 05:30:57 2026       
+-----------------------------------------------------------------------------------------+
| NVIDIA-SMI 560.35.03              Driver Version: 560.35.03      CUDA Version: 12.6     |
|-----------------------------------------+------------------------+----------------------+
| GPU  Name                 Persistence-M | Bus-Id          Disp.A | Volatile Uncorr. ECC |
| Fan  Temp   Perf          Pwr:Usage/Cap |           Memory-Usage | GPU-Util  Compute M. |
|                                         |                        |               MIG M. |
|=========================================+========================+======================|
|   0  NVIDIA L40S                    On  |   00000000:B5:00.0 Off |                    0 |
| N/A   47C    P0             44W /  350W |     503MiB /  46068MiB |      0%      Default |
|                                         |                        |                  N/A |
+-----------------------------------------+------------------------+----------------------+
                                                                                         
+-----------------------------------------------------------------------------------------+
| Processes:                                                                              |
|  GPU   GI   CI        PID   Type   Process name                              GPU Memory |
|        ID   ID                                                               Usage      |
|=========================================================================================|
|    0   N/A  N/A   1564221      C   python3                                       494MiB |
+-----------------------------------------------------------------------------------------+
CUDA verified: NVIDIA L40S; tensor dot product=8.0
GPU startup: NVIDIA L40S, 533, 46068, 2
Loaded train=6026, valid=754; reserved test set is not loaded
epoch=1 loss=1.258272 validation_macro_fmax=0.098601 valid_micro_fmax=0.020509
epoch=2 loss=1.185928 validation_macro_fmax=0.102720 valid_micro_fmax=0.018865
epoch=3 loss=1.138411 validation_macro_fmax=0.114477 valid_micro_fmax=0.020797
epoch=4 loss=1.097762 validation_macro_fmax=0.130688 valid_micro_fmax=0.027517
epoch=5 loss=1.066295 validation_macro_fmax=0.142279 valid_micro_fmax=0.032991
epoch=6 loss=1.040369 validation_macro_fmax=0.154516 valid_micro_fmax=0.040026
epoch=7 loss=1.015900 validation_macro_fmax=0.157098 valid_micro_fmax=0.043217
epoch=8 loss=0.991925 validation_macro_fmax=0.167617 valid_micro_fmax=0.059002
epoch=9 loss=0.975009 validation_macro_fmax=0.178318 valid_micro_fmax=0.079928
epoch=10 loss=0.958258 validation_macro_fmax=0.185041 valid_micro_fmax=0.099850
epoch=11 loss=0.940112 validation_macro_fmax=0.195250 valid_micro_fmax=0.105392
epoch=12 loss=0.926916 validation_macro_fmax=0.200410 valid_micro_fmax=0.126075
epoch=13 loss=0.915020 validation_macro_fmax=0.212394 valid_micro_fmax=0.133333
epoch=14 loss=0.902754 validation_macro_fmax=0.215834 valid_micro_fmax=0.139799
epoch=15 loss=0.890727 validation_macro_fmax=0.223096 valid_micro_fmax=0.161420
epoch=16 loss=0.882624 validation_macro_fmax=0.232220 valid_micro_fmax=0.163774
epoch=17 loss=0.870556 validation_macro_fmax=0.238611 valid_micro_fmax=0.171391
epoch=18 loss=0.861917 validation_macro_fmax=0.247170 valid_micro_fmax=0.184967
epoch=19 loss=0.852660 validation_macro_fmax=0.252600 valid_micro_fmax=0.189298
epoch=20 loss=0.843262 validation_macro_fmax=0.258674 valid_micro_fmax=0.194340
epoch=21 loss=0.837064 validation_macro_fmax=0.265338 valid_micro_fmax=0.204825
epoch=22 loss=0.826753 validation_macro_fmax=0.267970 valid_micro_fmax=0.214262
epoch=23 loss=0.818478 validation_macro_fmax=0.273097 valid_micro_fmax=0.216420
epoch=24 loss=0.813074 validation_macro_fmax=0.273405 valid_micro_fmax=0.217348
epoch=25 loss=0.805054 validation_macro_fmax=0.284586 valid_micro_fmax=0.222920
epoch=26 loss=0.796530 validation_macro_fmax=0.289995 valid_micro_fmax=0.223657
epoch=27 loss=0.790407 validation_macro_fmax=0.289775 valid_micro_fmax=0.226153
epoch=28 loss=0.782128 validation_macro_fmax=0.293068 valid_micro_fmax=0.233163
epoch=29 loss=0.774662 validation_macro_fmax=0.293581 valid_micro_fmax=0.235139
epoch=30 loss=0.768246 validation_macro_fmax=0.302122 valid_micro_fmax=0.232923
epoch=31 loss=0.761963 validation_macro_fmax=0.302257 valid_micro_fmax=0.240924
epoch=32 loss=0.756433 validation_macro_fmax=0.312216 valid_micro_fmax=0.241856
epoch=33 loss=0.747960 validation_macro_fmax=0.307358 valid_micro_fmax=0.245036
epoch=34 loss=0.739804 validation_macro_fmax=0.309457 valid_micro_fmax=0.250339
epoch=35 loss=0.733007 validation_macro_fmax=0.316549 valid_micro_fmax=0.255916
epoch=36 loss=0.724142 validation_macro_fmax=0.316601 valid_micro_fmax=0.260582
epoch=37 loss=0.717823 validation_macro_fmax=0.322473 valid_micro_fmax=0.259864
epoch=38 loss=0.709377 validation_macro_fmax=0.317335 valid_micro_fmax=0.268722
epoch=39 loss=0.701154 validation_macro_fmax=0.326481 valid_micro_fmax=0.262264
epoch=40 loss=0.691233 validation_macro_fmax=0.320595 valid_micro_fmax=0.265901
epoch=41 loss=0.685270 validation_macro_fmax=0.323262 valid_micro_fmax=0.268257
epoch=42 loss=0.674758 validation_macro_fmax=0.322677 valid_micro_fmax=0.263150
epoch=43 loss=0.668412 validation_macro_fmax=0.326332 valid_micro_fmax=0.267510
epoch=44 loss=0.658800 validation_macro_fmax=0.328554 valid_micro_fmax=0.272450
epoch=45 loss=0.649050 validation_macro_fmax=0.326371 valid_micro_fmax=0.277276
epoch=46 loss=0.637839 validation_macro_fmax=0.323746 valid_micro_fmax=0.275544
epoch=47 loss=0.630744 validation_macro_fmax=0.324759 valid_micro_fmax=0.277626
epoch=48 loss=0.622038 validation_macro_fmax=0.332691 valid_micro_fmax=0.273840
epoch=49 loss=0.612550 validation_macro_fmax=0.333254 valid_micro_fmax=0.275459
epoch=50 loss=0.600525 validation_macro_fmax=0.333242 valid_micro_fmax=0.276818
epoch=51 loss=0.591412 validation_macro_fmax=0.334875 valid_micro_fmax=0.274800
epoch=52 loss=0.582808 validation_macro_fmax=0.337943 valid_micro_fmax=0.274440
epoch=53 loss=0.571209 validation_macro_fmax=0.338511 valid_micro_fmax=0.277093
epoch=54 loss=0.560411 validation_macro_fmax=0.340475 valid_micro_fmax=0.281770
epoch=55 loss=0.550970 validation_macro_fmax=0.336573 valid_micro_fmax=0.280036
epoch=56 loss=0.540588 validation_macro_fmax=0.340298 valid_micro_fmax=0.276980
epoch=57 loss=0.529576 validation_macro_fmax=0.349898 valid_micro_fmax=0.277506
epoch=58 loss=0.517326 validation_macro_fmax=0.345249 valid_micro_fmax=0.285449
epoch=59 loss=0.508387 validation_macro_fmax=0.350180 valid_micro_fmax=0.288291
epoch=60 loss=0.495638 validation_macro_fmax=0.352222 valid_micro_fmax=0.289515
epoch=61 loss=0.486886 validation_macro_fmax=0.352452 valid_micro_fmax=0.292240
epoch=62 loss=0.472860 validation_macro_fmax=0.355577 valid_micro_fmax=0.282726
epoch=63 loss=0.466093 validation_macro_fmax=0.354139 valid_micro_fmax=0.276646
epoch=64 loss=0.452772 validation_macro_fmax=0.358476 valid_micro_fmax=0.285890
epoch=65 loss=0.441702 validation_macro_fmax=0.356668 valid_micro_fmax=0.284742
epoch=66 loss=0.433818 validation_macro_fmax=0.362203 valid_micro_fmax=0.289933
epoch=67 loss=0.423831 validation_macro_fmax=0.356528 valid_micro_fmax=0.293935
epoch=68 loss=0.410927 validation_macro_fmax=0.358334 valid_micro_fmax=0.287774
epoch=69 loss=0.398384 validation_macro_fmax=0.359785 valid_micro_fmax=0.296087
epoch=70 loss=0.387830 validation_macro_fmax=0.353130 valid_micro_fmax=0.299639
epoch=71 loss=0.377489 validation_macro_fmax=0.357331 valid_micro_fmax=0.293058
epoch=72 loss=0.368646 validation_macro_fmax=0.360411 valid_micro_fmax=0.302020
epoch=73 loss=0.359823 validation_macro_fmax=0.356305 valid_micro_fmax=0.305816
epoch=74 loss=0.348064 validation_macro_fmax=0.362701 valid_micro_fmax=0.300086
epoch=75 loss=0.339953 validation_macro_fmax=0.366903 valid_micro_fmax=0.306375
epoch=76 loss=0.327792 validation_macro_fmax=0.362393 valid_micro_fmax=0.304444
epoch=77 loss=0.319282 validation_macro_fmax=0.371069 valid_micro_fmax=0.304729
epoch=78 loss=0.310290 validation_macro_fmax=0.367082 valid_micro_fmax=0.307903
epoch=79 loss=0.302110 validation_macro_fmax=0.365213 valid_micro_fmax=0.312816
epoch=80 loss=0.292434 validation_macro_fmax=0.371045 valid_micro_fmax=0.311381
epoch=81 loss=0.283498 validation_macro_fmax=0.365126 valid_micro_fmax=0.317563
epoch=82 loss=0.276319 validation_macro_fmax=0.377573 valid_micro_fmax=0.318545
epoch=83 loss=0.266768 validation_macro_fmax=0.382774 valid_micro_fmax=0.313540
epoch=84 loss=0.260248 validation_macro_fmax=0.376178 valid_micro_fmax=0.309649
epoch=85 loss=0.252482 validation_macro_fmax=0.378224 valid_micro_fmax=0.312163
epoch=86 loss=0.243385 validation_macro_fmax=0.375359 valid_micro_fmax=0.316225
epoch=87 loss=0.234547 validation_macro_fmax=0.375915 valid_micro_fmax=0.324003
epoch=88 loss=0.230515 validation_macro_fmax=0.375485 valid_micro_fmax=0.319943
epoch=89 loss=0.222440 validation_macro_fmax=0.381080 valid_micro_fmax=0.333097
epoch=90 loss=0.216548 validation_macro_fmax=0.375694 valid_micro_fmax=0.324857
epoch=91 loss=0.211376 validation_macro_fmax=0.377627 valid_micro_fmax=0.326156
Early stopping after 91 epochs (patience=8)
GPU completion: NVIDIA L40S, 28321, 46068, 0
