GPU: NVIDIA L40S
CUDA tensor check: 8.0
Sun Jul 19 07:46:20 2026       
+-----------------------------------------------------------------------------------------+
| NVIDIA-SMI 560.35.03              Driver Version: 560.35.03      CUDA Version: 12.6     |
|-----------------------------------------+------------------------+----------------------+
| GPU  Name                 Persistence-M | Bus-Id          Disp.A | Volatile Uncorr. ECC |
| Fan  Temp   Perf          Pwr:Usage/Cap |           Memory-Usage | GPU-Util  Compute M. |
|                                         |                        |               MIG M. |
|=========================================+========================+======================|
|   0  NVIDIA L40S                    On  |   00000000:0D:00.0 Off |                    0 |
| N/A   50C    P0             44W /  350W |     503MiB /  46068MiB |      0%      Default |
|                                         |                        |                  N/A |
+-----------------------------------------+------------------------+----------------------+
                                                                                         
+-----------------------------------------------------------------------------------------+
| Processes:                                                                              |
|  GPU   GI   CI        PID   Type   Process name                              GPU Memory |
|        ID   ID                                                               Usage      |
|=========================================================================================|
|    0   N/A  N/A   1193161      C   python3                                       494MiB |
+-----------------------------------------------------------------------------------------+
CUDA verified: NVIDIA L40S; tensor dot product=8.0
GPU startup: NVIDIA L40S, 533, 46068, 5
Loaded train=6026, valid=754; reserved test set is not loaded
epoch=1 loss=0.943547 validation_macro_fmax=0.167020 valid_micro_fmax=0.136983
epoch=2 loss=0.639469 validation_macro_fmax=0.193462 valid_micro_fmax=0.181338
epoch=3 loss=0.393400 validation_macro_fmax=0.230992 valid_micro_fmax=0.222392
epoch=4 loss=0.225194 validation_macro_fmax=0.191121 valid_micro_fmax=0.227987
epoch=5 loss=0.138250 validation_macro_fmax=0.199206 valid_micro_fmax=0.240918
epoch=6 loss=0.093778 validation_macro_fmax=0.325945 valid_micro_fmax=0.243109
epoch=7 loss=0.073867 validation_macro_fmax=0.196396 valid_micro_fmax=0.299406
epoch=8 loss=0.056690 validation_macro_fmax=0.221449 valid_micro_fmax=0.253139
epoch=9 loss=0.048139 validation_macro_fmax=0.246634 valid_micro_fmax=0.275227
epoch=10 loss=0.041303 validation_macro_fmax=0.218371 valid_micro_fmax=0.300724
epoch=11 loss=0.031618 validation_macro_fmax=0.247646 valid_micro_fmax=0.286438
epoch=12 loss=0.033810 validation_macro_fmax=0.200749 valid_micro_fmax=0.308536
epoch=13 loss=0.029565 validation_macro_fmax=0.216393 valid_micro_fmax=0.259504
epoch=14 loss=0.024059 validation_macro_fmax=0.231307 valid_micro_fmax=0.283126
Early stopping after 14 epochs (patience=8)
GPU completion: NVIDIA L40S, 44659, 46068, 0
