GPU: NVIDIA L40S
CUDA tensor check: 8.0
Sun Jul 19 05:18:49 2026       
+-----------------------------------------------------------------------------------------+
| NVIDIA-SMI 560.35.03              Driver Version: 560.35.03      CUDA Version: 12.6     |
|-----------------------------------------+------------------------+----------------------+
| GPU  Name                 Persistence-M | Bus-Id          Disp.A | Volatile Uncorr. ECC |
| Fan  Temp   Perf          Pwr:Usage/Cap |           Memory-Usage | GPU-Util  Compute M. |
|                                         |                        |               MIG M. |
|=========================================+========================+======================|
|   0  NVIDIA L40S                    On  |   00000000:0D:00.0 Off |                    0 |
| N/A   45C    P0             45W /  350W |     503MiB /  46068MiB |      5%      Default |
|                                         |                        |                  N/A |
+-----------------------------------------+------------------------+----------------------+
                                                                                         
+-----------------------------------------------------------------------------------------+
| Processes:                                                                              |
|  GPU   GI   CI        PID   Type   Process name                              GPU Memory |
|        ID   ID                                                               Usage      |
|=========================================================================================|
|    0   N/A  N/A   1017671      C   python3                                       494MiB |
+-----------------------------------------------------------------------------------------+
CUDA verified: NVIDIA L40S; tensor dot product=8.0
GPU startup: NVIDIA L40S, 533, 46068, 0
Loaded train=6026, valid=754; reserved test set is not loaded
epoch=1 loss=1.224488 validation_macro_fmax=0.100671 valid_micro_fmax=0.010361
epoch=2 loss=1.162266 validation_macro_fmax=0.107153 valid_micro_fmax=0.010190
epoch=3 loss=1.114254 validation_macro_fmax=0.108324 valid_micro_fmax=0.011335
epoch=4 loss=1.075655 validation_macro_fmax=0.112549 valid_micro_fmax=0.011896
epoch=5 loss=1.042153 validation_macro_fmax=0.116210 valid_micro_fmax=0.011428
epoch=6 loss=1.015260 validation_macro_fmax=0.120224 valid_micro_fmax=0.011764
epoch=7 loss=0.989053 validation_macro_fmax=0.119723 valid_micro_fmax=0.012734
epoch=8 loss=0.967302 validation_macro_fmax=0.122851 valid_micro_fmax=0.013729
epoch=9 loss=0.948120 validation_macro_fmax=0.125339 valid_micro_fmax=0.016761
epoch=10 loss=0.931193 validation_macro_fmax=0.128114 valid_micro_fmax=0.017988
epoch=11 loss=0.916021 validation_macro_fmax=0.126567 valid_micro_fmax=0.015974
epoch=12 loss=0.901419 validation_macro_fmax=0.128390 valid_micro_fmax=0.016282
epoch=13 loss=0.888744 validation_macro_fmax=0.132315 valid_micro_fmax=0.016987
epoch=14 loss=0.877650 validation_macro_fmax=0.134239 valid_micro_fmax=0.021541
epoch=15 loss=0.865880 validation_macro_fmax=0.135274 valid_micro_fmax=0.022235
epoch=16 loss=0.855909 validation_macro_fmax=0.140868 valid_micro_fmax=0.025421
epoch=17 loss=0.846322 validation_macro_fmax=0.141700 valid_micro_fmax=0.026692
epoch=18 loss=0.838508 validation_macro_fmax=0.140509 valid_micro_fmax=0.027001
epoch=19 loss=0.829391 validation_macro_fmax=0.138260 valid_micro_fmax=0.030230
epoch=20 loss=0.820586 validation_macro_fmax=0.142802 valid_micro_fmax=0.030381
epoch=21 loss=0.813318 validation_macro_fmax=0.141581 valid_micro_fmax=0.034924
epoch=22 loss=0.806552 validation_macro_fmax=0.146103 valid_micro_fmax=0.035126
epoch=23 loss=0.799457 validation_macro_fmax=0.146553 valid_micro_fmax=0.036331
epoch=24 loss=0.792698 validation_macro_fmax=0.140366 valid_micro_fmax=0.038416
epoch=25 loss=0.785739 validation_macro_fmax=0.142745 valid_micro_fmax=0.040130
epoch=26 loss=0.779782 validation_macro_fmax=0.149112 valid_micro_fmax=0.051789
epoch=27 loss=0.773651 validation_macro_fmax=0.146462 valid_micro_fmax=0.052242
epoch=28 loss=0.767391 validation_macro_fmax=0.144054 valid_micro_fmax=0.060093
epoch=29 loss=0.761189 validation_macro_fmax=0.145027 valid_micro_fmax=0.055154
epoch=30 loss=0.754870 validation_macro_fmax=0.149047 valid_micro_fmax=0.063488
epoch=31 loss=0.749719 validation_macro_fmax=0.148647 valid_micro_fmax=0.070453
epoch=32 loss=0.743966 validation_macro_fmax=0.152115 valid_micro_fmax=0.072855
epoch=33 loss=0.737330 validation_macro_fmax=0.151515 valid_micro_fmax=0.074098
epoch=34 loss=0.732892 validation_macro_fmax=0.152869 valid_micro_fmax=0.079501
epoch=35 loss=0.725580 validation_macro_fmax=0.150779 valid_micro_fmax=0.077913
epoch=36 loss=0.720129 validation_macro_fmax=0.152366 valid_micro_fmax=0.080831
epoch=37 loss=0.713330 validation_macro_fmax=0.155039 valid_micro_fmax=0.081026
epoch=38 loss=0.707138 validation_macro_fmax=0.156972 valid_micro_fmax=0.079779
epoch=39 loss=0.701157 validation_macro_fmax=0.156573 valid_micro_fmax=0.085121
epoch=40 loss=0.694247 validation_macro_fmax=0.160965 valid_micro_fmax=0.091008
epoch=41 loss=0.687419 validation_macro_fmax=0.161580 valid_micro_fmax=0.086926
epoch=42 loss=0.680883 validation_macro_fmax=0.161585 valid_micro_fmax=0.088155
epoch=43 loss=0.674050 validation_macro_fmax=0.162318 valid_micro_fmax=0.088612
epoch=44 loss=0.667288 validation_macro_fmax=0.162925 valid_micro_fmax=0.091606
epoch=45 loss=0.659861 validation_macro_fmax=0.164869 valid_micro_fmax=0.091371
epoch=46 loss=0.652114 validation_macro_fmax=0.165151 valid_micro_fmax=0.091869
epoch=47 loss=0.644979 validation_macro_fmax=0.165415 valid_micro_fmax=0.099900
epoch=48 loss=0.637704 validation_macro_fmax=0.167258 valid_micro_fmax=0.097134
epoch=49 loss=0.630048 validation_macro_fmax=0.171122 valid_micro_fmax=0.115747
epoch=50 loss=0.621982 validation_macro_fmax=0.170968 valid_micro_fmax=0.099111
epoch=51 loss=0.614160 validation_macro_fmax=0.174882 valid_micro_fmax=0.102852
epoch=52 loss=0.605794 validation_macro_fmax=0.175141 valid_micro_fmax=0.110280
epoch=53 loss=0.597122 validation_macro_fmax=0.172210 valid_micro_fmax=0.104396
epoch=54 loss=0.589139 validation_macro_fmax=0.174858 valid_micro_fmax=0.107854
epoch=55 loss=0.580615 validation_macro_fmax=0.175241 valid_micro_fmax=0.118208
epoch=56 loss=0.571567 validation_macro_fmax=0.174746 valid_micro_fmax=0.121522
epoch=57 loss=0.563054 validation_macro_fmax=0.176226 valid_micro_fmax=0.118453
epoch=58 loss=0.554190 validation_macro_fmax=0.177714 valid_micro_fmax=0.110829
epoch=59 loss=0.545331 validation_macro_fmax=0.179452 valid_micro_fmax=0.115994
epoch=60 loss=0.535897 validation_macro_fmax=0.180516 valid_micro_fmax=0.125020
epoch=61 loss=0.526934 validation_macro_fmax=0.179763 valid_micro_fmax=0.121012
epoch=62 loss=0.517394 validation_macro_fmax=0.183662 valid_micro_fmax=0.128779
epoch=63 loss=0.507779 validation_macro_fmax=0.182678 valid_micro_fmax=0.126614
epoch=64 loss=0.498481 validation_macro_fmax=0.183305 valid_micro_fmax=0.129662
epoch=65 loss=0.489499 validation_macro_fmax=0.182593 valid_micro_fmax=0.128760
epoch=66 loss=0.479809 validation_macro_fmax=0.185998 valid_micro_fmax=0.129836
epoch=67 loss=0.470198 validation_macro_fmax=0.186139 valid_micro_fmax=0.132104
epoch=68 loss=0.460888 validation_macro_fmax=0.188024 valid_micro_fmax=0.129361
epoch=69 loss=0.451465 validation_macro_fmax=0.189760 valid_micro_fmax=0.134812
epoch=70 loss=0.441757 validation_macro_fmax=0.190062 valid_micro_fmax=0.134140
epoch=71 loss=0.432316 validation_macro_fmax=0.184922 valid_micro_fmax=0.132369
epoch=72 loss=0.422650 validation_macro_fmax=0.186837 valid_micro_fmax=0.135684
epoch=73 loss=0.413415 validation_macro_fmax=0.190541 valid_micro_fmax=0.137762
epoch=74 loss=0.404775 validation_macro_fmax=0.187451 valid_micro_fmax=0.132559
epoch=75 loss=0.394954 validation_macro_fmax=0.188559 valid_micro_fmax=0.140398
epoch=76 loss=0.385931 validation_macro_fmax=0.188141 valid_micro_fmax=0.136521
epoch=77 loss=0.376936 validation_macro_fmax=0.189284 valid_micro_fmax=0.139646
epoch=78 loss=0.367969 validation_macro_fmax=0.190288 valid_micro_fmax=0.142351
epoch=79 loss=0.359262 validation_macro_fmax=0.192681 valid_micro_fmax=0.144857
epoch=80 loss=0.350381 validation_macro_fmax=0.194346 valid_micro_fmax=0.144658
epoch=81 loss=0.341530 validation_macro_fmax=0.193230 valid_micro_fmax=0.149530
epoch=82 loss=0.333688 validation_macro_fmax=0.193987 valid_micro_fmax=0.147901
epoch=83 loss=0.324489 validation_macro_fmax=0.189652 valid_micro_fmax=0.148716
epoch=84 loss=0.316668 validation_macro_fmax=0.194954 valid_micro_fmax=0.156245
epoch=85 loss=0.308348 validation_macro_fmax=0.194342 valid_micro_fmax=0.150745
epoch=86 loss=0.300413 validation_macro_fmax=0.196266 valid_micro_fmax=0.151560
epoch=87 loss=0.292450 validation_macro_fmax=0.194971 valid_micro_fmax=0.157376
epoch=88 loss=0.284606 validation_macro_fmax=0.193694 valid_micro_fmax=0.155455
epoch=89 loss=0.276832 validation_macro_fmax=0.197001 valid_micro_fmax=0.155107
epoch=90 loss=0.269298 validation_macro_fmax=0.193417 valid_micro_fmax=0.155744
epoch=91 loss=0.262014 validation_macro_fmax=0.196575 valid_micro_fmax=0.151618
epoch=92 loss=0.254583 validation_macro_fmax=0.197634 valid_micro_fmax=0.153869
epoch=93 loss=0.247478 validation_macro_fmax=0.197207 valid_micro_fmax=0.156587
epoch=94 loss=0.240830 validation_macro_fmax=0.199730 valid_micro_fmax=0.164501
epoch=95 loss=0.234225 validation_macro_fmax=0.201869 valid_micro_fmax=0.162965
epoch=96 loss=0.227208 validation_macro_fmax=0.200156 valid_micro_fmax=0.160782
epoch=97 loss=0.221296 validation_macro_fmax=0.201178 valid_micro_fmax=0.167848
epoch=98 loss=0.214464 validation_macro_fmax=0.200617 valid_micro_fmax=0.168815
epoch=99 loss=0.208111 validation_macro_fmax=0.200525 valid_micro_fmax=0.161998
epoch=100 loss=0.202721 validation_macro_fmax=0.198963 valid_micro_fmax=0.161110
epoch=101 loss=0.196835 validation_macro_fmax=0.201275 valid_micro_fmax=0.169059
epoch=102 loss=0.190919 validation_macro_fmax=0.197121 valid_micro_fmax=0.161366
epoch=103 loss=0.185664 validation_macro_fmax=0.204185 valid_micro_fmax=0.167076
epoch=104 loss=0.180206 validation_macro_fmax=0.203598 valid_micro_fmax=0.158767
epoch=105 loss=0.174834 validation_macro_fmax=0.203659 valid_micro_fmax=0.165781
epoch=106 loss=0.169858 validation_macro_fmax=0.205506 valid_micro_fmax=0.168399
epoch=107 loss=0.164665 validation_macro_fmax=0.204962 valid_micro_fmax=0.171700
epoch=108 loss=0.159676 validation_macro_fmax=0.206868 valid_micro_fmax=0.174078
epoch=109 loss=0.155259 validation_macro_fmax=0.207139 valid_micro_fmax=0.173043
epoch=110 loss=0.149947 validation_macro_fmax=0.208551 valid_micro_fmax=0.174204
epoch=111 loss=0.145722 validation_macro_fmax=0.205988 valid_micro_fmax=0.171636
epoch=112 loss=0.142169 validation_macro_fmax=0.208785 valid_micro_fmax=0.177640
epoch=113 loss=0.137639 validation_macro_fmax=0.209157 valid_micro_fmax=0.174951
epoch=114 loss=0.133681 validation_macro_fmax=0.210515 valid_micro_fmax=0.179086
epoch=115 loss=0.129052 validation_macro_fmax=0.209274 valid_micro_fmax=0.175596
epoch=116 loss=0.125570 validation_macro_fmax=0.209615 valid_micro_fmax=0.184228
epoch=117 loss=0.121508 validation_macro_fmax=0.210228 valid_micro_fmax=0.182142
epoch=118 loss=0.118102 validation_macro_fmax=0.209738 valid_micro_fmax=0.184946
epoch=119 loss=0.114573 validation_macro_fmax=0.206592 valid_micro_fmax=0.182764
epoch=120 loss=0.111399 validation_macro_fmax=0.208667 valid_micro_fmax=0.190792
epoch=121 loss=0.108079 validation_macro_fmax=0.210121 valid_micro_fmax=0.187623
epoch=122 loss=0.104525 validation_macro_fmax=0.211205 valid_micro_fmax=0.190657
epoch=123 loss=0.101492 validation_macro_fmax=0.211724 valid_micro_fmax=0.185584
epoch=124 loss=0.098526 validation_macro_fmax=0.211258 valid_micro_fmax=0.195169
epoch=125 loss=0.095481 validation_macro_fmax=0.212311 valid_micro_fmax=0.194671
epoch=126 loss=0.092616 validation_macro_fmax=0.210072 valid_micro_fmax=0.199194
epoch=127 loss=0.090060 validation_macro_fmax=0.215868 valid_micro_fmax=0.193850
epoch=128 loss=0.087360 validation_macro_fmax=0.215090 valid_micro_fmax=0.200125
epoch=129 loss=0.084689 validation_macro_fmax=0.214083 valid_micro_fmax=0.202117
epoch=130 loss=0.082444 validation_macro_fmax=0.215872 valid_micro_fmax=0.203718
epoch=131 loss=0.080112 validation_macro_fmax=0.214625 valid_micro_fmax=0.202593
epoch=132 loss=0.077747 validation_macro_fmax=0.216983 valid_micro_fmax=0.205033
epoch=133 loss=0.075295 validation_macro_fmax=0.217589 valid_micro_fmax=0.200745
epoch=134 loss=0.073597 validation_macro_fmax=0.217821 valid_micro_fmax=0.201162
epoch=135 loss=0.070797 validation_macro_fmax=0.219060 valid_micro_fmax=0.199375
epoch=136 loss=0.069196 validation_macro_fmax=0.217651 valid_micro_fmax=0.208004
epoch=137 loss=0.066953 validation_macro_fmax=0.215596 valid_micro_fmax=0.205625
epoch=138 loss=0.065037 validation_macro_fmax=0.221334 valid_micro_fmax=0.212159
epoch=139 loss=0.063250 validation_macro_fmax=0.216271 valid_micro_fmax=0.209170
epoch=140 loss=0.061920 validation_macro_fmax=0.217215 valid_micro_fmax=0.207681
epoch=141 loss=0.059549 validation_macro_fmax=0.214012 valid_micro_fmax=0.218868
epoch=142 loss=0.058441 validation_macro_fmax=0.219796 valid_micro_fmax=0.213905
epoch=143 loss=0.056596 validation_macro_fmax=0.224770 valid_micro_fmax=0.214514
epoch=144 loss=0.054867 validation_macro_fmax=0.217714 valid_micro_fmax=0.214341
epoch=145 loss=0.053633 validation_macro_fmax=0.220091 valid_micro_fmax=0.216769
epoch=146 loss=0.052062 validation_macro_fmax=0.215658 valid_micro_fmax=0.219069
epoch=147 loss=0.050721 validation_macro_fmax=0.219659 valid_micro_fmax=0.220489
epoch=148 loss=0.048856 validation_macro_fmax=0.223752 valid_micro_fmax=0.222868
epoch=149 loss=0.047735 validation_macro_fmax=0.216504 valid_micro_fmax=0.223350
epoch=150 loss=0.046409 validation_macro_fmax=0.222652 valid_micro_fmax=0.226332
epoch=151 loss=0.045211 validation_macro_fmax=0.222987 valid_micro_fmax=0.222115
epoch=152 loss=0.044081 validation_macro_fmax=0.223035 valid_micro_fmax=0.223808
Early stopping after 152 epochs (patience=9)
GPU completion: NVIDIA L40S, 11623, 46068, 0
