GPU: NVIDIA L40S
CUDA tensor check: 8.0
Sun Jul 19 02:36:21 2026       
+-----------------------------------------------------------------------------------------+
| NVIDIA-SMI 560.35.03              Driver Version: 560.35.03      CUDA Version: 12.6     |
|-----------------------------------------+------------------------+----------------------+
| GPU  Name                 Persistence-M | Bus-Id          Disp.A | Volatile Uncorr. ECC |
| Fan  Temp   Perf          Pwr:Usage/Cap |           Memory-Usage | GPU-Util  Compute M. |
|                                         |                        |               MIG M. |
|=========================================+========================+======================|
|   0  NVIDIA L40S                    On  |   00000000:0D:00.0 Off |                    0 |
| N/A   51C    P0             45W /  350W |     503MiB /  46068MiB |      0%      Default |
|                                         |                        |                  N/A |
+-----------------------------------------+------------------------+----------------------+
                                                                                         
+-----------------------------------------------------------------------------------------+
| Processes:                                                                              |
|  GPU   GI   CI        PID   Type   Process name                              GPU Memory |
|        ID   ID                                                               Usage      |
|=========================================================================================|
|    0   N/A  N/A   1056037      C   python3                                       494MiB |
+-----------------------------------------------------------------------------------------+
CUDA verified: NVIDIA L40S; tensor dot product=8.0
GPU startup: NVIDIA L40S, 533, 46068, 0
Loaded train=6026, valid=754; reserved test set is not loaded
epoch=1 loss=0.983545 validation_macro_fmax=0.311493 valid_micro_fmax=0.105819
epoch=2 loss=0.782395 validation_macro_fmax=0.346883 valid_micro_fmax=0.142430
epoch=3 loss=0.645949 validation_macro_fmax=0.385106 valid_micro_fmax=0.160185
epoch=4 loss=0.466035 validation_macro_fmax=0.394757 valid_micro_fmax=0.200940
epoch=5 loss=0.294967 validation_macro_fmax=0.375494 valid_micro_fmax=0.248732
epoch=6 loss=0.180987 validation_macro_fmax=0.387683 valid_micro_fmax=0.240370
epoch=7 loss=0.118283 validation_macro_fmax=0.411325 valid_micro_fmax=0.249833
epoch=8 loss=0.082846 validation_macro_fmax=0.400911 valid_micro_fmax=0.258329
epoch=9 loss=0.060428 validation_macro_fmax=0.409184 valid_micro_fmax=0.264899
epoch=10 loss=0.047174 validation_macro_fmax=0.395702 valid_micro_fmax=0.269102
epoch=11 loss=0.038085 validation_macro_fmax=0.388209 valid_micro_fmax=0.284149
epoch=12 loss=0.030355 validation_macro_fmax=0.377020 valid_micro_fmax=0.264258
epoch=13 loss=0.026953 validation_macro_fmax=0.381827 valid_micro_fmax=0.287616
epoch=14 loss=0.022786 validation_macro_fmax=0.385430 valid_micro_fmax=0.295875
epoch=15 loss=0.021106 validation_macro_fmax=0.408628 valid_micro_fmax=0.280541
epoch=16 loss=0.017996 validation_macro_fmax=0.355787 valid_micro_fmax=0.292369
Early stopping after 16 epochs (patience=9)
GPU completion: NVIDIA L40S, 31907, 46068, 0
