GPU: NVIDIA L40S
CUDA tensor check: 8.0
Mon Jul 20 02:17:17 2026       
+-----------------------------------------------------------------------------------------+
| NVIDIA-SMI 560.35.03              Driver Version: 560.35.03      CUDA Version: 12.6     |
|-----------------------------------------+------------------------+----------------------+
| GPU  Name                 Persistence-M | Bus-Id          Disp.A | Volatile Uncorr. ECC |
| Fan  Temp   Perf          Pwr:Usage/Cap |           Memory-Usage | GPU-Util  Compute M. |
|                                         |                        |               MIG M. |
|=========================================+========================+======================|
|   0  NVIDIA L40S                    On  |   00000000:0D:00.0 Off |                    0 |
| N/A   38C    P0             37W /  350W |     503MiB /  46068MiB |      1%      Default |
|                                         |                        |                  N/A |
+-----------------------------------------+------------------------+----------------------+
                                                                                         
+-----------------------------------------------------------------------------------------+
| Processes:                                                                              |
|  GPU   GI   CI        PID   Type   Process name                              GPU Memory |
|        ID   ID                                                               Usage      |
|=========================================================================================|
|    0   N/A  N/A   1423037      C   python3                                       494MiB |
+-----------------------------------------------------------------------------------------+
CUDA verified: NVIDIA L40S; tensor dot product=8.0
GPU startup: NVIDIA L40S, 533, 46068, 1
Loaded train=6026, valid=754; reserved test set is not loaded
epoch=1 loss=1.251006 validation_macro_fmax=0.096371 valid_micro_fmax=0.012445
epoch=2 loss=1.189140 validation_macro_fmax=0.102133 valid_micro_fmax=0.012732
epoch=3 loss=1.143801 validation_macro_fmax=0.109905 valid_micro_fmax=0.012861
epoch=4 loss=1.107694 validation_macro_fmax=0.115656 valid_micro_fmax=0.013155
epoch=5 loss=1.077231 validation_macro_fmax=0.123910 valid_micro_fmax=0.013506
epoch=6 loss=1.049132 validation_macro_fmax=0.131241 valid_micro_fmax=0.013789
epoch=7 loss=1.024282 validation_macro_fmax=0.139137 valid_micro_fmax=0.014317
epoch=8 loss=1.000786 validation_macro_fmax=0.146605 valid_micro_fmax=0.015274
epoch=9 loss=0.981591 validation_macro_fmax=0.153869 valid_micro_fmax=0.015806
epoch=10 loss=0.962954 validation_macro_fmax=0.160053 valid_micro_fmax=0.016715
epoch=11 loss=0.942761 validation_macro_fmax=0.162706 valid_micro_fmax=0.017278
epoch=12 loss=0.931257 validation_macro_fmax=0.165629 valid_micro_fmax=0.019077
epoch=13 loss=0.914220 validation_macro_fmax=0.169826 valid_micro_fmax=0.021513
epoch=14 loss=0.903483 validation_macro_fmax=0.173182 valid_micro_fmax=0.022061
epoch=15 loss=0.887717 validation_macro_fmax=0.173851 valid_micro_fmax=0.021875
epoch=16 loss=0.874482 validation_macro_fmax=0.173696 valid_micro_fmax=0.025687
epoch=17 loss=0.864808 validation_macro_fmax=0.177412 valid_micro_fmax=0.027700
epoch=18 loss=0.853031 validation_macro_fmax=0.177045 valid_micro_fmax=0.030767
epoch=19 loss=0.845668 validation_macro_fmax=0.177627 valid_micro_fmax=0.030969
epoch=20 loss=0.835263 validation_macro_fmax=0.181463 valid_micro_fmax=0.032201
epoch=21 loss=0.826311 validation_macro_fmax=0.187160 valid_micro_fmax=0.036487
epoch=22 loss=0.818000 validation_macro_fmax=0.190356 valid_micro_fmax=0.040130
epoch=23 loss=0.810562 validation_macro_fmax=0.196254 valid_micro_fmax=0.039471
epoch=24 loss=0.802608 validation_macro_fmax=0.202256 valid_micro_fmax=0.042436
epoch=25 loss=0.796721 validation_macro_fmax=0.197689 valid_micro_fmax=0.040592
epoch=26 loss=0.789204 validation_macro_fmax=0.206626 valid_micro_fmax=0.046629
epoch=27 loss=0.782495 validation_macro_fmax=0.204288 valid_micro_fmax=0.046918
epoch=28 loss=0.775498 validation_macro_fmax=0.208717 valid_micro_fmax=0.049598
epoch=29 loss=0.776865 validation_macro_fmax=0.207335 valid_micro_fmax=0.052722
epoch=30 loss=0.763713 validation_macro_fmax=0.212961 valid_micro_fmax=0.051394
epoch=31 loss=0.757606 validation_macro_fmax=0.214396 valid_micro_fmax=0.058007
epoch=32 loss=0.749764 validation_macro_fmax=0.215364 valid_micro_fmax=0.060261
epoch=33 loss=0.743078 validation_macro_fmax=0.220046 valid_micro_fmax=0.064168
epoch=34 loss=0.737422 validation_macro_fmax=0.217739 valid_micro_fmax=0.067975
epoch=35 loss=0.731697 validation_macro_fmax=0.222035 valid_micro_fmax=0.070800
epoch=36 loss=0.724840 validation_macro_fmax=0.221154 valid_micro_fmax=0.071250
epoch=37 loss=0.717139 validation_macro_fmax=0.227128 valid_micro_fmax=0.078044
epoch=38 loss=0.711046 validation_macro_fmax=0.228703 valid_micro_fmax=0.080874
epoch=39 loss=0.704165 validation_macro_fmax=0.232080 valid_micro_fmax=0.078789
epoch=40 loss=0.697902 validation_macro_fmax=0.234948 valid_micro_fmax=0.083833
epoch=41 loss=0.691628 validation_macro_fmax=0.231796 valid_micro_fmax=0.082450
epoch=42 loss=0.683189 validation_macro_fmax=0.235817 valid_micro_fmax=0.088614
epoch=43 loss=0.676437 validation_macro_fmax=0.239291 valid_micro_fmax=0.085048
epoch=44 loss=0.669057 validation_macro_fmax=0.240334 valid_micro_fmax=0.092899
epoch=45 loss=0.660249 validation_macro_fmax=0.242893 valid_micro_fmax=0.090326
epoch=46 loss=0.652390 validation_macro_fmax=0.242948 valid_micro_fmax=0.093495
epoch=47 loss=0.644872 validation_macro_fmax=0.252420 valid_micro_fmax=0.101900
epoch=48 loss=0.636779 validation_macro_fmax=0.248855 valid_micro_fmax=0.097533
epoch=49 loss=0.628192 validation_macro_fmax=0.252408 valid_micro_fmax=0.101142
epoch=50 loss=0.618984 validation_macro_fmax=0.242582 valid_micro_fmax=0.100572
epoch=51 loss=0.611540 validation_macro_fmax=0.254090 valid_micro_fmax=0.104501
epoch=52 loss=0.601418 validation_macro_fmax=0.253184 valid_micro_fmax=0.106291
epoch=53 loss=0.592552 validation_macro_fmax=0.254636 valid_micro_fmax=0.107126
epoch=54 loss=0.582372 validation_macro_fmax=0.253769 valid_micro_fmax=0.102521
epoch=55 loss=0.572852 validation_macro_fmax=0.259925 valid_micro_fmax=0.105837
epoch=56 loss=0.562417 validation_macro_fmax=0.255045 valid_micro_fmax=0.112977
epoch=57 loss=0.553323 validation_macro_fmax=0.269895 valid_micro_fmax=0.117419
epoch=58 loss=0.543681 validation_macro_fmax=0.261344 valid_micro_fmax=0.110544
epoch=59 loss=0.532716 validation_macro_fmax=0.261202 valid_micro_fmax=0.114618
epoch=60 loss=0.521799 validation_macro_fmax=0.272899 valid_micro_fmax=0.123595
epoch=61 loss=0.511349 validation_macro_fmax=0.276101 valid_micro_fmax=0.128777
epoch=62 loss=0.501503 validation_macro_fmax=0.273526 valid_micro_fmax=0.130666
epoch=63 loss=0.489931 validation_macro_fmax=0.278365 valid_micro_fmax=0.126339
epoch=64 loss=0.479678 validation_macro_fmax=0.265010 valid_micro_fmax=0.123420
epoch=65 loss=0.468508 validation_macro_fmax=0.274459 valid_micro_fmax=0.124972
epoch=66 loss=0.457071 validation_macro_fmax=0.282875 valid_micro_fmax=0.138088
epoch=67 loss=0.446491 validation_macro_fmax=0.272502 valid_micro_fmax=0.135021
epoch=68 loss=0.435966 validation_macro_fmax=0.286490 valid_micro_fmax=0.138459
epoch=69 loss=0.426271 validation_macro_fmax=0.285010 valid_micro_fmax=0.133948
epoch=70 loss=0.414856 validation_macro_fmax=0.285571 valid_micro_fmax=0.140961
epoch=71 loss=0.404916 validation_macro_fmax=0.276784 valid_micro_fmax=0.139452
epoch=72 loss=0.393685 validation_macro_fmax=0.288116 valid_micro_fmax=0.139594
epoch=73 loss=0.382691 validation_macro_fmax=0.291049 valid_micro_fmax=0.142675
epoch=74 loss=0.372982 validation_macro_fmax=0.289247 valid_micro_fmax=0.144013
epoch=75 loss=0.361925 validation_macro_fmax=0.286183 valid_micro_fmax=0.145779
epoch=76 loss=0.351807 validation_macro_fmax=0.290270 valid_micro_fmax=0.152916
epoch=77 loss=0.343669 validation_macro_fmax=0.290329 valid_micro_fmax=0.152703
epoch=78 loss=0.332793 validation_macro_fmax=0.296571 valid_micro_fmax=0.155435
epoch=79 loss=0.322560 validation_macro_fmax=0.297855 valid_micro_fmax=0.158660
epoch=80 loss=0.312952 validation_macro_fmax=0.297586 valid_micro_fmax=0.165620
epoch=81 loss=0.303794 validation_macro_fmax=0.299084 valid_micro_fmax=0.165967
epoch=82 loss=0.296607 validation_macro_fmax=0.288525 valid_micro_fmax=0.153209
epoch=83 loss=0.286936 validation_macro_fmax=0.290811 valid_micro_fmax=0.166430
epoch=84 loss=0.279199 validation_macro_fmax=0.298098 valid_micro_fmax=0.169926
epoch=85 loss=0.272878 validation_macro_fmax=0.298442 valid_micro_fmax=0.162581
epoch=86 loss=0.262418 validation_macro_fmax=0.299206 valid_micro_fmax=0.169833
epoch=87 loss=0.254101 validation_macro_fmax=0.293985 valid_micro_fmax=0.165144
epoch=88 loss=0.246568 validation_macro_fmax=0.305714 valid_micro_fmax=0.168522
epoch=89 loss=0.239397 validation_macro_fmax=0.300298 valid_micro_fmax=0.175808
epoch=90 loss=0.231737 validation_macro_fmax=0.295520 valid_micro_fmax=0.165876
epoch=91 loss=0.224776 validation_macro_fmax=0.301413 valid_micro_fmax=0.169643
epoch=92 loss=0.217463 validation_macro_fmax=0.305328 valid_micro_fmax=0.177460
epoch=93 loss=0.211680 validation_macro_fmax=0.303012 valid_micro_fmax=0.171627
epoch=94 loss=0.204540 validation_macro_fmax=0.305363 valid_micro_fmax=0.177437
epoch=95 loss=0.198295 validation_macro_fmax=0.300446 valid_micro_fmax=0.164787
epoch=96 loss=0.191937 validation_macro_fmax=0.304347 valid_micro_fmax=0.181730
Early stopping after 96 epochs (patience=8)
GPU completion: NVIDIA L40S, 42437, 46068, 0
