GPU: NVIDIA L40S
CUDA tensor check: 8.0
Sat Jul 18 15:19:02 2026       
+-----------------------------------------------------------------------------------------+
| NVIDIA-SMI 560.35.03              Driver Version: 560.35.03      CUDA Version: 12.6     |
|-----------------------------------------+------------------------+----------------------+
| GPU  Name                 Persistence-M | Bus-Id          Disp.A | Volatile Uncorr. ECC |
| Fan  Temp   Perf          Pwr:Usage/Cap |           Memory-Usage | GPU-Util  Compute M. |
|                                         |                        |               MIG M. |
|=========================================+========================+======================|
|   0  NVIDIA L40S                    On  |   00000000:0D:00.0 Off |                    0 |
| N/A   38C    P0             44W /  350W |     503MiB /  46068MiB |      5%      Default |
|                                         |                        |                  N/A |
+-----------------------------------------+------------------------+----------------------+
                                                                                         
+-----------------------------------------------------------------------------------------+
| Processes:                                                                              |
|  GPU   GI   CI        PID   Type   Process name                              GPU Memory |
|        ID   ID                                                               Usage      |
|=========================================================================================|
|    0   N/A  N/A    234603      C   python3                                       494MiB |
+-----------------------------------------------------------------------------------------+
CUDA verified: NVIDIA L40S; tensor dot product=8.0
GPU startup: NVIDIA L40S, 533, 46068, 0
Loaded train=6026, valid=754; reserved test set is not loaded
epoch=1 loss=0.783065 validation_macro_fmax=0.268465 valid_micro_fmax=0.131585
epoch=2 loss=0.318005 validation_macro_fmax=0.313286 valid_micro_fmax=0.086395
epoch=3 loss=0.179856 validation_macro_fmax=0.282135 valid_micro_fmax=0.080000
epoch=4 loss=0.133061 validation_macro_fmax=0.328743 valid_micro_fmax=0.126520
epoch=5 loss=0.107470 validation_macro_fmax=0.317192 valid_micro_fmax=0.112038
epoch=6 loss=0.085417 validation_macro_fmax=0.309713 valid_micro_fmax=0.087699
epoch=7 loss=0.073796 validation_macro_fmax=0.323099 valid_micro_fmax=0.110996
epoch=8 loss=0.062582 validation_macro_fmax=0.322825 valid_micro_fmax=0.130280
epoch=9 loss=0.057022 validation_macro_fmax=0.321466 valid_micro_fmax=0.109290
epoch=10 loss=0.051713 validation_macro_fmax=0.313366 valid_micro_fmax=0.143512
epoch=11 loss=0.062777 validation_macro_fmax=0.313804 valid_micro_fmax=0.124266
epoch=12 loss=0.049855 validation_macro_fmax=0.313874 valid_micro_fmax=0.145431
Early stopping after 12 epochs (patience=8)
GPU completion: NVIDIA L40S, 31903, 46068, 0
