GPU: NVIDIA L40S
CUDA tensor check: 8.0
Sat Jul 18 18:17:26 2026       
+-----------------------------------------------------------------------------------------+
| NVIDIA-SMI 560.35.03              Driver Version: 560.35.03      CUDA Version: 12.6     |
|-----------------------------------------+------------------------+----------------------+
| GPU  Name                 Persistence-M | Bus-Id          Disp.A | Volatile Uncorr. ECC |
| Fan  Temp   Perf          Pwr:Usage/Cap |           Memory-Usage | GPU-Util  Compute M. |
|                                         |                        |               MIG M. |
|=========================================+========================+======================|
|   0  NVIDIA L40S                    On  |   00000000:0D:00.0 Off |                    0 |
| N/A   47C    P0             41W /  350W |     503MiB /  46068MiB |      0%      Default |
|                                         |                        |                  N/A |
+-----------------------------------------+------------------------+----------------------+
                                                                                         
+-----------------------------------------------------------------------------------------+
| Processes:                                                                              |
|  GPU   GI   CI        PID   Type   Process name                              GPU Memory |
|        ID   ID                                                               Usage      |
|=========================================================================================|
|    0   N/A  N/A    330011      C   python3                                       494MiB |
+-----------------------------------------------------------------------------------------+
CUDA verified: NVIDIA L40S; tensor dot product=8.0
GPU startup: NVIDIA L40S, 533, 46068, 5
Loaded train=6026, valid=754; reserved test set is not loaded
epoch=1 loss=0.890549 validation_macro_fmax=0.401078 valid_micro_fmax=0.320789
epoch=2 loss=0.453339 validation_macro_fmax=0.406392 valid_micro_fmax=0.397358
epoch=3 loss=0.258322 validation_macro_fmax=0.396096 valid_micro_fmax=0.408651
epoch=4 loss=0.149124 validation_macro_fmax=0.411886 valid_micro_fmax=0.455749
epoch=5 loss=0.087784 validation_macro_fmax=0.394690 valid_micro_fmax=0.467461
epoch=6 loss=0.069219 validation_macro_fmax=0.398703 valid_micro_fmax=0.492857
epoch=7 loss=0.055301 validation_macro_fmax=0.403655 valid_micro_fmax=0.494183
epoch=8 loss=0.053112 validation_macro_fmax=0.402782 valid_micro_fmax=0.471780
epoch=9 loss=0.043205 validation_macro_fmax=0.394662 valid_micro_fmax=0.464725
epoch=10 loss=0.035770 validation_macro_fmax=0.390646 valid_micro_fmax=0.452511
epoch=11 loss=0.028448 validation_macro_fmax=0.396413 valid_micro_fmax=0.459163
epoch=12 loss=0.028407 validation_macro_fmax=0.392833 valid_micro_fmax=0.470756
Early stopping after 12 epochs (patience=8)
GPU completion: NVIDIA L40S, 34405, 46068, 0
