GPU: NVIDIA L40S
CUDA tensor check: 8.0
Mon Jul 20 05:46:16 2026       
+-----------------------------------------------------------------------------------------+
| NVIDIA-SMI 560.35.03              Driver Version: 560.35.03      CUDA Version: 12.6     |
|-----------------------------------------+------------------------+----------------------+
| GPU  Name                 Persistence-M | Bus-Id          Disp.A | Volatile Uncorr. ECC |
| Fan  Temp   Perf          Pwr:Usage/Cap |           Memory-Usage | GPU-Util  Compute M. |
|                                         |                        |               MIG M. |
|=========================================+========================+======================|
|   0  NVIDIA L40S                    On  |   00000000:0D:00.0 Off |                    0 |
| N/A   43C    P0             42W /  350W |     503MiB /  46068MiB |      5%      Default |
|                                         |                        |                  N/A |
+-----------------------------------------+------------------------+----------------------+
                                                                                         
+-----------------------------------------------------------------------------------------+
| Processes:                                                                              |
|  GPU   GI   CI        PID   Type   Process name                              GPU Memory |
|        ID   ID                                                               Usage      |
|=========================================================================================|
|    0   N/A  N/A   1505093      C   python3                                       494MiB |
+-----------------------------------------------------------------------------------------+
CUDA verified: NVIDIA L40S; tensor dot product=8.0
GPU startup: NVIDIA L40S, 533, 46068, 5
Loaded train=6026, valid=754; reserved test set is not loaded
epoch=1 loss=0.907181 validation_macro_fmax=0.422183 valid_micro_fmax=0.338512
epoch=2 loss=0.700658 validation_macro_fmax=0.406000 valid_micro_fmax=0.362616
epoch=3 loss=0.563197 validation_macro_fmax=0.406238 valid_micro_fmax=0.437880
epoch=4 loss=0.377289 validation_macro_fmax=0.392481 valid_micro_fmax=0.425366
epoch=5 loss=0.220664 validation_macro_fmax=0.399380 valid_micro_fmax=0.457191
epoch=6 loss=0.126421 validation_macro_fmax=0.398797 valid_micro_fmax=0.411272
epoch=7 loss=0.082206 validation_macro_fmax=0.399508 valid_micro_fmax=0.461668
epoch=8 loss=0.058626 validation_macro_fmax=0.396256 valid_micro_fmax=0.433688
epoch=9 loss=0.058148 validation_macro_fmax=0.384709 valid_micro_fmax=0.454729
epoch=10 loss=0.064298 validation_macro_fmax=0.414089 valid_micro_fmax=0.541664
Early stopping after 10 epochs (patience=9)
GPU completion: NVIDIA L40S, 27371, 46068, 0
