GPU: NVIDIA L40S
CUDA tensor check: 8.0
Sun Jul 19 07:50:17 2026       
+-----------------------------------------------------------------------------------------+
| NVIDIA-SMI 560.35.03              Driver Version: 560.35.03      CUDA Version: 12.6     |
|-----------------------------------------+------------------------+----------------------+
| GPU  Name                 Persistence-M | Bus-Id          Disp.A | Volatile Uncorr. ECC |
| Fan  Temp   Perf          Pwr:Usage/Cap |           Memory-Usage | GPU-Util  Compute M. |
|                                         |                        |               MIG M. |
|=========================================+========================+======================|
|   0  NVIDIA L40S                    On  |   00000000:0D:00.0 Off |                    0 |
| N/A   52C    P0             44W /  350W |     503MiB /  46068MiB |      1%      Default |
|                                         |                        |                  N/A |
+-----------------------------------------+------------------------+----------------------+
                                                                                         
+-----------------------------------------------------------------------------------------+
| Processes:                                                                              |
|  GPU   GI   CI        PID   Type   Process name                              GPU Memory |
|        ID   ID                                                               Usage      |
|=========================================================================================|
|    0   N/A  N/A   1083744      C   python3                                       494MiB |
+-----------------------------------------------------------------------------------------+
CUDA verified: NVIDIA L40S; tensor dot product=8.0
GPU startup: NVIDIA L40S, 533, 46068, 0
Loaded train=6026, valid=754; reserved test set is not loaded
epoch=1 loss=1.187984 validation_macro_fmax=0.106175 valid_micro_fmax=0.010291
epoch=2 loss=1.085582 validation_macro_fmax=0.113864 valid_micro_fmax=0.012028
epoch=3 loss=1.015829 validation_macro_fmax=0.121660 valid_micro_fmax=0.014590
epoch=4 loss=0.967468 validation_macro_fmax=0.132472 valid_micro_fmax=0.019343
epoch=5 loss=0.928185 validation_macro_fmax=0.144359 valid_micro_fmax=0.025106
epoch=6 loss=0.897462 validation_macro_fmax=0.149457 valid_micro_fmax=0.031859
epoch=7 loss=0.872639 validation_macro_fmax=0.159364 valid_micro_fmax=0.042292
epoch=8 loss=0.852360 validation_macro_fmax=0.169330 valid_micro_fmax=0.051730
epoch=9 loss=0.834086 validation_macro_fmax=0.171883 valid_micro_fmax=0.059481
epoch=10 loss=0.821138 validation_macro_fmax=0.179542 valid_micro_fmax=0.068138
epoch=11 loss=0.806467 validation_macro_fmax=0.183440 valid_micro_fmax=0.068818
epoch=12 loss=0.795111 validation_macro_fmax=0.190064 valid_micro_fmax=0.070996
epoch=13 loss=0.784951 validation_macro_fmax=0.201043 valid_micro_fmax=0.084856
epoch=14 loss=0.776211 validation_macro_fmax=0.197009 valid_micro_fmax=0.088766
epoch=15 loss=0.766665 validation_macro_fmax=0.205589 valid_micro_fmax=0.086185
epoch=16 loss=0.758664 validation_macro_fmax=0.207790 valid_micro_fmax=0.097867
epoch=17 loss=0.751430 validation_macro_fmax=0.211171 valid_micro_fmax=0.103244
epoch=18 loss=0.744699 validation_macro_fmax=0.205186 valid_micro_fmax=0.103768
epoch=19 loss=0.736930 validation_macro_fmax=0.213801 valid_micro_fmax=0.118474
epoch=20 loss=0.729778 validation_macro_fmax=0.216224 valid_micro_fmax=0.118898
epoch=21 loss=0.722879 validation_macro_fmax=0.215460 valid_micro_fmax=0.120950
epoch=22 loss=0.716047 validation_macro_fmax=0.216338 valid_micro_fmax=0.131235
epoch=23 loss=0.708910 validation_macro_fmax=0.220512 valid_micro_fmax=0.129683
epoch=24 loss=0.701402 validation_macro_fmax=0.214776 valid_micro_fmax=0.146203
epoch=25 loss=0.693815 validation_macro_fmax=0.225395 valid_micro_fmax=0.136479
epoch=26 loss=0.686074 validation_macro_fmax=0.217542 valid_micro_fmax=0.143074
epoch=27 loss=0.677653 validation_macro_fmax=0.223438 valid_micro_fmax=0.142805
epoch=28 loss=0.668933 validation_macro_fmax=0.223697 valid_micro_fmax=0.149254
epoch=29 loss=0.660149 validation_macro_fmax=0.223647 valid_micro_fmax=0.145991
epoch=30 loss=0.652112 validation_macro_fmax=0.217579 valid_micro_fmax=0.149649
epoch=31 loss=0.641888 validation_macro_fmax=0.221212 valid_micro_fmax=0.141299
epoch=32 loss=0.633241 validation_macro_fmax=0.229385 valid_micro_fmax=0.152127
epoch=33 loss=0.623523 validation_macro_fmax=0.228431 valid_micro_fmax=0.152209
epoch=34 loss=0.613321 validation_macro_fmax=0.226872 valid_micro_fmax=0.152689
epoch=35 loss=0.603705 validation_macro_fmax=0.227825 valid_micro_fmax=0.161475
epoch=36 loss=0.593493 validation_macro_fmax=0.226149 valid_micro_fmax=0.156159
epoch=37 loss=0.582638 validation_macro_fmax=0.225007 valid_micro_fmax=0.153727
epoch=38 loss=0.572494 validation_macro_fmax=0.235696 valid_micro_fmax=0.160480
epoch=39 loss=0.560974 validation_macro_fmax=0.232182 valid_micro_fmax=0.159253
epoch=40 loss=0.550190 validation_macro_fmax=0.227947 valid_micro_fmax=0.163272
epoch=41 loss=0.539403 validation_macro_fmax=0.234344 valid_micro_fmax=0.160403
epoch=42 loss=0.528165 validation_macro_fmax=0.229870 valid_micro_fmax=0.167467
epoch=43 loss=0.515784 validation_macro_fmax=0.237464 valid_micro_fmax=0.170405
epoch=44 loss=0.504462 validation_macro_fmax=0.234064 valid_micro_fmax=0.165965
epoch=45 loss=0.493209 validation_macro_fmax=0.233220 valid_micro_fmax=0.166297
epoch=46 loss=0.479837 validation_macro_fmax=0.235472 valid_micro_fmax=0.172481
epoch=47 loss=0.467026 validation_macro_fmax=0.229284 valid_micro_fmax=0.174179
epoch=48 loss=0.455319 validation_macro_fmax=0.231764 valid_micro_fmax=0.174682
epoch=49 loss=0.443490 validation_macro_fmax=0.232749 valid_micro_fmax=0.167653
epoch=50 loss=0.429708 validation_macro_fmax=0.236941 valid_micro_fmax=0.172076
epoch=51 loss=0.417928 validation_macro_fmax=0.235689 valid_micro_fmax=0.177235
Early stopping after 51 epochs (patience=8)
GPU completion: NVIDIA L40S, 33583, 46068, 0
