GPU: NVIDIA L40S
CUDA tensor check: 8.0
Sun Jul 19 10:35:55 2026       
+-----------------------------------------------------------------------------------------+
| NVIDIA-SMI 560.35.03              Driver Version: 560.35.03      CUDA Version: 12.6     |
|-----------------------------------------+------------------------+----------------------+
| GPU  Name                 Persistence-M | Bus-Id          Disp.A | Volatile Uncorr. ECC |
| Fan  Temp   Perf          Pwr:Usage/Cap |           Memory-Usage | GPU-Util  Compute M. |
|                                         |                        |               MIG M. |
|=========================================+========================+======================|
|   0  NVIDIA L40S                    On  |   00000000:0D:00.0 Off |                    0 |
| N/A   55C    P0             45W /  350W |     503MiB /  46068MiB |      1%      Default |
|                                         |                        |                  N/A |
+-----------------------------------------+------------------------+----------------------+
                                                                                         
+-----------------------------------------------------------------------------------------+
| Processes:                                                                              |
|  GPU   GI   CI        PID   Type   Process name                              GPU Memory |
|        ID   ID                                                               Usage      |
|=========================================================================================|
|    0   N/A  N/A    706491      C   python3                                       494MiB |
+-----------------------------------------------------------------------------------------+
CUDA verified: NVIDIA L40S; tensor dot product=8.0
GPU startup: NVIDIA L40S, 533, 46068, 0
Loaded train=6026, valid=754; reserved test set is not loaded
epoch=1 loss=0.785385 validation_macro_fmax=0.199995 valid_micro_fmax=0.042939
epoch=2 loss=0.329256 validation_macro_fmax=0.198947 valid_micro_fmax=0.048998
epoch=3 loss=0.207533 validation_macro_fmax=0.217686 valid_micro_fmax=0.076084
epoch=4 loss=0.140069 validation_macro_fmax=0.235048 valid_micro_fmax=0.081562
epoch=5 loss=0.108179 validation_macro_fmax=0.229396 valid_micro_fmax=0.067291
epoch=6 loss=0.102500 validation_macro_fmax=0.244064 valid_micro_fmax=0.095503
epoch=7 loss=0.079341 validation_macro_fmax=0.247261 valid_micro_fmax=0.097207
epoch=8 loss=0.072331 validation_macro_fmax=0.231004 valid_micro_fmax=0.105294
epoch=9 loss=0.069326 validation_macro_fmax=0.235848 valid_micro_fmax=0.132287
epoch=10 loss=0.053978 validation_macro_fmax=0.255134 valid_micro_fmax=0.112435
epoch=11 loss=0.046325 validation_macro_fmax=0.257700 valid_micro_fmax=0.096990
epoch=12 loss=0.046674 validation_macro_fmax=0.256828 valid_micro_fmax=0.139597
epoch=13 loss=0.037338 validation_macro_fmax=0.264091 valid_micro_fmax=0.154111
epoch=14 loss=0.039424 validation_macro_fmax=0.244502 valid_micro_fmax=0.136196
epoch=15 loss=0.048333 validation_macro_fmax=0.254924 valid_micro_fmax=0.142236
epoch=16 loss=0.033046 validation_macro_fmax=0.263389 valid_micro_fmax=0.143358
epoch=17 loss=0.033987 validation_macro_fmax=0.275710 valid_micro_fmax=0.155313
epoch=18 loss=0.039134 validation_macro_fmax=0.238771 valid_micro_fmax=0.114615
epoch=19 loss=0.052165 validation_macro_fmax=0.253879 valid_micro_fmax=0.109209
epoch=20 loss=0.035646 validation_macro_fmax=0.264536 valid_micro_fmax=0.150787
epoch=21 loss=0.029371 validation_macro_fmax=0.263677 valid_micro_fmax=0.141147
epoch=22 loss=0.029482 validation_macro_fmax=0.277814 valid_micro_fmax=0.158198
epoch=23 loss=0.031213 validation_macro_fmax=0.250184 valid_micro_fmax=0.119230
epoch=24 loss=0.034158 validation_macro_fmax=0.282249 valid_micro_fmax=0.143786
epoch=25 loss=0.025783 validation_macro_fmax=0.245106 valid_micro_fmax=0.152904
epoch=26 loss=0.033264 validation_macro_fmax=0.257294 valid_micro_fmax=0.158021
epoch=27 loss=0.023417 validation_macro_fmax=0.259072 valid_micro_fmax=0.145111
epoch=28 loss=0.030268 validation_macro_fmax=0.263883 valid_micro_fmax=0.141652
epoch=29 loss=0.028458 validation_macro_fmax=0.269925 valid_micro_fmax=0.155337
epoch=30 loss=0.030008 validation_macro_fmax=0.276616 valid_micro_fmax=0.156942
epoch=31 loss=0.023707 validation_macro_fmax=0.263536 valid_micro_fmax=0.181074
epoch=32 loss=0.024157 validation_macro_fmax=0.255383 valid_micro_fmax=0.140615
Early stopping after 32 epochs (patience=8)
GPU completion: NVIDIA L40S, 25185, 46068, 0
