GPU: NVIDIA L40S
CUDA tensor check: 8.0
Sun Jul 19 19:14:23 2026       
+-----------------------------------------------------------------------------------------+
| NVIDIA-SMI 560.35.03              Driver Version: 560.35.03      CUDA Version: 12.6     |
|-----------------------------------------+------------------------+----------------------+
| GPU  Name                 Persistence-M | Bus-Id          Disp.A | Volatile Uncorr. ECC |
| Fan  Temp   Perf          Pwr:Usage/Cap |           Memory-Usage | GPU-Util  Compute M. |
|                                         |                        |               MIG M. |
|=========================================+========================+======================|
|   0  NVIDIA L40S                    On  |   00000000:B5:00.0 Off |                    0 |
| N/A   47C    P0             43W /  350W |     503MiB /  46068MiB |      5%      Default |
|                                         |                        |                  N/A |
+-----------------------------------------+------------------------+----------------------+
                                                                                         
+-----------------------------------------------------------------------------------------+
| Processes:                                                                              |
|  GPU   GI   CI        PID   Type   Process name                              GPU Memory |
|        ID   ID                                                               Usage      |
|=========================================================================================|
|    0   N/A  N/A    971470      C   python3                                       494MiB |
+-----------------------------------------------------------------------------------------+
CUDA verified: NVIDIA L40S; tensor dot product=8.0
GPU startup: NVIDIA L40S, 533, 46068, 5
Loaded train=6026, valid=754; reserved test set is not loaded
epoch=1 loss=0.957181 validation_macro_fmax=0.238546 valid_micro_fmax=0.074064
epoch=2 loss=0.560120 validation_macro_fmax=0.269814 valid_micro_fmax=0.112620
epoch=3 loss=0.309653 validation_macro_fmax=0.276532 valid_micro_fmax=0.148204
epoch=4 loss=0.200537 validation_macro_fmax=0.280046 valid_micro_fmax=0.149698
epoch=5 loss=0.148901 validation_macro_fmax=0.322823 valid_micro_fmax=0.140530
epoch=6 loss=0.116101 validation_macro_fmax=0.313615 valid_micro_fmax=0.141656
epoch=7 loss=0.095895 validation_macro_fmax=0.252479 valid_micro_fmax=0.159271
epoch=8 loss=0.079187 validation_macro_fmax=0.242790 valid_micro_fmax=0.145743
epoch=9 loss=0.073819 validation_macro_fmax=0.229154 valid_micro_fmax=0.156147
epoch=10 loss=0.053561 validation_macro_fmax=0.335156 valid_micro_fmax=0.156866
epoch=11 loss=0.054948 validation_macro_fmax=0.226720 valid_micro_fmax=0.160983
epoch=12 loss=0.048228 validation_macro_fmax=0.288341 valid_micro_fmax=0.156341
epoch=13 loss=0.040724 validation_macro_fmax=0.236847 valid_micro_fmax=0.175078
epoch=14 loss=0.047579 validation_macro_fmax=0.262850 valid_micro_fmax=0.165760
epoch=15 loss=0.040901 validation_macro_fmax=0.284516 valid_micro_fmax=0.183670
epoch=16 loss=0.034880 validation_macro_fmax=0.232442 valid_micro_fmax=0.160958
epoch=17 loss=0.038689 validation_macro_fmax=0.239129 valid_micro_fmax=0.169932
epoch=18 loss=0.034617 validation_macro_fmax=0.237905 valid_micro_fmax=0.179202
Early stopping after 18 epochs (patience=8)
GPU completion: NVIDIA L40S, 44697, 46068, 0
