GPU: NVIDIA L40S
CUDA tensor check: 8.0
Sun Jul 19 12:03:53 2026       
+-----------------------------------------------------------------------------------------+
| NVIDIA-SMI 560.35.03              Driver Version: 560.35.03      CUDA Version: 12.6     |
|-----------------------------------------+------------------------+----------------------+
| GPU  Name                 Persistence-M | Bus-Id          Disp.A | Volatile Uncorr. ECC |
| Fan  Temp   Perf          Pwr:Usage/Cap |           Memory-Usage | GPU-Util  Compute M. |
|                                         |                        |               MIG M. |
|=========================================+========================+======================|
|   0  NVIDIA L40S                    On  |   00000000:B5:00.0 Off |                    0 |
| N/A   49C    P0             41W /  350W |     503MiB /  46068MiB |      1%      Default |
|                                         |                        |                  N/A |
+-----------------------------------------+------------------------+----------------------+
                                                                                         
+-----------------------------------------------------------------------------------------+
| Processes:                                                                              |
|  GPU   GI   CI        PID   Type   Process name                              GPU Memory |
|        ID   ID                                                               Usage      |
|=========================================================================================|
|    0   N/A  N/A    877189      C   python3                                       494MiB |
+-----------------------------------------------------------------------------------------+
CUDA verified: NVIDIA L40S; tensor dot product=8.0
GPU startup: NVIDIA L40S, 533, 46068, 5
Loaded train=6026, valid=754; reserved test set is not loaded
epoch=1 loss=0.732424 validation_macro_fmax=0.081811 valid_micro_fmax=0.010462
epoch=2 loss=0.681000 validation_macro_fmax=0.084685 valid_micro_fmax=0.010867
epoch=3 loss=0.643384 validation_macro_fmax=0.088831 valid_micro_fmax=0.011010
epoch=4 loss=0.617884 validation_macro_fmax=0.093265 valid_micro_fmax=0.011159
epoch=5 loss=0.595637 validation_macro_fmax=0.098863 valid_micro_fmax=0.011306
epoch=6 loss=0.576262 validation_macro_fmax=0.103550 valid_micro_fmax=0.011568
epoch=7 loss=0.562159 validation_macro_fmax=0.105318 valid_micro_fmax=0.011657
epoch=8 loss=0.548743 validation_macro_fmax=0.108475 valid_micro_fmax=0.011993
epoch=9 loss=0.536811 validation_macro_fmax=0.107390 valid_micro_fmax=0.012044
epoch=10 loss=0.531547 validation_macro_fmax=0.111277 valid_micro_fmax=0.012125
epoch=11 loss=0.520162 validation_macro_fmax=0.115563 valid_micro_fmax=0.012556
epoch=12 loss=0.510919 validation_macro_fmax=0.112494 valid_micro_fmax=0.012735
epoch=13 loss=0.502788 validation_macro_fmax=0.124050 valid_micro_fmax=0.012583
epoch=14 loss=0.496542 validation_macro_fmax=0.126009 valid_micro_fmax=0.012992
epoch=15 loss=0.490012 validation_macro_fmax=0.125278 valid_micro_fmax=0.013006
epoch=16 loss=0.486006 validation_macro_fmax=0.129621 valid_micro_fmax=0.014079
epoch=17 loss=0.480574 validation_macro_fmax=0.132463 valid_micro_fmax=0.015385
epoch=18 loss=0.474448 validation_macro_fmax=0.138746 valid_micro_fmax=0.015226
epoch=19 loss=0.470259 validation_macro_fmax=0.141568 valid_micro_fmax=0.016261
epoch=20 loss=0.466412 validation_macro_fmax=0.147888 valid_micro_fmax=0.018034
epoch=21 loss=0.462575 validation_macro_fmax=0.147877 valid_micro_fmax=0.016736
epoch=22 loss=0.458572 validation_macro_fmax=0.152626 valid_micro_fmax=0.017615
epoch=23 loss=0.455146 validation_macro_fmax=0.152433 valid_micro_fmax=0.018723
epoch=24 loss=0.452139 validation_macro_fmax=0.158570 valid_micro_fmax=0.020810
epoch=25 loss=0.447661 validation_macro_fmax=0.162792 valid_micro_fmax=0.020021
epoch=26 loss=0.443722 validation_macro_fmax=0.167202 valid_micro_fmax=0.020354
epoch=27 loss=0.440903 validation_macro_fmax=0.169045 valid_micro_fmax=0.023804
epoch=28 loss=0.437224 validation_macro_fmax=0.169084 valid_micro_fmax=0.024204
epoch=29 loss=0.435223 validation_macro_fmax=0.170363 valid_micro_fmax=0.025455
epoch=30 loss=0.430514 validation_macro_fmax=0.172259 valid_micro_fmax=0.025678
epoch=31 loss=0.429275 validation_macro_fmax=0.172255 valid_micro_fmax=0.025309
epoch=32 loss=0.425697 validation_macro_fmax=0.176170 valid_micro_fmax=0.029245
epoch=33 loss=0.423982 validation_macro_fmax=0.175208 valid_micro_fmax=0.029353
epoch=34 loss=0.419666 validation_macro_fmax=0.179906 valid_micro_fmax=0.033680
epoch=35 loss=0.416651 validation_macro_fmax=0.179967 valid_micro_fmax=0.033390
epoch=36 loss=0.413948 validation_macro_fmax=0.182045 valid_micro_fmax=0.036291
epoch=37 loss=0.411029 validation_macro_fmax=0.182004 valid_micro_fmax=0.036606
epoch=38 loss=0.408795 validation_macro_fmax=0.182642 valid_micro_fmax=0.037746
epoch=39 loss=0.405691 validation_macro_fmax=0.186602 valid_micro_fmax=0.039951
epoch=40 loss=0.403478 validation_macro_fmax=0.187987 valid_micro_fmax=0.041917
epoch=41 loss=0.400552 validation_macro_fmax=0.189118 valid_micro_fmax=0.043439
epoch=42 loss=0.397858 validation_macro_fmax=0.190540 valid_micro_fmax=0.050040
epoch=43 loss=0.394245 validation_macro_fmax=0.192355 valid_micro_fmax=0.052655
epoch=44 loss=0.391522 validation_macro_fmax=0.196136 valid_micro_fmax=0.051948
epoch=45 loss=0.388471 validation_macro_fmax=0.196497 valid_micro_fmax=0.046777
epoch=46 loss=0.386911 validation_macro_fmax=0.198608 valid_micro_fmax=0.059131
epoch=47 loss=0.383092 validation_macro_fmax=0.198071 valid_micro_fmax=0.052901
epoch=48 loss=0.380556 validation_macro_fmax=0.197846 valid_micro_fmax=0.057668
epoch=49 loss=0.376651 validation_macro_fmax=0.198051 valid_micro_fmax=0.058672
epoch=50 loss=0.373267 validation_macro_fmax=0.202307 valid_micro_fmax=0.061244
epoch=51 loss=0.370239 validation_macro_fmax=0.208127 valid_micro_fmax=0.063728
epoch=52 loss=0.366644 validation_macro_fmax=0.207991 valid_micro_fmax=0.077436
epoch=53 loss=0.363309 validation_macro_fmax=0.208249 valid_micro_fmax=0.073467
epoch=54 loss=0.360310 validation_macro_fmax=0.211197 valid_micro_fmax=0.071461
epoch=55 loss=0.356353 validation_macro_fmax=0.212981 valid_micro_fmax=0.079337
epoch=56 loss=0.353132 validation_macro_fmax=0.214032 valid_micro_fmax=0.082282
epoch=57 loss=0.348816 validation_macro_fmax=0.214694 valid_micro_fmax=0.082041
epoch=58 loss=0.346092 validation_macro_fmax=0.215148 valid_micro_fmax=0.086124
epoch=59 loss=0.342938 validation_macro_fmax=0.215815 valid_micro_fmax=0.092044
epoch=60 loss=0.338637 validation_macro_fmax=0.213465 valid_micro_fmax=0.087379
epoch=61 loss=0.335939 validation_macro_fmax=0.217081 valid_micro_fmax=0.090273
epoch=62 loss=0.331513 validation_macro_fmax=0.219800 valid_micro_fmax=0.094591
epoch=63 loss=0.328387 validation_macro_fmax=0.221053 valid_micro_fmax=0.100979
epoch=64 loss=0.323360 validation_macro_fmax=0.226580 valid_micro_fmax=0.095312
epoch=65 loss=0.319203 validation_macro_fmax=0.227679 valid_micro_fmax=0.101819
epoch=66 loss=0.315471 validation_macro_fmax=0.230262 valid_micro_fmax=0.101862
epoch=67 loss=0.310804 validation_macro_fmax=0.228820 valid_micro_fmax=0.103681
epoch=68 loss=0.307639 validation_macro_fmax=0.232729 valid_micro_fmax=0.103407
epoch=69 loss=0.303563 validation_macro_fmax=0.233089 valid_micro_fmax=0.110285
epoch=70 loss=0.298612 validation_macro_fmax=0.232823 valid_micro_fmax=0.108371
epoch=71 loss=0.294177 validation_macro_fmax=0.234788 valid_micro_fmax=0.109347
epoch=72 loss=0.289617 validation_macro_fmax=0.237585 valid_micro_fmax=0.113343
epoch=73 loss=0.285114 validation_macro_fmax=0.234299 valid_micro_fmax=0.114747
epoch=74 loss=0.280053 validation_macro_fmax=0.245514 valid_micro_fmax=0.126382
epoch=75 loss=0.276758 validation_macro_fmax=0.237682 valid_micro_fmax=0.119030
epoch=76 loss=0.272667 validation_macro_fmax=0.237388 valid_micro_fmax=0.124368
epoch=77 loss=0.267598 validation_macro_fmax=0.240618 valid_micro_fmax=0.128883
epoch=78 loss=0.263920 validation_macro_fmax=0.245053 valid_micro_fmax=0.130671
epoch=79 loss=0.257284 validation_macro_fmax=0.241908 valid_micro_fmax=0.135806
epoch=80 loss=0.254412 validation_macro_fmax=0.239357 valid_micro_fmax=0.136313
epoch=81 loss=0.250345 validation_macro_fmax=0.243345 valid_micro_fmax=0.139360
epoch=82 loss=0.244789 validation_macro_fmax=0.244972 valid_micro_fmax=0.134443
Early stopping after 82 epochs (patience=8)
GPU completion: NVIDIA L40S, 34081, 46068, 0
