GPU: NVIDIA L40S
CUDA tensor check: 8.0
Sun Jul 19 05:27:16 2026       
+-----------------------------------------------------------------------------------------+
| NVIDIA-SMI 560.35.03              Driver Version: 560.35.03      CUDA Version: 12.6     |
|-----------------------------------------+------------------------+----------------------+
| GPU  Name                 Persistence-M | Bus-Id          Disp.A | Volatile Uncorr. ECC |
| Fan  Temp   Perf          Pwr:Usage/Cap |           Memory-Usage | GPU-Util  Compute M. |
|                                         |                        |               MIG M. |
|=========================================+========================+======================|
|   0  NVIDIA L40S                    On  |   00000000:0D:00.0 Off |                    0 |
| N/A   56C    P0             47W /  350W |     503MiB /  46068MiB |      0%      Default |
|                                         |                        |                  N/A |
+-----------------------------------------+------------------------+----------------------+
                                                                                         
+-----------------------------------------------------------------------------------------+
| Processes:                                                                              |
|  GPU   GI   CI        PID   Type   Process name                              GPU Memory |
|        ID   ID                                                               Usage      |
|=========================================================================================|
|    0   N/A  N/A   1135100      C   python3                                       494MiB |
+-----------------------------------------------------------------------------------------+
CUDA verified: NVIDIA L40S; tensor dot product=8.0
GPU startup: NVIDIA L40S, 533, 46068, 0
Loaded train=6026, valid=754; reserved test set is not loaded
epoch=1 loss=0.792049 validation_macro_fmax=0.166178 valid_micro_fmax=0.056997
epoch=2 loss=0.379258 validation_macro_fmax=0.221067 valid_micro_fmax=0.110489
epoch=3 loss=0.227365 validation_macro_fmax=0.220793 valid_micro_fmax=0.120420
epoch=4 loss=0.171052 validation_macro_fmax=0.217097 valid_micro_fmax=0.111904
epoch=5 loss=0.118228 validation_macro_fmax=0.217417 valid_micro_fmax=0.131315
epoch=6 loss=0.084518 validation_macro_fmax=0.230063 valid_micro_fmax=0.147855
epoch=7 loss=0.080335 validation_macro_fmax=0.241989 valid_micro_fmax=0.126010
epoch=8 loss=0.075670 validation_macro_fmax=0.237886 valid_micro_fmax=0.140886
epoch=9 loss=0.060009 validation_macro_fmax=0.212847 valid_micro_fmax=0.152782
epoch=10 loss=0.050131 validation_macro_fmax=0.229558 valid_micro_fmax=0.195552
epoch=11 loss=0.044816 validation_macro_fmax=0.221563 valid_micro_fmax=0.155692
epoch=12 loss=0.057172 validation_macro_fmax=0.216175 valid_micro_fmax=0.147286
epoch=13 loss=0.054742 validation_macro_fmax=0.243241 valid_micro_fmax=0.189284
epoch=14 loss=0.049162 validation_macro_fmax=0.220479 valid_micro_fmax=0.167808
epoch=15 loss=0.043088 validation_macro_fmax=0.235318 valid_micro_fmax=0.185540
epoch=16 loss=0.033468 validation_macro_fmax=0.222926 valid_micro_fmax=0.191329
epoch=17 loss=0.034832 validation_macro_fmax=0.228361 valid_micro_fmax=0.194269
epoch=18 loss=0.030724 validation_macro_fmax=0.222703 valid_micro_fmax=0.191624
epoch=19 loss=0.034192 validation_macro_fmax=0.239029 valid_micro_fmax=0.192878
epoch=20 loss=0.035229 validation_macro_fmax=0.237245 valid_micro_fmax=0.175180
epoch=21 loss=0.031370 validation_macro_fmax=0.233885 valid_micro_fmax=0.179555
epoch=22 loss=0.035480 validation_macro_fmax=0.236857 valid_micro_fmax=0.161734
epoch=23 loss=0.031093 validation_macro_fmax=0.243262 valid_micro_fmax=0.217723
epoch=24 loss=0.027576 validation_macro_fmax=0.233985 valid_micro_fmax=0.202197
epoch=25 loss=0.029166 validation_macro_fmax=0.225251 valid_micro_fmax=0.186118
epoch=26 loss=0.028634 validation_macro_fmax=0.242737 valid_micro_fmax=0.186359
epoch=27 loss=0.034910 validation_macro_fmax=0.242318 valid_micro_fmax=0.192671
epoch=28 loss=0.021312 validation_macro_fmax=0.237774 valid_micro_fmax=0.221642
epoch=29 loss=0.019015 validation_macro_fmax=0.237397 valid_micro_fmax=0.231521
epoch=30 loss=0.015843 validation_macro_fmax=0.234925 valid_micro_fmax=0.214065
epoch=31 loss=0.015977 validation_macro_fmax=0.246229 valid_micro_fmax=0.200226
epoch=32 loss=0.028413 validation_macro_fmax=0.238507 valid_micro_fmax=0.196143
epoch=33 loss=0.025443 validation_macro_fmax=0.241272 valid_micro_fmax=0.231837
epoch=34 loss=0.020430 validation_macro_fmax=0.239798 valid_micro_fmax=0.204206
epoch=35 loss=0.022688 validation_macro_fmax=0.240997 valid_micro_fmax=0.210301
epoch=36 loss=0.030753 validation_macro_fmax=0.220963 valid_micro_fmax=0.200520
epoch=37 loss=0.029143 validation_macro_fmax=0.229465 valid_micro_fmax=0.195913
epoch=38 loss=0.035586 validation_macro_fmax=0.226539 valid_micro_fmax=0.171794
epoch=39 loss=0.030746 validation_macro_fmax=0.229780 valid_micro_fmax=0.199802
epoch=40 loss=0.033699 validation_macro_fmax=0.223896 valid_micro_fmax=0.213882
epoch=41 loss=0.022471 validation_macro_fmax=0.232941 valid_micro_fmax=0.200997
Early stopping after 41 epochs (patience=10)
GPU completion: NVIDIA L40S, 41781, 46068, 0
