GPU: NVIDIA L40S
CUDA tensor check: 8.0
Sun Jul 19 10:10:06 2026       
+-----------------------------------------------------------------------------------------+
| NVIDIA-SMI 560.35.03              Driver Version: 560.35.03      CUDA Version: 12.6     |
|-----------------------------------------+------------------------+----------------------+
| GPU  Name                 Persistence-M | Bus-Id          Disp.A | Volatile Uncorr. ECC |
| Fan  Temp   Perf          Pwr:Usage/Cap |           Memory-Usage | GPU-Util  Compute M. |
|                                         |                        |               MIG M. |
|=========================================+========================+======================|
|   0  NVIDIA L40S                    On  |   00000000:0D:00.0 Off |                    0 |
| N/A   50C    P0             42W /  350W |     503MiB /  46068MiB |      0%      Default |
|                                         |                        |                  N/A |
+-----------------------------------------+------------------------+----------------------+
                                                                                         
+-----------------------------------------------------------------------------------------+
| Processes:                                                                              |
|  GPU   GI   CI        PID   Type   Process name                              GPU Memory |
|        ID   ID                                                               Usage      |
|=========================================================================================|
|    0   N/A  N/A    691503      C   python3                                       494MiB |
+-----------------------------------------------------------------------------------------+
CUDA verified: NVIDIA L40S; tensor dot product=8.0
GPU startup: NVIDIA L40S, 533, 46068, 0
Loaded train=6026, valid=754; reserved test set is not loaded
epoch=1 loss=0.606991 validation_macro_fmax=0.112837 valid_micro_fmax=0.024005
epoch=2 loss=0.496405 validation_macro_fmax=0.139886 valid_micro_fmax=0.049118
epoch=3 loss=0.458372 validation_macro_fmax=0.156547 valid_micro_fmax=0.086239
epoch=4 loss=0.435462 validation_macro_fmax=0.168983 valid_micro_fmax=0.119962
epoch=5 loss=0.416771 validation_macro_fmax=0.174447 valid_micro_fmax=0.131559
epoch=6 loss=0.398001 validation_macro_fmax=0.178714 valid_micro_fmax=0.150364
epoch=7 loss=0.378989 validation_macro_fmax=0.182648 valid_micro_fmax=0.163706
epoch=8 loss=0.355946 validation_macro_fmax=0.207836 valid_micro_fmax=0.169333
epoch=9 loss=0.326983 validation_macro_fmax=0.196804 valid_micro_fmax=0.188011
epoch=10 loss=0.297424 validation_macro_fmax=0.185495 valid_micro_fmax=0.190860
epoch=11 loss=0.263936 validation_macro_fmax=0.183792 valid_micro_fmax=0.209083
epoch=12 loss=0.232041 validation_macro_fmax=0.206431 valid_micro_fmax=0.225586
epoch=13 loss=0.200399 validation_macro_fmax=0.192188 valid_micro_fmax=0.217376
epoch=14 loss=0.171152 validation_macro_fmax=0.187025 valid_micro_fmax=0.237626
epoch=15 loss=0.147196 validation_macro_fmax=0.186225 valid_micro_fmax=0.239477
epoch=16 loss=0.124000 validation_macro_fmax=0.191748 valid_micro_fmax=0.248528
epoch=17 loss=0.106411 validation_macro_fmax=0.207257 valid_micro_fmax=0.248743
Early stopping after 17 epochs (patience=9)
GPU completion: NVIDIA L40S, 29645, 46068, 0
