GPU: NVIDIA L40S
CUDA tensor check: 8.0
Sun Jul 19 10:47:44 2026       
+-----------------------------------------------------------------------------------------+
| NVIDIA-SMI 560.35.03              Driver Version: 560.35.03      CUDA Version: 12.6     |
|-----------------------------------------+------------------------+----------------------+
| GPU  Name                 Persistence-M | Bus-Id          Disp.A | Volatile Uncorr. ECC |
| Fan  Temp   Perf          Pwr:Usage/Cap |           Memory-Usage | GPU-Util  Compute M. |
|                                         |                        |               MIG M. |
|=========================================+========================+======================|
|   0  NVIDIA L40S                    On  |   00000000:0D:00.0 Off |                    0 |
| N/A   47C    P0             41W /  350W |     503MiB /  46068MiB |      0%      Default |
|                                         |                        |                  N/A |
+-----------------------------------------+------------------------+----------------------+
                                                                                         
+-----------------------------------------------------------------------------------------+
| Processes:                                                                              |
|  GPU   GI   CI        PID   Type   Process name                              GPU Memory |
|        ID   ID                                                               Usage      |
|=========================================================================================|
|    0   N/A  N/A    713871      C   python3                                       494MiB |
+-----------------------------------------------------------------------------------------+
CUDA verified: NVIDIA L40S; tensor dot product=8.0
GPU startup: NVIDIA L40S, 533, 46068, 0
Loaded train=6026, valid=754; reserved test set is not loaded
epoch=1 loss=0.822002 validation_macro_fmax=0.292444 valid_micro_fmax=0.152890
epoch=2 loss=0.372700 validation_macro_fmax=0.321929 valid_micro_fmax=0.306839
epoch=3 loss=0.208255 validation_macro_fmax=0.313754 valid_micro_fmax=0.273702
epoch=4 loss=0.135197 validation_macro_fmax=0.298531 valid_micro_fmax=0.325507
epoch=5 loss=0.084764 validation_macro_fmax=0.311676 valid_micro_fmax=0.362847
epoch=6 loss=0.081678 validation_macro_fmax=0.291489 valid_micro_fmax=0.336996
epoch=7 loss=0.066441 validation_macro_fmax=0.298489 valid_micro_fmax=0.343792
epoch=8 loss=0.043724 validation_macro_fmax=0.319946 valid_micro_fmax=0.357712
epoch=9 loss=0.033713 validation_macro_fmax=0.329834 valid_micro_fmax=0.382322
epoch=10 loss=0.094497 validation_macro_fmax=0.286891 valid_micro_fmax=0.332126
epoch=11 loss=0.130913 validation_macro_fmax=0.303848 valid_micro_fmax=0.355658
epoch=12 loss=0.063360 validation_macro_fmax=0.317698 valid_micro_fmax=0.337601
epoch=13 loss=0.035215 validation_macro_fmax=0.312336 valid_micro_fmax=0.380844
epoch=14 loss=0.022761 validation_macro_fmax=0.304497 valid_micro_fmax=0.403879
epoch=15 loss=0.019898 validation_macro_fmax=0.315564 valid_micro_fmax=0.400778
epoch=16 loss=0.019999 validation_macro_fmax=0.322446 valid_micro_fmax=0.414247
epoch=17 loss=0.015757 validation_macro_fmax=0.315013 valid_micro_fmax=0.415002
epoch=18 loss=0.054816 validation_macro_fmax=0.304710 valid_micro_fmax=0.354100
epoch=19 loss=0.032065 validation_macro_fmax=0.313100 valid_micro_fmax=0.374769
Early stopping after 19 epochs (patience=10)
GPU completion: NVIDIA L40S, 39613, 46068, 0
