GPU: NVIDIA L40S
CUDA tensor check: 8.0
Sun Jul 19 11:59:16 2026       
+-----------------------------------------------------------------------------------------+
| NVIDIA-SMI 560.35.03              Driver Version: 560.35.03      CUDA Version: 12.6     |
|-----------------------------------------+------------------------+----------------------+
| GPU  Name                 Persistence-M | Bus-Id          Disp.A | Volatile Uncorr. ECC |
| Fan  Temp   Perf          Pwr:Usage/Cap |           Memory-Usage | GPU-Util  Compute M. |
|                                         |                        |               MIG M. |
|=========================================+========================+======================|
|   0  NVIDIA L40S                    On  |   00000000:0D:00.0 Off |                    0 |
| N/A   52C    P0             48W /  350W |     503MiB /  46068MiB |      5%      Default |
|                                         |                        |                  N/A |
+-----------------------------------------+------------------------+----------------------+
                                                                                         
+-----------------------------------------------------------------------------------------+
| Processes:                                                                              |
|  GPU   GI   CI        PID   Type   Process name                              GPU Memory |
|        ID   ID                                                               Usage      |
|=========================================================================================|
|    0   N/A  N/A    759263      C   python3                                       494MiB |
+-----------------------------------------------------------------------------------------+
CUDA verified: NVIDIA L40S; tensor dot product=8.0
GPU startup: NVIDIA L40S, 533, 46068, 0
Loaded train=6026, valid=754; reserved test set is not loaded
epoch=1 loss=0.966598 validation_macro_fmax=0.281324 valid_micro_fmax=0.132708
epoch=2 loss=0.556519 validation_macro_fmax=0.287820 valid_micro_fmax=0.149676
epoch=3 loss=0.301829 validation_macro_fmax=0.283228 valid_micro_fmax=0.161882
epoch=4 loss=0.194457 validation_macro_fmax=0.329020 valid_micro_fmax=0.217676
epoch=5 loss=0.138805 validation_macro_fmax=0.288303 valid_micro_fmax=0.214789
epoch=6 loss=0.116011 validation_macro_fmax=0.322246 valid_micro_fmax=0.243779
epoch=7 loss=0.093256 validation_macro_fmax=0.306593 valid_micro_fmax=0.241830
epoch=8 loss=0.073225 validation_macro_fmax=0.330878 valid_micro_fmax=0.242337
epoch=9 loss=0.067159 validation_macro_fmax=0.300580 valid_micro_fmax=0.236816
epoch=10 loss=0.062202 validation_macro_fmax=0.283473 valid_micro_fmax=0.246877
epoch=11 loss=0.061844 validation_macro_fmax=0.319303 valid_micro_fmax=0.277848
epoch=12 loss=0.041862 validation_macro_fmax=0.301318 valid_micro_fmax=0.233110
epoch=13 loss=0.044359 validation_macro_fmax=0.297115 valid_micro_fmax=0.236999
epoch=14 loss=0.036095 validation_macro_fmax=0.313309 valid_micro_fmax=0.247505
epoch=15 loss=0.028467 validation_macro_fmax=0.314469 valid_micro_fmax=0.257792
epoch=16 loss=0.043689 validation_macro_fmax=0.294707 valid_micro_fmax=0.251139
Early stopping after 16 epochs (patience=8)
GPU completion: NVIDIA L40S, 17417, 46068, 0
