GPU: NVIDIA L40S
CUDA tensor check: 8.0
Mon Jul 20 06:33:04 2026       
+-----------------------------------------------------------------------------------------+
| NVIDIA-SMI 560.35.03              Driver Version: 560.35.03      CUDA Version: 12.6     |
|-----------------------------------------+------------------------+----------------------+
| GPU  Name                 Persistence-M | Bus-Id          Disp.A | Volatile Uncorr. ECC |
| Fan  Temp   Perf          Pwr:Usage/Cap |           Memory-Usage | GPU-Util  Compute M. |
|                                         |                        |               MIG M. |
|=========================================+========================+======================|
|   0  NVIDIA L40S                    On  |   00000000:B5:00.0 Off |                    0 |
| N/A   51C    P0             43W /  350W |     503MiB /  46068MiB |      1%      Default |
|                                         |                        |                  N/A |
+-----------------------------------------+------------------------+----------------------+
                                                                                         
+-----------------------------------------------------------------------------------------+
| Processes:                                                                              |
|  GPU   GI   CI        PID   Type   Process name                              GPU Memory |
|        ID   ID                                                               Usage      |
|=========================================================================================|
|    0   N/A  N/A   1800951      C   python3                                       494MiB |
+-----------------------------------------------------------------------------------------+
CUDA verified: NVIDIA L40S; tensor dot product=8.0
GPU startup: NVIDIA L40S, 533, 46068, 0
Loaded train=6026, valid=754; reserved test set is not loaded
epoch=1 loss=0.212688 validation_macro_fmax=0.255131 valid_micro_fmax=0.058703
epoch=2 loss=0.117545 validation_macro_fmax=0.318020 valid_micro_fmax=0.171093
epoch=3 loss=0.073791 validation_macro_fmax=0.346713 valid_micro_fmax=0.182177
epoch=4 loss=0.053064 validation_macro_fmax=0.348835 valid_micro_fmax=0.200665
epoch=5 loss=0.041502 validation_macro_fmax=0.363958 valid_micro_fmax=0.212593
epoch=6 loss=0.035531 validation_macro_fmax=0.360549 valid_micro_fmax=0.231384
epoch=7 loss=0.030646 validation_macro_fmax=0.364610 valid_micro_fmax=0.236466
epoch=8 loss=0.031238 validation_macro_fmax=0.382228 valid_micro_fmax=0.175127
epoch=9 loss=0.029735 validation_macro_fmax=0.378849 valid_micro_fmax=0.263224
epoch=10 loss=0.026414 validation_macro_fmax=0.391873 valid_micro_fmax=0.267065
epoch=11 loss=0.020054 validation_macro_fmax=0.378634 valid_micro_fmax=0.252463
epoch=12 loss=0.024248 validation_macro_fmax=0.369698 valid_micro_fmax=0.231276
epoch=13 loss=0.021724 validation_macro_fmax=0.400153 valid_micro_fmax=0.228074
epoch=14 loss=0.019924 validation_macro_fmax=0.396668 valid_micro_fmax=0.293801
epoch=15 loss=0.019488 validation_macro_fmax=0.387667 valid_micro_fmax=0.236129
epoch=16 loss=0.019211 validation_macro_fmax=0.390308 valid_micro_fmax=0.290408
epoch=17 loss=0.018312 validation_macro_fmax=0.409183 valid_micro_fmax=0.269114
epoch=18 loss=0.013652 validation_macro_fmax=0.416759 valid_micro_fmax=0.310618
epoch=19 loss=0.011512 validation_macro_fmax=0.420141 valid_micro_fmax=0.287225
epoch=20 loss=0.014086 validation_macro_fmax=0.426673 valid_micro_fmax=0.336393
epoch=21 loss=0.020670 validation_macro_fmax=0.389947 valid_micro_fmax=0.254018
epoch=22 loss=0.016860 validation_macro_fmax=0.422024 valid_micro_fmax=0.325397
epoch=23 loss=0.016771 validation_macro_fmax=0.414620 valid_micro_fmax=0.313547
epoch=24 loss=0.015534 validation_macro_fmax=0.363446 valid_micro_fmax=0.255202
epoch=25 loss=0.017260 validation_macro_fmax=0.406688 valid_micro_fmax=0.264742
epoch=26 loss=0.011382 validation_macro_fmax=0.410165 valid_micro_fmax=0.312403
epoch=27 loss=0.010252 validation_macro_fmax=0.412604 valid_micro_fmax=0.313380
epoch=28 loss=0.015535 validation_macro_fmax=0.382576 valid_micro_fmax=0.235690
Early stopping after 28 epochs (patience=8)
GPU completion: NVIDIA L40S, 11371, 46068, 0
