GPU: NVIDIA L40S
CUDA tensor check: 8.0
Sun Jul 19 06:14:36 2026       
+-----------------------------------------------------------------------------------------+
| NVIDIA-SMI 560.35.03              Driver Version: 560.35.03      CUDA Version: 12.6     |
|-----------------------------------------+------------------------+----------------------+
| GPU  Name                 Persistence-M | Bus-Id          Disp.A | Volatile Uncorr. ECC |
| Fan  Temp   Perf          Pwr:Usage/Cap |           Memory-Usage | GPU-Util  Compute M. |
|                                         |                        |               MIG M. |
|=========================================+========================+======================|
|   0  NVIDIA L40S                    On  |   00000000:0D:00.0 Off |                    0 |
| N/A   56C    P0             46W /  350W |     503MiB /  46068MiB |      0%      Default |
|                                         |                        |                  N/A |
+-----------------------------------------+------------------------+----------------------+
                                                                                         
+-----------------------------------------------------------------------------------------+
| Processes:                                                                              |
|  GPU   GI   CI        PID   Type   Process name                              GPU Memory |
|        ID   ID                                                               Usage      |
|=========================================================================================|
|    0   N/A  N/A   1044174      C   python3                                       494MiB |
+-----------------------------------------------------------------------------------------+
CUDA verified: NVIDIA L40S; tensor dot product=8.0
GPU startup: NVIDIA L40S, 533, 46068, 0
Loaded train=6026, valid=754; reserved test set is not loaded
epoch=1 loss=0.427692 validation_macro_fmax=0.213932 valid_micro_fmax=0.147216
epoch=2 loss=0.190823 validation_macro_fmax=0.262033 valid_micro_fmax=0.151486
epoch=3 loss=0.111746 validation_macro_fmax=0.233935 valid_micro_fmax=0.143500
epoch=4 loss=0.076388 validation_macro_fmax=0.195307 valid_micro_fmax=0.158494
epoch=5 loss=0.062895 validation_macro_fmax=0.215021 valid_micro_fmax=0.188771
epoch=6 loss=0.048471 validation_macro_fmax=0.207262 valid_micro_fmax=0.207285
epoch=7 loss=0.041599 validation_macro_fmax=0.198759 valid_micro_fmax=0.224412
epoch=8 loss=0.040037 validation_macro_fmax=0.202356 valid_micro_fmax=0.228099
epoch=9 loss=0.037392 validation_macro_fmax=0.213504 valid_micro_fmax=0.230765
epoch=10 loss=0.034339 validation_macro_fmax=0.197119 valid_micro_fmax=0.228955
epoch=11 loss=0.032154 validation_macro_fmax=0.190319 valid_micro_fmax=0.233674
Early stopping after 11 epochs (patience=9)
GPU completion: NVIDIA L40S, 19233, 46068, 0
