GPU: NVIDIA L40S
CUDA tensor check: 8.0
Mon Jul 20 05:47:13 2026       
+-----------------------------------------------------------------------------------------+
| NVIDIA-SMI 560.35.03              Driver Version: 560.35.03      CUDA Version: 12.6     |
|-----------------------------------------+------------------------+----------------------+
| GPU  Name                 Persistence-M | Bus-Id          Disp.A | Volatile Uncorr. ECC |
| Fan  Temp   Perf          Pwr:Usage/Cap |           Memory-Usage | GPU-Util  Compute M. |
|                                         |                        |               MIG M. |
|=========================================+========================+======================|
|   0  NVIDIA L40S                    On  |   00000000:B5:00.0 Off |                    0 |
| N/A   50C    P0             41W /  350W |     503MiB /  46068MiB |      1%      Default |
|                                         |                        |                  N/A |
+-----------------------------------------+------------------------+----------------------+
                                                                                         
+-----------------------------------------------------------------------------------------+
| Processes:                                                                              |
|  GPU   GI   CI        PID   Type   Process name                              GPU Memory |
|        ID   ID                                                               Usage      |
|=========================================================================================|
|    0   N/A  N/A   1572305      C   python3                                       494MiB |
+-----------------------------------------------------------------------------------------+
CUDA verified: NVIDIA L40S; tensor dot product=8.0
GPU startup: NVIDIA L40S, 533, 46068, 0
Loaded train=6026, valid=754; reserved test set is not loaded
epoch=1 loss=0.594968 validation_macro_fmax=0.136514 valid_micro_fmax=0.019256
epoch=2 loss=0.495704 validation_macro_fmax=0.173042 valid_micro_fmax=0.040766
epoch=3 loss=0.455401 validation_macro_fmax=0.207363 valid_micro_fmax=0.058301
epoch=4 loss=0.433215 validation_macro_fmax=0.236632 valid_micro_fmax=0.092771
epoch=5 loss=0.419479 validation_macro_fmax=0.257708 valid_micro_fmax=0.130503
epoch=6 loss=0.408916 validation_macro_fmax=0.275836 valid_micro_fmax=0.155556
epoch=7 loss=0.400661 validation_macro_fmax=0.286229 valid_micro_fmax=0.166667
epoch=8 loss=0.393759 validation_macro_fmax=0.293845 valid_micro_fmax=0.183079
epoch=9 loss=0.387201 validation_macro_fmax=0.299748 valid_micro_fmax=0.200184
epoch=10 loss=0.381451 validation_macro_fmax=0.308190 valid_micro_fmax=0.211276
epoch=11 loss=0.375744 validation_macro_fmax=0.314301 valid_micro_fmax=0.216483
epoch=12 loss=0.370678 validation_macro_fmax=0.320345 valid_micro_fmax=0.227533
epoch=13 loss=0.365016 validation_macro_fmax=0.323646 valid_micro_fmax=0.230599
epoch=14 loss=0.359032 validation_macro_fmax=0.327358 valid_micro_fmax=0.236863
epoch=15 loss=0.353074 validation_macro_fmax=0.335190 valid_micro_fmax=0.242783
epoch=16 loss=0.346487 validation_macro_fmax=0.340143 valid_micro_fmax=0.247558
epoch=17 loss=0.339342 validation_macro_fmax=0.342179 valid_micro_fmax=0.255133
epoch=18 loss=0.331901 validation_macro_fmax=0.345580 valid_micro_fmax=0.255821
epoch=19 loss=0.323408 validation_macro_fmax=0.347011 valid_micro_fmax=0.260500
epoch=20 loss=0.314707 validation_macro_fmax=0.352332 valid_micro_fmax=0.267961
epoch=21 loss=0.305631 validation_macro_fmax=0.353698 valid_micro_fmax=0.267510
epoch=22 loss=0.295627 validation_macro_fmax=0.355211 valid_micro_fmax=0.267103
epoch=23 loss=0.285543 validation_macro_fmax=0.360779 valid_micro_fmax=0.274732
epoch=24 loss=0.274946 validation_macro_fmax=0.360969 valid_micro_fmax=0.273981
epoch=25 loss=0.263850 validation_macro_fmax=0.361184 valid_micro_fmax=0.276799
epoch=26 loss=0.252617 validation_macro_fmax=0.360362 valid_micro_fmax=0.288246
epoch=27 loss=0.241244 validation_macro_fmax=0.368275 valid_micro_fmax=0.293517
epoch=28 loss=0.229712 validation_macro_fmax=0.367533 valid_micro_fmax=0.292469
epoch=29 loss=0.217885 validation_macro_fmax=0.367034 valid_micro_fmax=0.305656
epoch=30 loss=0.206708 validation_macro_fmax=0.365432 valid_micro_fmax=0.299671
epoch=31 loss=0.194913 validation_macro_fmax=0.368080 valid_micro_fmax=0.309710
epoch=32 loss=0.183540 validation_macro_fmax=0.372093 valid_micro_fmax=0.314630
epoch=33 loss=0.172541 validation_macro_fmax=0.372431 valid_micro_fmax=0.312851
epoch=34 loss=0.161850 validation_macro_fmax=0.373298 valid_micro_fmax=0.319635
epoch=35 loss=0.151395 validation_macro_fmax=0.382873 valid_micro_fmax=0.322356
epoch=36 loss=0.141971 validation_macro_fmax=0.381828 valid_micro_fmax=0.328237
epoch=37 loss=0.132207 validation_macro_fmax=0.384404 valid_micro_fmax=0.326778
epoch=38 loss=0.123049 validation_macro_fmax=0.381508 valid_micro_fmax=0.331696
epoch=39 loss=0.114287 validation_macro_fmax=0.386527 valid_micro_fmax=0.338532
epoch=40 loss=0.106503 validation_macro_fmax=0.386875 valid_micro_fmax=0.335579
epoch=41 loss=0.098881 validation_macro_fmax=0.389054 valid_micro_fmax=0.337937
epoch=42 loss=0.091709 validation_macro_fmax=0.389461 valid_micro_fmax=0.339554
epoch=43 loss=0.085056 validation_macro_fmax=0.387029 valid_micro_fmax=0.350271
epoch=44 loss=0.078797 validation_macro_fmax=0.386676 valid_micro_fmax=0.344630
epoch=45 loss=0.073163 validation_macro_fmax=0.386449 valid_micro_fmax=0.346114
epoch=46 loss=0.067819 validation_macro_fmax=0.391609 valid_micro_fmax=0.350699
epoch=47 loss=0.062891 validation_macro_fmax=0.390131 valid_micro_fmax=0.357297
epoch=48 loss=0.058555 validation_macro_fmax=0.391600 valid_micro_fmax=0.355813
epoch=49 loss=0.054333 validation_macro_fmax=0.395306 valid_micro_fmax=0.355550
epoch=50 loss=0.050348 validation_macro_fmax=0.397640 valid_micro_fmax=0.364814
epoch=51 loss=0.046926 validation_macro_fmax=0.394271 valid_micro_fmax=0.359175
epoch=52 loss=0.043686 validation_macro_fmax=0.393164 valid_micro_fmax=0.361087
epoch=53 loss=0.040506 validation_macro_fmax=0.391517 valid_micro_fmax=0.368736
epoch=54 loss=0.037573 validation_macro_fmax=0.403382 valid_micro_fmax=0.364039
epoch=55 loss=0.035083 validation_macro_fmax=0.399534 valid_micro_fmax=0.369126
epoch=56 loss=0.032792 validation_macro_fmax=0.400624 valid_micro_fmax=0.371930
epoch=57 loss=0.030472 validation_macro_fmax=0.401969 valid_micro_fmax=0.370248
epoch=58 loss=0.028693 validation_macro_fmax=0.402843 valid_micro_fmax=0.381816
epoch=59 loss=0.026738 validation_macro_fmax=0.402501 valid_micro_fmax=0.383022
epoch=60 loss=0.025186 validation_macro_fmax=0.400582 valid_micro_fmax=0.393274
epoch=61 loss=0.023613 validation_macro_fmax=0.403505 valid_micro_fmax=0.400000
epoch=62 loss=0.022195 validation_macro_fmax=0.404448 valid_micro_fmax=0.390172
epoch=63 loss=0.020903 validation_macro_fmax=0.399805 valid_micro_fmax=0.398486
epoch=64 loss=0.019305 validation_macro_fmax=0.403403 valid_micro_fmax=0.407166
epoch=65 loss=0.018133 validation_macro_fmax=0.406575 valid_micro_fmax=0.402806
epoch=66 loss=0.017266 validation_macro_fmax=0.408763 valid_micro_fmax=0.416747
epoch=67 loss=0.016354 validation_macro_fmax=0.405253 valid_micro_fmax=0.412151
epoch=68 loss=0.015159 validation_macro_fmax=0.405040 valid_micro_fmax=0.408168
epoch=69 loss=0.014011 validation_macro_fmax=0.414862 valid_micro_fmax=0.403604
epoch=70 loss=0.013534 validation_macro_fmax=0.408355 valid_micro_fmax=0.414740
epoch=71 loss=0.012720 validation_macro_fmax=0.412876 valid_micro_fmax=0.413974
epoch=72 loss=0.011905 validation_macro_fmax=0.414860 valid_micro_fmax=0.412526
epoch=73 loss=0.011121 validation_macro_fmax=0.411594 valid_micro_fmax=0.419844
epoch=74 loss=0.010530 validation_macro_fmax=0.413082 valid_micro_fmax=0.422497
epoch=75 loss=0.009910 validation_macro_fmax=0.417321 valid_micro_fmax=0.418605
epoch=76 loss=0.009311 validation_macro_fmax=0.416789 valid_micro_fmax=0.422428
epoch=77 loss=0.008944 validation_macro_fmax=0.413076 valid_micro_fmax=0.418225
epoch=78 loss=0.008538 validation_macro_fmax=0.414298 valid_micro_fmax=0.417155
epoch=79 loss=0.008148 validation_macro_fmax=0.409299 valid_micro_fmax=0.422285
epoch=80 loss=0.007654 validation_macro_fmax=0.416344 valid_micro_fmax=0.419076
epoch=81 loss=0.007383 validation_macro_fmax=0.415282 valid_micro_fmax=0.415432
epoch=82 loss=0.006903 validation_macro_fmax=0.412371 valid_micro_fmax=0.426335
epoch=83 loss=0.006597 validation_macro_fmax=0.412953 valid_micro_fmax=0.421859
epoch=84 loss=0.006145 validation_macro_fmax=0.417529 valid_micro_fmax=0.433265
epoch=85 loss=0.005811 validation_macro_fmax=0.412266 valid_micro_fmax=0.426708
epoch=86 loss=0.005646 validation_macro_fmax=0.423523 valid_micro_fmax=0.428768
epoch=87 loss=0.005511 validation_macro_fmax=0.418944 valid_micro_fmax=0.425995
epoch=88 loss=0.005304 validation_macro_fmax=0.427819 valid_micro_fmax=0.440020
epoch=89 loss=0.004993 validation_macro_fmax=0.426296 valid_micro_fmax=0.431407
epoch=90 loss=0.004644 validation_macro_fmax=0.419764 valid_micro_fmax=0.438252
epoch=91 loss=0.004387 validation_macro_fmax=0.428115 valid_micro_fmax=0.443448
epoch=92 loss=0.004118 validation_macro_fmax=0.423010 valid_micro_fmax=0.439464
epoch=93 loss=0.004269 validation_macro_fmax=0.430278 valid_micro_fmax=0.444123
epoch=94 loss=0.003995 validation_macro_fmax=0.421116 valid_micro_fmax=0.438765
epoch=95 loss=0.003653 validation_macro_fmax=0.427316 valid_micro_fmax=0.448617
epoch=96 loss=0.003468 validation_macro_fmax=0.430379 valid_micro_fmax=0.440575
epoch=97 loss=0.003420 validation_macro_fmax=0.429553 valid_micro_fmax=0.444359
epoch=98 loss=0.003288 validation_macro_fmax=0.437296 valid_micro_fmax=0.441308
epoch=99 loss=0.003230 validation_macro_fmax=0.431219 valid_micro_fmax=0.445636
epoch=100 loss=0.003037 validation_macro_fmax=0.426136 valid_micro_fmax=0.451256
epoch=101 loss=0.002898 validation_macro_fmax=0.431220 valid_micro_fmax=0.459209
epoch=102 loss=0.002669 validation_macro_fmax=0.429900 valid_micro_fmax=0.448205
epoch=103 loss=0.002483 validation_macro_fmax=0.426071 valid_micro_fmax=0.449561
epoch=104 loss=0.002517 validation_macro_fmax=0.424894 valid_micro_fmax=0.449456
epoch=105 loss=0.002306 validation_macro_fmax=0.424071 valid_micro_fmax=0.447321
epoch=106 loss=0.002170 validation_macro_fmax=0.423263 valid_micro_fmax=0.445398
epoch=107 loss=0.002125 validation_macro_fmax=0.429277 valid_micro_fmax=0.448492
Early stopping after 107 epochs (patience=9)
GPU completion: NVIDIA L40S, 40921, 46068, 0
