GPU: NVIDIA L40S
CUDA tensor check: 8.0
Sun Jul 19 21:57:16 2026       
+-----------------------------------------------------------------------------------------+
| NVIDIA-SMI 560.35.03              Driver Version: 560.35.03      CUDA Version: 12.6     |
|-----------------------------------------+------------------------+----------------------+
| GPU  Name                 Persistence-M | Bus-Id          Disp.A | Volatile Uncorr. ECC |
| Fan  Temp   Perf          Pwr:Usage/Cap |           Memory-Usage | GPU-Util  Compute M. |
|                                         |                        |               MIG M. |
|=========================================+========================+======================|
|   0  NVIDIA L40S                    On  |   00000000:B5:00.0 Off |                    0 |
| N/A   49C    P0             43W /  350W |     503MiB /  46068MiB |      0%      Default |
|                                         |                        |                  N/A |
+-----------------------------------------+------------------------+----------------------+
                                                                                         
+-----------------------------------------------------------------------------------------+
| Processes:                                                                              |
|  GPU   GI   CI        PID   Type   Process name                              GPU Memory |
|        ID   ID                                                               Usage      |
|=========================================================================================|
|    0   N/A  N/A   1033106      C   python3                                       494MiB |
+-----------------------------------------------------------------------------------------+
CUDA verified: NVIDIA L40S; tensor dot product=8.0
GPU startup: NVIDIA L40S, 533, 46068, 0
Loaded train=6026, valid=754; reserved test set is not loaded
epoch=1 loss=0.284855 validation_macro_fmax=0.272522 valid_micro_fmax=0.175202
epoch=2 loss=0.214396 validation_macro_fmax=0.290011 valid_micro_fmax=0.260784
epoch=3 loss=0.197406 validation_macro_fmax=0.307040 valid_micro_fmax=0.318577
epoch=4 loss=0.186585 validation_macro_fmax=0.308210 valid_micro_fmax=0.341110
epoch=5 loss=0.177767 validation_macro_fmax=0.300683 valid_micro_fmax=0.332116
epoch=6 loss=0.169056 validation_macro_fmax=0.296441 valid_micro_fmax=0.358381
epoch=7 loss=0.159652 validation_macro_fmax=0.299305 valid_micro_fmax=0.409601
epoch=8 loss=0.148395 validation_macro_fmax=0.292606 valid_micro_fmax=0.407663
epoch=9 loss=0.136323 validation_macro_fmax=0.291967 valid_micro_fmax=0.417631
epoch=10 loss=0.122988 validation_macro_fmax=0.294070 valid_micro_fmax=0.445804
epoch=11 loss=0.108737 validation_macro_fmax=0.282475 valid_micro_fmax=0.438898
epoch=12 loss=0.094799 validation_macro_fmax=0.282427 valid_micro_fmax=0.448921
epoch=13 loss=0.081581 validation_macro_fmax=0.281127 valid_micro_fmax=0.468655
Early stopping after 13 epochs (patience=9)
GPU completion: NVIDIA L40S, 44455, 46068, 0
