GPU: NVIDIA L40S
CUDA tensor check: 8.0
Mon Jul 20 00:09:33 2026       
+-----------------------------------------------------------------------------------------+
| NVIDIA-SMI 560.35.03              Driver Version: 560.35.03      CUDA Version: 12.6     |
|-----------------------------------------+------------------------+----------------------+
| GPU  Name                 Persistence-M | Bus-Id          Disp.A | Volatile Uncorr. ECC |
| Fan  Temp   Perf          Pwr:Usage/Cap |           Memory-Usage | GPU-Util  Compute M. |
|                                         |                        |               MIG M. |
|=========================================+========================+======================|
|   0  NVIDIA L40S                    On  |   00000000:B5:00.0 Off |                    0 |
| N/A   52C    P0             44W /  350W |     503MiB /  46068MiB |      0%      Default |
|                                         |                        |                  N/A |
+-----------------------------------------+------------------------+----------------------+
                                                                                         
+-----------------------------------------------------------------------------------------+
| Processes:                                                                              |
|  GPU   GI   CI        PID   Type   Process name                              GPU Memory |
|        ID   ID                                                               Usage      |
|=========================================================================================|
|    0   N/A  N/A   1648398      C   python3                                       494MiB |
+-----------------------------------------------------------------------------------------+
CUDA verified: NVIDIA L40S; tensor dot product=8.0
GPU startup: NVIDIA L40S, 533, 46068, 0
Loaded train=6026, valid=754; reserved test set is not loaded
epoch=1 loss=0.575233 validation_macro_fmax=0.197187 valid_micro_fmax=0.031491
epoch=2 loss=0.465129 validation_macro_fmax=0.253527 valid_micro_fmax=0.058262
epoch=3 loss=0.435084 validation_macro_fmax=0.272816 valid_micro_fmax=0.070598
epoch=4 loss=0.417629 validation_macro_fmax=0.292608 valid_micro_fmax=0.092630
epoch=5 loss=0.402873 validation_macro_fmax=0.308873 valid_micro_fmax=0.103132
epoch=6 loss=0.389348 validation_macro_fmax=0.313813 valid_micro_fmax=0.106017
epoch=7 loss=0.372521 validation_macro_fmax=0.328043 valid_micro_fmax=0.124731
epoch=8 loss=0.351392 validation_macro_fmax=0.326387 valid_micro_fmax=0.138551
epoch=9 loss=0.326196 validation_macro_fmax=0.343523 valid_micro_fmax=0.147460
epoch=10 loss=0.296944 validation_macro_fmax=0.334110 valid_micro_fmax=0.162576
epoch=11 loss=0.264148 validation_macro_fmax=0.331157 valid_micro_fmax=0.175575
epoch=12 loss=0.230836 validation_macro_fmax=0.351606 valid_micro_fmax=0.177644
epoch=13 loss=0.198054 validation_macro_fmax=0.357568 valid_micro_fmax=0.198218
epoch=14 loss=0.166499 validation_macro_fmax=0.355432 valid_micro_fmax=0.215307
epoch=15 loss=0.139417 validation_macro_fmax=0.364365 valid_micro_fmax=0.228600
epoch=16 loss=0.115708 validation_macro_fmax=0.374829 valid_micro_fmax=0.230784
epoch=17 loss=0.097722 validation_macro_fmax=0.376913 valid_micro_fmax=0.234353
epoch=18 loss=0.081928 validation_macro_fmax=0.382436 valid_micro_fmax=0.249419
epoch=19 loss=0.068261 validation_macro_fmax=0.392854 valid_micro_fmax=0.259836
epoch=20 loss=0.058413 validation_macro_fmax=0.381470 valid_micro_fmax=0.254842
epoch=21 loss=0.050971 validation_macro_fmax=0.379262 valid_micro_fmax=0.294591
epoch=22 loss=0.043473 validation_macro_fmax=0.376868 valid_micro_fmax=0.287575
epoch=23 loss=0.038425 validation_macro_fmax=0.378676 valid_micro_fmax=0.286996
epoch=24 loss=0.035034 validation_macro_fmax=0.387659 valid_micro_fmax=0.297186
epoch=25 loss=0.030577 validation_macro_fmax=0.382187 valid_micro_fmax=0.297048
epoch=26 loss=0.026524 validation_macro_fmax=0.386936 valid_micro_fmax=0.309827
epoch=27 loss=0.023782 validation_macro_fmax=0.385344 valid_micro_fmax=0.314503
epoch=28 loss=0.021318 validation_macro_fmax=0.395854 valid_micro_fmax=0.293945
epoch=29 loss=0.019689 validation_macro_fmax=0.396808 valid_micro_fmax=0.308508
epoch=30 loss=0.017832 validation_macro_fmax=0.397891 valid_micro_fmax=0.336591
epoch=31 loss=0.015828 validation_macro_fmax=0.389881 valid_micro_fmax=0.290678
epoch=32 loss=0.016199 validation_macro_fmax=0.398069 valid_micro_fmax=0.299421
epoch=33 loss=0.013964 validation_macro_fmax=0.393292 valid_micro_fmax=0.317031
epoch=34 loss=0.012864 validation_macro_fmax=0.386087 valid_micro_fmax=0.317608
epoch=35 loss=0.012626 validation_macro_fmax=0.396096 valid_micro_fmax=0.334309
epoch=36 loss=0.011377 validation_macro_fmax=0.399433 valid_micro_fmax=0.333445
epoch=37 loss=0.010303 validation_macro_fmax=0.399949 valid_micro_fmax=0.334109
epoch=38 loss=0.011420 validation_macro_fmax=0.400431 valid_micro_fmax=0.312034
epoch=39 loss=0.016080 validation_macro_fmax=0.397158 valid_micro_fmax=0.316980
epoch=40 loss=0.011602 validation_macro_fmax=0.398815 valid_micro_fmax=0.336888
epoch=41 loss=0.009567 validation_macro_fmax=0.400088 valid_micro_fmax=0.347462
epoch=42 loss=0.008608 validation_macro_fmax=0.398139 valid_micro_fmax=0.357006
epoch=43 loss=0.007581 validation_macro_fmax=0.400847 valid_micro_fmax=0.351413
epoch=44 loss=0.006838 validation_macro_fmax=0.406971 valid_micro_fmax=0.329254
epoch=45 loss=0.006408 validation_macro_fmax=0.394656 valid_micro_fmax=0.334399
epoch=46 loss=0.006095 validation_macro_fmax=0.394569 valid_micro_fmax=0.345562
epoch=47 loss=0.005613 validation_macro_fmax=0.403281 valid_micro_fmax=0.351555
epoch=48 loss=0.005253 validation_macro_fmax=0.389513 valid_micro_fmax=0.339795
epoch=49 loss=0.005413 validation_macro_fmax=0.398872 valid_micro_fmax=0.337502
epoch=50 loss=0.004641 validation_macro_fmax=0.405513 valid_micro_fmax=0.334095
epoch=51 loss=0.004574 validation_macro_fmax=0.394742 valid_micro_fmax=0.343099
epoch=52 loss=0.004315 validation_macro_fmax=0.412672 valid_micro_fmax=0.335193
epoch=53 loss=0.004022 validation_macro_fmax=0.406727 valid_micro_fmax=0.338517
epoch=54 loss=0.003943 validation_macro_fmax=0.404236 valid_micro_fmax=0.352094
epoch=55 loss=0.003744 validation_macro_fmax=0.418843 valid_micro_fmax=0.334848
epoch=56 loss=0.003526 validation_macro_fmax=0.407255 valid_micro_fmax=0.353518
epoch=57 loss=0.003258 validation_macro_fmax=0.394190 valid_micro_fmax=0.351153
epoch=58 loss=0.003131 validation_macro_fmax=0.388129 valid_micro_fmax=0.340060
epoch=59 loss=0.003078 validation_macro_fmax=0.399733 valid_micro_fmax=0.328624
epoch=60 loss=0.002906 validation_macro_fmax=0.413839 valid_micro_fmax=0.334264
epoch=61 loss=0.003092 validation_macro_fmax=0.405355 valid_micro_fmax=0.334806
epoch=62 loss=0.002698 validation_macro_fmax=0.403216 valid_micro_fmax=0.372220
epoch=63 loss=0.002560 validation_macro_fmax=0.398892 valid_micro_fmax=0.340461
epoch=64 loss=0.002478 validation_macro_fmax=0.403878 valid_micro_fmax=0.324303
Early stopping after 64 epochs (patience=9)
GPU completion: NVIDIA L40S, 43901, 46068, 0
