GPU: NVIDIA L40S
CUDA tensor check: 8.0
Sat Jul 18 18:58:03 2026       
+-----------------------------------------------------------------------------------------+
| NVIDIA-SMI 560.35.03              Driver Version: 560.35.03      CUDA Version: 12.6     |
|-----------------------------------------+------------------------+----------------------+
| GPU  Name                 Persistence-M | Bus-Id          Disp.A | Volatile Uncorr. ECC |
| Fan  Temp   Perf          Pwr:Usage/Cap |           Memory-Usage | GPU-Util  Compute M. |
|                                         |                        |               MIG M. |
|=========================================+========================+======================|
|   0  NVIDIA L40S                    On  |   00000000:B5:00.0 Off |                    0 |
| N/A   51C    P0             43W /  350W |     503MiB /  46068MiB |      0%      Default |
|                                         |                        |                  N/A |
+-----------------------------------------+------------------------+----------------------+
                                                                                         
+-----------------------------------------------------------------------------------------+
| Processes:                                                                              |
|  GPU   GI   CI        PID   Type   Process name                              GPU Memory |
|        ID   ID                                                               Usage      |
|=========================================================================================|
|    0   N/A  N/A    354113      C   python3                                       494MiB |
+-----------------------------------------------------------------------------------------+
CUDA verified: NVIDIA L40S; tensor dot product=8.0
GPU startup: NVIDIA L40S, 533, 46068, 0
Loaded train=6026, valid=754; reserved test set is not loaded
epoch=1 loss=0.580029 validation_macro_fmax=0.143530 valid_micro_fmax=0.016205
epoch=2 loss=0.473884 validation_macro_fmax=0.191924 valid_micro_fmax=0.037405
epoch=3 loss=0.437724 validation_macro_fmax=0.224586 valid_micro_fmax=0.064145
epoch=4 loss=0.415594 validation_macro_fmax=0.241382 valid_micro_fmax=0.109395
epoch=5 loss=0.397639 validation_macro_fmax=0.252978 valid_micro_fmax=0.130189
epoch=6 loss=0.380349 validation_macro_fmax=0.252141 valid_micro_fmax=0.149248
epoch=7 loss=0.361433 validation_macro_fmax=0.260162 valid_micro_fmax=0.156028
epoch=8 loss=0.338601 validation_macro_fmax=0.257671 valid_micro_fmax=0.162173
epoch=9 loss=0.311354 validation_macro_fmax=0.267285 valid_micro_fmax=0.180287
epoch=10 loss=0.279526 validation_macro_fmax=0.258710 valid_micro_fmax=0.183760
epoch=11 loss=0.245831 validation_macro_fmax=0.267478 valid_micro_fmax=0.178693
epoch=12 loss=0.210529 validation_macro_fmax=0.256629 valid_micro_fmax=0.193532
epoch=13 loss=0.178106 validation_macro_fmax=0.260831 valid_micro_fmax=0.208400
epoch=14 loss=0.148330 validation_macro_fmax=0.263050 valid_micro_fmax=0.208512
epoch=15 loss=0.124179 validation_macro_fmax=0.258584 valid_micro_fmax=0.212921
epoch=16 loss=0.102475 validation_macro_fmax=0.256308 valid_micro_fmax=0.218473
epoch=17 loss=0.085966 validation_macro_fmax=0.246304 valid_micro_fmax=0.220165
epoch=18 loss=0.070828 validation_macro_fmax=0.270084 valid_micro_fmax=0.241271
epoch=19 loss=0.059591 validation_macro_fmax=0.271909 valid_micro_fmax=0.229179
epoch=20 loss=0.050980 validation_macro_fmax=0.255821 valid_micro_fmax=0.229374
epoch=21 loss=0.043341 validation_macro_fmax=0.265745 valid_micro_fmax=0.239024
epoch=22 loss=0.037953 validation_macro_fmax=0.281965 valid_micro_fmax=0.242072
epoch=23 loss=0.032258 validation_macro_fmax=0.275240 valid_micro_fmax=0.235749
epoch=24 loss=0.028085 validation_macro_fmax=0.255265 valid_micro_fmax=0.232033
epoch=25 loss=0.026563 validation_macro_fmax=0.252080 valid_micro_fmax=0.235274
epoch=26 loss=0.022397 validation_macro_fmax=0.255139 valid_micro_fmax=0.240859
epoch=27 loss=0.020463 validation_macro_fmax=0.263709 valid_micro_fmax=0.235506
epoch=28 loss=0.019233 validation_macro_fmax=0.250136 valid_micro_fmax=0.217502
epoch=29 loss=0.017045 validation_macro_fmax=0.264920 valid_micro_fmax=0.233151
epoch=30 loss=0.014389 validation_macro_fmax=0.243167 valid_micro_fmax=0.229063
epoch=31 loss=0.014934 validation_macro_fmax=0.255474 valid_micro_fmax=0.229350
epoch=32 loss=0.017460 validation_macro_fmax=0.237950 valid_micro_fmax=0.223096
Early stopping after 32 epochs (patience=10)
GPU completion: NVIDIA L40S, 42299, 46068, 0
