GPU: NVIDIA L40S
CUDA tensor check: 8.0
Sun Jul 19 10:03:20 2026       
+-----------------------------------------------------------------------------------------+
| NVIDIA-SMI 560.35.03              Driver Version: 560.35.03      CUDA Version: 12.6     |
|-----------------------------------------+------------------------+----------------------+
| GPU  Name                 Persistence-M | Bus-Id          Disp.A | Volatile Uncorr. ECC |
| Fan  Temp   Perf          Pwr:Usage/Cap |           Memory-Usage | GPU-Util  Compute M. |
|                                         |                        |               MIG M. |
|=========================================+========================+======================|
|   0  NVIDIA L40S                    On  |   00000000:0D:00.0 Off |                    0 |
| N/A   55C    P0             45W /  350W |     503MiB /  46068MiB |      0%      Default |
|                                         |                        |                  N/A |
+-----------------------------------------+------------------------+----------------------+
                                                                                         
+-----------------------------------------------------------------------------------------+
| Processes:                                                                              |
|  GPU   GI   CI        PID   Type   Process name                              GPU Memory |
|        ID   ID                                                               Usage      |
|=========================================================================================|
|    0   N/A  N/A    685880      C   python3                                       494MiB |
+-----------------------------------------------------------------------------------------+
CUDA verified: NVIDIA L40S; tensor dot product=8.0
GPU startup: NVIDIA L40S, 533, 46068, 0
Loaded train=6026, valid=754; reserved test set is not loaded
epoch=1 loss=0.284630 validation_macro_fmax=0.161809 valid_micro_fmax=0.048145
epoch=2 loss=0.159555 validation_macro_fmax=0.241372 valid_micro_fmax=0.113763
epoch=3 loss=0.103944 validation_macro_fmax=0.181998 valid_micro_fmax=0.113421
epoch=4 loss=0.075397 validation_macro_fmax=0.190651 valid_micro_fmax=0.140017
epoch=5 loss=0.059899 validation_macro_fmax=0.209872 valid_micro_fmax=0.125547
epoch=6 loss=0.053275 validation_macro_fmax=0.238690 valid_micro_fmax=0.180889
epoch=7 loss=0.045700 validation_macro_fmax=0.163025 valid_micro_fmax=0.164226
epoch=8 loss=0.039763 validation_macro_fmax=0.179768 valid_micro_fmax=0.170592
epoch=9 loss=0.030165 validation_macro_fmax=0.171091 valid_micro_fmax=0.183454
epoch=10 loss=0.029671 validation_macro_fmax=0.182597 valid_micro_fmax=0.192030
epoch=11 loss=0.027637 validation_macro_fmax=0.175124 valid_micro_fmax=0.216092
epoch=12 loss=0.028162 validation_macro_fmax=0.149870 valid_micro_fmax=0.182332
Early stopping after 12 epochs (patience=10)
GPU completion: NVIDIA L40S, 18441, 46068, 0
