GPU: NVIDIA L40S
CUDA tensor check: 8.0
Sun Jul 19 07:04:12 2026       
+-----------------------------------------------------------------------------------------+
| NVIDIA-SMI 560.35.03              Driver Version: 560.35.03      CUDA Version: 12.6     |
|-----------------------------------------+------------------------+----------------------+
| GPU  Name                 Persistence-M | Bus-Id          Disp.A | Volatile Uncorr. ECC |
| Fan  Temp   Perf          Pwr:Usage/Cap |           Memory-Usage | GPU-Util  Compute M. |
|                                         |                        |               MIG M. |
|=========================================+========================+======================|
|   0  NVIDIA L40S                    On  |   00000000:0D:00.0 Off |                    0 |
| N/A   50C    P0             42W /  350W |     503MiB /  46068MiB |      0%      Default |
|                                         |                        |                  N/A |
+-----------------------------------------+------------------------+----------------------+
                                                                                         
+-----------------------------------------------------------------------------------------+
| Processes:                                                                              |
|  GPU   GI   CI        PID   Type   Process name                              GPU Memory |
|        ID   ID                                                               Usage      |
|=========================================================================================|
|    0   N/A  N/A   1176758      C   python3                                       494MiB |
+-----------------------------------------------------------------------------------------+
CUDA verified: NVIDIA L40S; tensor dot product=8.0
GPU startup: NVIDIA L40S, 533, 46068, 0
Loaded train=6026, valid=754; reserved test set is not loaded
epoch=1 loss=0.570118 validation_macro_fmax=0.114121 valid_micro_fmax=0.028795
epoch=2 loss=0.466172 validation_macro_fmax=0.137470 valid_micro_fmax=0.063129
epoch=3 loss=0.431934 validation_macro_fmax=0.156948 valid_micro_fmax=0.109276
epoch=4 loss=0.410726 validation_macro_fmax=0.172230 valid_micro_fmax=0.124917
epoch=5 loss=0.392636 validation_macro_fmax=0.181607 valid_micro_fmax=0.140498
epoch=6 loss=0.375165 validation_macro_fmax=0.179360 valid_micro_fmax=0.158971
epoch=7 loss=0.354137 validation_macro_fmax=0.185164 valid_micro_fmax=0.167826
epoch=8 loss=0.328268 validation_macro_fmax=0.194806 valid_micro_fmax=0.180670
epoch=9 loss=0.297528 validation_macro_fmax=0.189533 valid_micro_fmax=0.192080
epoch=10 loss=0.263627 validation_macro_fmax=0.186339 valid_micro_fmax=0.199762
epoch=11 loss=0.228262 validation_macro_fmax=0.187512 valid_micro_fmax=0.216453
epoch=12 loss=0.193767 validation_macro_fmax=0.190073 valid_micro_fmax=0.223709
epoch=13 loss=0.162864 validation_macro_fmax=0.192690 valid_micro_fmax=0.246487
epoch=14 loss=0.134980 validation_macro_fmax=0.194877 valid_micro_fmax=0.253924
epoch=15 loss=0.111630 validation_macro_fmax=0.180008 valid_micro_fmax=0.241914
epoch=16 loss=0.093055 validation_macro_fmax=0.198519 valid_micro_fmax=0.273787
epoch=17 loss=0.076107 validation_macro_fmax=0.192067 valid_micro_fmax=0.256002
epoch=18 loss=0.064824 validation_macro_fmax=0.190351 valid_micro_fmax=0.269880
epoch=19 loss=0.055977 validation_macro_fmax=0.225494 valid_micro_fmax=0.281822
epoch=20 loss=0.047664 validation_macro_fmax=0.227527 valid_micro_fmax=0.282677
epoch=21 loss=0.040024 validation_macro_fmax=0.210566 valid_micro_fmax=0.277864
epoch=22 loss=0.035172 validation_macro_fmax=0.228582 valid_micro_fmax=0.283725
epoch=23 loss=0.030487 validation_macro_fmax=0.223128 valid_micro_fmax=0.300631
epoch=24 loss=0.026360 validation_macro_fmax=0.210276 valid_micro_fmax=0.283568
epoch=25 loss=0.023514 validation_macro_fmax=0.237881 valid_micro_fmax=0.298663
epoch=26 loss=0.021266 validation_macro_fmax=0.203753 valid_micro_fmax=0.267767
epoch=27 loss=0.018801 validation_macro_fmax=0.263441 valid_micro_fmax=0.298163
epoch=28 loss=0.018030 validation_macro_fmax=0.248353 valid_micro_fmax=0.298547
epoch=29 loss=0.016309 validation_macro_fmax=0.214890 valid_micro_fmax=0.288708
epoch=30 loss=0.014353 validation_macro_fmax=0.258057 valid_micro_fmax=0.313269
epoch=31 loss=0.013064 validation_macro_fmax=0.243905 valid_micro_fmax=0.294320
epoch=32 loss=0.011169 validation_macro_fmax=0.241200 valid_micro_fmax=0.306443
epoch=33 loss=0.010274 validation_macro_fmax=0.276240 valid_micro_fmax=0.292938
epoch=34 loss=0.009104 validation_macro_fmax=0.227473 valid_micro_fmax=0.289364
epoch=35 loss=0.008301 validation_macro_fmax=0.257756 valid_micro_fmax=0.308561
epoch=36 loss=0.008688 validation_macro_fmax=0.247248 valid_micro_fmax=0.298112
epoch=37 loss=0.008523 validation_macro_fmax=0.183745 valid_micro_fmax=0.275369
epoch=38 loss=0.008460 validation_macro_fmax=0.229898 valid_micro_fmax=0.287706
epoch=39 loss=0.008074 validation_macro_fmax=0.221123 valid_micro_fmax=0.297172
epoch=40 loss=0.006291 validation_macro_fmax=0.214050 valid_micro_fmax=0.299422
epoch=41 loss=0.006398 validation_macro_fmax=0.294624 valid_micro_fmax=0.289235
epoch=42 loss=0.006670 validation_macro_fmax=0.309843 valid_micro_fmax=0.314734
epoch=43 loss=0.005148 validation_macro_fmax=0.224636 valid_micro_fmax=0.301884
epoch=44 loss=0.005870 validation_macro_fmax=0.223912 valid_micro_fmax=0.274357
epoch=45 loss=0.004476 validation_macro_fmax=0.216847 valid_micro_fmax=0.286907
epoch=46 loss=0.004115 validation_macro_fmax=0.216795 valid_micro_fmax=0.275455
epoch=47 loss=0.004591 validation_macro_fmax=0.288630 valid_micro_fmax=0.294814
epoch=48 loss=0.004635 validation_macro_fmax=0.250609 valid_micro_fmax=0.284053
epoch=49 loss=0.003970 validation_macro_fmax=0.228245 valid_micro_fmax=0.294013
epoch=50 loss=0.003181 validation_macro_fmax=0.225519 valid_micro_fmax=0.301633
epoch=51 loss=0.003031 validation_macro_fmax=0.241392 valid_micro_fmax=0.295669
epoch=52 loss=0.002600 validation_macro_fmax=0.226879 valid_micro_fmax=0.300205
Early stopping after 52 epochs (patience=10)
GPU completion: NVIDIA L40S, 27339, 46068, 0
