GPU: NVIDIA L40S
CUDA tensor check: 8.0
Sun Jul 19 07:10:05 2026       
+-----------------------------------------------------------------------------------------+
| NVIDIA-SMI 560.35.03              Driver Version: 560.35.03      CUDA Version: 12.6     |
|-----------------------------------------+------------------------+----------------------+
| GPU  Name                 Persistence-M | Bus-Id          Disp.A | Volatile Uncorr. ECC |
| Fan  Temp   Perf          Pwr:Usage/Cap |           Memory-Usage | GPU-Util  Compute M. |
|                                         |                        |               MIG M. |
|=========================================+========================+======================|
|   0  NVIDIA L40S                    On  |   00000000:B5:00.0 Off |                    0 |
| N/A   48C    P0             43W /  350W |     503MiB /  46068MiB |      0%      Default |
|                                         |                        |                  N/A |
+-----------------------------------------+------------------------+----------------------+
                                                                                         
+-----------------------------------------------------------------------------------------+
| Processes:                                                                              |
|  GPU   GI   CI        PID   Type   Process name                              GPU Memory |
|        ID   ID                                                               Usage      |
|=========================================================================================|
|    0   N/A  N/A    608873      C   python3                                       494MiB |
+-----------------------------------------------------------------------------------------+
CUDA verified: NVIDIA L40S; tensor dot product=8.0
GPU startup: NVIDIA L40S, 533, 46068, 0
Loaded train=6026, valid=754; reserved test set is not loaded
epoch=1 loss=0.915329 validation_macro_fmax=0.174056 valid_micro_fmax=0.114245
epoch=2 loss=0.584925 validation_macro_fmax=0.200040 valid_micro_fmax=0.156142
epoch=3 loss=0.312737 validation_macro_fmax=0.186046 valid_micro_fmax=0.205932
epoch=4 loss=0.187563 validation_macro_fmax=0.162974 valid_micro_fmax=0.179850
epoch=5 loss=0.123789 validation_macro_fmax=0.181965 valid_micro_fmax=0.214681
epoch=6 loss=0.087579 validation_macro_fmax=0.169568 valid_micro_fmax=0.225028
epoch=7 loss=0.064444 validation_macro_fmax=0.164361 valid_micro_fmax=0.234417
epoch=8 loss=0.065844 validation_macro_fmax=0.175765 valid_micro_fmax=0.243893
epoch=9 loss=0.053472 validation_macro_fmax=0.178548 valid_micro_fmax=0.227202
epoch=10 loss=0.039046 validation_macro_fmax=0.169822 valid_micro_fmax=0.223759
epoch=11 loss=0.047538 validation_macro_fmax=0.178472 valid_micro_fmax=0.198604
Early stopping after 11 epochs (patience=9)
GPU completion: NVIDIA L40S, 22645, 46068, 0
