GPU: NVIDIA L40S
CUDA tensor check: 8.0
Sun Jul 19 17:59:56 2026       
+-----------------------------------------------------------------------------------------+
| NVIDIA-SMI 560.35.03              Driver Version: 560.35.03      CUDA Version: 12.6     |
|-----------------------------------------+------------------------+----------------------+
| GPU  Name                 Persistence-M | Bus-Id          Disp.A | Volatile Uncorr. ECC |
| Fan  Temp   Perf          Pwr:Usage/Cap |           Memory-Usage | GPU-Util  Compute M. |
|                                         |                        |               MIG M. |
|=========================================+========================+======================|
|   0  NVIDIA L40S                    On  |   00000000:B5:00.0 Off |                    0 |
| N/A   52C    P0             45W /  350W |     503MiB /  46068MiB |      0%      Default |
|                                         |                        |                  N/A |
+-----------------------------------------+------------------------+----------------------+
                                                                                         
+-----------------------------------------------------------------------------------------+
| Processes:                                                                              |
|  GPU   GI   CI        PID   Type   Process name                              GPU Memory |
|        ID   ID                                                               Usage      |
|=========================================================================================|
|    0   N/A  N/A    936993      C   python3                                       494MiB |
+-----------------------------------------------------------------------------------------+
CUDA verified: NVIDIA L40S; tensor dot product=8.0
GPU startup: NVIDIA L40S, 533, 46068, 5
Loaded train=6026, valid=754; reserved test set is not loaded
epoch=1 loss=0.859841 validation_macro_fmax=0.202324 valid_micro_fmax=0.053441
epoch=2 loss=0.457955 validation_macro_fmax=0.210780 valid_micro_fmax=0.072692
epoch=3 loss=0.299527 validation_macro_fmax=0.248138 valid_micro_fmax=0.088885
epoch=4 loss=0.222313 validation_macro_fmax=0.234103 valid_micro_fmax=0.106502
epoch=5 loss=0.179735 validation_macro_fmax=0.230958 valid_micro_fmax=0.109017
epoch=6 loss=0.172609 validation_macro_fmax=0.235231 valid_micro_fmax=0.133816
epoch=7 loss=0.128961 validation_macro_fmax=0.246467 valid_micro_fmax=0.138166
epoch=8 loss=0.100123 validation_macro_fmax=0.236167 valid_micro_fmax=0.146095
epoch=9 loss=0.130191 validation_macro_fmax=0.239906 valid_micro_fmax=0.148267
epoch=10 loss=0.081544 validation_macro_fmax=0.237762 valid_micro_fmax=0.152682
epoch=11 loss=0.078488 validation_macro_fmax=0.225731 valid_micro_fmax=0.143250
epoch=12 loss=0.075224 validation_macro_fmax=0.234961 valid_micro_fmax=0.143629
epoch=13 loss=0.078841 validation_macro_fmax=0.237081 valid_micro_fmax=0.154574
Early stopping after 13 epochs (patience=10)
GPU completion: NVIDIA L40S, 31419, 46068, 0
