GPU: NVIDIA L40S
CUDA tensor check: 8.0
Sun Jul 19 23:49:40 2026       
+-----------------------------------------------------------------------------------------+
| NVIDIA-SMI 560.35.03              Driver Version: 560.35.03      CUDA Version: 12.6     |
|-----------------------------------------+------------------------+----------------------+
| GPU  Name                 Persistence-M | Bus-Id          Disp.A | Volatile Uncorr. ECC |
| Fan  Temp   Perf          Pwr:Usage/Cap |           Memory-Usage | GPU-Util  Compute M. |
|                                         |                        |               MIG M. |
|=========================================+========================+======================|
|   0  NVIDIA L40S                    On  |   00000000:B5:00.0 Off |                    0 |
| N/A   46C    P0             41W /  350W |     503MiB /  46068MiB |      1%      Default |
|                                         |                        |                  N/A |
+-----------------------------------------+------------------------+----------------------+
                                                                                         
+-----------------------------------------------------------------------------------------+
| Processes:                                                                              |
|  GPU   GI   CI        PID   Type   Process name                              GPU Memory |
|        ID   ID                                                               Usage      |
|=========================================================================================|
|    0   N/A  N/A   1080574      C   python3                                       494MiB |
+-----------------------------------------------------------------------------------------+
CUDA verified: NVIDIA L40S; tensor dot product=8.0
GPU startup: NVIDIA L40S, 533, 46068, 3
Loaded train=6026, valid=754; reserved test set is not loaded
epoch=1 loss=0.921447 validation_macro_fmax=0.282893 valid_micro_fmax=0.084610
epoch=2 loss=0.686466 validation_macro_fmax=0.318261 valid_micro_fmax=0.121747
epoch=3 loss=0.484076 validation_macro_fmax=0.349540 valid_micro_fmax=0.173639
epoch=4 loss=0.278196 validation_macro_fmax=0.352620 valid_micro_fmax=0.217289
epoch=5 loss=0.148728 validation_macro_fmax=0.364803 valid_micro_fmax=0.234694
epoch=6 loss=0.088299 validation_macro_fmax=0.373496 valid_micro_fmax=0.260208
epoch=7 loss=0.055497 validation_macro_fmax=0.370235 valid_micro_fmax=0.239654
epoch=8 loss=0.037587 validation_macro_fmax=0.376714 valid_micro_fmax=0.261877
epoch=9 loss=0.026501 validation_macro_fmax=0.390186 valid_micro_fmax=0.294616
epoch=10 loss=0.020970 validation_macro_fmax=0.387369 valid_micro_fmax=0.277978
epoch=11 loss=0.020001 validation_macro_fmax=0.384163 valid_micro_fmax=0.271785
epoch=12 loss=0.014835 validation_macro_fmax=0.383406 valid_micro_fmax=0.272786
epoch=13 loss=0.011964 validation_macro_fmax=0.405578 valid_micro_fmax=0.290843
epoch=14 loss=0.013079 validation_macro_fmax=0.374746 valid_micro_fmax=0.271319
epoch=15 loss=0.012445 validation_macro_fmax=0.385175 valid_micro_fmax=0.301306
epoch=16 loss=0.007720 validation_macro_fmax=0.368802 valid_micro_fmax=0.286314
epoch=17 loss=0.006078 validation_macro_fmax=0.390542 valid_micro_fmax=0.278514
epoch=18 loss=0.006675 validation_macro_fmax=0.367939 valid_micro_fmax=0.313283
epoch=19 loss=0.158529 validation_macro_fmax=0.351340 valid_micro_fmax=0.190687
epoch=20 loss=0.034896 validation_macro_fmax=0.373171 valid_micro_fmax=0.245371
epoch=21 loss=0.017726 validation_macro_fmax=0.375683 valid_micro_fmax=0.259144
epoch=22 loss=0.012670 validation_macro_fmax=0.367489 valid_micro_fmax=0.283089
Early stopping after 22 epochs (patience=9)
GPU completion: NVIDIA L40S, 45025, 46068, 0
