GPU: NVIDIA L40S
CUDA tensor check: 8.0
Sun Jul 19 11:27:35 2026       
+-----------------------------------------------------------------------------------------+
| NVIDIA-SMI 560.35.03              Driver Version: 560.35.03      CUDA Version: 12.6     |
|-----------------------------------------+------------------------+----------------------+
| GPU  Name                 Persistence-M | Bus-Id          Disp.A | Volatile Uncorr. ECC |
| Fan  Temp   Perf          Pwr:Usage/Cap |           Memory-Usage | GPU-Util  Compute M. |
|                                         |                        |               MIG M. |
|=========================================+========================+======================|
|   0  NVIDIA L40S                    On  |   00000000:0D:00.0 Off |                    0 |
| N/A   47C    P0             47W /  350W |     503MiB /  46068MiB |      0%      Default |
|                                         |                        |                  N/A |
+-----------------------------------------+------------------------+----------------------+
                                                                                         
+-----------------------------------------------------------------------------------------+
| Processes:                                                                              |
|  GPU   GI   CI        PID   Type   Process name                              GPU Memory |
|        ID   ID                                                               Usage      |
|=========================================================================================|
|    0   N/A  N/A    738270      C   python3                                       494MiB |
+-----------------------------------------------------------------------------------------+
CUDA verified: NVIDIA L40S; tensor dot product=8.0
GPU startup: NVIDIA L40S, 533, 46068, 5
Loaded train=6026, valid=754; reserved test set is not loaded
epoch=1 loss=1.211976 validation_macro_fmax=0.084935 valid_micro_fmax=0.010730
epoch=2 loss=1.126987 validation_macro_fmax=0.087582 valid_micro_fmax=0.011143
epoch=3 loss=1.071606 validation_macro_fmax=0.096750 valid_micro_fmax=0.011599
epoch=4 loss=1.027648 validation_macro_fmax=0.099815 valid_micro_fmax=0.011783
epoch=5 loss=0.992455 validation_macro_fmax=0.103320 valid_micro_fmax=0.011595
epoch=6 loss=0.963316 validation_macro_fmax=0.107744 valid_micro_fmax=0.012119
epoch=7 loss=0.939971 validation_macro_fmax=0.112522 valid_micro_fmax=0.012275
epoch=8 loss=0.918280 validation_macro_fmax=0.115552 valid_micro_fmax=0.012338
epoch=9 loss=0.900378 validation_macro_fmax=0.120790 valid_micro_fmax=0.012613
epoch=10 loss=0.887819 validation_macro_fmax=0.120678 valid_micro_fmax=0.012817
epoch=11 loss=0.869678 validation_macro_fmax=0.126363 valid_micro_fmax=0.013848
epoch=12 loss=0.857632 validation_macro_fmax=0.125725 valid_micro_fmax=0.014623
epoch=13 loss=0.845282 validation_macro_fmax=0.132877 valid_micro_fmax=0.015369
epoch=14 loss=0.835625 validation_macro_fmax=0.137389 valid_micro_fmax=0.015778
epoch=15 loss=0.827159 validation_macro_fmax=0.141267 valid_micro_fmax=0.017346
epoch=16 loss=0.818434 validation_macro_fmax=0.141806 valid_micro_fmax=0.017293
epoch=17 loss=0.809976 validation_macro_fmax=0.154760 valid_micro_fmax=0.019692
epoch=18 loss=0.801985 validation_macro_fmax=0.149544 valid_micro_fmax=0.020431
epoch=19 loss=0.796044 validation_macro_fmax=0.151941 valid_micro_fmax=0.020395
epoch=20 loss=0.789028 validation_macro_fmax=0.161904 valid_micro_fmax=0.023347
epoch=21 loss=0.781892 validation_macro_fmax=0.158158 valid_micro_fmax=0.024838
epoch=22 loss=0.775205 validation_macro_fmax=0.166665 valid_micro_fmax=0.026177
epoch=23 loss=0.769644 validation_macro_fmax=0.171116 valid_micro_fmax=0.029430
epoch=24 loss=0.764808 validation_macro_fmax=0.174220 valid_micro_fmax=0.031004
epoch=25 loss=0.757448 validation_macro_fmax=0.179794 valid_micro_fmax=0.034994
epoch=26 loss=0.751738 validation_macro_fmax=0.180736 valid_micro_fmax=0.033963
epoch=27 loss=0.746603 validation_macro_fmax=0.184860 valid_micro_fmax=0.038228
epoch=28 loss=0.740020 validation_macro_fmax=0.189066 valid_micro_fmax=0.038882
epoch=29 loss=0.735173 validation_macro_fmax=0.192167 valid_micro_fmax=0.041395
epoch=30 loss=0.727948 validation_macro_fmax=0.196007 valid_micro_fmax=0.047019
epoch=31 loss=0.722736 validation_macro_fmax=0.194196 valid_micro_fmax=0.043355
epoch=32 loss=0.715919 validation_macro_fmax=0.200805 valid_micro_fmax=0.054855
epoch=33 loss=0.710943 validation_macro_fmax=0.206827 valid_micro_fmax=0.056584
epoch=34 loss=0.703128 validation_macro_fmax=0.209498 valid_micro_fmax=0.057257
epoch=35 loss=0.696437 validation_macro_fmax=0.208107 valid_micro_fmax=0.062945
epoch=36 loss=0.689566 validation_macro_fmax=0.213028 valid_micro_fmax=0.058879
epoch=37 loss=0.682115 validation_macro_fmax=0.209932 valid_micro_fmax=0.058289
epoch=38 loss=0.675496 validation_macro_fmax=0.208949 valid_micro_fmax=0.063277
epoch=39 loss=0.667807 validation_macro_fmax=0.215775 valid_micro_fmax=0.067701
epoch=40 loss=0.660053 validation_macro_fmax=0.213635 valid_micro_fmax=0.075345
epoch=41 loss=0.652287 validation_macro_fmax=0.215938 valid_micro_fmax=0.069391
epoch=42 loss=0.643706 validation_macro_fmax=0.218037 valid_micro_fmax=0.076702
epoch=43 loss=0.635509 validation_macro_fmax=0.217263 valid_micro_fmax=0.080645
epoch=44 loss=0.626417 validation_macro_fmax=0.218788 valid_micro_fmax=0.081017
epoch=45 loss=0.618412 validation_macro_fmax=0.218345 valid_micro_fmax=0.080828
epoch=46 loss=0.609734 validation_macro_fmax=0.218993 valid_micro_fmax=0.088586
epoch=47 loss=0.600395 validation_macro_fmax=0.219909 valid_micro_fmax=0.088287
epoch=48 loss=0.591344 validation_macro_fmax=0.221122 valid_micro_fmax=0.096537
epoch=49 loss=0.580990 validation_macro_fmax=0.222421 valid_micro_fmax=0.096832
epoch=50 loss=0.570494 validation_macro_fmax=0.220783 valid_micro_fmax=0.092166
epoch=51 loss=0.560999 validation_macro_fmax=0.224290 valid_micro_fmax=0.101434
epoch=52 loss=0.550418 validation_macro_fmax=0.224196 valid_micro_fmax=0.103194
epoch=53 loss=0.540167 validation_macro_fmax=0.222421 valid_micro_fmax=0.099116
epoch=54 loss=0.529715 validation_macro_fmax=0.221807 valid_micro_fmax=0.100658
epoch=55 loss=0.519098 validation_macro_fmax=0.227361 valid_micro_fmax=0.108108
epoch=56 loss=0.507793 validation_macro_fmax=0.226249 valid_micro_fmax=0.113618
epoch=57 loss=0.496646 validation_macro_fmax=0.228984 valid_micro_fmax=0.113512
epoch=58 loss=0.485769 validation_macro_fmax=0.233078 valid_micro_fmax=0.116118
epoch=59 loss=0.475120 validation_macro_fmax=0.229355 valid_micro_fmax=0.110149
epoch=60 loss=0.463241 validation_macro_fmax=0.227673 valid_micro_fmax=0.116396
epoch=61 loss=0.452291 validation_macro_fmax=0.233697 valid_micro_fmax=0.118443
epoch=62 loss=0.440342 validation_macro_fmax=0.227991 valid_micro_fmax=0.119019
epoch=63 loss=0.429885 validation_macro_fmax=0.236868 valid_micro_fmax=0.131175
epoch=64 loss=0.418418 validation_macro_fmax=0.233566 valid_micro_fmax=0.126529
epoch=65 loss=0.406367 validation_macro_fmax=0.235598 valid_micro_fmax=0.123532
epoch=66 loss=0.395501 validation_macro_fmax=0.234261 valid_micro_fmax=0.129418
epoch=67 loss=0.384101 validation_macro_fmax=0.233760 valid_micro_fmax=0.128592
epoch=68 loss=0.372961 validation_macro_fmax=0.235949 valid_micro_fmax=0.137819
epoch=69 loss=0.362083 validation_macro_fmax=0.235172 valid_micro_fmax=0.137615
epoch=70 loss=0.351209 validation_macro_fmax=0.237293 valid_micro_fmax=0.136990
epoch=71 loss=0.340274 validation_macro_fmax=0.241644 valid_micro_fmax=0.135661
epoch=72 loss=0.329687 validation_macro_fmax=0.241855 valid_micro_fmax=0.144317
epoch=73 loss=0.319456 validation_macro_fmax=0.239785 valid_micro_fmax=0.147635
epoch=74 loss=0.309241 validation_macro_fmax=0.241924 valid_micro_fmax=0.151387
epoch=75 loss=0.299029 validation_macro_fmax=0.240645 valid_micro_fmax=0.154515
epoch=76 loss=0.289924 validation_macro_fmax=0.240158 valid_micro_fmax=0.154695
epoch=77 loss=0.280129 validation_macro_fmax=0.254355 valid_micro_fmax=0.161960
epoch=78 loss=0.271205 validation_macro_fmax=0.254091 valid_micro_fmax=0.159727
epoch=79 loss=0.261860 validation_macro_fmax=0.245972 valid_micro_fmax=0.165815
epoch=80 loss=0.252702 validation_macro_fmax=0.247956 valid_micro_fmax=0.164812
epoch=81 loss=0.243833 validation_macro_fmax=0.244722 valid_micro_fmax=0.169366
epoch=82 loss=0.236174 validation_macro_fmax=0.249032 valid_micro_fmax=0.176379
epoch=83 loss=0.227811 validation_macro_fmax=0.248030 valid_micro_fmax=0.177165
epoch=84 loss=0.220374 validation_macro_fmax=0.245928 valid_micro_fmax=0.171469
epoch=85 loss=0.212743 validation_macro_fmax=0.249866 valid_micro_fmax=0.179751
Early stopping after 85 epochs (patience=8)
GPU completion: NVIDIA L40S, 34081, 46068, 0
