GPU: NVIDIA L40S
CUDA tensor check: 8.0
Mon Jul 20 06:37:13 2026       
+-----------------------------------------------------------------------------------------+
| NVIDIA-SMI 560.35.03              Driver Version: 560.35.03      CUDA Version: 12.6     |
|-----------------------------------------+------------------------+----------------------+
| GPU  Name                 Persistence-M | Bus-Id          Disp.A | Volatile Uncorr. ECC |
| Fan  Temp   Perf          Pwr:Usage/Cap |           Memory-Usage | GPU-Util  Compute M. |
|                                         |                        |               MIG M. |
|=========================================+========================+======================|
|   0  NVIDIA L40S                    On  |   00000000:B5:00.0 Off |                    0 |
| N/A   46C    P0             41W /  350W |     503MiB /  46068MiB |      1%      Default |
|                                         |                        |                  N/A |
+-----------------------------------------+------------------------+----------------------+
                                                                                         
+-----------------------------------------------------------------------------------------+
| Processes:                                                                              |
|  GPU   GI   CI        PID   Type   Process name                              GPU Memory |
|        ID   ID                                                               Usage      |
|=========================================================================================|
|    0   N/A  N/A   1244757      C   python3                                       494MiB |
+-----------------------------------------------------------------------------------------+
CUDA verified: NVIDIA L40S; tensor dot product=8.0
GPU startup: NVIDIA L40S, 533, 46068, 0
Loaded train=6026, valid=754; reserved test set is not loaded
epoch=1 loss=0.222269 validation_macro_fmax=0.374526 valid_micro_fmax=0.380986
epoch=2 loss=0.125221 validation_macro_fmax=0.417394 valid_micro_fmax=0.420977
epoch=3 loss=0.068973 validation_macro_fmax=0.422668 valid_micro_fmax=0.426735
epoch=4 loss=0.044510 validation_macro_fmax=0.385841 valid_micro_fmax=0.446477
epoch=5 loss=0.047469 validation_macro_fmax=0.393504 valid_micro_fmax=0.443695
epoch=6 loss=0.045227 validation_macro_fmax=0.472958 valid_micro_fmax=0.442607
epoch=7 loss=0.027315 validation_macro_fmax=0.450014 valid_micro_fmax=0.475722
epoch=8 loss=0.028301 validation_macro_fmax=0.405608 valid_micro_fmax=0.446189
epoch=9 loss=0.028247 validation_macro_fmax=0.440691 valid_micro_fmax=0.455272
epoch=10 loss=0.029330 validation_macro_fmax=0.445169 valid_micro_fmax=0.435856
epoch=11 loss=0.037638 validation_macro_fmax=0.407117 valid_micro_fmax=0.465716
epoch=12 loss=0.021502 validation_macro_fmax=0.439549 valid_micro_fmax=0.470691
epoch=13 loss=0.016499 validation_macro_fmax=0.431912 valid_micro_fmax=0.469643
epoch=14 loss=0.020934 validation_macro_fmax=0.410887 valid_micro_fmax=0.443166
Early stopping after 14 epochs (patience=8)
GPU completion: NVIDIA L40S, 8407, 46068, 0
