GPU: NVIDIA L40S
CUDA tensor check: 8.0
Mon Jul 20 00:42:04 2026       
+-----------------------------------------------------------------------------------------+
| NVIDIA-SMI 560.35.03              Driver Version: 560.35.03      CUDA Version: 12.6     |
|-----------------------------------------+------------------------+----------------------+
| GPU  Name                 Persistence-M | Bus-Id          Disp.A | Volatile Uncorr. ECC |
| Fan  Temp   Perf          Pwr:Usage/Cap |           Memory-Usage | GPU-Util  Compute M. |
|                                         |                        |               MIG M. |
|=========================================+========================+======================|
|   0  NVIDIA L40S                    On  |   00000000:B5:00.0 Off |                    0 |
| N/A   55C    P0             46W /  350W |     503MiB /  46068MiB |      5%      Default |
|                                         |                        |                  N/A |
+-----------------------------------------+------------------------+----------------------+
                                                                                         
+-----------------------------------------------------------------------------------------+
| Processes:                                                                              |
|  GPU   GI   CI        PID   Type   Process name                              GPU Memory |
|        ID   ID                                                               Usage      |
|=========================================================================================|
|    0   N/A  N/A   1104478      C   python3                                       494MiB |
+-----------------------------------------------------------------------------------------+
CUDA verified: NVIDIA L40S; tensor dot product=8.0
GPU startup: NVIDIA L40S, 533, 46068, 0
Loaded train=6026, valid=754; reserved test set is not loaded
epoch=1 loss=0.395662 validation_macro_fmax=0.187572 valid_micro_fmax=0.104962
epoch=2 loss=0.348487 validation_macro_fmax=0.185276 valid_micro_fmax=0.108322
epoch=3 loss=0.319682 validation_macro_fmax=0.194517 valid_micro_fmax=0.113936
epoch=4 loss=0.302032 validation_macro_fmax=0.198974 valid_micro_fmax=0.123132
epoch=5 loss=0.287982 validation_macro_fmax=0.214782 valid_micro_fmax=0.134946
epoch=6 loss=0.276276 validation_macro_fmax=0.225023 valid_micro_fmax=0.139657
epoch=7 loss=0.266874 validation_macro_fmax=0.226471 valid_micro_fmax=0.154088
epoch=8 loss=0.258693 validation_macro_fmax=0.234013 valid_micro_fmax=0.161325
epoch=9 loss=0.252488 validation_macro_fmax=0.244936 valid_micro_fmax=0.178264
epoch=10 loss=0.246795 validation_macro_fmax=0.251201 valid_micro_fmax=0.184723
epoch=11 loss=0.241330 validation_macro_fmax=0.254087 valid_micro_fmax=0.195065
epoch=12 loss=0.236521 validation_macro_fmax=0.257777 valid_micro_fmax=0.204482
epoch=13 loss=0.232276 validation_macro_fmax=0.258392 valid_micro_fmax=0.210909
epoch=14 loss=0.228575 validation_macro_fmax=0.259555 valid_micro_fmax=0.218736
epoch=15 loss=0.224696 validation_macro_fmax=0.262201 valid_micro_fmax=0.220730
epoch=16 loss=0.222013 validation_macro_fmax=0.262933 valid_micro_fmax=0.240921
epoch=17 loss=0.218456 validation_macro_fmax=0.262633 valid_micro_fmax=0.250493
epoch=18 loss=0.215382 validation_macro_fmax=0.261447 valid_micro_fmax=0.254970
epoch=19 loss=0.212913 validation_macro_fmax=0.265919 valid_micro_fmax=0.266745
epoch=20 loss=0.209816 validation_macro_fmax=0.271158 valid_micro_fmax=0.270736
epoch=21 loss=0.207062 validation_macro_fmax=0.273390 valid_micro_fmax=0.277614
epoch=22 loss=0.205123 validation_macro_fmax=0.275460 valid_micro_fmax=0.274296
epoch=23 loss=0.202424 validation_macro_fmax=0.279489 valid_micro_fmax=0.287067
epoch=24 loss=0.199904 validation_macro_fmax=0.283258 valid_micro_fmax=0.290512
epoch=25 loss=0.197705 validation_macro_fmax=0.286885 valid_micro_fmax=0.279101
epoch=26 loss=0.195135 validation_macro_fmax=0.284180 valid_micro_fmax=0.282739
epoch=27 loss=0.192582 validation_macro_fmax=0.281355 valid_micro_fmax=0.307913
epoch=28 loss=0.190797 validation_macro_fmax=0.291113 valid_micro_fmax=0.294856
epoch=29 loss=0.188223 validation_macro_fmax=0.286951 valid_micro_fmax=0.312134
epoch=30 loss=0.185902 validation_macro_fmax=0.292243 valid_micro_fmax=0.324022
epoch=31 loss=0.183499 validation_macro_fmax=0.290069 valid_micro_fmax=0.315532
epoch=32 loss=0.180880 validation_macro_fmax=0.291143 valid_micro_fmax=0.334957
epoch=33 loss=0.178700 validation_macro_fmax=0.289588 valid_micro_fmax=0.308831
epoch=34 loss=0.176803 validation_macro_fmax=0.291525 valid_micro_fmax=0.331620
epoch=35 loss=0.174176 validation_macro_fmax=0.291123 valid_micro_fmax=0.334719
epoch=36 loss=0.171485 validation_macro_fmax=0.292136 valid_micro_fmax=0.343579
epoch=37 loss=0.168958 validation_macro_fmax=0.292870 valid_micro_fmax=0.351527
epoch=38 loss=0.166945 validation_macro_fmax=0.291081 valid_micro_fmax=0.341560
epoch=39 loss=0.164507 validation_macro_fmax=0.293216 valid_micro_fmax=0.341575
epoch=40 loss=0.161982 validation_macro_fmax=0.292104 valid_micro_fmax=0.352265
epoch=41 loss=0.158931 validation_macro_fmax=0.291981 valid_micro_fmax=0.374047
epoch=42 loss=0.156811 validation_macro_fmax=0.287082 valid_micro_fmax=0.371262
epoch=43 loss=0.153857 validation_macro_fmax=0.289834 valid_micro_fmax=0.369472
epoch=44 loss=0.151374 validation_macro_fmax=0.293182 valid_micro_fmax=0.380341
epoch=45 loss=0.148636 validation_macro_fmax=0.287721 valid_micro_fmax=0.392493
epoch=46 loss=0.145735 validation_macro_fmax=0.292823 valid_micro_fmax=0.377818
epoch=47 loss=0.143084 validation_macro_fmax=0.293603 valid_micro_fmax=0.399220
epoch=48 loss=0.140284 validation_macro_fmax=0.291804 valid_micro_fmax=0.389180
epoch=49 loss=0.138062 validation_macro_fmax=0.288863 valid_micro_fmax=0.399478
epoch=50 loss=0.134404 validation_macro_fmax=0.292146 valid_micro_fmax=0.405363
epoch=51 loss=0.131942 validation_macro_fmax=0.289087 valid_micro_fmax=0.409586
epoch=52 loss=0.129162 validation_macro_fmax=0.292073 valid_micro_fmax=0.411228
epoch=53 loss=0.126338 validation_macro_fmax=0.292465 valid_micro_fmax=0.404268
epoch=54 loss=0.123307 validation_macro_fmax=0.296967 valid_micro_fmax=0.417738
epoch=55 loss=0.120646 validation_macro_fmax=0.293560 valid_micro_fmax=0.416859
epoch=56 loss=0.118130 validation_macro_fmax=0.292307 valid_micro_fmax=0.439340
epoch=57 loss=0.114903 validation_macro_fmax=0.298297 valid_micro_fmax=0.437814
epoch=58 loss=0.112402 validation_macro_fmax=0.294077 valid_micro_fmax=0.436500
epoch=59 loss=0.109757 validation_macro_fmax=0.293394 valid_micro_fmax=0.452879
epoch=60 loss=0.106980 validation_macro_fmax=0.285129 valid_micro_fmax=0.450829
epoch=61 loss=0.104242 validation_macro_fmax=0.289486 valid_micro_fmax=0.451159
epoch=62 loss=0.101741 validation_macro_fmax=0.293361 valid_micro_fmax=0.457964
epoch=63 loss=0.098813 validation_macro_fmax=0.292106 valid_micro_fmax=0.456238
epoch=64 loss=0.096188 validation_macro_fmax=0.291179 valid_micro_fmax=0.464174
epoch=65 loss=0.093836 validation_macro_fmax=0.291076 valid_micro_fmax=0.465727
epoch=66 loss=0.091330 validation_macro_fmax=0.287991 valid_micro_fmax=0.477823
Early stopping after 66 epochs (patience=9)
GPU completion: NVIDIA L40S, 28767, 46068, 0
