GPU: NVIDIA L40S
CUDA tensor check: 8.0
Sun Jul 19 10:44:26 2026       
+-----------------------------------------------------------------------------------------+
| NVIDIA-SMI 560.35.03              Driver Version: 560.35.03      CUDA Version: 12.6     |
|-----------------------------------------+------------------------+----------------------+
| GPU  Name                 Persistence-M | Bus-Id          Disp.A | Volatile Uncorr. ECC |
| Fan  Temp   Perf          Pwr:Usage/Cap |           Memory-Usage | GPU-Util  Compute M. |
|                                         |                        |               MIG M. |
|=========================================+========================+======================|
|   0  NVIDIA L40S                    On  |   00000000:B5:00.0 Off |                    0 |
| N/A   46C    P0             41W /  350W |     503MiB /  46068MiB |      0%      Default |
|                                         |                        |                  N/A |
+-----------------------------------------+------------------------+----------------------+
                                                                                         
+-----------------------------------------------------------------------------------------+
| Processes:                                                                              |
|  GPU   GI   CI        PID   Type   Process name                              GPU Memory |
|        ID   ID                                                               Usage      |
|=========================================================================================|
|    0   N/A  N/A    711881      C   python3                                       494MiB |
+-----------------------------------------------------------------------------------------+
CUDA verified: NVIDIA L40S; tensor dot product=8.0
GPU startup: NVIDIA L40S, 533, 46068, 1
Loaded train=6026, valid=754; reserved test set is not loaded
epoch=1 loss=0.798249 validation_macro_fmax=0.232100 valid_micro_fmax=0.046975
epoch=2 loss=0.320542 validation_macro_fmax=0.241008 valid_micro_fmax=0.119201
epoch=3 loss=0.144674 validation_macro_fmax=0.257689 valid_micro_fmax=0.110808
epoch=4 loss=0.095394 validation_macro_fmax=0.280229 valid_micro_fmax=0.135745
epoch=5 loss=0.052539 validation_macro_fmax=0.275384 valid_micro_fmax=0.161829
epoch=6 loss=0.036173 validation_macro_fmax=0.293225 valid_micro_fmax=0.189456
epoch=7 loss=0.028444 validation_macro_fmax=0.280328 valid_micro_fmax=0.194187
epoch=8 loss=0.023365 validation_macro_fmax=0.287065 valid_micro_fmax=0.209526
epoch=9 loss=0.030559 validation_macro_fmax=0.279346 valid_micro_fmax=0.168049
epoch=10 loss=0.033357 validation_macro_fmax=0.297674 valid_micro_fmax=0.158736
epoch=11 loss=0.090225 validation_macro_fmax=0.286841 valid_micro_fmax=0.110941
epoch=12 loss=0.045777 validation_macro_fmax=0.281677 valid_micro_fmax=0.175672
epoch=13 loss=0.021964 validation_macro_fmax=0.271946 valid_micro_fmax=0.193498
epoch=14 loss=0.014876 validation_macro_fmax=0.276348 valid_micro_fmax=0.207808
epoch=15 loss=0.022834 validation_macro_fmax=0.274370 valid_micro_fmax=0.206422
epoch=16 loss=0.012573 validation_macro_fmax=0.269837 valid_micro_fmax=0.203581
epoch=17 loss=0.009710 validation_macro_fmax=0.273187 valid_micro_fmax=0.216291
epoch=18 loss=0.008154 validation_macro_fmax=0.269063 valid_micro_fmax=0.258900
epoch=19 loss=0.006840 validation_macro_fmax=0.260925 valid_micro_fmax=0.217325
epoch=20 loss=0.047840 validation_macro_fmax=0.269441 valid_micro_fmax=0.111378
Early stopping after 20 epochs (patience=10)
GPU completion: NVIDIA L40S, 33711, 46068, 0
