GPU: NVIDIA L40S
CUDA tensor check: 8.0
Sun Jul 19 05:52:17 2026       
+-----------------------------------------------------------------------------------------+
| NVIDIA-SMI 560.35.03              Driver Version: 560.35.03      CUDA Version: 12.6     |
|-----------------------------------------+------------------------+----------------------+
| GPU  Name                 Persistence-M | Bus-Id          Disp.A | Volatile Uncorr. ECC |
| Fan  Temp   Perf          Pwr:Usage/Cap |           Memory-Usage | GPU-Util  Compute M. |
|                                         |                        |               MIG M. |
|=========================================+========================+======================|
|   0  NVIDIA L40S                    On  |   00000000:0D:00.0 Off |                    0 |
| N/A   52C    P0             43W /  350W |     503MiB /  46068MiB |      1%      Default |
|                                         |                        |                  N/A |
+-----------------------------------------+------------------------+----------------------+
                                                                                         
+-----------------------------------------------------------------------------------------+
| Processes:                                                                              |
|  GPU   GI   CI        PID   Type   Process name                              GPU Memory |
|        ID   ID                                                               Usage      |
|=========================================================================================|
|    0   N/A  N/A   1144806      C   python3                                       494MiB |
+-----------------------------------------------------------------------------------------+
CUDA verified: NVIDIA L40S; tensor dot product=8.0
GPU startup: NVIDIA L40S, 533, 46068, 1
Loaded train=6026, valid=754; reserved test set is not loaded
epoch=1 loss=1.057742 validation_macro_fmax=0.233763 valid_micro_fmax=0.125356
epoch=2 loss=0.860237 validation_macro_fmax=0.264241 valid_micro_fmax=0.140527
epoch=3 loss=0.732561 validation_macro_fmax=0.239303 valid_micro_fmax=0.156700
epoch=4 loss=0.615606 validation_macro_fmax=0.241956 valid_micro_fmax=0.175602
epoch=5 loss=0.491150 validation_macro_fmax=0.242330 valid_micro_fmax=0.192006
epoch=6 loss=0.378929 validation_macro_fmax=0.241177 valid_micro_fmax=0.223200
epoch=7 loss=0.289011 validation_macro_fmax=0.234101 valid_micro_fmax=0.225040
epoch=8 loss=0.227284 validation_macro_fmax=0.235910 valid_micro_fmax=0.231768
epoch=9 loss=0.192046 validation_macro_fmax=0.234291 valid_micro_fmax=0.277353
epoch=10 loss=0.158189 validation_macro_fmax=0.236160 valid_micro_fmax=0.267988
epoch=11 loss=0.138211 validation_macro_fmax=0.236635 valid_micro_fmax=0.289698
Early stopping after 11 epochs (patience=9)
GPU completion: NVIDIA L40S, 8403, 46068, 0
