GPU: NVIDIA L40S
CUDA tensor check: 8.0
Sun Jul 19 11:50:16 2026       
+-----------------------------------------------------------------------------------------+
| NVIDIA-SMI 560.35.03              Driver Version: 560.35.03      CUDA Version: 12.6     |
|-----------------------------------------+------------------------+----------------------+
| GPU  Name                 Persistence-M | Bus-Id          Disp.A | Volatile Uncorr. ECC |
| Fan  Temp   Perf          Pwr:Usage/Cap |           Memory-Usage | GPU-Util  Compute M. |
|                                         |                        |               MIG M. |
|=========================================+========================+======================|
|   0  NVIDIA L40S                    On  |   00000000:0D:00.0 Off |                    0 |
| N/A   50C    P0             42W /  350W |     503MiB /  46068MiB |      0%      Default |
|                                         |                        |                  N/A |
+-----------------------------------------+------------------------+----------------------+
                                                                                         
+-----------------------------------------------------------------------------------------+
| Processes:                                                                              |
|  GPU   GI   CI        PID   Type   Process name                              GPU Memory |
|        ID   ID                                                               Usage      |
|=========================================================================================|
|    0   N/A  N/A    753801      C   python3                                       494MiB |
+-----------------------------------------------------------------------------------------+
CUDA verified: NVIDIA L40S; tensor dot product=8.0
GPU startup: NVIDIA L40S, 533, 46068, 0
Loaded train=6026, valid=754; reserved test set is not loaded
epoch=1 loss=0.434558 validation_macro_fmax=0.235338 valid_micro_fmax=0.070281
epoch=2 loss=0.192949 validation_macro_fmax=0.274757 valid_micro_fmax=0.129032
epoch=3 loss=0.116083 validation_macro_fmax=0.269220 valid_micro_fmax=0.140949
epoch=4 loss=0.081021 validation_macro_fmax=0.314686 valid_micro_fmax=0.194429
epoch=5 loss=0.061987 validation_macro_fmax=0.287185 valid_micro_fmax=0.170928
epoch=6 loss=0.048415 validation_macro_fmax=0.280835 valid_micro_fmax=0.192516
epoch=7 loss=0.042350 validation_macro_fmax=0.296384 valid_micro_fmax=0.214383
epoch=8 loss=0.039967 validation_macro_fmax=0.262267 valid_micro_fmax=0.169892
epoch=9 loss=0.043344 validation_macro_fmax=0.275856 valid_micro_fmax=0.169396
epoch=10 loss=0.032879 validation_macro_fmax=0.281426 valid_micro_fmax=0.192469
epoch=11 loss=0.031565 validation_macro_fmax=0.289735 valid_micro_fmax=0.208265
epoch=12 loss=0.025448 validation_macro_fmax=0.303453 valid_micro_fmax=0.217100
epoch=13 loss=0.027165 validation_macro_fmax=0.310038 valid_micro_fmax=0.224371
Early stopping after 13 epochs (patience=9)
GPU completion: NVIDIA L40S, 27579, 46068, 0
