GPU: NVIDIA L40S
CUDA tensor check: 8.0
Mon Jul 20 05:00:44 2026       
+-----------------------------------------------------------------------------------------+
| NVIDIA-SMI 560.35.03              Driver Version: 560.35.03      CUDA Version: 12.6     |
|-----------------------------------------+------------------------+----------------------+
| GPU  Name                 Persistence-M | Bus-Id          Disp.A | Volatile Uncorr. ECC |
| Fan  Temp   Perf          Pwr:Usage/Cap |           Memory-Usage | GPU-Util  Compute M. |
|                                         |                        |               MIG M. |
|=========================================+========================+======================|
|   0  NVIDIA L40S                    On  |   00000000:B5:00.0 Off |                    0 |
| N/A   43C    P0             41W /  350W |     503MiB /  46068MiB |      0%      Default |
|                                         |                        |                  N/A |
+-----------------------------------------+------------------------+----------------------+
                                                                                         
+-----------------------------------------------------------------------------------------+
| Processes:                                                                              |
|  GPU   GI   CI        PID   Type   Process name                              GPU Memory |
|        ID   ID                                                               Usage      |
|=========================================================================================|
|    0   N/A  N/A   1552215      C   python3                                       494MiB |
+-----------------------------------------------------------------------------------------+
CUDA verified: NVIDIA L40S; tensor dot product=8.0
GPU startup: NVIDIA L40S, 533, 46068, 5
Loaded train=6026, valid=754; reserved test set is not loaded
epoch=1 loss=0.299929 validation_macro_fmax=0.170375 valid_micro_fmax=0.037277
epoch=2 loss=0.231583 validation_macro_fmax=0.236942 valid_micro_fmax=0.118541
epoch=3 loss=0.212569 validation_macro_fmax=0.279810 valid_micro_fmax=0.179172
epoch=4 loss=0.202557 validation_macro_fmax=0.306159 valid_micro_fmax=0.209310
epoch=5 loss=0.194724 validation_macro_fmax=0.324619 valid_micro_fmax=0.232906
epoch=6 loss=0.188172 validation_macro_fmax=0.333227 valid_micro_fmax=0.257638
epoch=7 loss=0.181399 validation_macro_fmax=0.344127 valid_micro_fmax=0.266956
epoch=8 loss=0.173447 validation_macro_fmax=0.350741 valid_micro_fmax=0.276203
epoch=9 loss=0.164432 validation_macro_fmax=0.360805 valid_micro_fmax=0.281187
epoch=10 loss=0.154022 validation_macro_fmax=0.376204 valid_micro_fmax=0.288286
epoch=11 loss=0.142285 validation_macro_fmax=0.379204 valid_micro_fmax=0.296597
epoch=12 loss=0.129511 validation_macro_fmax=0.383870 valid_micro_fmax=0.296274
epoch=13 loss=0.116728 validation_macro_fmax=0.388808 valid_micro_fmax=0.305300
epoch=14 loss=0.103179 validation_macro_fmax=0.392606 valid_micro_fmax=0.312085
epoch=15 loss=0.090224 validation_macro_fmax=0.390136 valid_micro_fmax=0.317792
epoch=16 loss=0.078647 validation_macro_fmax=0.393296 valid_micro_fmax=0.333466
epoch=17 loss=0.067850 validation_macro_fmax=0.409259 valid_micro_fmax=0.340296
epoch=18 loss=0.058125 validation_macro_fmax=0.411714 valid_micro_fmax=0.343812
epoch=19 loss=0.049795 validation_macro_fmax=0.407477 valid_micro_fmax=0.357853
epoch=20 loss=0.042601 validation_macro_fmax=0.407324 valid_micro_fmax=0.369789
epoch=21 loss=0.036230 validation_macro_fmax=0.415840 valid_micro_fmax=0.375626
epoch=22 loss=0.030922 validation_macro_fmax=0.422333 valid_micro_fmax=0.399044
epoch=23 loss=0.026795 validation_macro_fmax=0.411998 valid_micro_fmax=0.399388
epoch=24 loss=0.022921 validation_macro_fmax=0.414859 valid_micro_fmax=0.403720
epoch=25 loss=0.019711 validation_macro_fmax=0.424259 valid_micro_fmax=0.401773
epoch=26 loss=0.017040 validation_macro_fmax=0.421964 valid_micro_fmax=0.415154
epoch=27 loss=0.014844 validation_macro_fmax=0.424143 valid_micro_fmax=0.417722
epoch=28 loss=0.012964 validation_macro_fmax=0.414535 valid_micro_fmax=0.417284
epoch=29 loss=0.011296 validation_macro_fmax=0.416926 valid_micro_fmax=0.428148
epoch=30 loss=0.009912 validation_macro_fmax=0.417366 valid_micro_fmax=0.437653
epoch=31 loss=0.008783 validation_macro_fmax=0.429639 valid_micro_fmax=0.443151
epoch=32 loss=0.007701 validation_macro_fmax=0.429797 valid_micro_fmax=0.428840
epoch=33 loss=0.006837 validation_macro_fmax=0.422456 valid_micro_fmax=0.430614
epoch=34 loss=0.006131 validation_macro_fmax=0.430066 valid_micro_fmax=0.444245
epoch=35 loss=0.005422 validation_macro_fmax=0.430782 valid_micro_fmax=0.450265
epoch=36 loss=0.004822 validation_macro_fmax=0.431674 valid_micro_fmax=0.443072
epoch=37 loss=0.004302 validation_macro_fmax=0.430516 valid_micro_fmax=0.449697
epoch=38 loss=0.003848 validation_macro_fmax=0.432327 valid_micro_fmax=0.457214
epoch=39 loss=0.003477 validation_macro_fmax=0.429927 valid_micro_fmax=0.466397
epoch=40 loss=0.003187 validation_macro_fmax=0.429906 valid_micro_fmax=0.457353
epoch=41 loss=0.002863 validation_macro_fmax=0.438470 valid_micro_fmax=0.454149
epoch=42 loss=0.002580 validation_macro_fmax=0.438221 valid_micro_fmax=0.458473
epoch=43 loss=0.002467 validation_macro_fmax=0.456730 valid_micro_fmax=0.468935
epoch=44 loss=0.002252 validation_macro_fmax=0.438799 valid_micro_fmax=0.458547
epoch=45 loss=0.001965 validation_macro_fmax=0.429996 valid_micro_fmax=0.462524
epoch=46 loss=0.001738 validation_macro_fmax=0.440353 valid_micro_fmax=0.461131
epoch=47 loss=0.001605 validation_macro_fmax=0.430513 valid_micro_fmax=0.444565
epoch=48 loss=0.001466 validation_macro_fmax=0.432059 valid_micro_fmax=0.473273
epoch=49 loss=0.001358 validation_macro_fmax=0.427366 valid_micro_fmax=0.454928
epoch=50 loss=0.001284 validation_macro_fmax=0.435584 valid_micro_fmax=0.466787
epoch=51 loss=0.001180 validation_macro_fmax=0.440348 valid_micro_fmax=0.467451
epoch=52 loss=0.001135 validation_macro_fmax=0.428161 valid_micro_fmax=0.464954
Early stopping after 52 epochs (patience=9)
GPU completion: NVIDIA L40S, 17809, 46068, 0
