GPU: NVIDIA L40S
CUDA tensor check: 8.0
Mon Jul 20 04:05:19 2026       
+-----------------------------------------------------------------------------------------+
| NVIDIA-SMI 560.35.03              Driver Version: 560.35.03      CUDA Version: 12.6     |
|-----------------------------------------+------------------------+----------------------+
| GPU  Name                 Persistence-M | Bus-Id          Disp.A | Volatile Uncorr. ECC |
| Fan  Temp   Perf          Pwr:Usage/Cap |           Memory-Usage | GPU-Util  Compute M. |
|                                         |                        |               MIG M. |
|=========================================+========================+======================|
|   0  NVIDIA L40S                    On  |   00000000:B5:00.0 Off |                    0 |
| N/A   48C    P0             44W /  350W |     503MiB /  46068MiB |      0%      Default |
|                                         |                        |                  N/A |
+-----------------------------------------+------------------------+----------------------+
                                                                                         
+-----------------------------------------------------------------------------------------+
| Processes:                                                                              |
|  GPU   GI   CI        PID   Type   Process name                              GPU Memory |
|        ID   ID                                                               Usage      |
|=========================================================================================|
|    0   N/A  N/A   1743929      C   python3                                       494MiB |
+-----------------------------------------------------------------------------------------+
CUDA verified: NVIDIA L40S; tensor dot product=8.0
GPU startup: NVIDIA L40S, 533, 46068, 0
Loaded train=6026, valid=754; reserved test set is not loaded
epoch=1 loss=1.250461 validation_macro_fmax=0.115751 valid_micro_fmax=0.013411
epoch=2 loss=1.133405 validation_macro_fmax=0.136925 valid_micro_fmax=0.017823
epoch=3 loss=1.064637 validation_macro_fmax=0.160980 valid_micro_fmax=0.025572
epoch=4 loss=1.012559 validation_macro_fmax=0.183533 valid_micro_fmax=0.039359
epoch=5 loss=0.967977 validation_macro_fmax=0.207519 valid_micro_fmax=0.049137
epoch=6 loss=0.930340 validation_macro_fmax=0.225092 valid_micro_fmax=0.052930
epoch=7 loss=0.901426 validation_macro_fmax=0.247096 valid_micro_fmax=0.065208
epoch=8 loss=0.874422 validation_macro_fmax=0.258679 valid_micro_fmax=0.076860
epoch=9 loss=0.853674 validation_macro_fmax=0.265235 valid_micro_fmax=0.073695
epoch=10 loss=0.833184 validation_macro_fmax=0.274691 valid_micro_fmax=0.082733
epoch=11 loss=0.815771 validation_macro_fmax=0.274407 valid_micro_fmax=0.094037
epoch=12 loss=0.801145 validation_macro_fmax=0.269281 valid_micro_fmax=0.097991
epoch=13 loss=0.788876 validation_macro_fmax=0.271823 valid_micro_fmax=0.098515
epoch=14 loss=0.770597 validation_macro_fmax=0.275893 valid_micro_fmax=0.104972
epoch=15 loss=0.757108 validation_macro_fmax=0.284060 valid_micro_fmax=0.115793
epoch=16 loss=0.745894 validation_macro_fmax=0.288553 valid_micro_fmax=0.108102
epoch=17 loss=0.729585 validation_macro_fmax=0.281758 valid_micro_fmax=0.115760
epoch=18 loss=0.714982 validation_macro_fmax=0.283922 valid_micro_fmax=0.117282
epoch=19 loss=0.702351 validation_macro_fmax=0.285519 valid_micro_fmax=0.124689
epoch=20 loss=0.688215 validation_macro_fmax=0.289043 valid_micro_fmax=0.119415
epoch=21 loss=0.671390 validation_macro_fmax=0.296573 valid_micro_fmax=0.126502
epoch=22 loss=0.658640 validation_macro_fmax=0.289370 valid_micro_fmax=0.111733
epoch=23 loss=0.642251 validation_macro_fmax=0.297402 valid_micro_fmax=0.123603
epoch=24 loss=0.628563 validation_macro_fmax=0.297194 valid_micro_fmax=0.135863
epoch=25 loss=0.611303 validation_macro_fmax=0.289418 valid_micro_fmax=0.115223
epoch=26 loss=0.596104 validation_macro_fmax=0.298571 valid_micro_fmax=0.127134
epoch=27 loss=0.577525 validation_macro_fmax=0.302447 valid_micro_fmax=0.135083
epoch=28 loss=0.561769 validation_macro_fmax=0.321996 valid_micro_fmax=0.145887
epoch=29 loss=0.546687 validation_macro_fmax=0.314127 valid_micro_fmax=0.147271
epoch=30 loss=0.529919 validation_macro_fmax=0.312755 valid_micro_fmax=0.134077
epoch=31 loss=0.510976 validation_macro_fmax=0.308314 valid_micro_fmax=0.148311
epoch=32 loss=0.493924 validation_macro_fmax=0.305017 valid_micro_fmax=0.137581
epoch=33 loss=0.476314 validation_macro_fmax=0.316489 valid_micro_fmax=0.150376
epoch=34 loss=0.459592 validation_macro_fmax=0.311987 valid_micro_fmax=0.150549
epoch=35 loss=0.442230 validation_macro_fmax=0.323430 valid_micro_fmax=0.150225
epoch=36 loss=0.425640 validation_macro_fmax=0.320144 valid_micro_fmax=0.151273
epoch=37 loss=0.408437 validation_macro_fmax=0.324782 valid_micro_fmax=0.159298
epoch=38 loss=0.393211 validation_macro_fmax=0.334980 valid_micro_fmax=0.172059
epoch=39 loss=0.377548 validation_macro_fmax=0.337935 valid_micro_fmax=0.166829
epoch=40 loss=0.360647 validation_macro_fmax=0.338300 valid_micro_fmax=0.180090
epoch=41 loss=0.344343 validation_macro_fmax=0.334986 valid_micro_fmax=0.176952
epoch=42 loss=0.327705 validation_macro_fmax=0.332993 valid_micro_fmax=0.164620
epoch=43 loss=0.314037 validation_macro_fmax=0.331431 valid_micro_fmax=0.182586
epoch=44 loss=0.300290 validation_macro_fmax=0.328231 valid_micro_fmax=0.183525
epoch=45 loss=0.285367 validation_macro_fmax=0.340206 valid_micro_fmax=0.188082
epoch=46 loss=0.272567 validation_macro_fmax=0.342041 valid_micro_fmax=0.191737
epoch=47 loss=0.259591 validation_macro_fmax=0.332821 valid_micro_fmax=0.183526
epoch=48 loss=0.249567 validation_macro_fmax=0.327985 valid_micro_fmax=0.193343
epoch=49 loss=0.239223 validation_macro_fmax=0.343640 valid_micro_fmax=0.201655
epoch=50 loss=0.224886 validation_macro_fmax=0.340464 valid_micro_fmax=0.193188
epoch=51 loss=0.216362 validation_macro_fmax=0.339151 valid_micro_fmax=0.200438
epoch=52 loss=0.206279 validation_macro_fmax=0.340471 valid_micro_fmax=0.186232
epoch=53 loss=0.197213 validation_macro_fmax=0.343077 valid_micro_fmax=0.205086
epoch=54 loss=0.185772 validation_macro_fmax=0.342204 valid_micro_fmax=0.204520
epoch=55 loss=0.178897 validation_macro_fmax=0.354182 valid_micro_fmax=0.218782
epoch=56 loss=0.172797 validation_macro_fmax=0.350635 valid_micro_fmax=0.211232
epoch=57 loss=0.160342 validation_macro_fmax=0.357085 valid_micro_fmax=0.208377
epoch=58 loss=0.152618 validation_macro_fmax=0.350826 valid_micro_fmax=0.204825
epoch=59 loss=0.149604 validation_macro_fmax=0.354211 valid_micro_fmax=0.238525
epoch=60 loss=0.143896 validation_macro_fmax=0.349172 valid_micro_fmax=0.217415
epoch=61 loss=0.134993 validation_macro_fmax=0.348115 valid_micro_fmax=0.215445
epoch=62 loss=0.128608 validation_macro_fmax=0.339919 valid_micro_fmax=0.217636
epoch=63 loss=0.123740 validation_macro_fmax=0.348611 valid_micro_fmax=0.193705
epoch=64 loss=0.120337 validation_macro_fmax=0.362778 valid_micro_fmax=0.228445
epoch=65 loss=0.113485 validation_macro_fmax=0.358527 valid_micro_fmax=0.215870
epoch=66 loss=0.111250 validation_macro_fmax=0.351680 valid_micro_fmax=0.200767
epoch=67 loss=0.103885 validation_macro_fmax=0.361293 valid_micro_fmax=0.218117
epoch=68 loss=0.099583 validation_macro_fmax=0.356106 valid_micro_fmax=0.220539
epoch=69 loss=0.097819 validation_macro_fmax=0.365176 valid_micro_fmax=0.228392
epoch=70 loss=0.092463 validation_macro_fmax=0.354625 valid_micro_fmax=0.207939
epoch=71 loss=0.089507 validation_macro_fmax=0.357800 valid_micro_fmax=0.221130
epoch=72 loss=0.083560 validation_macro_fmax=0.357198 valid_micro_fmax=0.221667
epoch=73 loss=0.082812 validation_macro_fmax=0.362301 valid_micro_fmax=0.229239
epoch=74 loss=0.084663 validation_macro_fmax=0.356257 valid_micro_fmax=0.224676
epoch=75 loss=0.081772 validation_macro_fmax=0.360314 valid_micro_fmax=0.221287
epoch=76 loss=0.075108 validation_macro_fmax=0.364495 valid_micro_fmax=0.236216
epoch=77 loss=0.072537 validation_macro_fmax=0.366223 valid_micro_fmax=0.236568
epoch=78 loss=0.072009 validation_macro_fmax=0.364572 valid_micro_fmax=0.241838
epoch=79 loss=0.071924 validation_macro_fmax=0.363954 valid_micro_fmax=0.231515
epoch=80 loss=0.067766 validation_macro_fmax=0.371311 valid_micro_fmax=0.239708
epoch=81 loss=0.066968 validation_macro_fmax=0.366225 valid_micro_fmax=0.223657
epoch=82 loss=0.070531 validation_macro_fmax=0.367363 valid_micro_fmax=0.232710
epoch=83 loss=0.063926 validation_macro_fmax=0.361170 valid_micro_fmax=0.231659
epoch=84 loss=0.063047 validation_macro_fmax=0.367291 valid_micro_fmax=0.227424
epoch=85 loss=0.058479 validation_macro_fmax=0.356743 valid_micro_fmax=0.223594
epoch=86 loss=0.061611 validation_macro_fmax=0.357469 valid_micro_fmax=0.211105
epoch=87 loss=0.057991 validation_macro_fmax=0.363740 valid_micro_fmax=0.217580
epoch=88 loss=0.057263 validation_macro_fmax=0.374069 valid_micro_fmax=0.224966
epoch=89 loss=0.048919 validation_macro_fmax=0.371218 valid_micro_fmax=0.240817
epoch=90 loss=0.056192 validation_macro_fmax=0.376958 valid_micro_fmax=0.235331
epoch=91 loss=0.046622 validation_macro_fmax=0.368052 valid_micro_fmax=0.238381
epoch=92 loss=0.051027 validation_macro_fmax=0.378714 valid_micro_fmax=0.226313
epoch=93 loss=0.048841 validation_macro_fmax=0.379145 valid_micro_fmax=0.247130
epoch=94 loss=0.051626 validation_macro_fmax=0.370760 valid_micro_fmax=0.226803
epoch=95 loss=0.046230 validation_macro_fmax=0.374236 valid_micro_fmax=0.242482
epoch=96 loss=0.046236 validation_macro_fmax=0.363324 valid_micro_fmax=0.236576
epoch=97 loss=0.045178 validation_macro_fmax=0.373769 valid_micro_fmax=0.242190
epoch=98 loss=0.048286 validation_macro_fmax=0.365661 valid_micro_fmax=0.237732
epoch=99 loss=0.044371 validation_macro_fmax=0.365952 valid_micro_fmax=0.249530
epoch=100 loss=0.043405 validation_macro_fmax=0.362246 valid_micro_fmax=0.227086
epoch=101 loss=0.044228 validation_macro_fmax=0.365583 valid_micro_fmax=0.238861
epoch=102 loss=0.045318 validation_macro_fmax=0.369278 valid_micro_fmax=0.260436
epoch=103 loss=0.042369 validation_macro_fmax=0.363041 valid_micro_fmax=0.237896
Early stopping after 103 epochs (patience=10)
GPU completion: NVIDIA L40S, 40125, 46068, 0
