GPU: NVIDIA L40S
CUDA tensor check: 8.0
Mon Jul 20 02:31:46 2026       
+-----------------------------------------------------------------------------------------+
| NVIDIA-SMI 560.35.03              Driver Version: 560.35.03      CUDA Version: 12.6     |
|-----------------------------------------+------------------------+----------------------+
| GPU  Name                 Persistence-M | Bus-Id          Disp.A | Volatile Uncorr. ECC |
| Fan  Temp   Perf          Pwr:Usage/Cap |           Memory-Usage | GPU-Util  Compute M. |
|                                         |                        |               MIG M. |
|=========================================+========================+======================|
|   0  NVIDIA L40S                    On  |   00000000:B5:00.0 Off |                    0 |
| N/A   50C    P0             45W /  350W |     503MiB /  46068MiB |      5%      Default |
|                                         |                        |                  N/A |
+-----------------------------------------+------------------------+----------------------+
                                                                                         
+-----------------------------------------------------------------------------------------+
| Processes:                                                                              |
|  GPU   GI   CI        PID   Type   Process name                              GPU Memory |
|        ID   ID                                                               Usage      |
|=========================================================================================|
|    0   N/A  N/A   1150368      C   python3                                       494MiB |
+-----------------------------------------------------------------------------------------+
CUDA verified: NVIDIA L40S; tensor dot product=8.0
GPU startup: NVIDIA L40S, 533, 46068, 3
Loaded train=6026, valid=754; reserved test set is not loaded
epoch=1 loss=0.611481 validation_macro_fmax=0.334375 valid_micro_fmax=0.113272
epoch=2 loss=0.499272 validation_macro_fmax=0.355771 valid_micro_fmax=0.170779
epoch=3 loss=0.451620 validation_macro_fmax=0.375313 valid_micro_fmax=0.221789
epoch=4 loss=0.421967 validation_macro_fmax=0.380603 valid_micro_fmax=0.258415
epoch=5 loss=0.399597 validation_macro_fmax=0.392629 valid_micro_fmax=0.285567
epoch=6 loss=0.378913 validation_macro_fmax=0.393971 valid_micro_fmax=0.296573
epoch=7 loss=0.359587 validation_macro_fmax=0.399500 valid_micro_fmax=0.333200
epoch=8 loss=0.338169 validation_macro_fmax=0.410582 valid_micro_fmax=0.372254
epoch=9 loss=0.318078 validation_macro_fmax=0.400728 valid_micro_fmax=0.384982
epoch=10 loss=0.296228 validation_macro_fmax=0.402449 valid_micro_fmax=0.402837
epoch=11 loss=0.272953 validation_macro_fmax=0.406635 valid_micro_fmax=0.435654
epoch=12 loss=0.249489 validation_macro_fmax=0.413747 valid_micro_fmax=0.402431
epoch=13 loss=0.226996 validation_macro_fmax=0.408238 valid_micro_fmax=0.438954
epoch=14 loss=0.204244 validation_macro_fmax=0.403116 valid_micro_fmax=0.442416
epoch=15 loss=0.182931 validation_macro_fmax=0.417545 valid_micro_fmax=0.486768
epoch=16 loss=0.163894 validation_macro_fmax=0.412545 valid_micro_fmax=0.456961
epoch=17 loss=0.145577 validation_macro_fmax=0.401874 valid_micro_fmax=0.473180
epoch=18 loss=0.130795 validation_macro_fmax=0.410092 valid_micro_fmax=0.449456
epoch=19 loss=0.116004 validation_macro_fmax=0.406244 valid_micro_fmax=0.474510
epoch=20 loss=0.103315 validation_macro_fmax=0.407273 valid_micro_fmax=0.445559
epoch=21 loss=0.091096 validation_macro_fmax=0.411670 valid_micro_fmax=0.508986
epoch=22 loss=0.082441 validation_macro_fmax=0.408650 valid_micro_fmax=0.496313
epoch=23 loss=0.073774 validation_macro_fmax=0.414417 valid_micro_fmax=0.489998
epoch=24 loss=0.067763 validation_macro_fmax=0.412618 valid_micro_fmax=0.504153
Early stopping after 24 epochs (patience=9)
GPU completion: NVIDIA L40S, 23789, 46068, 0
