GPU: NVIDIA L40S
CUDA tensor check: 8.0
Sun Jul 19 07:15:09 2026       
+-----------------------------------------------------------------------------------------+
| NVIDIA-SMI 560.35.03              Driver Version: 560.35.03      CUDA Version: 12.6     |
|-----------------------------------------+------------------------+----------------------+
| GPU  Name                 Persistence-M | Bus-Id          Disp.A | Volatile Uncorr. ECC |
| Fan  Temp   Perf          Pwr:Usage/Cap |           Memory-Usage | GPU-Util  Compute M. |
|                                         |                        |               MIG M. |
|=========================================+========================+======================|
|   0  NVIDIA L40S                    On  |   00000000:0D:00.0 Off |                    0 |
| N/A   46C    P0             42W /  350W |     503MiB /  46068MiB |      0%      Default |
|                                         |                        |                  N/A |
+-----------------------------------------+------------------------+----------------------+
                                                                                         
+-----------------------------------------------------------------------------------------+
| Processes:                                                                              |
|  GPU   GI   CI        PID   Type   Process name                              GPU Memory |
|        ID   ID                                                               Usage      |
|=========================================================================================|
|    0   N/A  N/A   1068972      C   python3                                       494MiB |
+-----------------------------------------------------------------------------------------+
CUDA verified: NVIDIA L40S; tensor dot product=8.0
GPU startup: NVIDIA L40S, 533, 46068, 0
Loaded train=6026, valid=754; reserved test set is not loaded
epoch=1 loss=0.849186 validation_macro_fmax=0.251481 valid_micro_fmax=0.152717
epoch=2 loss=0.524652 validation_macro_fmax=0.259709 valid_micro_fmax=0.212701
epoch=3 loss=0.260108 validation_macro_fmax=0.254223 valid_micro_fmax=0.264468
epoch=4 loss=0.140921 validation_macro_fmax=0.266897 valid_micro_fmax=0.323808
epoch=5 loss=0.085090 validation_macro_fmax=0.261718 valid_micro_fmax=0.356309
epoch=6 loss=0.067474 validation_macro_fmax=0.259639 valid_micro_fmax=0.397120
epoch=7 loss=0.044581 validation_macro_fmax=0.266524 valid_micro_fmax=0.373242
epoch=8 loss=0.035397 validation_macro_fmax=0.247992 valid_micro_fmax=0.366164
epoch=9 loss=0.040434 validation_macro_fmax=0.256978 valid_micro_fmax=0.381405
epoch=10 loss=0.057174 validation_macro_fmax=0.270677 valid_micro_fmax=0.352363
epoch=11 loss=0.029371 validation_macro_fmax=0.267471 valid_micro_fmax=0.352200
epoch=12 loss=0.027534 validation_macro_fmax=0.257998 valid_micro_fmax=0.381922
epoch=13 loss=0.022051 validation_macro_fmax=0.267909 valid_micro_fmax=0.373496
epoch=14 loss=0.029343 validation_macro_fmax=0.251554 valid_micro_fmax=0.340622
epoch=15 loss=0.037330 validation_macro_fmax=0.250600 valid_micro_fmax=0.386660
epoch=16 loss=0.021175 validation_macro_fmax=0.256349 valid_micro_fmax=0.384297
epoch=17 loss=0.019658 validation_macro_fmax=0.243669 valid_micro_fmax=0.368382
epoch=18 loss=0.016593 validation_macro_fmax=0.241656 valid_micro_fmax=0.371335
epoch=19 loss=0.011397 validation_macro_fmax=0.245251 valid_micro_fmax=0.396157
Early stopping after 19 epochs (patience=9)
GPU completion: NVIDIA L40S, 39703, 46068, 0
