GPU: NVIDIA L40S
CUDA tensor check: 8.0
Mon Jul 20 00:10:45 2026       
+-----------------------------------------------------------------------------------------+
| NVIDIA-SMI 560.35.03              Driver Version: 560.35.03      CUDA Version: 12.6     |
|-----------------------------------------+------------------------+----------------------+
| GPU  Name                 Persistence-M | Bus-Id          Disp.A | Volatile Uncorr. ECC |
| Fan  Temp   Perf          Pwr:Usage/Cap |           Memory-Usage | GPU-Util  Compute M. |
|                                         |                        |               MIG M. |
|=========================================+========================+======================|
|   0  NVIDIA L40S                    On  |   00000000:B5:00.0 Off |                    0 |
| N/A   56C    P0             46W /  350W |     503MiB /  46068MiB |      0%      Default |
|                                         |                        |                  N/A |
+-----------------------------------------+------------------------+----------------------+
                                                                                         
+-----------------------------------------------------------------------------------------+
| Processes:                                                                              |
|  GPU   GI   CI        PID   Type   Process name                              GPU Memory |
|        ID   ID                                                               Usage      |
|=========================================================================================|
|    0   N/A  N/A   1090865      C   python3                                       494MiB |
+-----------------------------------------------------------------------------------------+
CUDA verified: NVIDIA L40S; tensor dot product=8.0
GPU startup: NVIDIA L40S, 533, 46068, 5
Loaded train=6026, valid=754; reserved test set is not loaded
epoch=1 loss=0.609891 validation_macro_fmax=0.152180 valid_micro_fmax=0.026500
epoch=2 loss=0.500098 validation_macro_fmax=0.192099 valid_micro_fmax=0.046737
epoch=3 loss=0.460830 validation_macro_fmax=0.213808 valid_micro_fmax=0.069323
epoch=4 loss=0.436727 validation_macro_fmax=0.230057 valid_micro_fmax=0.087951
epoch=5 loss=0.419521 validation_macro_fmax=0.248378 valid_micro_fmax=0.099633
epoch=6 loss=0.400811 validation_macro_fmax=0.279874 valid_micro_fmax=0.106160
epoch=7 loss=0.381183 validation_macro_fmax=0.283513 valid_micro_fmax=0.118339
epoch=8 loss=0.357661 validation_macro_fmax=0.294883 valid_micro_fmax=0.117061
epoch=9 loss=0.331397 validation_macro_fmax=0.287435 valid_micro_fmax=0.130060
epoch=10 loss=0.302350 validation_macro_fmax=0.274703 valid_micro_fmax=0.129046
epoch=11 loss=0.268701 validation_macro_fmax=0.265349 valid_micro_fmax=0.141998
epoch=12 loss=0.235733 validation_macro_fmax=0.251943 valid_micro_fmax=0.130090
epoch=13 loss=0.203002 validation_macro_fmax=0.259720 valid_micro_fmax=0.128905
epoch=14 loss=0.175184 validation_macro_fmax=0.253301 valid_micro_fmax=0.137646
epoch=15 loss=0.150099 validation_macro_fmax=0.268541 valid_micro_fmax=0.159081
epoch=16 loss=0.129000 validation_macro_fmax=0.258429 valid_micro_fmax=0.158879
epoch=17 loss=0.110887 validation_macro_fmax=0.260915 valid_micro_fmax=0.168864
Early stopping after 17 epochs (patience=9)
GPU completion: NVIDIA L40S, 31419, 46068, 0
