GPU: NVIDIA L40S
CUDA tensor check: 8.0
Sun Jul 19 11:51:46 2026       
+-----------------------------------------------------------------------------------------+
| NVIDIA-SMI 560.35.03              Driver Version: 560.35.03      CUDA Version: 12.6     |
|-----------------------------------------+------------------------+----------------------+
| GPU  Name                 Persistence-M | Bus-Id          Disp.A | Volatile Uncorr. ECC |
| Fan  Temp   Perf          Pwr:Usage/Cap |           Memory-Usage | GPU-Util  Compute M. |
|                                         |                        |               MIG M. |
|=========================================+========================+======================|
|   0  NVIDIA L40S                    On  |   00000000:B5:00.0 Off |                    0 |
| N/A   53C    P0             44W /  350W |     503MiB /  46068MiB |      1%      Default |
|                                         |                        |                  N/A |
+-----------------------------------------+------------------------+----------------------+
                                                                                         
+-----------------------------------------------------------------------------------------+
| Processes:                                                                              |
|  GPU   GI   CI        PID   Type   Process name                              GPU Memory |
|        ID   ID                                                               Usage      |
|=========================================================================================|
|    0   N/A  N/A    754682      C   python3                                       494MiB |
+-----------------------------------------------------------------------------------------+
CUDA verified: NVIDIA L40S; tensor dot product=8.0
GPU startup: NVIDIA L40S, 533, 46068, 1
Loaded train=6026, valid=754; reserved test set is not loaded
epoch=1 loss=0.301165 validation_macro_fmax=0.111087 valid_micro_fmax=0.011338
epoch=2 loss=0.237144 validation_macro_fmax=0.143455 valid_micro_fmax=0.015940
epoch=3 loss=0.218400 validation_macro_fmax=0.172009 valid_micro_fmax=0.025664
epoch=4 loss=0.206101 validation_macro_fmax=0.186329 valid_micro_fmax=0.035978
epoch=5 loss=0.194637 validation_macro_fmax=0.204803 valid_micro_fmax=0.043702
epoch=6 loss=0.182938 validation_macro_fmax=0.207700 valid_micro_fmax=0.057224
epoch=7 loss=0.169023 validation_macro_fmax=0.223165 valid_micro_fmax=0.068864
epoch=8 loss=0.152431 validation_macro_fmax=0.226525 valid_micro_fmax=0.086792
epoch=9 loss=0.133889 validation_macro_fmax=0.236217 valid_micro_fmax=0.103407
epoch=10 loss=0.114597 validation_macro_fmax=0.238532 valid_micro_fmax=0.121305
epoch=11 loss=0.095841 validation_macro_fmax=0.248246 valid_micro_fmax=0.130662
epoch=12 loss=0.078966 validation_macro_fmax=0.254812 valid_micro_fmax=0.161180
epoch=13 loss=0.063842 validation_macro_fmax=0.259851 valid_micro_fmax=0.165910
epoch=14 loss=0.051633 validation_macro_fmax=0.268779 valid_micro_fmax=0.173264
epoch=15 loss=0.041399 validation_macro_fmax=0.269361 valid_micro_fmax=0.191061
epoch=16 loss=0.033440 validation_macro_fmax=0.274918 valid_micro_fmax=0.216281
epoch=17 loss=0.027242 validation_macro_fmax=0.272610 valid_micro_fmax=0.221131
epoch=18 loss=0.022392 validation_macro_fmax=0.286819 valid_micro_fmax=0.234677
epoch=19 loss=0.018585 validation_macro_fmax=0.276875 valid_micro_fmax=0.240588
epoch=20 loss=0.015438 validation_macro_fmax=0.275644 valid_micro_fmax=0.244013
epoch=21 loss=0.013025 validation_macro_fmax=0.274555 valid_micro_fmax=0.236185
epoch=22 loss=0.011226 validation_macro_fmax=0.275138 valid_micro_fmax=0.261498
epoch=23 loss=0.009545 validation_macro_fmax=0.276735 valid_micro_fmax=0.256424
epoch=24 loss=0.008270 validation_macro_fmax=0.271061 valid_micro_fmax=0.248108
epoch=25 loss=0.007162 validation_macro_fmax=0.278168 valid_micro_fmax=0.270488
epoch=26 loss=0.006280 validation_macro_fmax=0.276079 valid_micro_fmax=0.268770
epoch=27 loss=0.006084 validation_macro_fmax=0.275253 valid_micro_fmax=0.268368
epoch=28 loss=0.004984 validation_macro_fmax=0.279216 valid_micro_fmax=0.280121
Early stopping after 28 epochs (patience=10)
GPU completion: NVIDIA L40S, 34825, 46068, 0
