========================================================
  Job ID      : 44541505  (array task 27)
  Node        : mgh5
  CPUs        : 8
  Start time  : Wed Jul  8 14:34:52 MDT 2026
  Project dir : /home/ganeshiny.sridharan/dgg/deep-green-GO
========================================================
  Model     : Hybrid_JK
  Ontology  : cellular_component
  Seed      : 44
========================================================
  LR=0.0001  Dropout=0.3  BatchSize=32
  Output dir : /home/ganeshiny.sridharan/dgg/deep-green-GO/runs_5seeds/cc/Hybrid_JK/44
========================================================
Using device: cuda
Loading datasets from preprocessing/data/split_files/datasets.pkl for cellular_component...
Alpha weights not found. Using default FocalLoss (alpha=0.25, gamma=4.0).
Epoch 001 | Loss: 0.0154 | Val MiFmax: 0.1782 | Val MaFmax: 0.1923 | Val Smin: 12.1798
  --> New best model saved!
Epoch 002 | Loss: 0.0130 | Val MiFmax: 0.2614 | Val MaFmax: 0.2318 | Val Smin: 11.3064
  --> New best model saved!
Epoch 003 | Loss: 0.0109 | Val MiFmax: 0.3110 | Val MaFmax: 0.2554 | Val Smin: 10.9384
  --> New best model saved!
Epoch 004 | Loss: 0.0084 | Val MiFmax: 0.3428 | Val MaFmax: 0.2692 | Val Smin: 10.8080
  --> New best model saved!
Epoch 005 | Loss: 0.0058 | Val MiFmax: 0.3848 | Val MaFmax: 0.3089 | Val Smin: 10.2125
  --> New best model saved!
Epoch 006 | Loss: 0.0040 | Val MiFmax: 0.4312 | Val MaFmax: 0.3394 | Val Smin: 9.6116
  --> New best model saved!
Epoch 007 | Loss: 0.0028 | Val MiFmax: 0.4557 | Val MaFmax: 0.3934 | Val Smin: 9.4140
  --> New best model saved!
Epoch 008 | Loss: 0.0021 | Val MiFmax: 0.4617 | Val MaFmax: 0.4073 | Val Smin: 9.2999
  --> New best model saved!
Epoch 009 | Loss: 0.0016 | Val MiFmax: 0.5332 | Val MaFmax: 0.4810 | Val Smin: 8.2269
  --> New best model saved!
Epoch 010 | Loss: 0.0013 | Val MiFmax: 0.5414 | Val MaFmax: 0.5046 | Val Smin: 8.1342
  --> New best model saved!
Epoch 011 | Loss: 0.0011 | Val MiFmax: 0.5517 | Val MaFmax: 0.5013 | Val Smin: 7.9237
Epoch 012 | Loss: 0.0009 | Val MiFmax: 0.5716 | Val MaFmax: 0.5593 | Val Smin: 7.6246
  --> New best model saved!
Epoch 013 | Loss: 0.0008 | Val MiFmax: 0.5782 | Val MaFmax: 0.5644 | Val Smin: 7.4653
  --> New best model saved!
Epoch 014 | Loss: 0.0007 | Val MiFmax: 0.5844 | Val MaFmax: 0.5442 | Val Smin: 7.3538
Epoch 015 | Loss: 0.0006 | Val MiFmax: 0.6131 | Val MaFmax: 0.6001 | Val Smin: 6.9470
  --> New best model saved!
Epoch 016 | Loss: 0.0006 | Val MiFmax: 0.6180 | Val MaFmax: 0.6047 | Val Smin: 6.8156
  --> New best model saved!
Epoch 017 | Loss: 0.0005 | Val MiFmax: 0.6179 | Val MaFmax: 0.5979 | Val Smin: 6.9102
Epoch 018 | Loss: 0.0004 | Val MiFmax: 0.6316 | Val MaFmax: 0.6250 | Val Smin: 6.5701
  --> New best model saved!
Epoch 019 | Loss: 0.0004 | Val MiFmax: 0.6356 | Val MaFmax: 0.6042 | Val Smin: 6.6249
Epoch 020 | Loss: 0.0004 | Val MiFmax: 0.6203 | Val MaFmax: 0.5876 | Val Smin: 6.8328
Epoch 021 | Loss: 0.0003 | Val MiFmax: 0.6636 | Val MaFmax: 0.6444 | Val Smin: 6.1413
  --> New best model saved!
Epoch 022 | Loss: 0.0003 | Val MiFmax: 0.6610 | Val MaFmax: 0.6378 | Val Smin: 6.1283
Epoch 023 | Loss: 0.0003 | Val MiFmax: 0.6458 | Val MaFmax: 0.6430 | Val Smin: 6.4094
Epoch 024 | Loss: 0.0003 | Val MiFmax: 0.6624 | Val MaFmax: 0.6262 | Val Smin: 6.1900
Epoch 025 | Loss: 0.0002 | Val MiFmax: 0.6861 | Val MaFmax: 0.6736 | Val Smin: 5.7769
  --> New best model saved!
Epoch 026 | Loss: 0.0002 | Val MiFmax: 0.6809 | Val MaFmax: 0.6610 | Val Smin: 5.8049
Epoch 027 | Loss: 0.0002 | Val MiFmax: 0.6851 | Val MaFmax: 0.6712 | Val Smin: 5.7690
Epoch 028 | Loss: 0.0002 | Val MiFmax: 0.6643 | Val MaFmax: 0.6470 | Val Smin: 6.0979
Epoch 029 | Loss: 0.0002 | Val MiFmax: 0.6825 | Val MaFmax: 0.6745 | Val Smin: 5.7569
  --> New best model saved!
Epoch 030 | Loss: 0.0002 | Val MiFmax: 0.6633 | Val MaFmax: 0.6365 | Val Smin: 6.2490
Epoch 031 | Loss: 0.0002 | Val MiFmax: 0.6812 | Val MaFmax: 0.6499 | Val Smin: 5.8931
Epoch 032 | Loss: 0.0002 | Val MiFmax: 0.6817 | Val MaFmax: 0.6463 | Val Smin: 5.9095
Epoch 033 | Loss: 0.0002 | Val MiFmax: 0.6777 | Val MaFmax: 0.6611 | Val Smin: 5.8672
Epoch 034 | Loss: 0.0002 | Val MiFmax: 0.6878 | Val MaFmax: 0.6641 | Val Smin: 5.7778
Epoch 035 | Loss: 0.0001 | Val MiFmax: 0.6914 | Val MaFmax: 0.6750 | Val Smin: 5.7487
  --> New best model saved!
Epoch 036 | Loss: 0.0001 | Val MiFmax: 0.6876 | Val MaFmax: 0.6617 | Val Smin: 5.7545
Epoch 037 | Loss: 0.0001 | Val MiFmax: 0.6945 | Val MaFmax: 0.6629 | Val Smin: 5.5145
Epoch 038 | Loss: 0.0001 | Val MiFmax: 0.6912 | Val MaFmax: 0.6717 | Val Smin: 5.7155
Epoch 039 | Loss: 0.0001 | Val MiFmax: 0.6839 | Val MaFmax: 0.6526 | Val Smin: 5.7964
Epoch 040 | Loss: 0.0001 | Val MiFmax: 0.6779 | Val MaFmax: 0.6533 | Val Smin: 5.9238
Epoch 041 | Loss: 0.0001 | Val MiFmax: 0.7006 | Val MaFmax: 0.6481 | Val Smin: 5.5157
Epoch 042 | Loss: 0.0001 | Val MiFmax: 0.6880 | Val MaFmax: 0.6779 | Val Smin: 5.7849
  --> New best model saved!
Epoch 043 | Loss: 0.0001 | Val MiFmax: 0.6860 | Val MaFmax: 0.6860 | Val Smin: 5.7556
  --> New best model saved!
Epoch 044 | Loss: 0.0001 | Val MiFmax: 0.7011 | Val MaFmax: 0.6810 | Val Smin: 5.5380
Epoch 045 | Loss: 0.0001 | Val MiFmax: 0.7001 | Val MaFmax: 0.6775 | Val Smin: 5.5548
Epoch 046 | Loss: 0.0001 | Val MiFmax: 0.6899 | Val MaFmax: 0.6664 | Val Smin: 5.7188
Epoch 047 | Loss: 0.0001 | Val MiFmax: 0.7049 | Val MaFmax: 0.6813 | Val Smin: 5.4267
Epoch 048 | Loss: 0.0001 | Val MiFmax: 0.6971 | Val MaFmax: 0.6786 | Val Smin: 5.6008
Epoch 049 | Loss: 0.0001 | Val MiFmax: 0.6991 | Val MaFmax: 0.6820 | Val Smin: 5.5394
Epoch 050 | Loss: 0.0001 | Val MiFmax: 0.6965 | Val MaFmax: 0.6789 | Val Smin: 5.5600
Epoch 051 | Loss: 0.0000 | Val MiFmax: 0.6985 | Val MaFmax: 0.6828 | Val Smin: 5.5750
Epoch 052 | Loss: 0.0000 | Val MiFmax: 0.6994 | Val MaFmax: 0.6839 | Val Smin: 5.5348
Epoch 053 | Loss: 0.0000 | Val MiFmax: 0.6958 | Val MaFmax: 0.6821 | Val Smin: 5.6307
Epoch 054 | Loss: 0.0000 | Val MiFmax: 0.6976 | Val MaFmax: 0.6818 | Val Smin: 5.5429
Epoch 055 | Loss: 0.0000 | Val MiFmax: 0.6960 | Val MaFmax: 0.6887 | Val Smin: 5.5435
  --> New best model saved!
Epoch 056 | Loss: 0.0000 | Val MiFmax: 0.6981 | Val MaFmax: 0.6872 | Val Smin: 5.5293
Epoch 057 | Loss: 0.0000 | Val MiFmax: 0.7012 | Val MaFmax: 0.6790 | Val Smin: 5.5143
Epoch 058 | Loss: 0.0000 | Val MiFmax: 0.6965 | Val MaFmax: 0.6848 | Val Smin: 5.5824
Epoch 059 | Loss: 0.0000 | Val MiFmax: 0.6935 | Val MaFmax: 0.6853 | Val Smin: 5.6099
Epoch 060 | Loss: 0.0000 | Val MiFmax: 0.7070 | Val MaFmax: 0.6842 | Val Smin: 5.4276
Epoch 061 | Loss: 0.0000 | Val MiFmax: 0.7049 | Val MaFmax: 0.6823 | Val Smin: 5.4551
Epoch 062 | Loss: 0.0000 | Val MiFmax: 0.7072 | Val MaFmax: 0.6870 | Val Smin: 5.4280
Epoch 063 | Loss: 0.0000 | Val MiFmax: 0.7073 | Val MaFmax: 0.6913 | Val Smin: 5.4435
  --> New best model saved!
Epoch 064 | Loss: 0.0000 | Val MiFmax: 0.7068 | Val MaFmax: 0.6845 | Val Smin: 5.4473
Epoch 065 | Loss: 0.0000 | Val MiFmax: 0.7040 | Val MaFmax: 0.6866 | Val Smin: 5.4586
Epoch 066 | Loss: 0.0000 | Val MiFmax: 0.7012 | Val MaFmax: 0.6838 | Val Smin: 5.5083
Epoch 067 | Loss: 0.0000 | Val MiFmax: 0.7042 | Val MaFmax: 0.6893 | Val Smin: 5.4664
Epoch 068 | Loss: 0.0000 | Val MiFmax: 0.7085 | Val MaFmax: 0.6886 | Val Smin: 5.4420
Epoch 069 | Loss: 0.0000 | Val MiFmax: 0.7055 | Val MaFmax: 0.6899 | Val Smin: 5.4676
Epoch 070 | Loss: 0.0000 | Val MiFmax: 0.7077 | Val MaFmax: 0.6868 | Val Smin: 5.4218
Epoch 071 | Loss: 0.0000 | Val MiFmax: 0.7090 | Val MaFmax: 0.6861 | Val Smin: 5.4363
Epoch 072 | Loss: 0.0000 | Val MiFmax: 0.7038 | Val MaFmax: 0.6899 | Val Smin: 5.4903
Epoch 073 | Loss: 0.0000 | Val MiFmax: 0.7047 | Val MaFmax: 0.6890 | Val Smin: 5.4799
Epoch 074 | Loss: 0.0000 | Val MiFmax: 0.7018 | Val MaFmax: 0.6896 | Val Smin: 5.4864
Epoch 075 | Loss: 0.0000 | Val MiFmax: 0.7074 | Val MaFmax: 0.6910 | Val Smin: 5.4467
Epoch 076 | Loss: 0.0000 | Val MiFmax: 0.7071 | Val MaFmax: 0.6908 | Val Smin: 5.4640
Epoch 077 | Loss: 0.0000 | Val MiFmax: 0.7037 | Val MaFmax: 0.6889 | Val Smin: 5.4679
Epoch 078 | Loss: 0.0000 | Val MiFmax: 0.7039 | Val MaFmax: 0.6899 | Val Smin: 5.4890
Epoch 079 | Loss: 0.0000 | Val MiFmax: 0.7063 | Val MaFmax: 0.6891 | Val Smin: 5.4713
Epoch 080 | Loss: 0.0000 | Val MiFmax: 0.7071 | Val MaFmax: 0.6907 | Val Smin: 5.4304
Epoch 081 | Loss: 0.0000 | Val MiFmax: 0.7094 | Val MaFmax: 0.6887 | Val Smin: 5.4167
Epoch 082 | Loss: 0.0000 | Val MiFmax: 0.7083 | Val MaFmax: 0.6929 | Val Smin: 5.4321
  --> New best model saved!
Epoch 083 | Loss: 0.0000 | Val MiFmax: 0.7067 | Val MaFmax: 0.6914 | Val Smin: 5.4421
Epoch 084 | Loss: 0.0000 | Val MiFmax: 0.7064 | Val MaFmax: 0.6943 | Val Smin: 5.4517
  --> New best model saved!
Epoch 085 | Loss: 0.0000 | Val MiFmax: 0.7057 | Val MaFmax: 0.6914 | Val Smin: 5.4407
Epoch 086 | Loss: 0.0000 | Val MiFmax: 0.7062 | Val MaFmax: 0.6921 | Val Smin: 5.4716
Epoch 087 | Loss: 0.0000 | Val MiFmax: 0.7026 | Val MaFmax: 0.6883 | Val Smin: 5.4773
Epoch 088 | Loss: 0.0000 | Val MiFmax: 0.7057 | Val MaFmax: 0.6931 | Val Smin: 5.4497
Epoch 089 | Loss: 0.0000 | Val MiFmax: 0.7057 | Val MaFmax: 0.6892 | Val Smin: 5.4527
Epoch 090 | Loss: 0.0000 | Val MiFmax: 0.7043 | Val MaFmax: 0.6888 | Val Smin: 5.4929
Epoch 091 | Loss: 0.0000 | Val MiFmax: 0.7056 | Val MaFmax: 0.6902 | Val Smin: 5.4768
Epoch 092 | Loss: 0.0000 | Val MiFmax: 0.7019 | Val MaFmax: 0.6898 | Val Smin: 5.5063
Epoch 093 | Loss: 0.0000 | Val MiFmax: 0.7058 | Val MaFmax: 0.6900 | Val Smin: 5.4616
Epoch 094 | Loss: 0.0000 | Val MiFmax: 0.7033 | Val MaFmax: 0.6895 | Val Smin: 5.4739
Epoch 095 | Loss: 0.0000 | Val MiFmax: 0.7041 | Val MaFmax: 0.6935 | Val Smin: 5.4808
Epoch 096 | Loss: 0.0000 | Val MiFmax: 0.7062 | Val MaFmax: 0.6921 | Val Smin: 5.4538
Epoch 097 | Loss: 0.0000 | Val MiFmax: 0.7048 | Val MaFmax: 0.6919 | Val Smin: 5.4566
Epoch 098 | Loss: 0.0000 | Val MiFmax: 0.7056 | Val MaFmax: 0.6905 | Val Smin: 5.4894
Epoch 099 | Loss: 0.0000 | Val MiFmax: 0.7067 | Val MaFmax: 0.6912 | Val Smin: 5.4732
Epoch 100 | Loss: 0.0000 | Val MiFmax: 0.7063 | Val MaFmax: 0.6904 | Val Smin: 5.4731
Epoch 101 | Loss: 0.0000 | Val MiFmax: 0.7031 | Val MaFmax: 0.6876 | Val Smin: 5.5018
Epoch 102 | Loss: 0.0000 | Val MiFmax: 0.7051 | Val MaFmax: 0.6925 | Val Smin: 5.4616
Epoch 103 | Loss: 0.0000 | Val MiFmax: 0.7064 | Val MaFmax: 0.6892 | Val Smin: 5.4554
Epoch 104 | Loss: 0.0000 | Val MiFmax: 0.7048 | Val MaFmax: 0.6927 | Val Smin: 5.4503
Early stopping triggered after 104 epochs.
Training finished. Evaluating on Test Set...

--- TEST METRICS ---
Micro_Fmax: 0.6116
Macro_Fmax: 0.6242
Macro_AUROC: 0.9036
Micro_AUROC: 0.8879
Macro_AUPRC: 0.5622
Micro_AUPRC: 0.5652
Smin: 8.8294
========================================================
  Training finished with exit code: 0
  End time  : Wed Jul  8 16:35:01 MDT 2026
========================================================
