========================================================
  Job ID      : 44533889  (array task 29)
  Node        : mgh1
  CPUs        : 8
  Start time  : Wed Jul  8 15:24:42 MDT 2026
  Project dir : /home/ganeshiny.sridharan/dgg/deep-green-GO
========================================================
  Model     : Hybrid_JK
  Ontology  : cellular_component
  Seed      : 46
========================================================
  LR=0.0001  Dropout=0.3  BatchSize=32
  Output dir : /home/ganeshiny.sridharan/dgg/deep-green-GO/runs_5seeds/cc/Hybrid_JK/46
========================================================
Using device: cuda
Loading datasets from preprocessing/data/split_files/datasets.pkl for cellular_component...
Alpha weights not found. Using default FocalLoss (alpha=0.25, gamma=4.0).
Epoch 001 | Loss: 0.0155 | Val MiFmax: 0.1442 | Val MaFmax: 0.1549 | Val Smin: 12.5208
  --> New best model saved!
Epoch 002 | Loss: 0.0131 | Val MiFmax: 0.2471 | Val MaFmax: 0.2239 | Val Smin: 11.4793
  --> New best model saved!
Epoch 003 | Loss: 0.0110 | Val MiFmax: 0.2897 | Val MaFmax: 0.2577 | Val Smin: 11.1515
  --> New best model saved!
Epoch 004 | Loss: 0.0084 | Val MiFmax: 0.3272 | Val MaFmax: 0.2880 | Val Smin: 10.9779
  --> New best model saved!
Epoch 005 | Loss: 0.0059 | Val MiFmax: 0.3546 | Val MaFmax: 0.3176 | Val Smin: 10.4958
  --> New best model saved!
Epoch 006 | Loss: 0.0040 | Val MiFmax: 0.3901 | Val MaFmax: 0.3241 | Val Smin: 10.0739
  --> New best model saved!
Epoch 007 | Loss: 0.0027 | Val MiFmax: 0.4524 | Val MaFmax: 0.3752 | Val Smin: 9.2979
  --> New best model saved!
Epoch 008 | Loss: 0.0020 | Val MiFmax: 0.4650 | Val MaFmax: 0.3998 | Val Smin: 9.1063
  --> New best model saved!
Epoch 009 | Loss: 0.0016 | Val MiFmax: 0.4999 | Val MaFmax: 0.4553 | Val Smin: 8.6360
  --> New best model saved!
Epoch 010 | Loss: 0.0013 | Val MiFmax: 0.5479 | Val MaFmax: 0.4844 | Val Smin: 8.0466
  --> New best model saved!
Epoch 011 | Loss: 0.0011 | Val MiFmax: 0.5623 | Val MaFmax: 0.4928 | Val Smin: 7.8997
  --> New best model saved!
Epoch 012 | Loss: 0.0009 | Val MiFmax: 0.5729 | Val MaFmax: 0.5505 | Val Smin: 7.6818
  --> New best model saved!
Epoch 013 | Loss: 0.0008 | Val MiFmax: 0.5874 | Val MaFmax: 0.5448 | Val Smin: 7.4505
Epoch 014 | Loss: 0.0007 | Val MiFmax: 0.6097 | Val MaFmax: 0.5866 | Val Smin: 7.0911
  --> New best model saved!
Epoch 015 | Loss: 0.0006 | Val MiFmax: 0.6216 | Val MaFmax: 0.5938 | Val Smin: 6.8540
  --> New best model saved!
Epoch 016 | Loss: 0.0005 | Val MiFmax: 0.6308 | Val MaFmax: 0.5946 | Val Smin: 6.7206
  --> New best model saved!
Epoch 017 | Loss: 0.0005 | Val MiFmax: 0.6465 | Val MaFmax: 0.6119 | Val Smin: 6.5094
  --> New best model saved!
Epoch 018 | Loss: 0.0004 | Val MiFmax: 0.6317 | Val MaFmax: 0.6022 | Val Smin: 6.7566
Epoch 019 | Loss: 0.0004 | Val MiFmax: 0.6499 | Val MaFmax: 0.6288 | Val Smin: 6.4009
  --> New best model saved!
Epoch 020 | Loss: 0.0004 | Val MiFmax: 0.6495 | Val MaFmax: 0.6368 | Val Smin: 6.3987
  --> New best model saved!
Epoch 021 | Loss: 0.0003 | Val MiFmax: 0.6550 | Val MaFmax: 0.6347 | Val Smin: 6.2079
Epoch 022 | Loss: 0.0003 | Val MiFmax: 0.6739 | Val MaFmax: 0.6407 | Val Smin: 5.9961
  --> New best model saved!
Epoch 023 | Loss: 0.0003 | Val MiFmax: 0.6738 | Val MaFmax: 0.6508 | Val Smin: 6.0377
  --> New best model saved!
Epoch 024 | Loss: 0.0003 | Val MiFmax: 0.6718 | Val MaFmax: 0.6349 | Val Smin: 6.0655
Epoch 025 | Loss: 0.0002 | Val MiFmax: 0.6760 | Val MaFmax: 0.6289 | Val Smin: 6.0032
Epoch 026 | Loss: 0.0002 | Val MiFmax: 0.6773 | Val MaFmax: 0.6591 | Val Smin: 5.9721
  --> New best model saved!
Epoch 027 | Loss: 0.0002 | Val MiFmax: 0.6782 | Val MaFmax: 0.6265 | Val Smin: 5.9421
Epoch 028 | Loss: 0.0002 | Val MiFmax: 0.6862 | Val MaFmax: 0.6631 | Val Smin: 5.7949
  --> New best model saved!
Epoch 029 | Loss: 0.0002 | Val MiFmax: 0.6756 | Val MaFmax: 0.6716 | Val Smin: 5.9400
  --> New best model saved!
Epoch 030 | Loss: 0.0002 | Val MiFmax: 0.6923 | Val MaFmax: 0.6539 | Val Smin: 5.6771
Epoch 031 | Loss: 0.0002 | Val MiFmax: 0.6729 | Val MaFmax: 0.6539 | Val Smin: 5.9874
Epoch 032 | Loss: 0.0002 | Val MiFmax: 0.6902 | Val MaFmax: 0.6501 | Val Smin: 5.7208
Epoch 033 | Loss: 0.0002 | Val MiFmax: 0.6934 | Val MaFmax: 0.6505 | Val Smin: 5.6921
Epoch 034 | Loss: 0.0001 | Val MiFmax: 0.6983 | Val MaFmax: 0.6663 | Val Smin: 5.5398
Epoch 035 | Loss: 0.0001 | Val MiFmax: 0.6926 | Val MaFmax: 0.6718 | Val Smin: 5.7376
  --> New best model saved!
Epoch 036 | Loss: 0.0001 | Val MiFmax: 0.6956 | Val MaFmax: 0.6618 | Val Smin: 5.6146
Epoch 037 | Loss: 0.0001 | Val MiFmax: 0.6924 | Val MaFmax: 0.6481 | Val Smin: 5.7459
Epoch 038 | Loss: 0.0001 | Val MiFmax: 0.6956 | Val MaFmax: 0.6622 | Val Smin: 5.6752
Epoch 039 | Loss: 0.0001 | Val MiFmax: 0.6910 | Val MaFmax: 0.6708 | Val Smin: 5.6774
Epoch 040 | Loss: 0.0001 | Val MiFmax: 0.6843 | Val MaFmax: 0.6432 | Val Smin: 5.8480
Epoch 041 | Loss: 0.0001 | Val MiFmax: 0.6902 | Val MaFmax: 0.6676 | Val Smin: 5.6914
Epoch 042 | Loss: 0.0001 | Val MiFmax: 0.7062 | Val MaFmax: 0.6858 | Val Smin: 5.4722
  --> New best model saved!
Epoch 043 | Loss: 0.0001 | Val MiFmax: 0.7052 | Val MaFmax: 0.6903 | Val Smin: 5.4296
  --> New best model saved!
Epoch 044 | Loss: 0.0001 | Val MiFmax: 0.7110 | Val MaFmax: 0.6730 | Val Smin: 5.3590
Epoch 045 | Loss: 0.0001 | Val MiFmax: 0.7069 | Val MaFmax: 0.6885 | Val Smin: 5.4303
Epoch 046 | Loss: 0.0001 | Val MiFmax: 0.7121 | Val MaFmax: 0.6938 | Val Smin: 5.3883
  --> New best model saved!
Epoch 047 | Loss: 0.0001 | Val MiFmax: 0.7059 | Val MaFmax: 0.6960 | Val Smin: 5.4418
  --> New best model saved!
Epoch 048 | Loss: 0.0001 | Val MiFmax: 0.7079 | Val MaFmax: 0.6785 | Val Smin: 5.4543
Epoch 049 | Loss: 0.0001 | Val MiFmax: 0.7060 | Val MaFmax: 0.6948 | Val Smin: 5.4419
Epoch 050 | Loss: 0.0001 | Val MiFmax: 0.7080 | Val MaFmax: 0.6800 | Val Smin: 5.4342
Epoch 051 | Loss: 0.0001 | Val MiFmax: 0.6984 | Val MaFmax: 0.6923 | Val Smin: 5.5224
Epoch 052 | Loss: 0.0001 | Val MiFmax: 0.7053 | Val MaFmax: 0.6933 | Val Smin: 5.4675
Epoch 053 | Loss: 0.0001 | Val MiFmax: 0.7128 | Val MaFmax: 0.6977 | Val Smin: 5.3325
  --> New best model saved!
Epoch 054 | Loss: 0.0001 | Val MiFmax: 0.7084 | Val MaFmax: 0.6930 | Val Smin: 5.4601
Epoch 055 | Loss: 0.0001 | Val MiFmax: 0.7051 | Val MaFmax: 0.6774 | Val Smin: 5.4268
Epoch 056 | Loss: 0.0000 | Val MiFmax: 0.7060 | Val MaFmax: 0.6892 | Val Smin: 5.4143
Epoch 057 | Loss: 0.0000 | Val MiFmax: 0.7049 | Val MaFmax: 0.6828 | Val Smin: 5.4538
Epoch 058 | Loss: 0.0001 | Val MiFmax: 0.7053 | Val MaFmax: 0.6771 | Val Smin: 5.4409
Epoch 059 | Loss: 0.0000 | Val MiFmax: 0.7075 | Val MaFmax: 0.6749 | Val Smin: 5.4150
Epoch 060 | Loss: 0.0000 | Val MiFmax: 0.7056 | Val MaFmax: 0.6699 | Val Smin: 5.4377
Epoch 061 | Loss: 0.0000 | Val MiFmax: 0.7122 | Val MaFmax: 0.6876 | Val Smin: 5.3573
Epoch 062 | Loss: 0.0000 | Val MiFmax: 0.7110 | Val MaFmax: 0.6916 | Val Smin: 5.3674
Epoch 063 | Loss: 0.0000 | Val MiFmax: 0.7129 | Val MaFmax: 0.6970 | Val Smin: 5.3689
Epoch 064 | Loss: 0.0000 | Val MiFmax: 0.7117 | Val MaFmax: 0.6996 | Val Smin: 5.3842
  --> New best model saved!
Epoch 065 | Loss: 0.0000 | Val MiFmax: 0.7093 | Val MaFmax: 0.7026 | Val Smin: 5.4088
  --> New best model saved!
Epoch 066 | Loss: 0.0000 | Val MiFmax: 0.7107 | Val MaFmax: 0.6900 | Val Smin: 5.3879
Epoch 067 | Loss: 0.0000 | Val MiFmax: 0.7123 | Val MaFmax: 0.7013 | Val Smin: 5.3609
Epoch 068 | Loss: 0.0000 | Val MiFmax: 0.7122 | Val MaFmax: 0.6986 | Val Smin: 5.3506
Epoch 069 | Loss: 0.0000 | Val MiFmax: 0.7099 | Val MaFmax: 0.7003 | Val Smin: 5.4080
Epoch 070 | Loss: 0.0000 | Val MiFmax: 0.7122 | Val MaFmax: 0.6997 | Val Smin: 5.3437
Epoch 071 | Loss: 0.0000 | Val MiFmax: 0.7140 | Val MaFmax: 0.7088 | Val Smin: 5.3352
  --> New best model saved!
Epoch 072 | Loss: 0.0000 | Val MiFmax: 0.7122 | Val MaFmax: 0.6880 | Val Smin: 5.3230
Epoch 073 | Loss: 0.0000 | Val MiFmax: 0.7136 | Val MaFmax: 0.6931 | Val Smin: 5.3223
Epoch 074 | Loss: 0.0000 | Val MiFmax: 0.7174 | Val MaFmax: 0.7020 | Val Smin: 5.2462
Epoch 075 | Loss: 0.0000 | Val MiFmax: 0.7152 | Val MaFmax: 0.7027 | Val Smin: 5.2935
Epoch 076 | Loss: 0.0000 | Val MiFmax: 0.7157 | Val MaFmax: 0.6845 | Val Smin: 5.2780
Epoch 077 | Loss: 0.0000 | Val MiFmax: 0.7140 | Val MaFmax: 0.6861 | Val Smin: 5.3519
Epoch 078 | Loss: 0.0000 | Val MiFmax: 0.7173 | Val MaFmax: 0.6944 | Val Smin: 5.2714
Epoch 079 | Loss: 0.0000 | Val MiFmax: 0.7149 | Val MaFmax: 0.6926 | Val Smin: 5.2976
Epoch 080 | Loss: 0.0000 | Val MiFmax: 0.7143 | Val MaFmax: 0.6833 | Val Smin: 5.2947
Epoch 081 | Loss: 0.0000 | Val MiFmax: 0.7183 | Val MaFmax: 0.6991 | Val Smin: 5.2573
Epoch 082 | Loss: 0.0000 | Val MiFmax: 0.7161 | Val MaFmax: 0.7002 | Val Smin: 5.2767
Epoch 083 | Loss: 0.0000 | Val MiFmax: 0.7153 | Val MaFmax: 0.7013 | Val Smin: 5.2808
Epoch 084 | Loss: 0.0000 | Val MiFmax: 0.7150 | Val MaFmax: 0.7018 | Val Smin: 5.2961
Epoch 085 | Loss: 0.0000 | Val MiFmax: 0.7171 | Val MaFmax: 0.7000 | Val Smin: 5.2631
Epoch 086 | Loss: 0.0000 | Val MiFmax: 0.7190 | Val MaFmax: 0.7027 | Val Smin: 5.2485
Epoch 087 | Loss: 0.0000 | Val MiFmax: 0.7168 | Val MaFmax: 0.7027 | Val Smin: 5.2848
Epoch 088 | Loss: 0.0000 | Val MiFmax: 0.7181 | Val MaFmax: 0.7000 | Val Smin: 5.2499
Epoch 089 | Loss: 0.0000 | Val MiFmax: 0.7155 | Val MaFmax: 0.7060 | Val Smin: 5.2721
Epoch 090 | Loss: 0.0000 | Val MiFmax: 0.7158 | Val MaFmax: 0.7072 | Val Smin: 5.2816
Epoch 091 | Loss: 0.0000 | Val MiFmax: 0.7169 | Val MaFmax: 0.7068 | Val Smin: 5.2555
Early stopping triggered after 91 epochs.
Training finished. Evaluating on Test Set...

--- TEST METRICS ---
Micro_Fmax: 0.6058
Macro_Fmax: 0.6221
Macro_AUROC: 0.8749
Micro_AUROC: 0.8766
Macro_AUPRC: 0.5614
Micro_AUPRC: 0.5900
Smin: 8.9923
========================================================
  Training finished with exit code: 0
  End time  : Wed Jul  8 17:05:59 MDT 2026
========================================================
