========================================================
  Job ID      : 44539692  (array task 15)
  Node        : mgh5
  CPUs        : 8
  Start time  : Wed Jul  8 10:53:33 MDT 2026
  Project dir : /home/ganeshiny.sridharan/dgg/deep-green-GO
========================================================
  Model     : Hybrid_JK
  Ontology  : biological_process
  Seed      : 42
========================================================
  LR=0.001  Dropout=0.2  BatchSize=16
  Output dir : /home/ganeshiny.sridharan/dgg/deep-green-GO/runs_5seeds/bp/Hybrid_JK/42
========================================================
Using device: cuda
Loading datasets from preprocessing/data/split_files/datasets.pkl for biological_process...
Alpha weights not found. Using default FocalLoss (alpha=0.25, gamma=4.0).
Epoch 001 | Loss: 0.0053 | Val MiFmax: 0.2877 | Val MaFmax: 0.2565 | Val Smin: 61.3248
  --> New best model saved!
Epoch 002 | Loss: 0.0010 | Val MiFmax: 0.4517 | Val MaFmax: 0.4198 | Val Smin: 49.5348
  --> New best model saved!
Epoch 003 | Loss: 0.0007 | Val MiFmax: 0.5339 | Val MaFmax: 0.5331 | Val Smin: 43.2464
  --> New best model saved!
Epoch 004 | Loss: 0.0005 | Val MiFmax: 0.5541 | Val MaFmax: 0.5997 | Val Smin: 42.5204
  --> New best model saved!
Epoch 005 | Loss: 0.0004 | Val MiFmax: 0.5490 | Val MaFmax: 0.6122 | Val Smin: 43.2067
  --> New best model saved!
Epoch 006 | Loss: 0.0004 | Val MiFmax: 0.5853 | Val MaFmax: 0.6011 | Val Smin: 39.3377
Epoch 007 | Loss: 0.0003 | Val MiFmax: 0.6352 | Val MaFmax: 0.6469 | Val Smin: 34.8696
  --> New best model saved!
Epoch 008 | Loss: 0.0002 | Val MiFmax: 0.6437 | Val MaFmax: 0.6549 | Val Smin: 34.3055
  --> New best model saved!
Epoch 009 | Loss: 0.0002 | Val MiFmax: 0.6640 | Val MaFmax: 0.6831 | Val Smin: 32.6741
  --> New best model saved!
Epoch 010 | Loss: 0.0002 | Val MiFmax: 0.6708 | Val MaFmax: 0.6722 | Val Smin: 32.0842
Epoch 011 | Loss: 0.0002 | Val MiFmax: 0.6501 | Val MaFmax: 0.6843 | Val Smin: 33.8914
  --> New best model saved!
Epoch 012 | Loss: 0.0002 | Val MiFmax: 0.6668 | Val MaFmax: 0.6738 | Val Smin: 32.2106
Epoch 013 | Loss: 0.0002 | Val MiFmax: 0.6570 | Val MaFmax: 0.6886 | Val Smin: 33.4009
  --> New best model saved!
Epoch 014 | Loss: 0.0001 | Val MiFmax: 0.6864 | Val MaFmax: 0.6971 | Val Smin: 30.6989
  --> New best model saved!
Epoch 015 | Loss: 0.0001 | Val MiFmax: 0.7016 | Val MaFmax: 0.7067 | Val Smin: 29.4851
  --> New best model saved!
Epoch 016 | Loss: 0.0001 | Val MiFmax: 0.6855 | Val MaFmax: 0.6934 | Val Smin: 30.2834
Epoch 017 | Loss: 0.0001 | Val MiFmax: 0.6927 | Val MaFmax: 0.6973 | Val Smin: 29.9415
Epoch 018 | Loss: 0.0001 | Val MiFmax: 0.6997 | Val MaFmax: 0.7002 | Val Smin: 29.6333
Epoch 019 | Loss: 0.0002 | Val MiFmax: 0.6603 | Val MaFmax: 0.6669 | Val Smin: 33.4119
Epoch 020 | Loss: 0.0001 | Val MiFmax: 0.6912 | Val MaFmax: 0.7073 | Val Smin: 30.1910
  --> New best model saved!
Epoch 021 | Loss: 0.0001 | Val MiFmax: 0.7009 | Val MaFmax: 0.7047 | Val Smin: 29.1325
Epoch 022 | Loss: 0.0001 | Val MiFmax: 0.7078 | Val MaFmax: 0.7137 | Val Smin: 28.9711
  --> New best model saved!
Epoch 023 | Loss: 0.0001 | Val MiFmax: 0.7135 | Val MaFmax: 0.7086 | Val Smin: 28.1164
Epoch 024 | Loss: 0.0001 | Val MiFmax: 0.7044 | Val MaFmax: 0.7123 | Val Smin: 29.0888
Epoch 025 | Loss: 0.0001 | Val MiFmax: 0.6869 | Val MaFmax: 0.6990 | Val Smin: 30.5867
Epoch 026 | Loss: 0.0001 | Val MiFmax: 0.7062 | Val MaFmax: 0.7037 | Val Smin: 28.9907
Epoch 027 | Loss: 0.0001 | Val MiFmax: 0.7073 | Val MaFmax: 0.7110 | Val Smin: 29.0757
Epoch 028 | Loss: 0.0001 | Val MiFmax: 0.7253 | Val MaFmax: 0.7130 | Val Smin: 27.3710
Epoch 029 | Loss: 0.0000 | Val MiFmax: 0.7343 | Val MaFmax: 0.7177 | Val Smin: 26.3758
  --> New best model saved!
Epoch 030 | Loss: 0.0000 | Val MiFmax: 0.7258 | Val MaFmax: 0.7190 | Val Smin: 27.3683
  --> New best model saved!
Epoch 031 | Loss: 0.0000 | Val MiFmax: 0.7388 | Val MaFmax: 0.7215 | Val Smin: 25.9735
  --> New best model saved!
Epoch 032 | Loss: 0.0000 | Val MiFmax: 0.7365 | Val MaFmax: 0.7188 | Val Smin: 26.3332
Epoch 033 | Loss: 0.0000 | Val MiFmax: 0.7359 | Val MaFmax: 0.7196 | Val Smin: 26.2827
Epoch 034 | Loss: 0.0000 | Val MiFmax: 0.7365 | Val MaFmax: 0.7210 | Val Smin: 26.1732
Epoch 035 | Loss: 0.0000 | Val MiFmax: 0.7418 | Val MaFmax: 0.7234 | Val Smin: 25.8260
  --> New best model saved!
Epoch 036 | Loss: 0.0000 | Val MiFmax: 0.7285 | Val MaFmax: 0.7213 | Val Smin: 27.0506
Epoch 037 | Loss: 0.0000 | Val MiFmax: 0.7324 | Val MaFmax: 0.7236 | Val Smin: 26.7693
  --> New best model saved!
Epoch 038 | Loss: 0.0000 | Val MiFmax: 0.7295 | Val MaFmax: 0.7213 | Val Smin: 27.7144
Epoch 039 | Loss: 0.0000 | Val MiFmax: 0.7340 | Val MaFmax: 0.7218 | Val Smin: 26.5297
Epoch 040 | Loss: 0.0000 | Val MiFmax: 0.7111 | Val MaFmax: 0.7108 | Val Smin: 29.2695
Epoch 041 | Loss: 0.0000 | Val MiFmax: 0.7250 | Val MaFmax: 0.7193 | Val Smin: 27.8879
Epoch 042 | Loss: 0.0000 | Val MiFmax: 0.7252 | Val MaFmax: 0.7174 | Val Smin: 27.2069
Epoch 043 | Loss: 0.0000 | Val MiFmax: 0.7234 | Val MaFmax: 0.7196 | Val Smin: 27.3111
Epoch 044 | Loss: 0.0000 | Val MiFmax: 0.7313 | Val MaFmax: 0.7245 | Val Smin: 26.5534
  --> New best model saved!
Epoch 045 | Loss: 0.0000 | Val MiFmax: 0.7288 | Val MaFmax: 0.7232 | Val Smin: 27.3273
Epoch 046 | Loss: 0.0000 | Val MiFmax: 0.7369 | Val MaFmax: 0.7234 | Val Smin: 26.2822
Epoch 047 | Loss: 0.0000 | Val MiFmax: 0.7312 | Val MaFmax: 0.7252 | Val Smin: 27.2581
  --> New best model saved!
Epoch 048 | Loss: 0.0000 | Val MiFmax: 0.7395 | Val MaFmax: 0.7290 | Val Smin: 26.0336
  --> New best model saved!
Epoch 049 | Loss: 0.0000 | Val MiFmax: 0.7320 | Val MaFmax: 0.7260 | Val Smin: 27.4724
Epoch 050 | Loss: 0.0000 | Val MiFmax: 0.7330 | Val MaFmax: 0.7242 | Val Smin: 26.5087
Epoch 051 | Loss: 0.0000 | Val MiFmax: 0.7331 | Val MaFmax: 0.7279 | Val Smin: 26.4844
Epoch 052 | Loss: 0.0000 | Val MiFmax: 0.7326 | Val MaFmax: 0.7254 | Val Smin: 27.4142
Epoch 053 | Loss: 0.0000 | Val MiFmax: 0.7369 | Val MaFmax: 0.7241 | Val Smin: 26.0874
Epoch 054 | Loss: 0.0000 | Val MiFmax: 0.7427 | Val MaFmax: 0.7276 | Val Smin: 25.7607
Epoch 055 | Loss: 0.0000 | Val MiFmax: 0.7356 | Val MaFmax: 0.7274 | Val Smin: 26.1873
Epoch 056 | Loss: 0.0000 | Val MiFmax: 0.7417 | Val MaFmax: 0.7267 | Val Smin: 25.8363
Epoch 057 | Loss: 0.0000 | Val MiFmax: 0.7464 | Val MaFmax: 0.7261 | Val Smin: 25.5958
Epoch 058 | Loss: 0.0000 | Val MiFmax: 0.7441 | Val MaFmax: 0.7268 | Val Smin: 25.7235
Epoch 059 | Loss: 0.0000 | Val MiFmax: 0.7450 | Val MaFmax: 0.7264 | Val Smin: 25.7267
Epoch 060 | Loss: 0.0000 | Val MiFmax: 0.7417 | Val MaFmax: 0.7267 | Val Smin: 25.8715
Epoch 061 | Loss: 0.0000 | Val MiFmax: 0.7434 | Val MaFmax: 0.7264 | Val Smin: 25.7913
Epoch 062 | Loss: 0.0000 | Val MiFmax: 0.7443 | Val MaFmax: 0.7260 | Val Smin: 25.7636
Epoch 063 | Loss: 0.0000 | Val MiFmax: 0.7431 | Val MaFmax: 0.7250 | Val Smin: 25.7540
Epoch 064 | Loss: 0.0000 | Val MiFmax: 0.7470 | Val MaFmax: 0.7273 | Val Smin: 25.6733
Epoch 065 | Loss: 0.0000 | Val MiFmax: 0.7447 | Val MaFmax: 0.7266 | Val Smin: 25.7453
Epoch 066 | Loss: 0.0000 | Val MiFmax: 0.7458 | Val MaFmax: 0.7277 | Val Smin: 25.6950
Epoch 067 | Loss: 0.0000 | Val MiFmax: 0.7449 | Val MaFmax: 0.7268 | Val Smin: 25.7412
Epoch 068 | Loss: 0.0000 | Val MiFmax: 0.7440 | Val MaFmax: 0.7270 | Val Smin: 25.7321
Early stopping triggered after 68 epochs.
Training finished. Evaluating on Test Set...

--- TEST METRICS ---
Micro_Fmax: 0.6657
Macro_Fmax: 0.6525
Macro_AUROC: 0.8734
Micro_AUROC: 0.8716
Macro_AUPRC: 0.6109
Micro_AUPRC: 0.6261
Smin: 36.2218
========================================================
  Training finished with exit code: 0
  End time  : Wed Jul  8 12:30:25 MDT 2026
========================================================
