========================================================
  Job ID      : 44537181  (array task 2)
  Node        : mgh5
  CPUs        : 8
  Start time  : Wed Jul  8 01:07:19 MDT 2026
  Project dir : /home/ganeshiny.sridharan/dgg/deep-green-GO
========================================================
  Model     : Hybrid
  Ontology  : biological_process
  Seed      : 44
========================================================
  LR=0.0001  Dropout=0.2  BatchSize=64
  Output dir : /home/ganeshiny.sridharan/dgg/deep-green-GO/runs_5seeds/bp/Hybrid/44
========================================================
Using device: cuda
Loading datasets from preprocessing/data/split_files/datasets.pkl for biological_process...
Alpha weights not found. Using default FocalLoss (alpha=0.25, gamma=4.0).
Epoch 001 | Loss: 0.0148 | Val MiFmax: 0.0547 | Val MaFmax: 0.0791 | Val Smin: 69.2617
  --> New best model saved!
Epoch 002 | Loss: 0.0129 | Val MiFmax: 0.0578 | Val MaFmax: 0.0808 | Val Smin: 69.2245
  --> New best model saved!
Epoch 003 | Loss: 0.0122 | Val MiFmax: 0.0612 | Val MaFmax: 0.0834 | Val Smin: 69.3140
  --> New best model saved!
Epoch 004 | Loss: 0.0113 | Val MiFmax: 0.0745 | Val MaFmax: 0.0874 | Val Smin: 68.9930
  --> New best model saved!
Epoch 005 | Loss: 0.0101 | Val MiFmax: 0.0787 | Val MaFmax: 0.0917 | Val Smin: 68.8313
  --> New best model saved!
Epoch 006 | Loss: 0.0085 | Val MiFmax: 0.1035 | Val MaFmax: 0.0971 | Val Smin: 68.8200
  --> New best model saved!
Epoch 007 | Loss: 0.0069 | Val MiFmax: 0.1079 | Val MaFmax: 0.0994 | Val Smin: 68.4483
  --> New best model saved!
Epoch 008 | Loss: 0.0054 | Val MiFmax: 0.1244 | Val MaFmax: 0.1009 | Val Smin: 67.9184
  --> New best model saved!
Epoch 009 | Loss: 0.0042 | Val MiFmax: 0.1777 | Val MaFmax: 0.1056 | Val Smin: 66.8789
  --> New best model saved!
Epoch 010 | Loss: 0.0033 | Val MiFmax: 0.1902 | Val MaFmax: 0.1236 | Val Smin: 66.4334
  --> New best model saved!
Epoch 011 | Loss: 0.0027 | Val MiFmax: 0.2075 | Val MaFmax: 0.1308 | Val Smin: 66.5575
  --> New best model saved!
Epoch 012 | Loss: 0.0023 | Val MiFmax: 0.1733 | Val MaFmax: 0.1176 | Val Smin: 68.6828
Epoch 013 | Loss: 0.0020 | Val MiFmax: 0.2395 | Val MaFmax: 0.1383 | Val Smin: 65.1402
  --> New best model saved!
Epoch 014 | Loss: 0.0018 | Val MiFmax: 0.3209 | Val MaFmax: 0.2314 | Val Smin: 59.2875
  --> New best model saved!
Epoch 015 | Loss: 0.0015 | Val MiFmax: 0.3284 | Val MaFmax: 0.2515 | Val Smin: 59.4832
  --> New best model saved!
Epoch 016 | Loss: 0.0013 | Val MiFmax: 0.3767 | Val MaFmax: 0.3485 | Val Smin: 57.0701
  --> New best model saved!
Epoch 017 | Loss: 0.0012 | Val MiFmax: 0.4076 | Val MaFmax: 0.3771 | Val Smin: 55.0509
  --> New best model saved!
Epoch 018 | Loss: 0.0011 | Val MiFmax: 0.4387 | Val MaFmax: 0.3996 | Val Smin: 52.5396
  --> New best model saved!
Epoch 019 | Loss: 0.0010 | Val MiFmax: 0.4674 | Val MaFmax: 0.4353 | Val Smin: 50.3331
  --> New best model saved!
Epoch 020 | Loss: 0.0009 | Val MiFmax: 0.4880 | Val MaFmax: 0.4663 | Val Smin: 48.1913
  --> New best model saved!
Epoch 021 | Loss: 0.0008 | Val MiFmax: 0.5134 | Val MaFmax: 0.4860 | Val Smin: 45.7926
  --> New best model saved!
Epoch 022 | Loss: 0.0007 | Val MiFmax: 0.5333 | Val MaFmax: 0.5146 | Val Smin: 43.8819
  --> New best model saved!
Epoch 023 | Loss: 0.0007 | Val MiFmax: 0.5602 | Val MaFmax: 0.5354 | Val Smin: 42.1044
  --> New best model saved!
Epoch 024 | Loss: 0.0006 | Val MiFmax: 0.5751 | Val MaFmax: 0.5567 | Val Smin: 40.5711
  --> New best model saved!
Epoch 025 | Loss: 0.0005 | Val MiFmax: 0.5744 | Val MaFmax: 0.5643 | Val Smin: 40.7780
  --> New best model saved!
Epoch 026 | Loss: 0.0005 | Val MiFmax: 0.5871 | Val MaFmax: 0.5812 | Val Smin: 39.7958
  --> New best model saved!
Epoch 027 | Loss: 0.0005 | Val MiFmax: 0.6153 | Val MaFmax: 0.6088 | Val Smin: 37.6569
  --> New best model saved!
Epoch 028 | Loss: 0.0004 | Val MiFmax: 0.6149 | Val MaFmax: 0.6195 | Val Smin: 37.3749
  --> New best model saved!
Epoch 029 | Loss: 0.0004 | Val MiFmax: 0.6171 | Val MaFmax: 0.6273 | Val Smin: 37.0502
  --> New best model saved!
Epoch 030 | Loss: 0.0004 | Val MiFmax: 0.6300 | Val MaFmax: 0.6316 | Val Smin: 36.1338
  --> New best model saved!
Epoch 031 | Loss: 0.0003 | Val MiFmax: 0.6352 | Val MaFmax: 0.6455 | Val Smin: 35.7935
  --> New best model saved!
Epoch 032 | Loss: 0.0003 | Val MiFmax: 0.6495 | Val MaFmax: 0.6541 | Val Smin: 34.7058
  --> New best model saved!
Epoch 033 | Loss: 0.0003 | Val MiFmax: 0.6524 | Val MaFmax: 0.6580 | Val Smin: 34.3447
  --> New best model saved!
Epoch 034 | Loss: 0.0003 | Val MiFmax: 0.6672 | Val MaFmax: 0.6692 | Val Smin: 33.3501
  --> New best model saved!
Epoch 035 | Loss: 0.0003 | Val MiFmax: 0.6700 | Val MaFmax: 0.6643 | Val Smin: 33.2310
Epoch 036 | Loss: 0.0002 | Val MiFmax: 0.6603 | Val MaFmax: 0.6687 | Val Smin: 33.5692
Epoch 037 | Loss: 0.0002 | Val MiFmax: 0.6709 | Val MaFmax: 0.6766 | Val Smin: 32.9363
  --> New best model saved!
Epoch 038 | Loss: 0.0002 | Val MiFmax: 0.6803 | Val MaFmax: 0.6792 | Val Smin: 32.1900
  --> New best model saved!
Epoch 039 | Loss: 0.0002 | Val MiFmax: 0.6780 | Val MaFmax: 0.6876 | Val Smin: 32.0696
  --> New best model saved!
Epoch 040 | Loss: 0.0002 | Val MiFmax: 0.6809 | Val MaFmax: 0.6883 | Val Smin: 31.9541
  --> New best model saved!
Epoch 041 | Loss: 0.0002 | Val MiFmax: 0.6855 | Val MaFmax: 0.6938 | Val Smin: 31.5974
  --> New best model saved!
Epoch 042 | Loss: 0.0002 | Val MiFmax: 0.6860 | Val MaFmax: 0.6907 | Val Smin: 31.3700
Epoch 043 | Loss: 0.0002 | Val MiFmax: 0.6913 | Val MaFmax: 0.6919 | Val Smin: 31.2682
Epoch 044 | Loss: 0.0002 | Val MiFmax: 0.6907 | Val MaFmax: 0.6965 | Val Smin: 31.0892
  --> New best model saved!
Epoch 045 | Loss: 0.0001 | Val MiFmax: 0.6949 | Val MaFmax: 0.6951 | Val Smin: 30.8161
Epoch 046 | Loss: 0.0001 | Val MiFmax: 0.6972 | Val MaFmax: 0.6963 | Val Smin: 30.5530
Epoch 047 | Loss: 0.0001 | Val MiFmax: 0.7038 | Val MaFmax: 0.6998 | Val Smin: 30.1113
  --> New best model saved!
Epoch 048 | Loss: 0.0001 | Val MiFmax: 0.7016 | Val MaFmax: 0.7101 | Val Smin: 30.0128
  --> New best model saved!
Epoch 049 | Loss: 0.0001 | Val MiFmax: 0.6962 | Val MaFmax: 0.7007 | Val Smin: 30.5449
Epoch 050 | Loss: 0.0001 | Val MiFmax: 0.7060 | Val MaFmax: 0.7078 | Val Smin: 29.9213
Epoch 051 | Loss: 0.0001 | Val MiFmax: 0.7022 | Val MaFmax: 0.7041 | Val Smin: 29.9186
Epoch 052 | Loss: 0.0001 | Val MiFmax: 0.7049 | Val MaFmax: 0.7077 | Val Smin: 30.0917
Epoch 053 | Loss: 0.0001 | Val MiFmax: 0.7047 | Val MaFmax: 0.7080 | Val Smin: 30.0139
Epoch 054 | Loss: 0.0001 | Val MiFmax: 0.7071 | Val MaFmax: 0.7105 | Val Smin: 29.6610
  --> New best model saved!
Epoch 055 | Loss: 0.0001 | Val MiFmax: 0.7147 | Val MaFmax: 0.7020 | Val Smin: 29.4116
Epoch 056 | Loss: 0.0001 | Val MiFmax: 0.7154 | Val MaFmax: 0.7064 | Val Smin: 29.1773
Epoch 057 | Loss: 0.0001 | Val MiFmax: 0.7179 | Val MaFmax: 0.7069 | Val Smin: 28.9273
Epoch 058 | Loss: 0.0001 | Val MiFmax: 0.7116 | Val MaFmax: 0.7087 | Val Smin: 29.2999
Epoch 059 | Loss: 0.0001 | Val MiFmax: 0.7144 | Val MaFmax: 0.7097 | Val Smin: 29.1610
Epoch 060 | Loss: 0.0001 | Val MiFmax: 0.7225 | Val MaFmax: 0.7112 | Val Smin: 28.4773
  --> New best model saved!
Epoch 061 | Loss: 0.0001 | Val MiFmax: 0.7144 | Val MaFmax: 0.7000 | Val Smin: 29.2599
Epoch 062 | Loss: 0.0001 | Val MiFmax: 0.7173 | Val MaFmax: 0.7126 | Val Smin: 28.9407
  --> New best model saved!
Epoch 063 | Loss: 0.0001 | Val MiFmax: 0.7145 | Val MaFmax: 0.7099 | Val Smin: 29.1945
Epoch 064 | Loss: 0.0001 | Val MiFmax: 0.7160 | Val MaFmax: 0.7060 | Val Smin: 28.9461
Epoch 065 | Loss: 0.0001 | Val MiFmax: 0.7202 | Val MaFmax: 0.7066 | Val Smin: 28.7778
Epoch 066 | Loss: 0.0001 | Val MiFmax: 0.7158 | Val MaFmax: 0.7084 | Val Smin: 29.0840
Epoch 067 | Loss: 0.0001 | Val MiFmax: 0.7157 | Val MaFmax: 0.7060 | Val Smin: 28.7325
Epoch 068 | Loss: 0.0001 | Val MiFmax: 0.7172 | Val MaFmax: 0.7128 | Val Smin: 28.8822
  --> New best model saved!
Epoch 069 | Loss: 0.0000 | Val MiFmax: 0.7222 | Val MaFmax: 0.7132 | Val Smin: 28.4139
  --> New best model saved!
Epoch 070 | Loss: 0.0000 | Val MiFmax: 0.7182 | Val MaFmax: 0.7160 | Val Smin: 28.7565
  --> New best model saved!
Epoch 071 | Loss: 0.0000 | Val MiFmax: 0.7209 | Val MaFmax: 0.7157 | Val Smin: 28.4667
Epoch 072 | Loss: 0.0000 | Val MiFmax: 0.7234 | Val MaFmax: 0.7156 | Val Smin: 28.1771
Epoch 073 | Loss: 0.0001 | Val MiFmax: 0.7209 | Val MaFmax: 0.7181 | Val Smin: 28.4435
  --> New best model saved!
Epoch 074 | Loss: 0.0000 | Val MiFmax: 0.7254 | Val MaFmax: 0.7156 | Val Smin: 28.2259
Epoch 075 | Loss: 0.0000 | Val MiFmax: 0.7163 | Val MaFmax: 0.7117 | Val Smin: 28.6944
Epoch 076 | Loss: 0.0000 | Val MiFmax: 0.7204 | Val MaFmax: 0.7149 | Val Smin: 28.5907
Epoch 077 | Loss: 0.0000 | Val MiFmax: 0.7186 | Val MaFmax: 0.7158 | Val Smin: 28.5695
Epoch 078 | Loss: 0.0000 | Val MiFmax: 0.7202 | Val MaFmax: 0.7156 | Val Smin: 28.5021
Epoch 079 | Loss: 0.0000 | Val MiFmax: 0.7238 | Val MaFmax: 0.7141 | Val Smin: 28.4307
Epoch 080 | Loss: 0.0000 | Val MiFmax: 0.7252 | Val MaFmax: 0.7180 | Val Smin: 28.1178
Epoch 081 | Loss: 0.0000 | Val MiFmax: 0.7241 | Val MaFmax: 0.7197 | Val Smin: 28.2142
  --> New best model saved!
Epoch 082 | Loss: 0.0000 | Val MiFmax: 0.7224 | Val MaFmax: 0.7134 | Val Smin: 28.2067
Epoch 083 | Loss: 0.0000 | Val MiFmax: 0.7191 | Val MaFmax: 0.7147 | Val Smin: 28.5240
Epoch 084 | Loss: 0.0000 | Val MiFmax: 0.7257 | Val MaFmax: 0.7168 | Val Smin: 28.1420
Epoch 085 | Loss: 0.0000 | Val MiFmax: 0.7263 | Val MaFmax: 0.7181 | Val Smin: 28.0700
Epoch 086 | Loss: 0.0000 | Val MiFmax: 0.7248 | Val MaFmax: 0.7182 | Val Smin: 28.0830
Epoch 087 | Loss: 0.0000 | Val MiFmax: 0.7255 | Val MaFmax: 0.7170 | Val Smin: 28.0313
Epoch 088 | Loss: 0.0000 | Val MiFmax: 0.7268 | Val MaFmax: 0.7198 | Val Smin: 27.9223
  --> New best model saved!
Epoch 089 | Loss: 0.0000 | Val MiFmax: 0.7260 | Val MaFmax: 0.7211 | Val Smin: 27.9645
  --> New best model saved!
Epoch 090 | Loss: 0.0000 | Val MiFmax: 0.7256 | Val MaFmax: 0.7209 | Val Smin: 28.0506
Epoch 091 | Loss: 0.0000 | Val MiFmax: 0.7258 | Val MaFmax: 0.7204 | Val Smin: 28.1091
Epoch 092 | Loss: 0.0000 | Val MiFmax: 0.7261 | Val MaFmax: 0.7200 | Val Smin: 28.0463
Epoch 093 | Loss: 0.0000 | Val MiFmax: 0.7269 | Val MaFmax: 0.7220 | Val Smin: 27.9133
  --> New best model saved!
Epoch 094 | Loss: 0.0000 | Val MiFmax: 0.7260 | Val MaFmax: 0.7211 | Val Smin: 27.9812
Epoch 095 | Loss: 0.0000 | Val MiFmax: 0.7280 | Val MaFmax: 0.7193 | Val Smin: 27.6600
Epoch 096 | Loss: 0.0000 | Val MiFmax: 0.7261 | Val MaFmax: 0.7198 | Val Smin: 27.9076
Epoch 097 | Loss: 0.0000 | Val MiFmax: 0.7306 | Val MaFmax: 0.7206 | Val Smin: 27.5375
Epoch 098 | Loss: 0.0000 | Val MiFmax: 0.7291 | Val MaFmax: 0.7222 | Val Smin: 27.6262
  --> New best model saved!
Epoch 099 | Loss: 0.0000 | Val MiFmax: 0.7287 | Val MaFmax: 0.7224 | Val Smin: 27.7714
  --> New best model saved!
Epoch 100 | Loss: 0.0000 | Val MiFmax: 0.7276 | Val MaFmax: 0.7213 | Val Smin: 27.7432
Epoch 101 | Loss: 0.0000 | Val MiFmax: 0.7292 | Val MaFmax: 0.7215 | Val Smin: 27.7550
Epoch 102 | Loss: 0.0000 | Val MiFmax: 0.7274 | Val MaFmax: 0.7216 | Val Smin: 27.8515
Epoch 103 | Loss: 0.0000 | Val MiFmax: 0.7282 | Val MaFmax: 0.7205 | Val Smin: 27.6772
Epoch 104 | Loss: 0.0000 | Val MiFmax: 0.7277 | Val MaFmax: 0.7223 | Val Smin: 27.8148
Epoch 105 | Loss: 0.0000 | Val MiFmax: 0.7274 | Val MaFmax: 0.7223 | Val Smin: 27.8124
Epoch 106 | Loss: 0.0000 | Val MiFmax: 0.7286 | Val MaFmax: 0.7239 | Val Smin: 27.7689
  --> New best model saved!
Epoch 107 | Loss: 0.0000 | Val MiFmax: 0.7283 | Val MaFmax: 0.7233 | Val Smin: 27.7965
Epoch 108 | Loss: 0.0000 | Val MiFmax: 0.7286 | Val MaFmax: 0.7238 | Val Smin: 27.7504
Epoch 109 | Loss: 0.0000 | Val MiFmax: 0.7292 | Val MaFmax: 0.7231 | Val Smin: 27.7473
Epoch 110 | Loss: 0.0000 | Val MiFmax: 0.7304 | Val MaFmax: 0.7226 | Val Smin: 27.6536
Epoch 111 | Loss: 0.0000 | Val MiFmax: 0.7300 | Val MaFmax: 0.7227 | Val Smin: 27.7191
Epoch 112 | Loss: 0.0000 | Val MiFmax: 0.7297 | Val MaFmax: 0.7225 | Val Smin: 27.7423
Epoch 113 | Loss: 0.0000 | Val MiFmax: 0.7293 | Val MaFmax: 0.7233 | Val Smin: 27.6974
Epoch 114 | Loss: 0.0000 | Val MiFmax: 0.7292 | Val MaFmax: 0.7232 | Val Smin: 27.6427
Epoch 115 | Loss: 0.0000 | Val MiFmax: 0.7288 | Val MaFmax: 0.7236 | Val Smin: 27.7713
Epoch 116 | Loss: 0.0000 | Val MiFmax: 0.7291 | Val MaFmax: 0.7237 | Val Smin: 27.6763
Epoch 117 | Loss: 0.0000 | Val MiFmax: 0.7296 | Val MaFmax: 0.7241 | Val Smin: 27.7102
  --> New best model saved!
Epoch 118 | Loss: 0.0000 | Val MiFmax: 0.7286 | Val MaFmax: 0.7234 | Val Smin: 27.7977
Epoch 119 | Loss: 0.0000 | Val MiFmax: 0.7299 | Val MaFmax: 0.7234 | Val Smin: 27.7017
Epoch 120 | Loss: 0.0000 | Val MiFmax: 0.7308 | Val MaFmax: 0.7233 | Val Smin: 27.5239
Epoch 121 | Loss: 0.0000 | Val MiFmax: 0.7290 | Val MaFmax: 0.7232 | Val Smin: 27.7629
Epoch 122 | Loss: 0.0000 | Val MiFmax: 0.7282 | Val MaFmax: 0.7229 | Val Smin: 27.6960
Epoch 123 | Loss: 0.0000 | Val MiFmax: 0.7277 | Val MaFmax: 0.7234 | Val Smin: 27.7364
Epoch 124 | Loss: 0.0000 | Val MiFmax: 0.7296 | Val MaFmax: 0.7233 | Val Smin: 27.6089
Epoch 125 | Loss: 0.0000 | Val MiFmax: 0.7278 | Val MaFmax: 0.7234 | Val Smin: 27.7744
Epoch 126 | Loss: 0.0000 | Val MiFmax: 0.7279 | Val MaFmax: 0.7236 | Val Smin: 27.7285
Epoch 127 | Loss: 0.0000 | Val MiFmax: 0.7290 | Val MaFmax: 0.7234 | Val Smin: 27.6236
Epoch 128 | Loss: 0.0000 | Val MiFmax: 0.7287 | Val MaFmax: 0.7224 | Val Smin: 27.7363
Epoch 129 | Loss: 0.0000 | Val MiFmax: 0.7292 | Val MaFmax: 0.7228 | Val Smin: 27.6806
Epoch 130 | Loss: 0.0000 | Val MiFmax: 0.7283 | Val MaFmax: 0.7227 | Val Smin: 27.7006
Epoch 131 | Loss: 0.0000 | Val MiFmax: 0.7289 | Val MaFmax: 0.7232 | Val Smin: 27.6757
Epoch 132 | Loss: 0.0000 | Val MiFmax: 0.7294 | Val MaFmax: 0.7234 | Val Smin: 27.6429
Epoch 133 | Loss: 0.0000 | Val MiFmax: 0.7298 | Val MaFmax: 0.7236 | Val Smin: 27.6550
Epoch 134 | Loss: 0.0000 | Val MiFmax: 0.7291 | Val MaFmax: 0.7235 | Val Smin: 27.6480
Epoch 135 | Loss: 0.0000 | Val MiFmax: 0.7290 | Val MaFmax: 0.7229 | Val Smin: 27.6649
Epoch 136 | Loss: 0.0000 | Val MiFmax: 0.7296 | Val MaFmax: 0.7232 | Val Smin: 27.6484
Epoch 137 | Loss: 0.0000 | Val MiFmax: 0.7286 | Val MaFmax: 0.7227 | Val Smin: 27.7287
Early stopping triggered after 137 epochs.
Training finished. Evaluating on Test Set...

--- TEST METRICS ---
Micro_Fmax: 0.6688
Macro_Fmax: 0.6548
Macro_AUROC: 0.8444
Micro_AUROC: 0.8352
Macro_AUPRC: 0.6119
Micro_AUPRC: 0.6285
Smin: 35.6229
========================================================
  Training finished with exit code: 0
  End time  : Wed Jul  8 03:16:16 MDT 2026
========================================================
