========================================================
  Job ID      : 44538833  (array task 10)
  Node        : mgh5
  CPUs        : 8
  Start time  : Wed Jul  8 09:11:52 MDT 2026
  Project dir : /home/ganeshiny.sridharan/dgg/deep-green-GO
========================================================
  Model     : Hybrid
  Ontology  : cellular_component
  Seed      : 42
========================================================
  LR=0.0001  Dropout=0.2  BatchSize=32
  Output dir : /home/ganeshiny.sridharan/dgg/deep-green-GO/runs_5seeds/cc/Hybrid/42
========================================================
Using device: cuda
Loading datasets from preprocessing/data/split_files/datasets.pkl for cellular_component...
Alpha weights not found. Using default FocalLoss (alpha=0.25, gamma=4.0).
Epoch 001 | Loss: 0.0135 | Val MiFmax: 0.1802 | Val MaFmax: 0.1804 | Val Smin: 12.1428
  --> New best model saved!
Epoch 002 | Loss: 0.0114 | Val MiFmax: 0.2713 | Val MaFmax: 0.2290 | Val Smin: 11.3268
  --> New best model saved!
Epoch 003 | Loss: 0.0094 | Val MiFmax: 0.3205 | Val MaFmax: 0.2580 | Val Smin: 10.7689
  --> New best model saved!
Epoch 004 | Loss: 0.0068 | Val MiFmax: 0.3609 | Val MaFmax: 0.2742 | Val Smin: 10.4222
  --> New best model saved!
Epoch 005 | Loss: 0.0045 | Val MiFmax: 0.3382 | Val MaFmax: 0.2954 | Val Smin: 10.5548
  --> New best model saved!
Epoch 006 | Loss: 0.0030 | Val MiFmax: 0.4326 | Val MaFmax: 0.3363 | Val Smin: 9.6581
  --> New best model saved!
Epoch 007 | Loss: 0.0021 | Val MiFmax: 0.4409 | Val MaFmax: 0.3691 | Val Smin: 9.5531
  --> New best model saved!
Epoch 008 | Loss: 0.0016 | Val MiFmax: 0.4960 | Val MaFmax: 0.4376 | Val Smin: 8.9206
  --> New best model saved!
Epoch 009 | Loss: 0.0013 | Val MiFmax: 0.5138 | Val MaFmax: 0.4678 | Val Smin: 8.4607
  --> New best model saved!
Epoch 010 | Loss: 0.0010 | Val MiFmax: 0.5352 | Val MaFmax: 0.5230 | Val Smin: 8.1163
  --> New best model saved!
Epoch 011 | Loss: 0.0008 | Val MiFmax: 0.5868 | Val MaFmax: 0.5561 | Val Smin: 7.4262
  --> New best model saved!
Epoch 012 | Loss: 0.0007 | Val MiFmax: 0.6057 | Val MaFmax: 0.5602 | Val Smin: 7.0590
  --> New best model saved!
Epoch 013 | Loss: 0.0006 | Val MiFmax: 0.6255 | Val MaFmax: 0.5601 | Val Smin: 6.7544
Epoch 014 | Loss: 0.0005 | Val MiFmax: 0.6436 | Val MaFmax: 0.5930 | Val Smin: 6.4929
  --> New best model saved!
Epoch 015 | Loss: 0.0004 | Val MiFmax: 0.6482 | Val MaFmax: 0.5962 | Val Smin: 6.4231
  --> New best model saved!
Epoch 016 | Loss: 0.0004 | Val MiFmax: 0.6419 | Val MaFmax: 0.6216 | Val Smin: 6.5034
  --> New best model saved!
Epoch 017 | Loss: 0.0003 | Val MiFmax: 0.6529 | Val MaFmax: 0.6071 | Val Smin: 6.3509
Epoch 018 | Loss: 0.0003 | Val MiFmax: 0.6704 | Val MaFmax: 0.6341 | Val Smin: 6.0519
  --> New best model saved!
Epoch 019 | Loss: 0.0003 | Val MiFmax: 0.6744 | Val MaFmax: 0.6503 | Val Smin: 5.9939
  --> New best model saved!
Epoch 020 | Loss: 0.0002 | Val MiFmax: 0.6654 | Val MaFmax: 0.6302 | Val Smin: 6.2225
Epoch 021 | Loss: 0.0002 | Val MiFmax: 0.6564 | Val MaFmax: 0.6199 | Val Smin: 6.2177
Epoch 022 | Loss: 0.0002 | Val MiFmax: 0.6798 | Val MaFmax: 0.6337 | Val Smin: 5.9183
Epoch 023 | Loss: 0.0002 | Val MiFmax: 0.6590 | Val MaFmax: 0.6449 | Val Smin: 6.1460
Epoch 024 | Loss: 0.0002 | Val MiFmax: 0.6810 | Val MaFmax: 0.6511 | Val Smin: 5.8527
  --> New best model saved!
Epoch 025 | Loss: 0.0002 | Val MiFmax: 0.6730 | Val MaFmax: 0.6610 | Val Smin: 5.9717
  --> New best model saved!
Epoch 026 | Loss: 0.0001 | Val MiFmax: 0.6819 | Val MaFmax: 0.6494 | Val Smin: 5.8099
Epoch 027 | Loss: 0.0001 | Val MiFmax: 0.6450 | Val MaFmax: 0.6191 | Val Smin: 6.3568
Epoch 028 | Loss: 0.0001 | Val MiFmax: 0.6910 | Val MaFmax: 0.6525 | Val Smin: 5.7561
Epoch 029 | Loss: 0.0001 | Val MiFmax: 0.6833 | Val MaFmax: 0.6566 | Val Smin: 5.8069
Epoch 030 | Loss: 0.0001 | Val MiFmax: 0.6772 | Val MaFmax: 0.6672 | Val Smin: 5.9703
  --> New best model saved!
Epoch 031 | Loss: 0.0001 | Val MiFmax: 0.6915 | Val MaFmax: 0.6764 | Val Smin: 5.7069
  --> New best model saved!
Epoch 032 | Loss: 0.0001 | Val MiFmax: 0.6876 | Val MaFmax: 0.6698 | Val Smin: 5.7335
Epoch 033 | Loss: 0.0001 | Val MiFmax: 0.6942 | Val MaFmax: 0.6809 | Val Smin: 5.6263
  --> New best model saved!
Epoch 034 | Loss: 0.0001 | Val MiFmax: 0.6906 | Val MaFmax: 0.6756 | Val Smin: 5.7553
Epoch 035 | Loss: 0.0001 | Val MiFmax: 0.6944 | Val MaFmax: 0.6664 | Val Smin: 5.6844
Epoch 036 | Loss: 0.0001 | Val MiFmax: 0.6946 | Val MaFmax: 0.6803 | Val Smin: 5.6962
Epoch 037 | Loss: 0.0001 | Val MiFmax: 0.6796 | Val MaFmax: 0.6630 | Val Smin: 5.9152
Epoch 038 | Loss: 0.0001 | Val MiFmax: 0.6880 | Val MaFmax: 0.6581 | Val Smin: 5.8611
Epoch 039 | Loss: 0.0001 | Val MiFmax: 0.6974 | Val MaFmax: 0.6716 | Val Smin: 5.6434
Epoch 040 | Loss: 0.0001 | Val MiFmax: 0.7020 | Val MaFmax: 0.6860 | Val Smin: 5.5684
  --> New best model saved!
Epoch 041 | Loss: 0.0000 | Val MiFmax: 0.6939 | Val MaFmax: 0.6796 | Val Smin: 5.6776
Epoch 042 | Loss: 0.0000 | Val MiFmax: 0.6952 | Val MaFmax: 0.6742 | Val Smin: 5.6692
Epoch 043 | Loss: 0.0000 | Val MiFmax: 0.6934 | Val MaFmax: 0.6736 | Val Smin: 5.6706
Epoch 044 | Loss: 0.0000 | Val MiFmax: 0.6900 | Val MaFmax: 0.6759 | Val Smin: 5.7144
Epoch 045 | Loss: 0.0000 | Val MiFmax: 0.6994 | Val MaFmax: 0.6835 | Val Smin: 5.5565
Epoch 046 | Loss: 0.0000 | Val MiFmax: 0.6992 | Val MaFmax: 0.6713 | Val Smin: 5.6044
Epoch 047 | Loss: 0.0000 | Val MiFmax: 0.7028 | Val MaFmax: 0.6884 | Val Smin: 5.5357
  --> New best model saved!
Epoch 048 | Loss: 0.0000 | Val MiFmax: 0.7039 | Val MaFmax: 0.6898 | Val Smin: 5.5114
  --> New best model saved!
Epoch 049 | Loss: 0.0000 | Val MiFmax: 0.7032 | Val MaFmax: 0.6802 | Val Smin: 5.5400
Epoch 050 | Loss: 0.0000 | Val MiFmax: 0.7012 | Val MaFmax: 0.6827 | Val Smin: 5.5826
Epoch 051 | Loss: 0.0000 | Val MiFmax: 0.7019 | Val MaFmax: 0.6853 | Val Smin: 5.5508
Epoch 052 | Loss: 0.0000 | Val MiFmax: 0.7005 | Val MaFmax: 0.6821 | Val Smin: 5.6003
Epoch 053 | Loss: 0.0000 | Val MiFmax: 0.6976 | Val MaFmax: 0.6760 | Val Smin: 5.6366
Epoch 054 | Loss: 0.0000 | Val MiFmax: 0.6988 | Val MaFmax: 0.6801 | Val Smin: 5.6266
Epoch 055 | Loss: 0.0000 | Val MiFmax: 0.7021 | Val MaFmax: 0.6807 | Val Smin: 5.5704
Epoch 056 | Loss: 0.0000 | Val MiFmax: 0.6983 | Val MaFmax: 0.6826 | Val Smin: 5.6013
Epoch 057 | Loss: 0.0000 | Val MiFmax: 0.6984 | Val MaFmax: 0.6809 | Val Smin: 5.6040
Epoch 058 | Loss: 0.0000 | Val MiFmax: 0.6983 | Val MaFmax: 0.6861 | Val Smin: 5.5916
Epoch 059 | Loss: 0.0000 | Val MiFmax: 0.6996 | Val MaFmax: 0.6862 | Val Smin: 5.5915
Epoch 060 | Loss: 0.0000 | Val MiFmax: 0.6993 | Val MaFmax: 0.6856 | Val Smin: 5.5988
Epoch 061 | Loss: 0.0000 | Val MiFmax: 0.7002 | Val MaFmax: 0.6865 | Val Smin: 5.5847
Epoch 062 | Loss: 0.0000 | Val MiFmax: 0.7030 | Val MaFmax: 0.6840 | Val Smin: 5.5524
Epoch 063 | Loss: 0.0000 | Val MiFmax: 0.7025 | Val MaFmax: 0.6844 | Val Smin: 5.5574
Epoch 064 | Loss: 0.0000 | Val MiFmax: 0.6974 | Val MaFmax: 0.6826 | Val Smin: 5.6167
Epoch 065 | Loss: 0.0000 | Val MiFmax: 0.6984 | Val MaFmax: 0.6853 | Val Smin: 5.5990
Epoch 066 | Loss: 0.0000 | Val MiFmax: 0.7005 | Val MaFmax: 0.6857 | Val Smin: 5.6003
Epoch 067 | Loss: 0.0000 | Val MiFmax: 0.7024 | Val MaFmax: 0.6830 | Val Smin: 5.5546
Epoch 068 | Loss: 0.0000 | Val MiFmax: 0.7013 | Val MaFmax: 0.6833 | Val Smin: 5.5493
Early stopping triggered after 68 epochs.
Training finished. Evaluating on Test Set...

--- TEST METRICS ---
Micro_Fmax: 0.6081
Macro_Fmax: 0.6104
Macro_AUROC: 0.8936
Micro_AUROC: 0.8790
Macro_AUPRC: 0.5489
Micro_AUPRC: 0.6079
Smin: 8.9752
========================================================
  Training finished with exit code: 0
  End time  : Wed Jul  8 10:53:08 MDT 2026
========================================================
