========================================================
  Job ID      : 44539844  (array task 17)
  Node        : mgh3
  CPUs        : 8
  Start time  : Wed Jul  8 11:23:28 MDT 2026
  Project dir : /home/ganeshiny.sridharan/dgg/deep-green-GO
========================================================
  Model     : Hybrid_JK
  Ontology  : biological_process
  Seed      : 44
========================================================
  LR=0.001  Dropout=0.2  BatchSize=16
  Output dir : /home/ganeshiny.sridharan/dgg/deep-green-GO/runs_5seeds/bp/Hybrid_JK/44
========================================================
Using device: cuda
Loading datasets from preprocessing/data/split_files/datasets.pkl for biological_process...
Alpha weights not found. Using default FocalLoss (alpha=0.25, gamma=4.0).
Epoch 001 | Loss: 0.0055 | Val MiFmax: 0.3010 | Val MaFmax: 0.2348 | Val Smin: 61.1144
  --> New best model saved!
Epoch 002 | Loss: 0.0011 | Val MiFmax: 0.4383 | Val MaFmax: 0.4406 | Val Smin: 51.6936
  --> New best model saved!
Epoch 003 | Loss: 0.0007 | Val MiFmax: 0.5335 | Val MaFmax: 0.5170 | Val Smin: 43.1767
  --> New best model saved!
Epoch 004 | Loss: 0.0006 | Val MiFmax: 0.5761 | Val MaFmax: 0.5837 | Val Smin: 40.3140
  --> New best model saved!
Epoch 005 | Loss: 0.0004 | Val MiFmax: 0.5807 | Val MaFmax: 0.5953 | Val Smin: 40.0512
  --> New best model saved!
Epoch 006 | Loss: 0.0003 | Val MiFmax: 0.6150 | Val MaFmax: 0.6426 | Val Smin: 36.8452
  --> New best model saved!
Epoch 007 | Loss: 0.0003 | Val MiFmax: 0.6170 | Val MaFmax: 0.6476 | Val Smin: 36.7307
  --> New best model saved!
Epoch 008 | Loss: 0.0002 | Val MiFmax: 0.6511 | Val MaFmax: 0.6687 | Val Smin: 33.7335
  --> New best model saved!
Epoch 009 | Loss: 0.0002 | Val MiFmax: 0.6566 | Val MaFmax: 0.6807 | Val Smin: 33.1568
  --> New best model saved!
Epoch 010 | Loss: 0.0002 | Val MiFmax: 0.6580 | Val MaFmax: 0.6792 | Val Smin: 32.5480
Epoch 011 | Loss: 0.0002 | Val MiFmax: 0.6659 | Val MaFmax: 0.6887 | Val Smin: 32.6779
  --> New best model saved!
Epoch 012 | Loss: 0.0002 | Val MiFmax: 0.5997 | Val MaFmax: 0.6029 | Val Smin: 37.9660
Epoch 013 | Loss: 0.0002 | Val MiFmax: 0.6578 | Val MaFmax: 0.6843 | Val Smin: 33.6504
Epoch 014 | Loss: 0.0002 | Val MiFmax: 0.6903 | Val MaFmax: 0.6971 | Val Smin: 29.8560
  --> New best model saved!
Epoch 015 | Loss: 0.0001 | Val MiFmax: 0.6937 | Val MaFmax: 0.7123 | Val Smin: 29.6141
  --> New best model saved!
Epoch 016 | Loss: 0.0001 | Val MiFmax: 0.6980 | Val MaFmax: 0.7020 | Val Smin: 29.7397
Epoch 017 | Loss: 0.0001 | Val MiFmax: 0.6974 | Val MaFmax: 0.7043 | Val Smin: 29.4838
Epoch 018 | Loss: 0.0001 | Val MiFmax: 0.7101 | Val MaFmax: 0.7107 | Val Smin: 28.7233
Epoch 019 | Loss: 0.0001 | Val MiFmax: 0.7012 | Val MaFmax: 0.7039 | Val Smin: 29.1612
Epoch 020 | Loss: 0.0001 | Val MiFmax: 0.7052 | Val MaFmax: 0.7140 | Val Smin: 28.8153
  --> New best model saved!
Epoch 021 | Loss: 0.0001 | Val MiFmax: 0.7048 | Val MaFmax: 0.7021 | Val Smin: 29.1903
Epoch 022 | Loss: 0.0001 | Val MiFmax: 0.7074 | Val MaFmax: 0.7148 | Val Smin: 29.0458
  --> New best model saved!
Epoch 023 | Loss: 0.0001 | Val MiFmax: 0.7092 | Val MaFmax: 0.7078 | Val Smin: 28.5539
Epoch 024 | Loss: 0.0001 | Val MiFmax: 0.7049 | Val MaFmax: 0.7119 | Val Smin: 28.6075
Epoch 025 | Loss: 0.0001 | Val MiFmax: 0.6991 | Val MaFmax: 0.7052 | Val Smin: 29.3876
Epoch 026 | Loss: 0.0001 | Val MiFmax: 0.7129 | Val MaFmax: 0.7156 | Val Smin: 28.3766
  --> New best model saved!
Epoch 027 | Loss: 0.0001 | Val MiFmax: 0.6961 | Val MaFmax: 0.7068 | Val Smin: 29.8770
Epoch 028 | Loss: 0.0001 | Val MiFmax: 0.7060 | Val MaFmax: 0.7021 | Val Smin: 28.9186
Epoch 029 | Loss: 0.0001 | Val MiFmax: 0.7001 | Val MaFmax: 0.7066 | Val Smin: 29.1803
Epoch 030 | Loss: 0.0001 | Val MiFmax: 0.7048 | Val MaFmax: 0.7025 | Val Smin: 28.9369
Epoch 031 | Loss: 0.0001 | Val MiFmax: 0.7197 | Val MaFmax: 0.7138 | Val Smin: 28.1370
Epoch 032 | Loss: 0.0001 | Val MiFmax: 0.7205 | Val MaFmax: 0.7184 | Val Smin: 27.5891
  --> New best model saved!
Epoch 033 | Loss: 0.0001 | Val MiFmax: 0.7172 | Val MaFmax: 0.7124 | Val Smin: 28.0394
Epoch 034 | Loss: 0.0001 | Val MiFmax: 0.7148 | Val MaFmax: 0.7059 | Val Smin: 28.0795
Epoch 035 | Loss: 0.0001 | Val MiFmax: 0.7226 | Val MaFmax: 0.7173 | Val Smin: 27.7154
Epoch 036 | Loss: 0.0001 | Val MiFmax: 0.7134 | Val MaFmax: 0.7121 | Val Smin: 28.3924
Epoch 037 | Loss: 0.0001 | Val MiFmax: 0.7152 | Val MaFmax: 0.7075 | Val Smin: 28.1425
Epoch 038 | Loss: 0.0001 | Val MiFmax: 0.7203 | Val MaFmax: 0.7166 | Val Smin: 27.6495
Epoch 039 | Loss: 0.0000 | Val MiFmax: 0.7267 | Val MaFmax: 0.7209 | Val Smin: 27.3744
  --> New best model saved!
Epoch 040 | Loss: 0.0000 | Val MiFmax: 0.7316 | Val MaFmax: 0.7196 | Val Smin: 26.8475
Epoch 041 | Loss: 0.0000 | Val MiFmax: 0.7350 | Val MaFmax: 0.7244 | Val Smin: 26.6536
  --> New best model saved!
Epoch 042 | Loss: 0.0000 | Val MiFmax: 0.7325 | Val MaFmax: 0.7194 | Val Smin: 27.0843
Epoch 043 | Loss: 0.0000 | Val MiFmax: 0.7341 | Val MaFmax: 0.7211 | Val Smin: 26.9685
Epoch 044 | Loss: 0.0000 | Val MiFmax: 0.7277 | Val MaFmax: 0.7218 | Val Smin: 27.0255
Epoch 045 | Loss: 0.0000 | Val MiFmax: 0.7329 | Val MaFmax: 0.7213 | Val Smin: 26.9163
Epoch 046 | Loss: 0.0000 | Val MiFmax: 0.7294 | Val MaFmax: 0.7206 | Val Smin: 26.9223
Epoch 047 | Loss: 0.0000 | Val MiFmax: 0.7338 | Val MaFmax: 0.7239 | Val Smin: 26.7409
Epoch 048 | Loss: 0.0000 | Val MiFmax: 0.7344 | Val MaFmax: 0.7222 | Val Smin: 26.4047
Epoch 049 | Loss: 0.0000 | Val MiFmax: 0.7348 | Val MaFmax: 0.7233 | Val Smin: 26.5816
Epoch 050 | Loss: 0.0000 | Val MiFmax: 0.7336 | Val MaFmax: 0.7245 | Val Smin: 26.4448
  --> New best model saved!
Epoch 051 | Loss: 0.0000 | Val MiFmax: 0.7283 | Val MaFmax: 0.7212 | Val Smin: 26.8624
Epoch 052 | Loss: 0.0000 | Val MiFmax: 0.7317 | Val MaFmax: 0.7209 | Val Smin: 26.8753
Epoch 053 | Loss: 0.0000 | Val MiFmax: 0.7337 | Val MaFmax: 0.7239 | Val Smin: 26.7799
Epoch 054 | Loss: 0.0000 | Val MiFmax: 0.7316 | Val MaFmax: 0.7237 | Val Smin: 26.8105
Epoch 055 | Loss: 0.0000 | Val MiFmax: 0.7345 | Val MaFmax: 0.7269 | Val Smin: 26.4185
  --> New best model saved!
Epoch 056 | Loss: 0.0000 | Val MiFmax: 0.7372 | Val MaFmax: 0.7283 | Val Smin: 26.4018
  --> New best model saved!
Epoch 057 | Loss: 0.0000 | Val MiFmax: 0.7317 | Val MaFmax: 0.7220 | Val Smin: 26.7579
Epoch 058 | Loss: 0.0000 | Val MiFmax: 0.7358 | Val MaFmax: 0.7231 | Val Smin: 26.8748
Epoch 059 | Loss: 0.0000 | Val MiFmax: 0.7322 | Val MaFmax: 0.7240 | Val Smin: 26.8500
Epoch 060 | Loss: 0.0000 | Val MiFmax: 0.7341 | Val MaFmax: 0.7248 | Val Smin: 26.5960
Epoch 061 | Loss: 0.0000 | Val MiFmax: 0.7350 | Val MaFmax: 0.7256 | Val Smin: 26.6764
Epoch 062 | Loss: 0.0000 | Val MiFmax: 0.7361 | Val MaFmax: 0.7280 | Val Smin: 26.4152
Epoch 063 | Loss: 0.0000 | Val MiFmax: 0.7370 | Val MaFmax: 0.7265 | Val Smin: 26.3752
Epoch 064 | Loss: 0.0000 | Val MiFmax: 0.7374 | Val MaFmax: 0.7253 | Val Smin: 26.3799
Epoch 065 | Loss: 0.0000 | Val MiFmax: 0.7384 | Val MaFmax: 0.7249 | Val Smin: 26.2209
Epoch 066 | Loss: 0.0000 | Val MiFmax: 0.7385 | Val MaFmax: 0.7260 | Val Smin: 26.2371
Epoch 067 | Loss: 0.0000 | Val MiFmax: 0.7415 | Val MaFmax: 0.7282 | Val Smin: 26.2405
Epoch 068 | Loss: 0.0000 | Val MiFmax: 0.7390 | Val MaFmax: 0.7265 | Val Smin: 26.3315
Epoch 069 | Loss: 0.0000 | Val MiFmax: 0.7397 | Val MaFmax: 0.7280 | Val Smin: 26.2247
Epoch 070 | Loss: 0.0000 | Val MiFmax: 0.7390 | Val MaFmax: 0.7253 | Val Smin: 26.3510
Epoch 071 | Loss: 0.0000 | Val MiFmax: 0.7414 | Val MaFmax: 0.7263 | Val Smin: 26.0916
Epoch 072 | Loss: 0.0000 | Val MiFmax: 0.7393 | Val MaFmax: 0.7272 | Val Smin: 26.2713
Epoch 073 | Loss: 0.0000 | Val MiFmax: 0.7380 | Val MaFmax: 0.7270 | Val Smin: 26.2938
Epoch 074 | Loss: 0.0000 | Val MiFmax: 0.7398 | Val MaFmax: 0.7266 | Val Smin: 26.2734
Epoch 075 | Loss: 0.0000 | Val MiFmax: 0.7395 | Val MaFmax: 0.7266 | Val Smin: 26.2906
Epoch 076 | Loss: 0.0000 | Val MiFmax: 0.7400 | Val MaFmax: 0.7267 | Val Smin: 26.2675
Early stopping triggered after 76 epochs.
Training finished. Evaluating on Test Set...

--- TEST METRICS ---
Micro_Fmax: 0.6677
Macro_Fmax: 0.6609
Macro_AUROC: 0.8743
Micro_AUROC: 0.8815
Macro_AUPRC: 0.6152
Micro_AUPRC: 0.6398
Smin: 35.6231
========================================================
  Training finished with exit code: 0
  End time  : Wed Jul  8 12:45:05 MDT 2026
========================================================
