========================================================
  Job ID      : 44540595  (array task 19)
  Node        : mgh5
  CPUs        : 8
  Start time  : Wed Jul  8 12:30:38 MDT 2026
  Project dir : /home/ganeshiny.sridharan/dgg/deep-green-GO
========================================================
  Model     : Hybrid_JK
  Ontology  : biological_process
  Seed      : 46
========================================================
  LR=0.001  Dropout=0.2  BatchSize=16
  Output dir : /home/ganeshiny.sridharan/dgg/deep-green-GO/runs_5seeds/bp/Hybrid_JK/46
========================================================
Using device: cuda
Loading datasets from preprocessing/data/split_files/datasets.pkl for biological_process...
Alpha weights not found. Using default FocalLoss (alpha=0.25, gamma=4.0).
Epoch 001 | Loss: 0.0054 | Val MiFmax: 0.1525 | Val MaFmax: 0.0988 | Val Smin: 68.6712
  --> New best model saved!
Epoch 002 | Loss: 0.0016 | Val MiFmax: 0.2056 | Val MaFmax: 0.1604 | Val Smin: 67.0221
  --> New best model saved!
Epoch 003 | Loss: 0.0014 | Val MiFmax: 0.2918 | Val MaFmax: 0.2517 | Val Smin: 61.4541
  --> New best model saved!
Epoch 004 | Loss: 0.0010 | Val MiFmax: 0.4212 | Val MaFmax: 0.4449 | Val Smin: 52.8584
  --> New best model saved!
Epoch 005 | Loss: 0.0007 | Val MiFmax: 0.5231 | Val MaFmax: 0.5263 | Val Smin: 44.2581
  --> New best model saved!
Epoch 006 | Loss: 0.0005 | Val MiFmax: 0.5714 | Val MaFmax: 0.5941 | Val Smin: 40.5028
  --> New best model saved!
Epoch 007 | Loss: 0.0004 | Val MiFmax: 0.5956 | Val MaFmax: 0.6329 | Val Smin: 38.5202
  --> New best model saved!
Epoch 008 | Loss: 0.0003 | Val MiFmax: 0.6261 | Val MaFmax: 0.6389 | Val Smin: 36.1837
  --> New best model saved!
Epoch 009 | Loss: 0.0002 | Val MiFmax: 0.6263 | Val MaFmax: 0.6579 | Val Smin: 36.0010
  --> New best model saved!
Epoch 010 | Loss: 0.0002 | Val MiFmax: 0.6320 | Val MaFmax: 0.6757 | Val Smin: 35.6243
  --> New best model saved!
Epoch 011 | Loss: 0.0002 | Val MiFmax: 0.6629 | Val MaFmax: 0.6896 | Val Smin: 33.2611
  --> New best model saved!
Epoch 012 | Loss: 0.0001 | Val MiFmax: 0.6760 | Val MaFmax: 0.6932 | Val Smin: 32.0963
  --> New best model saved!
Epoch 013 | Loss: 0.0001 | Val MiFmax: 0.6724 | Val MaFmax: 0.6981 | Val Smin: 32.7629
  --> New best model saved!
Epoch 014 | Loss: 0.0001 | Val MiFmax: 0.6796 | Val MaFmax: 0.6940 | Val Smin: 31.6938
Epoch 015 | Loss: 0.0001 | Val MiFmax: 0.6825 | Val MaFmax: 0.6972 | Val Smin: 31.6816
Epoch 016 | Loss: 0.0001 | Val MiFmax: 0.6975 | Val MaFmax: 0.7025 | Val Smin: 30.5838
  --> New best model saved!
Epoch 017 | Loss: 0.0001 | Val MiFmax: 0.6879 | Val MaFmax: 0.7014 | Val Smin: 31.3914
Epoch 018 | Loss: 0.0001 | Val MiFmax: 0.6856 | Val MaFmax: 0.6968 | Val Smin: 31.6926
Epoch 019 | Loss: 0.0001 | Val MiFmax: 0.6864 | Val MaFmax: 0.7111 | Val Smin: 31.1546
  --> New best model saved!
Epoch 020 | Loss: 0.0001 | Val MiFmax: 0.6962 | Val MaFmax: 0.7124 | Val Smin: 30.2238
  --> New best model saved!
Epoch 021 | Loss: 0.0001 | Val MiFmax: 0.7037 | Val MaFmax: 0.7128 | Val Smin: 29.9728
  --> New best model saved!
Epoch 022 | Loss: 0.0001 | Val MiFmax: 0.7176 | Val MaFmax: 0.7258 | Val Smin: 28.4476
  --> New best model saved!
Epoch 023 | Loss: 0.0001 | Val MiFmax: 0.6578 | Val MaFmax: 0.6910 | Val Smin: 33.1378
Epoch 024 | Loss: 0.0002 | Val MiFmax: 0.6903 | Val MaFmax: 0.7130 | Val Smin: 30.4469
Epoch 025 | Loss: 0.0001 | Val MiFmax: 0.7139 | Val MaFmax: 0.7186 | Val Smin: 28.9975
Epoch 026 | Loss: 0.0001 | Val MiFmax: 0.7175 | Val MaFmax: 0.7155 | Val Smin: 28.9794
Epoch 027 | Loss: 0.0000 | Val MiFmax: 0.7084 | Val MaFmax: 0.7164 | Val Smin: 29.6174
Epoch 028 | Loss: 0.0000 | Val MiFmax: 0.7170 | Val MaFmax: 0.7133 | Val Smin: 28.8194
Epoch 029 | Loss: 0.0000 | Val MiFmax: 0.7206 | Val MaFmax: 0.7243 | Val Smin: 28.5290
Epoch 030 | Loss: 0.0000 | Val MiFmax: 0.7167 | Val MaFmax: 0.7244 | Val Smin: 28.5953
Epoch 031 | Loss: 0.0000 | Val MiFmax: 0.7175 | Val MaFmax: 0.7201 | Val Smin: 28.9639
Epoch 032 | Loss: 0.0000 | Val MiFmax: 0.7201 | Val MaFmax: 0.7248 | Val Smin: 28.6398
Epoch 033 | Loss: 0.0000 | Val MiFmax: 0.7247 | Val MaFmax: 0.7255 | Val Smin: 28.1724
Epoch 034 | Loss: 0.0000 | Val MiFmax: 0.7235 | Val MaFmax: 0.7231 | Val Smin: 28.3644
Epoch 035 | Loss: 0.0000 | Val MiFmax: 0.7254 | Val MaFmax: 0.7231 | Val Smin: 28.3166
Epoch 036 | Loss: 0.0000 | Val MiFmax: 0.7270 | Val MaFmax: 0.7242 | Val Smin: 28.3143
Epoch 037 | Loss: 0.0000 | Val MiFmax: 0.7249 | Val MaFmax: 0.7228 | Val Smin: 28.4705
Epoch 038 | Loss: 0.0000 | Val MiFmax: 0.7223 | Val MaFmax: 0.7223 | Val Smin: 28.4647
Epoch 039 | Loss: 0.0000 | Val MiFmax: 0.7238 | Val MaFmax: 0.7241 | Val Smin: 28.2355
Epoch 040 | Loss: 0.0000 | Val MiFmax: 0.7224 | Val MaFmax: 0.7277 | Val Smin: 28.5680
  --> New best model saved!
Epoch 041 | Loss: 0.0000 | Val MiFmax: 0.7281 | Val MaFmax: 0.7277 | Val Smin: 28.2232
  --> New best model saved!
Epoch 042 | Loss: 0.0000 | Val MiFmax: 0.7263 | Val MaFmax: 0.7287 | Val Smin: 28.1965
  --> New best model saved!
Epoch 043 | Loss: 0.0000 | Val MiFmax: 0.7230 | Val MaFmax: 0.7263 | Val Smin: 28.4457
Epoch 044 | Loss: 0.0000 | Val MiFmax: 0.7229 | Val MaFmax: 0.7240 | Val Smin: 28.5313
Epoch 045 | Loss: 0.0000 | Val MiFmax: 0.7265 | Val MaFmax: 0.7297 | Val Smin: 28.0816
  --> New best model saved!
Epoch 046 | Loss: 0.0000 | Val MiFmax: 0.7199 | Val MaFmax: 0.7262 | Val Smin: 28.7864
Epoch 047 | Loss: 0.0000 | Val MiFmax: 0.7231 | Val MaFmax: 0.7267 | Val Smin: 28.3540
Epoch 048 | Loss: 0.0000 | Val MiFmax: 0.7279 | Val MaFmax: 0.7282 | Val Smin: 28.2220
Epoch 049 | Loss: 0.0000 | Val MiFmax: 0.7248 | Val MaFmax: 0.7317 | Val Smin: 28.4935
  --> New best model saved!
Epoch 050 | Loss: 0.0000 | Val MiFmax: 0.7242 | Val MaFmax: 0.7272 | Val Smin: 28.4288
Epoch 051 | Loss: 0.0000 | Val MiFmax: 0.7259 | Val MaFmax: 0.7297 | Val Smin: 28.1120
Epoch 052 | Loss: 0.0000 | Val MiFmax: 0.7324 | Val MaFmax: 0.7316 | Val Smin: 27.7880
Epoch 053 | Loss: 0.0000 | Val MiFmax: 0.7338 | Val MaFmax: 0.7318 | Val Smin: 27.8527
  --> New best model saved!
Epoch 054 | Loss: 0.0000 | Val MiFmax: 0.7248 | Val MaFmax: 0.7324 | Val Smin: 28.3251
  --> New best model saved!
Epoch 055 | Loss: 0.0000 | Val MiFmax: 0.7292 | Val MaFmax: 0.7336 | Val Smin: 27.9295
  --> New best model saved!
Epoch 056 | Loss: 0.0000 | Val MiFmax: 0.7261 | Val MaFmax: 0.7304 | Val Smin: 28.2342
Epoch 057 | Loss: 0.0000 | Val MiFmax: 0.7273 | Val MaFmax: 0.7280 | Val Smin: 28.4636
Epoch 058 | Loss: 0.0000 | Val MiFmax: 0.7256 | Val MaFmax: 0.7286 | Val Smin: 28.2894
Epoch 059 | Loss: 0.0000 | Val MiFmax: 0.7275 | Val MaFmax: 0.7302 | Val Smin: 28.0888
Epoch 060 | Loss: 0.0000 | Val MiFmax: 0.7324 | Val MaFmax: 0.7283 | Val Smin: 27.7045
Epoch 061 | Loss: 0.0000 | Val MiFmax: 0.7249 | Val MaFmax: 0.7269 | Val Smin: 28.2280
Epoch 062 | Loss: 0.0000 | Val MiFmax: 0.7305 | Val MaFmax: 0.7294 | Val Smin: 27.7258
Epoch 063 | Loss: 0.0000 | Val MiFmax: 0.7335 | Val MaFmax: 0.7303 | Val Smin: 27.4130
Epoch 064 | Loss: 0.0000 | Val MiFmax: 0.7274 | Val MaFmax: 0.7300 | Val Smin: 27.9452
Epoch 065 | Loss: 0.0000 | Val MiFmax: 0.7322 | Val MaFmax: 0.7313 | Val Smin: 27.5354
Epoch 066 | Loss: 0.0000 | Val MiFmax: 0.7327 | Val MaFmax: 0.7299 | Val Smin: 27.5795
Epoch 067 | Loss: 0.0000 | Val MiFmax: 0.7301 | Val MaFmax: 0.7302 | Val Smin: 27.8583
Epoch 068 | Loss: 0.0000 | Val MiFmax: 0.7332 | Val MaFmax: 0.7309 | Val Smin: 27.6618
Epoch 069 | Loss: 0.0000 | Val MiFmax: 0.7304 | Val MaFmax: 0.7313 | Val Smin: 27.7296
Epoch 070 | Loss: 0.0000 | Val MiFmax: 0.7303 | Val MaFmax: 0.7320 | Val Smin: 27.5341
Epoch 071 | Loss: 0.0000 | Val MiFmax: 0.7316 | Val MaFmax: 0.7337 | Val Smin: 27.4843
  --> New best model saved!
Epoch 072 | Loss: 0.0000 | Val MiFmax: 0.7303 | Val MaFmax: 0.7317 | Val Smin: 27.9026
Epoch 073 | Loss: 0.0000 | Val MiFmax: 0.7311 | Val MaFmax: 0.7331 | Val Smin: 27.6475
Epoch 074 | Loss: 0.0000 | Val MiFmax: 0.7307 | Val MaFmax: 0.7325 | Val Smin: 27.5847
Epoch 075 | Loss: 0.0000 | Val MiFmax: 0.7345 | Val MaFmax: 0.7335 | Val Smin: 27.1978
Epoch 076 | Loss: 0.0000 | Val MiFmax: 0.7305 | Val MaFmax: 0.7327 | Val Smin: 27.6264
Epoch 077 | Loss: 0.0000 | Val MiFmax: 0.7303 | Val MaFmax: 0.7329 | Val Smin: 27.8288
Epoch 078 | Loss: 0.0000 | Val MiFmax: 0.7296 | Val MaFmax: 0.7327 | Val Smin: 27.8572
Epoch 079 | Loss: 0.0000 | Val MiFmax: 0.7303 | Val MaFmax: 0.7328 | Val Smin: 27.7819
Epoch 080 | Loss: 0.0000 | Val MiFmax: 0.7310 | Val MaFmax: 0.7324 | Val Smin: 27.7607
Epoch 081 | Loss: 0.0000 | Val MiFmax: 0.7308 | Val MaFmax: 0.7325 | Val Smin: 27.6670
Epoch 082 | Loss: 0.0000 | Val MiFmax: 0.7316 | Val MaFmax: 0.7327 | Val Smin: 27.7604
Epoch 083 | Loss: 0.0000 | Val MiFmax: 0.7317 | Val MaFmax: 0.7318 | Val Smin: 27.7394
Epoch 084 | Loss: 0.0000 | Val MiFmax: 0.7315 | Val MaFmax: 0.7334 | Val Smin: 27.7678
Epoch 085 | Loss: 0.0000 | Val MiFmax: 0.7321 | Val MaFmax: 0.7337 | Val Smin: 27.7345
Epoch 086 | Loss: 0.0000 | Val MiFmax: 0.7312 | Val MaFmax: 0.7328 | Val Smin: 27.7158
Epoch 087 | Loss: 0.0000 | Val MiFmax: 0.7308 | Val MaFmax: 0.7337 | Val Smin: 27.7591
Epoch 088 | Loss: 0.0000 | Val MiFmax: 0.7325 | Val MaFmax: 0.7335 | Val Smin: 27.6719
Epoch 089 | Loss: 0.0000 | Val MiFmax: 0.7311 | Val MaFmax: 0.7321 | Val Smin: 27.7742
Epoch 090 | Loss: 0.0000 | Val MiFmax: 0.7310 | Val MaFmax: 0.7327 | Val Smin: 27.7866
Epoch 091 | Loss: 0.0000 | Val MiFmax: 0.7304 | Val MaFmax: 0.7310 | Val Smin: 27.7927
Early stopping triggered after 91 epochs.
Training finished. Evaluating on Test Set...

--- TEST METRICS ---
Micro_Fmax: 0.6805
Macro_Fmax: 0.6768
Macro_AUROC: 0.8800
Micro_AUROC: 0.8742
Macro_AUPRC: 0.6300
Micro_AUPRC: 0.6424
Smin: 34.7555
========================================================
  Training finished with exit code: 0
  End time  : Wed Jul  8 14:34:46 MDT 2026
========================================================
