========================================================
  Job ID      : 44540163  (array task 18)
  Node        : mgh4
  CPUs        : 8
  Start time  : Wed Jul  8 11:47:47 MDT 2026
  Project dir : /home/ganeshiny.sridharan/dgg/deep-green-GO
========================================================
  Model     : Hybrid_JK
  Ontology  : biological_process
  Seed      : 45
========================================================
  LR=0.001  Dropout=0.2  BatchSize=16
  Output dir : /home/ganeshiny.sridharan/dgg/deep-green-GO/runs_5seeds/bp/Hybrid_JK/45
========================================================
Using device: cuda
Loading datasets from preprocessing/data/split_files/datasets.pkl for biological_process...
Alpha weights not found. Using default FocalLoss (alpha=0.25, gamma=4.0).
Epoch 001 | Loss: 0.0055 | Val MiFmax: 0.1593 | Val MaFmax: 0.0934 | Val Smin: 67.9288
  --> New best model saved!
Epoch 002 | Loss: 0.0017 | Val MiFmax: 0.1509 | Val MaFmax: 0.1200 | Val Smin: 68.2762
  --> New best model saved!
Epoch 003 | Loss: 0.0016 | Val MiFmax: 0.2691 | Val MaFmax: 0.2171 | Val Smin: 62.4115
  --> New best model saved!
Epoch 004 | Loss: 0.0012 | Val MiFmax: 0.3713 | Val MaFmax: 0.3610 | Val Smin: 57.3570
  --> New best model saved!
Epoch 005 | Loss: 0.0008 | Val MiFmax: 0.4508 | Val MaFmax: 0.4574 | Val Smin: 50.8821
  --> New best model saved!
Epoch 006 | Loss: 0.0006 | Val MiFmax: 0.5394 | Val MaFmax: 0.5225 | Val Smin: 43.2214
  --> New best model saved!
Epoch 007 | Loss: 0.0006 | Val MiFmax: 0.5621 | Val MaFmax: 0.5659 | Val Smin: 41.0174
  --> New best model saved!
Epoch 008 | Loss: 0.0004 | Val MiFmax: 0.5923 | Val MaFmax: 0.5960 | Val Smin: 38.9363
  --> New best model saved!
Epoch 009 | Loss: 0.0003 | Val MiFmax: 0.6100 | Val MaFmax: 0.6322 | Val Smin: 37.3697
  --> New best model saved!
Epoch 010 | Loss: 0.0003 | Val MiFmax: 0.6274 | Val MaFmax: 0.6548 | Val Smin: 36.1750
  --> New best model saved!
Epoch 011 | Loss: 0.0002 | Val MiFmax: 0.6266 | Val MaFmax: 0.6491 | Val Smin: 35.9009
Epoch 012 | Loss: 0.0002 | Val MiFmax: 0.6580 | Val MaFmax: 0.6822 | Val Smin: 33.7571
  --> New best model saved!
Epoch 013 | Loss: 0.0002 | Val MiFmax: 0.6577 | Val MaFmax: 0.6763 | Val Smin: 33.5452
Epoch 014 | Loss: 0.0002 | Val MiFmax: 0.6595 | Val MaFmax: 0.6886 | Val Smin: 33.3103
  --> New best model saved!
Epoch 015 | Loss: 0.0002 | Val MiFmax: 0.6609 | Val MaFmax: 0.6872 | Val Smin: 32.9817
Epoch 016 | Loss: 0.0002 | Val MiFmax: 0.6766 | Val MaFmax: 0.7020 | Val Smin: 32.4227
  --> New best model saved!
Epoch 017 | Loss: 0.0002 | Val MiFmax: 0.6755 | Val MaFmax: 0.7045 | Val Smin: 31.9289
  --> New best model saved!
Epoch 018 | Loss: 0.0001 | Val MiFmax: 0.6763 | Val MaFmax: 0.7017 | Val Smin: 31.9538
Epoch 019 | Loss: 0.0001 | Val MiFmax: 0.6722 | Val MaFmax: 0.6943 | Val Smin: 32.4936
Epoch 020 | Loss: 0.0001 | Val MiFmax: 0.6996 | Val MaFmax: 0.7115 | Val Smin: 29.8988
  --> New best model saved!
Epoch 021 | Loss: 0.0001 | Val MiFmax: 0.6957 | Val MaFmax: 0.7033 | Val Smin: 30.3967
Epoch 022 | Loss: 0.0001 | Val MiFmax: 0.6845 | Val MaFmax: 0.7120 | Val Smin: 31.5679
  --> New best model saved!
Epoch 023 | Loss: 0.0001 | Val MiFmax: 0.6862 | Val MaFmax: 0.7167 | Val Smin: 31.5446
  --> New best model saved!
Epoch 024 | Loss: 0.0001 | Val MiFmax: 0.6921 | Val MaFmax: 0.7076 | Val Smin: 30.9755
Epoch 025 | Loss: 0.0001 | Val MiFmax: 0.7049 | Val MaFmax: 0.7230 | Val Smin: 29.5811
  --> New best model saved!
Epoch 026 | Loss: 0.0001 | Val MiFmax: 0.6977 | Val MaFmax: 0.7094 | Val Smin: 30.2702
Epoch 027 | Loss: 0.0001 | Val MiFmax: 0.6740 | Val MaFmax: 0.6951 | Val Smin: 32.3971
Epoch 028 | Loss: 0.0002 | Val MiFmax: 0.6916 | Val MaFmax: 0.7109 | Val Smin: 30.9625
Epoch 029 | Loss: 0.0001 | Val MiFmax: 0.7073 | Val MaFmax: 0.7185 | Val Smin: 29.8914
Epoch 030 | Loss: 0.0001 | Val MiFmax: 0.7056 | Val MaFmax: 0.7232 | Val Smin: 29.2518
  --> New best model saved!
Epoch 031 | Loss: 0.0001 | Val MiFmax: 0.7154 | Val MaFmax: 0.7225 | Val Smin: 29.0532
Epoch 032 | Loss: 0.0001 | Val MiFmax: 0.7047 | Val MaFmax: 0.7222 | Val Smin: 30.0764
Epoch 033 | Loss: 0.0001 | Val MiFmax: 0.7138 | Val MaFmax: 0.7237 | Val Smin: 29.1668
  --> New best model saved!
Epoch 034 | Loss: 0.0001 | Val MiFmax: 0.7142 | Val MaFmax: 0.7243 | Val Smin: 29.2668
  --> New best model saved!
Epoch 035 | Loss: 0.0001 | Val MiFmax: 0.6945 | Val MaFmax: 0.7056 | Val Smin: 30.6419
Epoch 036 | Loss: 0.0001 | Val MiFmax: 0.7192 | Val MaFmax: 0.7218 | Val Smin: 28.7123
Epoch 037 | Loss: 0.0001 | Val MiFmax: 0.7084 | Val MaFmax: 0.7229 | Val Smin: 29.4905
Epoch 038 | Loss: 0.0000 | Val MiFmax: 0.7139 | Val MaFmax: 0.7226 | Val Smin: 29.2824
Epoch 039 | Loss: 0.0000 | Val MiFmax: 0.7120 | Val MaFmax: 0.7209 | Val Smin: 29.3123
Epoch 040 | Loss: 0.0001 | Val MiFmax: 0.7199 | Val MaFmax: 0.7232 | Val Smin: 28.4907
Epoch 041 | Loss: 0.0000 | Val MiFmax: 0.7258 | Val MaFmax: 0.7273 | Val Smin: 27.8934
  --> New best model saved!
Epoch 042 | Loss: 0.0000 | Val MiFmax: 0.7280 | Val MaFmax: 0.7273 | Val Smin: 27.9604
  --> New best model saved!
Epoch 043 | Loss: 0.0000 | Val MiFmax: 0.7267 | Val MaFmax: 0.7298 | Val Smin: 28.0690
  --> New best model saved!
Epoch 044 | Loss: 0.0000 | Val MiFmax: 0.7284 | Val MaFmax: 0.7281 | Val Smin: 27.8458
Epoch 045 | Loss: 0.0000 | Val MiFmax: 0.7286 | Val MaFmax: 0.7300 | Val Smin: 27.7545
  --> New best model saved!
Epoch 046 | Loss: 0.0000 | Val MiFmax: 0.7246 | Val MaFmax: 0.7273 | Val Smin: 28.0854
Epoch 047 | Loss: 0.0000 | Val MiFmax: 0.7257 | Val MaFmax: 0.7317 | Val Smin: 28.0493
  --> New best model saved!
Epoch 048 | Loss: 0.0000 | Val MiFmax: 0.7297 | Val MaFmax: 0.7304 | Val Smin: 27.7229
Epoch 049 | Loss: 0.0000 | Val MiFmax: 0.7254 | Val MaFmax: 0.7290 | Val Smin: 27.9184
Epoch 050 | Loss: 0.0000 | Val MiFmax: 0.7264 | Val MaFmax: 0.7256 | Val Smin: 27.5952
Epoch 051 | Loss: 0.0000 | Val MiFmax: 0.7218 | Val MaFmax: 0.7260 | Val Smin: 28.2203
Epoch 052 | Loss: 0.0000 | Val MiFmax: 0.7239 | Val MaFmax: 0.7238 | Val Smin: 28.2465
Epoch 053 | Loss: 0.0000 | Val MiFmax: 0.7306 | Val MaFmax: 0.7285 | Val Smin: 27.8225
Epoch 054 | Loss: 0.0000 | Val MiFmax: 0.7299 | Val MaFmax: 0.7282 | Val Smin: 27.9787
Epoch 055 | Loss: 0.0000 | Val MiFmax: 0.7289 | Val MaFmax: 0.7301 | Val Smin: 27.7071
Epoch 056 | Loss: 0.0000 | Val MiFmax: 0.7333 | Val MaFmax: 0.7294 | Val Smin: 27.4074
Epoch 057 | Loss: 0.0000 | Val MiFmax: 0.7320 | Val MaFmax: 0.7294 | Val Smin: 27.5559
Epoch 058 | Loss: 0.0000 | Val MiFmax: 0.7293 | Val MaFmax: 0.7294 | Val Smin: 27.6107
Epoch 059 | Loss: 0.0000 | Val MiFmax: 0.7288 | Val MaFmax: 0.7309 | Val Smin: 27.1112
Epoch 060 | Loss: 0.0000 | Val MiFmax: 0.7301 | Val MaFmax: 0.7295 | Val Smin: 27.1555
Epoch 061 | Loss: 0.0000 | Val MiFmax: 0.7291 | Val MaFmax: 0.7292 | Val Smin: 27.7014
Epoch 062 | Loss: 0.0000 | Val MiFmax: 0.7310 | Val MaFmax: 0.7304 | Val Smin: 27.2541
Epoch 063 | Loss: 0.0000 | Val MiFmax: 0.7332 | Val MaFmax: 0.7287 | Val Smin: 26.8953
Epoch 064 | Loss: 0.0000 | Val MiFmax: 0.7350 | Val MaFmax: 0.7290 | Val Smin: 27.2941
Epoch 065 | Loss: 0.0000 | Val MiFmax: 0.7310 | Val MaFmax: 0.7299 | Val Smin: 27.3323
Epoch 066 | Loss: 0.0000 | Val MiFmax: 0.7327 | Val MaFmax: 0.7290 | Val Smin: 27.4926
Epoch 067 | Loss: 0.0000 | Val MiFmax: 0.7317 | Val MaFmax: 0.7308 | Val Smin: 27.4674
Early stopping triggered after 67 epochs.
Training finished. Evaluating on Test Set...

--- TEST METRICS ---
Micro_Fmax: 0.6638
Macro_Fmax: 0.6525
Macro_AUROC: 0.8699
Micro_AUROC: 0.8743
Macro_AUPRC: 0.6066
Micro_AUPRC: 0.6297
Smin: 36.1705
========================================================
  Training finished with exit code: 0
  End time  : Wed Jul  8 12:58:41 MDT 2026
========================================================
