host=mc79 job=45154658 journal=bmc
python=/home/ganeshiny.sridharan/miniconda3/envs/deepgreengo/bin/python
matplotlib 3.10.9
=== [1/3] ablation + bin figures (main_text/ and supplementary/) ===
Target journal: bmc
Palette fingerprint: 56a06a743fcd9eb0
  colour audit [deuteranopia] worst pair: MLP vs Hybrid_JK d=0.264  <-- below floor
  colour audit [grayscale   ] worst pair: MLP vs Hybrid d=0.112  <-- below floor
  colour audit [protanopia  ] worst pair: GAT vs Hybrid d=0.332
  -> secondary channel required (marker shape and/or axis position); every figure in this set carries one.
molecular_function MLP/structure-only: mean Macro-AUPRC=0.5146, mean Macro-AUROC=0.5000; 90 of 218 positive-support terms have <=5 test examples.
biological_process MLP/structure-only: mean Macro-AUPRC=0.4873, mean Macro-AUROC=0.4993; 281 of 672 positive-support terms have <=5 test examples.
cellular_component MLP/structure-only: mean Macro-AUPRC=0.5417, mean Macro-AUROC=0.5000; 34 of 129 positive-support terms have <=5 test examples.
Interpretation: MLP structure-only zeroes node features, so its output is a per-term bias/constant score; Macro-AUROC near 0.5 is chance and Macro-AUPRC tracks prevalence, not evidence of structural function-prediction capability.
Coverage: all 45 cells have >= 5 seeds.
Main text: 3 figures -> /home/ganeshiny.sridharan/dgg/deep-green-GO/plots/figures/main_text
Supplementary: 35 figures -> /home/ganeshiny.sridharan/dgg/deep-green-GO/plots/figures/supplementary
Working renders kept in /home/ganeshiny.sridharan/dgg/deep-green-GO/plots/figures/_work
=== [2/3] hyperparameter tuning supplement ===
Palette fingerprint: 56a06a743fcd9eb0
  colour audit [deuteranopia] worst pair: MLP vs Hybrid_JK d=0.264  <-- below floor
  colour audit [grayscale   ] worst pair: MLP vs Hybrid d=0.112  <-- below floor
  colour audit [protanopia  ] worst pair: GAT vs Hybrid d=0.332
  -> secondary channel required (marker shape and/or axis position); every figure in this set carries one.
Selection metric for landscape/top-trial figures: validation_macro_fmax
Wrote plots to /home/ganeshiny.sridharan/dgg/deep-green-GO/plots/figures/supplementary_tuning
=== [3/3] baseline benchmark figures ===
Palette fingerprint: 56a06a743fcd9eb0
  colour audit [deuteranopia] worst pair: MLP vs Hybrid_JK d=0.264  <-- below floor
  colour audit [grayscale   ] worst pair: MLP vs Hybrid d=0.112  <-- below floor
  colour audit [protanopia  ] worst pair: GAT vs Hybrid d=0.332
  -> secondary channel required (marker shape and/or axis position); every figure in this set carries one.

INTEGRITY: methods excluded from scoring
  blast: stored predictions are empty for all ontologies, but blast_hits.tsv contains 7,108 alignments — stale artifact, re-run required
  blast_max: stored predictions are empty for all ontologies, but blast_hits.tsv contains 7,108 alignments — stale artifact, re-run required

CAFA Fmax by method (valid methods only):
ontology_short      bp      cc      mf
method                                
deepgreengo     0.2171  0.3461  0.3839
diamond         0.1296  0.0752  0.2192
diamond_max     0.1280  0.1442  0.2192
foldseek        0.1608  0.1552  0.3359
foldseek_max    0.1646  0.2468  0.3399
naive           0.1670  0.3690  0.2969

Wrote benchmark figures to /home/ganeshiny.sridharan/dgg/deep-green-GO/plots/figures/benchmark
=== done ===
vector figures written: 84
26M	plots/figures
