2026-07-25 01:20:22.531045: I tensorflow/core/util/port.cc:110] oneDNN custom operations are on. You may see slightly different numerical results due to floating-point round-off errors from different computation orders. To turn them off, set the environment variable `TF_ENABLE_ONEDNN_OPTS=0`.
2026-07-25 01:20:23.301384: I tensorflow/tsl/cuda/cudart_stub.cc:28] Could not find cuda drivers on your machine, GPU will not be used.
2026-07-25 01:20:26.965443: I tensorflow/tsl/cuda/cudart_stub.cc:28] Could not find cuda drivers on your machine, GPU will not be used.
2026-07-25 01:20:26.969961: I tensorflow/core/platform/cpu_feature_guard.cc:182] This TensorFlow binary is optimized to use available CPU instructions in performance-critical operations.
To enable the following instructions: AVX2 AVX512F AVX512_VNNI AVX512_BF16 AVX_VNNI AMX_TILE AMX_INT8 AMX_BF16 FMA, in other operations, rebuild TensorFlow with the appropriate compiler flags.
2026-07-25 01:20:46.011729: W tensorflow/compiler/tf2tensorrt/utils/py_utils.cc:38] TF-TRT Warning: Could not find TensorRT
Traceback (most recent call last):
  File "<string>", line 1, in <module>
  File "/home/ganeshiny.sridharan/miniconda3/envs/dgg_transfun/lib/python3.8/site-packages/esm/__init__.py", line 8, in <module>
    from .data import Alphabet, BatchConverter, FastaBatchedDataset  # noqa
  File "/home/ganeshiny.sridharan/miniconda3/envs/dgg_transfun/lib/python3.8/site-packages/esm/data.py", line 12, in <module>
    import torch
  File "/home/ganeshiny.sridharan/miniconda3/envs/dgg_transfun/lib/python3.8/site-packages/torch/__init__.py", line 197, in <module>
    from torch._C import *  # noqa: F403
ImportError: /home/ganeshiny.sridharan/miniconda3/envs/dgg_transfun/lib/python3.8/site-packages/torch/lib/libtorch_cpu.so: undefined symbol: iJIT_NotifyEvent
ERROR conda.cli.main_run:execute(148): `conda run python -c import biopandas, esm, torch, torch_geometric; print('TransFun environment ok')` failed. (See above for error)
[PREFLIGHT ERROR] Missing file: /home/ganeshiny.sridharan/dgg/deep-green-GO/SOTA/eggnog-mapper/emapper.py
[PREFLIGHT ERROR] Missing directory: /home/ganeshiny.sridharan/dgg/deep-green-GO/SOTA/eggnog-mapper/data

EnvironmentLocationNotFound: Not a conda environment: /home/ganeshiny.sridharan/miniconda3/envs/dgg_eggnog

2026-07-25 01:24:32.495807: W tensorflow/stream_executor/platform/default/dso_loader.cc:59] Could not load dynamic library 'libcudart.so.10.1'; dlerror: libcudart.so.10.1: cannot open shared object file: No such file or directory
2026-07-25 01:24:32.495846: I tensorflow/stream_executor/cuda/cudart_stub.cc:29] Ignore above cudart dlerror if you do not have a GPU set up on your machine.
[PREFLIGHT ERROR] Missing file: /home/ganeshiny.sridharan/dgg/deep-green-GO/SOTA/HayaiAnnotation/db/zen.dmnd

EnvironmentLocationNotFound: Not a conda environment: /home/ganeshiny.sridharan/miniconda3/envs/hayai_v3.2


EnvironmentLocationNotFound: Not a conda environment: /home/ganeshiny.sridharan/miniconda3/envs/hayai_v3.2

[PREFLIGHT ERROR] GOMAP has a manual Argot2.5 step upstream.
Set DGG_GOMAP_GAF to a completed GAF, or DGG_GOMAP_COMMAND to a site-specific command that writes /home/ganeshiny.sridharan/dgg/deep-green-GO/arc_benchmark/nominal_30_identity_80_coverage/raw/gomap_predictions.gaf
[PREFLIGHT FAILED] 8 dependency check(s) failed; no benchmark stages were started.
