GPU: NVIDIA L40S
CUDA tensor check: 8.0
Sun Jul 19 09:56:16 2026       
+-----------------------------------------------------------------------------------------+
| NVIDIA-SMI 560.35.03              Driver Version: 560.35.03      CUDA Version: 12.6     |
|-----------------------------------------+------------------------+----------------------+
| GPU  Name                 Persistence-M | Bus-Id          Disp.A | Volatile Uncorr. ECC |
| Fan  Temp   Perf          Pwr:Usage/Cap |           Memory-Usage | GPU-Util  Compute M. |
|                                         |                        |               MIG M. |
|=========================================+========================+======================|
|   0  NVIDIA L40S                    On  |   00000000:0D:00.0 Off |                    0 |
| N/A   56C    P0             47W /  350W |     503MiB /  46068MiB |      0%      Default |
|                                         |                        |                  N/A |
+-----------------------------------------+------------------------+----------------------+
                                                                                         
+-----------------------------------------------------------------------------------------+
| Processes:                                                                              |
|  GPU   GI   CI        PID   Type   Process name                              GPU Memory |
|        ID   ID                                                               Usage      |
|=========================================================================================|
|    0   N/A  N/A   1136349      C   python3                                       494MiB |
+-----------------------------------------------------------------------------------------+
CUDA verified: NVIDIA L40S; tensor dot product=8.0
GPU startup: NVIDIA L40S, 533, 46068, 0
Loaded train=6026, valid=754; reserved test set is not loaded
epoch=1 loss=0.893453 validation_macro_fmax=0.174080 valid_micro_fmax=0.132480
epoch=2 loss=0.551552 validation_macro_fmax=0.221125 valid_micro_fmax=0.183831
epoch=3 loss=0.281604 validation_macro_fmax=0.192557 valid_micro_fmax=0.228652
epoch=4 loss=0.169778 validation_macro_fmax=0.155918 valid_micro_fmax=0.194946
epoch=5 loss=0.110973 validation_macro_fmax=0.209948 valid_micro_fmax=0.237357
epoch=6 loss=0.074737 validation_macro_fmax=0.180485 valid_micro_fmax=0.248926
epoch=7 loss=0.049345 validation_macro_fmax=0.166959 valid_micro_fmax=0.259395
epoch=8 loss=0.047881 validation_macro_fmax=0.191657 valid_micro_fmax=0.232667
epoch=9 loss=0.043774 validation_macro_fmax=0.193541 valid_micro_fmax=0.230415
epoch=10 loss=0.037358 validation_macro_fmax=0.189167 valid_micro_fmax=0.242918
Early stopping after 10 epochs (patience=8)
GPU completion: NVIDIA L40S, 22685, 46068, 0
