GPU: NVIDIA L40S
CUDA tensor check: 8.0
Sun Jul 19 09:40:17 2026       
+-----------------------------------------------------------------------------------------+
| NVIDIA-SMI 560.35.03              Driver Version: 560.35.03      CUDA Version: 12.6     |
|-----------------------------------------+------------------------+----------------------+
| GPU  Name                 Persistence-M | Bus-Id          Disp.A | Volatile Uncorr. ECC |
| Fan  Temp   Perf          Pwr:Usage/Cap |           Memory-Usage | GPU-Util  Compute M. |
|                                         |                        |               MIG M. |
|=========================================+========================+======================|
|   0  NVIDIA L40S                    On  |   00000000:0D:00.0 Off |                    0 |
| N/A   46C    P0             40W /  350W |     503MiB /  46068MiB |      0%      Default |
|                                         |                        |                  N/A |
+-----------------------------------------+------------------------+----------------------+
                                                                                         
+-----------------------------------------------------------------------------------------+
| Processes:                                                                              |
|  GPU   GI   CI        PID   Type   Process name                              GPU Memory |
|        ID   ID                                                               Usage      |
|=========================================================================================|
|    0   N/A  N/A   1128254      C   python3                                       494MiB |
+-----------------------------------------------------------------------------------------+
CUDA verified: NVIDIA L40S; tensor dot product=8.0
GPU startup: NVIDIA L40S, 533, 46068, 0
Loaded train=6026, valid=754; reserved test set is not loaded
epoch=1 loss=0.433543 validation_macro_fmax=0.205418 valid_micro_fmax=0.094987
epoch=2 loss=0.186384 validation_macro_fmax=0.228090 valid_micro_fmax=0.175207
epoch=3 loss=0.084682 validation_macro_fmax=0.227257 valid_micro_fmax=0.199344
epoch=4 loss=0.047592 validation_macro_fmax=0.217131 valid_micro_fmax=0.150275
epoch=5 loss=0.033251 validation_macro_fmax=0.236406 valid_micro_fmax=0.192241
epoch=6 loss=0.023119 validation_macro_fmax=0.234801 valid_micro_fmax=0.187579
epoch=7 loss=0.016966 validation_macro_fmax=0.240672 valid_micro_fmax=0.169653
epoch=8 loss=0.015923 validation_macro_fmax=0.247420 valid_micro_fmax=0.177186
epoch=9 loss=0.013387 validation_macro_fmax=0.245369 valid_micro_fmax=0.185352
epoch=10 loss=0.010585 validation_macro_fmax=0.244594 valid_micro_fmax=0.201079
epoch=11 loss=0.008349 validation_macro_fmax=0.232561 valid_micro_fmax=0.198156
epoch=12 loss=0.011201 validation_macro_fmax=0.251659 valid_micro_fmax=0.203530
epoch=13 loss=0.006951 validation_macro_fmax=0.227103 valid_micro_fmax=0.215358
epoch=14 loss=0.006228 validation_macro_fmax=0.254927 valid_micro_fmax=0.230210
epoch=15 loss=0.013122 validation_macro_fmax=0.246752 valid_micro_fmax=0.178060
epoch=16 loss=0.012018 validation_macro_fmax=0.237365 valid_micro_fmax=0.208424
epoch=17 loss=0.007552 validation_macro_fmax=0.234121 valid_micro_fmax=0.201988
epoch=18 loss=0.004506 validation_macro_fmax=0.230972 valid_micro_fmax=0.224806
epoch=19 loss=0.003408 validation_macro_fmax=0.228640 valid_micro_fmax=0.220091
epoch=20 loss=0.003376 validation_macro_fmax=0.223416 valid_micro_fmax=0.216180
epoch=21 loss=0.006301 validation_macro_fmax=0.260873 valid_micro_fmax=0.183744
epoch=22 loss=0.009424 validation_macro_fmax=0.252350 valid_micro_fmax=0.216030
epoch=23 loss=0.004116 validation_macro_fmax=0.229217 valid_micro_fmax=0.207756
epoch=24 loss=0.003431 validation_macro_fmax=0.255913 valid_micro_fmax=0.223094
epoch=25 loss=0.006760 validation_macro_fmax=0.229393 valid_micro_fmax=0.210054
epoch=26 loss=0.003976 validation_macro_fmax=0.234066 valid_micro_fmax=0.231802
epoch=27 loss=0.003084 validation_macro_fmax=0.228676 valid_micro_fmax=0.208955
epoch=28 loss=0.012213 validation_macro_fmax=0.234114 valid_micro_fmax=0.193121
epoch=29 loss=0.005367 validation_macro_fmax=0.208989 valid_micro_fmax=0.196843
epoch=30 loss=0.003495 validation_macro_fmax=0.221370 valid_micro_fmax=0.220249
epoch=31 loss=0.003235 validation_macro_fmax=0.223401 valid_micro_fmax=0.236650
Early stopping after 31 epochs (patience=10)
GPU completion: NVIDIA L40S, 10223, 46068, 0
