GPU: NVIDIA L40S
CUDA tensor check: 8.0
Sun Jul 19 11:11:02 2026       
+-----------------------------------------------------------------------------------------+
| NVIDIA-SMI 560.35.03              Driver Version: 560.35.03      CUDA Version: 12.6     |
|-----------------------------------------+------------------------+----------------------+
| GPU  Name                 Persistence-M | Bus-Id          Disp.A | Volatile Uncorr. ECC |
| Fan  Temp   Perf          Pwr:Usage/Cap |           Memory-Usage | GPU-Util  Compute M. |
|                                         |                        |               MIG M. |
|=========================================+========================+======================|
|   0  NVIDIA L40S                    On  |   00000000:0D:00.0 Off |                    0 |
| N/A   52C    P0             44W /  350W |     503MiB /  46068MiB |      0%      Default |
|                                         |                        |                  N/A |
+-----------------------------------------+------------------------+----------------------+
                                                                                         
+-----------------------------------------------------------------------------------------+
| Processes:                                                                              |
|  GPU   GI   CI        PID   Type   Process name                              GPU Memory |
|        ID   ID                                                               Usage      |
|=========================================================================================|
|    0   N/A  N/A    728987      C   python3                                       494MiB |
+-----------------------------------------------------------------------------------------+
CUDA verified: NVIDIA L40S; tensor dot product=8.0
GPU startup: NVIDIA L40S, 533, 46068, 1
Loaded train=6026, valid=754; reserved test set is not loaded
epoch=1 loss=0.861998 validation_macro_fmax=0.268655 valid_micro_fmax=0.243029
epoch=2 loss=0.462959 validation_macro_fmax=0.289563 valid_micro_fmax=0.291532
epoch=3 loss=0.267092 validation_macro_fmax=0.306455 valid_micro_fmax=0.282254
epoch=4 loss=0.186735 validation_macro_fmax=0.281321 valid_micro_fmax=0.313193
epoch=5 loss=0.143962 validation_macro_fmax=0.343641 valid_micro_fmax=0.322994
epoch=6 loss=0.118862 validation_macro_fmax=0.322743 valid_micro_fmax=0.338818
epoch=7 loss=0.103868 validation_macro_fmax=0.306811 valid_micro_fmax=0.340282
epoch=8 loss=0.107896 validation_macro_fmax=0.312108 valid_micro_fmax=0.355414
epoch=9 loss=0.086990 validation_macro_fmax=0.330166 valid_micro_fmax=0.350546
epoch=10 loss=0.081382 validation_macro_fmax=0.310192 valid_micro_fmax=0.377015
epoch=11 loss=0.068787 validation_macro_fmax=0.338283 valid_micro_fmax=0.353300
epoch=12 loss=0.062717 validation_macro_fmax=0.327549 valid_micro_fmax=0.339658
epoch=13 loss=0.049697 validation_macro_fmax=0.341715 valid_micro_fmax=0.346557
epoch=14 loss=0.041849 validation_macro_fmax=0.321067 valid_micro_fmax=0.359881
epoch=15 loss=0.039909 validation_macro_fmax=0.317780 valid_micro_fmax=0.370767
Early stopping after 15 epochs (patience=10)
GPU completion: NVIDIA L40S, 44885, 46068, 0
