GPU: NVIDIA L40S
CUDA tensor check: 8.0
Wed Jul 15 20:00:05 2026       
+-----------------------------------------------------------------------------------------+
| NVIDIA-SMI 560.35.03              Driver Version: 560.35.03      CUDA Version: 12.6     |
|-----------------------------------------+------------------------+----------------------+
| GPU  Name                 Persistence-M | Bus-Id          Disp.A | Volatile Uncorr. ECC |
| Fan  Temp   Perf          Pwr:Usage/Cap |           Memory-Usage | GPU-Util  Compute M. |
|                                         |                        |               MIG M. |
|=========================================+========================+======================|
|   0  NVIDIA L40S                    On  |   00000000:0D:00.0 Off |                    0 |
| N/A   48C    P0             44W /  350W |     503MiB /  46068MiB |      5%      Default |
|                                         |                        |                  N/A |
+-----------------------------------------+------------------------+----------------------+
                                                                                         
+-----------------------------------------------------------------------------------------+
| Processes:                                                                              |
|  GPU   GI   CI        PID   Type   Process name                              GPU Memory |
|        ID   ID                                                               Usage      |
|=========================================================================================|
|    0   N/A  N/A   2451292      C   python3                                       494MiB |
+-----------------------------------------------------------------------------------------+
CUDA verified: NVIDIA L40S; tensor dot product=8.0
GPU startup: NVIDIA L40S, 533, 46068, 0
Loaded train=6026, valid=754; reserved test set is not loaded
epoch=1 loss=0.478790 valid_micro_fmax=0.077956
epoch=2 loss=0.232464 valid_micro_fmax=0.110599
epoch=3 loss=0.129682 valid_micro_fmax=0.147299
epoch=4 loss=0.088392 valid_micro_fmax=0.127466
epoch=5 loss=0.063708 valid_micro_fmax=0.177228
epoch=6 loss=0.051939 valid_micro_fmax=0.190218
epoch=7 loss=0.042748 valid_micro_fmax=0.196706
epoch=8 loss=0.035238 valid_micro_fmax=0.194482
epoch=9 loss=0.034471 valid_micro_fmax=0.181104
epoch=10 loss=0.026348 valid_micro_fmax=0.172938
epoch=11 loss=0.024021 valid_micro_fmax=0.217574
epoch=12 loss=0.021840 valid_micro_fmax=0.223785
epoch=13 loss=0.021821 valid_micro_fmax=0.239314
epoch=14 loss=0.017125 valid_micro_fmax=0.232777
epoch=15 loss=0.015686 valid_micro_fmax=0.232346
epoch=16 loss=0.015561 valid_micro_fmax=0.212781
epoch=17 loss=0.014348 valid_micro_fmax=0.251566
epoch=18 loss=0.013794 valid_micro_fmax=0.237427
epoch=19 loss=0.011660 valid_micro_fmax=0.252872
epoch=20 loss=0.014821 valid_micro_fmax=0.248934
epoch=21 loss=0.013485 valid_micro_fmax=0.238978
epoch=22 loss=0.014946 valid_micro_fmax=0.245237
epoch=23 loss=0.015239 valid_micro_fmax=0.209428
epoch=24 loss=0.017660 valid_micro_fmax=0.236440
epoch=25 loss=0.009209 valid_micro_fmax=0.232606
epoch=26 loss=0.010919 valid_micro_fmax=0.221033
epoch=27 loss=0.009979 valid_micro_fmax=0.266933
epoch=28 loss=0.010584 valid_micro_fmax=0.242920
epoch=29 loss=0.007761 valid_micro_fmax=0.258810
epoch=30 loss=0.005515 valid_micro_fmax=0.244232
epoch=31 loss=0.008969 valid_micro_fmax=0.171052
epoch=32 loss=0.010353 valid_micro_fmax=0.217791
epoch=33 loss=0.011215 valid_micro_fmax=0.216037
epoch=34 loss=0.005322 valid_micro_fmax=0.240566
epoch=35 loss=0.007947 valid_micro_fmax=0.234784
epoch=36 loss=0.006344 valid_micro_fmax=0.227803
epoch=37 loss=0.006706 valid_micro_fmax=0.258029
Early stopping after 37 epochs (patience=10)
GPU completion: NVIDIA L40S, 20281, 46068, 0
