GPU: NVIDIA L40S
CUDA tensor check: 8.0
Mon Jul 20 06:58:23 2026       
+-----------------------------------------------------------------------------------------+
| NVIDIA-SMI 560.35.03              Driver Version: 560.35.03      CUDA Version: 12.6     |
|-----------------------------------------+------------------------+----------------------+
| GPU  Name                 Persistence-M | Bus-Id          Disp.A | Volatile Uncorr. ECC |
| Fan  Temp   Perf          Pwr:Usage/Cap |           Memory-Usage | GPU-Util  Compute M. |
|                                         |                        |               MIG M. |
|=========================================+========================+======================|
|   0  NVIDIA L40S                    On  |   00000000:B5:00.0 Off |                    0 |
| N/A   50C    P0             43W /  350W |     503MiB /  46068MiB |      0%      Default |
|                                         |                        |                  N/A |
+-----------------------------------------+------------------------+----------------------+
                                                                                         
+-----------------------------------------------------------------------------------------+
| Processes:                                                                              |
|  GPU   GI   CI        PID   Type   Process name                              GPU Memory |
|        ID   ID                                                               Usage      |
|=========================================================================================|
|    0   N/A  N/A   1255142      C   python3                                       494MiB |
+-----------------------------------------------------------------------------------------+
CUDA verified: NVIDIA L40S; tensor dot product=8.0
GPU startup: NVIDIA L40S, 533, 46068, 5
Loaded train=6026, valid=754; reserved test set is not loaded
epoch=1 loss=0.385328 validation_macro_fmax=0.352957 valid_micro_fmax=0.369541
epoch=2 loss=0.169154 validation_macro_fmax=0.386444 valid_micro_fmax=0.337376
epoch=3 loss=0.105159 validation_macro_fmax=0.385907 valid_micro_fmax=0.401992
epoch=4 loss=0.071670 validation_macro_fmax=0.413958 valid_micro_fmax=0.492626
epoch=5 loss=0.051018 validation_macro_fmax=0.404278 valid_micro_fmax=0.485926
epoch=6 loss=0.044448 validation_macro_fmax=0.430677 valid_micro_fmax=0.501765
epoch=7 loss=0.038706 validation_macro_fmax=0.418400 valid_micro_fmax=0.489069
epoch=8 loss=0.040129 validation_macro_fmax=0.407841 valid_micro_fmax=0.468557
epoch=9 loss=0.032583 validation_macro_fmax=0.409374 valid_micro_fmax=0.507632
epoch=10 loss=0.025841 validation_macro_fmax=0.410386 valid_micro_fmax=0.523161
epoch=11 loss=0.021785 validation_macro_fmax=0.392604 valid_micro_fmax=0.524562
epoch=12 loss=0.020855 validation_macro_fmax=0.423454 valid_micro_fmax=0.475793
epoch=13 loss=0.040671 validation_macro_fmax=0.412172 valid_micro_fmax=0.400752
epoch=14 loss=0.042857 validation_macro_fmax=0.418626 valid_micro_fmax=0.500561
epoch=15 loss=0.023980 validation_macro_fmax=0.400050 valid_micro_fmax=0.467291
epoch=16 loss=0.014912 validation_macro_fmax=0.419392 valid_micro_fmax=0.470462
Early stopping after 16 epochs (patience=10)
GPU completion: NVIDIA L40S, 23789, 46068, 0
