GPU: NVIDIA L40S
CUDA tensor check: 8.0
Mon Jul 20 04:19:52 2026       
+-----------------------------------------------------------------------------------------+
| NVIDIA-SMI 560.35.03              Driver Version: 560.35.03      CUDA Version: 12.6     |
|-----------------------------------------+------------------------+----------------------+
| GPU  Name                 Persistence-M | Bus-Id          Disp.A | Volatile Uncorr. ECC |
| Fan  Temp   Perf          Pwr:Usage/Cap |           Memory-Usage | GPU-Util  Compute M. |
|                                         |                        |               MIG M. |
|=========================================+========================+======================|
|   0  NVIDIA L40S                    On  |   00000000:0D:00.0 Off |                    0 |
| N/A   41C    P0             39W /  350W |     503MiB /  46068MiB |      0%      Default |
|                                         |                        |                  N/A |
+-----------------------------------------+------------------------+----------------------+
                                                                                         
+-----------------------------------------------------------------------------------------+
| Processes:                                                                              |
|  GPU   GI   CI        PID   Type   Process name                              GPU Memory |
|        ID   ID                                                               Usage      |
|=========================================================================================|
|    0   N/A  N/A   1472494      C   python3                                       494MiB |
+-----------------------------------------------------------------------------------------+
CUDA verified: NVIDIA L40S; tensor dot product=8.0
GPU startup: NVIDIA L40S, 533, 46068, 3
Loaded train=6026, valid=754; reserved test set is not loaded
epoch=1 loss=0.861081 validation_macro_fmax=0.392983 valid_micro_fmax=0.310913
epoch=2 loss=0.519573 validation_macro_fmax=0.386399 valid_micro_fmax=0.411597
epoch=3 loss=0.240442 validation_macro_fmax=0.419497 valid_micro_fmax=0.460126
epoch=4 loss=0.116920 validation_macro_fmax=0.402976 valid_micro_fmax=0.490155
epoch=5 loss=0.071591 validation_macro_fmax=0.419659 valid_micro_fmax=0.476613
epoch=6 loss=0.056219 validation_macro_fmax=0.390337 valid_micro_fmax=0.424977
epoch=7 loss=0.032627 validation_macro_fmax=0.370105 valid_micro_fmax=0.473364
epoch=8 loss=0.027783 validation_macro_fmax=0.384399 valid_micro_fmax=0.430232
epoch=9 loss=0.024436 validation_macro_fmax=0.376533 valid_micro_fmax=0.489370
epoch=10 loss=0.019318 validation_macro_fmax=0.380864 valid_micro_fmax=0.466840
epoch=11 loss=0.014606 validation_macro_fmax=0.377101 valid_micro_fmax=0.472762
epoch=12 loss=0.010820 validation_macro_fmax=0.386858 valid_micro_fmax=0.473564
epoch=13 loss=0.010501 validation_macro_fmax=0.380982 valid_micro_fmax=0.485122
Early stopping after 13 epochs (patience=8)
GPU completion: NVIDIA L40S, 33181, 46068, 0
