GPU: NVIDIA L40S
CUDA tensor check: 8.0
Sun Jul 19 18:49:08 2026       
+-----------------------------------------------------------------------------------------+
| NVIDIA-SMI 560.35.03              Driver Version: 560.35.03      CUDA Version: 12.6     |
|-----------------------------------------+------------------------+----------------------+
| GPU  Name                 Persistence-M | Bus-Id          Disp.A | Volatile Uncorr. ECC |
| Fan  Temp   Perf          Pwr:Usage/Cap |           Memory-Usage | GPU-Util  Compute M. |
|                                         |                        |               MIG M. |
|=========================================+========================+======================|
|   0  NVIDIA L40S                    On  |   00000000:B5:00.0 Off |                    0 |
| N/A   52C    P0             44W /  350W |     503MiB /  46068MiB |      0%      Default |
|                                         |                        |                  N/A |
+-----------------------------------------+------------------------+----------------------+
                                                                                         
+-----------------------------------------------------------------------------------------+
| Processes:                                                                              |
|  GPU   GI   CI        PID   Type   Process name                              GPU Memory |
|        ID   ID                                                               Usage      |
|=========================================================================================|
|    0   N/A  N/A   1516154      C   python3                                       494MiB |
+-----------------------------------------------------------------------------------------+
CUDA verified: NVIDIA L40S; tensor dot product=8.0
GPU startup: NVIDIA L40S, 533, 46068, 0
Loaded train=6026, valid=754; reserved test set is not loaded
epoch=1 loss=0.317183 validation_macro_fmax=0.145380 valid_micro_fmax=0.024577
epoch=2 loss=0.243510 validation_macro_fmax=0.214575 valid_micro_fmax=0.046269
epoch=3 loss=0.210140 validation_macro_fmax=0.258367 valid_micro_fmax=0.073585
epoch=4 loss=0.176684 validation_macro_fmax=0.248435 valid_micro_fmax=0.089279
epoch=5 loss=0.139390 validation_macro_fmax=0.259777 valid_micro_fmax=0.108722
epoch=6 loss=0.106814 validation_macro_fmax=0.259979 valid_micro_fmax=0.118542
epoch=7 loss=0.081828 validation_macro_fmax=0.250513 valid_micro_fmax=0.140708
epoch=8 loss=0.062698 validation_macro_fmax=0.255535 valid_micro_fmax=0.167692
epoch=9 loss=0.050337 validation_macro_fmax=0.250197 valid_micro_fmax=0.164249
epoch=10 loss=0.040744 validation_macro_fmax=0.258259 valid_micro_fmax=0.164231
epoch=11 loss=0.033868 validation_macro_fmax=0.273493 valid_micro_fmax=0.185536
epoch=12 loss=0.030322 validation_macro_fmax=0.262013 valid_micro_fmax=0.175462
epoch=13 loss=0.028097 validation_macro_fmax=0.269356 valid_micro_fmax=0.193685
epoch=14 loss=0.024177 validation_macro_fmax=0.286476 valid_micro_fmax=0.190679
epoch=15 loss=0.021826 validation_macro_fmax=0.264997 valid_micro_fmax=0.182134
epoch=16 loss=0.019362 validation_macro_fmax=0.272006 valid_micro_fmax=0.188418
epoch=17 loss=0.017967 validation_macro_fmax=0.261059 valid_micro_fmax=0.188108
epoch=18 loss=0.015657 validation_macro_fmax=0.255544 valid_micro_fmax=0.190442
epoch=19 loss=0.014435 validation_macro_fmax=0.252398 valid_micro_fmax=0.176500
epoch=20 loss=0.013764 validation_macro_fmax=0.252644 valid_micro_fmax=0.183356
epoch=21 loss=0.012813 validation_macro_fmax=0.239703 valid_micro_fmax=0.180670
epoch=22 loss=0.012221 validation_macro_fmax=0.256646 valid_micro_fmax=0.204235
Early stopping after 22 epochs (patience=8)
GPU completion: NVIDIA L40S, 24507, 46068, 0
