GPU: NVIDIA L40S
CUDA tensor check: 8.0
Sun Jul 19 10:27:12 2026       
+-----------------------------------------------------------------------------------------+
| NVIDIA-SMI 560.35.03              Driver Version: 560.35.03      CUDA Version: 12.6     |
|-----------------------------------------+------------------------+----------------------+
| GPU  Name                 Persistence-M | Bus-Id          Disp.A | Volatile Uncorr. ECC |
| Fan  Temp   Perf          Pwr:Usage/Cap |           Memory-Usage | GPU-Util  Compute M. |
|                                         |                        |               MIG M. |
|=========================================+========================+======================|
|   0  NVIDIA L40S                    On  |   00000000:B5:00.0 Off |                    0 |
| N/A   48C    P0             45W /  350W |     503MiB /  46068MiB |      0%      Default |
|                                         |                        |                  N/A |
+-----------------------------------------+------------------------+----------------------+
                                                                                         
+-----------------------------------------------------------------------------------------+
| Processes:                                                                              |
|  GPU   GI   CI        PID   Type   Process name                              GPU Memory |
|        ID   ID                                                               Usage      |
|=========================================================================================|
|    0   N/A  N/A    701034      C   python3                                       494MiB |
+-----------------------------------------------------------------------------------------+
CUDA verified: NVIDIA L40S; tensor dot product=8.0
GPU startup: NVIDIA L40S, 533, 46068, 5
Loaded train=6026, valid=754; reserved test set is not loaded
epoch=1 loss=0.410900 validation_macro_fmax=0.084586 valid_micro_fmax=0.011988
epoch=2 loss=0.383644 validation_macro_fmax=0.086380 valid_micro_fmax=0.011931
epoch=3 loss=0.363535 validation_macro_fmax=0.085919 valid_micro_fmax=0.012238
epoch=4 loss=0.347517 validation_macro_fmax=0.087553 valid_micro_fmax=0.012318
epoch=5 loss=0.334175 validation_macro_fmax=0.086711 valid_micro_fmax=0.011918
epoch=6 loss=0.323100 validation_macro_fmax=0.085988 valid_micro_fmax=0.012177
epoch=7 loss=0.314904 validation_macro_fmax=0.087505 valid_micro_fmax=0.012519
epoch=8 loss=0.306057 validation_macro_fmax=0.089730 valid_micro_fmax=0.012952
epoch=9 loss=0.298394 validation_macro_fmax=0.089181 valid_micro_fmax=0.013000
epoch=10 loss=0.291840 validation_macro_fmax=0.090552 valid_micro_fmax=0.014791
epoch=11 loss=0.286351 validation_macro_fmax=0.092531 valid_micro_fmax=0.016174
epoch=12 loss=0.281406 validation_macro_fmax=0.095902 valid_micro_fmax=0.018025
epoch=13 loss=0.277015 validation_macro_fmax=0.095629 valid_micro_fmax=0.018686
epoch=14 loss=0.272298 validation_macro_fmax=0.096412 valid_micro_fmax=0.020426
epoch=15 loss=0.268223 validation_macro_fmax=0.099493 valid_micro_fmax=0.024228
epoch=16 loss=0.264650 validation_macro_fmax=0.099177 valid_micro_fmax=0.025217
epoch=17 loss=0.261048 validation_macro_fmax=0.104227 valid_micro_fmax=0.025216
epoch=18 loss=0.258138 validation_macro_fmax=0.104444 valid_micro_fmax=0.026923
epoch=19 loss=0.254611 validation_macro_fmax=0.108115 valid_micro_fmax=0.029636
epoch=20 loss=0.251484 validation_macro_fmax=0.112259 valid_micro_fmax=0.032843
epoch=21 loss=0.248205 validation_macro_fmax=0.112923 valid_micro_fmax=0.037339
epoch=22 loss=0.245955 validation_macro_fmax=0.114497 valid_micro_fmax=0.036371
epoch=23 loss=0.243093 validation_macro_fmax=0.117934 valid_micro_fmax=0.038454
epoch=24 loss=0.240865 validation_macro_fmax=0.121492 valid_micro_fmax=0.044334
epoch=25 loss=0.238810 validation_macro_fmax=0.122263 valid_micro_fmax=0.048171
epoch=26 loss=0.236225 validation_macro_fmax=0.123607 valid_micro_fmax=0.045659
epoch=27 loss=0.233901 validation_macro_fmax=0.128419 valid_micro_fmax=0.051244
epoch=28 loss=0.231637 validation_macro_fmax=0.128606 valid_micro_fmax=0.055021
epoch=29 loss=0.229824 validation_macro_fmax=0.128025 valid_micro_fmax=0.060238
epoch=30 loss=0.227572 validation_macro_fmax=0.133370 valid_micro_fmax=0.066627
epoch=31 loss=0.224915 validation_macro_fmax=0.136169 valid_micro_fmax=0.065526
epoch=32 loss=0.223041 validation_macro_fmax=0.136130 valid_micro_fmax=0.066578
epoch=33 loss=0.221134 validation_macro_fmax=0.138428 valid_micro_fmax=0.068391
epoch=34 loss=0.218903 validation_macro_fmax=0.140949 valid_micro_fmax=0.076081
epoch=35 loss=0.217001 validation_macro_fmax=0.145237 valid_micro_fmax=0.079440
epoch=36 loss=0.215622 validation_macro_fmax=0.144395 valid_micro_fmax=0.079252
epoch=37 loss=0.212894 validation_macro_fmax=0.147382 valid_micro_fmax=0.086180
epoch=38 loss=0.211631 validation_macro_fmax=0.151826 valid_micro_fmax=0.089670
epoch=39 loss=0.209098 validation_macro_fmax=0.154439 valid_micro_fmax=0.096327
epoch=40 loss=0.206970 validation_macro_fmax=0.155049 valid_micro_fmax=0.101886
epoch=41 loss=0.205470 validation_macro_fmax=0.148054 valid_micro_fmax=0.102528
epoch=42 loss=0.203794 validation_macro_fmax=0.152364 valid_micro_fmax=0.098109
epoch=43 loss=0.201088 validation_macro_fmax=0.156236 valid_micro_fmax=0.107935
epoch=44 loss=0.199185 validation_macro_fmax=0.155613 valid_micro_fmax=0.107309
epoch=45 loss=0.196962 validation_macro_fmax=0.158870 valid_micro_fmax=0.121255
epoch=46 loss=0.194772 validation_macro_fmax=0.157734 valid_micro_fmax=0.118087
epoch=47 loss=0.192801 validation_macro_fmax=0.160573 valid_micro_fmax=0.121190
epoch=48 loss=0.190752 validation_macro_fmax=0.158447 valid_micro_fmax=0.123804
epoch=49 loss=0.188407 validation_macro_fmax=0.159344 valid_micro_fmax=0.126720
epoch=50 loss=0.186508 validation_macro_fmax=0.162129 valid_micro_fmax=0.133812
epoch=51 loss=0.184394 validation_macro_fmax=0.163266 valid_micro_fmax=0.129392
epoch=52 loss=0.181780 validation_macro_fmax=0.165076 valid_micro_fmax=0.138237
epoch=53 loss=0.180223 validation_macro_fmax=0.163578 valid_micro_fmax=0.131468
epoch=54 loss=0.177458 validation_macro_fmax=0.168138 valid_micro_fmax=0.139850
epoch=55 loss=0.175263 validation_macro_fmax=0.170877 valid_micro_fmax=0.142428
epoch=56 loss=0.172542 validation_macro_fmax=0.170925 valid_micro_fmax=0.145093
epoch=57 loss=0.170909 validation_macro_fmax=0.167529 valid_micro_fmax=0.146698
epoch=58 loss=0.168367 validation_macro_fmax=0.166726 valid_micro_fmax=0.142392
epoch=59 loss=0.165516 validation_macro_fmax=0.167649 valid_micro_fmax=0.146394
epoch=60 loss=0.163021 validation_macro_fmax=0.166969 valid_micro_fmax=0.148682
epoch=61 loss=0.160151 validation_macro_fmax=0.168449 valid_micro_fmax=0.152476
epoch=62 loss=0.157928 validation_macro_fmax=0.172738 valid_micro_fmax=0.151137
epoch=63 loss=0.155610 validation_macro_fmax=0.170845 valid_micro_fmax=0.158499
epoch=64 loss=0.153743 validation_macro_fmax=0.172953 valid_micro_fmax=0.153495
epoch=65 loss=0.150822 validation_macro_fmax=0.177726 valid_micro_fmax=0.151207
epoch=66 loss=0.147858 validation_macro_fmax=0.179425 valid_micro_fmax=0.154876
epoch=67 loss=0.145782 validation_macro_fmax=0.174487 valid_micro_fmax=0.155047
epoch=68 loss=0.143247 validation_macro_fmax=0.174610 valid_micro_fmax=0.160052
epoch=69 loss=0.140176 validation_macro_fmax=0.172728 valid_micro_fmax=0.160193
epoch=70 loss=0.138173 validation_macro_fmax=0.185788 valid_micro_fmax=0.152057
epoch=71 loss=0.135444 validation_macro_fmax=0.174707 valid_micro_fmax=0.156586
epoch=72 loss=0.132733 validation_macro_fmax=0.181863 valid_micro_fmax=0.160215
epoch=73 loss=0.129760 validation_macro_fmax=0.177013 valid_micro_fmax=0.159594
epoch=74 loss=0.127179 validation_macro_fmax=0.175830 valid_micro_fmax=0.164164
epoch=75 loss=0.125010 validation_macro_fmax=0.172265 valid_micro_fmax=0.161583
epoch=76 loss=0.123010 validation_macro_fmax=0.180675 valid_micro_fmax=0.160123
epoch=77 loss=0.120142 validation_macro_fmax=0.182721 valid_micro_fmax=0.167167
epoch=78 loss=0.117313 validation_macro_fmax=0.182324 valid_micro_fmax=0.175773
epoch=79 loss=0.114869 validation_macro_fmax=0.177587 valid_micro_fmax=0.170747
Early stopping after 79 epochs (patience=9)
GPU completion: NVIDIA L40S, 20449, 46068, 0
