GPU: NVIDIA L40S
CUDA tensor check: 8.0
Wed Jul 15 17:28:04 2026       
+-----------------------------------------------------------------------------------------+
| NVIDIA-SMI 560.35.03              Driver Version: 560.35.03      CUDA Version: 12.6     |
|-----------------------------------------+------------------------+----------------------+
| GPU  Name                 Persistence-M | Bus-Id          Disp.A | Volatile Uncorr. ECC |
| Fan  Temp   Perf          Pwr:Usage/Cap |           Memory-Usage | GPU-Util  Compute M. |
|                                         |                        |               MIG M. |
|=========================================+========================+======================|
|   0  NVIDIA L40S                    On  |   00000000:0D:00.0 Off |                    0 |
| N/A   42C    P0             39W /  350W |     503MiB /  46068MiB |      0%      Default |
|                                         |                        |                  N/A |
+-----------------------------------------+------------------------+----------------------+
                                                                                         
+-----------------------------------------------------------------------------------------+
| Processes:                                                                              |
|  GPU   GI   CI        PID   Type   Process name                              GPU Memory |
|        ID   ID                                                               Usage      |
|=========================================================================================|
|    0   N/A  N/A   2407016      C   python3                                       494MiB |
+-----------------------------------------------------------------------------------------+
CUDA verified: NVIDIA L40S; tensor dot product=8.0
GPU startup: NVIDIA L40S, 533, 46068, 5
Loaded train=6026, valid=754; reserved test set is not loaded
epoch=1 loss=0.256163 valid_micro_fmax=0.023229
epoch=2 loss=0.236810 valid_micro_fmax=0.029379
epoch=3 loss=0.156502 valid_micro_fmax=0.033302
epoch=4 loss=0.130323 valid_micro_fmax=0.041684
epoch=5 loss=0.103460 valid_micro_fmax=0.049223
epoch=6 loss=0.096410 valid_micro_fmax=0.049452
epoch=7 loss=0.095564 valid_micro_fmax=0.046193
epoch=8 loss=0.073940 valid_micro_fmax=0.055644
epoch=9 loss=0.064473 valid_micro_fmax=0.062246
epoch=10 loss=0.050264 valid_micro_fmax=0.052623
epoch=11 loss=0.068823 valid_micro_fmax=0.059254
epoch=12 loss=0.063236 valid_micro_fmax=0.056225
epoch=13 loss=0.040017 valid_micro_fmax=0.083175
epoch=14 loss=0.042564 valid_micro_fmax=0.045420
epoch=15 loss=0.083374 valid_micro_fmax=0.054678
epoch=16 loss=0.049585 valid_micro_fmax=0.057903
epoch=17 loss=0.042933 valid_micro_fmax=0.075938
epoch=18 loss=0.033591 valid_micro_fmax=0.061652
epoch=19 loss=0.040522 valid_micro_fmax=0.086318
epoch=20 loss=0.035381 valid_micro_fmax=0.058115
epoch=21 loss=0.030356 valid_micro_fmax=0.090410
epoch=22 loss=0.025952 valid_micro_fmax=0.095561
epoch=23 loss=0.033131 valid_micro_fmax=0.079188
epoch=24 loss=0.038561 valid_micro_fmax=0.074072
epoch=25 loss=0.025753 valid_micro_fmax=0.116580
epoch=26 loss=0.027057 valid_micro_fmax=0.092426
epoch=27 loss=0.021523 valid_micro_fmax=0.136148
epoch=28 loss=0.020190 valid_micro_fmax=0.118643
epoch=29 loss=0.015695 valid_micro_fmax=0.139565
epoch=30 loss=0.031041 valid_micro_fmax=0.070412
epoch=31 loss=0.033600 valid_micro_fmax=0.107423
epoch=32 loss=0.032307 valid_micro_fmax=0.055931
epoch=33 loss=0.032639 valid_micro_fmax=0.084878
epoch=34 loss=0.029329 valid_micro_fmax=0.095868
epoch=35 loss=0.017232 valid_micro_fmax=0.104578
epoch=36 loss=0.015867 valid_micro_fmax=0.087710
epoch=37 loss=0.017344 valid_micro_fmax=0.122753
epoch=38 loss=0.025305 valid_micro_fmax=0.064763
Early stopping after 38 epochs (patience=9)
GPU completion: NVIDIA L40S, 42313, 46068, 0
