GPU: NVIDIA L40S
CUDA tensor check: 8.0
Thu Jul 16 21:47:53 2026       
+-----------------------------------------------------------------------------------------+
| NVIDIA-SMI 560.35.03              Driver Version: 560.35.03      CUDA Version: 12.6     |
|-----------------------------------------+------------------------+----------------------+
| GPU  Name                 Persistence-M | Bus-Id          Disp.A | Volatile Uncorr. ECC |
| Fan  Temp   Perf          Pwr:Usage/Cap |           Memory-Usage | GPU-Util  Compute M. |
|                                         |                        |               MIG M. |
|=========================================+========================+======================|
|   0  NVIDIA L40S                    On  |   00000000:0D:00.0 Off |                    0 |
| N/A   36C    P0             39W /  350W |     503MiB /  46068MiB |      5%      Default |
|                                         |                        |                  N/A |
+-----------------------------------------+------------------------+----------------------+
                                                                                         
+-----------------------------------------------------------------------------------------+
| Processes:                                                                              |
|  GPU   GI   CI        PID   Type   Process name                              GPU Memory |
|        ID   ID                                                               Usage      |
|=========================================================================================|
|    0   N/A  N/A   1755894      C   python3                                       494MiB |
+-----------------------------------------------------------------------------------------+
CUDA verified: NVIDIA L40S; tensor dot product=8.0
GPU startup: NVIDIA L40S, 533, 46068, 0
Loaded train=6026, valid=754; reserved test set is not loaded
epoch=1 loss=1.194414 validation_macro_fmax=0.140218 valid_micro_fmax=0.023593
epoch=2 loss=1.051842 validation_macro_fmax=0.161052 valid_micro_fmax=0.052874
epoch=3 loss=0.968910 validation_macro_fmax=0.189526 valid_micro_fmax=0.070701
epoch=4 loss=0.916104 validation_macro_fmax=0.205491 valid_micro_fmax=0.094446
epoch=5 loss=0.877918 validation_macro_fmax=0.216053 valid_micro_fmax=0.117977
epoch=6 loss=0.848249 validation_macro_fmax=0.224606 valid_micro_fmax=0.129255
epoch=7 loss=0.826790 validation_macro_fmax=0.240590 valid_micro_fmax=0.141596
epoch=8 loss=0.806877 validation_macro_fmax=0.239809 valid_micro_fmax=0.137687
epoch=9 loss=0.790465 validation_macro_fmax=0.247192 valid_micro_fmax=0.147199
epoch=10 loss=0.777232 validation_macro_fmax=0.262477 valid_micro_fmax=0.157390
epoch=11 loss=0.762528 validation_macro_fmax=0.254004 valid_micro_fmax=0.158048
epoch=12 loss=0.749790 validation_macro_fmax=0.280348 valid_micro_fmax=0.170003
epoch=13 loss=0.736204 validation_macro_fmax=0.274336 valid_micro_fmax=0.169468
epoch=14 loss=0.721675 validation_macro_fmax=0.279175 valid_micro_fmax=0.184056
epoch=15 loss=0.710222 validation_macro_fmax=0.283819 valid_micro_fmax=0.185472
epoch=16 loss=0.694400 validation_macro_fmax=0.290046 valid_micro_fmax=0.181098
epoch=17 loss=0.677521 validation_macro_fmax=0.293446 valid_micro_fmax=0.200556
epoch=18 loss=0.664389 validation_macro_fmax=0.291278 valid_micro_fmax=0.209270
epoch=19 loss=0.645704 validation_macro_fmax=0.300883 valid_micro_fmax=0.207853
epoch=20 loss=0.630558 validation_macro_fmax=0.290726 valid_micro_fmax=0.204198
epoch=21 loss=0.613377 validation_macro_fmax=0.310047 valid_micro_fmax=0.224488
epoch=22 loss=0.595682 validation_macro_fmax=0.290199 valid_micro_fmax=0.214831
epoch=23 loss=0.577844 validation_macro_fmax=0.306288 valid_micro_fmax=0.219387
epoch=24 loss=0.559695 validation_macro_fmax=0.296970 valid_micro_fmax=0.210147
epoch=25 loss=0.541016 validation_macro_fmax=0.302023 valid_micro_fmax=0.228109
epoch=26 loss=0.522703 validation_macro_fmax=0.302184 valid_micro_fmax=0.235467
epoch=27 loss=0.504291 validation_macro_fmax=0.302794 valid_micro_fmax=0.242180
epoch=28 loss=0.484525 validation_macro_fmax=0.304066 valid_micro_fmax=0.255396
epoch=29 loss=0.465636 validation_macro_fmax=0.296286 valid_micro_fmax=0.257812
epoch=30 loss=0.446760 validation_macro_fmax=0.303397 valid_micro_fmax=0.260726
epoch=31 loss=0.429141 validation_macro_fmax=0.296712 valid_micro_fmax=0.245889
Early stopping after 31 epochs (patience=10)
GPU completion: NVIDIA L40S, 40825, 46068, 0
