GPU: NVIDIA L40S
CUDA tensor check: 8.0
Mon Jul 20 06:24:53 2026       
+-----------------------------------------------------------------------------------------+
| NVIDIA-SMI 560.35.03              Driver Version: 560.35.03      CUDA Version: 12.6     |
|-----------------------------------------+------------------------+----------------------+
| GPU  Name                 Persistence-M | Bus-Id          Disp.A | Volatile Uncorr. ECC |
| Fan  Temp   Perf          Pwr:Usage/Cap |           Memory-Usage | GPU-Util  Compute M. |
|                                         |                        |               MIG M. |
|=========================================+========================+======================|
|   0  NVIDIA L40S                    On  |   00000000:B5:00.0 Off |                    0 |
| N/A   56C    P0             44W /  350W |     503MiB /  46068MiB |      0%      Default |
|                                         |                        |                  N/A |
+-----------------------------------------+------------------------+----------------------+
                                                                                         
+-----------------------------------------------------------------------------------------+
| Processes:                                                                              |
|  GPU   GI   CI        PID   Type   Process name                              GPU Memory |
|        ID   ID                                                               Usage      |
|=========================================================================================|
|    0   N/A  N/A   1797368      C   python3                                       494MiB |
+-----------------------------------------------------------------------------------------+
CUDA verified: NVIDIA L40S; tensor dot product=8.0
GPU startup: NVIDIA L40S, 533, 46068, 0
Loaded train=6026, valid=754; reserved test set is not loaded
epoch=1 loss=0.474477 validation_macro_fmax=0.242207 valid_micro_fmax=0.054280
epoch=2 loss=0.243838 validation_macro_fmax=0.255035 valid_micro_fmax=0.085798
epoch=3 loss=0.138246 validation_macro_fmax=0.287511 valid_micro_fmax=0.121216
epoch=4 loss=0.085119 validation_macro_fmax=0.278722 valid_micro_fmax=0.105813
epoch=5 loss=0.064782 validation_macro_fmax=0.307853 valid_micro_fmax=0.128817
epoch=6 loss=0.048957 validation_macro_fmax=0.289588 valid_micro_fmax=0.141998
epoch=7 loss=0.038224 validation_macro_fmax=0.298312 valid_micro_fmax=0.169485
epoch=8 loss=0.038794 validation_macro_fmax=0.298634 valid_micro_fmax=0.168058
epoch=9 loss=0.030559 validation_macro_fmax=0.308835 valid_micro_fmax=0.174263
epoch=10 loss=0.027737 validation_macro_fmax=0.304189 valid_micro_fmax=0.171659
epoch=11 loss=0.024926 validation_macro_fmax=0.296051 valid_micro_fmax=0.179996
epoch=12 loss=0.026848 validation_macro_fmax=0.300796 valid_micro_fmax=0.204089
epoch=13 loss=0.025951 validation_macro_fmax=0.342248 valid_micro_fmax=0.205169
epoch=14 loss=0.017235 validation_macro_fmax=0.321498 valid_micro_fmax=0.204349
epoch=15 loss=0.023310 validation_macro_fmax=0.326936 valid_micro_fmax=0.204800
epoch=16 loss=0.016523 validation_macro_fmax=0.328776 valid_micro_fmax=0.223384
epoch=17 loss=0.021375 validation_macro_fmax=0.340095 valid_micro_fmax=0.215109
epoch=18 loss=0.012943 validation_macro_fmax=0.309065 valid_micro_fmax=0.173672
epoch=19 loss=0.012609 validation_macro_fmax=0.324736 valid_micro_fmax=0.208592
epoch=20 loss=0.009908 validation_macro_fmax=0.321836 valid_micro_fmax=0.187991
epoch=21 loss=0.009658 validation_macro_fmax=0.324577 valid_micro_fmax=0.201405
epoch=22 loss=0.012484 validation_macro_fmax=0.332030 valid_micro_fmax=0.217802
epoch=23 loss=0.013358 validation_macro_fmax=0.347638 valid_micro_fmax=0.248864
epoch=24 loss=0.012947 validation_macro_fmax=0.325624 valid_micro_fmax=0.225180
epoch=25 loss=0.008988 validation_macro_fmax=0.338362 valid_micro_fmax=0.254912
epoch=26 loss=0.011445 validation_macro_fmax=0.327758 valid_micro_fmax=0.221081
epoch=27 loss=0.008889 validation_macro_fmax=0.333594 valid_micro_fmax=0.257133
epoch=28 loss=0.007646 validation_macro_fmax=0.324763 valid_micro_fmax=0.247093
epoch=29 loss=0.009033 validation_macro_fmax=0.321224 valid_micro_fmax=0.203207
epoch=30 loss=0.011582 validation_macro_fmax=0.328591 valid_micro_fmax=0.229042
epoch=31 loss=0.007745 validation_macro_fmax=0.315235 valid_micro_fmax=0.233144
epoch=32 loss=0.008529 validation_macro_fmax=0.334415 valid_micro_fmax=0.234271
epoch=33 loss=0.009246 validation_macro_fmax=0.316947 valid_micro_fmax=0.200828
Early stopping after 33 epochs (patience=10)
GPU completion: NVIDIA L40S, 13619, 46068, 0
