GPU: NVIDIA L40S
CUDA tensor check: 8.0
Mon Jul 20 00:18:19 2026       
+-----------------------------------------------------------------------------------------+
| NVIDIA-SMI 560.35.03              Driver Version: 560.35.03      CUDA Version: 12.6     |
|-----------------------------------------+------------------------+----------------------+
| GPU  Name                 Persistence-M | Bus-Id          Disp.A | Volatile Uncorr. ECC |
| Fan  Temp   Perf          Pwr:Usage/Cap |           Memory-Usage | GPU-Util  Compute M. |
|                                         |                        |               MIG M. |
|=========================================+========================+======================|
|   0  NVIDIA L40S                    On  |   00000000:B5:00.0 Off |                    0 |
| N/A   46C    P0             44W /  350W |     503MiB /  46068MiB |      0%      Default |
|                                         |                        |                  N/A |
+-----------------------------------------+------------------------+----------------------+
                                                                                         
+-----------------------------------------------------------------------------------------+
| Processes:                                                                              |
|  GPU   GI   CI        PID   Type   Process name                              GPU Memory |
|        ID   ID                                                               Usage      |
|=========================================================================================|
|    0   N/A  N/A   1093914      C   python3                                       494MiB |
+-----------------------------------------------------------------------------------------+
CUDA verified: NVIDIA L40S; tensor dot product=8.0
GPU startup: NVIDIA L40S, 533, 46068, 1
Loaded train=6026, valid=754; reserved test set is not loaded
epoch=1 loss=0.552111 validation_macro_fmax=0.300754 valid_micro_fmax=0.208885
epoch=2 loss=0.446114 validation_macro_fmax=0.317512 valid_micro_fmax=0.313896
epoch=3 loss=0.414364 validation_macro_fmax=0.311567 valid_micro_fmax=0.343622
epoch=4 loss=0.394011 validation_macro_fmax=0.321833 valid_micro_fmax=0.368780
epoch=5 loss=0.374037 validation_macro_fmax=0.321888 valid_micro_fmax=0.370613
epoch=6 loss=0.353261 validation_macro_fmax=0.327819 valid_micro_fmax=0.400135
epoch=7 loss=0.330624 validation_macro_fmax=0.322011 valid_micro_fmax=0.426222
epoch=8 loss=0.302835 validation_macro_fmax=0.315696 valid_micro_fmax=0.456834
epoch=9 loss=0.270492 validation_macro_fmax=0.304041 valid_micro_fmax=0.474684
epoch=10 loss=0.237000 validation_macro_fmax=0.299168 valid_micro_fmax=0.489522
epoch=11 loss=0.202029 validation_macro_fmax=0.299054 valid_micro_fmax=0.474809
epoch=12 loss=0.171056 validation_macro_fmax=0.308134 valid_micro_fmax=0.477907
epoch=13 loss=0.141978 validation_macro_fmax=0.311730 valid_micro_fmax=0.492684
epoch=14 loss=0.119064 validation_macro_fmax=0.318406 valid_micro_fmax=0.476753
epoch=15 loss=0.098421 validation_macro_fmax=0.305161 valid_micro_fmax=0.490514
Early stopping after 15 epochs (patience=9)
GPU completion: NVIDIA L40S, 34773, 46068, 0
