GPU: NVIDIA L40S
CUDA tensor check: 8.0
Mon Jul 20 06:03:56 2026       
+-----------------------------------------------------------------------------------------+
| NVIDIA-SMI 560.35.03              Driver Version: 560.35.03      CUDA Version: 12.6     |
|-----------------------------------------+------------------------+----------------------+
| GPU  Name                 Persistence-M | Bus-Id          Disp.A | Volatile Uncorr. ECC |
| Fan  Temp   Perf          Pwr:Usage/Cap |           Memory-Usage | GPU-Util  Compute M. |
|                                         |                        |               MIG M. |
|=========================================+========================+======================|
|   0  NVIDIA L40S                    On  |   00000000:B5:00.0 Off |                    0 |
| N/A   52C    P0             44W /  350W |     503MiB /  46068MiB |      5%      Default |
|                                         |                        |                  N/A |
+-----------------------------------------+------------------------+----------------------+
                                                                                         
+-----------------------------------------------------------------------------------------+
| Processes:                                                                              |
|  GPU   GI   CI        PID   Type   Process name                              GPU Memory |
|        ID   ID                                                               Usage      |
|=========================================================================================|
|    0   N/A  N/A   1789011      C   python3                                       494MiB |
+-----------------------------------------------------------------------------------------+
CUDA verified: NVIDIA L40S; tensor dot product=8.0
GPU startup: NVIDIA L40S, 533, 46068, 0
Loaded train=6026, valid=754; reserved test set is not loaded
epoch=1 loss=0.329198 validation_macro_fmax=0.231489 valid_micro_fmax=0.097719
epoch=2 loss=0.262441 validation_macro_fmax=0.288935 valid_micro_fmax=0.171480
epoch=3 loss=0.241595 validation_macro_fmax=0.314720 valid_micro_fmax=0.207094
epoch=4 loss=0.226541 validation_macro_fmax=0.347511 valid_micro_fmax=0.245789
epoch=5 loss=0.211276 validation_macro_fmax=0.350505 valid_micro_fmax=0.246033
epoch=6 loss=0.193309 validation_macro_fmax=0.352243 valid_micro_fmax=0.251850
epoch=7 loss=0.170071 validation_macro_fmax=0.369113 valid_micro_fmax=0.259219
epoch=8 loss=0.142311 validation_macro_fmax=0.375043 valid_micro_fmax=0.278158
epoch=9 loss=0.114026 validation_macro_fmax=0.376124 valid_micro_fmax=0.286839
epoch=10 loss=0.087360 validation_macro_fmax=0.389390 valid_micro_fmax=0.303088
epoch=11 loss=0.065198 validation_macro_fmax=0.385499 valid_micro_fmax=0.319345
epoch=12 loss=0.049120 validation_macro_fmax=0.402745 valid_micro_fmax=0.328783
epoch=13 loss=0.037394 validation_macro_fmax=0.403651 valid_micro_fmax=0.333478
epoch=14 loss=0.029093 validation_macro_fmax=0.410051 valid_micro_fmax=0.397287
epoch=15 loss=0.022790 validation_macro_fmax=0.421056 valid_micro_fmax=0.367420
epoch=16 loss=0.018299 validation_macro_fmax=0.426472 valid_micro_fmax=0.392662
epoch=17 loss=0.015360 validation_macro_fmax=0.420650 valid_micro_fmax=0.404724
epoch=18 loss=0.012595 validation_macro_fmax=0.420130 valid_micro_fmax=0.397733
epoch=19 loss=0.010524 validation_macro_fmax=0.421251 valid_micro_fmax=0.388569
epoch=20 loss=0.008814 validation_macro_fmax=0.433781 valid_micro_fmax=0.437982
epoch=21 loss=0.008254 validation_macro_fmax=0.425117 valid_micro_fmax=0.438498
epoch=22 loss=0.006787 validation_macro_fmax=0.432759 valid_micro_fmax=0.439708
epoch=23 loss=0.006158 validation_macro_fmax=0.441692 valid_micro_fmax=0.425334
epoch=24 loss=0.005669 validation_macro_fmax=0.431158 valid_micro_fmax=0.442517
epoch=25 loss=0.005149 validation_macro_fmax=0.412758 valid_micro_fmax=0.445802
epoch=26 loss=0.004363 validation_macro_fmax=0.434336 valid_micro_fmax=0.456818
epoch=27 loss=0.003774 validation_macro_fmax=0.422177 valid_micro_fmax=0.446851
epoch=28 loss=0.003436 validation_macro_fmax=0.438775 valid_micro_fmax=0.467568
epoch=29 loss=0.003107 validation_macro_fmax=0.450712 valid_micro_fmax=0.444360
epoch=30 loss=0.002977 validation_macro_fmax=0.436449 valid_micro_fmax=0.450551
epoch=31 loss=0.002651 validation_macro_fmax=0.437765 valid_micro_fmax=0.464939
epoch=32 loss=0.002575 validation_macro_fmax=0.449404 valid_micro_fmax=0.456524
epoch=33 loss=0.002663 validation_macro_fmax=0.441745 valid_micro_fmax=0.462743
epoch=34 loss=0.002430 validation_macro_fmax=0.445214 valid_micro_fmax=0.482279
epoch=35 loss=0.002117 validation_macro_fmax=0.447722 valid_micro_fmax=0.458284
epoch=36 loss=0.001888 validation_macro_fmax=0.449288 valid_micro_fmax=0.456299
epoch=37 loss=0.001830 validation_macro_fmax=0.435195 valid_micro_fmax=0.446423
epoch=38 loss=0.001828 validation_macro_fmax=0.444068 valid_micro_fmax=0.469152
epoch=39 loss=0.001694 validation_macro_fmax=0.443886 valid_micro_fmax=0.502235
Early stopping after 39 epochs (patience=10)
GPU completion: NVIDIA L40S, 24635, 46068, 0
