GPU: NVIDIA L40S
CUDA tensor check: 8.0
Mon Jul 20 04:25:54 2026       
+-----------------------------------------------------------------------------------------+
| NVIDIA-SMI 560.35.03              Driver Version: 560.35.03      CUDA Version: 12.6     |
|-----------------------------------------+------------------------+----------------------+
| GPU  Name                 Persistence-M | Bus-Id          Disp.A | Volatile Uncorr. ECC |
| Fan  Temp   Perf          Pwr:Usage/Cap |           Memory-Usage | GPU-Util  Compute M. |
|                                         |                        |               MIG M. |
|=========================================+========================+======================|
|   0  NVIDIA L40S                    On  |   00000000:B5:00.0 Off |                    0 |
| N/A   43C    P0             40W /  350W |     503MiB /  46068MiB |      0%      Default |
|                                         |                        |                  N/A |
+-----------------------------------------+------------------------+----------------------+
                                                                                         
+-----------------------------------------------------------------------------------------+
| Processes:                                                                              |
|  GPU   GI   CI        PID   Type   Process name                              GPU Memory |
|        ID   ID                                                               Usage      |
|=========================================================================================|
|    0   N/A  N/A   1539180      C   python3                                       494MiB |
+-----------------------------------------------------------------------------------------+
CUDA verified: NVIDIA L40S; tensor dot product=8.0
GPU startup: NVIDIA L40S, 533, 46068, 5
Loaded train=6026, valid=754; reserved test set is not loaded
epoch=1 loss=1.194902 validation_macro_fmax=0.327014 valid_micro_fmax=0.100663
epoch=2 loss=1.056673 validation_macro_fmax=0.336978 valid_micro_fmax=0.115448
epoch=3 loss=0.979589 validation_macro_fmax=0.340944 valid_micro_fmax=0.138772
epoch=4 loss=0.928102 validation_macro_fmax=0.346753 valid_micro_fmax=0.160382
epoch=5 loss=0.890359 validation_macro_fmax=0.351479 valid_micro_fmax=0.204078
epoch=6 loss=0.858610 validation_macro_fmax=0.359725 valid_micro_fmax=0.225891
epoch=7 loss=0.834083 validation_macro_fmax=0.365521 valid_micro_fmax=0.238840
epoch=8 loss=0.814721 validation_macro_fmax=0.369398 valid_micro_fmax=0.273893
epoch=9 loss=0.794686 validation_macro_fmax=0.378629 valid_micro_fmax=0.285584
epoch=10 loss=0.778999 validation_macro_fmax=0.376532 valid_micro_fmax=0.280665
epoch=11 loss=0.765587 validation_macro_fmax=0.385553 valid_micro_fmax=0.307805
epoch=12 loss=0.752601 validation_macro_fmax=0.386002 valid_micro_fmax=0.320333
epoch=13 loss=0.741211 validation_macro_fmax=0.383912 valid_micro_fmax=0.329911
epoch=14 loss=0.730704 validation_macro_fmax=0.383867 valid_micro_fmax=0.347440
epoch=15 loss=0.720215 validation_macro_fmax=0.389721 valid_micro_fmax=0.329307
epoch=16 loss=0.711548 validation_macro_fmax=0.389654 valid_micro_fmax=0.364043
epoch=17 loss=0.700320 validation_macro_fmax=0.390754 valid_micro_fmax=0.366625
epoch=18 loss=0.691299 validation_macro_fmax=0.394958 valid_micro_fmax=0.361942
epoch=19 loss=0.683762 validation_macro_fmax=0.393493 valid_micro_fmax=0.364319
epoch=20 loss=0.674803 validation_macro_fmax=0.394199 valid_micro_fmax=0.365043
epoch=21 loss=0.665926 validation_macro_fmax=0.399168 valid_micro_fmax=0.370274
epoch=22 loss=0.656493 validation_macro_fmax=0.388178 valid_micro_fmax=0.379784
epoch=23 loss=0.647392 validation_macro_fmax=0.398804 valid_micro_fmax=0.392171
epoch=24 loss=0.638504 validation_macro_fmax=0.394443 valid_micro_fmax=0.364506
epoch=25 loss=0.628989 validation_macro_fmax=0.391908 valid_micro_fmax=0.387845
epoch=26 loss=0.619833 validation_macro_fmax=0.398246 valid_micro_fmax=0.383768
epoch=27 loss=0.610184 validation_macro_fmax=0.395101 valid_micro_fmax=0.386912
epoch=28 loss=0.600376 validation_macro_fmax=0.400406 valid_micro_fmax=0.400159
epoch=29 loss=0.588603 validation_macro_fmax=0.398206 valid_micro_fmax=0.389099
epoch=30 loss=0.579082 validation_macro_fmax=0.393655 valid_micro_fmax=0.386874
epoch=31 loss=0.569652 validation_macro_fmax=0.392498 valid_micro_fmax=0.398979
epoch=32 loss=0.558077 validation_macro_fmax=0.403516 valid_micro_fmax=0.382428
epoch=33 loss=0.547954 validation_macro_fmax=0.400527 valid_micro_fmax=0.399571
epoch=34 loss=0.535618 validation_macro_fmax=0.394270 valid_micro_fmax=0.405316
epoch=35 loss=0.524550 validation_macro_fmax=0.398672 valid_micro_fmax=0.373766
epoch=36 loss=0.513082 validation_macro_fmax=0.396402 valid_micro_fmax=0.404938
epoch=37 loss=0.501601 validation_macro_fmax=0.400385 valid_micro_fmax=0.404386
epoch=38 loss=0.488851 validation_macro_fmax=0.399536 valid_micro_fmax=0.412866
epoch=39 loss=0.478310 validation_macro_fmax=0.403553 valid_micro_fmax=0.379318
epoch=40 loss=0.465816 validation_macro_fmax=0.395629 valid_micro_fmax=0.402963
epoch=41 loss=0.453742 validation_macro_fmax=0.406264 valid_micro_fmax=0.409862
epoch=42 loss=0.441500 validation_macro_fmax=0.405914 valid_micro_fmax=0.402351
epoch=43 loss=0.429835 validation_macro_fmax=0.400696 valid_micro_fmax=0.399526
epoch=44 loss=0.415708 validation_macro_fmax=0.402757 valid_micro_fmax=0.403991
epoch=45 loss=0.404130 validation_macro_fmax=0.400591 valid_micro_fmax=0.394617
epoch=46 loss=0.392871 validation_macro_fmax=0.407215 valid_micro_fmax=0.411746
epoch=47 loss=0.379142 validation_macro_fmax=0.397654 valid_micro_fmax=0.403842
epoch=48 loss=0.366827 validation_macro_fmax=0.404909 valid_micro_fmax=0.391486
epoch=49 loss=0.355903 validation_macro_fmax=0.403407 valid_micro_fmax=0.393271
epoch=50 loss=0.343776 validation_macro_fmax=0.399213 valid_micro_fmax=0.420170
epoch=51 loss=0.330857 validation_macro_fmax=0.405815 valid_micro_fmax=0.421319
epoch=52 loss=0.318842 validation_macro_fmax=0.402332 valid_micro_fmax=0.409512
epoch=53 loss=0.306617 validation_macro_fmax=0.394739 valid_micro_fmax=0.438270
epoch=54 loss=0.297248 validation_macro_fmax=0.397146 valid_micro_fmax=0.404896
Early stopping after 54 epochs (patience=8)
GPU completion: NVIDIA L40S, 33179, 46068, 0
