GPU: NVIDIA L40S
CUDA tensor check: 8.0
Sun Jul 19 06:51:41 2026       
+-----------------------------------------------------------------------------------------+
| NVIDIA-SMI 560.35.03              Driver Version: 560.35.03      CUDA Version: 12.6     |
|-----------------------------------------+------------------------+----------------------+
| GPU  Name                 Persistence-M | Bus-Id          Disp.A | Volatile Uncorr. ECC |
| Fan  Temp   Perf          Pwr:Usage/Cap |           Memory-Usage | GPU-Util  Compute M. |
|                                         |                        |               MIG M. |
|=========================================+========================+======================|
|   0  NVIDIA L40S                    On  |   00000000:0D:00.0 Off |                    0 |
| N/A   46C    P0             41W /  350W |     503MiB /  46068MiB |      1%      Default |
|                                         |                        |                  N/A |
+-----------------------------------------+------------------------+----------------------+
                                                                                         
+-----------------------------------------------------------------------------------------+
| Processes:                                                                              |
|  GPU   GI   CI        PID   Type   Process name                              GPU Memory |
|        ID   ID                                                               Usage      |
|=========================================================================================|
|    0   N/A  N/A   1060163      C   python3                                       494MiB |
+-----------------------------------------------------------------------------------------+
CUDA verified: NVIDIA L40S; tensor dot product=8.0
GPU startup: NVIDIA L40S, 533, 46068, 0
Loaded train=6026, valid=754; reserved test set is not loaded
epoch=1 loss=0.537674 validation_macro_fmax=0.141261 valid_micro_fmax=0.025386
epoch=2 loss=0.435034 validation_macro_fmax=0.173156 valid_micro_fmax=0.058942
epoch=3 loss=0.408888 validation_macro_fmax=0.193206 valid_micro_fmax=0.092756
epoch=4 loss=0.392379 validation_macro_fmax=0.198888 valid_micro_fmax=0.110784
epoch=5 loss=0.378389 validation_macro_fmax=0.209407 valid_micro_fmax=0.131462
epoch=6 loss=0.362979 validation_macro_fmax=0.207407 valid_micro_fmax=0.146180
epoch=7 loss=0.344612 validation_macro_fmax=0.218811 valid_micro_fmax=0.154847
epoch=8 loss=0.319843 validation_macro_fmax=0.216498 valid_micro_fmax=0.167194
epoch=9 loss=0.290075 validation_macro_fmax=0.225700 valid_micro_fmax=0.177304
epoch=10 loss=0.254958 validation_macro_fmax=0.224279 valid_micro_fmax=0.197241
epoch=11 loss=0.217576 validation_macro_fmax=0.227838 valid_micro_fmax=0.173642
epoch=12 loss=0.182494 validation_macro_fmax=0.234002 valid_micro_fmax=0.204153
epoch=13 loss=0.148970 validation_macro_fmax=0.236714 valid_micro_fmax=0.197272
epoch=14 loss=0.120811 validation_macro_fmax=0.235519 valid_micro_fmax=0.207642
epoch=15 loss=0.096900 validation_macro_fmax=0.242234 valid_micro_fmax=0.236959
epoch=16 loss=0.078122 validation_macro_fmax=0.245902 valid_micro_fmax=0.227844
epoch=17 loss=0.062992 validation_macro_fmax=0.237759 valid_micro_fmax=0.235716
epoch=18 loss=0.051476 validation_macro_fmax=0.250743 valid_micro_fmax=0.237452
epoch=19 loss=0.042193 validation_macro_fmax=0.249251 valid_micro_fmax=0.256297
epoch=20 loss=0.035029 validation_macro_fmax=0.252639 valid_micro_fmax=0.268728
epoch=21 loss=0.029352 validation_macro_fmax=0.252234 valid_micro_fmax=0.259723
epoch=22 loss=0.024576 validation_macro_fmax=0.250184 valid_micro_fmax=0.260588
epoch=23 loss=0.021051 validation_macro_fmax=0.254336 valid_micro_fmax=0.260818
epoch=24 loss=0.018179 validation_macro_fmax=0.245281 valid_micro_fmax=0.261721
epoch=25 loss=0.015717 validation_macro_fmax=0.251089 valid_micro_fmax=0.255618
epoch=26 loss=0.013813 validation_macro_fmax=0.252381 valid_micro_fmax=0.265270
epoch=27 loss=0.012769 validation_macro_fmax=0.241566 valid_micro_fmax=0.273195
epoch=28 loss=0.010768 validation_macro_fmax=0.247446 valid_micro_fmax=0.273550
epoch=29 loss=0.009397 validation_macro_fmax=0.250896 valid_micro_fmax=0.269104
epoch=30 loss=0.008286 validation_macro_fmax=0.250099 valid_micro_fmax=0.267159
epoch=31 loss=0.007407 validation_macro_fmax=0.246981 valid_micro_fmax=0.273684
epoch=32 loss=0.006512 validation_macro_fmax=0.242582 valid_micro_fmax=0.271581
epoch=33 loss=0.005959 validation_macro_fmax=0.244592 valid_micro_fmax=0.274148
Early stopping after 33 epochs (patience=10)
GPU completion: NVIDIA L40S, 39265, 46068, 0
