GPU: NVIDIA L40S
CUDA tensor check: 8.0
Thu Jul 16 21:58:11 2026       
+-----------------------------------------------------------------------------------------+
| NVIDIA-SMI 560.35.03              Driver Version: 560.35.03      CUDA Version: 12.6     |
|-----------------------------------------+------------------------+----------------------+
| GPU  Name                 Persistence-M | Bus-Id          Disp.A | Volatile Uncorr. ECC |
| Fan  Temp   Perf          Pwr:Usage/Cap |           Memory-Usage | GPU-Util  Compute M. |
|                                         |                        |               MIG M. |
|=========================================+========================+======================|
|   0  NVIDIA L40S                    On  |   00000000:B5:00.0 Off |                    0 |
| N/A   44C    P0             41W /  350W |     503MiB /  46068MiB |      0%      Default |
|                                         |                        |                  N/A |
+-----------------------------------------+------------------------+----------------------+
                                                                                         
+-----------------------------------------------------------------------------------------+
| Processes:                                                                              |
|  GPU   GI   CI        PID   Type   Process name                              GPU Memory |
|        ID   ID                                                               Usage      |
|=========================================================================================|
|    0   N/A  N/A   2816153      C   python3                                       494MiB |
+-----------------------------------------------------------------------------------------+
CUDA verified: NVIDIA L40S; tensor dot product=8.0
GPU startup: NVIDIA L40S, 533, 46068, 5
Loaded train=6026, valid=754; reserved test set is not loaded
epoch=1 loss=1.202733 validation_macro_fmax=0.117428 valid_micro_fmax=0.016004
epoch=2 loss=1.100015 validation_macro_fmax=0.134036 valid_micro_fmax=0.023031
epoch=3 loss=1.028797 validation_macro_fmax=0.149354 valid_micro_fmax=0.031115
epoch=4 loss=0.978205 validation_macro_fmax=0.156989 valid_micro_fmax=0.042690
epoch=5 loss=0.938782 validation_macro_fmax=0.173839 valid_micro_fmax=0.051663
epoch=6 loss=0.907921 validation_macro_fmax=0.180558 valid_micro_fmax=0.061642
epoch=7 loss=0.882467 validation_macro_fmax=0.194312 valid_micro_fmax=0.076901
epoch=8 loss=0.861528 validation_macro_fmax=0.201714 valid_micro_fmax=0.081803
epoch=9 loss=0.843202 validation_macro_fmax=0.201631 valid_micro_fmax=0.088645
epoch=10 loss=0.828771 validation_macro_fmax=0.211602 valid_micro_fmax=0.102412
epoch=11 loss=0.814883 validation_macro_fmax=0.213621 valid_micro_fmax=0.113785
epoch=12 loss=0.802576 validation_macro_fmax=0.219105 valid_micro_fmax=0.125543
epoch=13 loss=0.793030 validation_macro_fmax=0.221731 valid_micro_fmax=0.119601
epoch=14 loss=0.782543 validation_macro_fmax=0.225165 valid_micro_fmax=0.131746
epoch=15 loss=0.774837 validation_macro_fmax=0.228498 valid_micro_fmax=0.137104
epoch=16 loss=0.765351 validation_macro_fmax=0.231918 valid_micro_fmax=0.134699
epoch=17 loss=0.758268 validation_macro_fmax=0.241208 valid_micro_fmax=0.135637
epoch=18 loss=0.751183 validation_macro_fmax=0.246233 valid_micro_fmax=0.146234
epoch=19 loss=0.743033 validation_macro_fmax=0.247369 valid_micro_fmax=0.152448
epoch=20 loss=0.736197 validation_macro_fmax=0.249242 valid_micro_fmax=0.158554
epoch=21 loss=0.729412 validation_macro_fmax=0.249523 valid_micro_fmax=0.170754
epoch=22 loss=0.721884 validation_macro_fmax=0.252617 valid_micro_fmax=0.177971
epoch=23 loss=0.715144 validation_macro_fmax=0.257373 valid_micro_fmax=0.179932
epoch=24 loss=0.708014 validation_macro_fmax=0.261573 valid_micro_fmax=0.184100
epoch=25 loss=0.699923 validation_macro_fmax=0.263515 valid_micro_fmax=0.188329
epoch=26 loss=0.693543 validation_macro_fmax=0.257950 valid_micro_fmax=0.196360
epoch=27 loss=0.684763 validation_macro_fmax=0.259290 valid_micro_fmax=0.197569
epoch=28 loss=0.675965 validation_macro_fmax=0.263538 valid_micro_fmax=0.229002
epoch=29 loss=0.667324 validation_macro_fmax=0.270924 valid_micro_fmax=0.226965
epoch=30 loss=0.659508 validation_macro_fmax=0.268097 valid_micro_fmax=0.225280
epoch=31 loss=0.650016 validation_macro_fmax=0.270601 valid_micro_fmax=0.225218
epoch=32 loss=0.641428 validation_macro_fmax=0.274141 valid_micro_fmax=0.241841
epoch=33 loss=0.631468 validation_macro_fmax=0.274644 valid_micro_fmax=0.237681
epoch=34 loss=0.622025 validation_macro_fmax=0.271010 valid_micro_fmax=0.229313
epoch=35 loss=0.612615 validation_macro_fmax=0.274714 valid_micro_fmax=0.228926
epoch=36 loss=0.602488 validation_macro_fmax=0.271877 valid_micro_fmax=0.247837
epoch=37 loss=0.591979 validation_macro_fmax=0.274309 valid_micro_fmax=0.250245
epoch=38 loss=0.581177 validation_macro_fmax=0.279329 valid_micro_fmax=0.241413
epoch=39 loss=0.570621 validation_macro_fmax=0.279831 valid_micro_fmax=0.247724
epoch=40 loss=0.560320 validation_macro_fmax=0.281103 valid_micro_fmax=0.248873
epoch=41 loss=0.548649 validation_macro_fmax=0.280668 valid_micro_fmax=0.247459
epoch=42 loss=0.537047 validation_macro_fmax=0.288746 valid_micro_fmax=0.257389
epoch=43 loss=0.525087 validation_macro_fmax=0.279494 valid_micro_fmax=0.251378
epoch=44 loss=0.513838 validation_macro_fmax=0.282534 valid_micro_fmax=0.255700
epoch=45 loss=0.501330 validation_macro_fmax=0.283678 valid_micro_fmax=0.256643
epoch=46 loss=0.490104 validation_macro_fmax=0.276518 valid_micro_fmax=0.262894
epoch=47 loss=0.478281 validation_macro_fmax=0.282388 valid_micro_fmax=0.260954
epoch=48 loss=0.465161 validation_macro_fmax=0.284659 valid_micro_fmax=0.273189
epoch=49 loss=0.453458 validation_macro_fmax=0.285400 valid_micro_fmax=0.273372
epoch=50 loss=0.440211 validation_macro_fmax=0.278070 valid_micro_fmax=0.264459
Early stopping after 50 epochs (patience=8)
GPU completion: NVIDIA L40S, 40531, 46068, 0
