GPU: NVIDIA L40S
CUDA tensor check: 8.0
Wed Jul 15 19:48:27 2026       
+-----------------------------------------------------------------------------------------+
| NVIDIA-SMI 560.35.03              Driver Version: 560.35.03      CUDA Version: 12.6     |
|-----------------------------------------+------------------------+----------------------+
| GPU  Name                 Persistence-M | Bus-Id          Disp.A | Volatile Uncorr. ECC |
| Fan  Temp   Perf          Pwr:Usage/Cap |           Memory-Usage | GPU-Util  Compute M. |
|                                         |                        |               MIG M. |
|=========================================+========================+======================|
|   0  NVIDIA L40S                    On  |   00000000:B5:00.0 Off |                    0 |
| N/A   44C    P0             51W /  350W |     503MiB /  46068MiB |      1%      Default |
|                                         |                        |                  N/A |
+-----------------------------------------+------------------------+----------------------+
                                                                                         
+-----------------------------------------------------------------------------------------+
| Processes:                                                                              |
|  GPU   GI   CI        PID   Type   Process name                              GPU Memory |
|        ID   ID                                                               Usage      |
|=========================================================================================|
|    0   N/A  N/A   2523764      C   python3                                       494MiB |
+-----------------------------------------------------------------------------------------+
CUDA verified: NVIDIA L40S; tensor dot product=8.0
GPU startup: NVIDIA L40S, 533, 46068, 0
Loaded train=6026, valid=754; reserved test set is not loaded
epoch=1 loss=1.100660 valid_micro_fmax=0.055864
epoch=2 loss=0.912676 valid_micro_fmax=0.082834
epoch=3 loss=0.827603 valid_micro_fmax=0.100435
epoch=4 loss=0.771488 valid_micro_fmax=0.103711
epoch=5 loss=0.720204 valid_micro_fmax=0.119362
epoch=6 loss=0.664048 valid_micro_fmax=0.119151
epoch=7 loss=0.602953 valid_micro_fmax=0.128493
epoch=8 loss=0.535230 valid_micro_fmax=0.131482
epoch=9 loss=0.465533 valid_micro_fmax=0.144062
epoch=10 loss=0.394487 valid_micro_fmax=0.155606
epoch=11 loss=0.327376 valid_micro_fmax=0.148913
epoch=12 loss=0.269481 valid_micro_fmax=0.180092
epoch=13 loss=0.219825 valid_micro_fmax=0.196924
epoch=14 loss=0.180383 valid_micro_fmax=0.207410
epoch=15 loss=0.149189 valid_micro_fmax=0.201579
epoch=16 loss=0.123747 valid_micro_fmax=0.224155
epoch=17 loss=0.103177 valid_micro_fmax=0.218842
epoch=18 loss=0.087044 valid_micro_fmax=0.241492
epoch=19 loss=0.074191 valid_micro_fmax=0.253165
epoch=20 loss=0.064005 valid_micro_fmax=0.264096
epoch=21 loss=0.056198 valid_micro_fmax=0.251064
epoch=22 loss=0.048611 valid_micro_fmax=0.269762
epoch=23 loss=0.042729 valid_micro_fmax=0.244004
epoch=24 loss=0.037518 valid_micro_fmax=0.261977
epoch=25 loss=0.033468 valid_micro_fmax=0.272697
epoch=26 loss=0.029855 valid_micro_fmax=0.274025
epoch=27 loss=0.026902 valid_micro_fmax=0.300285
epoch=28 loss=0.024320 valid_micro_fmax=0.301667
epoch=29 loss=0.021644 valid_micro_fmax=0.282962
epoch=30 loss=0.020016 valid_micro_fmax=0.291386
epoch=31 loss=0.018022 valid_micro_fmax=0.324256
epoch=32 loss=0.016210 valid_micro_fmax=0.312860
epoch=33 loss=0.015070 valid_micro_fmax=0.287365
epoch=34 loss=0.013615 valid_micro_fmax=0.302125
epoch=35 loss=0.012252 valid_micro_fmax=0.311971
epoch=36 loss=0.011376 valid_micro_fmax=0.303776
epoch=37 loss=0.010832 valid_micro_fmax=0.341714
epoch=38 loss=0.009993 valid_micro_fmax=0.312171
epoch=39 loss=0.008939 valid_micro_fmax=0.316866
epoch=40 loss=0.008548 valid_micro_fmax=0.304604
epoch=41 loss=0.008058 valid_micro_fmax=0.334386
epoch=42 loss=0.008013 valid_micro_fmax=0.305712
epoch=43 loss=0.007109 valid_micro_fmax=0.312036
epoch=44 loss=0.006224 valid_micro_fmax=0.317560
epoch=45 loss=0.005847 valid_micro_fmax=0.311172
epoch=46 loss=0.005325 valid_micro_fmax=0.313351
Early stopping after 46 epochs (patience=9)
GPU completion: NVIDIA L40S, 14875, 46068, 25
