GPU: NVIDIA L40S
CUDA tensor check: 8.0
Sun Jul 19 06:40:41 2026       
+-----------------------------------------------------------------------------------------+
| NVIDIA-SMI 560.35.03              Driver Version: 560.35.03      CUDA Version: 12.6     |
|-----------------------------------------+------------------------+----------------------+
| GPU  Name                 Persistence-M | Bus-Id          Disp.A | Volatile Uncorr. ECC |
| Fan  Temp   Perf          Pwr:Usage/Cap |           Memory-Usage | GPU-Util  Compute M. |
|                                         |                        |               MIG M. |
|=========================================+========================+======================|
|   0  NVIDIA L40S                    On  |   00000000:0D:00.0 Off |                    0 |
| N/A   54C    P0             44W /  350W |     503MiB /  46068MiB |      0%      Default |
|                                         |                        |                  N/A |
+-----------------------------------------+------------------------+----------------------+
                                                                                         
+-----------------------------------------------------------------------------------------+
| Processes:                                                                              |
|  GPU   GI   CI        PID   Type   Process name                              GPU Memory |
|        ID   ID                                                               Usage      |
|=========================================================================================|
|    0   N/A  N/A   1168232      C   python3                                       494MiB |
+-----------------------------------------------------------------------------------------+
CUDA verified: NVIDIA L40S; tensor dot product=8.0
GPU startup: NVIDIA L40S, 533, 46068, 0
Loaded train=6026, valid=754; reserved test set is not loaded
epoch=1 loss=1.063860 validation_macro_fmax=0.131705 valid_micro_fmax=0.020442
epoch=2 loss=0.888380 validation_macro_fmax=0.170509 valid_micro_fmax=0.052785
epoch=3 loss=0.824049 validation_macro_fmax=0.183425 valid_micro_fmax=0.075654
epoch=4 loss=0.788878 validation_macro_fmax=0.185679 valid_micro_fmax=0.102506
epoch=5 loss=0.764956 validation_macro_fmax=0.197267 valid_micro_fmax=0.106294
epoch=6 loss=0.745133 validation_macro_fmax=0.198786 valid_micro_fmax=0.122463
epoch=7 loss=0.726975 validation_macro_fmax=0.210288 valid_micro_fmax=0.141142
epoch=8 loss=0.707418 validation_macro_fmax=0.214858 valid_micro_fmax=0.155340
epoch=9 loss=0.684708 validation_macro_fmax=0.215133 valid_micro_fmax=0.156538
epoch=10 loss=0.657096 validation_macro_fmax=0.224127 valid_micro_fmax=0.156993
epoch=11 loss=0.624763 validation_macro_fmax=0.229346 valid_micro_fmax=0.165926
epoch=12 loss=0.587989 validation_macro_fmax=0.245272 valid_micro_fmax=0.175239
epoch=13 loss=0.545841 validation_macro_fmax=0.248231 valid_micro_fmax=0.175915
epoch=14 loss=0.499090 validation_macro_fmax=0.244034 valid_micro_fmax=0.172662
epoch=15 loss=0.448326 validation_macro_fmax=0.255269 valid_micro_fmax=0.202300
epoch=16 loss=0.395357 validation_macro_fmax=0.248823 valid_micro_fmax=0.197211
epoch=17 loss=0.342257 validation_macro_fmax=0.260725 valid_micro_fmax=0.209806
epoch=18 loss=0.291401 validation_macro_fmax=0.258763 valid_micro_fmax=0.216842
epoch=19 loss=0.245162 validation_macro_fmax=0.256045 valid_micro_fmax=0.238921
epoch=20 loss=0.204269 validation_macro_fmax=0.261205 valid_micro_fmax=0.251027
epoch=21 loss=0.169441 validation_macro_fmax=0.252572 valid_micro_fmax=0.240225
epoch=22 loss=0.140003 validation_macro_fmax=0.256859 valid_micro_fmax=0.240657
epoch=23 loss=0.116379 validation_macro_fmax=0.258206 valid_micro_fmax=0.254555
epoch=24 loss=0.096928 validation_macro_fmax=0.258497 valid_micro_fmax=0.269540
epoch=25 loss=0.080301 validation_macro_fmax=0.261730 valid_micro_fmax=0.255748
epoch=26 loss=0.067391 validation_macro_fmax=0.261487 valid_micro_fmax=0.262953
epoch=27 loss=0.056893 validation_macro_fmax=0.258322 valid_micro_fmax=0.265651
epoch=28 loss=0.048116 validation_macro_fmax=0.257501 valid_micro_fmax=0.266494
epoch=29 loss=0.040992 validation_macro_fmax=0.264701 valid_micro_fmax=0.274339
epoch=30 loss=0.035236 validation_macro_fmax=0.257592 valid_micro_fmax=0.263883
epoch=31 loss=0.030007 validation_macro_fmax=0.257488 valid_micro_fmax=0.261612
epoch=32 loss=0.025875 validation_macro_fmax=0.262059 valid_micro_fmax=0.272646
epoch=33 loss=0.022393 validation_macro_fmax=0.259839 valid_micro_fmax=0.272700
epoch=34 loss=0.019876 validation_macro_fmax=0.260647 valid_micro_fmax=0.273228
epoch=35 loss=0.017051 validation_macro_fmax=0.256716 valid_micro_fmax=0.266009
epoch=36 loss=0.015211 validation_macro_fmax=0.265428 valid_micro_fmax=0.250397
epoch=37 loss=0.013197 validation_macro_fmax=0.259348 valid_micro_fmax=0.271804
epoch=38 loss=0.011617 validation_macro_fmax=0.258348 valid_micro_fmax=0.267088
epoch=39 loss=0.010332 validation_macro_fmax=0.259471 valid_micro_fmax=0.273387
epoch=40 loss=0.009165 validation_macro_fmax=0.262029 valid_micro_fmax=0.272255
epoch=41 loss=0.008262 validation_macro_fmax=0.267023 valid_micro_fmax=0.274092
epoch=42 loss=0.007853 validation_macro_fmax=0.263902 valid_micro_fmax=0.264414
epoch=43 loss=0.006598 validation_macro_fmax=0.253790 valid_micro_fmax=0.275014
epoch=44 loss=0.006166 validation_macro_fmax=0.264544 valid_micro_fmax=0.281601
epoch=45 loss=0.005558 validation_macro_fmax=0.268942 valid_micro_fmax=0.279475
epoch=46 loss=0.004981 validation_macro_fmax=0.258240 valid_micro_fmax=0.286760
epoch=47 loss=0.004648 validation_macro_fmax=0.265557 valid_micro_fmax=0.280883
epoch=48 loss=0.003940 validation_macro_fmax=0.265201 valid_micro_fmax=0.289598
epoch=49 loss=0.003718 validation_macro_fmax=0.259735 valid_micro_fmax=0.282492
epoch=50 loss=0.003432 validation_macro_fmax=0.264323 valid_micro_fmax=0.283919
epoch=51 loss=0.003354 validation_macro_fmax=0.268952 valid_micro_fmax=0.290740
epoch=52 loss=0.003091 validation_macro_fmax=0.263661 valid_micro_fmax=0.295732
epoch=53 loss=0.002779 validation_macro_fmax=0.254457 valid_micro_fmax=0.291359
epoch=54 loss=0.002586 validation_macro_fmax=0.262306 valid_micro_fmax=0.288632
epoch=55 loss=0.002238 validation_macro_fmax=0.265159 valid_micro_fmax=0.287307
epoch=56 loss=0.002458 validation_macro_fmax=0.256647 valid_micro_fmax=0.282199
epoch=57 loss=0.002203 validation_macro_fmax=0.258225 valid_micro_fmax=0.277600
epoch=58 loss=0.002045 validation_macro_fmax=0.258215 valid_micro_fmax=0.276535
epoch=59 loss=0.001901 validation_macro_fmax=0.261700 valid_micro_fmax=0.286267
epoch=60 loss=0.001486 validation_macro_fmax=0.255015 valid_micro_fmax=0.284200
Early stopping after 60 epochs (patience=9)
GPU completion: NVIDIA L40S, 11363, 46068, 0
