GPU: NVIDIA L40S
CUDA tensor check: 8.0
Fri Jul 17 00:22:19 2026       
+-----------------------------------------------------------------------------------------+
| NVIDIA-SMI 560.35.03              Driver Version: 560.35.03      CUDA Version: 12.6     |
|-----------------------------------------+------------------------+----------------------+
| GPU  Name                 Persistence-M | Bus-Id          Disp.A | Volatile Uncorr. ECC |
| Fan  Temp   Perf          Pwr:Usage/Cap |           Memory-Usage | GPU-Util  Compute M. |
|                                         |                        |               MIG M. |
|=========================================+========================+======================|
|   0  NVIDIA L40S                    On  |   00000000:0D:00.0 Off |                    0 |
| N/A   45C    P0             40W /  350W |     503MiB /  46068MiB |      0%      Default |
|                                         |                        |                  N/A |
+-----------------------------------------+------------------------+----------------------+
                                                                                         
+-----------------------------------------------------------------------------------------+
| Processes:                                                                              |
|  GPU   GI   CI        PID   Type   Process name                              GPU Memory |
|        ID   ID                                                               Usage      |
|=========================================================================================|
|    0   N/A  N/A   1644799      C   python3                                       494MiB |
+-----------------------------------------------------------------------------------------+
CUDA verified: NVIDIA L40S; tensor dot product=8.0
GPU startup: NVIDIA L40S, 533, 46068, 0
Loaded train=6026, valid=754; reserved test set is not loaded
epoch=1 loss=0.403191 validation_macro_fmax=0.231820 valid_micro_fmax=0.093834
epoch=2 loss=0.353760 validation_macro_fmax=0.230193 valid_micro_fmax=0.096650
epoch=3 loss=0.326993 validation_macro_fmax=0.233045 valid_micro_fmax=0.101365
epoch=4 loss=0.306883 validation_macro_fmax=0.235674 valid_micro_fmax=0.101850
epoch=5 loss=0.292363 validation_macro_fmax=0.233015 valid_micro_fmax=0.108630
epoch=6 loss=0.280813 validation_macro_fmax=0.232489 valid_micro_fmax=0.107588
epoch=7 loss=0.269834 validation_macro_fmax=0.235461 valid_micro_fmax=0.113488
epoch=8 loss=0.262636 validation_macro_fmax=0.238844 valid_micro_fmax=0.115362
epoch=9 loss=0.256228 validation_macro_fmax=0.239990 valid_micro_fmax=0.119877
epoch=10 loss=0.250620 validation_macro_fmax=0.237414 valid_micro_fmax=0.121239
epoch=11 loss=0.246141 validation_macro_fmax=0.240249 valid_micro_fmax=0.135524
epoch=12 loss=0.240862 validation_macro_fmax=0.239578 valid_micro_fmax=0.134690
epoch=13 loss=0.236195 validation_macro_fmax=0.238680 valid_micro_fmax=0.140091
epoch=14 loss=0.232354 validation_macro_fmax=0.238661 valid_micro_fmax=0.153261
epoch=15 loss=0.229458 validation_macro_fmax=0.242921 valid_micro_fmax=0.159552
epoch=16 loss=0.225417 validation_macro_fmax=0.241248 valid_micro_fmax=0.158594
epoch=17 loss=0.222702 validation_macro_fmax=0.242547 valid_micro_fmax=0.164412
epoch=18 loss=0.219429 validation_macro_fmax=0.242932 valid_micro_fmax=0.175358
epoch=19 loss=0.220364 validation_macro_fmax=0.245336 valid_micro_fmax=0.176874
epoch=20 loss=0.214304 validation_macro_fmax=0.249192 valid_micro_fmax=0.183353
epoch=21 loss=0.211908 validation_macro_fmax=0.250836 valid_micro_fmax=0.185607
epoch=22 loss=0.208958 validation_macro_fmax=0.251412 valid_micro_fmax=0.185231
epoch=23 loss=0.206406 validation_macro_fmax=0.250193 valid_micro_fmax=0.192034
epoch=24 loss=0.203648 validation_macro_fmax=0.253691 valid_micro_fmax=0.200868
epoch=25 loss=0.201459 validation_macro_fmax=0.258373 valid_micro_fmax=0.214005
epoch=26 loss=0.198948 validation_macro_fmax=0.253599 valid_micro_fmax=0.203721
epoch=27 loss=0.197285 validation_macro_fmax=0.258496 valid_micro_fmax=0.217222
epoch=28 loss=0.195017 validation_macro_fmax=0.261632 valid_micro_fmax=0.220515
epoch=29 loss=0.192376 validation_macro_fmax=0.261227 valid_micro_fmax=0.215157
epoch=30 loss=0.189460 validation_macro_fmax=0.263750 valid_micro_fmax=0.231614
epoch=31 loss=0.188204 validation_macro_fmax=0.263021 valid_micro_fmax=0.229765
epoch=32 loss=0.185276 validation_macro_fmax=0.262995 valid_micro_fmax=0.238528
epoch=33 loss=0.182437 validation_macro_fmax=0.263221 valid_micro_fmax=0.246550
epoch=34 loss=0.180314 validation_macro_fmax=0.264575 valid_micro_fmax=0.256502
epoch=35 loss=0.178567 validation_macro_fmax=0.265795 valid_micro_fmax=0.252453
epoch=36 loss=0.176354 validation_macro_fmax=0.266817 valid_micro_fmax=0.249578
epoch=37 loss=0.173269 validation_macro_fmax=0.264361 valid_micro_fmax=0.258563
epoch=38 loss=0.171631 validation_macro_fmax=0.267186 valid_micro_fmax=0.263813
epoch=39 loss=0.168569 validation_macro_fmax=0.264303 valid_micro_fmax=0.272315
epoch=40 loss=0.165989 validation_macro_fmax=0.267660 valid_micro_fmax=0.279822
epoch=41 loss=0.163401 validation_macro_fmax=0.265186 valid_micro_fmax=0.280867
epoch=42 loss=0.160856 validation_macro_fmax=0.265776 valid_micro_fmax=0.289596
epoch=43 loss=0.158758 validation_macro_fmax=0.265581 valid_micro_fmax=0.289865
epoch=44 loss=0.156196 validation_macro_fmax=0.267066 valid_micro_fmax=0.281422
epoch=45 loss=0.152748 validation_macro_fmax=0.264882 valid_micro_fmax=0.289456
epoch=46 loss=0.150278 validation_macro_fmax=0.264811 valid_micro_fmax=0.295132
epoch=47 loss=0.147850 validation_macro_fmax=0.262398 valid_micro_fmax=0.311580
epoch=48 loss=0.145861 validation_macro_fmax=0.266684 valid_micro_fmax=0.309234
epoch=49 loss=0.142538 validation_macro_fmax=0.261589 valid_micro_fmax=0.311304
Early stopping after 49 epochs (patience=9)
GPU completion: NVIDIA L40S, 20395, 46068, 0
