GPU: NVIDIA L40S
CUDA tensor check: 8.0
Sun Jul 19 10:01:19 2026       
+-----------------------------------------------------------------------------------------+
| NVIDIA-SMI 560.35.03              Driver Version: 560.35.03      CUDA Version: 12.6     |
|-----------------------------------------+------------------------+----------------------+
| GPU  Name                 Persistence-M | Bus-Id          Disp.A | Volatile Uncorr. ECC |
| Fan  Temp   Perf          Pwr:Usage/Cap |           Memory-Usage | GPU-Util  Compute M. |
|                                         |                        |               MIG M. |
|=========================================+========================+======================|
|   0  NVIDIA L40S                    On  |   00000000:B5:00.0 Off |                    0 |
| N/A   47C    P0             42W /  350W |     503MiB /  46068MiB |      1%      Default |
|                                         |                        |                  N/A |
+-----------------------------------------+------------------------+----------------------+
                                                                                         
+-----------------------------------------------------------------------------------------+
| Processes:                                                                              |
|  GPU   GI   CI        PID   Type   Process name                              GPU Memory |
|        ID   ID                                                               Usage      |
|=========================================================================================|
|    0   N/A  N/A    684418      C   python3                                       494MiB |
+-----------------------------------------------------------------------------------------+
CUDA verified: NVIDIA L40S; tensor dot product=8.0
GPU startup: NVIDIA L40S, 533, 46068, 1
Loaded train=6026, valid=754; reserved test set is not loaded
epoch=1 loss=0.870005 validation_macro_fmax=0.269578 valid_micro_fmax=0.141928
epoch=2 loss=0.615871 validation_macro_fmax=0.262182 valid_micro_fmax=0.177352
epoch=3 loss=0.393760 validation_macro_fmax=0.262007 valid_micro_fmax=0.274527
epoch=4 loss=0.231242 validation_macro_fmax=0.269288 valid_micro_fmax=0.318649
epoch=5 loss=0.135860 validation_macro_fmax=0.255172 valid_micro_fmax=0.345288
epoch=6 loss=0.081571 validation_macro_fmax=0.241557 valid_micro_fmax=0.377120
epoch=7 loss=0.056035 validation_macro_fmax=0.257051 valid_micro_fmax=0.384309
epoch=8 loss=0.043469 validation_macro_fmax=0.265015 valid_micro_fmax=0.392143
epoch=9 loss=0.036459 validation_macro_fmax=0.255888 valid_micro_fmax=0.405559
epoch=10 loss=0.026237 validation_macro_fmax=0.264889 valid_micro_fmax=0.404363
Early stopping after 10 epochs (patience=9)
GPU completion: NVIDIA L40S, 19085, 46068, 0
