GPU: NVIDIA L40S
CUDA tensor check: 8.0
Thu Jul 16 21:27:49 2026       
+-----------------------------------------------------------------------------------------+
| NVIDIA-SMI 560.35.03              Driver Version: 560.35.03      CUDA Version: 12.6     |
|-----------------------------------------+------------------------+----------------------+
| GPU  Name                 Persistence-M | Bus-Id          Disp.A | Volatile Uncorr. ECC |
| Fan  Temp   Perf          Pwr:Usage/Cap |           Memory-Usage | GPU-Util  Compute M. |
|                                         |                        |               MIG M. |
|=========================================+========================+======================|
|   0  NVIDIA L40S                    On  |   00000000:0D:00.0 Off |                    0 |
| N/A   41C    P0             41W /  350W |     503MiB /  46068MiB |      0%      Default |
|                                         |                        |                  N/A |
+-----------------------------------------+------------------------+----------------------+
                                                                                         
+-----------------------------------------------------------------------------------------+
| Processes:                                                                              |
|  GPU   GI   CI        PID   Type   Process name                              GPU Memory |
|        ID   ID                                                               Usage      |
|=========================================================================================|
|    0   N/A  N/A   1748127      C   python3                                       494MiB |
+-----------------------------------------------------------------------------------------+
CUDA verified: NVIDIA L40S; tensor dot product=8.0
GPU startup: NVIDIA L40S, 533, 46068, 0
Loaded train=6026, valid=754; reserved test set is not loaded
epoch=1 loss=0.947889 validation_macro_fmax=0.229001 valid_micro_fmax=0.103841
epoch=2 loss=0.633997 validation_macro_fmax=0.207906 valid_micro_fmax=0.097383
epoch=3 loss=0.353951 validation_macro_fmax=0.179730 valid_micro_fmax=0.115024
epoch=4 loss=0.217679 validation_macro_fmax=0.226165 valid_micro_fmax=0.185357
epoch=5 loss=0.129415 validation_macro_fmax=0.266842 valid_micro_fmax=0.195430
epoch=6 loss=0.105255 validation_macro_fmax=0.265437 valid_micro_fmax=0.199271
epoch=7 loss=0.079362 validation_macro_fmax=0.281248 valid_micro_fmax=0.231592
epoch=8 loss=0.060803 validation_macro_fmax=0.255354 valid_micro_fmax=0.249121
epoch=9 loss=0.060404 validation_macro_fmax=0.237585 valid_micro_fmax=0.241237
epoch=10 loss=0.050374 validation_macro_fmax=0.264977 valid_micro_fmax=0.255579
epoch=11 loss=0.035018 validation_macro_fmax=0.275095 valid_micro_fmax=0.288680
epoch=12 loss=0.041183 validation_macro_fmax=0.258761 valid_micro_fmax=0.251526
epoch=13 loss=0.036432 validation_macro_fmax=0.272372 valid_micro_fmax=0.291100
epoch=14 loss=0.035993 validation_macro_fmax=0.263183 valid_micro_fmax=0.269652
epoch=15 loss=0.027509 validation_macro_fmax=0.259245 valid_micro_fmax=0.280294
epoch=16 loss=0.030454 validation_macro_fmax=0.255065 valid_micro_fmax=0.284125
Early stopping after 16 epochs (patience=9)
GPU completion: NVIDIA L40S, 25393, 46068, 0
