GPU: NVIDIA L40S
CUDA tensor check: 8.0
Thu Jul 16 20:20:54 2026       
+-----------------------------------------------------------------------------------------+
| NVIDIA-SMI 560.35.03              Driver Version: 560.35.03      CUDA Version: 12.6     |
|-----------------------------------------+------------------------+----------------------+
| GPU  Name                 Persistence-M | Bus-Id          Disp.A | Volatile Uncorr. ECC |
| Fan  Temp   Perf          Pwr:Usage/Cap |           Memory-Usage | GPU-Util  Compute M. |
|                                         |                        |               MIG M. |
|=========================================+========================+======================|
|   0  NVIDIA L40S                    On  |   00000000:B5:00.0 Off |                    0 |
| N/A   41C    P0             40W /  350W |     503MiB /  46068MiB |      1%      Default |
|                                         |                        |                  N/A |
+-----------------------------------------+------------------------+----------------------+
                                                                                         
+-----------------------------------------------------------------------------------------+
| Processes:                                                                              |
|  GPU   GI   CI        PID   Type   Process name                              GPU Memory |
|        ID   ID                                                               Usage      |
|=========================================================================================|
|    0   N/A  N/A   2779409      C   python3                                       494MiB |
+-----------------------------------------------------------------------------------------+
CUDA verified: NVIDIA L40S; tensor dot product=8.0
GPU startup: NVIDIA L40S, 533, 46068, 1
Loaded train=6026, valid=754; reserved test set is not loaded
epoch=1 loss=0.915314 validation_macro_fmax=0.269796 valid_micro_fmax=0.141548
epoch=2 loss=0.483211 validation_macro_fmax=0.304691 valid_micro_fmax=0.214244
epoch=3 loss=0.225449 validation_macro_fmax=0.299914 valid_micro_fmax=0.226137
epoch=4 loss=0.130527 validation_macro_fmax=0.318730 valid_micro_fmax=0.272800
epoch=5 loss=0.082592 validation_macro_fmax=0.316365 valid_micro_fmax=0.245740
epoch=6 loss=0.057442 validation_macro_fmax=0.325860 valid_micro_fmax=0.269139
epoch=7 loss=0.046247 validation_macro_fmax=0.324477 valid_micro_fmax=0.293469
epoch=8 loss=0.035078 validation_macro_fmax=0.293718 valid_micro_fmax=0.279222
epoch=9 loss=0.029840 validation_macro_fmax=0.323767 valid_micro_fmax=0.298501
epoch=10 loss=0.025094 validation_macro_fmax=0.336465 valid_micro_fmax=0.294785
epoch=11 loss=0.021500 validation_macro_fmax=0.340653 valid_micro_fmax=0.319869
epoch=12 loss=0.018023 validation_macro_fmax=0.339751 valid_micro_fmax=0.345063
epoch=13 loss=0.018141 validation_macro_fmax=0.349003 valid_micro_fmax=0.358227
epoch=14 loss=0.017259 validation_macro_fmax=0.363211 valid_micro_fmax=0.329762
epoch=15 loss=0.014876 validation_macro_fmax=0.333850 valid_micro_fmax=0.345199
epoch=16 loss=0.011701 validation_macro_fmax=0.353841 valid_micro_fmax=0.340073
epoch=17 loss=0.013307 validation_macro_fmax=0.328030 valid_micro_fmax=0.313390
epoch=18 loss=0.013380 validation_macro_fmax=0.347342 valid_micro_fmax=0.348678
epoch=19 loss=0.011658 validation_macro_fmax=0.344494 valid_micro_fmax=0.366474
epoch=20 loss=0.009467 validation_macro_fmax=0.336670 valid_micro_fmax=0.331956
epoch=21 loss=0.010843 validation_macro_fmax=0.342031 valid_micro_fmax=0.345219
epoch=22 loss=0.013788 validation_macro_fmax=0.341631 valid_micro_fmax=0.327356
Early stopping after 22 epochs (patience=8)
GPU completion: NVIDIA L40S, 34091, 46068, 0
