GPU: NVIDIA L40S
CUDA tensor check: 8.0
Sun Jul 19 22:43:26 2026       
+-----------------------------------------------------------------------------------------+
| NVIDIA-SMI 560.35.03              Driver Version: 560.35.03      CUDA Version: 12.6     |
|-----------------------------------------+------------------------+----------------------+
| GPU  Name                 Persistence-M | Bus-Id          Disp.A | Volatile Uncorr. ECC |
| Fan  Temp   Perf          Pwr:Usage/Cap |           Memory-Usage | GPU-Util  Compute M. |
|                                         |                        |               MIG M. |
|=========================================+========================+======================|
|   0  NVIDIA L40S                    On  |   00000000:B5:00.0 Off |                    0 |
| N/A   52C    P0             43W /  350W |     503MiB /  46068MiB |      0%      Default |
|                                         |                        |                  N/A |
+-----------------------------------------+------------------------+----------------------+
                                                                                         
+-----------------------------------------------------------------------------------------+
| Processes:                                                                              |
|  GPU   GI   CI        PID   Type   Process name                              GPU Memory |
|        ID   ID                                                               Usage      |
|=========================================================================================|
|    0   N/A  N/A   1609307      C   python3                                       494MiB |
+-----------------------------------------------------------------------------------------+
CUDA verified: NVIDIA L40S; tensor dot product=8.0
GPU startup: NVIDIA L40S, 533, 46068, 5
Loaded train=6026, valid=754; reserved test set is not loaded
epoch=1 loss=0.577954 validation_macro_fmax=0.205359 valid_micro_fmax=0.111445
epoch=2 loss=0.467665 validation_macro_fmax=0.229346 valid_micro_fmax=0.144500
epoch=3 loss=0.429907 validation_macro_fmax=0.257385 valid_micro_fmax=0.163881
epoch=4 loss=0.408482 validation_macro_fmax=0.264774 valid_micro_fmax=0.205855
epoch=5 loss=0.394126 validation_macro_fmax=0.264695 valid_micro_fmax=0.215389
epoch=6 loss=0.382781 validation_macro_fmax=0.274526 valid_micro_fmax=0.248143
epoch=7 loss=0.373271 validation_macro_fmax=0.278290 valid_micro_fmax=0.259095
epoch=8 loss=0.365087 validation_macro_fmax=0.284760 valid_micro_fmax=0.275109
epoch=9 loss=0.357718 validation_macro_fmax=0.286881 valid_micro_fmax=0.284311
epoch=10 loss=0.350377 validation_macro_fmax=0.296972 valid_micro_fmax=0.287839
epoch=11 loss=0.343944 validation_macro_fmax=0.295772 valid_micro_fmax=0.303325
epoch=12 loss=0.335513 validation_macro_fmax=0.299826 valid_micro_fmax=0.326213
epoch=13 loss=0.327702 validation_macro_fmax=0.286688 valid_micro_fmax=0.323413
epoch=14 loss=0.319640 validation_macro_fmax=0.285514 valid_micro_fmax=0.326402
epoch=15 loss=0.311054 validation_macro_fmax=0.283929 valid_micro_fmax=0.330252
epoch=16 loss=0.301739 validation_macro_fmax=0.293912 valid_micro_fmax=0.326426
epoch=17 loss=0.291953 validation_macro_fmax=0.284661 valid_micro_fmax=0.347977
epoch=18 loss=0.281186 validation_macro_fmax=0.281695 valid_micro_fmax=0.339178
epoch=19 loss=0.270255 validation_macro_fmax=0.284357 valid_micro_fmax=0.355961
epoch=20 loss=0.258935 validation_macro_fmax=0.277036 valid_micro_fmax=0.348328
epoch=21 loss=0.246939 validation_macro_fmax=0.276877 valid_micro_fmax=0.354456
Early stopping after 21 epochs (patience=9)
GPU completion: NVIDIA L40S, 26381, 46068, 0
