GPU: NVIDIA L40S
CUDA tensor check: 8.0
Sun Jul 19 10:10:17 2026       
+-----------------------------------------------------------------------------------------+
| NVIDIA-SMI 560.35.03              Driver Version: 560.35.03      CUDA Version: 12.6     |
|-----------------------------------------+------------------------+----------------------+
| GPU  Name                 Persistence-M | Bus-Id          Disp.A | Volatile Uncorr. ECC |
| Fan  Temp   Perf          Pwr:Usage/Cap |           Memory-Usage | GPU-Util  Compute M. |
|                                         |                        |               MIG M. |
|=========================================+========================+======================|
|   0  NVIDIA L40S                    On  |   00000000:B5:00.0 Off |                    0 |
| N/A   58C    P0             52W /  350W |     503MiB /  46068MiB |      0%      Default |
|                                         |                        |                  N/A |
+-----------------------------------------+------------------------+----------------------+
                                                                                         
+-----------------------------------------------------------------------------------------+
| Processes:                                                                              |
|  GPU   GI   CI        PID   Type   Process name                              GPU Memory |
|        ID   ID                                                               Usage      |
|=========================================================================================|
|    0   N/A  N/A    691679      C   python3                                       494MiB |
+-----------------------------------------------------------------------------------------+
CUDA verified: NVIDIA L40S; tensor dot product=8.0
GPU startup: NVIDIA L40S, 533, 46068, 0
Loaded train=6026, valid=754; reserved test set is not loaded
epoch=1 loss=0.543297 validation_macro_fmax=0.233963 valid_micro_fmax=0.112525
epoch=2 loss=0.440664 validation_macro_fmax=0.257613 valid_micro_fmax=0.135822
epoch=3 loss=0.410960 validation_macro_fmax=0.260190 valid_micro_fmax=0.146747
epoch=4 loss=0.390428 validation_macro_fmax=0.256880 valid_micro_fmax=0.162144
epoch=5 loss=0.372270 validation_macro_fmax=0.259320 valid_micro_fmax=0.165080
epoch=6 loss=0.352410 validation_macro_fmax=0.258728 valid_micro_fmax=0.194534
epoch=7 loss=0.329815 validation_macro_fmax=0.263845 valid_micro_fmax=0.207896
epoch=8 loss=0.303247 validation_macro_fmax=0.254053 valid_micro_fmax=0.203854
epoch=9 loss=0.271172 validation_macro_fmax=0.275548 valid_micro_fmax=0.242277
epoch=10 loss=0.238174 validation_macro_fmax=0.265355 valid_micro_fmax=0.264212
epoch=11 loss=0.204639 validation_macro_fmax=0.256184 valid_micro_fmax=0.283063
epoch=12 loss=0.174978 validation_macro_fmax=0.263246 valid_micro_fmax=0.286335
epoch=13 loss=0.147756 validation_macro_fmax=0.268282 valid_micro_fmax=0.320611
epoch=14 loss=0.121228 validation_macro_fmax=0.275743 valid_micro_fmax=0.328133
epoch=15 loss=0.100533 validation_macro_fmax=0.264638 valid_micro_fmax=0.350284
epoch=16 loss=0.084977 validation_macro_fmax=0.273485 valid_micro_fmax=0.350085
epoch=17 loss=0.072096 validation_macro_fmax=0.286390 valid_micro_fmax=0.356153
epoch=18 loss=0.061987 validation_macro_fmax=0.309548 valid_micro_fmax=0.353848
epoch=19 loss=0.054613 validation_macro_fmax=0.297317 valid_micro_fmax=0.368732
epoch=20 loss=0.046593 validation_macro_fmax=0.278998 valid_micro_fmax=0.378446
epoch=21 loss=0.040551 validation_macro_fmax=0.284843 valid_micro_fmax=0.366364
epoch=22 loss=0.036256 validation_macro_fmax=0.315322 valid_micro_fmax=0.388246
epoch=23 loss=0.031669 validation_macro_fmax=0.297824 valid_micro_fmax=0.379076
epoch=24 loss=0.028838 validation_macro_fmax=0.286177 valid_micro_fmax=0.390800
epoch=25 loss=0.026090 validation_macro_fmax=0.308428 valid_micro_fmax=0.389491
epoch=26 loss=0.023320 validation_macro_fmax=0.290526 valid_micro_fmax=0.389999
epoch=27 loss=0.021657 validation_macro_fmax=0.280612 valid_micro_fmax=0.388597
epoch=28 loss=0.022455 validation_macro_fmax=0.317097 valid_micro_fmax=0.387359
epoch=29 loss=0.019312 validation_macro_fmax=0.311004 valid_micro_fmax=0.391326
epoch=30 loss=0.017741 validation_macro_fmax=0.297357 valid_micro_fmax=0.381774
epoch=31 loss=0.019846 validation_macro_fmax=0.290070 valid_micro_fmax=0.376253
epoch=32 loss=0.015230 validation_macro_fmax=0.274964 valid_micro_fmax=0.403717
epoch=33 loss=0.013837 validation_macro_fmax=0.294465 valid_micro_fmax=0.394269
epoch=34 loss=0.012557 validation_macro_fmax=0.304432 valid_micro_fmax=0.394067
epoch=35 loss=0.011744 validation_macro_fmax=0.289263 valid_micro_fmax=0.399235
epoch=36 loss=0.011236 validation_macro_fmax=0.325784 valid_micro_fmax=0.405152
epoch=37 loss=0.012784 validation_macro_fmax=0.299314 valid_micro_fmax=0.397211
epoch=38 loss=0.011185 validation_macro_fmax=0.294614 valid_micro_fmax=0.393993
epoch=39 loss=0.010209 validation_macro_fmax=0.296484 valid_micro_fmax=0.394580
epoch=40 loss=0.008756 validation_macro_fmax=0.281139 valid_micro_fmax=0.392774
epoch=41 loss=0.008133 validation_macro_fmax=0.290892 valid_micro_fmax=0.400262
epoch=42 loss=0.007479 validation_macro_fmax=0.310901 valid_micro_fmax=0.396997
epoch=43 loss=0.009183 validation_macro_fmax=0.313180 valid_micro_fmax=0.395259
epoch=44 loss=0.007790 validation_macro_fmax=0.319517 valid_micro_fmax=0.399012
epoch=45 loss=0.007234 validation_macro_fmax=0.276742 valid_micro_fmax=0.399873
Early stopping after 45 epochs (patience=9)
GPU completion: NVIDIA L40S, 33709, 46068, 0
