GPU: NVIDIA L40S
CUDA tensor check: 8.0
Sat Jul 18 18:18:58 2026       
+-----------------------------------------------------------------------------------------+
| NVIDIA-SMI 560.35.03              Driver Version: 560.35.03      CUDA Version: 12.6     |
|-----------------------------------------+------------------------+----------------------+
| GPU  Name                 Persistence-M | Bus-Id          Disp.A | Volatile Uncorr. ECC |
| Fan  Temp   Perf          Pwr:Usage/Cap |           Memory-Usage | GPU-Util  Compute M. |
|                                         |                        |               MIG M. |
|=========================================+========================+======================|
|   0  NVIDIA L40S                    On  |   00000000:B5:00.0 Off |                    0 |
| N/A   53C    P0             50W /  350W |     503MiB /  46068MiB |      5%      Default |
|                                         |                        |                  N/A |
+-----------------------------------------+------------------------+----------------------+
                                                                                         
+-----------------------------------------------------------------------------------------+
| Processes:                                                                              |
|  GPU   GI   CI        PID   Type   Process name                              GPU Memory |
|        ID   ID                                                               Usage      |
|=========================================================================================|
|    0   N/A  N/A    330879      C   python3                                       494MiB |
+-----------------------------------------------------------------------------------------+
CUDA verified: NVIDIA L40S; tensor dot product=8.0
GPU startup: NVIDIA L40S, 533, 46068, 0
Loaded train=6026, valid=754; reserved test set is not loaded
epoch=1 loss=0.729526 validation_macro_fmax=0.098982 valid_micro_fmax=0.038910
epoch=2 loss=0.682386 validation_macro_fmax=0.101414 valid_micro_fmax=0.039175
epoch=3 loss=0.644195 validation_macro_fmax=0.098102 valid_micro_fmax=0.036491
epoch=4 loss=0.616357 validation_macro_fmax=0.103757 valid_micro_fmax=0.030352
epoch=5 loss=0.595320 validation_macro_fmax=0.113385 valid_micro_fmax=0.039296
epoch=6 loss=0.580744 validation_macro_fmax=0.123881 valid_micro_fmax=0.032420
epoch=7 loss=0.563599 validation_macro_fmax=0.129299 valid_micro_fmax=0.029102
epoch=8 loss=0.550021 validation_macro_fmax=0.135127 valid_micro_fmax=0.033892
epoch=9 loss=0.539144 validation_macro_fmax=0.139037 valid_micro_fmax=0.028626
epoch=10 loss=0.528100 validation_macro_fmax=0.144127 valid_micro_fmax=0.031441
epoch=11 loss=0.519830 validation_macro_fmax=0.154287 valid_micro_fmax=0.030701
epoch=12 loss=0.510849 validation_macro_fmax=0.163792 valid_micro_fmax=0.031905
epoch=13 loss=0.502429 validation_macro_fmax=0.171314 valid_micro_fmax=0.031504
epoch=14 loss=0.496597 validation_macro_fmax=0.182294 valid_micro_fmax=0.032377
epoch=15 loss=0.491552 validation_macro_fmax=0.186693 valid_micro_fmax=0.041947
epoch=16 loss=0.483614 validation_macro_fmax=0.196159 valid_micro_fmax=0.041481
epoch=17 loss=0.479616 validation_macro_fmax=0.201728 valid_micro_fmax=0.042486
epoch=18 loss=0.475486 validation_macro_fmax=0.205751 valid_micro_fmax=0.040387
epoch=19 loss=0.471450 validation_macro_fmax=0.220480 valid_micro_fmax=0.044229
epoch=20 loss=0.464363 validation_macro_fmax=0.220180 valid_micro_fmax=0.049687
epoch=21 loss=0.462647 validation_macro_fmax=0.226249 valid_micro_fmax=0.049175
epoch=22 loss=0.457597 validation_macro_fmax=0.235801 valid_micro_fmax=0.053295
epoch=23 loss=0.453442 validation_macro_fmax=0.235641 valid_micro_fmax=0.049640
epoch=24 loss=0.450497 validation_macro_fmax=0.242393 valid_micro_fmax=0.055596
epoch=25 loss=0.446939 validation_macro_fmax=0.247480 valid_micro_fmax=0.059993
epoch=26 loss=0.443295 validation_macro_fmax=0.247982 valid_micro_fmax=0.057557
epoch=27 loss=0.439995 validation_macro_fmax=0.254960 valid_micro_fmax=0.065317
epoch=28 loss=0.436220 validation_macro_fmax=0.255233 valid_micro_fmax=0.066303
epoch=29 loss=0.434857 validation_macro_fmax=0.259185 valid_micro_fmax=0.071995
epoch=30 loss=0.430790 validation_macro_fmax=0.262696 valid_micro_fmax=0.076395
epoch=31 loss=0.428438 validation_macro_fmax=0.268185 valid_micro_fmax=0.068701
epoch=32 loss=0.424641 validation_macro_fmax=0.264220 valid_micro_fmax=0.074192
epoch=33 loss=0.424515 validation_macro_fmax=0.270924 valid_micro_fmax=0.080338
epoch=34 loss=0.419320 validation_macro_fmax=0.273157 valid_micro_fmax=0.081067
epoch=35 loss=0.415929 validation_macro_fmax=0.272706 valid_micro_fmax=0.082336
epoch=36 loss=0.413550 validation_macro_fmax=0.279362 valid_micro_fmax=0.087542
epoch=37 loss=0.410624 validation_macro_fmax=0.268551 valid_micro_fmax=0.088993
epoch=38 loss=0.408002 validation_macro_fmax=0.281135 valid_micro_fmax=0.088407
epoch=39 loss=0.404946 validation_macro_fmax=0.281517 valid_micro_fmax=0.086386
epoch=40 loss=0.402145 validation_macro_fmax=0.281140 valid_micro_fmax=0.090697
epoch=41 loss=0.399382 validation_macro_fmax=0.286696 valid_micro_fmax=0.093075
epoch=42 loss=0.396989 validation_macro_fmax=0.282820 valid_micro_fmax=0.099742
epoch=43 loss=0.393204 validation_macro_fmax=0.282614 valid_micro_fmax=0.094922
epoch=44 loss=0.390952 validation_macro_fmax=0.274109 valid_micro_fmax=0.102786
epoch=45 loss=0.387737 validation_macro_fmax=0.282674 valid_micro_fmax=0.108301
epoch=46 loss=0.385293 validation_macro_fmax=0.283247 valid_micro_fmax=0.114784
epoch=47 loss=0.382090 validation_macro_fmax=0.291796 valid_micro_fmax=0.119259
epoch=48 loss=0.378809 validation_macro_fmax=0.292845 valid_micro_fmax=0.120057
epoch=49 loss=0.375226 validation_macro_fmax=0.293493 valid_micro_fmax=0.114078
epoch=50 loss=0.372603 validation_macro_fmax=0.291427 valid_micro_fmax=0.119062
epoch=51 loss=0.368988 validation_macro_fmax=0.296424 valid_micro_fmax=0.125540
epoch=52 loss=0.365814 validation_macro_fmax=0.289429 valid_micro_fmax=0.119058
epoch=53 loss=0.362550 validation_macro_fmax=0.293826 valid_micro_fmax=0.118499
epoch=54 loss=0.358786 validation_macro_fmax=0.297562 valid_micro_fmax=0.118812
epoch=55 loss=0.355115 validation_macro_fmax=0.302082 valid_micro_fmax=0.124786
epoch=56 loss=0.352218 validation_macro_fmax=0.300041 valid_micro_fmax=0.124102
epoch=57 loss=0.349294 validation_macro_fmax=0.303225 valid_micro_fmax=0.132231
epoch=58 loss=0.344743 validation_macro_fmax=0.300152 valid_micro_fmax=0.137867
epoch=59 loss=0.342078 validation_macro_fmax=0.301728 valid_micro_fmax=0.129745
epoch=60 loss=0.336769 validation_macro_fmax=0.315818 valid_micro_fmax=0.132009
epoch=61 loss=0.334167 validation_macro_fmax=0.310500 valid_micro_fmax=0.134612
epoch=62 loss=0.328560 validation_macro_fmax=0.315030 valid_micro_fmax=0.132995
epoch=63 loss=0.326006 validation_macro_fmax=0.313361 valid_micro_fmax=0.150382
epoch=64 loss=0.320989 validation_macro_fmax=0.313851 valid_micro_fmax=0.139749
epoch=65 loss=0.318211 validation_macro_fmax=0.309476 valid_micro_fmax=0.157354
epoch=66 loss=0.313364 validation_macro_fmax=0.312618 valid_micro_fmax=0.139648
epoch=67 loss=0.309487 validation_macro_fmax=0.305882 valid_micro_fmax=0.142210
epoch=68 loss=0.303470 validation_macro_fmax=0.309824 valid_micro_fmax=0.146924
Early stopping after 68 epochs (patience=8)
GPU completion: NVIDIA L40S, 33005, 46068, 0
