GPU: NVIDIA L40S
CUDA tensor check: 8.0
Wed Jul 15 19:29:13 2026       
+-----------------------------------------------------------------------------------------+
| NVIDIA-SMI 560.35.03              Driver Version: 560.35.03      CUDA Version: 12.6     |
|-----------------------------------------+------------------------+----------------------+
| GPU  Name                 Persistence-M | Bus-Id          Disp.A | Volatile Uncorr. ECC |
| Fan  Temp   Perf          Pwr:Usage/Cap |           Memory-Usage | GPU-Util  Compute M. |
|                                         |                        |               MIG M. |
|=========================================+========================+======================|
|   0  NVIDIA L40S                    On  |   00000000:0D:00.0 Off |                    0 |
| N/A   40C    P0             38W /  350W |     503MiB /  46068MiB |      1%      Default |
|                                         |                        |                  N/A |
+-----------------------------------------+------------------------+----------------------+
                                                                                         
+-----------------------------------------------------------------------------------------+
| Processes:                                                                              |
|  GPU   GI   CI        PID   Type   Process name                              GPU Memory |
|        ID   ID                                                               Usage      |
|=========================================================================================|
|    0   N/A  N/A   2438712      C   python3                                       494MiB |
+-----------------------------------------------------------------------------------------+
CUDA verified: NVIDIA L40S; tensor dot product=8.0
GPU startup: NVIDIA L40S, 533, 46068, 5
Loaded train=6026, valid=754; reserved test set is not loaded
epoch=1 loss=0.601197 valid_micro_fmax=0.019807
epoch=2 loss=0.498447 valid_micro_fmax=0.034221
epoch=3 loss=0.456730 valid_micro_fmax=0.047419
epoch=4 loss=0.434439 valid_micro_fmax=0.055730
epoch=5 loss=0.420589 valid_micro_fmax=0.074432
epoch=6 loss=0.409971 valid_micro_fmax=0.079598
epoch=7 loss=0.401677 valid_micro_fmax=0.091956
epoch=8 loss=0.394840 valid_micro_fmax=0.098075
epoch=9 loss=0.388073 valid_micro_fmax=0.104488
epoch=10 loss=0.382724 valid_micro_fmax=0.113857
epoch=11 loss=0.376765 valid_micro_fmax=0.123636
epoch=12 loss=0.371562 valid_micro_fmax=0.133600
epoch=13 loss=0.366152 valid_micro_fmax=0.135160
epoch=14 loss=0.360133 valid_micro_fmax=0.147782
epoch=15 loss=0.354651 valid_micro_fmax=0.155352
epoch=16 loss=0.347915 valid_micro_fmax=0.161238
epoch=17 loss=0.341198 valid_micro_fmax=0.171202
epoch=18 loss=0.334136 valid_micro_fmax=0.190962
epoch=19 loss=0.325586 valid_micro_fmax=0.195857
epoch=20 loss=0.317234 valid_micro_fmax=0.210175
epoch=21 loss=0.308398 valid_micro_fmax=0.213022
epoch=22 loss=0.298722 valid_micro_fmax=0.226312
epoch=23 loss=0.288854 valid_micro_fmax=0.237121
epoch=24 loss=0.278260 valid_micro_fmax=0.245155
epoch=25 loss=0.267404 valid_micro_fmax=0.243386
epoch=26 loss=0.256682 valid_micro_fmax=0.256636
epoch=27 loss=0.245100 valid_micro_fmax=0.263603
epoch=28 loss=0.233561 valid_micro_fmax=0.269522
epoch=29 loss=0.221943 valid_micro_fmax=0.277833
epoch=30 loss=0.210257 valid_micro_fmax=0.280443
epoch=31 loss=0.198925 valid_micro_fmax=0.286659
epoch=32 loss=0.187320 valid_micro_fmax=0.284182
epoch=33 loss=0.176230 valid_micro_fmax=0.295949
epoch=34 loss=0.165160 valid_micro_fmax=0.306548
epoch=35 loss=0.154764 valid_micro_fmax=0.308260
epoch=36 loss=0.144894 valid_micro_fmax=0.314275
epoch=37 loss=0.134987 valid_micro_fmax=0.320326
epoch=38 loss=0.125691 valid_micro_fmax=0.318064
epoch=39 loss=0.116804 valid_micro_fmax=0.332111
epoch=40 loss=0.108695 valid_micro_fmax=0.328221
epoch=41 loss=0.101039 valid_micro_fmax=0.330240
epoch=42 loss=0.093753 valid_micro_fmax=0.341626
epoch=43 loss=0.086958 valid_micro_fmax=0.342149
epoch=44 loss=0.080822 valid_micro_fmax=0.346732
epoch=45 loss=0.075052 valid_micro_fmax=0.344570
epoch=46 loss=0.069470 valid_micro_fmax=0.345130
epoch=47 loss=0.064491 valid_micro_fmax=0.349660
epoch=48 loss=0.060029 valid_micro_fmax=0.360772
epoch=49 loss=0.055720 valid_micro_fmax=0.360941
epoch=50 loss=0.051769 valid_micro_fmax=0.361235
epoch=51 loss=0.047861 valid_micro_fmax=0.360873
epoch=52 loss=0.044681 valid_micro_fmax=0.361229
epoch=53 loss=0.042239 valid_micro_fmax=0.369244
epoch=54 loss=0.038899 valid_micro_fmax=0.377113
epoch=55 loss=0.036133 valid_micro_fmax=0.375118
epoch=56 loss=0.033743 valid_micro_fmax=0.371594
epoch=57 loss=0.031311 valid_micro_fmax=0.378942
epoch=58 loss=0.029732 valid_micro_fmax=0.374966
epoch=59 loss=0.027586 valid_micro_fmax=0.382462
epoch=60 loss=0.025759 valid_micro_fmax=0.377107
epoch=61 loss=0.024114 valid_micro_fmax=0.381722
epoch=62 loss=0.022479 valid_micro_fmax=0.388113
epoch=63 loss=0.021227 valid_micro_fmax=0.387009
epoch=64 loss=0.019707 valid_micro_fmax=0.385771
epoch=65 loss=0.018531 valid_micro_fmax=0.391223
epoch=66 loss=0.017738 valid_micro_fmax=0.387295
epoch=67 loss=0.016471 valid_micro_fmax=0.389873
epoch=68 loss=0.015440 valid_micro_fmax=0.389226
epoch=69 loss=0.014721 valid_micro_fmax=0.400399
epoch=70 loss=0.013836 valid_micro_fmax=0.396875
epoch=71 loss=0.013029 valid_micro_fmax=0.385768
epoch=72 loss=0.012279 valid_micro_fmax=0.390020
epoch=73 loss=0.011477 valid_micro_fmax=0.389492
epoch=74 loss=0.010826 valid_micro_fmax=0.397707
epoch=75 loss=0.010347 valid_micro_fmax=0.390011
epoch=76 loss=0.009794 valid_micro_fmax=0.391886
epoch=77 loss=0.009335 valid_micro_fmax=0.390381
epoch=78 loss=0.009108 valid_micro_fmax=0.388923
Early stopping after 78 epochs (patience=9)
GPU completion: NVIDIA L40S, 44859, 46068, 10
