GPU: NVIDIA L40S
CUDA tensor check: 8.0
Wed Jul 15 14:46:47 2026       
+-----------------------------------------------------------------------------------------+
| NVIDIA-SMI 560.35.03              Driver Version: 560.35.03      CUDA Version: 12.6     |
|-----------------------------------------+------------------------+----------------------+
| GPU  Name                 Persistence-M | Bus-Id          Disp.A | Volatile Uncorr. ECC |
| Fan  Temp   Perf          Pwr:Usage/Cap |           Memory-Usage | GPU-Util  Compute M. |
|                                         |                        |               MIG M. |
|=========================================+========================+======================|
|   0  NVIDIA L40S                    On  |   00000000:B5:00.0 Off |                    0 |
| N/A   46C    P0             42W /  350W |     503MiB /  46068MiB |      0%      Default |
|                                         |                        |                  N/A |
+-----------------------------------------+------------------------+----------------------+
                                                                                         
+-----------------------------------------------------------------------------------------+
| Processes:                                                                              |
|  GPU   GI   CI        PID   Type   Process name                              GPU Memory |
|        ID   ID                                                               Usage      |
|=========================================================================================|
|    0   N/A  N/A   4171832      C   python3                                       494MiB |
+-----------------------------------------------------------------------------------------+
CUDA verified: NVIDIA L40S; tensor dot product=8.0
GPU startup: NVIDIA L40S, 533, 46068, 5
Loaded train=6026, valid=754; reserved test set is not loaded
epoch=1 loss=1.242921 valid_micro_fmax=0.034396
epoch=2 loss=1.181446 valid_micro_fmax=0.034961
epoch=3 loss=1.130730 valid_micro_fmax=0.037518
epoch=4 loss=1.090179 valid_micro_fmax=0.032218
epoch=5 loss=1.055822 valid_micro_fmax=0.036576
epoch=6 loss=1.027792 valid_micro_fmax=0.032800
epoch=7 loss=1.003389 valid_micro_fmax=0.037007
epoch=8 loss=0.980436 valid_micro_fmax=0.028717
epoch=9 loss=0.962138 valid_micro_fmax=0.031190
epoch=10 loss=0.943073 valid_micro_fmax=0.033811
epoch=11 loss=0.926507 valid_micro_fmax=0.036694
epoch=12 loss=0.912773 valid_micro_fmax=0.042857
epoch=13 loss=0.898625 valid_micro_fmax=0.041067
epoch=14 loss=0.887666 valid_micro_fmax=0.044096
epoch=15 loss=0.877160 valid_micro_fmax=0.049318
epoch=16 loss=0.865760 valid_micro_fmax=0.048401
epoch=17 loss=0.855168 valid_micro_fmax=0.048196
epoch=18 loss=0.846115 valid_micro_fmax=0.062400
epoch=19 loss=0.836617 valid_micro_fmax=0.063979
epoch=20 loss=0.828609 valid_micro_fmax=0.070263
epoch=21 loss=0.821933 valid_micro_fmax=0.074249
epoch=22 loss=0.813630 valid_micro_fmax=0.077135
epoch=23 loss=0.806723 valid_micro_fmax=0.075991
epoch=24 loss=0.799649 valid_micro_fmax=0.079024
epoch=25 loss=0.793272 valid_micro_fmax=0.080212
epoch=26 loss=0.786911 valid_micro_fmax=0.081787
epoch=27 loss=0.780399 valid_micro_fmax=0.083383
epoch=28 loss=0.774347 valid_micro_fmax=0.092374
epoch=29 loss=0.768308 valid_micro_fmax=0.098122
epoch=30 loss=0.762369 valid_micro_fmax=0.101418
epoch=31 loss=0.756451 valid_micro_fmax=0.096844
epoch=32 loss=0.750412 valid_micro_fmax=0.093270
epoch=33 loss=0.745088 valid_micro_fmax=0.103864
epoch=34 loss=0.739223 valid_micro_fmax=0.098745
epoch=35 loss=0.732982 valid_micro_fmax=0.101375
epoch=36 loss=0.726648 valid_micro_fmax=0.105967
epoch=37 loss=0.720723 valid_micro_fmax=0.108009
epoch=38 loss=0.715243 valid_micro_fmax=0.106676
epoch=39 loss=0.708730 valid_micro_fmax=0.106743
epoch=40 loss=0.702697 valid_micro_fmax=0.112127
epoch=41 loss=0.696227 valid_micro_fmax=0.108362
epoch=42 loss=0.689649 valid_micro_fmax=0.113598
epoch=43 loss=0.682631 valid_micro_fmax=0.114016
epoch=44 loss=0.676413 valid_micro_fmax=0.122799
epoch=45 loss=0.669202 valid_micro_fmax=0.127599
epoch=46 loss=0.662005 valid_micro_fmax=0.128045
epoch=47 loss=0.654958 valid_micro_fmax=0.125463
epoch=48 loss=0.647777 valid_micro_fmax=0.127993
epoch=49 loss=0.640188 valid_micro_fmax=0.126074
epoch=50 loss=0.632697 valid_micro_fmax=0.125911
epoch=51 loss=0.624627 valid_micro_fmax=0.131879
epoch=52 loss=0.616513 valid_micro_fmax=0.137990
epoch=53 loss=0.608556 valid_micro_fmax=0.136411
epoch=54 loss=0.600190 valid_micro_fmax=0.134580
epoch=55 loss=0.592602 valid_micro_fmax=0.129963
epoch=56 loss=0.583009 valid_micro_fmax=0.139469
epoch=57 loss=0.573915 valid_micro_fmax=0.139256
epoch=58 loss=0.566012 valid_micro_fmax=0.145629
epoch=59 loss=0.556958 valid_micro_fmax=0.139215
epoch=60 loss=0.547852 valid_micro_fmax=0.143752
epoch=61 loss=0.538597 valid_micro_fmax=0.146865
epoch=62 loss=0.529255 valid_micro_fmax=0.146019
epoch=63 loss=0.519991 valid_micro_fmax=0.145995
epoch=64 loss=0.510702 valid_micro_fmax=0.138346
epoch=65 loss=0.501508 valid_micro_fmax=0.150455
epoch=66 loss=0.491706 valid_micro_fmax=0.145517
epoch=67 loss=0.482371 valid_micro_fmax=0.147717
epoch=68 loss=0.472889 valid_micro_fmax=0.153977
epoch=69 loss=0.463327 valid_micro_fmax=0.148515
epoch=70 loss=0.453451 valid_micro_fmax=0.151018
epoch=71 loss=0.444544 valid_micro_fmax=0.150511
epoch=72 loss=0.434899 valid_micro_fmax=0.153624
epoch=73 loss=0.425431 valid_micro_fmax=0.150913
epoch=74 loss=0.416134 valid_micro_fmax=0.156704
epoch=75 loss=0.406836 valid_micro_fmax=0.153520
epoch=76 loss=0.397752 valid_micro_fmax=0.163321
epoch=77 loss=0.388541 valid_micro_fmax=0.155613
epoch=78 loss=0.379645 valid_micro_fmax=0.162697
epoch=79 loss=0.370363 valid_micro_fmax=0.167811
epoch=80 loss=0.361775 valid_micro_fmax=0.159309
epoch=81 loss=0.352843 valid_micro_fmax=0.165975
epoch=82 loss=0.344182 valid_micro_fmax=0.167004
epoch=83 loss=0.335171 valid_micro_fmax=0.165688
epoch=84 loss=0.326931 valid_micro_fmax=0.167920
epoch=85 loss=0.318807 valid_micro_fmax=0.171277
epoch=86 loss=0.310793 valid_micro_fmax=0.174434
epoch=87 loss=0.302654 valid_micro_fmax=0.172046
epoch=88 loss=0.294470 valid_micro_fmax=0.174938
epoch=89 loss=0.287062 valid_micro_fmax=0.182364
epoch=90 loss=0.279084 valid_micro_fmax=0.172647
epoch=91 loss=0.271250 valid_micro_fmax=0.178119
epoch=92 loss=0.263874 valid_micro_fmax=0.178988
epoch=93 loss=0.256863 valid_micro_fmax=0.174486
epoch=94 loss=0.250147 valid_micro_fmax=0.182232
epoch=95 loss=0.243091 valid_micro_fmax=0.183119
epoch=96 loss=0.235648 valid_micro_fmax=0.185262
epoch=97 loss=0.229620 valid_micro_fmax=0.194203
epoch=98 loss=0.223135 valid_micro_fmax=0.188617
epoch=99 loss=0.216664 valid_micro_fmax=0.185997
epoch=100 loss=0.210761 valid_micro_fmax=0.185020
epoch=101 loss=0.204719 valid_micro_fmax=0.196951
epoch=102 loss=0.198662 valid_micro_fmax=0.194011
epoch=103 loss=0.192978 valid_micro_fmax=0.193999
epoch=104 loss=0.187557 valid_micro_fmax=0.205859
epoch=105 loss=0.182148 valid_micro_fmax=0.197420
epoch=106 loss=0.177029 valid_micro_fmax=0.206920
epoch=107 loss=0.171497 valid_micro_fmax=0.202759
epoch=108 loss=0.166438 valid_micro_fmax=0.211532
epoch=109 loss=0.161677 valid_micro_fmax=0.205043
epoch=110 loss=0.156784 valid_micro_fmax=0.214203
epoch=111 loss=0.152055 valid_micro_fmax=0.222222
epoch=112 loss=0.147905 valid_micro_fmax=0.218073
epoch=113 loss=0.143428 valid_micro_fmax=0.230042
epoch=114 loss=0.139356 valid_micro_fmax=0.221542
epoch=115 loss=0.134796 valid_micro_fmax=0.213415
epoch=116 loss=0.131861 valid_micro_fmax=0.221821
epoch=117 loss=0.127036 valid_micro_fmax=0.215572
epoch=118 loss=0.122851 valid_micro_fmax=0.215370
epoch=119 loss=0.119570 valid_micro_fmax=0.225266
epoch=120 loss=0.116288 valid_micro_fmax=0.238552
epoch=121 loss=0.112564 valid_micro_fmax=0.236716
epoch=122 loss=0.109281 valid_micro_fmax=0.227591
epoch=123 loss=0.106086 valid_micro_fmax=0.235680
epoch=124 loss=0.103263 valid_micro_fmax=0.234627
epoch=125 loss=0.099950 valid_micro_fmax=0.234853
epoch=126 loss=0.096802 valid_micro_fmax=0.238462
epoch=127 loss=0.094351 valid_micro_fmax=0.229782
epoch=128 loss=0.091278 valid_micro_fmax=0.236742
epoch=129 loss=0.088588 valid_micro_fmax=0.235988
Early stopping after 129 epochs (patience=9)
GPU completion: NVIDIA L40S, 14875, 46068, 0
