GPU: NVIDIA L40S
CUDA tensor check: 8.0
Mon Jul 20 06:19:55 2026       
+-----------------------------------------------------------------------------------------+
| NVIDIA-SMI 560.35.03              Driver Version: 560.35.03      CUDA Version: 12.6     |
|-----------------------------------------+------------------------+----------------------+
| GPU  Name                 Persistence-M | Bus-Id          Disp.A | Volatile Uncorr. ECC |
| Fan  Temp   Perf          Pwr:Usage/Cap |           Memory-Usage | GPU-Util  Compute M. |
|                                         |                        |               MIG M. |
|=========================================+========================+======================|
|   0  NVIDIA L40S                    On  |   00000000:B5:00.0 Off |                    0 |
| N/A   49C    P0             42W /  350W |     503MiB /  46068MiB |      0%      Default |
|                                         |                        |                  N/A |
+-----------------------------------------+------------------------+----------------------+
                                                                                         
+-----------------------------------------------------------------------------------------+
| Processes:                                                                              |
|  GPU   GI   CI        PID   Type   Process name                              GPU Memory |
|        ID   ID                                                               Usage      |
|=========================================================================================|
|    0   N/A  N/A   1794558      C   python3                                       494MiB |
+-----------------------------------------------------------------------------------------+
CUDA verified: NVIDIA L40S; tensor dot product=8.0
GPU startup: NVIDIA L40S, 533, 46068, 5
Loaded train=6026, valid=754; reserved test set is not loaded
epoch=1 loss=1.050743 validation_macro_fmax=0.355242 valid_micro_fmax=0.199468
epoch=2 loss=0.855324 validation_macro_fmax=0.380509 valid_micro_fmax=0.286108
epoch=3 loss=0.768227 validation_macro_fmax=0.390597 valid_micro_fmax=0.339500
epoch=4 loss=0.703768 validation_macro_fmax=0.410439 valid_micro_fmax=0.311950
epoch=5 loss=0.638437 validation_macro_fmax=0.402818 valid_micro_fmax=0.347165
epoch=6 loss=0.567612 validation_macro_fmax=0.410352 valid_micro_fmax=0.369300
epoch=7 loss=0.488974 validation_macro_fmax=0.405840 valid_micro_fmax=0.369850
epoch=8 loss=0.408520 validation_macro_fmax=0.405453 valid_micro_fmax=0.415433
epoch=9 loss=0.332020 validation_macro_fmax=0.414161 valid_micro_fmax=0.468642
epoch=10 loss=0.266897 validation_macro_fmax=0.405650 valid_micro_fmax=0.487488
epoch=11 loss=0.212275 validation_macro_fmax=0.404130 valid_micro_fmax=0.495832
epoch=12 loss=0.170546 validation_macro_fmax=0.417728 valid_micro_fmax=0.458342
epoch=13 loss=0.138101 validation_macro_fmax=0.409745 valid_micro_fmax=0.471721
epoch=14 loss=0.113851 validation_macro_fmax=0.407307 valid_micro_fmax=0.480915
epoch=15 loss=0.094885 validation_macro_fmax=0.415579 valid_micro_fmax=0.487244
epoch=16 loss=0.079800 validation_macro_fmax=0.405805 valid_micro_fmax=0.502684
epoch=17 loss=0.067224 validation_macro_fmax=0.409368 valid_micro_fmax=0.497988
epoch=18 loss=0.058344 validation_macro_fmax=0.406221 valid_micro_fmax=0.513995
epoch=19 loss=0.051066 validation_macro_fmax=0.413530 valid_micro_fmax=0.510116
epoch=20 loss=0.044755 validation_macro_fmax=0.421688 valid_micro_fmax=0.467992
epoch=21 loss=0.038210 validation_macro_fmax=0.423203 valid_micro_fmax=0.512761
epoch=22 loss=0.034371 validation_macro_fmax=0.403093 valid_micro_fmax=0.511222
epoch=23 loss=0.031409 validation_macro_fmax=0.422008 valid_micro_fmax=0.537568
epoch=24 loss=0.028407 validation_macro_fmax=0.416310 valid_micro_fmax=0.508387
epoch=25 loss=0.024620 validation_macro_fmax=0.419691 valid_micro_fmax=0.502436
epoch=26 loss=0.022160 validation_macro_fmax=0.422819 valid_micro_fmax=0.518861
epoch=27 loss=0.020539 validation_macro_fmax=0.417998 valid_micro_fmax=0.500117
epoch=28 loss=0.018591 validation_macro_fmax=0.405966 valid_micro_fmax=0.478669
epoch=29 loss=0.016902 validation_macro_fmax=0.410609 valid_micro_fmax=0.535920
epoch=30 loss=0.015155 validation_macro_fmax=0.392559 valid_micro_fmax=0.516954
Early stopping after 30 epochs (patience=9)
GPU completion: NVIDIA L40S, 23789, 46068, 0
