GPU: NVIDIA L40S
CUDA tensor check: 8.0
Wed Jul 15 20:16:14 2026       
+-----------------------------------------------------------------------------------------+
| NVIDIA-SMI 560.35.03              Driver Version: 560.35.03      CUDA Version: 12.6     |
|-----------------------------------------+------------------------+----------------------+
| GPU  Name                 Persistence-M | Bus-Id          Disp.A | Volatile Uncorr. ECC |
| Fan  Temp   Perf          Pwr:Usage/Cap |           Memory-Usage | GPU-Util  Compute M. |
|                                         |                        |               MIG M. |
|=========================================+========================+======================|
|   0  NVIDIA L40S                    On  |   00000000:0D:00.0 Off |                    0 |
| N/A   40C    P0             41W /  350W |     503MiB /  46068MiB |      0%      Default |
|                                         |                        |                  N/A |
+-----------------------------------------+------------------------+----------------------+
                                                                                         
+-----------------------------------------------------------------------------------------+
| Processes:                                                                              |
|  GPU   GI   CI        PID   Type   Process name                              GPU Memory |
|        ID   ID                                                               Usage      |
|=========================================================================================|
|    0   N/A  N/A   2457708      C   python3                                       494MiB |
+-----------------------------------------------------------------------------------------+
CUDA verified: NVIDIA L40S; tensor dot product=8.0
GPU startup: NVIDIA L40S, 533, 46068, 5
Loaded train=6026, valid=754; reserved test set is not loaded
epoch=1 loss=0.868112 valid_micro_fmax=0.151185
epoch=2 loss=0.554429 valid_micro_fmax=0.260730
epoch=3 loss=0.257110 valid_micro_fmax=0.322943
epoch=4 loss=0.110225 valid_micro_fmax=0.316457
epoch=5 loss=0.057668 valid_micro_fmax=0.359049
epoch=6 loss=0.033132 valid_micro_fmax=0.398828
epoch=7 loss=0.022358 valid_micro_fmax=0.395032
epoch=8 loss=0.018086 valid_micro_fmax=0.396490
epoch=9 loss=0.012956 valid_micro_fmax=0.388016
epoch=10 loss=0.242892 valid_micro_fmax=0.174992
epoch=11 loss=0.062895 valid_micro_fmax=0.278660
epoch=12 loss=0.032315 valid_micro_fmax=0.334046
epoch=13 loss=0.021571 valid_micro_fmax=0.355465
epoch=14 loss=0.016043 valid_micro_fmax=0.357389
Early stopping after 14 epochs (patience=8)
GPU completion: NVIDIA L40S, 37249, 46068, 10
