GPU: NVIDIA L40S
CUDA tensor check: 8.0
Sun Jul 19 06:08:37 2026       
+-----------------------------------------------------------------------------------------+
| NVIDIA-SMI 560.35.03              Driver Version: 560.35.03      CUDA Version: 12.6     |
|-----------------------------------------+------------------------+----------------------+
| GPU  Name                 Persistence-M | Bus-Id          Disp.A | Volatile Uncorr. ECC |
| Fan  Temp   Perf          Pwr:Usage/Cap |           Memory-Usage | GPU-Util  Compute M. |
|                                         |                        |               MIG M. |
|=========================================+========================+======================|
|   0  NVIDIA L40S                    On  |   00000000:0D:00.0 Off |                    0 |
| N/A   51C    P0             44W /  350W |     503MiB /  46068MiB |      5%      Default |
|                                         |                        |                  N/A |
+-----------------------------------------+------------------------+----------------------+
                                                                                         
+-----------------------------------------------------------------------------------------+
| Processes:                                                                              |
|  GPU   GI   CI        PID   Type   Process name                              GPU Memory |
|        ID   ID                                                               Usage      |
|=========================================================================================|
|    0   N/A  N/A   1040960      C   python3                                       494MiB |
+-----------------------------------------------------------------------------------------+
CUDA verified: NVIDIA L40S; tensor dot product=8.0
GPU startup: NVIDIA L40S, 533, 46068, 0
Loaded train=6026, valid=754; reserved test set is not loaded
epoch=1 loss=0.592212 validation_macro_fmax=0.204269 valid_micro_fmax=0.094867
epoch=2 loss=0.487541 validation_macro_fmax=0.230177 valid_micro_fmax=0.104010
epoch=3 loss=0.440919 validation_macro_fmax=0.237219 valid_micro_fmax=0.111994
epoch=4 loss=0.411588 validation_macro_fmax=0.239825 valid_micro_fmax=0.120295
epoch=5 loss=0.390089 validation_macro_fmax=0.243361 valid_micro_fmax=0.129996
epoch=6 loss=0.369454 validation_macro_fmax=0.241657 valid_micro_fmax=0.136240
epoch=7 loss=0.349427 validation_macro_fmax=0.241876 valid_micro_fmax=0.144957
epoch=8 loss=0.329661 validation_macro_fmax=0.245213 valid_micro_fmax=0.145952
epoch=9 loss=0.308383 validation_macro_fmax=0.241812 valid_micro_fmax=0.158206
epoch=10 loss=0.284543 validation_macro_fmax=0.237790 valid_micro_fmax=0.177581
epoch=11 loss=0.262098 validation_macro_fmax=0.230377 valid_micro_fmax=0.185263
epoch=12 loss=0.237692 validation_macro_fmax=0.239970 valid_micro_fmax=0.201357
epoch=13 loss=0.215275 validation_macro_fmax=0.234049 valid_micro_fmax=0.199313
epoch=14 loss=0.193020 validation_macro_fmax=0.236292 valid_micro_fmax=0.226124
epoch=15 loss=0.172441 validation_macro_fmax=0.232258 valid_micro_fmax=0.253907
epoch=16 loss=0.153950 validation_macro_fmax=0.232155 valid_micro_fmax=0.263281
epoch=17 loss=0.136744 validation_macro_fmax=0.230498 valid_micro_fmax=0.248564
Early stopping after 17 epochs (patience=9)
GPU completion: NVIDIA L40S, 19297, 46068, 0
