GPU: NVIDIA L40S
CUDA tensor check: 8.0
Mon Jul 20 03:44:52 2026       
+-----------------------------------------------------------------------------------------+
| NVIDIA-SMI 560.35.03              Driver Version: 560.35.03      CUDA Version: 12.6     |
|-----------------------------------------+------------------------+----------------------+
| GPU  Name                 Persistence-M | Bus-Id          Disp.A | Volatile Uncorr. ECC |
| Fan  Temp   Perf          Pwr:Usage/Cap |           Memory-Usage | GPU-Util  Compute M. |
|                                         |                        |               MIG M. |
|=========================================+========================+======================|
|   0  NVIDIA L40S                    On  |   00000000:0D:00.0 Off |                    0 |
| N/A   37C    P0             41W /  350W |     503MiB /  46068MiB |      0%      Default |
|                                         |                        |                  N/A |
+-----------------------------------------+------------------------+----------------------+
                                                                                         
+-----------------------------------------------------------------------------------------+
| Processes:                                                                              |
|  GPU   GI   CI        PID   Type   Process name                              GPU Memory |
|        ID   ID                                                               Usage      |
|=========================================================================================|
|    0   N/A  N/A   1459568      C   python3                                       494MiB |
+-----------------------------------------------------------------------------------------+
CUDA verified: NVIDIA L40S; tensor dot product=8.0
GPU startup: NVIDIA L40S, 533, 46068, 0
Loaded train=6026, valid=754; reserved test set is not loaded
epoch=1 loss=0.874941 validation_macro_fmax=0.399027 valid_micro_fmax=0.295382
epoch=2 loss=0.562635 validation_macro_fmax=0.418948 valid_micro_fmax=0.449467
epoch=3 loss=0.287718 validation_macro_fmax=0.403212 valid_micro_fmax=0.454213
epoch=4 loss=0.166388 validation_macro_fmax=0.408859 valid_micro_fmax=0.492485
epoch=5 loss=0.092594 validation_macro_fmax=0.406115 valid_micro_fmax=0.517391
epoch=6 loss=0.058326 validation_macro_fmax=0.401625 valid_micro_fmax=0.504425
epoch=7 loss=0.041239 validation_macro_fmax=0.393606 valid_micro_fmax=0.452760
epoch=8 loss=0.029611 validation_macro_fmax=0.395477 valid_micro_fmax=0.457000
epoch=9 loss=0.025080 validation_macro_fmax=0.399530 valid_micro_fmax=0.433470
epoch=10 loss=0.023117 validation_macro_fmax=0.430184 valid_micro_fmax=0.458591
epoch=11 loss=0.018653 validation_macro_fmax=0.375926 valid_micro_fmax=0.473786
epoch=12 loss=0.058899 validation_macro_fmax=0.406227 valid_micro_fmax=0.531672
epoch=13 loss=0.141973 validation_macro_fmax=0.375803 valid_micro_fmax=0.459028
epoch=14 loss=0.049720 validation_macro_fmax=0.392323 valid_micro_fmax=0.488946
epoch=15 loss=0.027675 validation_macro_fmax=0.402860 valid_micro_fmax=0.497734
epoch=16 loss=0.018688 validation_macro_fmax=0.393792 valid_micro_fmax=0.522160
epoch=17 loss=0.017032 validation_macro_fmax=0.400185 valid_micro_fmax=0.506765
epoch=18 loss=0.015834 validation_macro_fmax=0.398470 valid_micro_fmax=0.466069
epoch=19 loss=0.011632 validation_macro_fmax=0.400297 valid_micro_fmax=0.480960
Early stopping after 19 epochs (patience=9)
GPU completion: NVIDIA L40S, 17281, 46068, 0
