GPU: NVIDIA L40S
CUDA tensor check: 8.0
Mon Jul 20 03:12:02 2026       
+-----------------------------------------------------------------------------------------+
| NVIDIA-SMI 560.35.03              Driver Version: 560.35.03      CUDA Version: 12.6     |
|-----------------------------------------+------------------------+----------------------+
| GPU  Name                 Persistence-M | Bus-Id          Disp.A | Volatile Uncorr. ECC |
| Fan  Temp   Perf          Pwr:Usage/Cap |           Memory-Usage | GPU-Util  Compute M. |
|                                         |                        |               MIG M. |
|=========================================+========================+======================|
|   0  NVIDIA L40S                    On  |   00000000:B5:00.0 Off |                    0 |
| N/A   39C    P0             39W /  350W |     503MiB /  46068MiB |      0%      Default |
|                                         |                        |                  N/A |
+-----------------------------------------+------------------------+----------------------+
                                                                                         
+-----------------------------------------------------------------------------------------+
| Processes:                                                                              |
|  GPU   GI   CI        PID   Type   Process name                              GPU Memory |
|        ID   ID                                                               Usage      |
|=========================================================================================|
|    0   N/A  N/A   1512019      C   python3                                       494MiB |
+-----------------------------------------------------------------------------------------+
CUDA verified: NVIDIA L40S; tensor dot product=8.0
GPU startup: NVIDIA L40S, 533, 46068, 0
Loaded train=6026, valid=754; reserved test set is not loaded
epoch=1 loss=1.138215 validation_macro_fmax=0.143510 valid_micro_fmax=0.020064
epoch=2 loss=0.980174 validation_macro_fmax=0.186537 valid_micro_fmax=0.036258
epoch=3 loss=0.903120 validation_macro_fmax=0.217622 valid_micro_fmax=0.051443
epoch=4 loss=0.853734 validation_macro_fmax=0.247694 valid_micro_fmax=0.067134
epoch=5 loss=0.818693 validation_macro_fmax=0.261961 valid_micro_fmax=0.079404
epoch=6 loss=0.791065 validation_macro_fmax=0.281842 valid_micro_fmax=0.091218
epoch=7 loss=0.767476 validation_macro_fmax=0.290578 valid_micro_fmax=0.098159
epoch=8 loss=0.746451 validation_macro_fmax=0.305340 valid_micro_fmax=0.108094
epoch=9 loss=0.724890 validation_macro_fmax=0.311514 valid_micro_fmax=0.115786
epoch=10 loss=0.701511 validation_macro_fmax=0.317770 valid_micro_fmax=0.126735
epoch=11 loss=0.675744 validation_macro_fmax=0.316358 valid_micro_fmax=0.127140
epoch=12 loss=0.645480 validation_macro_fmax=0.324592 valid_micro_fmax=0.140467
epoch=13 loss=0.612432 validation_macro_fmax=0.323792 valid_micro_fmax=0.139007
epoch=14 loss=0.573329 validation_macro_fmax=0.331509 valid_micro_fmax=0.144988
epoch=15 loss=0.531451 validation_macro_fmax=0.327003 valid_micro_fmax=0.151658
epoch=16 loss=0.484757 validation_macro_fmax=0.337377 valid_micro_fmax=0.155365
epoch=17 loss=0.434967 validation_macro_fmax=0.339223 valid_micro_fmax=0.165159
epoch=18 loss=0.384523 validation_macro_fmax=0.349625 valid_micro_fmax=0.174201
epoch=19 loss=0.335745 validation_macro_fmax=0.346997 valid_micro_fmax=0.179205
epoch=20 loss=0.290545 validation_macro_fmax=0.351339 valid_micro_fmax=0.188423
epoch=21 loss=0.248293 validation_macro_fmax=0.355255 valid_micro_fmax=0.199031
epoch=22 loss=0.211586 validation_macro_fmax=0.350169 valid_micro_fmax=0.192085
epoch=23 loss=0.179320 validation_macro_fmax=0.353017 valid_micro_fmax=0.199707
epoch=24 loss=0.153768 validation_macro_fmax=0.355451 valid_micro_fmax=0.208392
epoch=25 loss=0.130947 validation_macro_fmax=0.346023 valid_micro_fmax=0.192950
epoch=26 loss=0.112307 validation_macro_fmax=0.356542 valid_micro_fmax=0.218359
epoch=27 loss=0.096531 validation_macro_fmax=0.360731 valid_micro_fmax=0.217436
epoch=28 loss=0.084041 validation_macro_fmax=0.356787 valid_micro_fmax=0.205920
epoch=29 loss=0.074717 validation_macro_fmax=0.364290 valid_micro_fmax=0.219300
epoch=30 loss=0.063564 validation_macro_fmax=0.364378 valid_micro_fmax=0.214802
epoch=31 loss=0.056770 validation_macro_fmax=0.357289 valid_micro_fmax=0.207189
epoch=32 loss=0.050339 validation_macro_fmax=0.359902 valid_micro_fmax=0.233528
epoch=33 loss=0.045551 validation_macro_fmax=0.367063 valid_micro_fmax=0.212128
epoch=34 loss=0.039457 validation_macro_fmax=0.355843 valid_micro_fmax=0.213700
epoch=35 loss=0.035120 validation_macro_fmax=0.371466 valid_micro_fmax=0.225029
epoch=36 loss=0.032565 validation_macro_fmax=0.363193 valid_micro_fmax=0.225043
epoch=37 loss=0.027963 validation_macro_fmax=0.362221 valid_micro_fmax=0.217395
epoch=38 loss=0.026955 validation_macro_fmax=0.370695 valid_micro_fmax=0.229524
epoch=39 loss=0.024065 validation_macro_fmax=0.362444 valid_micro_fmax=0.218249
epoch=40 loss=0.022164 validation_macro_fmax=0.363890 valid_micro_fmax=0.229511
epoch=41 loss=0.019341 validation_macro_fmax=0.366843 valid_micro_fmax=0.233696
epoch=42 loss=0.017546 validation_macro_fmax=0.377207 valid_micro_fmax=0.239772
epoch=43 loss=0.021895 validation_macro_fmax=0.357640 valid_micro_fmax=0.234260
epoch=44 loss=0.014875 validation_macro_fmax=0.371557 valid_micro_fmax=0.231878
epoch=45 loss=0.015328 validation_macro_fmax=0.373808 valid_micro_fmax=0.244785
epoch=46 loss=0.012657 validation_macro_fmax=0.380783 valid_micro_fmax=0.243871
epoch=47 loss=0.011843 validation_macro_fmax=0.369877 valid_micro_fmax=0.251439
epoch=48 loss=0.013125 validation_macro_fmax=0.366038 valid_micro_fmax=0.243314
epoch=49 loss=0.009815 validation_macro_fmax=0.359952 valid_micro_fmax=0.235741
epoch=50 loss=0.010075 validation_macro_fmax=0.378087 valid_micro_fmax=0.247530
epoch=51 loss=0.011978 validation_macro_fmax=0.365630 valid_micro_fmax=0.268464
epoch=52 loss=0.008023 validation_macro_fmax=0.371446 valid_micro_fmax=0.264192
epoch=53 loss=0.007832 validation_macro_fmax=0.370217 valid_micro_fmax=0.267988
epoch=54 loss=0.007628 validation_macro_fmax=0.372678 valid_micro_fmax=0.253299
epoch=55 loss=0.006442 validation_macro_fmax=0.373054 valid_micro_fmax=0.269715
Early stopping after 55 epochs (patience=9)
GPU completion: NVIDIA L40S, 45003, 46068, 0
