GPU: NVIDIA L40S
CUDA tensor check: 8.0
Thu Jul 16 23:31:54 2026       
+-----------------------------------------------------------------------------------------+
| NVIDIA-SMI 560.35.03              Driver Version: 560.35.03      CUDA Version: 12.6     |
|-----------------------------------------+------------------------+----------------------+
| GPU  Name                 Persistence-M | Bus-Id          Disp.A | Volatile Uncorr. ECC |
| Fan  Temp   Perf          Pwr:Usage/Cap |           Memory-Usage | GPU-Util  Compute M. |
|                                         |                        |               MIG M. |
|=========================================+========================+======================|
|   0  NVIDIA L40S                    On  |   00000000:0D:00.0 Off |                    0 |
| N/A   36C    P0             38W /  350W |     503MiB /  46068MiB |      3%      Default |
|                                         |                        |                  N/A |
+-----------------------------------------+------------------------+----------------------+
                                                                                         
+-----------------------------------------------------------------------------------------+
| Processes:                                                                              |
|  GPU   GI   CI        PID   Type   Process name                              GPU Memory |
|        ID   ID                                                               Usage      |
|=========================================================================================|
|    0   N/A  N/A   2412739      C   python3                                       494MiB |
+-----------------------------------------------------------------------------------------+
CUDA verified: NVIDIA L40S; tensor dot product=8.0
GPU startup: NVIDIA L40S, 533, 46068, 0
Loaded train=6026, valid=754; reserved test set is not loaded
epoch=1 loss=1.100667 validation_macro_fmax=0.134944 valid_micro_fmax=0.057032
epoch=2 loss=0.912745 validation_macro_fmax=0.170640 valid_micro_fmax=0.079606
epoch=3 loss=0.827607 validation_macro_fmax=0.190507 valid_micro_fmax=0.101814
epoch=4 loss=0.771457 validation_macro_fmax=0.201382 valid_micro_fmax=0.101924
epoch=5 loss=0.720262 validation_macro_fmax=0.198462 valid_micro_fmax=0.115672
epoch=6 loss=0.664074 validation_macro_fmax=0.217382 valid_micro_fmax=0.115784
epoch=7 loss=0.602783 validation_macro_fmax=0.205017 valid_micro_fmax=0.129694
epoch=8 loss=0.535014 validation_macro_fmax=0.227691 valid_micro_fmax=0.129923
epoch=9 loss=0.465159 validation_macro_fmax=0.225555 valid_micro_fmax=0.144155
epoch=10 loss=0.394064 validation_macro_fmax=0.230165 valid_micro_fmax=0.165642
epoch=11 loss=0.326778 validation_macro_fmax=0.234855 valid_micro_fmax=0.152281
epoch=12 loss=0.268909 validation_macro_fmax=0.248161 valid_micro_fmax=0.174934
epoch=13 loss=0.219217 validation_macro_fmax=0.261284 valid_micro_fmax=0.196250
epoch=14 loss=0.179871 validation_macro_fmax=0.263356 valid_micro_fmax=0.199641
epoch=15 loss=0.148729 validation_macro_fmax=0.257504 valid_micro_fmax=0.198099
epoch=16 loss=0.123376 validation_macro_fmax=0.270014 valid_micro_fmax=0.227905
epoch=17 loss=0.102812 validation_macro_fmax=0.263364 valid_micro_fmax=0.220894
epoch=18 loss=0.086727 validation_macro_fmax=0.268975 valid_micro_fmax=0.236522
epoch=19 loss=0.073958 validation_macro_fmax=0.260148 valid_micro_fmax=0.238859
epoch=20 loss=0.063738 validation_macro_fmax=0.260622 valid_micro_fmax=0.267401
epoch=21 loss=0.055999 validation_macro_fmax=0.256030 valid_micro_fmax=0.252383
epoch=22 loss=0.048425 validation_macro_fmax=0.255936 valid_micro_fmax=0.265485
epoch=23 loss=0.042519 validation_macro_fmax=0.260199 valid_micro_fmax=0.248013
epoch=24 loss=0.037325 validation_macro_fmax=0.265189 valid_micro_fmax=0.273617
epoch=25 loss=0.033368 validation_macro_fmax=0.264737 valid_micro_fmax=0.275349
Early stopping after 25 epochs (patience=9)
GPU completion: NVIDIA L40S, 14875, 46068, 0
