GPU: NVIDIA L40S
CUDA tensor check: 8.0
Sun Jul 19 05:37:29 2026       
+-----------------------------------------------------------------------------------------+
| NVIDIA-SMI 560.35.03              Driver Version: 560.35.03      CUDA Version: 12.6     |
|-----------------------------------------+------------------------+----------------------+
| GPU  Name                 Persistence-M | Bus-Id          Disp.A | Volatile Uncorr. ECC |
| Fan  Temp   Perf          Pwr:Usage/Cap |           Memory-Usage | GPU-Util  Compute M. |
|                                         |                        |               MIG M. |
|=========================================+========================+======================|
|   0  NVIDIA L40S                    On  |   00000000:B5:00.0 Off |                    0 |
| N/A   48C    P0             43W /  350W |     503MiB /  46068MiB |      0%      Default |
|                                         |                        |                  N/A |
+-----------------------------------------+------------------------+----------------------+
                                                                                         
+-----------------------------------------------------------------------------------------+
| Processes:                                                                              |
|  GPU   GI   CI        PID   Type   Process name                              GPU Memory |
|        ID   ID                                                               Usage      |
|=========================================================================================|
|    0   N/A  N/A    567343      C   python3                                       494MiB |
+-----------------------------------------------------------------------------------------+
CUDA verified: NVIDIA L40S; tensor dot product=8.0
GPU startup: NVIDIA L40S, 533, 46068, 5
Loaded train=6026, valid=754; reserved test set is not loaded
epoch=1 loss=0.810504 validation_macro_fmax=0.285665 valid_micro_fmax=0.244002
epoch=2 loss=0.425520 validation_macro_fmax=0.258016 valid_micro_fmax=0.277784
epoch=3 loss=0.273012 validation_macro_fmax=0.259408 valid_micro_fmax=0.282264
epoch=4 loss=0.196638 validation_macro_fmax=0.248249 valid_micro_fmax=0.306055
epoch=5 loss=0.148638 validation_macro_fmax=0.246962 valid_micro_fmax=0.307955
epoch=6 loss=0.115718 validation_macro_fmax=0.259808 valid_micro_fmax=0.335963
epoch=7 loss=0.110492 validation_macro_fmax=0.238193 valid_micro_fmax=0.303653
epoch=8 loss=0.079466 validation_macro_fmax=0.241239 valid_micro_fmax=0.359972
epoch=9 loss=0.085941 validation_macro_fmax=0.244338 valid_micro_fmax=0.334136
epoch=10 loss=0.069427 validation_macro_fmax=0.241984 valid_micro_fmax=0.355119
epoch=11 loss=0.058876 validation_macro_fmax=0.240751 valid_micro_fmax=0.341124
Early stopping after 11 epochs (patience=10)
GPU completion: NVIDIA L40S, 45369, 46068, 0
