GPU: NVIDIA L40S
CUDA tensor check: 8.0
Sun Jul 19 11:53:52 2026       
+-----------------------------------------------------------------------------------------+
| NVIDIA-SMI 560.35.03              Driver Version: 560.35.03      CUDA Version: 12.6     |
|-----------------------------------------+------------------------+----------------------+
| GPU  Name                 Persistence-M | Bus-Id          Disp.A | Volatile Uncorr. ECC |
| Fan  Temp   Perf          Pwr:Usage/Cap |           Memory-Usage | GPU-Util  Compute M. |
|                                         |                        |               MIG M. |
|=========================================+========================+======================|
|   0  NVIDIA L40S                    On  |   00000000:0D:00.0 Off |                    0 |
| N/A   47C    P0             40W /  350W |     503MiB /  46068MiB |      1%      Default |
|                                         |                        |                  N/A |
+-----------------------------------------+------------------------+----------------------+
                                                                                         
+-----------------------------------------------------------------------------------------+
| Processes:                                                                              |
|  GPU   GI   CI        PID   Type   Process name                              GPU Memory |
|        ID   ID                                                               Usage      |
|=========================================================================================|
|    0   N/A  N/A    755933      C   python3                                       494MiB |
+-----------------------------------------------------------------------------------------+
CUDA verified: NVIDIA L40S; tensor dot product=8.0
GPU startup: NVIDIA L40S, 533, 46068, 0
Loaded train=6026, valid=754; reserved test set is not loaded
epoch=1 loss=0.297051 validation_macro_fmax=0.227398 valid_micro_fmax=0.095762
epoch=2 loss=0.230496 validation_macro_fmax=0.236038 valid_micro_fmax=0.105921
epoch=3 loss=0.210488 validation_macro_fmax=0.245574 valid_micro_fmax=0.119169
epoch=4 loss=0.196281 validation_macro_fmax=0.246185 valid_micro_fmax=0.120632
epoch=5 loss=0.184054 validation_macro_fmax=0.258096 valid_micro_fmax=0.120947
epoch=6 loss=0.171661 validation_macro_fmax=0.277671 valid_micro_fmax=0.137555
epoch=7 loss=0.157481 validation_macro_fmax=0.280133 valid_micro_fmax=0.156762
epoch=8 loss=0.140972 validation_macro_fmax=0.283130 valid_micro_fmax=0.165733
epoch=9 loss=0.122798 validation_macro_fmax=0.293270 valid_micro_fmax=0.192421
epoch=10 loss=0.103638 validation_macro_fmax=0.296014 valid_micro_fmax=0.224127
epoch=11 loss=0.085498 validation_macro_fmax=0.294843 valid_micro_fmax=0.235880
epoch=12 loss=0.069580 validation_macro_fmax=0.301662 valid_micro_fmax=0.260429
epoch=13 loss=0.055945 validation_macro_fmax=0.301443 valid_micro_fmax=0.288610
epoch=14 loss=0.044860 validation_macro_fmax=0.298259 valid_micro_fmax=0.308487
epoch=15 loss=0.035641 validation_macro_fmax=0.284801 valid_micro_fmax=0.336313
epoch=16 loss=0.029167 validation_macro_fmax=0.289920 valid_micro_fmax=0.347644
epoch=17 loss=0.024050 validation_macro_fmax=0.288879 valid_micro_fmax=0.363465
epoch=18 loss=0.019946 validation_macro_fmax=0.289302 valid_micro_fmax=0.367316
epoch=19 loss=0.016693 validation_macro_fmax=0.284162 valid_micro_fmax=0.357970
epoch=20 loss=0.014108 validation_macro_fmax=0.294422 valid_micro_fmax=0.361060
epoch=21 loss=0.013417 validation_macro_fmax=0.296087 valid_micro_fmax=0.378128
epoch=22 loss=0.012812 validation_macro_fmax=0.288476 valid_micro_fmax=0.373213
Early stopping after 22 epochs (patience=10)
GPU completion: NVIDIA L40S, 31501, 46068, 0
