GPU: NVIDIA L40S
CUDA tensor check: 8.0
Sun Jul 19 06:16:52 2026       
+-----------------------------------------------------------------------------------------+
| NVIDIA-SMI 560.35.03              Driver Version: 560.35.03      CUDA Version: 12.6     |
|-----------------------------------------+------------------------+----------------------+
| GPU  Name                 Persistence-M | Bus-Id          Disp.A | Volatile Uncorr. ECC |
| Fan  Temp   Perf          Pwr:Usage/Cap |           Memory-Usage | GPU-Util  Compute M. |
|                                         |                        |               MIG M. |
|=========================================+========================+======================|
|   0  NVIDIA L40S                    On  |   00000000:B5:00.0 Off |                    0 |
| N/A   54C    P0             44W /  350W |     503MiB /  46068MiB |      1%      Default |
|                                         |                        |                  N/A |
+-----------------------------------------+------------------------+----------------------+
                                                                                         
+-----------------------------------------------------------------------------------------+
| Processes:                                                                              |
|  GPU   GI   CI        PID   Type   Process name                              GPU Memory |
|        ID   ID                                                               Usage      |
|=========================================================================================|
|    0   N/A  N/A    586329      C   python3                                       494MiB |
+-----------------------------------------------------------------------------------------+
CUDA verified: NVIDIA L40S; tensor dot product=8.0
GPU startup: NVIDIA L40S, 533, 46068, 5
Loaded train=6026, valid=754; reserved test set is not loaded
epoch=1 loss=0.369358 validation_macro_fmax=0.267278 valid_micro_fmax=0.242614
epoch=2 loss=0.144965 validation_macro_fmax=0.261631 valid_micro_fmax=0.301336
epoch=3 loss=0.083858 validation_macro_fmax=0.241542 valid_micro_fmax=0.312388
epoch=4 loss=0.062593 validation_macro_fmax=0.255927 valid_micro_fmax=0.302265
epoch=5 loss=0.047548 validation_macro_fmax=0.238434 valid_micro_fmax=0.297168
epoch=6 loss=0.036784 validation_macro_fmax=0.253945 valid_micro_fmax=0.339606
epoch=7 loss=0.033499 validation_macro_fmax=0.246818 valid_micro_fmax=0.349246
epoch=8 loss=0.030732 validation_macro_fmax=0.257156 valid_micro_fmax=0.338826
epoch=9 loss=0.026888 validation_macro_fmax=0.251624 valid_micro_fmax=0.321386
epoch=10 loss=0.022509 validation_macro_fmax=0.238532 valid_micro_fmax=0.325671
Early stopping after 10 epochs (patience=9)
GPU completion: NVIDIA L40S, 18161, 46068, 0
