GPU: NVIDIA L40S
CUDA tensor check: 8.0
Sun Jul 19 11:53:52 2026       
+-----------------------------------------------------------------------------------------+
| NVIDIA-SMI 560.35.03              Driver Version: 560.35.03      CUDA Version: 12.6     |
|-----------------------------------------+------------------------+----------------------+
| GPU  Name                 Persistence-M | Bus-Id          Disp.A | Volatile Uncorr. ECC |
| Fan  Temp   Perf          Pwr:Usage/Cap |           Memory-Usage | GPU-Util  Compute M. |
|                                         |                        |               MIG M. |
|=========================================+========================+======================|
|   0  NVIDIA L40S                    On  |   00000000:B5:00.0 Off |                    0 |
| N/A   52C    P0             41W /  350W |     503MiB /  46068MiB |      1%      Default |
|                                         |                        |                  N/A |
+-----------------------------------------+------------------------+----------------------+
                                                                                         
+-----------------------------------------------------------------------------------------+
| Processes:                                                                              |
|  GPU   GI   CI        PID   Type   Process name                              GPU Memory |
|        ID   ID                                                               Usage      |
|=========================================================================================|
|    0   N/A  N/A    872912      C   python3                                       494MiB |
+-----------------------------------------------------------------------------------------+
CUDA verified: NVIDIA L40S; tensor dot product=8.0
GPU startup: NVIDIA L40S, 533, 46068, 0
Loaded train=6026, valid=754; reserved test set is not loaded
epoch=1 loss=0.325284 validation_macro_fmax=0.089256 valid_micro_fmax=0.012474
epoch=2 loss=0.259046 validation_macro_fmax=0.116989 valid_micro_fmax=0.017220
epoch=3 loss=0.236253 validation_macro_fmax=0.151967 valid_micro_fmax=0.028503
epoch=4 loss=0.221176 validation_macro_fmax=0.179199 valid_micro_fmax=0.045573
epoch=5 loss=0.208517 validation_macro_fmax=0.207003 valid_micro_fmax=0.077091
epoch=6 loss=0.196230 validation_macro_fmax=0.224964 valid_micro_fmax=0.086937
epoch=7 loss=0.183015 validation_macro_fmax=0.238820 valid_micro_fmax=0.113696
epoch=8 loss=0.168586 validation_macro_fmax=0.245060 valid_micro_fmax=0.115046
epoch=9 loss=0.152163 validation_macro_fmax=0.262138 valid_micro_fmax=0.134463
epoch=10 loss=0.134016 validation_macro_fmax=0.262184 valid_micro_fmax=0.143741
epoch=11 loss=0.116229 validation_macro_fmax=0.268807 valid_micro_fmax=0.151594
epoch=12 loss=0.098453 validation_macro_fmax=0.277608 valid_micro_fmax=0.162871
epoch=13 loss=0.082953 validation_macro_fmax=0.285703 valid_micro_fmax=0.171687
epoch=14 loss=0.068893 validation_macro_fmax=0.296656 valid_micro_fmax=0.182546
epoch=15 loss=0.057206 validation_macro_fmax=0.282242 valid_micro_fmax=0.187720
epoch=16 loss=0.047746 validation_macro_fmax=0.294320 valid_micro_fmax=0.206572
epoch=17 loss=0.039942 validation_macro_fmax=0.288734 valid_micro_fmax=0.216383
epoch=18 loss=0.033340 validation_macro_fmax=0.308724 valid_micro_fmax=0.248557
epoch=19 loss=0.028185 validation_macro_fmax=0.300352 valid_micro_fmax=0.232414
epoch=20 loss=0.024653 validation_macro_fmax=0.306425 valid_micro_fmax=0.239287
epoch=21 loss=0.022017 validation_macro_fmax=0.300245 valid_micro_fmax=0.241945
epoch=22 loss=0.019664 validation_macro_fmax=0.292234 valid_micro_fmax=0.235060
epoch=23 loss=0.017358 validation_macro_fmax=0.303759 valid_micro_fmax=0.260496
epoch=24 loss=0.014294 validation_macro_fmax=0.307206 valid_micro_fmax=0.253557
epoch=25 loss=0.012615 validation_macro_fmax=0.315410 valid_micro_fmax=0.257013
epoch=26 loss=0.011044 validation_macro_fmax=0.312948 valid_micro_fmax=0.251791
epoch=27 loss=0.009849 validation_macro_fmax=0.304390 valid_micro_fmax=0.253487
epoch=28 loss=0.009029 validation_macro_fmax=0.311160 valid_micro_fmax=0.253674
epoch=29 loss=0.007935 validation_macro_fmax=0.298131 valid_micro_fmax=0.242595
epoch=30 loss=0.007959 validation_macro_fmax=0.297978 valid_micro_fmax=0.265970
epoch=31 loss=0.006381 validation_macro_fmax=0.311888 valid_micro_fmax=0.270889
epoch=32 loss=0.006319 validation_macro_fmax=0.312841 valid_micro_fmax=0.268672
epoch=33 loss=0.006085 validation_macro_fmax=0.305153 valid_micro_fmax=0.264043
epoch=34 loss=0.006618 validation_macro_fmax=0.297825 valid_micro_fmax=0.238965
epoch=35 loss=0.005414 validation_macro_fmax=0.310040 valid_micro_fmax=0.254854
Early stopping after 35 epochs (patience=10)
GPU completion: NVIDIA L40S, 26371, 46068, 0
