GPU: NVIDIA L40S
CUDA tensor check: 8.0
Sun Jul 19 07:50:26 2026       
+-----------------------------------------------------------------------------------------+
| NVIDIA-SMI 560.35.03              Driver Version: 560.35.03      CUDA Version: 12.6     |
|-----------------------------------------+------------------------+----------------------+
| GPU  Name                 Persistence-M | Bus-Id          Disp.A | Volatile Uncorr. ECC |
| Fan  Temp   Perf          Pwr:Usage/Cap |           Memory-Usage | GPU-Util  Compute M. |
|                                         |                        |               MIG M. |
|=========================================+========================+======================|
|   0  NVIDIA L40S                    On  |   00000000:0D:00.0 Off |                    0 |
| N/A   51C    P0             43W /  350W |     503MiB /  46068MiB |      1%      Default |
|                                         |                        |                  N/A |
+-----------------------------------------+------------------------+----------------------+
                                                                                         
+-----------------------------------------------------------------------------------------+
| Processes:                                                                              |
|  GPU   GI   CI        PID   Type   Process name                              GPU Memory |
|        ID   ID                                                               Usage      |
|=========================================================================================|
|    0   N/A  N/A   1195053      C   python3                                       494MiB |
+-----------------------------------------------------------------------------------------+
CUDA verified: NVIDIA L40S; tensor dot product=8.0
GPU startup: NVIDIA L40S, 533, 46068, 0
Loaded train=6026, valid=754; reserved test set is not loaded
epoch=1 loss=1.221520 validation_macro_fmax=0.089664 valid_micro_fmax=0.013512
epoch=2 loss=1.146746 validation_macro_fmax=0.093616 valid_micro_fmax=0.014372
epoch=3 loss=1.091733 validation_macro_fmax=0.096016 valid_micro_fmax=0.016454
epoch=4 loss=1.049236 validation_macro_fmax=0.100942 valid_micro_fmax=0.019943
epoch=5 loss=1.015044 validation_macro_fmax=0.104630 valid_micro_fmax=0.022463
epoch=6 loss=0.983728 validation_macro_fmax=0.108921 valid_micro_fmax=0.027899
epoch=7 loss=0.958268 validation_macro_fmax=0.114366 valid_micro_fmax=0.037198
epoch=8 loss=0.937190 validation_macro_fmax=0.119399 valid_micro_fmax=0.040221
epoch=9 loss=0.917096 validation_macro_fmax=0.124213 valid_micro_fmax=0.050397
epoch=10 loss=0.897019 validation_macro_fmax=0.129833 valid_micro_fmax=0.058590
epoch=11 loss=0.880239 validation_macro_fmax=0.131959 valid_micro_fmax=0.069144
epoch=12 loss=0.865889 validation_macro_fmax=0.140442 valid_micro_fmax=0.083688
epoch=13 loss=0.852019 validation_macro_fmax=0.144344 valid_micro_fmax=0.092959
epoch=14 loss=0.840183 validation_macro_fmax=0.148962 valid_micro_fmax=0.107453
epoch=15 loss=0.828856 validation_macro_fmax=0.151917 valid_micro_fmax=0.113718
epoch=16 loss=0.818556 validation_macro_fmax=0.147264 valid_micro_fmax=0.122976
epoch=17 loss=0.807824 validation_macro_fmax=0.152413 valid_micro_fmax=0.121304
epoch=18 loss=0.798886 validation_macro_fmax=0.155201 valid_micro_fmax=0.119834
epoch=19 loss=0.790646 validation_macro_fmax=0.155966 valid_micro_fmax=0.122891
epoch=20 loss=0.782285 validation_macro_fmax=0.160350 valid_micro_fmax=0.138247
epoch=21 loss=0.773476 validation_macro_fmax=0.161030 valid_micro_fmax=0.141735
epoch=22 loss=0.766612 validation_macro_fmax=0.162769 valid_micro_fmax=0.144022
epoch=23 loss=0.757579 validation_macro_fmax=0.161928 valid_micro_fmax=0.148568
epoch=24 loss=0.750568 validation_macro_fmax=0.166423 valid_micro_fmax=0.147634
epoch=25 loss=0.742654 validation_macro_fmax=0.170880 valid_micro_fmax=0.158356
epoch=26 loss=0.735732 validation_macro_fmax=0.169640 valid_micro_fmax=0.158955
epoch=27 loss=0.727458 validation_macro_fmax=0.169863 valid_micro_fmax=0.159417
epoch=28 loss=0.719982 validation_macro_fmax=0.172483 valid_micro_fmax=0.160850
epoch=29 loss=0.711706 validation_macro_fmax=0.177040 valid_micro_fmax=0.171333
epoch=30 loss=0.704218 validation_macro_fmax=0.169451 valid_micro_fmax=0.162931
epoch=31 loss=0.695540 validation_macro_fmax=0.175857 valid_micro_fmax=0.161541
epoch=32 loss=0.687494 validation_macro_fmax=0.174818 valid_micro_fmax=0.166689
epoch=33 loss=0.678933 validation_macro_fmax=0.174952 valid_micro_fmax=0.168097
epoch=34 loss=0.671169 validation_macro_fmax=0.177609 valid_micro_fmax=0.168423
epoch=35 loss=0.662357 validation_macro_fmax=0.176401 valid_micro_fmax=0.168787
epoch=36 loss=0.653096 validation_macro_fmax=0.176946 valid_micro_fmax=0.169055
epoch=37 loss=0.644860 validation_macro_fmax=0.174414 valid_micro_fmax=0.171589
epoch=38 loss=0.635258 validation_macro_fmax=0.179477 valid_micro_fmax=0.180251
epoch=39 loss=0.625845 validation_macro_fmax=0.176014 valid_micro_fmax=0.169024
epoch=40 loss=0.616625 validation_macro_fmax=0.183842 valid_micro_fmax=0.182096
epoch=41 loss=0.606762 validation_macro_fmax=0.180119 valid_micro_fmax=0.174407
epoch=42 loss=0.596624 validation_macro_fmax=0.177360 valid_micro_fmax=0.174153
epoch=43 loss=0.587105 validation_macro_fmax=0.177893 valid_micro_fmax=0.184354
epoch=44 loss=0.575042 validation_macro_fmax=0.184749 valid_micro_fmax=0.178580
epoch=45 loss=0.565600 validation_macro_fmax=0.182103 valid_micro_fmax=0.175191
epoch=46 loss=0.555200 validation_macro_fmax=0.185046 valid_micro_fmax=0.177876
epoch=47 loss=0.544135 validation_macro_fmax=0.184197 valid_micro_fmax=0.190969
epoch=48 loss=0.533446 validation_macro_fmax=0.183168 valid_micro_fmax=0.191207
epoch=49 loss=0.522164 validation_macro_fmax=0.186725 valid_micro_fmax=0.189320
epoch=50 loss=0.511282 validation_macro_fmax=0.181134 valid_micro_fmax=0.192339
epoch=51 loss=0.499844 validation_macro_fmax=0.179283 valid_micro_fmax=0.190151
epoch=52 loss=0.488224 validation_macro_fmax=0.180153 valid_micro_fmax=0.185175
epoch=53 loss=0.477633 validation_macro_fmax=0.183375 valid_micro_fmax=0.190907
epoch=54 loss=0.465903 validation_macro_fmax=0.182326 valid_micro_fmax=0.207030
epoch=55 loss=0.453915 validation_macro_fmax=0.182872 valid_micro_fmax=0.197293
epoch=56 loss=0.442824 validation_macro_fmax=0.185392 valid_micro_fmax=0.209349
epoch=57 loss=0.432847 validation_macro_fmax=0.177509 valid_micro_fmax=0.208213
Early stopping after 57 epochs (patience=8)
GPU completion: NVIDIA L40S, 9513, 46068, 0
