GPU: NVIDIA L40S
CUDA tensor check: 8.0
Fri Jul 17 00:12:00 2026       
+-----------------------------------------------------------------------------------------+
| NVIDIA-SMI 560.35.03              Driver Version: 560.35.03      CUDA Version: 12.6     |
|-----------------------------------------+------------------------+----------------------+
| GPU  Name                 Persistence-M | Bus-Id          Disp.A | Volatile Uncorr. ECC |
| Fan  Temp   Perf          Pwr:Usage/Cap |           Memory-Usage | GPU-Util  Compute M. |
|                                         |                        |               MIG M. |
|=========================================+========================+======================|
|   0  NVIDIA L40S                    On  |   00000000:B5:00.0 Off |                    0 |
| N/A   36C    P0             39W /  350W |     503MiB /  46068MiB |      1%      Default |
|                                         |                        |                  N/A |
+-----------------------------------------+------------------------+----------------------+
                                                                                         
+-----------------------------------------------------------------------------------------+
| Processes:                                                                              |
|  GPU   GI   CI        PID   Type   Process name                              GPU Memory |
|        ID   ID                                                               Usage      |
|=========================================================================================|
|    0   N/A  N/A   2868837      C   python3                                       494MiB |
+-----------------------------------------------------------------------------------------+
CUDA verified: NVIDIA L40S; tensor dot product=8.0
GPU startup: NVIDIA L40S, 533, 46068, 1
Loaded train=6026, valid=754; reserved test set is not loaded
epoch=1 loss=0.614650 validation_macro_fmax=0.151370 valid_micro_fmax=0.019686
epoch=2 loss=0.505630 validation_macro_fmax=0.184447 valid_micro_fmax=0.054984
epoch=3 loss=0.466993 validation_macro_fmax=0.207023 valid_micro_fmax=0.072760
epoch=4 loss=0.441696 validation_macro_fmax=0.217398 valid_micro_fmax=0.098255
epoch=5 loss=0.424278 validation_macro_fmax=0.237531 valid_micro_fmax=0.117279
epoch=6 loss=0.405709 validation_macro_fmax=0.246974 valid_micro_fmax=0.121468
epoch=7 loss=0.385940 validation_macro_fmax=0.248776 valid_micro_fmax=0.138782
epoch=8 loss=0.364519 validation_macro_fmax=0.245307 valid_micro_fmax=0.150716
epoch=9 loss=0.341175 validation_macro_fmax=0.246130 valid_micro_fmax=0.165352
epoch=10 loss=0.312074 validation_macro_fmax=0.256355 valid_micro_fmax=0.165561
epoch=11 loss=0.281062 validation_macro_fmax=0.249820 valid_micro_fmax=0.157961
epoch=12 loss=0.249350 validation_macro_fmax=0.264585 valid_micro_fmax=0.217890
epoch=13 loss=0.218955 validation_macro_fmax=0.279688 valid_micro_fmax=0.199049
epoch=14 loss=0.188072 validation_macro_fmax=0.268598 valid_micro_fmax=0.221167
epoch=15 loss=0.163851 validation_macro_fmax=0.246531 valid_micro_fmax=0.189445
epoch=16 loss=0.140348 validation_macro_fmax=0.273611 valid_micro_fmax=0.250707
epoch=17 loss=0.120762 validation_macro_fmax=0.274866 valid_micro_fmax=0.270052
epoch=18 loss=0.102468 validation_macro_fmax=0.274628 valid_micro_fmax=0.274359
epoch=19 loss=0.088173 validation_macro_fmax=0.268234 valid_micro_fmax=0.235856
epoch=20 loss=0.076304 validation_macro_fmax=0.278029 valid_micro_fmax=0.299758
epoch=21 loss=0.066856 validation_macro_fmax=0.275290 valid_micro_fmax=0.292902
epoch=22 loss=0.058860 validation_macro_fmax=0.271243 valid_micro_fmax=0.303568
Early stopping after 22 epochs (patience=9)
GPU completion: NVIDIA L40S, 29249, 46068, 0
