GPU: NVIDIA L40S
CUDA tensor check: 8.0
Sun Jul 19 18:24:04 2026       
+-----------------------------------------------------------------------------------------+
| NVIDIA-SMI 560.35.03              Driver Version: 560.35.03      CUDA Version: 12.6     |
|-----------------------------------------+------------------------+----------------------+
| GPU  Name                 Persistence-M | Bus-Id          Disp.A | Volatile Uncorr. ECC |
| Fan  Temp   Perf          Pwr:Usage/Cap |           Memory-Usage | GPU-Util  Compute M. |
|                                         |                        |               MIG M. |
|=========================================+========================+======================|
|   0  NVIDIA L40S                    On  |   00000000:B5:00.0 Off |                    0 |
| N/A   48C    P0             41W /  350W |     503MiB /  46068MiB |      0%      Default |
|                                         |                        |                  N/A |
+-----------------------------------------+------------------------+----------------------+
                                                                                         
+-----------------------------------------------------------------------------------------+
| Processes:                                                                              |
|  GPU   GI   CI        PID   Type   Process name                              GPU Memory |
|        ID   ID                                                               Usage      |
|=========================================================================================|
|    0   N/A  N/A    947071      C   python3                                       494MiB |
+-----------------------------------------------------------------------------------------+
CUDA verified: NVIDIA L40S; tensor dot product=8.0
GPU startup: NVIDIA L40S, 533, 46068, 5
Loaded train=6026, valid=754; reserved test set is not loaded
epoch=1 loss=1.216308 validation_macro_fmax=0.100537 valid_micro_fmax=0.017028
epoch=2 loss=1.130943 validation_macro_fmax=0.105796 valid_micro_fmax=0.017345
epoch=3 loss=1.073703 validation_macro_fmax=0.108069 valid_micro_fmax=0.015689
epoch=4 loss=1.032260 validation_macro_fmax=0.123355 valid_micro_fmax=0.015850
epoch=5 loss=0.997095 validation_macro_fmax=0.128509 valid_micro_fmax=0.018148
epoch=6 loss=0.966050 validation_macro_fmax=0.138498 valid_micro_fmax=0.018473
epoch=7 loss=0.943680 validation_macro_fmax=0.149092 valid_micro_fmax=0.021324
epoch=8 loss=0.920852 validation_macro_fmax=0.161118 valid_micro_fmax=0.022436
epoch=9 loss=0.903487 validation_macro_fmax=0.168181 valid_micro_fmax=0.025016
epoch=10 loss=0.886194 validation_macro_fmax=0.169483 valid_micro_fmax=0.028248
epoch=11 loss=0.875224 validation_macro_fmax=0.172377 valid_micro_fmax=0.030448
epoch=12 loss=0.860332 validation_macro_fmax=0.178586 valid_micro_fmax=0.033866
epoch=13 loss=0.848295 validation_macro_fmax=0.182110 valid_micro_fmax=0.035617
epoch=14 loss=0.839476 validation_macro_fmax=0.181612 valid_micro_fmax=0.034810
epoch=15 loss=0.830864 validation_macro_fmax=0.185723 valid_micro_fmax=0.038148
epoch=16 loss=0.820634 validation_macro_fmax=0.192313 valid_micro_fmax=0.040723
epoch=17 loss=0.812420 validation_macro_fmax=0.204783 valid_micro_fmax=0.042847
epoch=18 loss=0.804456 validation_macro_fmax=0.203652 valid_micro_fmax=0.043825
epoch=19 loss=0.797140 validation_macro_fmax=0.202778 valid_micro_fmax=0.045731
epoch=20 loss=0.789985 validation_macro_fmax=0.212475 valid_micro_fmax=0.049922
epoch=21 loss=0.785302 validation_macro_fmax=0.215818 valid_micro_fmax=0.055158
epoch=22 loss=0.777621 validation_macro_fmax=0.211518 valid_micro_fmax=0.051513
epoch=23 loss=0.771968 validation_macro_fmax=0.215420 valid_micro_fmax=0.054703
epoch=24 loss=0.765413 validation_macro_fmax=0.228697 valid_micro_fmax=0.058008
epoch=25 loss=0.759903 validation_macro_fmax=0.223076 valid_micro_fmax=0.059211
epoch=26 loss=0.754066 validation_macro_fmax=0.229830 valid_micro_fmax=0.060871
epoch=27 loss=0.749788 validation_macro_fmax=0.225940 valid_micro_fmax=0.063077
epoch=28 loss=0.742204 validation_macro_fmax=0.234173 valid_micro_fmax=0.066766
epoch=29 loss=0.737297 validation_macro_fmax=0.239225 valid_micro_fmax=0.072255
epoch=30 loss=0.730842 validation_macro_fmax=0.239000 valid_micro_fmax=0.074837
epoch=31 loss=0.725269 validation_macro_fmax=0.243825 valid_micro_fmax=0.075790
epoch=32 loss=0.720065 validation_macro_fmax=0.248641 valid_micro_fmax=0.078529
epoch=33 loss=0.715590 validation_macro_fmax=0.258068 valid_micro_fmax=0.080914
epoch=34 loss=0.706932 validation_macro_fmax=0.256539 valid_micro_fmax=0.085124
epoch=35 loss=0.700178 validation_macro_fmax=0.250933 valid_micro_fmax=0.082343
epoch=36 loss=0.692888 validation_macro_fmax=0.259487 valid_micro_fmax=0.090279
epoch=37 loss=0.686905 validation_macro_fmax=0.260700 valid_micro_fmax=0.093923
epoch=38 loss=0.679398 validation_macro_fmax=0.263714 valid_micro_fmax=0.094114
epoch=39 loss=0.672373 validation_macro_fmax=0.274550 valid_micro_fmax=0.094134
epoch=40 loss=0.664468 validation_macro_fmax=0.274779 valid_micro_fmax=0.095831
epoch=41 loss=0.656874 validation_macro_fmax=0.281895 valid_micro_fmax=0.099897
epoch=42 loss=0.648615 validation_macro_fmax=0.285060 valid_micro_fmax=0.101849
epoch=43 loss=0.640807 validation_macro_fmax=0.282448 valid_micro_fmax=0.101451
epoch=44 loss=0.632630 validation_macro_fmax=0.288051 valid_micro_fmax=0.102278
epoch=45 loss=0.623412 validation_macro_fmax=0.293911 valid_micro_fmax=0.103992
epoch=46 loss=0.614590 validation_macro_fmax=0.290446 valid_micro_fmax=0.104549
epoch=47 loss=0.605559 validation_macro_fmax=0.290088 valid_micro_fmax=0.107356
epoch=48 loss=0.595766 validation_macro_fmax=0.292456 valid_micro_fmax=0.109618
epoch=49 loss=0.586676 validation_macro_fmax=0.292519 valid_micro_fmax=0.119107
epoch=50 loss=0.576589 validation_macro_fmax=0.295684 valid_micro_fmax=0.117100
epoch=51 loss=0.566075 validation_macro_fmax=0.301934 valid_micro_fmax=0.118201
epoch=52 loss=0.556292 validation_macro_fmax=0.301908 valid_micro_fmax=0.118962
epoch=53 loss=0.545565 validation_macro_fmax=0.301415 valid_micro_fmax=0.119314
epoch=54 loss=0.534509 validation_macro_fmax=0.299805 valid_micro_fmax=0.125713
epoch=55 loss=0.524463 validation_macro_fmax=0.305163 valid_micro_fmax=0.122775
epoch=56 loss=0.512833 validation_macro_fmax=0.305272 valid_micro_fmax=0.126501
epoch=57 loss=0.502162 validation_macro_fmax=0.301573 valid_micro_fmax=0.124367
epoch=58 loss=0.490276 validation_macro_fmax=0.312729 valid_micro_fmax=0.129424
epoch=59 loss=0.478822 validation_macro_fmax=0.304135 valid_micro_fmax=0.135587
epoch=60 loss=0.467222 validation_macro_fmax=0.309824 valid_micro_fmax=0.132452
epoch=61 loss=0.455914 validation_macro_fmax=0.307510 valid_micro_fmax=0.136555
epoch=62 loss=0.444417 validation_macro_fmax=0.309523 valid_micro_fmax=0.139220
epoch=63 loss=0.432845 validation_macro_fmax=0.304977 valid_micro_fmax=0.142846
epoch=64 loss=0.421447 validation_macro_fmax=0.307875 valid_micro_fmax=0.142572
epoch=65 loss=0.409399 validation_macro_fmax=0.307917 valid_micro_fmax=0.145653
epoch=66 loss=0.398476 validation_macro_fmax=0.303658 valid_micro_fmax=0.147471
Early stopping after 66 epochs (patience=8)
GPU completion: NVIDIA L40S, 41559, 46068, 0
