GPU: NVIDIA L40S
CUDA tensor check: 8.0
Sat Jul 18 18:55:57 2026       
+-----------------------------------------------------------------------------------------+
| NVIDIA-SMI 560.35.03              Driver Version: 560.35.03      CUDA Version: 12.6     |
|-----------------------------------------+------------------------+----------------------+
| GPU  Name                 Persistence-M | Bus-Id          Disp.A | Volatile Uncorr. ECC |
| Fan  Temp   Perf          Pwr:Usage/Cap |           Memory-Usage | GPU-Util  Compute M. |
|                                         |                        |               MIG M. |
|=========================================+========================+======================|
|   0  NVIDIA L40S                    On  |   00000000:0D:00.0 Off |                    0 |
| N/A   46C    P0             47W /  350W |     503MiB /  46068MiB |      5%      Default |
|                                         |                        |                  N/A |
+-----------------------------------------+------------------------+----------------------+
                                                                                         
+-----------------------------------------------------------------------------------------+
| Processes:                                                                              |
|  GPU   GI   CI        PID   Type   Process name                              GPU Memory |
|        ID   ID                                                               Usage      |
|=========================================================================================|
|    0   N/A  N/A    353044      C   python3                                       494MiB |
+-----------------------------------------------------------------------------------------+
CUDA verified: NVIDIA L40S; tensor dot product=8.0
GPU startup: NVIDIA L40S, 533, 46068, 0
Loaded train=6026, valid=754; reserved test set is not loaded
epoch=1 loss=0.539152 validation_macro_fmax=0.213064 valid_micro_fmax=0.029128
epoch=2 loss=0.437469 validation_macro_fmax=0.256356 valid_micro_fmax=0.055850
epoch=3 loss=0.410913 validation_macro_fmax=0.287979 valid_micro_fmax=0.078610
epoch=4 loss=0.394324 validation_macro_fmax=0.294526 valid_micro_fmax=0.093089
epoch=5 loss=0.379860 validation_macro_fmax=0.304826 valid_micro_fmax=0.112217
epoch=6 loss=0.364867 validation_macro_fmax=0.319014 valid_micro_fmax=0.129424
epoch=7 loss=0.345322 validation_macro_fmax=0.328573 valid_micro_fmax=0.130295
epoch=8 loss=0.321105 validation_macro_fmax=0.346113 valid_micro_fmax=0.148965
epoch=9 loss=0.290930 validation_macro_fmax=0.354775 valid_micro_fmax=0.161574
epoch=10 loss=0.256487 validation_macro_fmax=0.356879 valid_micro_fmax=0.181744
epoch=11 loss=0.219051 validation_macro_fmax=0.358878 valid_micro_fmax=0.214718
epoch=12 loss=0.184181 validation_macro_fmax=0.358822 valid_micro_fmax=0.220489
epoch=13 loss=0.150798 validation_macro_fmax=0.357959 valid_micro_fmax=0.244312
epoch=14 loss=0.122444 validation_macro_fmax=0.367084 valid_micro_fmax=0.254152
epoch=15 loss=0.098397 validation_macro_fmax=0.367925 valid_micro_fmax=0.265378
epoch=16 loss=0.079711 validation_macro_fmax=0.370582 valid_micro_fmax=0.273865
epoch=17 loss=0.064122 validation_macro_fmax=0.371023 valid_micro_fmax=0.269611
epoch=18 loss=0.052333 validation_macro_fmax=0.368765 valid_micro_fmax=0.273430
epoch=19 loss=0.042677 validation_macro_fmax=0.375822 valid_micro_fmax=0.278355
epoch=20 loss=0.035972 validation_macro_fmax=0.371332 valid_micro_fmax=0.275795
epoch=21 loss=0.029774 validation_macro_fmax=0.362171 valid_micro_fmax=0.283647
epoch=22 loss=0.025116 validation_macro_fmax=0.360674 valid_micro_fmax=0.279305
epoch=23 loss=0.021480 validation_macro_fmax=0.373140 valid_micro_fmax=0.293508
epoch=24 loss=0.018388 validation_macro_fmax=0.364042 valid_micro_fmax=0.290111
epoch=25 loss=0.015858 validation_macro_fmax=0.376035 valid_micro_fmax=0.297202
epoch=26 loss=0.014105 validation_macro_fmax=0.378778 valid_micro_fmax=0.292117
epoch=27 loss=0.012186 validation_macro_fmax=0.379981 valid_micro_fmax=0.297706
epoch=28 loss=0.010833 validation_macro_fmax=0.381977 valid_micro_fmax=0.301407
epoch=29 loss=0.009494 validation_macro_fmax=0.379396 valid_micro_fmax=0.304601
epoch=30 loss=0.008416 validation_macro_fmax=0.368469 valid_micro_fmax=0.299152
epoch=31 loss=0.007539 validation_macro_fmax=0.372562 valid_micro_fmax=0.303708
epoch=32 loss=0.006788 validation_macro_fmax=0.384859 valid_micro_fmax=0.305785
epoch=33 loss=0.006423 validation_macro_fmax=0.380265 valid_micro_fmax=0.303762
epoch=34 loss=0.005660 validation_macro_fmax=0.362426 valid_micro_fmax=0.297952
epoch=35 loss=0.004941 validation_macro_fmax=0.380847 valid_micro_fmax=0.310144
epoch=36 loss=0.004595 validation_macro_fmax=0.382752 valid_micro_fmax=0.301433
epoch=37 loss=0.004305 validation_macro_fmax=0.376190 valid_micro_fmax=0.309020
epoch=38 loss=0.004475 validation_macro_fmax=0.388701 valid_micro_fmax=0.306333
epoch=39 loss=0.003600 validation_macro_fmax=0.383369 valid_micro_fmax=0.310028
epoch=40 loss=0.003172 validation_macro_fmax=0.386783 valid_micro_fmax=0.316400
epoch=41 loss=0.002998 validation_macro_fmax=0.383729 valid_micro_fmax=0.302278
epoch=42 loss=0.002788 validation_macro_fmax=0.383266 valid_micro_fmax=0.303579
epoch=43 loss=0.002497 validation_macro_fmax=0.386839 valid_micro_fmax=0.298516
epoch=44 loss=0.002770 validation_macro_fmax=0.402445 valid_micro_fmax=0.311458
epoch=45 loss=0.002850 validation_macro_fmax=0.375100 valid_micro_fmax=0.308876
epoch=46 loss=0.002119 validation_macro_fmax=0.392978 valid_micro_fmax=0.313424
epoch=47 loss=0.001922 validation_macro_fmax=0.386391 valid_micro_fmax=0.306444
epoch=48 loss=0.001887 validation_macro_fmax=0.377452 valid_micro_fmax=0.309981
epoch=49 loss=0.001713 validation_macro_fmax=0.380989 valid_micro_fmax=0.309976
epoch=50 loss=0.001699 validation_macro_fmax=0.380347 valid_micro_fmax=0.304074
epoch=51 loss=0.001737 validation_macro_fmax=0.359411 valid_micro_fmax=0.323539
epoch=52 loss=0.001753 validation_macro_fmax=0.388650 valid_micro_fmax=0.307839
epoch=53 loss=0.001503 validation_macro_fmax=0.380176 valid_micro_fmax=0.313128
epoch=54 loss=0.001324 validation_macro_fmax=0.386873 valid_micro_fmax=0.318595
Early stopping after 54 epochs (patience=10)
GPU completion: NVIDIA L40S, 25091, 46068, 0
