GPU: NVIDIA L40S
CUDA tensor check: 8.0
Mon Jul 20 04:24:54 2026       
+-----------------------------------------------------------------------------------------+
| NVIDIA-SMI 560.35.03              Driver Version: 560.35.03      CUDA Version: 12.6     |
|-----------------------------------------+------------------------+----------------------+
| GPU  Name                 Persistence-M | Bus-Id          Disp.A | Volatile Uncorr. ECC |
| Fan  Temp   Perf          Pwr:Usage/Cap |           Memory-Usage | GPU-Util  Compute M. |
|                                         |                        |               MIG M. |
|=========================================+========================+======================|
|   0  NVIDIA L40S                    On  |   00000000:B5:00.0 Off |                    0 |
| N/A   49C    P0             48W /  350W |     503MiB /  46068MiB |      5%      Default |
|                                         |                        |                  N/A |
+-----------------------------------------+------------------------+----------------------+
                                                                                         
+-----------------------------------------------------------------------------------------+
| Processes:                                                                              |
|  GPU   GI   CI        PID   Type   Process name                              GPU Memory |
|        ID   ID                                                               Usage      |
|=========================================================================================|
|    0   N/A  N/A   1193420      C   python3                                       494MiB |
+-----------------------------------------------------------------------------------------+
CUDA verified: NVIDIA L40S; tensor dot product=8.0
GPU startup: NVIDIA L40S, 533, 46068, 0
Loaded train=6026, valid=754; reserved test set is not loaded
epoch=1 loss=1.242531 validation_macro_fmax=0.104309 valid_micro_fmax=0.012371
epoch=2 loss=1.164264 validation_macro_fmax=0.115324 valid_micro_fmax=0.014105
epoch=3 loss=1.111151 validation_macro_fmax=0.123208 valid_micro_fmax=0.015524
epoch=4 loss=1.069778 validation_macro_fmax=0.133627 valid_micro_fmax=0.018039
epoch=5 loss=1.034453 validation_macro_fmax=0.140312 valid_micro_fmax=0.021249
epoch=6 loss=1.002712 validation_macro_fmax=0.149592 valid_micro_fmax=0.023561
epoch=7 loss=0.978245 validation_macro_fmax=0.163258 valid_micro_fmax=0.029136
epoch=8 loss=0.953288 validation_macro_fmax=0.174516 valid_micro_fmax=0.036304
epoch=9 loss=0.933263 validation_macro_fmax=0.190796 valid_micro_fmax=0.041730
epoch=10 loss=0.912787 validation_macro_fmax=0.203567 valid_micro_fmax=0.048172
epoch=11 loss=0.895762 validation_macro_fmax=0.211828 valid_micro_fmax=0.050886
epoch=12 loss=0.881177 validation_macro_fmax=0.218609 valid_micro_fmax=0.051116
epoch=13 loss=0.867272 validation_macro_fmax=0.228449 valid_micro_fmax=0.055178
epoch=14 loss=0.852571 validation_macro_fmax=0.230668 valid_micro_fmax=0.054271
epoch=15 loss=0.840312 validation_macro_fmax=0.235592 valid_micro_fmax=0.063461
epoch=16 loss=0.830231 validation_macro_fmax=0.241801 valid_micro_fmax=0.066690
epoch=17 loss=0.818944 validation_macro_fmax=0.244572 valid_micro_fmax=0.066852
epoch=18 loss=0.808184 validation_macro_fmax=0.247274 valid_micro_fmax=0.069428
epoch=19 loss=0.799182 validation_macro_fmax=0.254560 valid_micro_fmax=0.084161
epoch=20 loss=0.790555 validation_macro_fmax=0.257016 valid_micro_fmax=0.083521
epoch=21 loss=0.781890 validation_macro_fmax=0.255473 valid_micro_fmax=0.084438
epoch=22 loss=0.774306 validation_macro_fmax=0.255334 valid_micro_fmax=0.085081
epoch=23 loss=0.765701 validation_macro_fmax=0.266166 valid_micro_fmax=0.091038
epoch=24 loss=0.759661 validation_macro_fmax=0.264367 valid_micro_fmax=0.098587
epoch=25 loss=0.750741 validation_macro_fmax=0.266410 valid_micro_fmax=0.100847
epoch=26 loss=0.743165 validation_macro_fmax=0.267359 valid_micro_fmax=0.099520
epoch=27 loss=0.734884 validation_macro_fmax=0.270602 valid_micro_fmax=0.105534
epoch=28 loss=0.728178 validation_macro_fmax=0.274378 valid_micro_fmax=0.112600
epoch=29 loss=0.720704 validation_macro_fmax=0.274100 valid_micro_fmax=0.113095
epoch=30 loss=0.712563 validation_macro_fmax=0.274423 valid_micro_fmax=0.111415
epoch=31 loss=0.704316 validation_macro_fmax=0.277548 valid_micro_fmax=0.119404
epoch=32 loss=0.696643 validation_macro_fmax=0.273237 valid_micro_fmax=0.116408
epoch=33 loss=0.687926 validation_macro_fmax=0.278195 valid_micro_fmax=0.124031
epoch=34 loss=0.680169 validation_macro_fmax=0.280458 valid_micro_fmax=0.133019
epoch=35 loss=0.672357 validation_macro_fmax=0.283262 valid_micro_fmax=0.128715
epoch=36 loss=0.662733 validation_macro_fmax=0.277670 valid_micro_fmax=0.125810
epoch=37 loss=0.654739 validation_macro_fmax=0.286806 valid_micro_fmax=0.136208
epoch=38 loss=0.645049 validation_macro_fmax=0.288562 valid_micro_fmax=0.138911
epoch=39 loss=0.635526 validation_macro_fmax=0.293359 valid_micro_fmax=0.142283
epoch=40 loss=0.627160 validation_macro_fmax=0.290259 valid_micro_fmax=0.139078
epoch=41 loss=0.617221 validation_macro_fmax=0.292492 valid_micro_fmax=0.144169
epoch=42 loss=0.606488 validation_macro_fmax=0.296027 valid_micro_fmax=0.138342
epoch=43 loss=0.598461 validation_macro_fmax=0.292348 valid_micro_fmax=0.140429
epoch=44 loss=0.587807 validation_macro_fmax=0.298090 valid_micro_fmax=0.148384
epoch=45 loss=0.577877 validation_macro_fmax=0.301051 valid_micro_fmax=0.148974
epoch=46 loss=0.567616 validation_macro_fmax=0.301031 valid_micro_fmax=0.148624
epoch=47 loss=0.556518 validation_macro_fmax=0.300573 valid_micro_fmax=0.147465
epoch=48 loss=0.545802 validation_macro_fmax=0.308018 valid_micro_fmax=0.145896
epoch=49 loss=0.536019 validation_macro_fmax=0.310930 valid_micro_fmax=0.153597
epoch=50 loss=0.523607 validation_macro_fmax=0.316827 valid_micro_fmax=0.152220
epoch=51 loss=0.512739 validation_macro_fmax=0.314615 valid_micro_fmax=0.154285
epoch=52 loss=0.501296 validation_macro_fmax=0.309316 valid_micro_fmax=0.154331
epoch=53 loss=0.489719 validation_macro_fmax=0.320499 valid_micro_fmax=0.159698
epoch=54 loss=0.479001 validation_macro_fmax=0.320041 valid_micro_fmax=0.156958
epoch=55 loss=0.466494 validation_macro_fmax=0.323190 valid_micro_fmax=0.168381
epoch=56 loss=0.455693 validation_macro_fmax=0.318566 valid_micro_fmax=0.158733
epoch=57 loss=0.444337 validation_macro_fmax=0.319559 valid_micro_fmax=0.160773
epoch=58 loss=0.433430 validation_macro_fmax=0.317911 valid_micro_fmax=0.158805
epoch=59 loss=0.422350 validation_macro_fmax=0.318456 valid_micro_fmax=0.166888
epoch=60 loss=0.409204 validation_macro_fmax=0.326038 valid_micro_fmax=0.164110
epoch=61 loss=0.399019 validation_macro_fmax=0.324635 valid_micro_fmax=0.171857
epoch=62 loss=0.388954 validation_macro_fmax=0.327242 valid_micro_fmax=0.169789
epoch=63 loss=0.377186 validation_macro_fmax=0.337574 valid_micro_fmax=0.173350
epoch=64 loss=0.366516 validation_macro_fmax=0.328711 valid_micro_fmax=0.171416
epoch=65 loss=0.354938 validation_macro_fmax=0.335292 valid_micro_fmax=0.184141
epoch=66 loss=0.344332 validation_macro_fmax=0.329640 valid_micro_fmax=0.180325
epoch=67 loss=0.333489 validation_macro_fmax=0.330938 valid_micro_fmax=0.186527
epoch=68 loss=0.322326 validation_macro_fmax=0.335086 valid_micro_fmax=0.187861
epoch=69 loss=0.312627 validation_macro_fmax=0.336492 valid_micro_fmax=0.184243
epoch=70 loss=0.303165 validation_macro_fmax=0.343795 valid_micro_fmax=0.171743
epoch=71 loss=0.291771 validation_macro_fmax=0.338866 valid_micro_fmax=0.185952
epoch=72 loss=0.281733 validation_macro_fmax=0.343378 valid_micro_fmax=0.179618
epoch=73 loss=0.273105 validation_macro_fmax=0.339568 valid_micro_fmax=0.190088
epoch=74 loss=0.264552 validation_macro_fmax=0.338019 valid_micro_fmax=0.189377
epoch=75 loss=0.255760 validation_macro_fmax=0.345841 valid_micro_fmax=0.185766
epoch=76 loss=0.246713 validation_macro_fmax=0.351527 valid_micro_fmax=0.199546
epoch=77 loss=0.236567 validation_macro_fmax=0.353395 valid_micro_fmax=0.193813
epoch=78 loss=0.232226 validation_macro_fmax=0.346182 valid_micro_fmax=0.194735
epoch=79 loss=0.222655 validation_macro_fmax=0.339882 valid_micro_fmax=0.188198
epoch=80 loss=0.213799 validation_macro_fmax=0.349609 valid_micro_fmax=0.194600
epoch=81 loss=0.208523 validation_macro_fmax=0.352247 valid_micro_fmax=0.200396
epoch=82 loss=0.202786 validation_macro_fmax=0.345961 valid_micro_fmax=0.191631
epoch=83 loss=0.193014 validation_macro_fmax=0.353585 valid_micro_fmax=0.199020
epoch=84 loss=0.187484 validation_macro_fmax=0.351746 valid_micro_fmax=0.202158
epoch=85 loss=0.181727 validation_macro_fmax=0.346964 valid_micro_fmax=0.192266
epoch=86 loss=0.172980 validation_macro_fmax=0.350058 valid_micro_fmax=0.203107
epoch=87 loss=0.169239 validation_macro_fmax=0.356459 valid_micro_fmax=0.205602
epoch=88 loss=0.164192 validation_macro_fmax=0.351962 valid_micro_fmax=0.201107
epoch=89 loss=0.157429 validation_macro_fmax=0.354529 valid_micro_fmax=0.205490
epoch=90 loss=0.152020 validation_macro_fmax=0.358456 valid_micro_fmax=0.214090
epoch=91 loss=0.145757 validation_macro_fmax=0.356945 valid_micro_fmax=0.206746
epoch=92 loss=0.140345 validation_macro_fmax=0.354116 valid_micro_fmax=0.207665
epoch=93 loss=0.136584 validation_macro_fmax=0.354820 valid_micro_fmax=0.214390
epoch=94 loss=0.133890 validation_macro_fmax=0.355263 valid_micro_fmax=0.211658
epoch=95 loss=0.127051 validation_macro_fmax=0.361926 valid_micro_fmax=0.226185
epoch=96 loss=0.127651 validation_macro_fmax=0.358950 valid_micro_fmax=0.216539
epoch=97 loss=0.119091 validation_macro_fmax=0.367240 valid_micro_fmax=0.210765
epoch=98 loss=0.116698 validation_macro_fmax=0.361382 valid_micro_fmax=0.209528
epoch=99 loss=0.111688 validation_macro_fmax=0.363034 valid_micro_fmax=0.209973
epoch=100 loss=0.112580 validation_macro_fmax=0.359304 valid_micro_fmax=0.215370
epoch=101 loss=0.107871 validation_macro_fmax=0.360284 valid_micro_fmax=0.206644
epoch=102 loss=0.107446 validation_macro_fmax=0.360366 valid_micro_fmax=0.211498
epoch=103 loss=0.101853 validation_macro_fmax=0.361694 valid_micro_fmax=0.224316
epoch=104 loss=0.097570 validation_macro_fmax=0.371309 valid_micro_fmax=0.218510
epoch=105 loss=0.092746 validation_macro_fmax=0.366695 valid_micro_fmax=0.220972
epoch=106 loss=0.094897 validation_macro_fmax=0.365306 valid_micro_fmax=0.209315
epoch=107 loss=0.091383 validation_macro_fmax=0.368097 valid_micro_fmax=0.210587
epoch=108 loss=0.087663 validation_macro_fmax=0.366496 valid_micro_fmax=0.216828
epoch=109 loss=0.084549 validation_macro_fmax=0.364393 valid_micro_fmax=0.208293
epoch=110 loss=0.081175 validation_macro_fmax=0.367806 valid_micro_fmax=0.211537
epoch=111 loss=0.077939 validation_macro_fmax=0.368938 valid_micro_fmax=0.215508
epoch=112 loss=0.081232 validation_macro_fmax=0.369043 valid_micro_fmax=0.210923
Early stopping after 112 epochs (patience=8)
GPU completion: NVIDIA L40S, 28923, 46068, 0
