GPU: NVIDIA L40S
CUDA tensor check: 8.0
Sun Jul 19 09:51:05 2026       
+-----------------------------------------------------------------------------------------+
| NVIDIA-SMI 560.35.03              Driver Version: 560.35.03      CUDA Version: 12.6     |
|-----------------------------------------+------------------------+----------------------+
| GPU  Name                 Persistence-M | Bus-Id          Disp.A | Volatile Uncorr. ECC |
| Fan  Temp   Perf          Pwr:Usage/Cap |           Memory-Usage | GPU-Util  Compute M. |
|                                         |                        |               MIG M. |
|=========================================+========================+======================|
|   0  NVIDIA L40S                    On  |   00000000:B5:00.0 Off |                    0 |
| N/A   50C    P0             49W /  350W |     503MiB /  46068MiB |      5%      Default |
|                                         |                        |                  N/A |
+-----------------------------------------+------------------------+----------------------+
                                                                                         
+-----------------------------------------------------------------------------------------+
| Processes:                                                                              |
|  GPU   GI   CI        PID   Type   Process name                              GPU Memory |
|        ID   ID                                                               Usage      |
|=========================================================================================|
|    0   N/A  N/A    677954      C   python3                                       494MiB |
+-----------------------------------------------------------------------------------------+
CUDA verified: NVIDIA L40S; tensor dot product=8.0
GPU startup: NVIDIA L40S, 533, 46068, 5
Loaded train=6026, valid=754; reserved test set is not loaded
epoch=1 loss=0.208468 validation_macro_fmax=0.220786 valid_micro_fmax=0.221593
epoch=2 loss=0.104971 validation_macro_fmax=0.271460 valid_micro_fmax=0.286065
epoch=3 loss=0.070304 validation_macro_fmax=0.269972 valid_micro_fmax=0.299933
epoch=4 loss=0.051830 validation_macro_fmax=0.278254 valid_micro_fmax=0.300764
epoch=5 loss=0.041621 validation_macro_fmax=0.278714 valid_micro_fmax=0.300264
epoch=6 loss=0.036887 validation_macro_fmax=0.261640 valid_micro_fmax=0.320861
epoch=7 loss=0.030125 validation_macro_fmax=0.255638 valid_micro_fmax=0.339806
epoch=8 loss=0.032265 validation_macro_fmax=0.240981 valid_micro_fmax=0.312863
epoch=9 loss=0.037684 validation_macro_fmax=0.277366 valid_micro_fmax=0.338536
epoch=10 loss=0.027492 validation_macro_fmax=0.262872 valid_micro_fmax=0.348756
epoch=11 loss=0.022698 validation_macro_fmax=0.268515 valid_micro_fmax=0.345390
epoch=12 loss=0.028096 validation_macro_fmax=0.242171 valid_micro_fmax=0.347409
epoch=13 loss=0.022520 validation_macro_fmax=0.252483 valid_micro_fmax=0.381442
Early stopping after 13 epochs (patience=8)
GPU completion: NVIDIA L40S, 8401, 46068, 0
