GPU: NVIDIA L40S
CUDA tensor check: 8.0
Thu Jul 16 20:58:40 2026       
+-----------------------------------------------------------------------------------------+
| NVIDIA-SMI 560.35.03              Driver Version: 560.35.03      CUDA Version: 12.6     |
|-----------------------------------------+------------------------+----------------------+
| GPU  Name                 Persistence-M | Bus-Id          Disp.A | Volatile Uncorr. ECC |
| Fan  Temp   Perf          Pwr:Usage/Cap |           Memory-Usage | GPU-Util  Compute M. |
|                                         |                        |               MIG M. |
|=========================================+========================+======================|
|   0  NVIDIA L40S                    On  |   00000000:B5:00.0 Off |                    0 |
| N/A   36C    P0             36W /  350W |     503MiB /  46068MiB |      0%      Default |
|                                         |                        |                  N/A |
+-----------------------------------------+------------------------+----------------------+
                                                                                         
+-----------------------------------------------------------------------------------------+
| Processes:                                                                              |
|  GPU   GI   CI        PID   Type   Process name                              GPU Memory |
|        ID   ID                                                               Usage      |
|=========================================================================================|
|    0   N/A  N/A   1545583      C   python3                                       494MiB |
+-----------------------------------------------------------------------------------------+
CUDA verified: NVIDIA L40S; tensor dot product=8.0
GPU startup: NVIDIA L40S, 533, 46068, 0
Loaded train=6026, valid=754; reserved test set is not loaded
epoch=1 loss=1.014685 validation_macro_fmax=0.260417 valid_micro_fmax=0.151525
epoch=2 loss=0.843032 validation_macro_fmax=0.268422 valid_micro_fmax=0.203044
epoch=3 loss=0.780840 validation_macro_fmax=0.288213 valid_micro_fmax=0.240405
epoch=4 loss=0.743395 validation_macro_fmax=0.299773 valid_micro_fmax=0.257373
epoch=5 loss=0.713487 validation_macro_fmax=0.301972 valid_micro_fmax=0.240174
epoch=6 loss=0.686620 validation_macro_fmax=0.305424 valid_micro_fmax=0.284587
epoch=7 loss=0.658362 validation_macro_fmax=0.321126 valid_micro_fmax=0.274973
epoch=8 loss=0.627724 validation_macro_fmax=0.331771 valid_micro_fmax=0.285673
epoch=9 loss=0.592335 validation_macro_fmax=0.336943 valid_micro_fmax=0.325689
epoch=10 loss=0.552357 validation_macro_fmax=0.326898 valid_micro_fmax=0.319493
epoch=11 loss=0.508447 validation_macro_fmax=0.337872 valid_micro_fmax=0.304553
epoch=12 loss=0.459875 validation_macro_fmax=0.339719 valid_micro_fmax=0.331533
epoch=13 loss=0.408434 validation_macro_fmax=0.334704 valid_micro_fmax=0.347634
epoch=14 loss=0.357018 validation_macro_fmax=0.343570 valid_micro_fmax=0.403280
epoch=15 loss=0.306145 validation_macro_fmax=0.335188 valid_micro_fmax=0.394535
epoch=16 loss=0.258030 validation_macro_fmax=0.339684 valid_micro_fmax=0.414573
epoch=17 loss=0.216002 validation_macro_fmax=0.342367 valid_micro_fmax=0.400778
epoch=18 loss=0.179535 validation_macro_fmax=0.339248 valid_micro_fmax=0.393599
epoch=19 loss=0.149185 validation_macro_fmax=0.334456 valid_micro_fmax=0.432812
epoch=20 loss=0.123486 validation_macro_fmax=0.341872 valid_micro_fmax=0.417497
epoch=21 loss=0.102843 validation_macro_fmax=0.334652 valid_micro_fmax=0.413948
epoch=22 loss=0.085717 validation_macro_fmax=0.327941 valid_micro_fmax=0.421591
epoch=23 loss=0.072588 validation_macro_fmax=0.335615 valid_micro_fmax=0.435277
Early stopping after 23 epochs (patience=9)
GPU completion: NVIDIA L40S, 21075, 46068, 0
