GPU: NVIDIA L40S
CUDA tensor check: 8.0
Wed Jul 15 14:40:27 2026       
+-----------------------------------------------------------------------------------------+
| NVIDIA-SMI 560.35.03              Driver Version: 560.35.03      CUDA Version: 12.6     |
|-----------------------------------------+------------------------+----------------------+
| GPU  Name                 Persistence-M | Bus-Id          Disp.A | Volatile Uncorr. ECC |
| Fan  Temp   Perf          Pwr:Usage/Cap |           Memory-Usage | GPU-Util  Compute M. |
|                                         |                        |               MIG M. |
|=========================================+========================+======================|
|   0  NVIDIA L40S                    On  |   00000000:0D:00.0 Off |                    0 |
| N/A   35C    P0             53W /  350W |     503MiB /  46068MiB |      0%      Default |
|                                         |                        |                  N/A |
+-----------------------------------------+------------------------+----------------------+
                                                                                         
+-----------------------------------------------------------------------------------------+
| Processes:                                                                              |
|  GPU   GI   CI        PID   Type   Process name                              GPU Memory |
|        ID   ID                                                               Usage      |
|=========================================================================================|
|    0   N/A  N/A   2345728      C   python3                                       494MiB |
+-----------------------------------------------------------------------------------------+
CUDA verified: NVIDIA L40S; tensor dot product=8.0
GPU startup: NVIDIA L40S, 533, 46068, 0
Loaded train=6026, valid=754; reserved test set is not loaded
epoch=1 loss=0.793186 valid_micro_fmax=0.113644
epoch=2 loss=0.307289 valid_micro_fmax=0.195650
epoch=3 loss=0.131614 valid_micro_fmax=0.249374
epoch=4 loss=0.079628 valid_micro_fmax=0.222425
epoch=5 loss=0.062910 valid_micro_fmax=0.221413
epoch=6 loss=0.049817 valid_micro_fmax=0.289144
epoch=7 loss=0.040361 valid_micro_fmax=0.267363
epoch=8 loss=0.028741 valid_micro_fmax=0.311725
epoch=9 loss=0.019411 valid_micro_fmax=0.324199
epoch=10 loss=0.014641 valid_micro_fmax=0.308176
epoch=11 loss=0.011428 valid_micro_fmax=0.344795
epoch=12 loss=0.009142 valid_micro_fmax=0.357570
epoch=13 loss=0.012509 valid_micro_fmax=0.288329
epoch=14 loss=0.099329 valid_micro_fmax=0.203065
