GPU: NVIDIA L40S
CUDA tensor check: 8.0
Wed Jul 15 19:46:32 2026       
+-----------------------------------------------------------------------------------------+
| NVIDIA-SMI 560.35.03              Driver Version: 560.35.03      CUDA Version: 12.6     |
|-----------------------------------------+------------------------+----------------------+
| GPU  Name                 Persistence-M | Bus-Id          Disp.A | Volatile Uncorr. ECC |
| Fan  Temp   Perf          Pwr:Usage/Cap |           Memory-Usage | GPU-Util  Compute M. |
|                                         |                        |               MIG M. |
|=========================================+========================+======================|
|   0  NVIDIA L40S                    On  |   00000000:0D:00.0 Off |                    0 |
| N/A   42C    P0             39W /  350W |     503MiB /  46068MiB |      1%      Default |
|                                         |                        |                  N/A |
+-----------------------------------------+------------------------+----------------------+
                                                                                         
+-----------------------------------------------------------------------------------------+
| Processes:                                                                              |
|  GPU   GI   CI        PID   Type   Process name                              GPU Memory |
|        ID   ID                                                               Usage      |
|=========================================================================================|
|    0   N/A  N/A   3321840      C   python3                                       494MiB |
+-----------------------------------------------------------------------------------------+
CUDA verified: NVIDIA L40S; tensor dot product=8.0
GPU startup: NVIDIA L40S, 533, 46068, 0
Loaded train=6026, valid=754; reserved test set is not loaded
epoch=1 loss=0.317153 valid_micro_fmax=0.171403
epoch=2 loss=0.251624 valid_micro_fmax=0.221933
epoch=3 loss=0.226956 valid_micro_fmax=0.258296
epoch=4 loss=0.206343 valid_micro_fmax=0.278840
epoch=5 loss=0.186012 valid_micro_fmax=0.274865
epoch=6 loss=0.160127 valid_micro_fmax=0.347671
epoch=7 loss=0.131869 valid_micro_fmax=0.328987
epoch=8 loss=0.104389 valid_micro_fmax=0.355724
epoch=9 loss=0.080407 valid_micro_fmax=0.418870
epoch=10 loss=0.060174 valid_micro_fmax=0.421454
epoch=11 loss=0.046406 valid_micro_fmax=0.427495
epoch=12 loss=0.036252 valid_micro_fmax=0.405902
epoch=13 loss=0.028804 valid_micro_fmax=0.436052
epoch=14 loss=0.024234 valid_micro_fmax=0.461664
epoch=15 loss=0.019888 valid_micro_fmax=0.449921
epoch=16 loss=0.017727 valid_micro_fmax=0.449006
epoch=17 loss=0.014716 valid_micro_fmax=0.463442
epoch=18 loss=0.012727 valid_micro_fmax=0.439006
epoch=19 loss=0.011365 valid_micro_fmax=0.481818
epoch=20 loss=0.010450 valid_micro_fmax=0.465282
epoch=21 loss=0.010215 valid_micro_fmax=0.442517
epoch=22 loss=0.008402 valid_micro_fmax=0.449901
epoch=23 loss=0.007765 valid_micro_fmax=0.458432
epoch=24 loss=0.007114 valid_micro_fmax=0.467228
epoch=25 loss=0.006621 valid_micro_fmax=0.461382
epoch=26 loss=0.007308 valid_micro_fmax=0.461193
epoch=27 loss=0.006096 valid_micro_fmax=0.467562
epoch=28 loss=0.004861 valid_micro_fmax=0.463934
epoch=29 loss=0.004972 valid_micro_fmax=0.469636
Early stopping after 29 epochs (patience=10)
GPU completion: NVIDIA L40S, 21089, 46068, 70
