GPU: NVIDIA L40S
CUDA tensor check: 8.0
Sun Jul 19 12:28:54 2026       
+-----------------------------------------------------------------------------------------+
| NVIDIA-SMI 560.35.03              Driver Version: 560.35.03      CUDA Version: 12.6     |
|-----------------------------------------+------------------------+----------------------+
| GPU  Name                 Persistence-M | Bus-Id          Disp.A | Volatile Uncorr. ECC |
| Fan  Temp   Perf          Pwr:Usage/Cap |           Memory-Usage | GPU-Util  Compute M. |
|                                         |                        |               MIG M. |
|=========================================+========================+======================|
|   0  NVIDIA L40S                    On  |   00000000:B5:00.0 Off |                    0 |
| N/A   45C    P0             40W /  350W |     503MiB /  46068MiB |      0%      Default |
|                                         |                        |                  N/A |
+-----------------------------------------+------------------------+----------------------+
                                                                                         
+-----------------------------------------------------------------------------------------+
| Processes:                                                                              |
|  GPU   GI   CI        PID   Type   Process name                              GPU Memory |
|        ID   ID                                                               Usage      |
|=========================================================================================|
|    0   N/A  N/A    887881      C   python3                                       494MiB |
+-----------------------------------------------------------------------------------------+
CUDA verified: NVIDIA L40S; tensor dot product=8.0
GPU startup: NVIDIA L40S, 533, 46068, 5
Loaded train=6026, valid=754; reserved test set is not loaded
epoch=1 loss=0.521907 validation_macro_fmax=0.239857 valid_micro_fmax=0.095241
epoch=2 loss=0.420113 validation_macro_fmax=0.257411 valid_micro_fmax=0.109405
epoch=3 loss=0.389808 validation_macro_fmax=0.264031 valid_micro_fmax=0.120938
epoch=4 loss=0.369598 validation_macro_fmax=0.264662 valid_micro_fmax=0.138510
epoch=5 loss=0.351070 validation_macro_fmax=0.275322 valid_micro_fmax=0.151429
epoch=6 loss=0.331067 validation_macro_fmax=0.271713 valid_micro_fmax=0.170531
epoch=7 loss=0.307375 validation_macro_fmax=0.273345 valid_micro_fmax=0.172331
epoch=8 loss=0.279075 validation_macro_fmax=0.278945 valid_micro_fmax=0.191348
epoch=9 loss=0.245836 validation_macro_fmax=0.276598 valid_micro_fmax=0.237458
epoch=10 loss=0.209696 validation_macro_fmax=0.284226 valid_micro_fmax=0.257275
epoch=11 loss=0.174095 validation_macro_fmax=0.287059 valid_micro_fmax=0.288955
epoch=12 loss=0.140041 validation_macro_fmax=0.289491 valid_micro_fmax=0.330668
epoch=13 loss=0.112816 validation_macro_fmax=0.285258 valid_micro_fmax=0.342860
epoch=14 loss=0.089743 validation_macro_fmax=0.273649 valid_micro_fmax=0.331301
epoch=15 loss=0.072253 validation_macro_fmax=0.301537 valid_micro_fmax=0.370147
epoch=16 loss=0.058835 validation_macro_fmax=0.293179 valid_micro_fmax=0.363241
epoch=17 loss=0.048362 validation_macro_fmax=0.296006 valid_micro_fmax=0.364547
epoch=18 loss=0.038991 validation_macro_fmax=0.298976 valid_micro_fmax=0.378153
epoch=19 loss=0.033277 validation_macro_fmax=0.294457 valid_micro_fmax=0.390925
epoch=20 loss=0.027784 validation_macro_fmax=0.284878 valid_micro_fmax=0.379680
epoch=21 loss=0.023800 validation_macro_fmax=0.288354 valid_micro_fmax=0.392450
epoch=22 loss=0.020394 validation_macro_fmax=0.288103 valid_micro_fmax=0.409342
epoch=23 loss=0.017524 validation_macro_fmax=0.296095 valid_micro_fmax=0.403442
epoch=24 loss=0.016319 validation_macro_fmax=0.285034 valid_micro_fmax=0.396118
epoch=25 loss=0.013868 validation_macro_fmax=0.287963 valid_micro_fmax=0.404169
Early stopping after 25 epochs (patience=10)
GPU completion: NVIDIA L40S, 39613, 46068, 0
