GPU: NVIDIA L40S
CUDA tensor check: 8.0
Wed Jul 15 15:53:08 2026       
+-----------------------------------------------------------------------------------------+
| NVIDIA-SMI 560.35.03              Driver Version: 560.35.03      CUDA Version: 12.6     |
|-----------------------------------------+------------------------+----------------------+
| GPU  Name                 Persistence-M | Bus-Id          Disp.A | Volatile Uncorr. ECC |
| Fan  Temp   Perf          Pwr:Usage/Cap |           Memory-Usage | GPU-Util  Compute M. |
|                                         |                        |               MIG M. |
|=========================================+========================+======================|
|   0  NVIDIA L40S                    On  |   00000000:0D:00.0 Off |                    0 |
| N/A   36C    P0             39W /  350W |     503MiB /  46068MiB |      5%      Default |
|                                         |                        |                  N/A |
+-----------------------------------------+------------------------+----------------------+
                                                                                         
+-----------------------------------------------------------------------------------------+
| Processes:                                                                              |
|  GPU   GI   CI        PID   Type   Process name                              GPU Memory |
|        ID   ID                                                               Usage      |
|=========================================================================================|
|    0   N/A  N/A      5239      C   python3                                       494MiB |
+-----------------------------------------------------------------------------------------+
CUDA verified: NVIDIA L40S; tensor dot product=8.0
GPU startup: NVIDIA L40S, 533, 46068, 0
Loaded train=6026, valid=754; reserved test set is not loaded
epoch=1 loss=0.642200 valid_micro_fmax=0.037586
epoch=2 loss=0.538037 valid_micro_fmax=0.034427
epoch=3 loss=0.487799 valid_micro_fmax=0.051131
epoch=4 loss=0.455669 valid_micro_fmax=0.055324
epoch=5 loss=0.432825 valid_micro_fmax=0.078944
epoch=6 loss=0.415101 valid_micro_fmax=0.083993
epoch=7 loss=0.398425 valid_micro_fmax=0.095250
epoch=8 loss=0.382417 valid_micro_fmax=0.098972
epoch=9 loss=0.366070 valid_micro_fmax=0.117834
epoch=10 loss=0.348209 valid_micro_fmax=0.135691
epoch=11 loss=0.327960 valid_micro_fmax=0.145344
epoch=12 loss=0.306244 valid_micro_fmax=0.168598
epoch=13 loss=0.282900 valid_micro_fmax=0.169736
epoch=14 loss=0.260336 valid_micro_fmax=0.177979
epoch=15 loss=0.237320 valid_micro_fmax=0.171436
epoch=16 loss=0.214917 valid_micro_fmax=0.191896
epoch=17 loss=0.193189 valid_micro_fmax=0.190928
epoch=18 loss=0.173771 valid_micro_fmax=0.221694
epoch=19 loss=0.155225 valid_micro_fmax=0.249968
epoch=20 loss=0.138170 valid_micro_fmax=0.223049
epoch=21 loss=0.123066 valid_micro_fmax=0.221313
epoch=22 loss=0.109709 valid_micro_fmax=0.253010
epoch=23 loss=0.097193 valid_micro_fmax=0.244847
epoch=24 loss=0.087497 valid_micro_fmax=0.249505
epoch=25 loss=0.078310 valid_micro_fmax=0.255504
epoch=26 loss=0.071271 valid_micro_fmax=0.261770
epoch=27 loss=0.063456 valid_micro_fmax=0.280847
epoch=28 loss=0.057613 valid_micro_fmax=0.273619
epoch=29 loss=0.052064 valid_micro_fmax=0.288728
epoch=30 loss=0.048130 valid_micro_fmax=0.291100
epoch=31 loss=0.043355 valid_micro_fmax=0.279953
epoch=32 loss=0.039645 valid_micro_fmax=0.299382
epoch=33 loss=0.036537 valid_micro_fmax=0.298425
epoch=34 loss=0.033737 valid_micro_fmax=0.291574
epoch=35 loss=0.031115 valid_micro_fmax=0.307177
epoch=36 loss=0.028983 valid_micro_fmax=0.312206
epoch=37 loss=0.027241 valid_micro_fmax=0.319450
epoch=38 loss=0.025190 valid_micro_fmax=0.317359
epoch=39 loss=0.023561 valid_micro_fmax=0.323938
epoch=40 loss=0.021963 valid_micro_fmax=0.325548
epoch=41 loss=0.020531 valid_micro_fmax=0.322239
epoch=42 loss=0.019295 valid_micro_fmax=0.323709
epoch=43 loss=0.018282 valid_micro_fmax=0.300912
epoch=44 loss=0.016819 valid_micro_fmax=0.335163
epoch=45 loss=0.016154 valid_micro_fmax=0.317824
epoch=46 loss=0.015274 valid_micro_fmax=0.333229
epoch=47 loss=0.014604 valid_micro_fmax=0.329001
epoch=48 loss=0.013612 valid_micro_fmax=0.342176
epoch=49 loss=0.012929 valid_micro_fmax=0.336319
epoch=50 loss=0.012608 valid_micro_fmax=0.324526
epoch=51 loss=0.011603 valid_micro_fmax=0.336252
epoch=52 loss=0.011083 valid_micro_fmax=0.323849
epoch=53 loss=0.010574 valid_micro_fmax=0.339787
epoch=54 loss=0.010288 valid_micro_fmax=0.311389
epoch=55 loss=0.009777 valid_micro_fmax=0.326638
epoch=56 loss=0.009457 valid_micro_fmax=0.329529
epoch=57 loss=0.008643 valid_micro_fmax=0.325132
Early stopping after 57 epochs (patience=9)
GPU completion: NVIDIA L40S, 14875, 46068, 0
