GPU: NVIDIA L40S
CUDA tensor check: 8.0
Wed Jul 15 15:44:14 2026       
+-----------------------------------------------------------------------------------------+
| NVIDIA-SMI 560.35.03              Driver Version: 560.35.03      CUDA Version: 12.6     |
|-----------------------------------------+------------------------+----------------------+
| GPU  Name                 Persistence-M | Bus-Id          Disp.A | Volatile Uncorr. ECC |
| Fan  Temp   Perf          Pwr:Usage/Cap |           Memory-Usage | GPU-Util  Compute M. |
|                                         |                        |               MIG M. |
|=========================================+========================+======================|
|   0  NVIDIA L40S                    On  |   00000000:0D:00.0 Off |                    0 |
| N/A   37C    P0             44W /  350W |     503MiB /  46068MiB |      0%      Default |
|                                         |                        |                  N/A |
+-----------------------------------------+------------------------+----------------------+
                                                                                         
+-----------------------------------------------------------------------------------------+
| Processes:                                                                              |
|  GPU   GI   CI        PID   Type   Process name                              GPU Memory |
|        ID   ID                                                               Usage      |
|=========================================================================================|
|    0   N/A  N/A   3223649      C   python3                                       494MiB |
+-----------------------------------------------------------------------------------------+
CUDA verified: NVIDIA L40S; tensor dot product=8.0
GPU startup: NVIDIA L40S, 533, 46068, 5
Loaded train=6026, valid=754; reserved test set is not loaded
epoch=1 loss=1.225507 valid_micro_fmax=0.031763
epoch=2 loss=1.144182 valid_micro_fmax=0.031430
epoch=3 loss=1.083199 valid_micro_fmax=0.033004
epoch=4 loss=1.038484 valid_micro_fmax=0.029046
epoch=5 loss=1.001677 valid_micro_fmax=0.031963
epoch=6 loss=0.973581 valid_micro_fmax=0.027576
epoch=7 loss=0.948283 valid_micro_fmax=0.030221
epoch=8 loss=0.925535 valid_micro_fmax=0.029182
epoch=9 loss=0.906960 valid_micro_fmax=0.033854
epoch=10 loss=0.889655 valid_micro_fmax=0.032476
epoch=11 loss=0.875486 valid_micro_fmax=0.037747
epoch=12 loss=0.863732 valid_micro_fmax=0.044392
epoch=13 loss=0.850139 valid_micro_fmax=0.044603
epoch=14 loss=0.841285 valid_micro_fmax=0.048805
epoch=15 loss=0.834398 valid_micro_fmax=0.050510
epoch=16 loss=0.822965 valid_micro_fmax=0.055509
epoch=17 loss=0.814410 valid_micro_fmax=0.059492
epoch=18 loss=0.806579 valid_micro_fmax=0.064702
epoch=19 loss=0.798617 valid_micro_fmax=0.066733
epoch=20 loss=0.791783 valid_micro_fmax=0.073816
epoch=21 loss=0.786664 valid_micro_fmax=0.076009
epoch=22 loss=0.779130 valid_micro_fmax=0.078936
epoch=23 loss=0.773758 valid_micro_fmax=0.080840
epoch=24 loss=0.767532 valid_micro_fmax=0.082414
epoch=25 loss=0.761393 valid_micro_fmax=0.081504
epoch=26 loss=0.756328 valid_micro_fmax=0.080202
epoch=27 loss=0.749529 valid_micro_fmax=0.086307
epoch=28 loss=0.744368 valid_micro_fmax=0.094927
epoch=29 loss=0.738913 valid_micro_fmax=0.098176
epoch=30 loss=0.732657 valid_micro_fmax=0.095921
epoch=31 loss=0.726785 valid_micro_fmax=0.094980
epoch=32 loss=0.721073 valid_micro_fmax=0.096555
epoch=33 loss=0.715603 valid_micro_fmax=0.103538
epoch=34 loss=0.709135 valid_micro_fmax=0.099984
epoch=35 loss=0.702103 valid_micro_fmax=0.099877
epoch=36 loss=0.695046 valid_micro_fmax=0.104085
epoch=37 loss=0.688694 valid_micro_fmax=0.106320
epoch=38 loss=0.681610 valid_micro_fmax=0.110549
epoch=39 loss=0.674484 valid_micro_fmax=0.112029
epoch=40 loss=0.667715 valid_micro_fmax=0.114896
epoch=41 loss=0.659871 valid_micro_fmax=0.112760
epoch=42 loss=0.651391 valid_micro_fmax=0.112568
epoch=43 loss=0.643453 valid_micro_fmax=0.115370
epoch=44 loss=0.635109 valid_micro_fmax=0.120559
epoch=45 loss=0.626722 valid_micro_fmax=0.121696
epoch=46 loss=0.617946 valid_micro_fmax=0.125312
epoch=47 loss=0.608619 valid_micro_fmax=0.123007
epoch=48 loss=0.599681 valid_micro_fmax=0.124309
epoch=49 loss=0.590069 valid_micro_fmax=0.122621
epoch=50 loss=0.580478 valid_micro_fmax=0.127804
epoch=51 loss=0.570100 valid_micro_fmax=0.125178
epoch=52 loss=0.559754 valid_micro_fmax=0.139113
epoch=53 loss=0.549726 valid_micro_fmax=0.135946
epoch=54 loss=0.539131 valid_micro_fmax=0.134191
epoch=55 loss=0.528904 valid_micro_fmax=0.136268
epoch=56 loss=0.516763 valid_micro_fmax=0.136036
epoch=57 loss=0.505350 valid_micro_fmax=0.136550
epoch=58 loss=0.494385 valid_micro_fmax=0.148755
epoch=59 loss=0.483633 valid_micro_fmax=0.138321
epoch=60 loss=0.471699 valid_micro_fmax=0.151912
epoch=61 loss=0.459888 valid_micro_fmax=0.144571
epoch=62 loss=0.448287 valid_micro_fmax=0.148579
epoch=63 loss=0.436569 valid_micro_fmax=0.148979
epoch=64 loss=0.425160 valid_micro_fmax=0.150349
epoch=65 loss=0.414327 valid_micro_fmax=0.151505
epoch=66 loss=0.402099 valid_micro_fmax=0.148468
epoch=67 loss=0.390874 valid_micro_fmax=0.153424
epoch=68 loss=0.379659 valid_micro_fmax=0.152110
epoch=69 loss=0.367689 valid_micro_fmax=0.154600
epoch=70 loss=0.356439 valid_micro_fmax=0.162244
epoch=71 loss=0.346169 valid_micro_fmax=0.165066
epoch=72 loss=0.335010 valid_micro_fmax=0.164217
epoch=73 loss=0.324540 valid_micro_fmax=0.163095
epoch=74 loss=0.314900 valid_micro_fmax=0.171720
epoch=75 loss=0.304024 valid_micro_fmax=0.166130
epoch=76 loss=0.294317 valid_micro_fmax=0.173024
epoch=77 loss=0.284118 valid_micro_fmax=0.176316
epoch=78 loss=0.274774 valid_micro_fmax=0.177232
epoch=79 loss=0.265163 valid_micro_fmax=0.178140
epoch=80 loss=0.257156 valid_micro_fmax=0.180320
epoch=81 loss=0.248017 valid_micro_fmax=0.178081
epoch=82 loss=0.240115 valid_micro_fmax=0.182818
epoch=83 loss=0.230765 valid_micro_fmax=0.180174
epoch=84 loss=0.223105 valid_micro_fmax=0.187509
epoch=85 loss=0.215163 valid_micro_fmax=0.188288
epoch=86 loss=0.208153 valid_micro_fmax=0.194201
epoch=87 loss=0.201301 valid_micro_fmax=0.190664
epoch=88 loss=0.194030 valid_micro_fmax=0.202601
epoch=89 loss=0.187190 valid_micro_fmax=0.204428
epoch=90 loss=0.180229 valid_micro_fmax=0.207792
epoch=91 loss=0.173532 valid_micro_fmax=0.203558
epoch=92 loss=0.167649 valid_micro_fmax=0.206240
epoch=93 loss=0.161824 valid_micro_fmax=0.211506
epoch=94 loss=0.156398 valid_micro_fmax=0.219677
epoch=95 loss=0.152255 valid_micro_fmax=0.223452
epoch=96 loss=0.145545 valid_micro_fmax=0.214848
epoch=97 loss=0.140370 valid_micro_fmax=0.218838
epoch=98 loss=0.135999 valid_micro_fmax=0.219881
epoch=99 loss=0.131057 valid_micro_fmax=0.226721
epoch=100 loss=0.126369 valid_micro_fmax=0.223164
epoch=101 loss=0.122987 valid_micro_fmax=0.231302
epoch=102 loss=0.118473 valid_micro_fmax=0.225345
epoch=103 loss=0.114374 valid_micro_fmax=0.220964
epoch=104 loss=0.110210 valid_micro_fmax=0.233351
epoch=105 loss=0.106337 valid_micro_fmax=0.232262
epoch=106 loss=0.103282 valid_micro_fmax=0.237087
epoch=107 loss=0.099740 valid_micro_fmax=0.225693
epoch=108 loss=0.096801 valid_micro_fmax=0.245827
epoch=109 loss=0.092961 valid_micro_fmax=0.240208
epoch=110 loss=0.089789 valid_micro_fmax=0.241242
epoch=111 loss=0.086793 valid_micro_fmax=0.246938
epoch=112 loss=0.084499 valid_micro_fmax=0.246988
epoch=113 loss=0.082053 valid_micro_fmax=0.247395
epoch=114 loss=0.079940 valid_micro_fmax=0.248247
epoch=115 loss=0.076566 valid_micro_fmax=0.239243
epoch=116 loss=0.075577 valid_micro_fmax=0.239145
epoch=117 loss=0.071956 valid_micro_fmax=0.240955
epoch=118 loss=0.069111 valid_micro_fmax=0.250272
epoch=119 loss=0.067430 valid_micro_fmax=0.253027
epoch=120 loss=0.065072 valid_micro_fmax=0.254587
epoch=121 loss=0.063160 valid_micro_fmax=0.257123
epoch=122 loss=0.061061 valid_micro_fmax=0.260126
epoch=123 loss=0.059042 valid_micro_fmax=0.255658
epoch=124 loss=0.057684 valid_micro_fmax=0.254982
epoch=125 loss=0.055683 valid_micro_fmax=0.256094
epoch=126 loss=0.053766 valid_micro_fmax=0.255239
epoch=127 loss=0.052575 valid_micro_fmax=0.258265
epoch=128 loss=0.050593 valid_micro_fmax=0.258795
epoch=129 loss=0.048723 valid_micro_fmax=0.261787
epoch=130 loss=0.047875 valid_micro_fmax=0.270024
epoch=131 loss=0.046761 valid_micro_fmax=0.264637
epoch=132 loss=0.044879 valid_micro_fmax=0.265012
epoch=133 loss=0.044580 valid_micro_fmax=0.264929
epoch=134 loss=0.043133 valid_micro_fmax=0.258093
epoch=135 loss=0.041748 valid_micro_fmax=0.262079
epoch=136 loss=0.040079 valid_micro_fmax=0.262281
epoch=137 loss=0.039104 valid_micro_fmax=0.266403
epoch=138 loss=0.038143 valid_micro_fmax=0.269612
Early stopping after 138 epochs (patience=8)
GPU completion: NVIDIA L40S, 32841, 46068, 0
