GPU: NVIDIA L40S
CUDA tensor check: 8.0
Wed Jul 15 16:36:03 2026       
+-----------------------------------------------------------------------------------------+
| NVIDIA-SMI 560.35.03              Driver Version: 560.35.03      CUDA Version: 12.6     |
|-----------------------------------------+------------------------+----------------------+
| GPU  Name                 Persistence-M | Bus-Id          Disp.A | Volatile Uncorr. ECC |
| Fan  Temp   Perf          Pwr:Usage/Cap |           Memory-Usage | GPU-Util  Compute M. |
|                                         |                        |               MIG M. |
|=========================================+========================+======================|
|   0  NVIDIA L40S                    On  |   00000000:B5:00.0 Off |                    0 |
| N/A   40C    P0             40W /  350W |     503MiB /  46068MiB |      5%      Default |
|                                         |                        |                  N/A |
+-----------------------------------------+------------------------+----------------------+
                                                                                         
+-----------------------------------------------------------------------------------------+
| Processes:                                                                              |
|  GPU   GI   CI        PID   Type   Process name                              GPU Memory |
|        ID   ID                                                               Usage      |
|=========================================================================================|
|    0   N/A  N/A    101574      C   python3                                       494MiB |
+-----------------------------------------------------------------------------------------+
CUDA verified: NVIDIA L40S; tensor dot product=8.0
GPU startup: NVIDIA L40S, 533, 46068, 0
Loaded train=6026, valid=754; reserved test set is not loaded
epoch=1 loss=0.740746 valid_micro_fmax=0.034054
epoch=2 loss=0.689565 valid_micro_fmax=0.033440
epoch=3 loss=0.649020 valid_micro_fmax=0.037143
epoch=4 loss=0.624413 valid_micro_fmax=0.033719
epoch=5 loss=0.601415 valid_micro_fmax=0.030887
epoch=6 loss=0.583113 valid_micro_fmax=0.027893
epoch=7 loss=0.569684 valid_micro_fmax=0.029090
epoch=8 loss=0.555418 valid_micro_fmax=0.030174
epoch=9 loss=0.542069 valid_micro_fmax=0.028841
epoch=10 loss=0.531881 valid_micro_fmax=0.028882
epoch=11 loss=0.523992 valid_micro_fmax=0.033981
Early stopping after 11 epochs (patience=8)
GPU completion: NVIDIA L40S, 32841, 46068, 0
