GPU: NVIDIA L40S
CUDA tensor check: 8.0
Mon Jul 20 05:29:34 2026       
+-----------------------------------------------------------------------------------------+
| NVIDIA-SMI 560.35.03              Driver Version: 560.35.03      CUDA Version: 12.6     |
|-----------------------------------------+------------------------+----------------------+
| GPU  Name                 Persistence-M | Bus-Id          Disp.A | Volatile Uncorr. ECC |
| Fan  Temp   Perf          Pwr:Usage/Cap |           Memory-Usage | GPU-Util  Compute M. |
|                                         |                        |               MIG M. |
|=========================================+========================+======================|
|   0  NVIDIA L40S                    On  |   00000000:0D:00.0 Off |                    0 |
| N/A   37C    P0             38W /  350W |     503MiB /  46068MiB |      0%      Default |
|                                         |                        |                  N/A |
+-----------------------------------------+------------------------+----------------------+
                                                                                         
+-----------------------------------------------------------------------------------------+
| Processes:                                                                              |
|  GPU   GI   CI        PID   Type   Process name                              GPU Memory |
|        ID   ID                                                               Usage      |
|=========================================================================================|
|    0   N/A  N/A   1498081      C   python3                                       494MiB |
+-----------------------------------------------------------------------------------------+
CUDA verified: NVIDIA L40S; tensor dot product=8.0
GPU startup: NVIDIA L40S, 533, 46068, 2
Loaded train=6026, valid=754; reserved test set is not loaded
epoch=1 loss=0.951088 validation_macro_fmax=0.378426 valid_micro_fmax=0.319321
epoch=2 loss=0.731281 validation_macro_fmax=0.409754 valid_micro_fmax=0.357860
epoch=3 loss=0.560201 validation_macro_fmax=0.412956 valid_micro_fmax=0.383978
epoch=4 loss=0.357492 validation_macro_fmax=0.410934 valid_micro_fmax=0.399693
epoch=5 loss=0.215256 validation_macro_fmax=0.429136 valid_micro_fmax=0.440978
epoch=6 loss=0.138328 validation_macro_fmax=0.401699 valid_micro_fmax=0.431068
epoch=7 loss=0.100154 validation_macro_fmax=0.414145 valid_micro_fmax=0.444617
epoch=8 loss=0.073607 validation_macro_fmax=0.412162 valid_micro_fmax=0.505756
epoch=9 loss=0.059174 validation_macro_fmax=0.434897 valid_micro_fmax=0.492214
epoch=10 loss=0.049082 validation_macro_fmax=0.419690 valid_micro_fmax=0.447337
epoch=11 loss=0.044820 validation_macro_fmax=0.458839 valid_micro_fmax=0.491550
epoch=12 loss=0.035558 validation_macro_fmax=0.424654 valid_micro_fmax=0.454602
epoch=13 loss=0.029787 validation_macro_fmax=0.439257 valid_micro_fmax=0.462286
epoch=14 loss=0.031179 validation_macro_fmax=0.437895 valid_micro_fmax=0.464653
epoch=15 loss=0.028702 validation_macro_fmax=0.410744 valid_micro_fmax=0.475980
epoch=16 loss=0.023814 validation_macro_fmax=0.407633 valid_micro_fmax=0.480677
epoch=17 loss=0.018595 validation_macro_fmax=0.413420 valid_micro_fmax=0.484481
epoch=18 loss=0.017096 validation_macro_fmax=0.435793 valid_micro_fmax=0.502391
epoch=19 loss=0.014971 validation_macro_fmax=0.426566 valid_micro_fmax=0.465999
epoch=20 loss=0.014257 validation_macro_fmax=0.416717 valid_micro_fmax=0.480702
Early stopping after 20 epochs (patience=9)
GPU completion: NVIDIA L40S, 28933, 46068, 0
