GPU: NVIDIA L40S
CUDA tensor check: 8.0
Wed Jul 15 17:51:27 2026       
+-----------------------------------------------------------------------------------------+
| NVIDIA-SMI 560.35.03              Driver Version: 560.35.03      CUDA Version: 12.6     |
|-----------------------------------------+------------------------+----------------------+
| GPU  Name                 Persistence-M | Bus-Id          Disp.A | Volatile Uncorr. ECC |
| Fan  Temp   Perf          Pwr:Usage/Cap |           Memory-Usage | GPU-Util  Compute M. |
|                                         |                        |               MIG M. |
|=========================================+========================+======================|
|   0  NVIDIA L40S                    On  |   00000000:B5:00.0 Off |                    0 |
| N/A   53C    P0             45W /  350W |     503MiB /  46068MiB |      0%      Default |
|                                         |                        |                  N/A |
+-----------------------------------------+------------------------+----------------------+
                                                                                         
+-----------------------------------------------------------------------------------------+
| Processes:                                                                              |
|  GPU   GI   CI        PID   Type   Process name                              GPU Memory |
|        ID   ID                                                               Usage      |
|=========================================================================================|
|    0   N/A  N/A   3014540      C   python3                                       494MiB |
+-----------------------------------------------------------------------------------------+
CUDA verified: NVIDIA L40S; tensor dot product=8.0
GPU startup: NVIDIA L40S, 533, 46068, 0
Loaded train=6026, valid=754; reserved test set is not loaded
epoch=1 loss=0.853795 valid_micro_fmax=0.292654
epoch=2 loss=0.504327 valid_micro_fmax=0.365088
epoch=3 loss=0.239043 valid_micro_fmax=0.410172
epoch=4 loss=0.125579 valid_micro_fmax=0.433778
epoch=5 loss=0.073478 valid_micro_fmax=0.433142
epoch=6 loss=0.049213 valid_micro_fmax=0.425119
epoch=7 loss=0.040323 valid_micro_fmax=0.416377
epoch=8 loss=0.030868 valid_micro_fmax=0.404972
epoch=9 loss=0.024739 valid_micro_fmax=0.426808
epoch=10 loss=0.017411 valid_micro_fmax=0.444378
epoch=11 loss=0.013440 valid_micro_fmax=0.435067
epoch=12 loss=0.012825 valid_micro_fmax=0.425010
epoch=13 loss=0.011587 valid_micro_fmax=0.460250
epoch=14 loss=0.014910 valid_micro_fmax=0.411023
epoch=15 loss=0.018202 valid_micro_fmax=0.411421
epoch=16 loss=0.011341 valid_micro_fmax=0.412513
epoch=17 loss=0.008131 valid_micro_fmax=0.417934
epoch=18 loss=0.009736 valid_micro_fmax=0.450789
epoch=19 loss=0.005738 valid_micro_fmax=0.429219
epoch=20 loss=0.006012 valid_micro_fmax=0.401395
epoch=21 loss=0.006050 valid_micro_fmax=0.424247
Early stopping after 21 epochs (patience=8)
GPU completion: NVIDIA L40S, 32075, 46068, 42
