GPU: NVIDIA L40S
CUDA tensor check: 8.0
Sun Jul 19 23:55:39 2026       
+-----------------------------------------------------------------------------------------+
| NVIDIA-SMI 560.35.03              Driver Version: 560.35.03      CUDA Version: 12.6     |
|-----------------------------------------+------------------------+----------------------+
| GPU  Name                 Persistence-M | Bus-Id          Disp.A | Volatile Uncorr. ECC |
| Fan  Temp   Perf          Pwr:Usage/Cap |           Memory-Usage | GPU-Util  Compute M. |
|                                         |                        |               MIG M. |
|=========================================+========================+======================|
|   0  NVIDIA L40S                    On  |   00000000:B5:00.0 Off |                    0 |
| N/A   48C    P0             46W /  350W |     503MiB /  46068MiB |      5%      Default |
|                                         |                        |                  N/A |
+-----------------------------------------+------------------------+----------------------+
                                                                                         
+-----------------------------------------------------------------------------------------+
| Processes:                                                                              |
|  GPU   GI   CI        PID   Type   Process name                              GPU Memory |
|        ID   ID                                                               Usage      |
|=========================================================================================|
|    0   N/A  N/A   1083333      C   python3                                       494MiB |
+-----------------------------------------------------------------------------------------+
CUDA verified: NVIDIA L40S; tensor dot product=8.0
GPU startup: NVIDIA L40S, 533, 46068, 0
Loaded train=6026, valid=754; reserved test set is not loaded
epoch=1 loss=0.884282 validation_macro_fmax=0.322680 valid_micro_fmax=0.352351
epoch=2 loss=0.628481 validation_macro_fmax=0.307616 valid_micro_fmax=0.426934
epoch=3 loss=0.403808 validation_macro_fmax=0.311075 valid_micro_fmax=0.396637
epoch=4 loss=0.235198 validation_macro_fmax=0.334436 valid_micro_fmax=0.437463
epoch=5 loss=0.132039 validation_macro_fmax=0.315169 valid_micro_fmax=0.497833
epoch=6 loss=0.080308 validation_macro_fmax=0.346643 valid_micro_fmax=0.506153
epoch=7 loss=0.056794 validation_macro_fmax=0.295309 valid_micro_fmax=0.523301
epoch=8 loss=0.044058 validation_macro_fmax=0.290533 valid_micro_fmax=0.454182
epoch=9 loss=0.030704 validation_macro_fmax=0.302389 valid_micro_fmax=0.515002
epoch=10 loss=0.025857 validation_macro_fmax=0.277104 valid_micro_fmax=0.491463
epoch=11 loss=0.034733 validation_macro_fmax=0.267367 valid_micro_fmax=0.511401
epoch=12 loss=0.024939 validation_macro_fmax=0.288700 valid_micro_fmax=0.488085
epoch=13 loss=0.014618 validation_macro_fmax=0.295349 valid_micro_fmax=0.493631
epoch=14 loss=0.011523 validation_macro_fmax=0.300427 valid_micro_fmax=0.475599
epoch=15 loss=0.009197 validation_macro_fmax=0.304563 valid_micro_fmax=0.496825
Early stopping after 15 epochs (patience=9)
GPU completion: NVIDIA L40S, 40877, 46068, 0
