GPU: NVIDIA L40S
CUDA tensor check: 8.0
Sat Jul 18 18:03:03 2026       
+-----------------------------------------------------------------------------------------+
| NVIDIA-SMI 560.35.03              Driver Version: 560.35.03      CUDA Version: 12.6     |
|-----------------------------------------+------------------------+----------------------+
| GPU  Name                 Persistence-M | Bus-Id          Disp.A | Volatile Uncorr. ECC |
| Fan  Temp   Perf          Pwr:Usage/Cap |           Memory-Usage | GPU-Util  Compute M. |
|                                         |                        |               MIG M. |
|=========================================+========================+======================|
|   0  NVIDIA L40S                    On  |   00000000:B5:00.0 Off |                    0 |
| N/A   44C    P0             41W /  350W |     503MiB /  46068MiB |      0%      Default |
|                                         |                        |                  N/A |
+-----------------------------------------+------------------------+----------------------+
                                                                                         
+-----------------------------------------------------------------------------------------+
| Processes:                                                                              |
|  GPU   GI   CI        PID   Type   Process name                              GPU Memory |
|        ID   ID                                                               Usage      |
|=========================================================================================|
|    0   N/A  N/A    321384      C   python3                                       494MiB |
+-----------------------------------------------------------------------------------------+
CUDA verified: NVIDIA L40S; tensor dot product=8.0
GPU startup: NVIDIA L40S, 533, 46068, 0
Loaded train=6026, valid=754; reserved test set is not loaded
epoch=1 loss=0.328826 validation_macro_fmax=0.118987 valid_micro_fmax=0.015841
epoch=2 loss=0.262206 validation_macro_fmax=0.141376 valid_micro_fmax=0.024983
epoch=3 loss=0.237511 validation_macro_fmax=0.168777 valid_micro_fmax=0.040073
epoch=4 loss=0.222114 validation_macro_fmax=0.189558 valid_micro_fmax=0.058889
epoch=5 loss=0.209770 validation_macro_fmax=0.208543 valid_micro_fmax=0.089848
epoch=6 loss=0.197543 validation_macro_fmax=0.206700 valid_micro_fmax=0.090839
epoch=7 loss=0.185180 validation_macro_fmax=0.225500 valid_micro_fmax=0.107002
epoch=8 loss=0.171064 validation_macro_fmax=0.229389 valid_micro_fmax=0.129931
epoch=9 loss=0.154879 validation_macro_fmax=0.228832 valid_micro_fmax=0.140745
epoch=10 loss=0.137328 validation_macro_fmax=0.218011 valid_micro_fmax=0.163666
epoch=11 loss=0.119240 validation_macro_fmax=0.230156 valid_micro_fmax=0.169312
epoch=12 loss=0.102286 validation_macro_fmax=0.203113 valid_micro_fmax=0.166854
epoch=13 loss=0.086545 validation_macro_fmax=0.211960 valid_micro_fmax=0.176893
epoch=14 loss=0.071686 validation_macro_fmax=0.230783 valid_micro_fmax=0.180968
epoch=15 loss=0.059785 validation_macro_fmax=0.234407 valid_micro_fmax=0.185744
epoch=16 loss=0.049984 validation_macro_fmax=0.230476 valid_micro_fmax=0.193642
epoch=17 loss=0.041561 validation_macro_fmax=0.237800 valid_micro_fmax=0.196113
epoch=18 loss=0.035810 validation_macro_fmax=0.225054 valid_micro_fmax=0.185036
epoch=19 loss=0.030262 validation_macro_fmax=0.240189 valid_micro_fmax=0.203876
epoch=20 loss=0.025791 validation_macro_fmax=0.228706 valid_micro_fmax=0.207962
epoch=21 loss=0.022866 validation_macro_fmax=0.234558 valid_micro_fmax=0.208580
epoch=22 loss=0.020369 validation_macro_fmax=0.229800 valid_micro_fmax=0.190854
epoch=23 loss=0.018205 validation_macro_fmax=0.233359 valid_micro_fmax=0.202873
epoch=24 loss=0.015693 validation_macro_fmax=0.239494 valid_micro_fmax=0.202333
epoch=25 loss=0.013449 validation_macro_fmax=0.237680 valid_micro_fmax=0.206927
epoch=26 loss=0.011613 validation_macro_fmax=0.250380 valid_micro_fmax=0.211195
epoch=27 loss=0.010365 validation_macro_fmax=0.235889 valid_micro_fmax=0.208720
epoch=28 loss=0.009957 validation_macro_fmax=0.237851 valid_micro_fmax=0.219262
epoch=29 loss=0.009745 validation_macro_fmax=0.238217 valid_micro_fmax=0.214347
epoch=30 loss=0.008514 validation_macro_fmax=0.216261 valid_micro_fmax=0.195336
epoch=31 loss=0.008347 validation_macro_fmax=0.218839 valid_micro_fmax=0.199049
epoch=32 loss=0.007374 validation_macro_fmax=0.229681 valid_micro_fmax=0.208203
epoch=33 loss=0.006087 validation_macro_fmax=0.225061 valid_micro_fmax=0.215360
epoch=34 loss=0.005513 validation_macro_fmax=0.243914 valid_micro_fmax=0.213685
epoch=35 loss=0.005341 validation_macro_fmax=0.232904 valid_micro_fmax=0.208259
epoch=36 loss=0.004812 validation_macro_fmax=0.240465 valid_micro_fmax=0.216736
Early stopping after 36 epochs (patience=10)
GPU completion: NVIDIA L40S, 17463, 46068, 0
