GPU: NVIDIA L40S
CUDA tensor check: 8.0
Sat Jul 18 19:28:56 2026       
+-----------------------------------------------------------------------------------------+
| NVIDIA-SMI 560.35.03              Driver Version: 560.35.03      CUDA Version: 12.6     |
|-----------------------------------------+------------------------+----------------------+
| GPU  Name                 Persistence-M | Bus-Id          Disp.A | Volatile Uncorr. ECC |
| Fan  Temp   Perf          Pwr:Usage/Cap |           Memory-Usage | GPU-Util  Compute M. |
|                                         |                        |               MIG M. |
|=========================================+========================+======================|
|   0  NVIDIA L40S                    On  |   00000000:0D:00.0 Off |                    0 |
| N/A   50C    P0             43W /  350W |     503MiB /  46068MiB |      0%      Default |
|                                         |                        |                  N/A |
+-----------------------------------------+------------------------+----------------------+
                                                                                         
+-----------------------------------------------------------------------------------------+
| Processes:                                                                              |
|  GPU   GI   CI        PID   Type   Process name                              GPU Memory |
|        ID   ID                                                               Usage      |
|=========================================================================================|
|    0   N/A  N/A    369286      C   python3                                       494MiB |
+-----------------------------------------------------------------------------------------+
CUDA verified: NVIDIA L40S; tensor dot product=8.0
GPU startup: NVIDIA L40S, 533, 46068, 5
Loaded train=6026, valid=754; reserved test set is not loaded
epoch=1 loss=0.477034 validation_macro_fmax=0.292088 valid_micro_fmax=0.058256
epoch=2 loss=0.246327 validation_macro_fmax=0.288984 valid_micro_fmax=0.075055
epoch=3 loss=0.143102 validation_macro_fmax=0.316915 valid_micro_fmax=0.089502
epoch=4 loss=0.094224 validation_macro_fmax=0.335576 valid_micro_fmax=0.121960
epoch=5 loss=0.071058 validation_macro_fmax=0.295574 valid_micro_fmax=0.091319
epoch=6 loss=0.061501 validation_macro_fmax=0.337171 valid_micro_fmax=0.121179
epoch=7 loss=0.050595 validation_macro_fmax=0.347308 valid_micro_fmax=0.131750
epoch=8 loss=0.044124 validation_macro_fmax=0.348228 valid_micro_fmax=0.131603
epoch=9 loss=0.044274 validation_macro_fmax=0.351359 valid_micro_fmax=0.155667
epoch=10 loss=0.037542 validation_macro_fmax=0.335955 valid_micro_fmax=0.128433
epoch=11 loss=0.034236 validation_macro_fmax=0.294472 valid_micro_fmax=0.121018
epoch=12 loss=0.031454 validation_macro_fmax=0.327722 valid_micro_fmax=0.161971
epoch=13 loss=0.031944 validation_macro_fmax=0.335865 valid_micro_fmax=0.141633
epoch=14 loss=0.027486 validation_macro_fmax=0.327374 valid_micro_fmax=0.153978
epoch=15 loss=0.027682 validation_macro_fmax=0.324173 valid_micro_fmax=0.124986
epoch=16 loss=0.030002 validation_macro_fmax=0.325058 valid_micro_fmax=0.150003
epoch=17 loss=0.026728 validation_macro_fmax=0.316444 valid_micro_fmax=0.189247
epoch=18 loss=0.022049 validation_macro_fmax=0.336396 valid_micro_fmax=0.175955
epoch=19 loss=0.024836 validation_macro_fmax=0.331185 valid_micro_fmax=0.157598
Early stopping after 19 epochs (patience=10)
GPU completion: NVIDIA L40S, 27965, 46068, 0
