GPU: NVIDIA L40S
CUDA tensor check: 8.0
Sun Jul 19 03:46:45 2026       
+-----------------------------------------------------------------------------------------+
| NVIDIA-SMI 560.35.03              Driver Version: 560.35.03      CUDA Version: 12.6     |
|-----------------------------------------+------------------------+----------------------+
| GPU  Name                 Persistence-M | Bus-Id          Disp.A | Volatile Uncorr. ECC |
| Fan  Temp   Perf          Pwr:Usage/Cap |           Memory-Usage | GPU-Util  Compute M. |
|                                         |                        |               MIG M. |
|=========================================+========================+======================|
|   0  NVIDIA L40S                    On  |   00000000:0D:00.0 Off |                    0 |
| N/A   54C    P0             47W /  350W |     503MiB /  46068MiB |      5%      Default |
|                                         |                        |                  N/A |
+-----------------------------------------+------------------------+----------------------+
                                                                                         
+-----------------------------------------------------------------------------------------+
| Processes:                                                                              |
|  GPU   GI   CI        PID   Type   Process name                              GPU Memory |
|        ID   ID                                                               Usage      |
|=========================================================================================|
|    0   N/A  N/A    976733      C   python3                                       494MiB |
+-----------------------------------------------------------------------------------------+
CUDA verified: NVIDIA L40S; tensor dot product=8.0
GPU startup: NVIDIA L40S, 533, 46068, 1
Loaded train=6026, valid=754; reserved test set is not loaded
epoch=1 loss=1.153853 validation_macro_fmax=0.118123 valid_micro_fmax=0.016283
epoch=2 loss=0.996606 validation_macro_fmax=0.149327 valid_micro_fmax=0.032144
epoch=3 loss=0.903365 validation_macro_fmax=0.195204 valid_micro_fmax=0.062301
epoch=4 loss=0.835612 validation_macro_fmax=0.211669 valid_micro_fmax=0.087671
epoch=5 loss=0.780314 validation_macro_fmax=0.215477 valid_micro_fmax=0.117081
epoch=6 loss=0.725671 validation_macro_fmax=0.217666 valid_micro_fmax=0.137227
epoch=7 loss=0.670373 validation_macro_fmax=0.216498 valid_micro_fmax=0.152163
epoch=8 loss=0.611686 validation_macro_fmax=0.221419 valid_micro_fmax=0.157758
epoch=9 loss=0.549377 validation_macro_fmax=0.227942 valid_micro_fmax=0.167384
epoch=10 loss=0.487255 validation_macro_fmax=0.222100 valid_micro_fmax=0.182525
epoch=11 loss=0.424694 validation_macro_fmax=0.231428 valid_micro_fmax=0.189788
epoch=12 loss=0.363998 validation_macro_fmax=0.237103 valid_micro_fmax=0.200586
epoch=13 loss=0.312610 validation_macro_fmax=0.240942 valid_micro_fmax=0.198190
epoch=14 loss=0.267184 validation_macro_fmax=0.243159 valid_micro_fmax=0.210072
epoch=15 loss=0.229082 validation_macro_fmax=0.216971 valid_micro_fmax=0.192086
epoch=16 loss=0.196410 validation_macro_fmax=0.226597 valid_micro_fmax=0.210834
epoch=17 loss=0.170052 validation_macro_fmax=0.261853 valid_micro_fmax=0.213183
epoch=18 loss=0.149244 validation_macro_fmax=0.233895 valid_micro_fmax=0.204636
epoch=19 loss=0.131940 validation_macro_fmax=0.225227 valid_micro_fmax=0.209050
epoch=20 loss=0.115583 validation_macro_fmax=0.240578 valid_micro_fmax=0.210120
epoch=21 loss=0.103791 validation_macro_fmax=0.265935 valid_micro_fmax=0.223597
epoch=22 loss=0.097254 validation_macro_fmax=0.223469 valid_micro_fmax=0.212631
epoch=23 loss=0.082506 validation_macro_fmax=0.224310 valid_micro_fmax=0.217465
epoch=24 loss=0.078972 validation_macro_fmax=0.247145 valid_micro_fmax=0.233541
epoch=25 loss=0.071943 validation_macro_fmax=0.243398 valid_micro_fmax=0.229567
epoch=26 loss=0.067093 validation_macro_fmax=0.248545 valid_micro_fmax=0.228717
epoch=27 loss=0.060782 validation_macro_fmax=0.221181 valid_micro_fmax=0.232146
epoch=28 loss=0.058998 validation_macro_fmax=0.240582 valid_micro_fmax=0.230167
epoch=29 loss=0.057479 validation_macro_fmax=0.231504 valid_micro_fmax=0.236667
epoch=30 loss=0.050366 validation_macro_fmax=0.234216 valid_micro_fmax=0.233350
Early stopping after 30 epochs (patience=9)
GPU completion: NVIDIA L40S, 31641, 46068, 0
