GPU: NVIDIA L40S
CUDA tensor check: 8.0
Mon Jul 20 03:36:10 2026       
+-----------------------------------------------------------------------------------------+
| NVIDIA-SMI 560.35.03              Driver Version: 560.35.03      CUDA Version: 12.6     |
|-----------------------------------------+------------------------+----------------------+
| GPU  Name                 Persistence-M | Bus-Id          Disp.A | Volatile Uncorr. ECC |
| Fan  Temp   Perf          Pwr:Usage/Cap |           Memory-Usage | GPU-Util  Compute M. |
|                                         |                        |               MIG M. |
|=========================================+========================+======================|
|   0  NVIDIA L40S                    On  |   00000000:B5:00.0 Off |                    0 |
| N/A   41C    P0             40W /  350W |     503MiB /  46068MiB |      0%      Default |
|                                         |                        |                  N/A |
+-----------------------------------------+------------------------+----------------------+
                                                                                         
+-----------------------------------------------------------------------------------------+
| Processes:                                                                              |
|  GPU   GI   CI        PID   Type   Process name                              GPU Memory |
|        ID   ID                                                               Usage      |
|=========================================================================================|
|    0   N/A  N/A   1520696      C   python3                                       494MiB |
+-----------------------------------------------------------------------------------------+
CUDA verified: NVIDIA L40S; tensor dot product=8.0
GPU startup: NVIDIA L40S, 533, 46068, 1
Loaded train=6026, valid=754; reserved test set is not loaded
epoch=1 loss=0.940864 validation_macro_fmax=0.272874 valid_micro_fmax=0.068581
epoch=2 loss=0.629844 validation_macro_fmax=0.298098 valid_micro_fmax=0.090584
epoch=3 loss=0.352727 validation_macro_fmax=0.288061 valid_micro_fmax=0.099799
epoch=4 loss=0.203819 validation_macro_fmax=0.315352 valid_micro_fmax=0.115344
epoch=5 loss=0.131173 validation_macro_fmax=0.315528 valid_micro_fmax=0.142566
epoch=6 loss=0.096088 validation_macro_fmax=0.346906 valid_micro_fmax=0.161141
epoch=7 loss=0.076016 validation_macro_fmax=0.325670 valid_micro_fmax=0.150897
epoch=8 loss=0.057834 validation_macro_fmax=0.345781 valid_micro_fmax=0.196432
epoch=9 loss=0.054010 validation_macro_fmax=0.351258 valid_micro_fmax=0.171642
epoch=10 loss=0.059249 validation_macro_fmax=0.345747 valid_micro_fmax=0.216026
epoch=11 loss=0.042993 validation_macro_fmax=0.346923 valid_micro_fmax=0.196545
epoch=12 loss=0.041999 validation_macro_fmax=0.349162 valid_micro_fmax=0.220456
epoch=13 loss=0.026528 validation_macro_fmax=0.345362 valid_micro_fmax=0.237676
epoch=14 loss=0.034277 validation_macro_fmax=0.328131 valid_micro_fmax=0.202146
epoch=15 loss=0.023823 validation_macro_fmax=0.370893 valid_micro_fmax=0.264029
epoch=16 loss=0.031947 validation_macro_fmax=0.347057 valid_micro_fmax=0.202822
epoch=17 loss=0.019942 validation_macro_fmax=0.362733 valid_micro_fmax=0.232928
epoch=18 loss=0.035749 validation_macro_fmax=0.309989 valid_micro_fmax=0.193859
epoch=19 loss=0.055133 validation_macro_fmax=0.373092 valid_micro_fmax=0.230651
epoch=20 loss=0.043291 validation_macro_fmax=0.338514 valid_micro_fmax=0.153219
epoch=21 loss=0.028635 validation_macro_fmax=0.342915 valid_micro_fmax=0.194671
epoch=22 loss=0.018737 validation_macro_fmax=0.356909 valid_micro_fmax=0.225525
epoch=23 loss=0.014593 validation_macro_fmax=0.362768 valid_micro_fmax=0.231730
epoch=24 loss=0.017988 validation_macro_fmax=0.374245 valid_micro_fmax=0.265248
epoch=25 loss=0.020262 validation_macro_fmax=0.360998 valid_micro_fmax=0.227209
epoch=26 loss=0.026777 validation_macro_fmax=0.360237 valid_micro_fmax=0.241692
epoch=27 loss=0.018945 validation_macro_fmax=0.330397 valid_micro_fmax=0.252387
epoch=28 loss=0.015998 validation_macro_fmax=0.351588 valid_micro_fmax=0.256858
epoch=29 loss=0.019780 validation_macro_fmax=0.352060 valid_micro_fmax=0.261333
epoch=30 loss=0.040994 validation_macro_fmax=0.356283 valid_micro_fmax=0.229926
epoch=31 loss=0.018062 validation_macro_fmax=0.363362 valid_micro_fmax=0.257683
epoch=32 loss=0.022259 validation_macro_fmax=0.339990 valid_micro_fmax=0.230485
epoch=33 loss=0.012947 validation_macro_fmax=0.346126 valid_micro_fmax=0.255409
Early stopping after 33 epochs (patience=9)
GPU completion: NVIDIA L40S, 17461, 46068, 0
