GPU: NVIDIA L40S
CUDA tensor check: 8.0
Sun Jul 19 17:23:57 2026       
+-----------------------------------------------------------------------------------------+
| NVIDIA-SMI 560.35.03              Driver Version: 560.35.03      CUDA Version: 12.6     |
|-----------------------------------------+------------------------+----------------------+
| GPU  Name                 Persistence-M | Bus-Id          Disp.A | Volatile Uncorr. ECC |
| Fan  Temp   Perf          Pwr:Usage/Cap |           Memory-Usage | GPU-Util  Compute M. |
|                                         |                        |               MIG M. |
|=========================================+========================+======================|
|   0  NVIDIA L40S                    On  |   00000000:B5:00.0 Off |                    0 |
| N/A   49C    P0             42W /  350W |     503MiB /  46068MiB |      1%      Default |
|                                         |                        |                  N/A |
+-----------------------------------------+------------------------+----------------------+
                                                                                         
+-----------------------------------------------------------------------------------------+
| Processes:                                                                              |
|  GPU   GI   CI        PID   Type   Process name                              GPU Memory |
|        ID   ID                                                               Usage      |
|=========================================================================================|
|    0   N/A  N/A   1479674      C   python3                                       494MiB |
+-----------------------------------------------------------------------------------------+
CUDA verified: NVIDIA L40S; tensor dot product=8.0
GPU startup: NVIDIA L40S, 533, 46068, 2
Loaded train=6026, valid=754; reserved test set is not loaded
epoch=1 loss=0.782118 validation_macro_fmax=0.283764 valid_micro_fmax=0.413942
epoch=2 loss=0.356555 validation_macro_fmax=0.315394 valid_micro_fmax=0.383532
epoch=3 loss=0.211692 validation_macro_fmax=0.289131 valid_micro_fmax=0.423393
epoch=4 loss=0.169117 validation_macro_fmax=0.291477 valid_micro_fmax=0.473227
epoch=5 loss=0.114017 validation_macro_fmax=0.301227 valid_micro_fmax=0.487587
epoch=6 loss=0.085735 validation_macro_fmax=0.277619 valid_micro_fmax=0.433295
epoch=7 loss=0.085935 validation_macro_fmax=0.319789 valid_micro_fmax=0.465158
epoch=8 loss=0.081667 validation_macro_fmax=0.287789 valid_micro_fmax=0.431441
epoch=9 loss=0.080216 validation_macro_fmax=0.275218 valid_micro_fmax=0.472778
epoch=10 loss=0.061211 validation_macro_fmax=0.292707 valid_micro_fmax=0.487221
epoch=11 loss=0.069269 validation_macro_fmax=0.308677 valid_micro_fmax=0.496762
epoch=12 loss=0.048702 validation_macro_fmax=0.284922 valid_micro_fmax=0.454734
