GPU: NVIDIA L40S
CUDA tensor check: 8.0
Mon Jul 20 04:13:48 2026       
+-----------------------------------------------------------------------------------------+
| NVIDIA-SMI 560.35.03              Driver Version: 560.35.03      CUDA Version: 12.6     |
|-----------------------------------------+------------------------+----------------------+
| GPU  Name                 Persistence-M | Bus-Id          Disp.A | Volatile Uncorr. ECC |
| Fan  Temp   Perf          Pwr:Usage/Cap |           Memory-Usage | GPU-Util  Compute M. |
|                                         |                        |               MIG M. |
|=========================================+========================+======================|
|   0  NVIDIA L40S                    On  |   00000000:0D:00.0 Off |                    0 |
| N/A   43C    P0             45W /  350W |     503MiB /  46068MiB |      5%      Default |
|                                         |                        |                  N/A |
+-----------------------------------------+------------------------+----------------------+
                                                                                         
+-----------------------------------------------------------------------------------------+
| Processes:                                                                              |
|  GPU   GI   CI        PID   Type   Process name                              GPU Memory |
|        ID   ID                                                               Usage      |
|=========================================================================================|
|    0   N/A  N/A   1469843      C   python3                                       494MiB |
+-----------------------------------------------------------------------------------------+
CUDA verified: NVIDIA L40S; tensor dot product=8.0
GPU startup: NVIDIA L40S, 533, 46068, 0
Loaded train=6026, valid=754; reserved test set is not loaded
epoch=1 loss=0.890427 validation_macro_fmax=0.343727 valid_micro_fmax=0.235167
epoch=2 loss=0.595320 validation_macro_fmax=0.376881 valid_micro_fmax=0.300113
epoch=3 loss=0.324929 validation_macro_fmax=0.389294 valid_micro_fmax=0.327217
epoch=4 loss=0.156993 validation_macro_fmax=0.423713 valid_micro_fmax=0.336288
epoch=5 loss=0.084958 validation_macro_fmax=0.424686 valid_micro_fmax=0.368889
epoch=6 loss=0.050670 validation_macro_fmax=0.432097 valid_micro_fmax=0.385894
epoch=7 loss=0.036599 validation_macro_fmax=0.436754 valid_micro_fmax=0.401278
epoch=8 loss=0.027349 validation_macro_fmax=0.434204 valid_micro_fmax=0.415904
epoch=9 loss=0.019934 validation_macro_fmax=0.436723 valid_micro_fmax=0.431784
epoch=10 loss=0.015237 validation_macro_fmax=0.422662 valid_micro_fmax=0.433680
epoch=11 loss=0.012459 validation_macro_fmax=0.450229 valid_micro_fmax=0.453205
epoch=12 loss=0.009750 validation_macro_fmax=0.423365 valid_micro_fmax=0.439628
epoch=13 loss=0.008689 validation_macro_fmax=0.447601 valid_micro_fmax=0.437397
epoch=14 loss=0.007436 validation_macro_fmax=0.455001 valid_micro_fmax=0.450040
epoch=15 loss=0.007069 validation_macro_fmax=0.461953 valid_micro_fmax=0.464786
epoch=16 loss=0.033449 validation_macro_fmax=0.414480 valid_micro_fmax=0.383582
epoch=17 loss=0.032219 validation_macro_fmax=0.429212 valid_micro_fmax=0.394181
epoch=18 loss=0.011328 validation_macro_fmax=0.437982 valid_micro_fmax=0.450587
epoch=19 loss=0.006654 validation_macro_fmax=0.437554 valid_micro_fmax=0.449611
epoch=20 loss=0.004802 validation_macro_fmax=0.453091 valid_micro_fmax=0.453939
epoch=21 loss=0.003845 validation_macro_fmax=0.451143 valid_micro_fmax=0.466256
epoch=22 loss=0.003280 validation_macro_fmax=0.451614 valid_micro_fmax=0.468719
epoch=23 loss=0.002934 validation_macro_fmax=0.449412 valid_micro_fmax=0.476537
Early stopping after 23 epochs (patience=8)
GPU completion: NVIDIA L40S, 43351, 46068, 0
