GPU: NVIDIA L40S
CUDA tensor check: 8.0
Mon Jul 20 07:14:56 2026       
+-----------------------------------------------------------------------------------------+
| NVIDIA-SMI 560.35.03              Driver Version: 560.35.03      CUDA Version: 12.6     |
|-----------------------------------------+------------------------+----------------------+
| GPU  Name                 Persistence-M | Bus-Id          Disp.A | Volatile Uncorr. ECC |
| Fan  Temp   Perf          Pwr:Usage/Cap |           Memory-Usage | GPU-Util  Compute M. |
|                                         |                        |               MIG M. |
|=========================================+========================+======================|
|   0  NVIDIA L40S                    On  |   00000000:B5:00.0 Off |                    0 |
| N/A   44C    P0             43W /  350W |     503MiB /  46068MiB |      5%      Default |
|                                         |                        |                  N/A |
+-----------------------------------------+------------------------+----------------------+
                                                                                         
+-----------------------------------------------------------------------------------------+
| Processes:                                                                              |
|  GPU   GI   CI        PID   Type   Process name                              GPU Memory |
|        ID   ID                                                               Usage      |
|=========================================================================================|
|    0   N/A  N/A   1261507      C   python3                                       494MiB |
+-----------------------------------------------------------------------------------------+
CUDA verified: NVIDIA L40S; tensor dot product=8.0
GPU startup: NVIDIA L40S, 533, 46068, 0
Loaded train=6026, valid=754; reserved test set is not loaded
epoch=1 loss=0.408528 validation_macro_fmax=0.317923 valid_micro_fmax=0.098140
epoch=2 loss=0.358962 validation_macro_fmax=0.325478 valid_micro_fmax=0.100009
epoch=3 loss=0.327782 validation_macro_fmax=0.328584 valid_micro_fmax=0.105810
epoch=4 loss=0.307861 validation_macro_fmax=0.330431 valid_micro_fmax=0.111921
epoch=5 loss=0.293741 validation_macro_fmax=0.339323 valid_micro_fmax=0.122558
epoch=6 loss=0.281542 validation_macro_fmax=0.347165 valid_micro_fmax=0.131083
epoch=7 loss=0.270448 validation_macro_fmax=0.348815 valid_micro_fmax=0.143806
epoch=8 loss=0.261911 validation_macro_fmax=0.356034 valid_micro_fmax=0.152636
epoch=9 loss=0.255775 validation_macro_fmax=0.354304 valid_micro_fmax=0.161566
epoch=10 loss=0.250428 validation_macro_fmax=0.357883 valid_micro_fmax=0.171322
epoch=11 loss=0.245314 validation_macro_fmax=0.362476 valid_micro_fmax=0.180578
epoch=12 loss=0.240974 validation_macro_fmax=0.362036 valid_micro_fmax=0.180408
epoch=13 loss=0.236724 validation_macro_fmax=0.362499 valid_micro_fmax=0.191784
epoch=14 loss=0.232902 validation_macro_fmax=0.364437 valid_micro_fmax=0.200877
epoch=15 loss=0.229347 validation_macro_fmax=0.364208 valid_micro_fmax=0.209108
epoch=16 loss=0.226447 validation_macro_fmax=0.366887 valid_micro_fmax=0.227626
epoch=17 loss=0.223313 validation_macro_fmax=0.368859 valid_micro_fmax=0.223822
epoch=18 loss=0.219525 validation_macro_fmax=0.368147 valid_micro_fmax=0.236835
epoch=19 loss=0.217152 validation_macro_fmax=0.370184 valid_micro_fmax=0.235682
epoch=20 loss=0.214205 validation_macro_fmax=0.372144 valid_micro_fmax=0.232642
epoch=21 loss=0.210869 validation_macro_fmax=0.372720 valid_micro_fmax=0.251225
epoch=22 loss=0.208664 validation_macro_fmax=0.372369 valid_micro_fmax=0.260588
epoch=23 loss=0.206216 validation_macro_fmax=0.377231 valid_micro_fmax=0.275497
epoch=24 loss=0.203592 validation_macro_fmax=0.381249 valid_micro_fmax=0.272814
epoch=25 loss=0.200997 validation_macro_fmax=0.375160 valid_micro_fmax=0.263374
epoch=26 loss=0.199089 validation_macro_fmax=0.378327 valid_micro_fmax=0.262268
epoch=27 loss=0.196931 validation_macro_fmax=0.383130 valid_micro_fmax=0.262183
epoch=28 loss=0.194276 validation_macro_fmax=0.382030 valid_micro_fmax=0.259701
epoch=29 loss=0.192327 validation_macro_fmax=0.388808 valid_micro_fmax=0.292986
epoch=30 loss=0.189241 validation_macro_fmax=0.383444 valid_micro_fmax=0.299837
epoch=31 loss=0.187267 validation_macro_fmax=0.382012 valid_micro_fmax=0.289279
epoch=32 loss=0.185350 validation_macro_fmax=0.384180 valid_micro_fmax=0.305714
epoch=33 loss=0.182583 validation_macro_fmax=0.384786 valid_micro_fmax=0.304160
epoch=34 loss=0.179984 validation_macro_fmax=0.385903 valid_micro_fmax=0.300502
epoch=35 loss=0.178008 validation_macro_fmax=0.391170 valid_micro_fmax=0.309713
epoch=36 loss=0.175152 validation_macro_fmax=0.386605 valid_micro_fmax=0.323945
epoch=37 loss=0.173205 validation_macro_fmax=0.387474 valid_micro_fmax=0.323979
epoch=38 loss=0.171070 validation_macro_fmax=0.388960 valid_micro_fmax=0.323795
epoch=39 loss=0.168326 validation_macro_fmax=0.394422 valid_micro_fmax=0.327011
epoch=40 loss=0.166192 validation_macro_fmax=0.396861 valid_micro_fmax=0.344946
epoch=41 loss=0.163277 validation_macro_fmax=0.396694 valid_micro_fmax=0.349306
epoch=42 loss=0.160782 validation_macro_fmax=0.396572 valid_micro_fmax=0.358376
epoch=43 loss=0.157827 validation_macro_fmax=0.395447 valid_micro_fmax=0.350123
epoch=44 loss=0.155043 validation_macro_fmax=0.394406 valid_micro_fmax=0.364966
epoch=45 loss=0.152910 validation_macro_fmax=0.395112 valid_micro_fmax=0.351593
epoch=46 loss=0.149857 validation_macro_fmax=0.395653 valid_micro_fmax=0.357953
epoch=47 loss=0.147000 validation_macro_fmax=0.395111 valid_micro_fmax=0.378517
epoch=48 loss=0.144923 validation_macro_fmax=0.395343 valid_micro_fmax=0.389000
epoch=49 loss=0.142103 validation_macro_fmax=0.404029 valid_micro_fmax=0.382668
epoch=50 loss=0.138747 validation_macro_fmax=0.395031 valid_micro_fmax=0.411024
epoch=51 loss=0.136419 validation_macro_fmax=0.399419 valid_micro_fmax=0.389661
epoch=52 loss=0.133430 validation_macro_fmax=0.398703 valid_micro_fmax=0.387402
epoch=53 loss=0.130808 validation_macro_fmax=0.395409 valid_micro_fmax=0.385663
epoch=54 loss=0.128150 validation_macro_fmax=0.398053 valid_micro_fmax=0.406359
epoch=55 loss=0.125585 validation_macro_fmax=0.392192 valid_micro_fmax=0.403150
epoch=56 loss=0.122421 validation_macro_fmax=0.392583 valid_micro_fmax=0.419048
epoch=57 loss=0.119588 validation_macro_fmax=0.395404 valid_micro_fmax=0.407795
epoch=58 loss=0.116855 validation_macro_fmax=0.395365 valid_micro_fmax=0.404609
Early stopping after 58 epochs (patience=9)
GPU completion: NVIDIA L40S, 23793, 46068, 0
