GPU: NVIDIA L40S
CUDA tensor check: 8.0
Mon Jul 20 06:52:47 2026       
+-----------------------------------------------------------------------------------------+
| NVIDIA-SMI 560.35.03              Driver Version: 560.35.03      CUDA Version: 12.6     |
|-----------------------------------------+------------------------+----------------------+
| GPU  Name                 Persistence-M | Bus-Id          Disp.A | Volatile Uncorr. ECC |
| Fan  Temp   Perf          Pwr:Usage/Cap |           Memory-Usage | GPU-Util  Compute M. |
|                                         |                        |               MIG M. |
|=========================================+========================+======================|
|   0  NVIDIA L40S                    On  |   00000000:0D:00.0 Off |                    0 |
| N/A   46C    P0             43W /  350W |     503MiB /  46068MiB |      5%      Default |
|                                         |                        |                  N/A |
+-----------------------------------------+------------------------+----------------------+
                                                                                         
+-----------------------------------------------------------------------------------------+
| Processes:                                                                              |
|  GPU   GI   CI        PID   Type   Process name                              GPU Memory |
|        ID   ID                                                               Usage      |
|=========================================================================================|
|    0   N/A  N/A   1533340      C   python3                                       494MiB |
+-----------------------------------------------------------------------------------------+
CUDA verified: NVIDIA L40S; tensor dot product=8.0
GPU startup: NVIDIA L40S, 533, 46068, 0
Loaded train=6026, valid=754; reserved test set is not loaded
epoch=1 loss=0.303699 validation_macro_fmax=0.207667 valid_micro_fmax=0.039674
epoch=2 loss=0.183477 validation_macro_fmax=0.230157 valid_micro_fmax=0.056153
epoch=3 loss=0.117692 validation_macro_fmax=0.230368 valid_micro_fmax=0.085226
epoch=4 loss=0.082944 validation_macro_fmax=0.252125 valid_micro_fmax=0.095773
epoch=5 loss=0.065175 validation_macro_fmax=0.265945 valid_micro_fmax=0.112687
epoch=6 loss=0.056581 validation_macro_fmax=0.258105 valid_micro_fmax=0.097637
epoch=7 loss=0.050181 validation_macro_fmax=0.292577 valid_micro_fmax=0.126806
epoch=8 loss=0.043346 validation_macro_fmax=0.268110 valid_micro_fmax=0.113288
epoch=9 loss=0.037056 validation_macro_fmax=0.307552 valid_micro_fmax=0.155798
epoch=10 loss=0.033166 validation_macro_fmax=0.303657 valid_micro_fmax=0.133975
epoch=11 loss=0.031595 validation_macro_fmax=0.298222 valid_micro_fmax=0.141680
epoch=12 loss=0.030315 validation_macro_fmax=0.312856 valid_micro_fmax=0.167434
epoch=13 loss=0.031842 validation_macro_fmax=0.300475 valid_micro_fmax=0.141580
epoch=14 loss=0.027086 validation_macro_fmax=0.293757 valid_micro_fmax=0.166818
epoch=15 loss=0.029802 validation_macro_fmax=0.304006 valid_micro_fmax=0.155588
epoch=16 loss=0.029872 validation_macro_fmax=0.298124 valid_micro_fmax=0.157511
epoch=17 loss=0.026713 validation_macro_fmax=0.297486 valid_micro_fmax=0.190640
epoch=18 loss=0.023695 validation_macro_fmax=0.318983 valid_micro_fmax=0.171177
epoch=19 loss=0.022144 validation_macro_fmax=0.309671 valid_micro_fmax=0.186237
epoch=20 loss=0.022231 validation_macro_fmax=0.300204 valid_micro_fmax=0.187737
epoch=21 loss=0.017709 validation_macro_fmax=0.305209 valid_micro_fmax=0.172524
epoch=22 loss=0.018708 validation_macro_fmax=0.315647 valid_micro_fmax=0.179424
epoch=23 loss=0.019854 validation_macro_fmax=0.315674 valid_micro_fmax=0.179206
epoch=24 loss=0.016254 validation_macro_fmax=0.321681 valid_micro_fmax=0.202866
epoch=25 loss=0.016706 validation_macro_fmax=0.306202 valid_micro_fmax=0.189684
epoch=26 loss=0.021373 validation_macro_fmax=0.314333 valid_micro_fmax=0.182015
epoch=27 loss=0.017066 validation_macro_fmax=0.324024 valid_micro_fmax=0.209675
epoch=28 loss=0.028295 validation_macro_fmax=0.339839 valid_micro_fmax=0.220202
epoch=29 loss=0.024533 validation_macro_fmax=0.348266 valid_micro_fmax=0.206687
epoch=30 loss=0.016497 validation_macro_fmax=0.330250 valid_micro_fmax=0.221530
epoch=31 loss=0.015951 validation_macro_fmax=0.340563 valid_micro_fmax=0.217302
epoch=32 loss=0.013234 validation_macro_fmax=0.326878 valid_micro_fmax=0.213222
epoch=33 loss=0.012647 validation_macro_fmax=0.324037 valid_micro_fmax=0.189965
epoch=34 loss=0.015325 validation_macro_fmax=0.332371 valid_micro_fmax=0.220619
epoch=35 loss=0.013556 validation_macro_fmax=0.321866 valid_micro_fmax=0.221724
epoch=36 loss=0.014405 validation_macro_fmax=0.315333 valid_micro_fmax=0.187189
epoch=37 loss=0.017546 validation_macro_fmax=0.335421 valid_micro_fmax=0.192540
epoch=38 loss=0.015269 validation_macro_fmax=0.307927 valid_micro_fmax=0.168519
epoch=39 loss=0.014185 validation_macro_fmax=0.305503 valid_micro_fmax=0.174358
Early stopping after 39 epochs (patience=10)
GPU completion: NVIDIA L40S, 42437, 46068, 0
