GPU: NVIDIA L40S
CUDA tensor check: 8.0
Thu Jul 16 23:57:29 2026       
+-----------------------------------------------------------------------------------------+
| NVIDIA-SMI 560.35.03              Driver Version: 560.35.03      CUDA Version: 12.6     |
|-----------------------------------------+------------------------+----------------------+
| GPU  Name                 Persistence-M | Bus-Id          Disp.A | Volatile Uncorr. ECC |
| Fan  Temp   Perf          Pwr:Usage/Cap |           Memory-Usage | GPU-Util  Compute M. |
|                                         |                        |               MIG M. |
|=========================================+========================+======================|
|   0  NVIDIA L40S                    On  |   00000000:B5:00.0 Off |                    0 |
| N/A   43C    P0             40W /  350W |     503MiB /  46068MiB |      1%      Default |
|                                         |                        |                  N/A |
+-----------------------------------------+------------------------+----------------------+
                                                                                         
+-----------------------------------------------------------------------------------------+
| Processes:                                                                              |
|  GPU   GI   CI        PID   Type   Process name                              GPU Memory |
|        ID   ID                                                               Usage      |
|=========================================================================================|
|    0   N/A  N/A   2862529      C   python3                                       494MiB |
+-----------------------------------------------------------------------------------------+
CUDA verified: NVIDIA L40S; tensor dot product=8.0
GPU startup: NVIDIA L40S, 533, 46068, 5
Loaded train=6026, valid=754; reserved test set is not loaded
epoch=1 loss=0.922752 validation_macro_fmax=0.260183 valid_micro_fmax=0.205244
epoch=2 loss=0.689103 validation_macro_fmax=0.299925 valid_micro_fmax=0.212202
epoch=3 loss=0.485994 validation_macro_fmax=0.298720 valid_micro_fmax=0.279521
epoch=4 loss=0.278694 validation_macro_fmax=0.292562 valid_micro_fmax=0.286298
epoch=5 loss=0.149813 validation_macro_fmax=0.324707 valid_micro_fmax=0.344001
epoch=6 loss=0.086554 validation_macro_fmax=0.336774 valid_micro_fmax=0.346655
epoch=7 loss=0.054693 validation_macro_fmax=0.337814 valid_micro_fmax=0.365439
epoch=8 loss=0.038006 validation_macro_fmax=0.321124 valid_micro_fmax=0.411561
epoch=9 loss=0.029816 validation_macro_fmax=0.314605 valid_micro_fmax=0.389931
epoch=10 loss=0.021937 validation_macro_fmax=0.320403 valid_micro_fmax=0.407468
epoch=11 loss=0.019725 validation_macro_fmax=0.323971 valid_micro_fmax=0.400923
epoch=12 loss=0.014460 validation_macro_fmax=0.336933 valid_micro_fmax=0.436135
epoch=13 loss=0.015436 validation_macro_fmax=0.327172 valid_micro_fmax=0.427297
epoch=14 loss=0.010128 validation_macro_fmax=0.333692 valid_micro_fmax=0.410087
epoch=15 loss=0.019322 validation_macro_fmax=0.280302 valid_micro_fmax=0.227671
epoch=16 loss=0.160494 validation_macro_fmax=0.323228 valid_micro_fmax=0.229826
Early stopping after 16 epochs (patience=9)
GPU completion: NVIDIA L40S, 40535, 46068, 0
