GPU: NVIDIA L40S
CUDA tensor check: 8.0
Sun Jul 19 04:37:44 2026       
+-----------------------------------------------------------------------------------------+
| NVIDIA-SMI 560.35.03              Driver Version: 560.35.03      CUDA Version: 12.6     |
|-----------------------------------------+------------------------+----------------------+
| GPU  Name                 Persistence-M | Bus-Id          Disp.A | Volatile Uncorr. ECC |
| Fan  Temp   Perf          Pwr:Usage/Cap |           Memory-Usage | GPU-Util  Compute M. |
|                                         |                        |               MIG M. |
|=========================================+========================+======================|
|   0  NVIDIA L40S                    On  |   00000000:0D:00.0 Off |                    0 |
| N/A   51C    P0             44W /  350W |     503MiB /  46068MiB |      5%      Default |
|                                         |                        |                  N/A |
+-----------------------------------------+------------------------+----------------------+
                                                                                         
+-----------------------------------------------------------------------------------------+
| Processes:                                                                              |
|  GPU   GI   CI        PID   Type   Process name                              GPU Memory |
|        ID   ID                                                               Usage      |
|=========================================================================================|
|    0   N/A  N/A   1000268      C   python3                                       494MiB |
+-----------------------------------------------------------------------------------------+
CUDA verified: NVIDIA L40S; tensor dot product=8.0
GPU startup: NVIDIA L40S, 533, 46068, 0
Loaded train=6026, valid=754; reserved test set is not loaded
epoch=1 loss=0.401041 validation_macro_fmax=0.308490 valid_micro_fmax=0.115849
epoch=2 loss=0.159969 validation_macro_fmax=0.317015 valid_micro_fmax=0.112963
epoch=3 loss=0.087796 validation_macro_fmax=0.295685 valid_micro_fmax=0.145774
epoch=4 loss=0.058065 validation_macro_fmax=0.319428 valid_micro_fmax=0.173355
epoch=5 loss=0.041987 validation_macro_fmax=0.330458 valid_micro_fmax=0.194373
epoch=6 loss=0.039531 validation_macro_fmax=0.307187 valid_micro_fmax=0.109529
epoch=7 loss=0.038327 validation_macro_fmax=0.272357 valid_micro_fmax=0.146871
epoch=8 loss=0.029551 validation_macro_fmax=0.318823 valid_micro_fmax=0.188605
epoch=9 loss=0.020373 validation_macro_fmax=0.311334 valid_micro_fmax=0.201871
epoch=10 loss=0.017185 validation_macro_fmax=0.299973 valid_micro_fmax=0.228188
epoch=11 loss=0.015555 validation_macro_fmax=0.324149 valid_micro_fmax=0.204095
epoch=12 loss=0.014762 validation_macro_fmax=0.306569 valid_micro_fmax=0.209596
epoch=13 loss=0.013238 validation_macro_fmax=0.323617 valid_micro_fmax=0.199002
epoch=14 loss=0.013541 validation_macro_fmax=0.323588 valid_micro_fmax=0.178112
epoch=15 loss=0.034002 validation_macro_fmax=0.317455 valid_micro_fmax=0.090896
Early stopping after 15 epochs (patience=10)
GPU completion: NVIDIA L40S, 30055, 46068, 0
