GPU: NVIDIA L40S
CUDA tensor check: 8.0
Sun Jul 19 04:39:39 2026       
+-----------------------------------------------------------------------------------------+
| NVIDIA-SMI 560.35.03              Driver Version: 560.35.03      CUDA Version: 12.6     |
|-----------------------------------------+------------------------+----------------------+
| GPU  Name                 Persistence-M | Bus-Id          Disp.A | Volatile Uncorr. ECC |
| Fan  Temp   Perf          Pwr:Usage/Cap |           Memory-Usage | GPU-Util  Compute M. |
|                                         |                        |               MIG M. |
|=========================================+========================+======================|
|   0  NVIDIA L40S                    On  |   00000000:B5:00.0 Off |                    0 |
| N/A   53C    P0             44W /  350W |     503MiB /  46068MiB |      5%      Default |
|                                         |                        |                  N/A |
+-----------------------------------------+------------------------+----------------------+
                                                                                         
+-----------------------------------------------------------------------------------------+
| Processes:                                                                              |
|  GPU   GI   CI        PID   Type   Process name                              GPU Memory |
|        ID   ID                                                               Usage      |
|=========================================================================================|
|    0   N/A  N/A    542509      C   python3                                       494MiB |
+-----------------------------------------------------------------------------------------+
CUDA verified: NVIDIA L40S; tensor dot product=8.0
GPU startup: NVIDIA L40S, 533, 46068, 1
Loaded train=6026, valid=754; reserved test set is not loaded
epoch=1 loss=0.438880 validation_macro_fmax=0.211393 valid_micro_fmax=0.035722
epoch=2 loss=0.211568 validation_macro_fmax=0.194490 valid_micro_fmax=0.073629
epoch=3 loss=0.136849 validation_macro_fmax=0.237853 valid_micro_fmax=0.116370
epoch=4 loss=0.093852 validation_macro_fmax=0.234727 valid_micro_fmax=0.128382
epoch=5 loss=0.072830 validation_macro_fmax=0.232854 valid_micro_fmax=0.137951
epoch=6 loss=0.060948 validation_macro_fmax=0.224411 valid_micro_fmax=0.145318
epoch=7 loss=0.054827 validation_macro_fmax=0.211667 valid_micro_fmax=0.121589
epoch=8 loss=0.048209 validation_macro_fmax=0.208998 valid_micro_fmax=0.110164
epoch=9 loss=0.042880 validation_macro_fmax=0.224372 valid_micro_fmax=0.149554
epoch=10 loss=0.040434 validation_macro_fmax=0.217331 valid_micro_fmax=0.139718
epoch=11 loss=0.035466 validation_macro_fmax=0.230248 valid_micro_fmax=0.132731
epoch=12 loss=0.037801 validation_macro_fmax=0.202583 valid_micro_fmax=0.140928
epoch=13 loss=0.037627 validation_macro_fmax=0.223531 valid_micro_fmax=0.131916
Early stopping after 13 epochs (patience=10)
GPU completion: NVIDIA L40S, 28197, 46068, 0
