GPU: NVIDIA L40S
CUDA tensor check: 8.0
Wed Jul 15 15:15:23 2026       
+-----------------------------------------------------------------------------------------+
| NVIDIA-SMI 560.35.03              Driver Version: 560.35.03      CUDA Version: 12.6     |
|-----------------------------------------+------------------------+----------------------+
| GPU  Name                 Persistence-M | Bus-Id          Disp.A | Volatile Uncorr. ECC |
| Fan  Temp   Perf          Pwr:Usage/Cap |           Memory-Usage | GPU-Util  Compute M. |
|                                         |                        |               MIG M. |
|=========================================+========================+======================|
|   0  NVIDIA L40S                    On  |   00000000:0D:00.0 Off |                    0 |
| N/A   31C    P0             41W /  350W |     503MiB /  46068MiB |      0%      Default |
|                                         |                        |                  N/A |
+-----------------------------------------+------------------------+----------------------+
                                                                                         
+-----------------------------------------------------------------------------------------+
| Processes:                                                                              |
|  GPU   GI   CI        PID   Type   Process name                              GPU Memory |
|        ID   ID                                                               Usage      |
|=========================================================================================|
|    0   N/A  N/A   2358187      C   python3                                       494MiB |
+-----------------------------------------------------------------------------------------+
CUDA verified: NVIDIA L40S; tensor dot product=8.0
GPU startup: NVIDIA L40S, 533, 46068, 5
Loaded train=6026, valid=754; reserved test set is not loaded
epoch=1 loss=0.851306 valid_micro_fmax=0.354965
epoch=2 loss=0.488627 valid_micro_fmax=0.298317
epoch=3 loss=0.296633 valid_micro_fmax=0.322594
epoch=4 loss=0.190119 valid_micro_fmax=0.368485
epoch=5 loss=0.157401 valid_micro_fmax=0.396985
epoch=6 loss=0.113774 valid_micro_fmax=0.439578
epoch=7 loss=0.102088 valid_micro_fmax=0.422496
epoch=8 loss=0.088622 valid_micro_fmax=0.401452
epoch=9 loss=0.078058 valid_micro_fmax=0.383655
epoch=10 loss=0.085469 valid_micro_fmax=0.419297
epoch=11 loss=0.069170 valid_micro_fmax=0.415517
epoch=12 loss=0.062095 valid_micro_fmax=0.423062
epoch=13 loss=0.049302 valid_micro_fmax=0.424836
epoch=14 loss=0.043879 valid_micro_fmax=0.424101
epoch=15 loss=0.051712 valid_micro_fmax=0.438607
epoch=16 loss=0.041566 valid_micro_fmax=0.450858
epoch=17 loss=0.035149 valid_micro_fmax=0.444804
epoch=18 loss=0.041854 valid_micro_fmax=0.430624
epoch=19 loss=0.037216 valid_micro_fmax=0.453580
epoch=20 loss=0.037658 valid_micro_fmax=0.450589
epoch=21 loss=0.050619 valid_micro_fmax=0.391138
epoch=22 loss=0.044226 valid_micro_fmax=0.431131
epoch=23 loss=0.044438 valid_micro_fmax=0.432781
epoch=24 loss=0.039512 valid_micro_fmax=0.436486
epoch=25 loss=0.045116 valid_micro_fmax=0.441699
epoch=26 loss=0.028770 valid_micro_fmax=0.426343
epoch=27 loss=0.028634 valid_micro_fmax=0.435268
epoch=28 loss=0.022978 valid_micro_fmax=0.442311
epoch=29 loss=0.020358 valid_micro_fmax=0.456128
epoch=30 loss=0.020135 valid_micro_fmax=0.434476
epoch=31 loss=0.019271 valid_micro_fmax=0.422504
epoch=32 loss=0.022816 valid_micro_fmax=0.463302
epoch=33 loss=0.028448 valid_micro_fmax=0.404792
epoch=34 loss=0.021986 valid_micro_fmax=0.440902
epoch=35 loss=0.020337 valid_micro_fmax=0.446593
epoch=36 loss=0.021410 valid_micro_fmax=0.433481
epoch=37 loss=0.015994 valid_micro_fmax=0.443361
epoch=38 loss=0.017508 valid_micro_fmax=0.447524
epoch=39 loss=0.016432 valid_micro_fmax=0.439394
epoch=40 loss=0.016586 valid_micro_fmax=0.431919
epoch=41 loss=0.023617 valid_micro_fmax=0.457218
epoch=42 loss=0.054943 valid_micro_fmax=0.435691
Early stopping after 42 epochs (patience=10)
GPU completion: NVIDIA L40S, 29977, 46068, 30
