GPU: NVIDIA L40S
CUDA tensor check: 8.0
Sun Jul 19 11:15:57 2026       
+-----------------------------------------------------------------------------------------+
| NVIDIA-SMI 560.35.03              Driver Version: 560.35.03      CUDA Version: 12.6     |
|-----------------------------------------+------------------------+----------------------+
| GPU  Name                 Persistence-M | Bus-Id          Disp.A | Volatile Uncorr. ECC |
| Fan  Temp   Perf          Pwr:Usage/Cap |           Memory-Usage | GPU-Util  Compute M. |
|                                         |                        |               MIG M. |
|=========================================+========================+======================|
|   0  NVIDIA L40S                    On  |   00000000:0D:00.0 Off |                    0 |
| N/A   47C    P0             42W /  350W |     503MiB /  46068MiB |      0%      Default |
|                                         |                        |                  N/A |
+-----------------------------------------+------------------------+----------------------+
                                                                                         
+-----------------------------------------------------------------------------------------+
| Processes:                                                                              |
|  GPU   GI   CI        PID   Type   Process name                              GPU Memory |
|        ID   ID                                                               Usage      |
|=========================================================================================|
|    0   N/A  N/A   1170193      C   python3                                       494MiB |
+-----------------------------------------------------------------------------------------+
CUDA verified: NVIDIA L40S; tensor dot product=8.0
GPU startup: NVIDIA L40S, 533, 46068, 0
Loaded train=6026, valid=754; reserved test set is not loaded
epoch=1 loss=0.280344 validation_macro_fmax=0.127113 valid_micro_fmax=0.012674
epoch=2 loss=0.216650 validation_macro_fmax=0.164054 valid_micro_fmax=0.022186
epoch=3 loss=0.198799 validation_macro_fmax=0.188686 valid_micro_fmax=0.040106
epoch=4 loss=0.185213 validation_macro_fmax=0.210935 valid_micro_fmax=0.053123
epoch=5 loss=0.169463 validation_macro_fmax=0.219078 valid_micro_fmax=0.073913
epoch=6 loss=0.150449 validation_macro_fmax=0.225415 valid_micro_fmax=0.089381
epoch=7 loss=0.128650 validation_macro_fmax=0.229241 valid_micro_fmax=0.100458
epoch=8 loss=0.106375 validation_macro_fmax=0.238176 valid_micro_fmax=0.114352
epoch=9 loss=0.085279 validation_macro_fmax=0.243129 valid_micro_fmax=0.133997
epoch=10 loss=0.066749 validation_macro_fmax=0.249936 valid_micro_fmax=0.143835
epoch=11 loss=0.051525 validation_macro_fmax=0.252594 valid_micro_fmax=0.173104
epoch=12 loss=0.039774 validation_macro_fmax=0.259471 valid_micro_fmax=0.183806
epoch=13 loss=0.030625 validation_macro_fmax=0.257859 valid_micro_fmax=0.193994
epoch=14 loss=0.023997 validation_macro_fmax=0.262065 valid_micro_fmax=0.212344
epoch=15 loss=0.019038 validation_macro_fmax=0.263137 valid_micro_fmax=0.240044
epoch=16 loss=0.015020 validation_macro_fmax=0.264511 valid_micro_fmax=0.240960
epoch=17 loss=0.012130 validation_macro_fmax=0.261068 valid_micro_fmax=0.244462
epoch=18 loss=0.009941 validation_macro_fmax=0.264834 valid_micro_fmax=0.252675
epoch=19 loss=0.008267 validation_macro_fmax=0.265164 valid_micro_fmax=0.249110
epoch=20 loss=0.006916 validation_macro_fmax=0.263229 valid_micro_fmax=0.257166
epoch=21 loss=0.005914 validation_macro_fmax=0.264182 valid_micro_fmax=0.246488
epoch=22 loss=0.004924 validation_macro_fmax=0.260209 valid_micro_fmax=0.255294
epoch=23 loss=0.004204 validation_macro_fmax=0.263515 valid_micro_fmax=0.272129
epoch=24 loss=0.003667 validation_macro_fmax=0.263683 valid_micro_fmax=0.256690
epoch=25 loss=0.003170 validation_macro_fmax=0.261501 valid_micro_fmax=0.267274
epoch=26 loss=0.002897 validation_macro_fmax=0.260484 valid_micro_fmax=0.272479
epoch=27 loss=0.002839 validation_macro_fmax=0.260640 valid_micro_fmax=0.278457
epoch=28 loss=0.002803 validation_macro_fmax=0.271190 valid_micro_fmax=0.293760
epoch=29 loss=0.001989 validation_macro_fmax=0.267376 valid_micro_fmax=0.281967
epoch=30 loss=0.001752 validation_macro_fmax=0.270055 valid_micro_fmax=0.284397
epoch=31 loss=0.001653 validation_macro_fmax=0.275411 valid_micro_fmax=0.275810
epoch=32 loss=0.002430 validation_macro_fmax=0.258666 valid_micro_fmax=0.282318
epoch=33 loss=0.001459 validation_macro_fmax=0.266491 valid_micro_fmax=0.302259
epoch=34 loss=0.001518 validation_macro_fmax=0.269772 valid_micro_fmax=0.277062
epoch=35 loss=0.001069 validation_macro_fmax=0.268022 valid_micro_fmax=0.279303
epoch=36 loss=0.001331 validation_macro_fmax=0.269600 valid_micro_fmax=0.284727
epoch=37 loss=0.000884 validation_macro_fmax=0.271638 valid_micro_fmax=0.291262
epoch=38 loss=0.000848 validation_macro_fmax=0.272166 valid_micro_fmax=0.291143
epoch=39 loss=0.000721 validation_macro_fmax=0.275359 valid_micro_fmax=0.283702
epoch=40 loss=0.000675 validation_macro_fmax=0.275306 valid_micro_fmax=0.281346
Early stopping after 40 epochs (patience=9)
GPU completion: NVIDIA L40S, 34815, 46068, 0
