GPU: NVIDIA L40S
CUDA tensor check: 8.0
Sun Jul 19 05:42:19 2026       
+-----------------------------------------------------------------------------------------+
| NVIDIA-SMI 560.35.03              Driver Version: 560.35.03      CUDA Version: 12.6     |
|-----------------------------------------+------------------------+----------------------+
| GPU  Name                 Persistence-M | Bus-Id          Disp.A | Volatile Uncorr. ECC |
| Fan  Temp   Perf          Pwr:Usage/Cap |           Memory-Usage | GPU-Util  Compute M. |
|                                         |                        |               MIG M. |
|=========================================+========================+======================|
|   0  NVIDIA L40S                    On  |   00000000:B5:00.0 Off |                    0 |
| N/A   46C    P0             44W /  350W |     503MiB /  46068MiB |      0%      Default |
|                                         |                        |                  N/A |
+-----------------------------------------+------------------------+----------------------+
                                                                                         
+-----------------------------------------------------------------------------------------+
| Processes:                                                                              |
|  GPU   GI   CI        PID   Type   Process name                              GPU Memory |
|        ID   ID                                                               Usage      |
|=========================================================================================|
|    0   N/A  N/A    569545      C   python3                                       494MiB |
+-----------------------------------------------------------------------------------------+
CUDA verified: NVIDIA L40S; tensor dot product=8.0
GPU startup: NVIDIA L40S, 533, 46068, 1
Loaded train=6026, valid=754; reserved test set is not loaded
epoch=1 loss=0.281420 validation_macro_fmax=0.144037 valid_micro_fmax=0.019472
epoch=2 loss=0.216658 validation_macro_fmax=0.169709 valid_micro_fmax=0.038065
epoch=3 loss=0.198653 validation_macro_fmax=0.187412 valid_micro_fmax=0.051503
epoch=4 loss=0.185132 validation_macro_fmax=0.193176 valid_micro_fmax=0.072497
epoch=5 loss=0.170292 validation_macro_fmax=0.196814 valid_micro_fmax=0.086741
epoch=6 loss=0.151456 validation_macro_fmax=0.205359 valid_micro_fmax=0.111709
epoch=7 loss=0.130140 validation_macro_fmax=0.213661 valid_micro_fmax=0.123448
epoch=8 loss=0.107763 validation_macro_fmax=0.220882 valid_micro_fmax=0.135445
epoch=9 loss=0.086323 validation_macro_fmax=0.221125 valid_micro_fmax=0.146091
epoch=10 loss=0.067561 validation_macro_fmax=0.229996 valid_micro_fmax=0.157084
epoch=11 loss=0.052099 validation_macro_fmax=0.224759 valid_micro_fmax=0.157813
epoch=12 loss=0.039911 validation_macro_fmax=0.239922 valid_micro_fmax=0.175946
epoch=13 loss=0.030735 validation_macro_fmax=0.240526 valid_micro_fmax=0.187840
epoch=14 loss=0.024008 validation_macro_fmax=0.246294 valid_micro_fmax=0.197926
epoch=15 loss=0.018926 validation_macro_fmax=0.245977 valid_micro_fmax=0.218332
epoch=16 loss=0.015040 validation_macro_fmax=0.246179 valid_micro_fmax=0.226837
epoch=17 loss=0.012127 validation_macro_fmax=0.243612 valid_micro_fmax=0.232155
epoch=18 loss=0.009921 validation_macro_fmax=0.251555 valid_micro_fmax=0.245254
epoch=19 loss=0.008280 validation_macro_fmax=0.256335 valid_micro_fmax=0.250620
epoch=20 loss=0.006954 validation_macro_fmax=0.251800 valid_micro_fmax=0.255258
epoch=21 loss=0.005925 validation_macro_fmax=0.250964 valid_micro_fmax=0.253843
epoch=22 loss=0.004933 validation_macro_fmax=0.249573 valid_micro_fmax=0.259555
epoch=23 loss=0.004357 validation_macro_fmax=0.255361 valid_micro_fmax=0.265647
epoch=24 loss=0.004082 validation_macro_fmax=0.252361 valid_micro_fmax=0.256654
epoch=25 loss=0.003290 validation_macro_fmax=0.250504 valid_micro_fmax=0.253848
epoch=26 loss=0.002797 validation_macro_fmax=0.248648 valid_micro_fmax=0.260794
epoch=27 loss=0.003220 validation_macro_fmax=0.244473 valid_micro_fmax=0.253416
epoch=28 loss=0.002369 validation_macro_fmax=0.250827 valid_micro_fmax=0.262371
Early stopping after 28 epochs (patience=9)
GPU completion: NVIDIA L40S, 33573, 46068, 0
