GPU: NVIDIA L40S
CUDA tensor check: 8.0
Sun Jul 19 18:59:42 2026       
+-----------------------------------------------------------------------------------------+
| NVIDIA-SMI 560.35.03              Driver Version: 560.35.03      CUDA Version: 12.6     |
|-----------------------------------------+------------------------+----------------------+
| GPU  Name                 Persistence-M | Bus-Id          Disp.A | Volatile Uncorr. ECC |
| Fan  Temp   Perf          Pwr:Usage/Cap |           Memory-Usage | GPU-Util  Compute M. |
|                                         |                        |               MIG M. |
|=========================================+========================+======================|
|   0  NVIDIA L40S                    On  |   00000000:B5:00.0 Off |                    0 |
| N/A   49C    P0             47W /  350W |     503MiB /  46068MiB |      0%      Default |
|                                         |                        |                  N/A |
+-----------------------------------------+------------------------+----------------------+
                                                                                         
+-----------------------------------------------------------------------------------------+
| Processes:                                                                              |
|  GPU   GI   CI        PID   Type   Process name                              GPU Memory |
|        ID   ID                                                               Usage      |
|=========================================================================================|
|    0   N/A  N/A    964519      C   python3                                       494MiB |
+-----------------------------------------------------------------------------------------+
CUDA verified: NVIDIA L40S; tensor dot product=8.0
GPU startup: NVIDIA L40S, 533, 46068, 2
Loaded train=6026, valid=754; reserved test set is not loaded
epoch=1 loss=0.384773 validation_macro_fmax=0.329589 valid_micro_fmax=0.352273
epoch=2 loss=0.139833 validation_macro_fmax=0.286683 valid_micro_fmax=0.427739
epoch=3 loss=0.083415 validation_macro_fmax=0.304248 valid_micro_fmax=0.444539
epoch=4 loss=0.053509 validation_macro_fmax=0.304997 valid_micro_fmax=0.490071
epoch=5 loss=0.041115 validation_macro_fmax=0.291834 valid_micro_fmax=0.497514
epoch=6 loss=0.028393 validation_macro_fmax=0.289135 valid_micro_fmax=0.458707
epoch=7 loss=0.026491 validation_macro_fmax=0.284703 valid_micro_fmax=0.494409
epoch=8 loss=0.022443 validation_macro_fmax=0.277110 valid_micro_fmax=0.558202
epoch=9 loss=0.022731 validation_macro_fmax=0.289079 valid_micro_fmax=0.556673
epoch=10 loss=0.022002 validation_macro_fmax=0.277304 valid_micro_fmax=0.477041
Early stopping after 10 epochs (patience=9)
GPU completion: NVIDIA L40S, 28763, 46068, 0
