GPU: NVIDIA L40S
CUDA tensor check: 8.0
Sun Jul 19 17:34:28 2026       
+-----------------------------------------------------------------------------------------+
| NVIDIA-SMI 560.35.03              Driver Version: 560.35.03      CUDA Version: 12.6     |
|-----------------------------------------+------------------------+----------------------+
| GPU  Name                 Persistence-M | Bus-Id          Disp.A | Volatile Uncorr. ECC |
| Fan  Temp   Perf          Pwr:Usage/Cap |           Memory-Usage | GPU-Util  Compute M. |
|                                         |                        |               MIG M. |
|=========================================+========================+======================|
|   0  NVIDIA L40S                    On  |   00000000:B5:00.0 Off |                    0 |
| N/A   44C    P0             42W /  350W |     503MiB /  46068MiB |      5%      Default |
|                                         |                        |                  N/A |
+-----------------------------------------+------------------------+----------------------+
                                                                                         
+-----------------------------------------------------------------------------------------+
| Processes:                                                                              |
|  GPU   GI   CI        PID   Type   Process name                              GPU Memory |
|        ID   ID                                                               Usage      |
|=========================================================================================|
|    0   N/A  N/A   1483767      C   python3                                       494MiB |
+-----------------------------------------------------------------------------------------+
CUDA verified: NVIDIA L40S; tensor dot product=8.0
GPU startup: NVIDIA L40S, 533, 46068, 0
Loaded train=6026, valid=754; reserved test set is not loaded
epoch=1 loss=1.232987 validation_macro_fmax=0.101091 valid_micro_fmax=0.018418
epoch=2 loss=1.167847 validation_macro_fmax=0.105229 valid_micro_fmax=0.017318
epoch=3 loss=1.119472 validation_macro_fmax=0.108357 valid_micro_fmax=0.015524
epoch=4 loss=1.080231 validation_macro_fmax=0.109755 valid_micro_fmax=0.016144
epoch=5 loss=1.047336 validation_macro_fmax=0.116204 valid_micro_fmax=0.017529
epoch=6 loss=1.019334 validation_macro_fmax=0.124910 valid_micro_fmax=0.017236
epoch=7 loss=0.996409 validation_macro_fmax=0.133076 valid_micro_fmax=0.018264
epoch=8 loss=0.974050 validation_macro_fmax=0.138692 valid_micro_fmax=0.020625
