GPU: NVIDIA L40S
CUDA tensor check: 8.0
Sun Jul 19 20:30:39 2026       
+-----------------------------------------------------------------------------------------+
| NVIDIA-SMI 560.35.03              Driver Version: 560.35.03      CUDA Version: 12.6     |
|-----------------------------------------+------------------------+----------------------+
| GPU  Name                 Persistence-M | Bus-Id          Disp.A | Volatile Uncorr. ECC |
| Fan  Temp   Perf          Pwr:Usage/Cap |           Memory-Usage | GPU-Util  Compute M. |
|                                         |                        |               MIG M. |
|=========================================+========================+======================|
|   0  NVIDIA L40S                    On  |   00000000:B5:00.0 Off |                    0 |
| N/A   43C    P0             41W /  350W |     503MiB /  46068MiB |      0%      Default |
|                                         |                        |                  N/A |
+-----------------------------------------+------------------------+----------------------+
                                                                                         
+-----------------------------------------------------------------------------------------+
| Processes:                                                                              |
|  GPU   GI   CI        PID   Type   Process name                              GPU Memory |
|        ID   ID                                                               Usage      |
|=========================================================================================|
|    0   N/A  N/A    999931      C   python3                                       494MiB |
+-----------------------------------------------------------------------------------------+
CUDA verified: NVIDIA L40S; tensor dot product=8.0
GPU startup: NVIDIA L40S, 533, 46068, 0
Loaded train=6026, valid=754; reserved test set is not loaded
epoch=1 loss=0.536660 validation_macro_fmax=0.253959 valid_micro_fmax=0.297907
epoch=2 loss=0.250047 validation_macro_fmax=0.295157 valid_micro_fmax=0.380538
epoch=3 loss=0.147910 validation_macro_fmax=0.328798 valid_micro_fmax=0.412215
epoch=4 loss=0.100608 validation_macro_fmax=0.303445 valid_micro_fmax=0.433557
epoch=5 loss=0.082596 validation_macro_fmax=0.303638 valid_micro_fmax=0.455357
epoch=6 loss=0.062563 validation_macro_fmax=0.364875 valid_micro_fmax=0.469423
epoch=7 loss=0.051786 validation_macro_fmax=0.314516 valid_micro_fmax=0.447692
epoch=8 loss=0.051320 validation_macro_fmax=0.342215 valid_micro_fmax=0.458274
epoch=9 loss=0.044453 validation_macro_fmax=0.333325 valid_micro_fmax=0.469533
epoch=10 loss=0.035810 validation_macro_fmax=0.309883 valid_micro_fmax=0.485286
epoch=11 loss=0.043332 validation_macro_fmax=0.316465 valid_micro_fmax=0.386965
epoch=12 loss=0.032639 validation_macro_fmax=0.312654 valid_micro_fmax=0.489934
epoch=13 loss=0.033130 validation_macro_fmax=0.317478 valid_micro_fmax=0.417474
epoch=14 loss=0.029296 validation_macro_fmax=0.331393 valid_micro_fmax=0.447650
epoch=15 loss=0.029773 validation_macro_fmax=0.300739 valid_micro_fmax=0.483752
epoch=16 loss=0.024055 validation_macro_fmax=0.291420 valid_micro_fmax=0.459664
Early stopping after 16 epochs (patience=10)
GPU completion: NVIDIA L40S, 9465, 46068, 0
