GPU: NVIDIA L40S
CUDA tensor check: 8.0
Mon Jul 20 01:20:55 2026       
+-----------------------------------------------------------------------------------------+
| NVIDIA-SMI 560.35.03              Driver Version: 560.35.03      CUDA Version: 12.6     |
|-----------------------------------------+------------------------+----------------------+
| GPU  Name                 Persistence-M | Bus-Id          Disp.A | Volatile Uncorr. ECC |
| Fan  Temp   Perf          Pwr:Usage/Cap |           Memory-Usage | GPU-Util  Compute M. |
|                                         |                        |               MIG M. |
|=========================================+========================+======================|
|   0  NVIDIA L40S                    On  |   00000000:B5:00.0 Off |                    0 |
| N/A   49C    P0             43W /  350W |     503MiB /  46068MiB |      5%      Default |
|                                         |                        |                  N/A |
+-----------------------------------------+------------------------+----------------------+
                                                                                         
+-----------------------------------------------------------------------------------------+
| Processes:                                                                              |
|  GPU   GI   CI        PID   Type   Process name                              GPU Memory |
|        ID   ID                                                               Usage      |
|=========================================================================================|
|    0   N/A  N/A   1676108      C   python3                                       494MiB |
+-----------------------------------------------------------------------------------------+
CUDA verified: NVIDIA L40S; tensor dot product=8.0
GPU startup: NVIDIA L40S, 533, 46068, 5
Loaded train=6026, valid=754; reserved test set is not loaded
epoch=1 loss=1.259789 validation_macro_fmax=0.093832 valid_micro_fmax=0.012424
epoch=2 loss=1.214633 validation_macro_fmax=0.101046 valid_micro_fmax=0.012527
epoch=3 loss=1.179247 validation_macro_fmax=0.107641 valid_micro_fmax=0.012693
epoch=4 loss=1.149113 validation_macro_fmax=0.109414 valid_micro_fmax=0.012925
epoch=5 loss=1.123310 validation_macro_fmax=0.117039 valid_micro_fmax=0.013075
epoch=6 loss=1.100479 validation_macro_fmax=0.122936 valid_micro_fmax=0.013441
epoch=7 loss=1.079478 validation_macro_fmax=0.124735 valid_micro_fmax=0.013612
epoch=8 loss=1.059619 validation_macro_fmax=0.131379 valid_micro_fmax=0.014106
epoch=9 loss=1.042698 validation_macro_fmax=0.139609 valid_micro_fmax=0.014354
epoch=10 loss=1.026146 validation_macro_fmax=0.146115 valid_micro_fmax=0.015451
epoch=11 loss=1.009361 validation_macro_fmax=0.148174 valid_micro_fmax=0.015345
epoch=12 loss=0.996798 validation_macro_fmax=0.153399 valid_micro_fmax=0.016767
epoch=13 loss=0.981662 validation_macro_fmax=0.157608 valid_micro_fmax=0.017508
epoch=14 loss=0.970454 validation_macro_fmax=0.161095 valid_micro_fmax=0.019590
epoch=15 loss=0.956315 validation_macro_fmax=0.163458 valid_micro_fmax=0.018594
epoch=16 loss=0.944842 validation_macro_fmax=0.166293 valid_micro_fmax=0.020539
epoch=17 loss=0.933957 validation_macro_fmax=0.169136 valid_micro_fmax=0.023093
epoch=18 loss=0.922430 validation_macro_fmax=0.171976 valid_micro_fmax=0.025295
epoch=19 loss=0.913242 validation_macro_fmax=0.170421 valid_micro_fmax=0.026586
epoch=20 loss=0.902843 validation_macro_fmax=0.175960 valid_micro_fmax=0.028174
epoch=21 loss=0.893220 validation_macro_fmax=0.181511 valid_micro_fmax=0.033524
epoch=22 loss=0.884147 validation_macro_fmax=0.182028 valid_micro_fmax=0.035493
epoch=23 loss=0.875866 validation_macro_fmax=0.182861 valid_micro_fmax=0.033192
epoch=24 loss=0.867221 validation_macro_fmax=0.184746 valid_micro_fmax=0.036054
epoch=25 loss=0.859986 validation_macro_fmax=0.186654 valid_micro_fmax=0.034703
epoch=26 loss=0.852191 validation_macro_fmax=0.193945 valid_micro_fmax=0.040592
epoch=27 loss=0.843756 validation_macro_fmax=0.192845 valid_micro_fmax=0.040892
epoch=28 loss=0.836334 validation_macro_fmax=0.198736 valid_micro_fmax=0.041913
epoch=29 loss=0.836857 validation_macro_fmax=0.198297 valid_micro_fmax=0.046054
epoch=30 loss=0.822489 validation_macro_fmax=0.199445 valid_micro_fmax=0.044191
epoch=31 loss=0.815739 validation_macro_fmax=0.204635 valid_micro_fmax=0.049695
epoch=32 loss=0.809015 validation_macro_fmax=0.209101 valid_micro_fmax=0.050845
epoch=33 loss=0.801917 validation_macro_fmax=0.211936 valid_micro_fmax=0.056817
epoch=34 loss=0.796102 validation_macro_fmax=0.209158 valid_micro_fmax=0.060851
epoch=35 loss=0.789518 validation_macro_fmax=0.214483 valid_micro_fmax=0.059414
epoch=36 loss=0.783062 validation_macro_fmax=0.209571 valid_micro_fmax=0.056962
epoch=37 loss=0.776174 validation_macro_fmax=0.219771 valid_micro_fmax=0.069070
epoch=38 loss=0.770979 validation_macro_fmax=0.220974 valid_micro_fmax=0.070744
epoch=39 loss=0.764502 validation_macro_fmax=0.220160 valid_micro_fmax=0.070787
epoch=40 loss=0.757993 validation_macro_fmax=0.225302 valid_micro_fmax=0.074738
epoch=41 loss=0.752277 validation_macro_fmax=0.220949 valid_micro_fmax=0.073049
epoch=42 loss=0.745643 validation_macro_fmax=0.225865 valid_micro_fmax=0.079392
epoch=43 loss=0.739255 validation_macro_fmax=0.227935 valid_micro_fmax=0.075506
epoch=44 loss=0.732747 validation_macro_fmax=0.230042 valid_micro_fmax=0.084600
epoch=45 loss=0.725806 validation_macro_fmax=0.230785 valid_micro_fmax=0.084005
epoch=46 loss=0.719934 validation_macro_fmax=0.231490 valid_micro_fmax=0.089185
epoch=47 loss=0.713129 validation_macro_fmax=0.236805 valid_micro_fmax=0.097843
epoch=48 loss=0.707620 validation_macro_fmax=0.237672 valid_micro_fmax=0.091598
epoch=49 loss=0.700165 validation_macro_fmax=0.238748 valid_micro_fmax=0.093185
epoch=50 loss=0.693178 validation_macro_fmax=0.242963 valid_micro_fmax=0.102111
epoch=51 loss=0.686808 validation_macro_fmax=0.242486 valid_micro_fmax=0.101496
epoch=52 loss=0.678995 validation_macro_fmax=0.244422 valid_micro_fmax=0.104758
epoch=53 loss=0.673325 validation_macro_fmax=0.247040 valid_micro_fmax=0.106351
epoch=54 loss=0.665115 validation_macro_fmax=0.246062 valid_micro_fmax=0.102140
epoch=55 loss=0.657649 validation_macro_fmax=0.251495 valid_micro_fmax=0.108318
epoch=56 loss=0.650399 validation_macro_fmax=0.252045 valid_micro_fmax=0.113168
epoch=57 loss=0.642799 validation_macro_fmax=0.256259 valid_micro_fmax=0.117879
epoch=58 loss=0.635988 validation_macro_fmax=0.253043 valid_micro_fmax=0.109135
epoch=59 loss=0.627925 validation_macro_fmax=0.253641 valid_micro_fmax=0.113875
epoch=60 loss=0.620099 validation_macro_fmax=0.258951 valid_micro_fmax=0.118432
epoch=61 loss=0.611741 validation_macro_fmax=0.262183 valid_micro_fmax=0.126049
epoch=62 loss=0.604923 validation_macro_fmax=0.260534 valid_micro_fmax=0.123429
epoch=63 loss=0.595350 validation_macro_fmax=0.258605 valid_micro_fmax=0.120338
epoch=64 loss=0.588260 validation_macro_fmax=0.260608 valid_micro_fmax=0.119149
epoch=65 loss=0.579578 validation_macro_fmax=0.260814 valid_micro_fmax=0.118298
epoch=66 loss=0.571223 validation_macro_fmax=0.267585 valid_micro_fmax=0.125638
epoch=67 loss=0.563315 validation_macro_fmax=0.264267 valid_micro_fmax=0.126625
epoch=68 loss=0.554467 validation_macro_fmax=0.267170 valid_micro_fmax=0.132025
epoch=69 loss=0.547179 validation_macro_fmax=0.273616 valid_micro_fmax=0.132206
epoch=70 loss=0.537853 validation_macro_fmax=0.277209 valid_micro_fmax=0.144066
epoch=71 loss=0.529300 validation_macro_fmax=0.273417 valid_micro_fmax=0.135853
epoch=72 loss=0.520243 validation_macro_fmax=0.270123 valid_micro_fmax=0.136519
epoch=73 loss=0.511873 validation_macro_fmax=0.275084 valid_micro_fmax=0.136224
epoch=74 loss=0.503786 validation_macro_fmax=0.276297 valid_micro_fmax=0.142850
epoch=75 loss=0.494998 validation_macro_fmax=0.277437 valid_micro_fmax=0.138462
epoch=76 loss=0.485930 validation_macro_fmax=0.282753 valid_micro_fmax=0.147612
epoch=77 loss=0.477989 validation_macro_fmax=0.283265 valid_micro_fmax=0.148348
epoch=78 loss=0.468966 validation_macro_fmax=0.283018 valid_micro_fmax=0.150442
epoch=79 loss=0.460918 validation_macro_fmax=0.281342 valid_micro_fmax=0.152605
epoch=80 loss=0.452710 validation_macro_fmax=0.290249 valid_micro_fmax=0.165629
epoch=81 loss=0.443903 validation_macro_fmax=0.289035 valid_micro_fmax=0.157540
epoch=82 loss=0.435463 validation_macro_fmax=0.292226 valid_micro_fmax=0.155418
epoch=83 loss=0.427739 validation_macro_fmax=0.284599 valid_micro_fmax=0.153316
epoch=84 loss=0.419918 validation_macro_fmax=0.293020 valid_micro_fmax=0.162057
epoch=85 loss=0.412312 validation_macro_fmax=0.293702 valid_micro_fmax=0.161494
epoch=86 loss=0.401993 validation_macro_fmax=0.298017 valid_micro_fmax=0.160936
epoch=87 loss=0.394888 validation_macro_fmax=0.289374 valid_micro_fmax=0.162749
epoch=88 loss=0.387450 validation_macro_fmax=0.302510 valid_micro_fmax=0.162510
epoch=89 loss=0.380094 validation_macro_fmax=0.293265 valid_micro_fmax=0.170393
epoch=90 loss=0.370632 validation_macro_fmax=0.298322 valid_micro_fmax=0.166340
epoch=91 loss=0.364651 validation_macro_fmax=0.295653 valid_micro_fmax=0.159584
epoch=92 loss=0.357184 validation_macro_fmax=0.297862 valid_micro_fmax=0.173698
epoch=93 loss=0.349363 validation_macro_fmax=0.299655 valid_micro_fmax=0.164106
epoch=94 loss=0.341843 validation_macro_fmax=0.300999 valid_micro_fmax=0.172687
epoch=95 loss=0.334828 validation_macro_fmax=0.303347 valid_micro_fmax=0.169890
epoch=96 loss=0.327677 validation_macro_fmax=0.302851 valid_micro_fmax=0.174311
epoch=97 loss=0.320706 validation_macro_fmax=0.301085 valid_micro_fmax=0.170276
epoch=98 loss=0.313515 validation_macro_fmax=0.304040 valid_micro_fmax=0.175309
epoch=99 loss=0.307150 validation_macro_fmax=0.305212 valid_micro_fmax=0.173292
epoch=100 loss=0.302531 validation_macro_fmax=0.305511 valid_micro_fmax=0.178089
epoch=101 loss=0.293900 validation_macro_fmax=0.308175 valid_micro_fmax=0.181192
epoch=102 loss=0.287129 validation_macro_fmax=0.304371 valid_micro_fmax=0.180221
epoch=103 loss=0.281999 validation_macro_fmax=0.304343 valid_micro_fmax=0.181329
epoch=104 loss=0.273901 validation_macro_fmax=0.300578 valid_micro_fmax=0.182639
epoch=105 loss=0.268688 validation_macro_fmax=0.311769 valid_micro_fmax=0.188632
epoch=106 loss=0.263581 validation_macro_fmax=0.313525 valid_micro_fmax=0.188217
epoch=107 loss=0.256944 validation_macro_fmax=0.314999 valid_micro_fmax=0.186042
epoch=108 loss=0.252306 validation_macro_fmax=0.305164 valid_micro_fmax=0.181153
epoch=109 loss=0.245113 validation_macro_fmax=0.310131 valid_micro_fmax=0.188840
epoch=110 loss=0.239848 validation_macro_fmax=0.307466 valid_micro_fmax=0.191332
epoch=111 loss=0.234759 validation_macro_fmax=0.312532 valid_micro_fmax=0.196476
epoch=112 loss=0.229980 validation_macro_fmax=0.309865 valid_micro_fmax=0.197203
epoch=113 loss=0.223248 validation_macro_fmax=0.309483 valid_micro_fmax=0.183040
epoch=114 loss=0.220849 validation_macro_fmax=0.315820 valid_micro_fmax=0.202160
epoch=115 loss=0.217686 validation_macro_fmax=0.318727 valid_micro_fmax=0.200301
epoch=116 loss=0.211344 validation_macro_fmax=0.321300 valid_micro_fmax=0.203916
epoch=117 loss=0.205761 validation_macro_fmax=0.314622 valid_micro_fmax=0.195124
epoch=118 loss=0.199671 validation_macro_fmax=0.314385 valid_micro_fmax=0.199787
epoch=119 loss=0.195864 validation_macro_fmax=0.314742 valid_micro_fmax=0.197778
epoch=120 loss=0.192208 validation_macro_fmax=0.314522 valid_micro_fmax=0.201256
epoch=121 loss=0.183993 validation_macro_fmax=0.320027 valid_micro_fmax=0.212893
epoch=122 loss=0.183299 validation_macro_fmax=0.324235 valid_micro_fmax=0.207373
epoch=123 loss=0.178943 validation_macro_fmax=0.317979 valid_micro_fmax=0.200460
epoch=124 loss=0.175673 validation_macro_fmax=0.311291 valid_micro_fmax=0.197353
epoch=125 loss=0.174047 validation_macro_fmax=0.319306 valid_micro_fmax=0.205243
epoch=126 loss=0.166281 validation_macro_fmax=0.319093 valid_micro_fmax=0.208674
epoch=127 loss=0.163198 validation_macro_fmax=0.319090 valid_micro_fmax=0.208219
epoch=128 loss=0.159887 validation_macro_fmax=0.320642 valid_micro_fmax=0.211858
epoch=129 loss=0.157762 validation_macro_fmax=0.314159 valid_micro_fmax=0.199135
epoch=130 loss=0.153967 validation_macro_fmax=0.317359 valid_micro_fmax=0.207881
epoch=131 loss=0.149625 validation_macro_fmax=0.320438 valid_micro_fmax=0.212977
Early stopping after 131 epochs (patience=9)
GPU completion: NVIDIA L40S, 29665, 46068, 0
