GPU: NVIDIA L40S
CUDA tensor check: 8.0
Wed Jul 15 20:29:21 2026       
+-----------------------------------------------------------------------------------------+
| NVIDIA-SMI 560.35.03              Driver Version: 560.35.03      CUDA Version: 12.6     |
|-----------------------------------------+------------------------+----------------------+
| GPU  Name                 Persistence-M | Bus-Id          Disp.A | Volatile Uncorr. ECC |
| Fan  Temp   Perf          Pwr:Usage/Cap |           Memory-Usage | GPU-Util  Compute M. |
|                                         |                        |               MIG M. |
|=========================================+========================+======================|
|   0  NVIDIA L40S                    On  |   00000000:0D:00.0 Off |                    0 |
| N/A   39C    P0             41W /  350W |     503MiB /  46068MiB |      5%      Default |
|                                         |                        |                  N/A |
+-----------------------------------------+------------------------+----------------------+
                                                                                         
+-----------------------------------------------------------------------------------------+
| Processes:                                                                              |
|  GPU   GI   CI        PID   Type   Process name                              GPU Memory |
|        ID   ID                                                               Usage      |
|=========================================================================================|
|    0   N/A  N/A   3340485      C   python3                                       494MiB |
+-----------------------------------------------------------------------------------------+
CUDA verified: NVIDIA L40S; tensor dot product=8.0
GPU startup: NVIDIA L40S, 533, 46068, 1
Loaded train=6026, valid=754; reserved test set is not loaded
epoch=1 loss=0.396227 valid_micro_fmax=0.092258
epoch=2 loss=0.165408 valid_micro_fmax=0.111871
epoch=3 loss=0.098939 valid_micro_fmax=0.161070
epoch=4 loss=0.062567 valid_micro_fmax=0.142365
epoch=5 loss=0.041543 valid_micro_fmax=0.184416
epoch=6 loss=0.033184 valid_micro_fmax=0.179617
epoch=7 loss=0.030726 valid_micro_fmax=0.212227
epoch=8 loss=0.023723 valid_micro_fmax=0.183955
epoch=9 loss=0.020173 valid_micro_fmax=0.215835
epoch=10 loss=0.025979 valid_micro_fmax=0.205701
epoch=11 loss=0.019170 valid_micro_fmax=0.214145
epoch=12 loss=0.031938 valid_micro_fmax=0.186030
epoch=13 loss=0.026879 valid_micro_fmax=0.250983
epoch=14 loss=0.014273 valid_micro_fmax=0.239879
epoch=15 loss=0.012242 valid_micro_fmax=0.215303
epoch=16 loss=0.015199 valid_micro_fmax=0.240060
epoch=17 loss=0.020346 valid_micro_fmax=0.180642
epoch=18 loss=0.024475 valid_micro_fmax=0.165079
epoch=19 loss=0.018173 valid_micro_fmax=0.209621
epoch=20 loss=0.010478 valid_micro_fmax=0.231673
epoch=21 loss=0.010582 valid_micro_fmax=0.225477
epoch=22 loss=0.013196 valid_micro_fmax=0.210698
epoch=23 loss=0.011280 valid_micro_fmax=0.200909
Early stopping after 23 epochs (patience=10)
GPU completion: NVIDIA L40S, 14875, 46068, 0
