GPU: NVIDIA L40S
CUDA tensor check: 8.0
Mon Jul 20 03:34:13 2026       
+-----------------------------------------------------------------------------------------+
| NVIDIA-SMI 560.35.03              Driver Version: 560.35.03      CUDA Version: 12.6     |
|-----------------------------------------+------------------------+----------------------+
| GPU  Name                 Persistence-M | Bus-Id          Disp.A | Volatile Uncorr. ECC |
| Fan  Temp   Perf          Pwr:Usage/Cap |           Memory-Usage | GPU-Util  Compute M. |
|                                         |                        |               MIG M. |
|=========================================+========================+======================|
|   0  NVIDIA L40S                    On  |   00000000:0D:00.0 Off |                    0 |
| N/A   44C    P0             40W /  350W |     503MiB /  46068MiB |      0%      Default |
|                                         |                        |                  N/A |
+-----------------------------------------+------------------------+----------------------+
                                                                                         
+-----------------------------------------------------------------------------------------+
| Processes:                                                                              |
|  GPU   GI   CI        PID   Type   Process name                              GPU Memory |
|        ID   ID                                                               Usage      |
|=========================================================================================|
|    0   N/A  N/A   1456362      C   python3                                       494MiB |
+-----------------------------------------------------------------------------------------+
CUDA verified: NVIDIA L40S; tensor dot product=8.0
GPU startup: NVIDIA L40S, 533, 46068, 5
Loaded train=6026, valid=754; reserved test set is not loaded
epoch=1 loss=0.883754 validation_macro_fmax=0.343080 valid_micro_fmax=0.225641
epoch=2 loss=0.577302 validation_macro_fmax=0.345630 valid_micro_fmax=0.253476
epoch=3 loss=0.294342 validation_macro_fmax=0.380575 valid_micro_fmax=0.315403
epoch=4 loss=0.144888 validation_macro_fmax=0.420300 valid_micro_fmax=0.325422
epoch=5 loss=0.077861 validation_macro_fmax=0.439883 valid_micro_fmax=0.402982
epoch=6 loss=0.048697 validation_macro_fmax=0.431024 valid_micro_fmax=0.415674
epoch=7 loss=0.034311 validation_macro_fmax=0.423272 valid_micro_fmax=0.426368
epoch=8 loss=0.027068 validation_macro_fmax=0.442432 valid_micro_fmax=0.440843
epoch=9 loss=0.022038 validation_macro_fmax=0.428979 valid_micro_fmax=0.460557
epoch=10 loss=0.016457 validation_macro_fmax=0.439630 valid_micro_fmax=0.447024
epoch=11 loss=0.013492 validation_macro_fmax=0.441068 valid_micro_fmax=0.453383
epoch=12 loss=0.011279 validation_macro_fmax=0.430491 valid_micro_fmax=0.441031
epoch=13 loss=0.009135 validation_macro_fmax=0.444502 valid_micro_fmax=0.491266
epoch=14 loss=0.007869 validation_macro_fmax=0.452104 valid_micro_fmax=0.480632
epoch=15 loss=0.012529 validation_macro_fmax=0.440323 valid_micro_fmax=0.417074
epoch=16 loss=0.209508 validation_macro_fmax=0.382258 valid_micro_fmax=0.280573
epoch=17 loss=0.050993 validation_macro_fmax=0.438613 valid_micro_fmax=0.363871
epoch=18 loss=0.027027 validation_macro_fmax=0.423047 valid_micro_fmax=0.407527
epoch=19 loss=0.019288 validation_macro_fmax=0.432304 valid_micro_fmax=0.427633
epoch=20 loss=0.016458 validation_macro_fmax=0.438697 valid_micro_fmax=0.448098
epoch=21 loss=0.012185 validation_macro_fmax=0.429260 valid_micro_fmax=0.450852
epoch=22 loss=0.009877 validation_macro_fmax=0.439728 valid_micro_fmax=0.433521
epoch=23 loss=0.008233 validation_macro_fmax=0.433126 valid_micro_fmax=0.449385
Early stopping after 23 epochs (patience=9)
GPU completion: NVIDIA L40S, 17809, 46068, 0
