GPU: NVIDIA L40S
CUDA tensor check: 8.0
Mon Jul 20 01:48:54 2026       
+-----------------------------------------------------------------------------------------+
| NVIDIA-SMI 560.35.03              Driver Version: 560.35.03      CUDA Version: 12.6     |
|-----------------------------------------+------------------------+----------------------+
| GPU  Name                 Persistence-M | Bus-Id          Disp.A | Volatile Uncorr. ECC |
| Fan  Temp   Perf          Pwr:Usage/Cap |           Memory-Usage | GPU-Util  Compute M. |
|                                         |                        |               MIG M. |
|=========================================+========================+======================|
|   0  NVIDIA L40S                    On  |   00000000:B5:00.0 Off |                    0 |
| N/A   50C    P0             44W /  350W |     503MiB /  46068MiB |      0%      Default |
|                                         |                        |                  N/A |
+-----------------------------------------+------------------------+----------------------+
                                                                                         
+-----------------------------------------------------------------------------------------+
| Processes:                                                                              |
|  GPU   GI   CI        PID   Type   Process name                              GPU Memory |
|        ID   ID                                                               Usage      |
|=========================================================================================|
|    0   N/A  N/A   1687995      C   python3                                       494MiB |
+-----------------------------------------------------------------------------------------+
CUDA verified: NVIDIA L40S; tensor dot product=8.0
GPU startup: NVIDIA L40S, 533, 46068, 5
Loaded train=6026, valid=754; reserved test set is not loaded
epoch=1 loss=0.887162 validation_macro_fmax=0.267171 valid_micro_fmax=0.052063
epoch=2 loss=0.469741 validation_macro_fmax=0.222161 valid_micro_fmax=0.070404
epoch=3 loss=0.368149 validation_macro_fmax=0.240492 valid_micro_fmax=0.085728
epoch=4 loss=0.210241 validation_macro_fmax=0.252892 valid_micro_fmax=0.078595
epoch=5 loss=0.176792 validation_macro_fmax=0.270092 valid_micro_fmax=0.123547
epoch=6 loss=0.140868 validation_macro_fmax=0.271694 valid_micro_fmax=0.097705
epoch=7 loss=0.132809 validation_macro_fmax=0.282789 valid_micro_fmax=0.105636
epoch=8 loss=0.129060 validation_macro_fmax=0.298474 valid_micro_fmax=0.123777
epoch=9 loss=0.106322 validation_macro_fmax=0.291333 valid_micro_fmax=0.124920
epoch=10 loss=0.087062 validation_macro_fmax=0.284208 valid_micro_fmax=0.126884
epoch=11 loss=0.108485 validation_macro_fmax=0.279726 valid_micro_fmax=0.138086
epoch=12 loss=0.079416 validation_macro_fmax=0.284109 valid_micro_fmax=0.162059
epoch=13 loss=0.078986 validation_macro_fmax=0.278217 valid_micro_fmax=0.147262
epoch=14 loss=0.088511 validation_macro_fmax=0.279610 valid_micro_fmax=0.119413
epoch=15 loss=0.067107 validation_macro_fmax=0.290868 valid_micro_fmax=0.135527
epoch=16 loss=0.094483 validation_macro_fmax=0.291601 valid_micro_fmax=0.138897
epoch=17 loss=0.067232 validation_macro_fmax=0.286703 valid_micro_fmax=0.133763
epoch=18 loss=0.060391 validation_macro_fmax=0.277241 valid_micro_fmax=0.160770
Early stopping after 18 epochs (patience=10)
GPU completion: NVIDIA L40S, 26889, 46068, 0
