GPU: NVIDIA L40S
CUDA tensor check: 8.0
Sun Jul 19 23:59:24 2026       
+-----------------------------------------------------------------------------------------+
| NVIDIA-SMI 560.35.03              Driver Version: 560.35.03      CUDA Version: 12.6     |
|-----------------------------------------+------------------------+----------------------+
| GPU  Name                 Persistence-M | Bus-Id          Disp.A | Volatile Uncorr. ECC |
| Fan  Temp   Perf          Pwr:Usage/Cap |           Memory-Usage | GPU-Util  Compute M. |
|                                         |                        |               MIG M. |
|=========================================+========================+======================|
|   0  NVIDIA L40S                    On  |   00000000:B5:00.0 Off |                    0 |
| N/A   49C    P0             46W /  350W |     503MiB /  46068MiB |      5%      Default |
|                                         |                        |                  N/A |
+-----------------------------------------+------------------------+----------------------+
                                                                                         
+-----------------------------------------------------------------------------------------+
| Processes:                                                                              |
|  GPU   GI   CI        PID   Type   Process name                              GPU Memory |
|        ID   ID                                                               Usage      |
|=========================================================================================|
|    0   N/A  N/A   1085060      C   python3                                       494MiB |
+-----------------------------------------------------------------------------------------+
CUDA verified: NVIDIA L40S; tensor dot product=8.0
GPU startup: NVIDIA L40S, 533, 46068, 0
Loaded train=6026, valid=754; reserved test set is not loaded
epoch=1 loss=0.287958 validation_macro_fmax=0.230975 valid_micro_fmax=0.039031
epoch=2 loss=0.166065 validation_macro_fmax=0.273827 valid_micro_fmax=0.075846
epoch=3 loss=0.110857 validation_macro_fmax=0.230337 valid_micro_fmax=0.090074
epoch=4 loss=0.080711 validation_macro_fmax=0.236971 valid_micro_fmax=0.101014
epoch=5 loss=0.062415 validation_macro_fmax=0.285967 valid_micro_fmax=0.120598
epoch=6 loss=0.050827 validation_macro_fmax=0.285361 valid_micro_fmax=0.108971
epoch=7 loss=0.045718 validation_macro_fmax=0.338577 valid_micro_fmax=0.135798
epoch=8 loss=0.038750 validation_macro_fmax=0.290451 valid_micro_fmax=0.137001
epoch=9 loss=0.040530 validation_macro_fmax=0.254093 valid_micro_fmax=0.131582
epoch=10 loss=0.032163 validation_macro_fmax=0.238994 valid_micro_fmax=0.133136
epoch=11 loss=0.030773 validation_macro_fmax=0.254420 valid_micro_fmax=0.150765
epoch=12 loss=0.025668 validation_macro_fmax=0.249684 valid_micro_fmax=0.153260
epoch=13 loss=0.030865 validation_macro_fmax=0.307509 valid_micro_fmax=0.152665
epoch=14 loss=0.037476 validation_macro_fmax=0.239094 valid_micro_fmax=0.162107
epoch=15 loss=0.032687 validation_macro_fmax=0.250952 valid_micro_fmax=0.156562
epoch=16 loss=0.027527 validation_macro_fmax=0.260704 valid_micro_fmax=0.158522
epoch=17 loss=0.024475 validation_macro_fmax=0.246315 valid_micro_fmax=0.170030
Early stopping after 17 epochs (patience=10)
GPU completion: NVIDIA L40S, 38705, 46068, 0
