GPU: NVIDIA L40S
CUDA tensor check: 8.0
Wed Jul 15 17:13:20 2026       
+-----------------------------------------------------------------------------------------+
| NVIDIA-SMI 560.35.03              Driver Version: 560.35.03      CUDA Version: 12.6     |
|-----------------------------------------+------------------------+----------------------+
| GPU  Name                 Persistence-M | Bus-Id          Disp.A | Volatile Uncorr. ECC |
| Fan  Temp   Perf          Pwr:Usage/Cap |           Memory-Usage | GPU-Util  Compute M. |
|                                         |                        |               MIG M. |
|=========================================+========================+======================|
|   0  NVIDIA L40S                    On  |   00000000:0D:00.0 Off |                    0 |
| N/A   50C    P0             43W /  350W |     503MiB /  46068MiB |      0%      Default |
|                                         |                        |                  N/A |
+-----------------------------------------+------------------------+----------------------+
                                                                                         
+-----------------------------------------------------------------------------------------+
| Processes:                                                                              |
|  GPU   GI   CI        PID   Type   Process name                              GPU Memory |
|        ID   ID                                                               Usage      |
|=========================================================================================|
|    0   N/A  N/A   3263681      C   python3                                       494MiB |
+-----------------------------------------------------------------------------------------+
CUDA verified: NVIDIA L40S; tensor dot product=8.0
GPU startup: NVIDIA L40S, 533, 46068, 1
Loaded train=6026, valid=754; reserved test set is not loaded
epoch=1 loss=0.946934 valid_micro_fmax=0.110575
epoch=2 loss=0.636186 valid_micro_fmax=0.130368
epoch=3 loss=0.355246 valid_micro_fmax=0.131095
epoch=4 loss=0.214786 valid_micro_fmax=0.192592
epoch=5 loss=0.135406 valid_micro_fmax=0.230281
epoch=6 loss=0.104574 valid_micro_fmax=0.198829
epoch=7 loss=0.082226 valid_micro_fmax=0.236045
epoch=8 loss=0.064499 valid_micro_fmax=0.264959
epoch=9 loss=0.061300 valid_micro_fmax=0.275939
epoch=10 loss=0.045704 valid_micro_fmax=0.266314
epoch=11 loss=0.035519 valid_micro_fmax=0.305593
epoch=12 loss=0.042875 valid_micro_fmax=0.295699
epoch=13 loss=0.036280 valid_micro_fmax=0.284480
epoch=14 loss=0.027211 valid_micro_fmax=0.272769
epoch=15 loss=0.042518 valid_micro_fmax=0.235941
epoch=16 loss=0.063442 valid_micro_fmax=0.223744
epoch=17 loss=0.041985 valid_micro_fmax=0.241373
epoch=18 loss=0.029690 valid_micro_fmax=0.258154
epoch=19 loss=0.018438 valid_micro_fmax=0.267864
epoch=20 loss=0.021659 valid_micro_fmax=0.282819
Early stopping after 20 epochs (patience=9)
GPU completion: NVIDIA L40S, 25393, 46068, 0
