GPU: NVIDIA L40S
CUDA tensor check: 8.0
Wed Jul 15 20:11:42 2026       
+-----------------------------------------------------------------------------------------+
| NVIDIA-SMI 560.35.03              Driver Version: 560.35.03      CUDA Version: 12.6     |
|-----------------------------------------+------------------------+----------------------+
| GPU  Name                 Persistence-M | Bus-Id          Disp.A | Volatile Uncorr. ECC |
| Fan  Temp   Perf          Pwr:Usage/Cap |           Memory-Usage | GPU-Util  Compute M. |
|                                         |                        |               MIG M. |
|=========================================+========================+======================|
|   0  NVIDIA L40S                    On  |   00000000:0D:00.0 Off |                    0 |
| N/A   28C    P0             42W /  350W |     503MiB /  46068MiB |      5%      Default |
|                                         |                        |                  N/A |
+-----------------------------------------+------------------------+----------------------+
                                                                                         
+-----------------------------------------------------------------------------------------+
| Processes:                                                                              |
|  GPU   GI   CI        PID   Type   Process name                              GPU Memory |
|        ID   ID                                                               Usage      |
|=========================================================================================|
|    0   N/A  N/A   2455075      C   python3                                       494MiB |
+-----------------------------------------------------------------------------------------+
CUDA verified: NVIDIA L40S; tensor dot product=8.0
GPU startup: NVIDIA L40S, 533, 46068, 0
Loaded train=6026, valid=754; reserved test set is not loaded
epoch=1 loss=0.123019 valid_micro_fmax=0.122033
epoch=2 loss=0.055047 valid_micro_fmax=0.109629
epoch=3 loss=0.033920 valid_micro_fmax=0.153625
epoch=4 loss=0.021854 valid_micro_fmax=0.199079
epoch=5 loss=0.016510 valid_micro_fmax=0.191215
epoch=6 loss=0.011775 valid_micro_fmax=0.200473
epoch=7 loss=0.013027 valid_micro_fmax=0.188640
epoch=8 loss=0.009494 valid_micro_fmax=0.180574
epoch=9 loss=0.007441 valid_micro_fmax=0.236587
epoch=10 loss=0.006069 valid_micro_fmax=0.250582
epoch=11 loss=0.005549 valid_micro_fmax=0.266932
epoch=12 loss=0.006337 valid_micro_fmax=0.232352
epoch=13 loss=0.005348 valid_micro_fmax=0.267149
epoch=14 loss=0.004816 valid_micro_fmax=0.253585
epoch=15 loss=0.005627 valid_micro_fmax=0.253791
epoch=16 loss=0.022384 valid_micro_fmax=0.139081
epoch=17 loss=0.012735 valid_micro_fmax=0.200891
epoch=18 loss=0.007321 valid_micro_fmax=0.250411
epoch=19 loss=0.005311 valid_micro_fmax=0.255607
epoch=20 loss=0.006675 valid_micro_fmax=0.217343
epoch=21 loss=0.005289 valid_micro_fmax=0.226395
epoch=22 loss=0.004903 valid_micro_fmax=0.284368
epoch=23 loss=0.004085 valid_micro_fmax=0.264863
epoch=24 loss=0.003662 valid_micro_fmax=0.259136
epoch=25 loss=0.004182 valid_micro_fmax=0.281138
epoch=26 loss=0.018491 valid_micro_fmax=0.118880
epoch=27 loss=0.016534 valid_micro_fmax=0.183464
epoch=28 loss=0.008233 valid_micro_fmax=0.219351
epoch=29 loss=0.006856 valid_micro_fmax=0.252516
epoch=30 loss=0.004546 valid_micro_fmax=0.263687
epoch=31 loss=0.004006 valid_micro_fmax=0.280669
Early stopping after 31 epochs (patience=9)
GPU completion: NVIDIA L40S, 32841, 46068, 0
