GPU: NVIDIA L40S
CUDA tensor check: 8.0
Thu Jul 16 18:55:13 2026       
+-----------------------------------------------------------------------------------------+
| NVIDIA-SMI 560.35.03              Driver Version: 560.35.03      CUDA Version: 12.6     |
|-----------------------------------------+------------------------+----------------------+
| GPU  Name                 Persistence-M | Bus-Id          Disp.A | Volatile Uncorr. ECC |
| Fan  Temp   Perf          Pwr:Usage/Cap |           Memory-Usage | GPU-Util  Compute M. |
|                                         |                        |               MIG M. |
|=========================================+========================+======================|
|   0  NVIDIA L40S                    On  |   00000000:B5:00.0 Off |                    0 |
| N/A   34C    P0             36W /  350W |     503MiB /  46068MiB |      0%      Default |
|                                         |                        |                  N/A |
+-----------------------------------------+------------------------+----------------------+
                                                                                         
+-----------------------------------------------------------------------------------------+
| Processes:                                                                              |
|  GPU   GI   CI        PID   Type   Process name                              GPU Memory |
|        ID   ID                                                               Usage      |
|=========================================================================================|
|    0   N/A  N/A   1486819      C   python3                                       494MiB |
+-----------------------------------------------------------------------------------------+
CUDA verified: NVIDIA L40S; tensor dot product=8.0
GPU startup: NVIDIA L40S, 533, 46068, 0
Loaded train=6026, valid=754; reserved test set is not loaded
epoch=1 loss=1.212391 validation_macro_fmax=0.229645 valid_micro_fmax=0.092837
epoch=2 loss=1.129266 validation_macro_fmax=0.229186 valid_micro_fmax=0.095028
epoch=3 loss=1.073482 validation_macro_fmax=0.228387 valid_micro_fmax=0.096939
epoch=4 loss=1.030497 validation_macro_fmax=0.233077 valid_micro_fmax=0.097769
epoch=5 loss=0.995706 validation_macro_fmax=0.232053 valid_micro_fmax=0.099514
epoch=6 loss=0.965859 validation_macro_fmax=0.233531 valid_micro_fmax=0.106121
epoch=7 loss=0.940870 validation_macro_fmax=0.231840 valid_micro_fmax=0.109532
epoch=8 loss=0.918418 validation_macro_fmax=0.236281 valid_micro_fmax=0.113707
epoch=9 loss=0.900511 validation_macro_fmax=0.235076 valid_micro_fmax=0.122732
epoch=10 loss=0.884045 validation_macro_fmax=0.237681 valid_micro_fmax=0.126451
epoch=11 loss=0.868277 validation_macro_fmax=0.241759 valid_micro_fmax=0.138119
epoch=12 loss=0.852468 validation_macro_fmax=0.242901 valid_micro_fmax=0.144458
epoch=13 loss=0.839142 validation_macro_fmax=0.244714 valid_micro_fmax=0.148136
epoch=14 loss=0.825092 validation_macro_fmax=0.247466 valid_micro_fmax=0.165339
epoch=15 loss=0.815696 validation_macro_fmax=0.249901 valid_micro_fmax=0.179293
epoch=16 loss=0.803842 validation_macro_fmax=0.252470 valid_micro_fmax=0.175863
epoch=17 loss=0.793125 validation_macro_fmax=0.253362 valid_micro_fmax=0.187852
epoch=18 loss=0.782718 validation_macro_fmax=0.251525 valid_micro_fmax=0.200774
epoch=19 loss=0.783440 validation_macro_fmax=0.255504 valid_micro_fmax=0.211131
epoch=20 loss=0.765122 validation_macro_fmax=0.254853 valid_micro_fmax=0.204894
epoch=21 loss=0.755826 validation_macro_fmax=0.257754 valid_micro_fmax=0.215490
epoch=22 loss=0.747435 validation_macro_fmax=0.259586 valid_micro_fmax=0.220574
epoch=23 loss=0.738266 validation_macro_fmax=0.260473 valid_micro_fmax=0.224355
epoch=24 loss=0.731460 validation_macro_fmax=0.257125 valid_micro_fmax=0.223373
epoch=25 loss=0.723145 validation_macro_fmax=0.260470 valid_micro_fmax=0.252246
epoch=26 loss=0.716186 validation_macro_fmax=0.266312 valid_micro_fmax=0.240518
epoch=27 loss=0.709088 validation_macro_fmax=0.257891 valid_micro_fmax=0.246746
epoch=28 loss=0.701897 validation_macro_fmax=0.258241 valid_micro_fmax=0.249602
epoch=29 loss=0.694031 validation_macro_fmax=0.256334 valid_micro_fmax=0.241225
epoch=30 loss=0.686341 validation_macro_fmax=0.261883 valid_micro_fmax=0.246415
epoch=31 loss=0.680044 validation_macro_fmax=0.258560 valid_micro_fmax=0.257952
epoch=32 loss=0.672760 validation_macro_fmax=0.258036 valid_micro_fmax=0.259239
epoch=33 loss=0.664964 validation_macro_fmax=0.256161 valid_micro_fmax=0.256699
epoch=34 loss=0.658098 validation_macro_fmax=0.256822 valid_micro_fmax=0.258393
epoch=35 loss=0.650434 validation_macro_fmax=0.256653 valid_micro_fmax=0.255312
Early stopping after 35 epochs (patience=9)
GPU completion: NVIDIA L40S, 20395, 46068, 0
