GPU: NVIDIA L40S
CUDA tensor check: 8.0
Sat Jul 18 16:53:40 2026       
+-----------------------------------------------------------------------------------------+
| NVIDIA-SMI 560.35.03              Driver Version: 560.35.03      CUDA Version: 12.6     |
|-----------------------------------------+------------------------+----------------------+
| GPU  Name                 Persistence-M | Bus-Id          Disp.A | Volatile Uncorr. ECC |
| Fan  Temp   Perf          Pwr:Usage/Cap |           Memory-Usage | GPU-Util  Compute M. |
|                                         |                        |               MIG M. |
|=========================================+========================+======================|
|   0  NVIDIA L40S                    On  |   00000000:0D:00.0 Off |                    0 |
| N/A   50C    P0             43W /  350W |     503MiB /  46068MiB |      0%      Default |
|                                         |                        |                  N/A |
+-----------------------------------------+------------------------+----------------------+
                                                                                         
+-----------------------------------------------------------------------------------------+
| Processes:                                                                              |
|  GPU   GI   CI        PID   Type   Process name                              GPU Memory |
|        ID   ID                                                               Usage      |
|=========================================================================================|
|    0   N/A  N/A    274279      C   python3                                       494MiB |
+-----------------------------------------------------------------------------------------+
CUDA verified: NVIDIA L40S; tensor dot product=8.0
GPU startup: NVIDIA L40S, 533, 46068, 5
Loaded train=6026, valid=754; reserved test set is not loaded
epoch=1 loss=0.308615 validation_macro_fmax=0.123362 valid_micro_fmax=0.019647
epoch=2 loss=0.241547 validation_macro_fmax=0.153427 valid_micro_fmax=0.032595
epoch=3 loss=0.218607 validation_macro_fmax=0.184200 valid_micro_fmax=0.065370
epoch=4 loss=0.202852 validation_macro_fmax=0.195672 valid_micro_fmax=0.075727
epoch=5 loss=0.189052 validation_macro_fmax=0.204857 valid_micro_fmax=0.091422
epoch=6 loss=0.173871 validation_macro_fmax=0.206843 valid_micro_fmax=0.117707
epoch=7 loss=0.156437 validation_macro_fmax=0.218593 valid_micro_fmax=0.145085
epoch=8 loss=0.137637 validation_macro_fmax=0.218332 valid_micro_fmax=0.170503
epoch=9 loss=0.117570 validation_macro_fmax=0.220304 valid_micro_fmax=0.167936
epoch=10 loss=0.097981 validation_macro_fmax=0.219570 valid_micro_fmax=0.175117
epoch=11 loss=0.079811 validation_macro_fmax=0.218980 valid_micro_fmax=0.177280
epoch=12 loss=0.064540 validation_macro_fmax=0.208025 valid_micro_fmax=0.178857
epoch=13 loss=0.052083 validation_macro_fmax=0.214508 valid_micro_fmax=0.192667
epoch=14 loss=0.041450 validation_macro_fmax=0.217508 valid_micro_fmax=0.210311
epoch=15 loss=0.033804 validation_macro_fmax=0.229515 valid_micro_fmax=0.205386
epoch=16 loss=0.027732 validation_macro_fmax=0.233106 valid_micro_fmax=0.214814
epoch=17 loss=0.022731 validation_macro_fmax=0.237161 valid_micro_fmax=0.214681
epoch=18 loss=0.019027 validation_macro_fmax=0.223982 valid_micro_fmax=0.222253
epoch=19 loss=0.016080 validation_macro_fmax=0.243614 valid_micro_fmax=0.236416
epoch=20 loss=0.014350 validation_macro_fmax=0.225628 valid_micro_fmax=0.213966
epoch=21 loss=0.011745 validation_macro_fmax=0.230874 valid_micro_fmax=0.217876
epoch=22 loss=0.010682 validation_macro_fmax=0.229386 valid_micro_fmax=0.220732
epoch=23 loss=0.009192 validation_macro_fmax=0.235267 valid_micro_fmax=0.222076
epoch=24 loss=0.008964 validation_macro_fmax=0.254041 valid_micro_fmax=0.226150
epoch=25 loss=0.007202 validation_macro_fmax=0.238833 valid_micro_fmax=0.231559
epoch=26 loss=0.006348 validation_macro_fmax=0.237585 valid_micro_fmax=0.229442
epoch=27 loss=0.005429 validation_macro_fmax=0.227818 valid_micro_fmax=0.222854
epoch=28 loss=0.005289 validation_macro_fmax=0.235309 valid_micro_fmax=0.229397
epoch=29 loss=0.004519 validation_macro_fmax=0.236198 valid_micro_fmax=0.232238
epoch=30 loss=0.004135 validation_macro_fmax=0.227184 valid_micro_fmax=0.221926
epoch=31 loss=0.003737 validation_macro_fmax=0.243691 valid_micro_fmax=0.239843
epoch=32 loss=0.003660 validation_macro_fmax=0.239645 valid_micro_fmax=0.237724
epoch=33 loss=0.003367 validation_macro_fmax=0.218884 valid_micro_fmax=0.239915
Early stopping after 33 epochs (patience=9)
GPU completion: NVIDIA L40S, 17693, 46068, 0
