GPU: NVIDIA L40S
CUDA tensor check: 8.0
Mon Jul 20 04:04:27 2026       
+-----------------------------------------------------------------------------------------+
| NVIDIA-SMI 560.35.03              Driver Version: 560.35.03      CUDA Version: 12.6     |
|-----------------------------------------+------------------------+----------------------+
| GPU  Name                 Persistence-M | Bus-Id          Disp.A | Volatile Uncorr. ECC |
| Fan  Temp   Perf          Pwr:Usage/Cap |           Memory-Usage | GPU-Util  Compute M. |
|                                         |                        |               MIG M. |
|=========================================+========================+======================|
|   0  NVIDIA L40S                    On  |   00000000:B5:00.0 Off |                    0 |
| N/A   47C    P0             41W /  350W |     503MiB /  46068MiB |      0%      Default |
|                                         |                        |                  N/A |
+-----------------------------------------+------------------------+----------------------+
                                                                                         
+-----------------------------------------------------------------------------------------+
| Processes:                                                                              |
|  GPU   GI   CI        PID   Type   Process name                              GPU Memory |
|        ID   ID                                                               Usage      |
|=========================================================================================|
|    0   N/A  N/A   1184866      C   python3                                       494MiB |
+-----------------------------------------------------------------------------------------+
CUDA verified: NVIDIA L40S; tensor dot product=8.0
GPU startup: NVIDIA L40S, 533, 46068, 1
Loaded train=6026, valid=754; reserved test set is not loaded
epoch=1 loss=1.182471 validation_macro_fmax=0.146739 valid_micro_fmax=0.029713
epoch=2 loss=1.038468 validation_macro_fmax=0.194875 valid_micro_fmax=0.069733
epoch=3 loss=0.962700 validation_macro_fmax=0.228620 valid_micro_fmax=0.109740
epoch=4 loss=0.910607 validation_macro_fmax=0.253879 valid_micro_fmax=0.167617
epoch=5 loss=0.876434 validation_macro_fmax=0.274253 valid_micro_fmax=0.204604
epoch=6 loss=0.846761 validation_macro_fmax=0.290526 valid_micro_fmax=0.213284
epoch=7 loss=0.823238 validation_macro_fmax=0.309470 valid_micro_fmax=0.224268
epoch=8 loss=0.806542 validation_macro_fmax=0.315342 valid_micro_fmax=0.225615
epoch=9 loss=0.789369 validation_macro_fmax=0.332137 valid_micro_fmax=0.237344
epoch=10 loss=0.775662 validation_macro_fmax=0.338008 valid_micro_fmax=0.242245
epoch=11 loss=0.760528 validation_macro_fmax=0.343545 valid_micro_fmax=0.257593
epoch=12 loss=0.747958 validation_macro_fmax=0.353091 valid_micro_fmax=0.268693
epoch=13 loss=0.735409 validation_macro_fmax=0.346802 valid_micro_fmax=0.271908
epoch=14 loss=0.721540 validation_macro_fmax=0.348821 valid_micro_fmax=0.269326
epoch=15 loss=0.707460 validation_macro_fmax=0.355559 valid_micro_fmax=0.275385
epoch=16 loss=0.693062 validation_macro_fmax=0.354606 valid_micro_fmax=0.272439
epoch=17 loss=0.678258 validation_macro_fmax=0.364364 valid_micro_fmax=0.272286
epoch=18 loss=0.663400 validation_macro_fmax=0.362594 valid_micro_fmax=0.273266
epoch=19 loss=0.644277 validation_macro_fmax=0.368406 valid_micro_fmax=0.271291
epoch=20 loss=0.629173 validation_macro_fmax=0.373680 valid_micro_fmax=0.279884
epoch=21 loss=0.612114 validation_macro_fmax=0.372664 valid_micro_fmax=0.269946
epoch=22 loss=0.595612 validation_macro_fmax=0.362194 valid_micro_fmax=0.275221
epoch=23 loss=0.576949 validation_macro_fmax=0.362944 valid_micro_fmax=0.285714
epoch=24 loss=0.559908 validation_macro_fmax=0.362320 valid_micro_fmax=0.279091
epoch=25 loss=0.541710 validation_macro_fmax=0.370518 valid_micro_fmax=0.281095
epoch=26 loss=0.523929 validation_macro_fmax=0.377970 valid_micro_fmax=0.286618
epoch=27 loss=0.503030 validation_macro_fmax=0.385239 valid_micro_fmax=0.287908
epoch=28 loss=0.487113 validation_macro_fmax=0.400087 valid_micro_fmax=0.301141
epoch=29 loss=0.467472 validation_macro_fmax=0.388980 valid_micro_fmax=0.293046
epoch=30 loss=0.445968 validation_macro_fmax=0.395827 valid_micro_fmax=0.286044
epoch=31 loss=0.429888 validation_macro_fmax=0.395440 valid_micro_fmax=0.292446
epoch=32 loss=0.408365 validation_macro_fmax=0.404806 valid_micro_fmax=0.297721
epoch=33 loss=0.392695 validation_macro_fmax=0.402410 valid_micro_fmax=0.299095
epoch=34 loss=0.372913 validation_macro_fmax=0.407439 valid_micro_fmax=0.288906
epoch=35 loss=0.353529 validation_macro_fmax=0.397824 valid_micro_fmax=0.290387
epoch=36 loss=0.340727 validation_macro_fmax=0.413073 valid_micro_fmax=0.300969
epoch=37 loss=0.319911 validation_macro_fmax=0.410219 valid_micro_fmax=0.302956
epoch=38 loss=0.304078 validation_macro_fmax=0.413365 valid_micro_fmax=0.299883
epoch=39 loss=0.287184 validation_macro_fmax=0.410149 valid_micro_fmax=0.308138
epoch=40 loss=0.272368 validation_macro_fmax=0.407545 valid_micro_fmax=0.307904
epoch=41 loss=0.256359 validation_macro_fmax=0.413660 valid_micro_fmax=0.315259
epoch=42 loss=0.240832 validation_macro_fmax=0.416824 valid_micro_fmax=0.310986
epoch=43 loss=0.226141 validation_macro_fmax=0.417121 valid_micro_fmax=0.313551
epoch=44 loss=0.212050 validation_macro_fmax=0.414634 valid_micro_fmax=0.318196
epoch=45 loss=0.201041 validation_macro_fmax=0.421792 valid_micro_fmax=0.319354
epoch=46 loss=0.188890 validation_macro_fmax=0.416872 valid_micro_fmax=0.324164
epoch=47 loss=0.177475 validation_macro_fmax=0.431595 valid_micro_fmax=0.329384
epoch=48 loss=0.167358 validation_macro_fmax=0.423327 valid_micro_fmax=0.329107
epoch=49 loss=0.157700 validation_macro_fmax=0.425263 valid_micro_fmax=0.329888
epoch=50 loss=0.147298 validation_macro_fmax=0.432905 valid_micro_fmax=0.345221
epoch=51 loss=0.137713 validation_macro_fmax=0.433581 valid_micro_fmax=0.328950
epoch=52 loss=0.130269 validation_macro_fmax=0.426902 valid_micro_fmax=0.323925
epoch=53 loss=0.121936 validation_macro_fmax=0.431705 valid_micro_fmax=0.333659
epoch=54 loss=0.116335 validation_macro_fmax=0.437129 valid_micro_fmax=0.348109
epoch=55 loss=0.108543 validation_macro_fmax=0.441055 valid_micro_fmax=0.335775
epoch=56 loss=0.102845 validation_macro_fmax=0.430276 valid_micro_fmax=0.355455
epoch=57 loss=0.096151 validation_macro_fmax=0.416499 valid_micro_fmax=0.340365
epoch=58 loss=0.089460 validation_macro_fmax=0.428606 valid_micro_fmax=0.351696
epoch=59 loss=0.085244 validation_macro_fmax=0.444039 valid_micro_fmax=0.352676
epoch=60 loss=0.079492 validation_macro_fmax=0.426867 valid_micro_fmax=0.350552
epoch=61 loss=0.077555 validation_macro_fmax=0.434895 valid_micro_fmax=0.355107
epoch=62 loss=0.072523 validation_macro_fmax=0.437512 valid_micro_fmax=0.348928
epoch=63 loss=0.068003 validation_macro_fmax=0.438956 valid_micro_fmax=0.361332
epoch=64 loss=0.063745 validation_macro_fmax=0.442573 valid_micro_fmax=0.354453
epoch=65 loss=0.060334 validation_macro_fmax=0.435569 valid_micro_fmax=0.374393
epoch=66 loss=0.058883 validation_macro_fmax=0.431008 valid_micro_fmax=0.374921
epoch=67 loss=0.055477 validation_macro_fmax=0.433164 valid_micro_fmax=0.379436
epoch=68 loss=0.053010 validation_macro_fmax=0.444401 valid_micro_fmax=0.372182
epoch=69 loss=0.049526 validation_macro_fmax=0.441568 valid_micro_fmax=0.366363
epoch=70 loss=0.048810 validation_macro_fmax=0.438771 valid_micro_fmax=0.378510
epoch=71 loss=0.046725 validation_macro_fmax=0.438729 valid_micro_fmax=0.392302
epoch=72 loss=0.043178 validation_macro_fmax=0.440461 valid_micro_fmax=0.381654
epoch=73 loss=0.041870 validation_macro_fmax=0.443288 valid_micro_fmax=0.383788
epoch=74 loss=0.040319 validation_macro_fmax=0.453514 valid_micro_fmax=0.403239
epoch=75 loss=0.038591 validation_macro_fmax=0.449024 valid_micro_fmax=0.380157
epoch=76 loss=0.036173 validation_macro_fmax=0.445077 valid_micro_fmax=0.398665
epoch=77 loss=0.035354 validation_macro_fmax=0.438159 valid_micro_fmax=0.395377
epoch=78 loss=0.034297 validation_macro_fmax=0.445959 valid_micro_fmax=0.400067
epoch=79 loss=0.032954 validation_macro_fmax=0.446552 valid_micro_fmax=0.394389
epoch=80 loss=0.031799 validation_macro_fmax=0.454213 valid_micro_fmax=0.405016
epoch=81 loss=0.030400 validation_macro_fmax=0.446052 valid_micro_fmax=0.386994
epoch=82 loss=0.029015 validation_macro_fmax=0.452054 valid_micro_fmax=0.397776
epoch=83 loss=0.028115 validation_macro_fmax=0.453443 valid_micro_fmax=0.402932
epoch=84 loss=0.027317 validation_macro_fmax=0.452147 valid_micro_fmax=0.415279
epoch=85 loss=0.026334 validation_macro_fmax=0.443019 valid_micro_fmax=0.412357
epoch=86 loss=0.025840 validation_macro_fmax=0.441767 valid_micro_fmax=0.405599
epoch=87 loss=0.024417 validation_macro_fmax=0.445041 valid_micro_fmax=0.397507
epoch=88 loss=0.024546 validation_macro_fmax=0.449257 valid_micro_fmax=0.412189
epoch=89 loss=0.023358 validation_macro_fmax=0.438910 valid_micro_fmax=0.404490
epoch=90 loss=0.022630 validation_macro_fmax=0.445028 valid_micro_fmax=0.423040
Early stopping after 90 epochs (patience=10)
GPU completion: NVIDIA L40S, 28155, 46068, 0
