GPU: NVIDIA L40S
CUDA tensor check: 8.0
Sun Jul 19 04:05:09 2026       
+-----------------------------------------------------------------------------------------+
| NVIDIA-SMI 560.35.03              Driver Version: 560.35.03      CUDA Version: 12.6     |
|-----------------------------------------+------------------------+----------------------+
| GPU  Name                 Persistence-M | Bus-Id          Disp.A | Volatile Uncorr. ECC |
| Fan  Temp   Perf          Pwr:Usage/Cap |           Memory-Usage | GPU-Util  Compute M. |
|                                         |                        |               MIG M. |
|=========================================+========================+======================|
|   0  NVIDIA L40S                    On  |   00000000:0D:00.0 Off |                    0 |
| N/A   52C    P0             46W /  350W |     503MiB /  46068MiB |      5%      Default |
|                                         |                        |                  N/A |
+-----------------------------------------+------------------------+----------------------+
                                                                                         
+-----------------------------------------------------------------------------------------+
| Processes:                                                                              |
|  GPU   GI   CI        PID   Type   Process name                              GPU Memory |
|        ID   ID                                                               Usage      |
|=========================================================================================|
|    0   N/A  N/A   1095418      C   python3                                       494MiB |
+-----------------------------------------------------------------------------------------+
CUDA verified: NVIDIA L40S; tensor dot product=8.0
GPU startup: NVIDIA L40S, 533, 46068, 0
Loaded train=6026, valid=754; reserved test set is not loaded
epoch=1 loss=0.324327 validation_macro_fmax=0.333845 valid_micro_fmax=0.128318
epoch=2 loss=0.249806 validation_macro_fmax=0.357449 valid_micro_fmax=0.172965
epoch=3 loss=0.228110 validation_macro_fmax=0.374559 valid_micro_fmax=0.210292
epoch=4 loss=0.214822 validation_macro_fmax=0.374859 valid_micro_fmax=0.230959
epoch=5 loss=0.204747 validation_macro_fmax=0.375251 valid_micro_fmax=0.274608
epoch=6 loss=0.195383 validation_macro_fmax=0.374873 valid_micro_fmax=0.306880
epoch=7 loss=0.187594 validation_macro_fmax=0.380908 valid_micro_fmax=0.310183
epoch=8 loss=0.179597 validation_macro_fmax=0.379931 valid_micro_fmax=0.327783
epoch=9 loss=0.171098 validation_macro_fmax=0.379188 valid_micro_fmax=0.340540
epoch=10 loss=0.161854 validation_macro_fmax=0.383866 valid_micro_fmax=0.358545
epoch=11 loss=0.152368 validation_macro_fmax=0.382281 valid_micro_fmax=0.358267
epoch=12 loss=0.141567 validation_macro_fmax=0.385472 valid_micro_fmax=0.377463
epoch=13 loss=0.130674 validation_macro_fmax=0.384212 valid_micro_fmax=0.404821
epoch=14 loss=0.118803 validation_macro_fmax=0.392197 valid_micro_fmax=0.412911
epoch=15 loss=0.107318 validation_macro_fmax=0.401208 valid_micro_fmax=0.405442
epoch=16 loss=0.095635 validation_macro_fmax=0.396448 valid_micro_fmax=0.443711
epoch=17 loss=0.085377 validation_macro_fmax=0.395214 valid_micro_fmax=0.445681
epoch=18 loss=0.075259 validation_macro_fmax=0.399870 valid_micro_fmax=0.443393
epoch=19 loss=0.066739 validation_macro_fmax=0.394272 valid_micro_fmax=0.466319
epoch=20 loss=0.059404 validation_macro_fmax=0.397024 valid_micro_fmax=0.454249
epoch=21 loss=0.052055 validation_macro_fmax=0.396253 valid_micro_fmax=0.462245
epoch=22 loss=0.045893 validation_macro_fmax=0.401575 valid_micro_fmax=0.455251
epoch=23 loss=0.040684 validation_macro_fmax=0.393786 valid_micro_fmax=0.474982
epoch=24 loss=0.036488 validation_macro_fmax=0.391840 valid_micro_fmax=0.464347
epoch=25 loss=0.032094 validation_macro_fmax=0.397515 valid_micro_fmax=0.473606
epoch=26 loss=0.029216 validation_macro_fmax=0.403107 valid_micro_fmax=0.473990
epoch=27 loss=0.025916 validation_macro_fmax=0.401302 valid_micro_fmax=0.479557
epoch=28 loss=0.023303 validation_macro_fmax=0.391200 valid_micro_fmax=0.461940
epoch=29 loss=0.020922 validation_macro_fmax=0.400072 valid_micro_fmax=0.470251
epoch=30 loss=0.019167 validation_macro_fmax=0.397904 valid_micro_fmax=0.480971
epoch=31 loss=0.017605 validation_macro_fmax=0.397881 valid_micro_fmax=0.484187
epoch=32 loss=0.015797 validation_macro_fmax=0.390487 valid_micro_fmax=0.471479
epoch=33 loss=0.014828 validation_macro_fmax=0.392508 valid_micro_fmax=0.472837
epoch=34 loss=0.013841 validation_macro_fmax=0.397845 valid_micro_fmax=0.481333
Early stopping after 34 epochs (patience=8)
GPU completion: NVIDIA L40S, 30135, 46068, 0
