GPU: NVIDIA L40S
CUDA tensor check: 8.0
Mon Jul 20 02:36:53 2026       
+-----------------------------------------------------------------------------------------+
| NVIDIA-SMI 560.35.03              Driver Version: 560.35.03      CUDA Version: 12.6     |
|-----------------------------------------+------------------------+----------------------+
| GPU  Name                 Persistence-M | Bus-Id          Disp.A | Volatile Uncorr. ECC |
| Fan  Temp   Perf          Pwr:Usage/Cap |           Memory-Usage | GPU-Util  Compute M. |
|                                         |                        |               MIG M. |
|=========================================+========================+======================|
|   0  NVIDIA L40S                    On  |   00000000:0D:00.0 Off |                    0 |
| N/A   37C    P0             38W /  350W |     503MiB /  46068MiB |      0%      Default |
|                                         |                        |                  N/A |
+-----------------------------------------+------------------------+----------------------+
                                                                                         
+-----------------------------------------------------------------------------------------+
| Processes:                                                                              |
|  GPU   GI   CI        PID   Type   Process name                              GPU Memory |
|        ID   ID                                                               Usage      |
|=========================================================================================|
|    0   N/A  N/A   1431186      C   python3                                       494MiB |
+-----------------------------------------------------------------------------------------+
CUDA verified: NVIDIA L40S; tensor dot product=8.0
GPU startup: NVIDIA L40S, 533, 46068, 0
Loaded train=6026, valid=754; reserved test set is not loaded
epoch=1 loss=0.288147 validation_macro_fmax=0.373549 valid_micro_fmax=0.234551
epoch=2 loss=0.208870 validation_macro_fmax=0.386795 valid_micro_fmax=0.296107
epoch=3 loss=0.167267 validation_macro_fmax=0.409340 valid_micro_fmax=0.387198
epoch=4 loss=0.121122 validation_macro_fmax=0.417301 valid_micro_fmax=0.431342
epoch=5 loss=0.080890 validation_macro_fmax=0.401471 valid_micro_fmax=0.447013
epoch=6 loss=0.054786 validation_macro_fmax=0.389493 valid_micro_fmax=0.439486
epoch=7 loss=0.039183 validation_macro_fmax=0.402430 valid_micro_fmax=0.431801
epoch=8 loss=0.029256 validation_macro_fmax=0.385260 valid_micro_fmax=0.458380
epoch=9 loss=0.023451 validation_macro_fmax=0.404579 valid_micro_fmax=0.494779
epoch=10 loss=0.020315 validation_macro_fmax=0.388926 valid_micro_fmax=0.451776
epoch=11 loss=0.016263 validation_macro_fmax=0.380511 valid_micro_fmax=0.530034
epoch=12 loss=0.014230 validation_macro_fmax=0.382029 valid_micro_fmax=0.431116
Early stopping after 12 epochs (patience=8)
GPU completion: NVIDIA L40S, 23789, 46068, 0
