GPU: NVIDIA L40S
CUDA tensor check: 8.0
Thu Jul 16 22:57:30 2026       
+-----------------------------------------------------------------------------------------+
| NVIDIA-SMI 560.35.03              Driver Version: 560.35.03      CUDA Version: 12.6     |
|-----------------------------------------+------------------------+----------------------+
| GPU  Name                 Persistence-M | Bus-Id          Disp.A | Volatile Uncorr. ECC |
| Fan  Temp   Perf          Pwr:Usage/Cap |           Memory-Usage | GPU-Util  Compute M. |
|                                         |                        |               MIG M. |
|=========================================+========================+======================|
|   0  NVIDIA L40S                    On  |   00000000:B5:00.0 Off |                    0 |
| N/A   38C    P0             41W /  350W |     503MiB /  46068MiB |      5%      Default |
|                                         |                        |                  N/A |
+-----------------------------------------+------------------------+----------------------+
                                                                                         
+-----------------------------------------------------------------------------------------+
| Processes:                                                                              |
|  GPU   GI   CI        PID   Type   Process name                              GPU Memory |
|        ID   ID                                                               Usage      |
|=========================================================================================|
|    0   N/A  N/A   2837876      C   python3                                       494MiB |
+-----------------------------------------------------------------------------------------+
CUDA verified: NVIDIA L40S; tensor dot product=8.0
GPU startup: NVIDIA L40S, 533, 46068, 1
Loaded train=6026, valid=754; reserved test set is not loaded
epoch=1 loss=1.279807 validation_macro_fmax=0.098107 valid_micro_fmax=0.037183
epoch=2 loss=1.209202 validation_macro_fmax=0.103842 valid_micro_fmax=0.039633
epoch=3 loss=1.155442 validation_macro_fmax=0.111995 valid_micro_fmax=0.043628
epoch=4 loss=1.115597 validation_macro_fmax=0.123211 valid_micro_fmax=0.037460
epoch=5 loss=1.079508 validation_macro_fmax=0.127163 valid_micro_fmax=0.040739
epoch=6 loss=1.053990 validation_macro_fmax=0.137225 valid_micro_fmax=0.041656
epoch=7 loss=1.026452 validation_macro_fmax=0.138589 valid_micro_fmax=0.041478
epoch=8 loss=1.001757 validation_macro_fmax=0.146667 valid_micro_fmax=0.041365
epoch=9 loss=0.984618 validation_macro_fmax=0.152310 valid_micro_fmax=0.047474
epoch=10 loss=0.965324 validation_macro_fmax=0.157706 valid_micro_fmax=0.049090
epoch=11 loss=0.950165 validation_macro_fmax=0.162958 valid_micro_fmax=0.060376
epoch=12 loss=0.935799 validation_macro_fmax=0.167013 valid_micro_fmax=0.071578
epoch=13 loss=0.920489 validation_macro_fmax=0.164846 valid_micro_fmax=0.071713
epoch=14 loss=0.908246 validation_macro_fmax=0.176274 valid_micro_fmax=0.069252
epoch=15 loss=0.895774 validation_macro_fmax=0.179566 valid_micro_fmax=0.079125
epoch=16 loss=0.885247 validation_macro_fmax=0.185886 valid_micro_fmax=0.079102
epoch=17 loss=0.875098 validation_macro_fmax=0.189968 valid_micro_fmax=0.080140
epoch=18 loss=0.866089 validation_macro_fmax=0.193539 valid_micro_fmax=0.089057
epoch=19 loss=0.857056 validation_macro_fmax=0.196151 valid_micro_fmax=0.094768
epoch=20 loss=0.847859 validation_macro_fmax=0.198459 valid_micro_fmax=0.099912
epoch=21 loss=0.838734 validation_macro_fmax=0.200779 valid_micro_fmax=0.102558
epoch=22 loss=0.829879 validation_macro_fmax=0.206723 valid_micro_fmax=0.100473
epoch=23 loss=0.822585 validation_macro_fmax=0.211072 valid_micro_fmax=0.098294
epoch=24 loss=0.816534 validation_macro_fmax=0.212762 valid_micro_fmax=0.106733
epoch=25 loss=0.807057 validation_macro_fmax=0.214329 valid_micro_fmax=0.106811
epoch=26 loss=0.799949 validation_macro_fmax=0.219000 valid_micro_fmax=0.104278
epoch=27 loss=0.792098 validation_macro_fmax=0.220222 valid_micro_fmax=0.113413
epoch=28 loss=0.784989 validation_macro_fmax=0.223708 valid_micro_fmax=0.108940
epoch=29 loss=0.777608 validation_macro_fmax=0.228012 valid_micro_fmax=0.115965
epoch=30 loss=0.770943 validation_macro_fmax=0.226660 valid_micro_fmax=0.120555
epoch=31 loss=0.762506 validation_macro_fmax=0.229805 valid_micro_fmax=0.124515
epoch=32 loss=0.755618 validation_macro_fmax=0.233517 valid_micro_fmax=0.117181
epoch=33 loss=0.748321 validation_macro_fmax=0.226365 valid_micro_fmax=0.132577
epoch=34 loss=0.741051 validation_macro_fmax=0.237408 valid_micro_fmax=0.127619
epoch=35 loss=0.734156 validation_macro_fmax=0.233780 valid_micro_fmax=0.128400
epoch=36 loss=0.726215 validation_macro_fmax=0.238165 valid_micro_fmax=0.145484
epoch=37 loss=0.718463 validation_macro_fmax=0.235258 valid_micro_fmax=0.142098
epoch=38 loss=0.710014 validation_macro_fmax=0.238238 valid_micro_fmax=0.139654
epoch=39 loss=0.703694 validation_macro_fmax=0.246906 valid_micro_fmax=0.143110
epoch=40 loss=0.694769 validation_macro_fmax=0.239681 valid_micro_fmax=0.147548
epoch=41 loss=0.684027 validation_macro_fmax=0.249336 valid_micro_fmax=0.158942
epoch=42 loss=0.677018 validation_macro_fmax=0.252989 valid_micro_fmax=0.152973
epoch=43 loss=0.669372 validation_macro_fmax=0.246521 valid_micro_fmax=0.149673
epoch=44 loss=0.659272 validation_macro_fmax=0.254135 valid_micro_fmax=0.157676
epoch=45 loss=0.651541 validation_macro_fmax=0.252908 valid_micro_fmax=0.158089
epoch=46 loss=0.641190 validation_macro_fmax=0.257173 valid_micro_fmax=0.160286
epoch=47 loss=0.632313 validation_macro_fmax=0.245433 valid_micro_fmax=0.151739
epoch=48 loss=0.623646 validation_macro_fmax=0.257058 valid_micro_fmax=0.157089
epoch=49 loss=0.611935 validation_macro_fmax=0.254547 valid_micro_fmax=0.163006
epoch=50 loss=0.604901 validation_macro_fmax=0.263417 valid_micro_fmax=0.156765
epoch=51 loss=0.592859 validation_macro_fmax=0.259347 valid_micro_fmax=0.152384
epoch=52 loss=0.583604 validation_macro_fmax=0.265146 valid_micro_fmax=0.166044
epoch=53 loss=0.572181 validation_macro_fmax=0.259018 valid_micro_fmax=0.176117
epoch=54 loss=0.562942 validation_macro_fmax=0.261213 valid_micro_fmax=0.174265
epoch=55 loss=0.551132 validation_macro_fmax=0.257097 valid_micro_fmax=0.173677
epoch=56 loss=0.541764 validation_macro_fmax=0.263031 valid_micro_fmax=0.159043
epoch=57 loss=0.528656 validation_macro_fmax=0.260631 valid_micro_fmax=0.163934
epoch=58 loss=0.519851 validation_macro_fmax=0.267222 valid_micro_fmax=0.175731
epoch=59 loss=0.508401 validation_macro_fmax=0.263439 valid_micro_fmax=0.166667
epoch=60 loss=0.498260 validation_macro_fmax=0.273180 valid_micro_fmax=0.187594
epoch=61 loss=0.484923 validation_macro_fmax=0.272935 valid_micro_fmax=0.186710
