GPU: NVIDIA L40S
CUDA tensor check: 8.0
Sun Jul 19 01:34:50 2026       
+-----------------------------------------------------------------------------------------+
| NVIDIA-SMI 560.35.03              Driver Version: 560.35.03      CUDA Version: 12.6     |
|-----------------------------------------+------------------------+----------------------+
| GPU  Name                 Persistence-M | Bus-Id          Disp.A | Volatile Uncorr. ECC |
| Fan  Temp   Perf          Pwr:Usage/Cap |           Memory-Usage | GPU-Util  Compute M. |
|                                         |                        |               MIG M. |
|=========================================+========================+======================|
|   0  NVIDIA L40S                    On  |   00000000:0D:00.0 Off |                    0 |
| N/A   48C    P0             42W /  350W |     503MiB /  46068MiB |      0%      Default |
|                                         |                        |                  N/A |
+-----------------------------------------+------------------------+----------------------+
                                                                                         
+-----------------------------------------------------------------------------------------+
| Processes:                                                                              |
|  GPU   GI   CI        PID   Type   Process name                              GPU Memory |
|        ID   ID                                                               Usage      |
|=========================================================================================|
|    0   N/A  N/A    924534      C   python3                                       494MiB |
+-----------------------------------------------------------------------------------------+
CUDA verified: NVIDIA L40S; tensor dot product=8.0
GPU startup: NVIDIA L40S, 533, 46068, 0
Loaded train=6026, valid=754; reserved test set is not loaded
epoch=1 loss=1.119699 validation_macro_fmax=0.137060 valid_micro_fmax=0.014249
epoch=2 loss=0.947865 validation_macro_fmax=0.198924 valid_micro_fmax=0.024063
epoch=3 loss=0.866330 validation_macro_fmax=0.226627 valid_micro_fmax=0.034224
epoch=4 loss=0.817522 validation_macro_fmax=0.243210 valid_micro_fmax=0.048427
epoch=5 loss=0.786993 validation_macro_fmax=0.260234 valid_micro_fmax=0.058530
epoch=6 loss=0.766867 validation_macro_fmax=0.266038 valid_micro_fmax=0.074408
epoch=7 loss=0.751961 validation_macro_fmax=0.274016 valid_micro_fmax=0.088471
epoch=8 loss=0.740497 validation_macro_fmax=0.272259 valid_micro_fmax=0.097052
epoch=9 loss=0.731229 validation_macro_fmax=0.285474 valid_micro_fmax=0.101617
epoch=10 loss=0.722784 validation_macro_fmax=0.281783 valid_micro_fmax=0.111572
epoch=11 loss=0.715147 validation_macro_fmax=0.290644 valid_micro_fmax=0.116746
epoch=12 loss=0.707206 validation_macro_fmax=0.292992 valid_micro_fmax=0.119277
epoch=13 loss=0.699152 validation_macro_fmax=0.294819 valid_micro_fmax=0.123610
epoch=14 loss=0.691405 validation_macro_fmax=0.299854 valid_micro_fmax=0.134523
epoch=15 loss=0.682783 validation_macro_fmax=0.301780 valid_micro_fmax=0.136113
epoch=16 loss=0.673302 validation_macro_fmax=0.307740 valid_micro_fmax=0.138938
epoch=17 loss=0.663106 validation_macro_fmax=0.315553 valid_micro_fmax=0.140276
epoch=18 loss=0.651768 validation_macro_fmax=0.316340 valid_micro_fmax=0.150088
epoch=19 loss=0.639952 validation_macro_fmax=0.324739 valid_micro_fmax=0.160942
epoch=20 loss=0.627151 validation_macro_fmax=0.321400 valid_micro_fmax=0.164577
epoch=21 loss=0.613753 validation_macro_fmax=0.322813 valid_micro_fmax=0.158881
epoch=22 loss=0.599261 validation_macro_fmax=0.321569 valid_micro_fmax=0.166134
epoch=23 loss=0.584147 validation_macro_fmax=0.329692 valid_micro_fmax=0.168302
epoch=24 loss=0.568344 validation_macro_fmax=0.330447 valid_micro_fmax=0.169514
epoch=25 loss=0.551988 validation_macro_fmax=0.324966 valid_micro_fmax=0.174041
epoch=26 loss=0.534525 validation_macro_fmax=0.332277 valid_micro_fmax=0.174444
epoch=27 loss=0.516795 validation_macro_fmax=0.331687 valid_micro_fmax=0.180963
epoch=28 loss=0.498522 validation_macro_fmax=0.330940 valid_micro_fmax=0.182979
epoch=29 loss=0.479839 validation_macro_fmax=0.330452 valid_micro_fmax=0.182616
epoch=30 loss=0.461136 validation_macro_fmax=0.334914 valid_micro_fmax=0.192658
epoch=31 loss=0.441682 validation_macro_fmax=0.323863 valid_micro_fmax=0.189501
epoch=32 loss=0.422823 validation_macro_fmax=0.329827 valid_micro_fmax=0.202102
epoch=33 loss=0.403773 validation_macro_fmax=0.332463 valid_micro_fmax=0.221297
epoch=34 loss=0.384533 validation_macro_fmax=0.326827 valid_micro_fmax=0.212109
epoch=35 loss=0.365682 validation_macro_fmax=0.337133 valid_micro_fmax=0.213386
epoch=36 loss=0.347352 validation_macro_fmax=0.334503 valid_micro_fmax=0.228930
epoch=37 loss=0.329492 validation_macro_fmax=0.330488 valid_micro_fmax=0.221024
epoch=38 loss=0.311886 validation_macro_fmax=0.333282 valid_micro_fmax=0.237227
epoch=39 loss=0.294764 validation_macro_fmax=0.330958 valid_micro_fmax=0.243025
epoch=40 loss=0.278076 validation_macro_fmax=0.333063 valid_micro_fmax=0.245154
epoch=41 loss=0.262388 validation_macro_fmax=0.333629 valid_micro_fmax=0.247721
epoch=42 loss=0.247297 validation_macro_fmax=0.331998 valid_micro_fmax=0.254703
epoch=43 loss=0.232899 validation_macro_fmax=0.336290 valid_micro_fmax=0.253042
epoch=44 loss=0.219578 validation_macro_fmax=0.325466 valid_micro_fmax=0.254451
Early stopping after 44 epochs (patience=9)
GPU completion: NVIDIA L40S, 35719, 46068, 0
