GPU: NVIDIA L40S
CUDA tensor check: 8.0
Fri Jul 17 00:08:21 2026       
+-----------------------------------------------------------------------------------------+
| NVIDIA-SMI 560.35.03              Driver Version: 560.35.03      CUDA Version: 12.6     |
|-----------------------------------------+------------------------+----------------------+
| GPU  Name                 Persistence-M | Bus-Id          Disp.A | Volatile Uncorr. ECC |
| Fan  Temp   Perf          Pwr:Usage/Cap |           Memory-Usage | GPU-Util  Compute M. |
|                                         |                        |               MIG M. |
|=========================================+========================+======================|
|   0  NVIDIA L40S                    On  |   00000000:B5:00.0 Off |                    0 |
| N/A   43C    P0             41W /  350W |     503MiB /  46068MiB |      0%      Default |
|                                         |                        |                  N/A |
+-----------------------------------------+------------------------+----------------------+
                                                                                         
+-----------------------------------------------------------------------------------------+
| Processes:                                                                              |
|  GPU   GI   CI        PID   Type   Process name                              GPU Memory |
|        ID   ID                                                               Usage      |
|=========================================================================================|
|    0   N/A  N/A   2867398      C   python3                                       494MiB |
+-----------------------------------------------------------------------------------------+
CUDA verified: NVIDIA L40S; tensor dot product=8.0
GPU startup: NVIDIA L40S, 533, 46068, 0
Loaded train=6026, valid=754; reserved test set is not loaded
epoch=1 loss=0.439377 validation_macro_fmax=0.202376 valid_micro_fmax=0.065208
epoch=2 loss=0.211685 validation_macro_fmax=0.245949 valid_micro_fmax=0.110455
epoch=3 loss=0.142898 validation_macro_fmax=0.225734 valid_micro_fmax=0.091227
epoch=4 loss=0.100073 validation_macro_fmax=0.217522 valid_micro_fmax=0.091818
epoch=5 loss=0.081397 validation_macro_fmax=0.223191 valid_micro_fmax=0.116984
epoch=6 loss=0.062086 validation_macro_fmax=0.211472 valid_micro_fmax=0.097237
epoch=7 loss=0.053806 validation_macro_fmax=0.232068 valid_micro_fmax=0.128459
epoch=8 loss=0.055452 validation_macro_fmax=0.238101 valid_micro_fmax=0.171648
epoch=9 loss=0.052064 validation_macro_fmax=0.233435 valid_micro_fmax=0.152451
epoch=10 loss=0.043377 validation_macro_fmax=0.234166 valid_micro_fmax=0.177100
epoch=11 loss=0.036797 validation_macro_fmax=0.236626 valid_micro_fmax=0.162948
epoch=12 loss=0.048785 validation_macro_fmax=0.239444 valid_micro_fmax=0.094358
Early stopping after 12 epochs (patience=10)
GPU completion: NVIDIA L40S, 28243, 46068, 0
