GPU: NVIDIA L40S
CUDA tensor check: 8.0
Sat Jul 18 17:10:34 2026       
+-----------------------------------------------------------------------------------------+
| NVIDIA-SMI 560.35.03              Driver Version: 560.35.03      CUDA Version: 12.6     |
|-----------------------------------------+------------------------+----------------------+
| GPU  Name                 Persistence-M | Bus-Id          Disp.A | Volatile Uncorr. ECC |
| Fan  Temp   Perf          Pwr:Usage/Cap |           Memory-Usage | GPU-Util  Compute M. |
|                                         |                        |               MIG M. |
|=========================================+========================+======================|
|   0  NVIDIA L40S                    On  |   00000000:0D:00.0 Off |                    0 |
| N/A   54C    P0             45W /  350W |     503MiB /  46068MiB |      1%      Default |
|                                         |                        |                  N/A |
+-----------------------------------------+------------------------+----------------------+
                                                                                         
+-----------------------------------------------------------------------------------------+
| Processes:                                                                              |
|  GPU   GI   CI        PID   Type   Process name                              GPU Memory |
|        ID   ID                                                               Usage      |
|=========================================================================================|
|    0   N/A  N/A    285319      C   python3                                       494MiB |
+-----------------------------------------------------------------------------------------+
CUDA verified: NVIDIA L40S; tensor dot product=8.0
GPU startup: NVIDIA L40S, 533, 46068, 0
Loaded train=6026, valid=754; reserved test set is not loaded
epoch=1 loss=1.101984 validation_macro_fmax=0.360858 valid_micro_fmax=0.238685
epoch=2 loss=0.891348 validation_macro_fmax=0.393356 valid_micro_fmax=0.296022
epoch=3 loss=0.771672 validation_macro_fmax=0.402653 valid_micro_fmax=0.307734
epoch=4 loss=0.654498 validation_macro_fmax=0.398112 valid_micro_fmax=0.335617
epoch=5 loss=0.522247 validation_macro_fmax=0.401124 valid_micro_fmax=0.337859
epoch=6 loss=0.407284 validation_macro_fmax=0.395566 valid_micro_fmax=0.388009
epoch=7 loss=0.318513 validation_macro_fmax=0.426291 valid_micro_fmax=0.388495
epoch=8 loss=0.245919 validation_macro_fmax=0.398485 valid_micro_fmax=0.379102
epoch=9 loss=0.203994 validation_macro_fmax=0.398326 valid_micro_fmax=0.454590
epoch=10 loss=0.167123 validation_macro_fmax=0.417812 valid_micro_fmax=0.466117
epoch=11 loss=0.147880 validation_macro_fmax=0.401936 valid_micro_fmax=0.459674
epoch=12 loss=0.126357 validation_macro_fmax=0.406715 valid_micro_fmax=0.441612
epoch=13 loss=0.116891 validation_macro_fmax=0.396527 valid_micro_fmax=0.441645
epoch=14 loss=0.106411 validation_macro_fmax=0.404326 valid_micro_fmax=0.443068
epoch=15 loss=0.097694 validation_macro_fmax=0.414270 valid_micro_fmax=0.463352
epoch=16 loss=0.088477 validation_macro_fmax=0.402280 valid_micro_fmax=0.464030
Early stopping after 16 epochs (patience=9)
GPU completion: NVIDIA L40S, 15463, 46068, 0
