GPU: NVIDIA L40S
CUDA tensor check: 8.0
Wed Jul 15 19:18:30 2026       
+-----------------------------------------------------------------------------------------+
| NVIDIA-SMI 560.35.03              Driver Version: 560.35.03      CUDA Version: 12.6     |
|-----------------------------------------+------------------------+----------------------+
| GPU  Name                 Persistence-M | Bus-Id          Disp.A | Volatile Uncorr. ECC |
| Fan  Temp   Perf          Pwr:Usage/Cap |           Memory-Usage | GPU-Util  Compute M. |
|                                         |                        |               MIG M. |
|=========================================+========================+======================|
|   0  NVIDIA L40S                    On  |   00000000:B5:00.0 Off |                    0 |
| N/A   45C    P0             47W /  350W |     503MiB /  46068MiB |      5%      Default |
|                                         |                        |                  N/A |
+-----------------------------------------+------------------------+----------------------+
                                                                                         
+-----------------------------------------------------------------------------------------+
| Processes:                                                                              |
|  GPU   GI   CI        PID   Type   Process name                              GPU Memory |
|        ID   ID                                                               Usage      |
|=========================================================================================|
|    0   N/A  N/A   3220556      C   python3                                       494MiB |
+-----------------------------------------------------------------------------------------+
CUDA verified: NVIDIA L40S; tensor dot product=8.0
GPU startup: NVIDIA L40S, 533, 46068, 0
Loaded train=6026, valid=754; reserved test set is not loaded
epoch=1 loss=0.923902 valid_micro_fmax=0.157195
epoch=2 loss=0.729676 valid_micro_fmax=0.191244
epoch=3 loss=0.594829 valid_micro_fmax=0.236168
epoch=4 loss=0.407893 valid_micro_fmax=0.264380
epoch=5 loss=0.240052 valid_micro_fmax=0.331067
epoch=6 loss=0.139825 valid_micro_fmax=0.342445
epoch=7 loss=0.089261 valid_micro_fmax=0.337838
epoch=8 loss=0.061477 valid_micro_fmax=0.376982
epoch=9 loss=0.044330 valid_micro_fmax=0.370787
epoch=10 loss=0.034283 valid_micro_fmax=0.376823
epoch=11 loss=0.026240 valid_micro_fmax=0.392669
epoch=12 loss=0.020777 valid_micro_fmax=0.383319
epoch=13 loss=0.018639 valid_micro_fmax=0.391941
epoch=14 loss=0.140594 valid_micro_fmax=0.283507
epoch=15 loss=0.048143 valid_micro_fmax=0.308359
epoch=16 loss=0.027169 valid_micro_fmax=0.317450
epoch=17 loss=0.021192 valid_micro_fmax=0.325667
epoch=18 loss=0.019864 valid_micro_fmax=0.328517
epoch=19 loss=0.013999 valid_micro_fmax=0.348480
epoch=20 loss=0.012404 valid_micro_fmax=0.333961
Early stopping after 20 epochs (patience=9)
GPU completion: NVIDIA L40S, 37409, 46068, 0
