{
  "selection_data": "validation only",
  "selection_metric": "validation_macro_fmax",
  "split": "nominal 30% identity / 80% coverage split",
  "ontologies": {
    "molecular_function": {
      "trial": "trial_011",
      "selection_metric": "validation_macro_fmax",
      "validation_macro_fmax": 0.3632111125695734,
      "config": {
        "learning_rate": 0.0003377348785134729,
        "weight_decay": 8.266805481657407e-06,
        "dropout": 0.4,
        "hidden_dim": 512,
        "batch_size": 16,
        "gradient_clip": 1.0,
        "patience": 8,
        "loss": "BCE",
        "focal_gamma": null
      },
      "validation_metrics": {
        "validation_micro_fmax": 0.329761904761408,
        "validation_macro_fmax": 0.3632111125695734,
        "validation_micro_aupr": 0.25896127911385536,
        "validation_macro_aupr": 0.29573647106845896,
        "validation_micro_auroc": 0.8215513921954093,
        "validation_macro_auroc": 0.7804773679256871,
        "validation_smin": 25.56063938863193,
        "validation_micro_fmax_threshold": 0.8054719567298889,
        "validation_rare_term_micro_fmax_train_count_1_to_10": 0.08132780082939085,
        "rare_term_count": 495,
        "brier_score": 0.008158566430211067,
        "expected_calibration_error_10_bins": 0.008372164162212647,
        "threshold_sensitivity": [
          {
            "threshold": 0.1,
            "micro_f1": 0.20742851527955192
          },
          {
            "threshold": 0.2,
            "micro_f1": 0.2557393546763947
          },
          {
            "threshold": 0.3,
            "micro_f1": 0.2796560769454969
          },
          {
            "threshold": 0.4,
            "micro_f1": 0.29715950473415875
          },
          {
            "threshold": 0.5,
            "micro_f1": 0.3071738937660725
          },
          {
            "threshold": 0.6,
            "micro_f1": 0.31766423357664225
          },
          {
            "threshold": 0.7,
            "micro_f1": 0.31982313927781864
          },
          {
            "threshold": 0.8,
            "micro_f1": 0.3285343403351427
          },
          {
            "threshold": 0.9,
            "micro_f1": 0.30813240702901507
          }
        ]
      }
    },
    "biological_process": {
      "trial": "trial_014",
      "selection_metric": "validation_macro_fmax",
      "validation_macro_fmax": 0.2895463354728342,
      "config": {
        "learning_rate": 5.462490060476474e-05,
        "weight_decay": 1.0333998491320167e-07,
        "dropout": 0.2,
        "hidden_dim": 512,
        "batch_size": 32,
        "gradient_clip": 5.0,
        "patience": 10,
        "loss": "Focal",
        "focal_gamma": 1
      },
      "validation_metrics": {
        "validation_micro_fmax": 0.3107841650230419,
        "validation_macro_fmax": 0.2895463354728342,
        "validation_micro_aupr": 0.245313290626212,
        "validation_macro_aupr": 0.22188439700125545,
        "validation_micro_auroc": 0.816514979980746,
        "validation_macro_auroc": 0.6890690754998746,
        "validation_smin": 39.578486369594714,
        "validation_micro_fmax_threshold": 0.7252658605575562,
        "validation_rare_term_micro_fmax_train_count_1_to_10": 0.5635359116017957,
        "rare_term_count": 979,
        "brier_score": 0.015963368117809296,
        "expected_calibration_error_10_bins": 0.07738504875724003,
        "threshold_sensitivity": [
          {
            "threshold": 0.1,
            "micro_f1": 0.029347844159052203
          },
          {
            "threshold": 0.2,
            "micro_f1": 0.0822852452568849
          },
          {
            "threshold": 0.3,
            "micro_f1": 0.14296524611948838
          },
          {
            "threshold": 0.4,
            "micro_f1": 0.19200824017692145
          },
          {
            "threshold": 0.5,
            "micro_f1": 0.23506442795782898
          },
          {
            "threshold": 0.6,
            "micro_f1": 0.28143643873336394
          },
          {
            "threshold": 0.7,
            "micro_f1": 0.3075699515580941
          },
          {
            "threshold": 0.8,
            "micro_f1": 0.3065300451545675
          },
          {
            "threshold": 0.9,
            "micro_f1": 0.2626547247660259
          }
        ]
      }
    },
    "cellular_component": {
      "trial": "trial_033",
      "selection_metric": "validation_macro_fmax",
      "validation_macro_fmax": 0.4194350341760455,
      "config": {
        "learning_rate": 0.0027705153087256443,
        "weight_decay": 4.5960195338023743e-07,
        "dropout": 0.2,
        "hidden_dim": 128,
        "batch_size": 64,
        "gradient_clip": 0.5,
        "patience": 9,
        "loss": "Focal",
        "focal_gamma": 3
      },
      "validation_metrics": {
        "validation_micro_fmax": 0.45227931087006773,
        "validation_macro_fmax": 0.4194350341760455,
        "validation_micro_aupr": 0.3222751720765196,
        "validation_macro_aupr": 0.32093257005246884,
        "validation_micro_auroc": 0.8241371157692841,
        "validation_macro_auroc": 0.6502823175879506,
        "validation_smin": 32.048100093324315,
        "validation_micro_fmax_threshold": 0.5778777599334717,
        "validation_rare_term_micro_fmax_train_count_1_to_10": 0.38961038960994226,
        "rare_term_count": 95,
        "brier_score": 0.06025604531168938,
        "expected_calibration_error_10_bins": 0.10767392013293135,
        "threshold_sensitivity": [
          {
            "threshold": 0.1,
            "micro_f1": 0.17124724061810154
          },
          {
            "threshold": 0.2,
            "micro_f1": 0.26080343562673347
          },
          {
            "threshold": 0.3,
            "micro_f1": 0.33170015670561165
          },
          {
            "threshold": 0.4,
            "micro_f1": 0.39186485322797154
          },
          {
            "threshold": 0.5,
            "micro_f1": 0.42983565107458915
          },
          {
            "threshold": 0.6,
            "micro_f1": 0.45025883863718447
          },
          {
            "threshold": 0.7,
            "micro_f1": 0.35714665108620597
          },
          {
            "threshold": 0.8,
            "micro_f1": 0.16535488903070267
          },
          {
            "threshold": 0.9,
            "micro_f1": 0.03178920526986825
          }
        ]
      }
    }
  }
}
