GPU: NVIDIA L40S
CUDA tensor check: 8.0
Sun Jul 19 21:47:24 2026       
+-----------------------------------------------------------------------------------------+
| NVIDIA-SMI 560.35.03              Driver Version: 560.35.03      CUDA Version: 12.6     |
|-----------------------------------------+------------------------+----------------------+
| GPU  Name                 Persistence-M | Bus-Id          Disp.A | Volatile Uncorr. ECC |
| Fan  Temp   Perf          Pwr:Usage/Cap |           Memory-Usage | GPU-Util  Compute M. |
|                                         |                        |               MIG M. |
|=========================================+========================+======================|
|   0  NVIDIA L40S                    On  |   00000000:B5:00.0 Off |                    0 |
| N/A   45C    P0             41W /  350W |     503MiB /  46068MiB |      0%      Default |
|                                         |                        |                  N/A |
+-----------------------------------------+------------------------+----------------------+
                                                                                         
+-----------------------------------------------------------------------------------------+
| Processes:                                                                              |
|  GPU   GI   CI        PID   Type   Process name                              GPU Memory |
|        ID   ID                                                               Usage      |
|=========================================================================================|
|    0   N/A  N/A   1587464      C   python3                                       494MiB |
+-----------------------------------------------------------------------------------------+
CUDA verified: NVIDIA L40S; tensor dot product=8.0
GPU startup: NVIDIA L40S, 533, 46068, 5
Loaded train=6026, valid=754; reserved test set is not loaded
epoch=1 loss=0.305826 validation_macro_fmax=0.151893 valid_micro_fmax=0.017720
epoch=2 loss=0.231935 validation_macro_fmax=0.215076 valid_micro_fmax=0.038434
epoch=3 loss=0.212623 validation_macro_fmax=0.249240 valid_micro_fmax=0.054966
epoch=4 loss=0.202257 validation_macro_fmax=0.270451 valid_micro_fmax=0.066366
epoch=5 loss=0.194671 validation_macro_fmax=0.285899 valid_micro_fmax=0.081293
epoch=6 loss=0.187703 validation_macro_fmax=0.296206 valid_micro_fmax=0.086670
epoch=7 loss=0.180918 validation_macro_fmax=0.301159 valid_micro_fmax=0.089128
epoch=8 loss=0.173251 validation_macro_fmax=0.310866 valid_micro_fmax=0.100739
epoch=9 loss=0.164363 validation_macro_fmax=0.315639 valid_micro_fmax=0.104236
epoch=10 loss=0.153788 validation_macro_fmax=0.321531 valid_micro_fmax=0.107304
epoch=11 loss=0.142233 validation_macro_fmax=0.326671 valid_micro_fmax=0.118939
epoch=12 loss=0.129507 validation_macro_fmax=0.335878 valid_micro_fmax=0.127802
epoch=13 loss=0.116342 validation_macro_fmax=0.353639 valid_micro_fmax=0.128295
epoch=14 loss=0.102916 validation_macro_fmax=0.344727 valid_micro_fmax=0.141214
epoch=15 loss=0.090317 validation_macro_fmax=0.362424 valid_micro_fmax=0.164930
epoch=16 loss=0.078388 validation_macro_fmax=0.346278 valid_micro_fmax=0.162481
epoch=17 loss=0.067685 validation_macro_fmax=0.362808 valid_micro_fmax=0.185514
epoch=18 loss=0.058005 validation_macro_fmax=0.372325 valid_micro_fmax=0.186685
epoch=19 loss=0.049629 validation_macro_fmax=0.376114 valid_micro_fmax=0.198612
epoch=20 loss=0.042521 validation_macro_fmax=0.370924 valid_micro_fmax=0.208667
epoch=21 loss=0.036187 validation_macro_fmax=0.378892 valid_micro_fmax=0.227286
epoch=22 loss=0.030850 validation_macro_fmax=0.377562 valid_micro_fmax=0.229133
epoch=23 loss=0.026601 validation_macro_fmax=0.384376 valid_micro_fmax=0.237488
epoch=24 loss=0.023057 validation_macro_fmax=0.384328 valid_micro_fmax=0.251304
epoch=25 loss=0.019610 validation_macro_fmax=0.381586 valid_micro_fmax=0.260031
epoch=26 loss=0.017103 validation_macro_fmax=0.382094 valid_micro_fmax=0.253787
epoch=27 loss=0.014803 validation_macro_fmax=0.386220 valid_micro_fmax=0.273173
epoch=28 loss=0.012950 validation_macro_fmax=0.380694 valid_micro_fmax=0.262009
epoch=29 loss=0.011181 validation_macro_fmax=0.383263 valid_micro_fmax=0.284277
epoch=30 loss=0.009954 validation_macro_fmax=0.389409 valid_micro_fmax=0.279060
epoch=31 loss=0.008711 validation_macro_fmax=0.388028 valid_micro_fmax=0.301051
epoch=32 loss=0.007764 validation_macro_fmax=0.395055 valid_micro_fmax=0.298052
epoch=33 loss=0.006732 validation_macro_fmax=0.396285 valid_micro_fmax=0.296617
epoch=34 loss=0.006026 validation_macro_fmax=0.403641 valid_micro_fmax=0.285854
epoch=35 loss=0.005355 validation_macro_fmax=0.393362 valid_micro_fmax=0.310253
epoch=36 loss=0.004909 validation_macro_fmax=0.402260 valid_micro_fmax=0.296786
epoch=37 loss=0.004387 validation_macro_fmax=0.398742 valid_micro_fmax=0.286029
epoch=38 loss=0.003902 validation_macro_fmax=0.408227 valid_micro_fmax=0.300072
epoch=39 loss=0.003459 validation_macro_fmax=0.396936 valid_micro_fmax=0.311221
epoch=40 loss=0.003138 validation_macro_fmax=0.398580 valid_micro_fmax=0.305187
epoch=41 loss=0.002902 validation_macro_fmax=0.393390 valid_micro_fmax=0.316043
epoch=42 loss=0.002650 validation_macro_fmax=0.392930 valid_micro_fmax=0.308858
epoch=43 loss=0.002312 validation_macro_fmax=0.394015 valid_micro_fmax=0.312327
epoch=44 loss=0.002138 validation_macro_fmax=0.389432 valid_micro_fmax=0.306886
epoch=45 loss=0.002025 validation_macro_fmax=0.395237 valid_micro_fmax=0.308839
epoch=46 loss=0.001849 validation_macro_fmax=0.388138 valid_micro_fmax=0.309547
epoch=47 loss=0.001649 validation_macro_fmax=0.394702 valid_micro_fmax=0.317809
Early stopping after 47 epochs (patience=9)
GPU completion: NVIDIA L40S, 40969, 46068, 0
