GPU: NVIDIA L40S
CUDA tensor check: 8.0
Sun Jul 19 11:42:20 2026       
+-----------------------------------------------------------------------------------------+
| NVIDIA-SMI 560.35.03              Driver Version: 560.35.03      CUDA Version: 12.6     |
|-----------------------------------------+------------------------+----------------------+
| GPU  Name                 Persistence-M | Bus-Id          Disp.A | Volatile Uncorr. ECC |
| Fan  Temp   Perf          Pwr:Usage/Cap |           Memory-Usage | GPU-Util  Compute M. |
|                                         |                        |               MIG M. |
|=========================================+========================+======================|
|   0  NVIDIA L40S                    On  |   00000000:B5:00.0 Off |                    0 |
| N/A   50C    P0             41W /  350W |     503MiB /  46068MiB |      0%      Default |
|                                         |                        |                  N/A |
+-----------------------------------------+------------------------+----------------------+
                                                                                         
+-----------------------------------------------------------------------------------------+
| Processes:                                                                              |
|  GPU   GI   CI        PID   Type   Process name                              GPU Memory |
|        ID   ID                                                               Usage      |
|=========================================================================================|
|    0   N/A  N/A    866842      C   python3                                       494MiB |
+-----------------------------------------------------------------------------------------+
CUDA verified: NVIDIA L40S; tensor dot product=8.0
GPU startup: NVIDIA L40S, 533, 46068, 5
Loaded train=6026, valid=754; reserved test set is not loaded
epoch=1 loss=0.302313 validation_macro_fmax=0.156457 valid_micro_fmax=0.023447
epoch=2 loss=0.224121 validation_macro_fmax=0.209778 valid_micro_fmax=0.049434
epoch=3 loss=0.190859 validation_macro_fmax=0.227269 valid_micro_fmax=0.077550
epoch=4 loss=0.155384 validation_macro_fmax=0.252629 valid_micro_fmax=0.109197
epoch=5 loss=0.116390 validation_macro_fmax=0.270375 valid_micro_fmax=0.139419
epoch=6 loss=0.082441 validation_macro_fmax=0.281572 valid_micro_fmax=0.189219
epoch=7 loss=0.059044 validation_macro_fmax=0.284478 valid_micro_fmax=0.213349
epoch=8 loss=0.043012 validation_macro_fmax=0.282035 valid_micro_fmax=0.205281
epoch=9 loss=0.031788 validation_macro_fmax=0.290682 valid_micro_fmax=0.214108
epoch=10 loss=0.025190 validation_macro_fmax=0.291525 valid_micro_fmax=0.236495
epoch=11 loss=0.020174 validation_macro_fmax=0.307784 valid_micro_fmax=0.234139
epoch=12 loss=0.017320 validation_macro_fmax=0.295071 valid_micro_fmax=0.235768
epoch=13 loss=0.014587 validation_macro_fmax=0.315793 valid_micro_fmax=0.264901
epoch=14 loss=0.011949 validation_macro_fmax=0.314233 valid_micro_fmax=0.263051
epoch=15 loss=0.010488 validation_macro_fmax=0.298189 valid_micro_fmax=0.259736
epoch=16 loss=0.009305 validation_macro_fmax=0.317270 valid_micro_fmax=0.255172
epoch=17 loss=0.008243 validation_macro_fmax=0.313160 valid_micro_fmax=0.285551
epoch=18 loss=0.007590 validation_macro_fmax=0.307421 valid_micro_fmax=0.263231
epoch=19 loss=0.006975 validation_macro_fmax=0.316358 valid_micro_fmax=0.276461
epoch=20 loss=0.006121 validation_macro_fmax=0.300697 valid_micro_fmax=0.262973
epoch=21 loss=0.005967 validation_macro_fmax=0.300263 valid_micro_fmax=0.265269
epoch=22 loss=0.005682 validation_macro_fmax=0.315766 valid_micro_fmax=0.267400
epoch=23 loss=0.004709 validation_macro_fmax=0.312341 valid_micro_fmax=0.270042
epoch=24 loss=0.004753 validation_macro_fmax=0.311077 valid_micro_fmax=0.280086
Early stopping after 24 epochs (patience=8)
GPU completion: NVIDIA L40S, 24807, 46068, 0
