GPU: NVIDIA L40S
CUDA tensor check: 8.0
Wed Jul 15 18:53:32 2026       
+-----------------------------------------------------------------------------------------+
| NVIDIA-SMI 560.35.03              Driver Version: 560.35.03      CUDA Version: 12.6     |
|-----------------------------------------+------------------------+----------------------+
| GPU  Name                 Persistence-M | Bus-Id          Disp.A | Volatile Uncorr. ECC |
| Fan  Temp   Perf          Pwr:Usage/Cap |           Memory-Usage | GPU-Util  Compute M. |
|                                         |                        |               MIG M. |
|=========================================+========================+======================|
|   0  NVIDIA L40S                    On  |   00000000:0D:00.0 Off |                    0 |
| N/A   44C    P0             45W /  350W |     503MiB /  46068MiB |      5%      Default |
|                                         |                        |                  N/A |
+-----------------------------------------+------------------------+----------------------+
                                                                                         
+-----------------------------------------------------------------------------------------+
| Processes:                                                                              |
|  GPU   GI   CI        PID   Type   Process name                              GPU Memory |
|        ID   ID                                                               Usage      |
|=========================================================================================|
|    0   N/A  N/A     60968      C   python3                                       494MiB |
+-----------------------------------------------------------------------------------------+
CUDA verified: NVIDIA L40S; tensor dot product=8.0
GPU startup: NVIDIA L40S, 533, 46068, 0
Loaded train=6026, valid=754; reserved test set is not loaded
epoch=1 loss=0.329553 valid_micro_fmax=0.012098
epoch=2 loss=0.259490 valid_micro_fmax=0.024498
epoch=3 loss=0.235573 valid_micro_fmax=0.040353
epoch=4 loss=0.222006 valid_micro_fmax=0.059650
epoch=5 loss=0.212847 valid_micro_fmax=0.071434
epoch=6 loss=0.204000 valid_micro_fmax=0.087630
epoch=7 loss=0.197031 valid_micro_fmax=0.090788
epoch=8 loss=0.190026 valid_micro_fmax=0.106711
epoch=9 loss=0.182410 valid_micro_fmax=0.125282
epoch=10 loss=0.174171 valid_micro_fmax=0.115829
epoch=11 loss=0.164812 valid_micro_fmax=0.127378
epoch=12 loss=0.154781 valid_micro_fmax=0.162022
epoch=13 loss=0.143684 valid_micro_fmax=0.138203
epoch=14 loss=0.131685 valid_micro_fmax=0.154999
epoch=15 loss=0.119818 valid_micro_fmax=0.155662
epoch=16 loss=0.107984 valid_micro_fmax=0.182331
epoch=17 loss=0.096222 valid_micro_fmax=0.218063
epoch=18 loss=0.085109 valid_micro_fmax=0.217675
epoch=19 loss=0.074905 valid_micro_fmax=0.195629
epoch=20 loss=0.066175 valid_micro_fmax=0.249918
epoch=21 loss=0.057555 valid_micro_fmax=0.246362
epoch=22 loss=0.050299 valid_micro_fmax=0.241910
epoch=23 loss=0.044078 valid_micro_fmax=0.241601
epoch=24 loss=0.038723 valid_micro_fmax=0.244669
epoch=25 loss=0.033999 valid_micro_fmax=0.269216
