GPU: NVIDIA L40S
CUDA tensor check: 8.0
Fri Jul 17 00:12:22 2026       
+-----------------------------------------------------------------------------------------+
| NVIDIA-SMI 560.35.03              Driver Version: 560.35.03      CUDA Version: 12.6     |
|-----------------------------------------+------------------------+----------------------+
| GPU  Name                 Persistence-M | Bus-Id          Disp.A | Volatile Uncorr. ECC |
| Fan  Temp   Perf          Pwr:Usage/Cap |           Memory-Usage | GPU-Util  Compute M. |
|                                         |                        |               MIG M. |
|=========================================+========================+======================|
|   0  NVIDIA L40S                    On  |   00000000:B5:00.0 Off |                    0 |
| N/A   51C    P0             41W /  350W |     503MiB /  46068MiB |      1%      Default |
|                                         |                        |                  N/A |
+-----------------------------------------+------------------------+----------------------+
                                                                                         
+-----------------------------------------------------------------------------------------+
| Processes:                                                                              |
|  GPU   GI   CI        PID   Type   Process name                              GPU Memory |
|        ID   ID                                                               Usage      |
|=========================================================================================|
|    0   N/A  N/A   1640030      C   python3                                       494MiB |
+-----------------------------------------------------------------------------------------+
CUDA verified: NVIDIA L40S; tensor dot product=8.0
GPU startup: NVIDIA L40S, 533, 46068, 1
Loaded train=6026, valid=754; reserved test set is not loaded
epoch=1 loss=0.554071 validation_macro_fmax=0.268341 valid_micro_fmax=0.179236
epoch=2 loss=0.449088 validation_macro_fmax=0.278453 valid_micro_fmax=0.213953
epoch=3 loss=0.420091 validation_macro_fmax=0.323512 valid_micro_fmax=0.248469
epoch=4 loss=0.397573 validation_macro_fmax=0.341335 valid_micro_fmax=0.267649
epoch=5 loss=0.376937 validation_macro_fmax=0.338928 valid_micro_fmax=0.288578
epoch=6 loss=0.358394 validation_macro_fmax=0.333230 valid_micro_fmax=0.311756
epoch=7 loss=0.338748 validation_macro_fmax=0.332953 valid_micro_fmax=0.301435
epoch=8 loss=0.313664 validation_macro_fmax=0.336727 valid_micro_fmax=0.296397
epoch=9 loss=0.286472 validation_macro_fmax=0.335758 valid_micro_fmax=0.352252
epoch=10 loss=0.256410 validation_macro_fmax=0.331361 valid_micro_fmax=0.361522
epoch=11 loss=0.225476 validation_macro_fmax=0.340679 valid_micro_fmax=0.370662
epoch=12 loss=0.193762 validation_macro_fmax=0.349102 valid_micro_fmax=0.357487
epoch=13 loss=0.162479 validation_macro_fmax=0.336047 valid_micro_fmax=0.394412
epoch=14 loss=0.137945 validation_macro_fmax=0.340999 valid_micro_fmax=0.399254
epoch=15 loss=0.117282 validation_macro_fmax=0.346524 valid_micro_fmax=0.425085
epoch=16 loss=0.097702 validation_macro_fmax=0.350177 valid_micro_fmax=0.446621
epoch=17 loss=0.083107 validation_macro_fmax=0.338464 valid_micro_fmax=0.438832
epoch=18 loss=0.071255 validation_macro_fmax=0.354808 valid_micro_fmax=0.427127
epoch=19 loss=0.061271 validation_macro_fmax=0.351531 valid_micro_fmax=0.456380
epoch=20 loss=0.051947 validation_macro_fmax=0.357596 valid_micro_fmax=0.442465
epoch=21 loss=0.046035 validation_macro_fmax=0.361569 valid_micro_fmax=0.441438
epoch=22 loss=0.040336 validation_macro_fmax=0.348136 valid_micro_fmax=0.443335
epoch=23 loss=0.037124 validation_macro_fmax=0.369880 valid_micro_fmax=0.461418
epoch=24 loss=0.035602 validation_macro_fmax=0.377253 valid_micro_fmax=0.457612
epoch=25 loss=0.033420 validation_macro_fmax=0.362918 valid_micro_fmax=0.451090
epoch=26 loss=0.029127 validation_macro_fmax=0.356828 valid_micro_fmax=0.438865
epoch=27 loss=0.024832 validation_macro_fmax=0.373038 valid_micro_fmax=0.467101
epoch=28 loss=0.024392 validation_macro_fmax=0.357059 valid_micro_fmax=0.451361
epoch=29 loss=0.021101 validation_macro_fmax=0.380038 valid_micro_fmax=0.471151
epoch=30 loss=0.018934 validation_macro_fmax=0.371489 valid_micro_fmax=0.468970
epoch=31 loss=0.017453 validation_macro_fmax=0.360090 valid_micro_fmax=0.456182
epoch=32 loss=0.015754 validation_macro_fmax=0.369047 valid_micro_fmax=0.472091
epoch=33 loss=0.014135 validation_macro_fmax=0.355156 valid_micro_fmax=0.466907
epoch=34 loss=0.013012 validation_macro_fmax=0.363609 valid_micro_fmax=0.465519
epoch=35 loss=0.012910 validation_macro_fmax=0.379496 valid_micro_fmax=0.457494
epoch=36 loss=0.011751 validation_macro_fmax=0.370544 valid_micro_fmax=0.471765
epoch=37 loss=0.010930 validation_macro_fmax=0.377757 valid_micro_fmax=0.467301
epoch=38 loss=0.012264 validation_macro_fmax=0.361594 valid_micro_fmax=0.481042
Early stopping after 38 epochs (patience=9)
GPU completion: NVIDIA L40S, 29977, 46068, 0
