GPU: NVIDIA L40S
CUDA tensor check: 8.0
Sat Jul 18 17:44:19 2026       
+-----------------------------------------------------------------------------------------+
| NVIDIA-SMI 560.35.03              Driver Version: 560.35.03      CUDA Version: 12.6     |
|-----------------------------------------+------------------------+----------------------+
| GPU  Name                 Persistence-M | Bus-Id          Disp.A | Volatile Uncorr. ECC |
| Fan  Temp   Perf          Pwr:Usage/Cap |           Memory-Usage | GPU-Util  Compute M. |
|                                         |                        |               MIG M. |
|=========================================+========================+======================|
|   0  NVIDIA L40S                    On  |   00000000:B5:00.0 Off |                    0 |
| N/A   55C    P0             48W /  350W |     503MiB /  46068MiB |      0%      Default |
|                                         |                        |                  N/A |
+-----------------------------------------+------------------------+----------------------+
                                                                                         
+-----------------------------------------------------------------------------------------+
| Processes:                                                                              |
|  GPU   GI   CI        PID   Type   Process name                              GPU Memory |
|        ID   ID                                                               Usage      |
|=========================================================================================|
|    0   N/A  N/A    308296      C   python3                                       494MiB |
+-----------------------------------------------------------------------------------------+
CUDA verified: NVIDIA L40S; tensor dot product=8.0
GPU startup: NVIDIA L40S, 533, 46068, 5
Loaded train=6026, valid=754; reserved test set is not loaded
epoch=1 loss=0.301443 validation_macro_fmax=0.191998 valid_micro_fmax=0.038632
epoch=2 loss=0.223555 validation_macro_fmax=0.268280 valid_micro_fmax=0.096625
epoch=3 loss=0.190557 validation_macro_fmax=0.296497 valid_micro_fmax=0.111265
epoch=4 loss=0.154605 validation_macro_fmax=0.306868 valid_micro_fmax=0.150859
epoch=5 loss=0.115154 validation_macro_fmax=0.334479 valid_micro_fmax=0.148495
epoch=6 loss=0.081626 validation_macro_fmax=0.343184 valid_micro_fmax=0.170167
epoch=7 loss=0.057802 validation_macro_fmax=0.336280 valid_micro_fmax=0.168514
epoch=8 loss=0.041868 validation_macro_fmax=0.353394 valid_micro_fmax=0.208006
epoch=9 loss=0.031735 validation_macro_fmax=0.352454 valid_micro_fmax=0.205993
epoch=10 loss=0.025208 validation_macro_fmax=0.339234 valid_micro_fmax=0.213311
epoch=11 loss=0.020068 validation_macro_fmax=0.333526 valid_micro_fmax=0.225464
epoch=12 loss=0.016492 validation_macro_fmax=0.336848 valid_micro_fmax=0.263198
epoch=13 loss=0.013775 validation_macro_fmax=0.336225 valid_micro_fmax=0.232306
epoch=14 loss=0.011866 validation_macro_fmax=0.338066 valid_micro_fmax=0.247747
epoch=15 loss=0.010716 validation_macro_fmax=0.330767 valid_micro_fmax=0.254889
epoch=16 loss=0.009622 validation_macro_fmax=0.345076 valid_micro_fmax=0.267102
Early stopping after 16 epochs (patience=8)
GPU completion: NVIDIA L40S, 31163, 46068, 0
