GPU: NVIDIA L40S
CUDA tensor check: 8.0
Sat Jul 18 15:40:33 2026       
+-----------------------------------------------------------------------------------------+
| NVIDIA-SMI 560.35.03              Driver Version: 560.35.03      CUDA Version: 12.6     |
|-----------------------------------------+------------------------+----------------------+
| GPU  Name                 Persistence-M | Bus-Id          Disp.A | Volatile Uncorr. ECC |
| Fan  Temp   Perf          Pwr:Usage/Cap |           Memory-Usage | GPU-Util  Compute M. |
|                                         |                        |               MIG M. |
|=========================================+========================+======================|
|   0  NVIDIA L40S                    On  |   00000000:0D:00.0 Off |                    0 |
| N/A   44C    P0             42W /  350W |     503MiB /  46068MiB |      0%      Default |
|                                         |                        |                  N/A |
+-----------------------------------------+------------------------+----------------------+
                                                                                         
+-----------------------------------------------------------------------------------------+
| Processes:                                                                              |
|  GPU   GI   CI        PID   Type   Process name                              GPU Memory |
|        ID   ID                                                               Usage      |
|=========================================================================================|
|    0   N/A  N/A    244263      C   python3                                       494MiB |
+-----------------------------------------------------------------------------------------+
CUDA verified: NVIDIA L40S; tensor dot product=8.0
GPU startup: NVIDIA L40S, 533, 46068, 2
Loaded train=6026, valid=754; reserved test set is not loaded
epoch=1 loss=0.873309 validation_macro_fmax=0.271023 valid_micro_fmax=0.032438
epoch=2 loss=0.441775 validation_macro_fmax=0.251592 valid_micro_fmax=0.088796
epoch=3 loss=0.257318 validation_macro_fmax=0.279723 valid_micro_fmax=0.109510
epoch=4 loss=0.183818 validation_macro_fmax=0.273226 valid_micro_fmax=0.129038
epoch=5 loss=0.139920 validation_macro_fmax=0.240718 valid_micro_fmax=0.134588
epoch=6 loss=0.114536 validation_macro_fmax=0.244590 valid_micro_fmax=0.149223
epoch=7 loss=0.088875 validation_macro_fmax=0.273306 valid_micro_fmax=0.147528
epoch=8 loss=0.068017 validation_macro_fmax=0.263611 valid_micro_fmax=0.187325
epoch=9 loss=0.078151 validation_macro_fmax=0.237335 valid_micro_fmax=0.159624
epoch=10 loss=0.054196 validation_macro_fmax=0.246900 valid_micro_fmax=0.193772
epoch=11 loss=0.058664 validation_macro_fmax=0.238362 valid_micro_fmax=0.177729
epoch=12 loss=0.068388 validation_macro_fmax=0.287429 valid_micro_fmax=0.193138
epoch=13 loss=0.046371 validation_macro_fmax=0.273269 valid_micro_fmax=0.166266
epoch=14 loss=0.042234 validation_macro_fmax=0.236521 valid_micro_fmax=0.179233
epoch=15 loss=0.078964 validation_macro_fmax=0.229380 valid_micro_fmax=0.153343
epoch=16 loss=0.044350 validation_macro_fmax=0.212124 valid_micro_fmax=0.160663
epoch=17 loss=0.048246 validation_macro_fmax=0.224502 valid_micro_fmax=0.143702
epoch=18 loss=0.034695 validation_macro_fmax=0.206612 valid_micro_fmax=0.169699
epoch=19 loss=0.022576 validation_macro_fmax=0.232191 valid_micro_fmax=0.168962
epoch=20 loss=0.058801 validation_macro_fmax=0.249721 valid_micro_fmax=0.153424
epoch=21 loss=0.030172 validation_macro_fmax=0.218963 valid_micro_fmax=0.174809
epoch=22 loss=0.026086 validation_macro_fmax=0.211420 valid_micro_fmax=0.187252
Early stopping after 22 epochs (patience=10)
GPU completion: NVIDIA L40S, 42639, 46068, 0
