GPU: NVIDIA L40S
CUDA tensor check: 8.0
Thu Jul 16 17:35:12 2026       
+-----------------------------------------------------------------------------------------+
| NVIDIA-SMI 560.35.03              Driver Version: 560.35.03      CUDA Version: 12.6     |
|-----------------------------------------+------------------------+----------------------+
| GPU  Name                 Persistence-M | Bus-Id          Disp.A | Volatile Uncorr. ECC |
| Fan  Temp   Perf          Pwr:Usage/Cap |           Memory-Usage | GPU-Util  Compute M. |
|                                         |                        |               MIG M. |
|=========================================+========================+======================|
|   0  NVIDIA L40S                    On  |   00000000:0D:00.0 Off |                    0 |
| N/A   42C    P0             43W /  350W |     503MiB /  46068MiB |      5%      Default |
|                                         |                        |                  N/A |
+-----------------------------------------+------------------------+----------------------+
                                                                                         
+-----------------------------------------------------------------------------------------+
| Processes:                                                                              |
|  GPU   GI   CI        PID   Type   Process name                              GPU Memory |
|        ID   ID                                                               Usage      |
|=========================================================================================|
|    0   N/A  N/A   1641357      C   python3                                       494MiB |
+-----------------------------------------------------------------------------------------+
CUDA verified: NVIDIA L40S; tensor dot product=8.0
GPU startup: NVIDIA L40S, 533, 46068, 5
Loaded train=6026, valid=754; reserved test set is not loaded
epoch=1 loss=0.796847 validation_macro_fmax=0.232762 valid_micro_fmax=0.107409
epoch=2 loss=0.335366 validation_macro_fmax=0.271338 valid_micro_fmax=0.099111
epoch=3 loss=0.193813 validation_macro_fmax=0.265428 valid_micro_fmax=0.151263
epoch=4 loss=0.149601 validation_macro_fmax=0.288344 valid_micro_fmax=0.168522
epoch=5 loss=0.117159 validation_macro_fmax=0.300949 valid_micro_fmax=0.147417
epoch=6 loss=0.094503 validation_macro_fmax=0.327302 valid_micro_fmax=0.199191
epoch=7 loss=0.078697 validation_macro_fmax=0.326848 valid_micro_fmax=0.190982
epoch=8 loss=0.075446 validation_macro_fmax=0.296993 valid_micro_fmax=0.168120
epoch=9 loss=0.077843 validation_macro_fmax=0.308736 valid_micro_fmax=0.207637
epoch=10 loss=0.063419 validation_macro_fmax=0.304157 valid_micro_fmax=0.174705
epoch=11 loss=0.051479 validation_macro_fmax=0.280741 valid_micro_fmax=0.136503
epoch=12 loss=0.057516 validation_macro_fmax=0.307613 valid_micro_fmax=0.159284
epoch=13 loss=0.048542 validation_macro_fmax=0.304092 valid_micro_fmax=0.148005
epoch=14 loss=0.042602 validation_macro_fmax=0.290460 valid_micro_fmax=0.226421
Early stopping after 14 epochs (patience=8)
GPU completion: NVIDIA L40S, 19579, 46068, 0
