GPU: NVIDIA L40S
CUDA tensor check: 8.0
Mon Jul 20 05:34:47 2026       
+-----------------------------------------------------------------------------------------+
| NVIDIA-SMI 560.35.03              Driver Version: 560.35.03      CUDA Version: 12.6     |
|-----------------------------------------+------------------------+----------------------+
| GPU  Name                 Persistence-M | Bus-Id          Disp.A | Volatile Uncorr. ECC |
| Fan  Temp   Perf          Pwr:Usage/Cap |           Memory-Usage | GPU-Util  Compute M. |
|                                         |                        |               MIG M. |
|=========================================+========================+======================|
|   0  NVIDIA L40S                    On  |   00000000:B5:00.0 Off |                    0 |
| N/A   49C    P0             46W /  350W |     503MiB /  46068MiB |      5%      Default |
|                                         |                        |                  N/A |
+-----------------------------------------+------------------------+----------------------+
                                                                                         
+-----------------------------------------------------------------------------------------+
| Processes:                                                                              |
|  GPU   GI   CI        PID   Type   Process name                              GPU Memory |
|        ID   ID                                                               Usage      |
|=========================================================================================|
|    0   N/A  N/A   1776872      C   python3                                       494MiB |
+-----------------------------------------------------------------------------------------+
CUDA verified: NVIDIA L40S; tensor dot product=8.0
GPU startup: NVIDIA L40S, 533, 46068, 1
Loaded train=6026, valid=754; reserved test set is not loaded
epoch=1 loss=1.293920 validation_macro_fmax=0.096408 valid_micro_fmax=0.012565
epoch=2 loss=1.245938 validation_macro_fmax=0.104209 valid_micro_fmax=0.012724
epoch=3 loss=1.208776 validation_macro_fmax=0.110841 valid_micro_fmax=0.013076
epoch=4 loss=1.174861 validation_macro_fmax=0.119548 valid_micro_fmax=0.013271
epoch=5 loss=1.146420 validation_macro_fmax=0.127905 valid_micro_fmax=0.013512
epoch=6 loss=1.123403 validation_macro_fmax=0.136190 valid_micro_fmax=0.014016
epoch=7 loss=1.102328 validation_macro_fmax=0.141669 valid_micro_fmax=0.015095
epoch=8 loss=1.080704 validation_macro_fmax=0.148170 valid_micro_fmax=0.016971
epoch=9 loss=1.061078 validation_macro_fmax=0.160295 valid_micro_fmax=0.018241
epoch=10 loss=1.045583 validation_macro_fmax=0.166582 valid_micro_fmax=0.021592
epoch=11 loss=1.028702 validation_macro_fmax=0.173381 valid_micro_fmax=0.021623
epoch=12 loss=1.014855 validation_macro_fmax=0.176672 valid_micro_fmax=0.025456
epoch=13 loss=0.997320 validation_macro_fmax=0.185776 valid_micro_fmax=0.032099
epoch=14 loss=0.985177 validation_macro_fmax=0.191375 valid_micro_fmax=0.032776
epoch=15 loss=0.970763 validation_macro_fmax=0.195148 valid_micro_fmax=0.033572
epoch=16 loss=0.957781 validation_macro_fmax=0.195946 valid_micro_fmax=0.036435
epoch=17 loss=0.946387 validation_macro_fmax=0.201809 valid_micro_fmax=0.041550
epoch=18 loss=0.935273 validation_macro_fmax=0.211827 valid_micro_fmax=0.045909
epoch=19 loss=0.924209 validation_macro_fmax=0.209957 valid_micro_fmax=0.045509
epoch=20 loss=0.913408 validation_macro_fmax=0.215472 valid_micro_fmax=0.047642
epoch=21 loss=0.901255 validation_macro_fmax=0.220586 valid_micro_fmax=0.054049
epoch=22 loss=0.892415 validation_macro_fmax=0.225136 valid_micro_fmax=0.054206
epoch=23 loss=0.883509 validation_macro_fmax=0.222648 valid_micro_fmax=0.049350
epoch=24 loss=0.873526 validation_macro_fmax=0.224805 valid_micro_fmax=0.052657
epoch=25 loss=0.867038 validation_macro_fmax=0.228675 valid_micro_fmax=0.053974
epoch=26 loss=0.855950 validation_macro_fmax=0.230444 valid_micro_fmax=0.063801
epoch=27 loss=0.847577 validation_macro_fmax=0.229475 valid_micro_fmax=0.059207
epoch=28 loss=0.839328 validation_macro_fmax=0.234485 valid_micro_fmax=0.060213
epoch=29 loss=0.837749 validation_macro_fmax=0.231187 valid_micro_fmax=0.062431
epoch=30 loss=0.821903 validation_macro_fmax=0.233871 valid_micro_fmax=0.059607
epoch=31 loss=0.816458 validation_macro_fmax=0.234763 valid_micro_fmax=0.062746
epoch=32 loss=0.805753 validation_macro_fmax=0.242394 valid_micro_fmax=0.069974
epoch=33 loss=0.796855 validation_macro_fmax=0.236670 valid_micro_fmax=0.074130
epoch=34 loss=0.791104 validation_macro_fmax=0.241137 valid_micro_fmax=0.073889
epoch=35 loss=0.782352 validation_macro_fmax=0.247552 valid_micro_fmax=0.069072
epoch=36 loss=0.775776 validation_macro_fmax=0.241172 valid_micro_fmax=0.072003
epoch=37 loss=0.765716 validation_macro_fmax=0.248283 valid_micro_fmax=0.079720
epoch=38 loss=0.760903 validation_macro_fmax=0.249952 valid_micro_fmax=0.079502
epoch=39 loss=0.753572 validation_macro_fmax=0.250524 valid_micro_fmax=0.077746
epoch=40 loss=0.744064 validation_macro_fmax=0.253648 valid_micro_fmax=0.084636
epoch=41 loss=0.737073 validation_macro_fmax=0.256211 valid_micro_fmax=0.087661
epoch=42 loss=0.727615 validation_macro_fmax=0.253942 valid_micro_fmax=0.088479
epoch=43 loss=0.721329 validation_macro_fmax=0.254623 valid_micro_fmax=0.091935
epoch=44 loss=0.710998 validation_macro_fmax=0.258092 valid_micro_fmax=0.096511
epoch=45 loss=0.702338 validation_macro_fmax=0.264634 valid_micro_fmax=0.097198
epoch=46 loss=0.695303 validation_macro_fmax=0.256655 valid_micro_fmax=0.105599
epoch=47 loss=0.686561 validation_macro_fmax=0.264630 valid_micro_fmax=0.111240
epoch=48 loss=0.678406 validation_macro_fmax=0.256752 valid_micro_fmax=0.097075
epoch=49 loss=0.668180 validation_macro_fmax=0.266743 valid_micro_fmax=0.104563
epoch=50 loss=0.658122 validation_macro_fmax=0.259303 valid_micro_fmax=0.108498
epoch=51 loss=0.649349 validation_macro_fmax=0.258449 valid_micro_fmax=0.107649
epoch=52 loss=0.640934 validation_macro_fmax=0.261466 valid_micro_fmax=0.108283
epoch=53 loss=0.633892 validation_macro_fmax=0.262231 valid_micro_fmax=0.112888
epoch=54 loss=0.622544 validation_macro_fmax=0.255236 valid_micro_fmax=0.110059
epoch=55 loss=0.612051 validation_macro_fmax=0.272419 valid_micro_fmax=0.119231
epoch=56 loss=0.604754 validation_macro_fmax=0.272562 valid_micro_fmax=0.120281
epoch=57 loss=0.594333 validation_macro_fmax=0.269660 valid_micro_fmax=0.120334
epoch=58 loss=0.584520 validation_macro_fmax=0.263464 valid_micro_fmax=0.112831
epoch=59 loss=0.572985 validation_macro_fmax=0.268319 valid_micro_fmax=0.121343
epoch=60 loss=0.564980 validation_macro_fmax=0.276138 valid_micro_fmax=0.126285
epoch=61 loss=0.555470 validation_macro_fmax=0.269855 valid_micro_fmax=0.132199
epoch=62 loss=0.544313 validation_macro_fmax=0.274438 valid_micro_fmax=0.128804
epoch=63 loss=0.536234 validation_macro_fmax=0.277013 valid_micro_fmax=0.133486
epoch=64 loss=0.524225 validation_macro_fmax=0.271599 valid_micro_fmax=0.126576
epoch=65 loss=0.513359 validation_macro_fmax=0.274902 valid_micro_fmax=0.126097
epoch=66 loss=0.503285 validation_macro_fmax=0.288143 valid_micro_fmax=0.138365
epoch=67 loss=0.492993 validation_macro_fmax=0.285210 valid_micro_fmax=0.141165
epoch=68 loss=0.485031 validation_macro_fmax=0.279690 valid_micro_fmax=0.139739
epoch=69 loss=0.475482 validation_macro_fmax=0.286447 valid_micro_fmax=0.135631
epoch=70 loss=0.466850 validation_macro_fmax=0.281033 valid_micro_fmax=0.137408
epoch=71 loss=0.456379 validation_macro_fmax=0.286766 valid_micro_fmax=0.136770
epoch=72 loss=0.445591 validation_macro_fmax=0.292328 valid_micro_fmax=0.151517
epoch=73 loss=0.435545 validation_macro_fmax=0.294131 valid_micro_fmax=0.143489
epoch=74 loss=0.425247 validation_macro_fmax=0.293478 valid_micro_fmax=0.149229
epoch=75 loss=0.414521 validation_macro_fmax=0.298234 valid_micro_fmax=0.155733
epoch=76 loss=0.410194 validation_macro_fmax=0.298660 valid_micro_fmax=0.160272
epoch=77 loss=0.399674 validation_macro_fmax=0.293389 valid_micro_fmax=0.158928
epoch=78 loss=0.389287 validation_macro_fmax=0.296137 valid_micro_fmax=0.161441
epoch=79 loss=0.380625 validation_macro_fmax=0.295457 valid_micro_fmax=0.158650
epoch=80 loss=0.372384 validation_macro_fmax=0.301982 valid_micro_fmax=0.167573
epoch=81 loss=0.361725 validation_macro_fmax=0.302209 valid_micro_fmax=0.161713
epoch=82 loss=0.353239 validation_macro_fmax=0.301361 valid_micro_fmax=0.163138
epoch=83 loss=0.346841 validation_macro_fmax=0.302533 valid_micro_fmax=0.170909
epoch=84 loss=0.337098 validation_macro_fmax=0.305064 valid_micro_fmax=0.169501
epoch=85 loss=0.332451 validation_macro_fmax=0.299707 valid_micro_fmax=0.159635
epoch=86 loss=0.321453 validation_macro_fmax=0.305964 valid_micro_fmax=0.177302
epoch=87 loss=0.313043 validation_macro_fmax=0.301698 valid_micro_fmax=0.170458
epoch=88 loss=0.311133 validation_macro_fmax=0.305113 valid_micro_fmax=0.168327
epoch=89 loss=0.300448 validation_macro_fmax=0.303936 valid_micro_fmax=0.170887
epoch=90 loss=0.294061 validation_macro_fmax=0.300523 valid_micro_fmax=0.169802
epoch=91 loss=0.291298 validation_macro_fmax=0.307136 valid_micro_fmax=0.171750
epoch=92 loss=0.277909 validation_macro_fmax=0.308073 valid_micro_fmax=0.183318
epoch=93 loss=0.275365 validation_macro_fmax=0.304511 valid_micro_fmax=0.165310
epoch=94 loss=0.265892 validation_macro_fmax=0.312414 valid_micro_fmax=0.175725
epoch=95 loss=0.261987 validation_macro_fmax=0.309656 valid_micro_fmax=0.180430
epoch=96 loss=0.263738 validation_macro_fmax=0.311071 valid_micro_fmax=0.183349
epoch=97 loss=0.248816 validation_macro_fmax=0.306291 valid_micro_fmax=0.181352
epoch=98 loss=0.242428 validation_macro_fmax=0.305738 valid_micro_fmax=0.179025
epoch=99 loss=0.244537 validation_macro_fmax=0.312729 valid_micro_fmax=0.185192
epoch=100 loss=0.238267 validation_macro_fmax=0.316091 valid_micro_fmax=0.189025
epoch=101 loss=0.230499 validation_macro_fmax=0.319930 valid_micro_fmax=0.188835
epoch=102 loss=0.225843 validation_macro_fmax=0.318391 valid_micro_fmax=0.191649
epoch=103 loss=0.219321 validation_macro_fmax=0.315196 valid_micro_fmax=0.186814
epoch=104 loss=0.214751 validation_macro_fmax=0.318646 valid_micro_fmax=0.191724
epoch=105 loss=0.213406 validation_macro_fmax=0.321755 valid_micro_fmax=0.198762
epoch=106 loss=0.205945 validation_macro_fmax=0.319994 valid_micro_fmax=0.206904
epoch=107 loss=0.203950 validation_macro_fmax=0.317214 valid_micro_fmax=0.197040
epoch=108 loss=0.201209 validation_macro_fmax=0.320435 valid_micro_fmax=0.195765
epoch=109 loss=0.192032 validation_macro_fmax=0.320913 valid_micro_fmax=0.192268
epoch=110 loss=0.195366 validation_macro_fmax=0.326321 valid_micro_fmax=0.205162
epoch=111 loss=0.190314 validation_macro_fmax=0.328374 valid_micro_fmax=0.205572
epoch=112 loss=0.181385 validation_macro_fmax=0.323855 valid_micro_fmax=0.197796
epoch=113 loss=0.188403 validation_macro_fmax=0.320355 valid_micro_fmax=0.195037
epoch=114 loss=0.177863 validation_macro_fmax=0.320255 valid_micro_fmax=0.202662
epoch=115 loss=0.175951 validation_macro_fmax=0.324154 valid_micro_fmax=0.211527
epoch=116 loss=0.167045 validation_macro_fmax=0.330255 valid_micro_fmax=0.210723
epoch=117 loss=0.167361 validation_macro_fmax=0.323131 valid_micro_fmax=0.195915
epoch=118 loss=0.166517 validation_macro_fmax=0.325928 valid_micro_fmax=0.193584
epoch=119 loss=0.163553 validation_macro_fmax=0.327785 valid_micro_fmax=0.199138
epoch=120 loss=0.161932 validation_macro_fmax=0.323584 valid_micro_fmax=0.192699
epoch=121 loss=0.154445 validation_macro_fmax=0.334781 valid_micro_fmax=0.220019
epoch=122 loss=0.150057 validation_macro_fmax=0.329665 valid_micro_fmax=0.205633
epoch=123 loss=0.151104 validation_macro_fmax=0.327028 valid_micro_fmax=0.202387
epoch=124 loss=0.151094 validation_macro_fmax=0.332694 valid_micro_fmax=0.206178
epoch=125 loss=0.151769 validation_macro_fmax=0.338948 valid_micro_fmax=0.211095
epoch=126 loss=0.146274 validation_macro_fmax=0.336105 valid_micro_fmax=0.210543
epoch=127 loss=0.141649 validation_macro_fmax=0.331193 valid_micro_fmax=0.208826
epoch=128 loss=0.140301 validation_macro_fmax=0.336224 valid_micro_fmax=0.208365
epoch=129 loss=0.142156 validation_macro_fmax=0.330529 valid_micro_fmax=0.201238
epoch=130 loss=0.136969 validation_macro_fmax=0.333681 valid_micro_fmax=0.217374
epoch=131 loss=0.136686 validation_macro_fmax=0.336950 valid_micro_fmax=0.222763
epoch=132 loss=0.131309 validation_macro_fmax=0.336837 valid_micro_fmax=0.217195
epoch=133 loss=0.131509 validation_macro_fmax=0.338081 valid_micro_fmax=0.215778
Early stopping after 133 epochs (patience=8)
GPU completion: NVIDIA L40S, 29665, 46068, 0
