GPU: NVIDIA L40S
CUDA tensor check: 8.0
Wed Jul 15 20:31:56 2026       
+-----------------------------------------------------------------------------------------+
| NVIDIA-SMI 560.35.03              Driver Version: 560.35.03      CUDA Version: 12.6     |
|-----------------------------------------+------------------------+----------------------+
| GPU  Name                 Persistence-M | Bus-Id          Disp.A | Volatile Uncorr. ECC |
| Fan  Temp   Perf          Pwr:Usage/Cap |           Memory-Usage | GPU-Util  Compute M. |
|                                         |                        |               MIG M. |
|=========================================+========================+======================|
|   0  NVIDIA L40S                    On  |   00000000:B5:00.0 Off |                    0 |
| N/A   38C    P0             37W /  350W |     503MiB /  46068MiB |      0%      Default |
|                                         |                        |                  N/A |
+-----------------------------------------+------------------------+----------------------+
                                                                                         
+-----------------------------------------------------------------------------------------+
| Processes:                                                                              |
|  GPU   GI   CI        PID   Type   Process name                              GPU Memory |
|        ID   ID                                                               Usage      |
|=========================================================================================|
|    0   N/A  N/A   2547767      C   python3                                       494MiB |
+-----------------------------------------------------------------------------------------+
CUDA verified: NVIDIA L40S; tensor dot product=8.0
GPU startup: NVIDIA L40S, 533, 46068, 0
Loaded train=6026, valid=754; reserved test set is not loaded
epoch=1 loss=0.573313 valid_micro_fmax=0.041917
epoch=2 loss=0.464868 valid_micro_fmax=0.111361
epoch=3 loss=0.437264 valid_micro_fmax=0.126374
epoch=4 loss=0.418285 valid_micro_fmax=0.139885
epoch=5 loss=0.402961 valid_micro_fmax=0.142647
epoch=6 loss=0.388677 valid_micro_fmax=0.150733
epoch=7 loss=0.371549 valid_micro_fmax=0.170035
epoch=8 loss=0.351641 valid_micro_fmax=0.178748
epoch=9 loss=0.325578 valid_micro_fmax=0.181818
epoch=10 loss=0.296071 valid_micro_fmax=0.191147
epoch=11 loss=0.261365 valid_micro_fmax=0.212072
epoch=12 loss=0.226626 valid_micro_fmax=0.246132
epoch=13 loss=0.193447 valid_micro_fmax=0.235732
epoch=14 loss=0.163049 valid_micro_fmax=0.278442
epoch=15 loss=0.136595 valid_micro_fmax=0.254551
epoch=16 loss=0.113808 valid_micro_fmax=0.269633
epoch=17 loss=0.094185 valid_micro_fmax=0.290200
epoch=18 loss=0.079760 valid_micro_fmax=0.306021
epoch=19 loss=0.067709 valid_micro_fmax=0.331919
epoch=20 loss=0.057864 valid_micro_fmax=0.322896
epoch=21 loss=0.050377 valid_micro_fmax=0.337537
epoch=22 loss=0.042913 valid_micro_fmax=0.311292
epoch=23 loss=0.037339 valid_micro_fmax=0.332601
epoch=24 loss=0.033099 valid_micro_fmax=0.327473
epoch=25 loss=0.029019 valid_micro_fmax=0.327569
epoch=26 loss=0.026352 valid_micro_fmax=0.349458
epoch=27 loss=0.024733 valid_micro_fmax=0.333842
epoch=28 loss=0.021076 valid_micro_fmax=0.333295
epoch=29 loss=0.019506 valid_micro_fmax=0.343419
epoch=30 loss=0.017626 valid_micro_fmax=0.346897
epoch=31 loss=0.016055 valid_micro_fmax=0.345853
epoch=32 loss=0.015079 valid_micro_fmax=0.382567
epoch=33 loss=0.014120 valid_micro_fmax=0.369967
epoch=34 loss=0.012678 valid_micro_fmax=0.374586
epoch=35 loss=0.011700 valid_micro_fmax=0.372207
epoch=36 loss=0.010838 valid_micro_fmax=0.357482
epoch=37 loss=0.009937 valid_micro_fmax=0.353827
epoch=38 loss=0.009798 valid_micro_fmax=0.365301
epoch=39 loss=0.008772 valid_micro_fmax=0.374353
epoch=40 loss=0.008234 valid_micro_fmax=0.366255
epoch=41 loss=0.007498 valid_micro_fmax=0.374510
Early stopping after 41 epochs (patience=9)
GPU completion: NVIDIA L40S, 37409, 46068, 0
