GPU: NVIDIA L40S
CUDA tensor check: 8.0
Sun Jul 19 06:25:24 2026       
+-----------------------------------------------------------------------------------------+
| NVIDIA-SMI 560.35.03              Driver Version: 560.35.03      CUDA Version: 12.6     |
|-----------------------------------------+------------------------+----------------------+
| GPU  Name                 Persistence-M | Bus-Id          Disp.A | Volatile Uncorr. ECC |
| Fan  Temp   Perf          Pwr:Usage/Cap |           Memory-Usage | GPU-Util  Compute M. |
|                                         |                        |               MIG M. |
|=========================================+========================+======================|
|   0  NVIDIA L40S                    On  |   00000000:0D:00.0 Off |                    0 |
| N/A   46C    P0             42W /  350W |     503MiB /  46068MiB |      0%      Default |
|                                         |                        |                  N/A |
+-----------------------------------------+------------------------+----------------------+
                                                                                         
+-----------------------------------------------------------------------------------------+
| Processes:                                                                              |
|  GPU   GI   CI        PID   Type   Process name                              GPU Memory |
|        ID   ID                                                               Usage      |
|=========================================================================================|
|    0   N/A  N/A   1049508      C   python3                                       494MiB |
+-----------------------------------------------------------------------------------------+
CUDA verified: NVIDIA L40S; tensor dot product=8.0
GPU startup: NVIDIA L40S, 533, 46068, 0
Loaded train=6026, valid=754; reserved test set is not loaded
epoch=1 loss=0.906299 validation_macro_fmax=0.218978 valid_micro_fmax=0.130890
epoch=2 loss=0.473359 validation_macro_fmax=0.226898 valid_micro_fmax=0.154540
epoch=3 loss=0.221641 validation_macro_fmax=0.239323 valid_micro_fmax=0.178188
epoch=4 loss=0.131775 validation_macro_fmax=0.211097 valid_micro_fmax=0.175439
epoch=5 loss=0.083565 validation_macro_fmax=0.225483 valid_micro_fmax=0.193241
epoch=6 loss=0.058513 validation_macro_fmax=0.259900 valid_micro_fmax=0.215949
epoch=7 loss=0.043021 validation_macro_fmax=0.248459 valid_micro_fmax=0.199359
epoch=8 loss=0.034889 validation_macro_fmax=0.241967 valid_micro_fmax=0.245501
epoch=9 loss=0.028427 validation_macro_fmax=0.277607 valid_micro_fmax=0.270244
epoch=10 loss=0.024408 validation_macro_fmax=0.250339 valid_micro_fmax=0.218016
epoch=11 loss=0.021532 validation_macro_fmax=0.269387 valid_micro_fmax=0.238877
epoch=12 loss=0.018606 validation_macro_fmax=0.246784 valid_micro_fmax=0.236407
epoch=13 loss=0.016631 validation_macro_fmax=0.263602 valid_micro_fmax=0.296920
epoch=14 loss=0.017033 validation_macro_fmax=0.242874 valid_micro_fmax=0.268405
epoch=15 loss=0.015120 validation_macro_fmax=0.238828 valid_micro_fmax=0.238011
epoch=16 loss=0.013677 validation_macro_fmax=0.253506 valid_micro_fmax=0.225682
epoch=17 loss=0.012126 validation_macro_fmax=0.248783 valid_micro_fmax=0.266906
Early stopping after 17 epochs (patience=8)
GPU completion: NVIDIA L40S, 39255, 46068, 0
