GPU: NVIDIA L40S
CUDA tensor check: 8.0
Sun Jul 19 20:03:32 2026       
+-----------------------------------------------------------------------------------------+
| NVIDIA-SMI 560.35.03              Driver Version: 560.35.03      CUDA Version: 12.6     |
|-----------------------------------------+------------------------+----------------------+
| GPU  Name                 Persistence-M | Bus-Id          Disp.A | Volatile Uncorr. ECC |
| Fan  Temp   Perf          Pwr:Usage/Cap |           Memory-Usage | GPU-Util  Compute M. |
|                                         |                        |               MIG M. |
|=========================================+========================+======================|
|   0  NVIDIA L40S                    On  |   00000000:B5:00.0 Off |                    0 |
| N/A   46C    P0             40W /  350W |     503MiB /  46068MiB |      1%      Default |
|                                         |                        |                  N/A |
+-----------------------------------------+------------------------+----------------------+
                                                                                         
+-----------------------------------------------------------------------------------------+
| Processes:                                                                              |
|  GPU   GI   CI        PID   Type   Process name                              GPU Memory |
|        ID   ID                                                               Usage      |
|=========================================================================================|
|    0   N/A  N/A   1548554      C   python3                                       494MiB |
+-----------------------------------------------------------------------------------------+
CUDA verified: NVIDIA L40S; tensor dot product=8.0
GPU startup: NVIDIA L40S, 533, 46068, 1
Loaded train=6026, valid=754; reserved test set is not loaded
epoch=1 loss=0.540462 validation_macro_fmax=0.202578 valid_micro_fmax=0.029225
epoch=2 loss=0.437442 validation_macro_fmax=0.239794 valid_micro_fmax=0.052163
epoch=3 loss=0.410785 validation_macro_fmax=0.259482 valid_micro_fmax=0.066986
epoch=4 loss=0.394257 validation_macro_fmax=0.279817 valid_micro_fmax=0.088987
epoch=5 loss=0.379652 validation_macro_fmax=0.289108 valid_micro_fmax=0.095121
epoch=6 loss=0.364448 validation_macro_fmax=0.304606 valid_micro_fmax=0.102190
epoch=7 loss=0.346098 validation_macro_fmax=0.311684 valid_micro_fmax=0.110102
epoch=8 loss=0.322173 validation_macro_fmax=0.314359 valid_micro_fmax=0.126641
epoch=9 loss=0.292660 validation_macro_fmax=0.325742 valid_micro_fmax=0.135234
epoch=10 loss=0.258128 validation_macro_fmax=0.346167 valid_micro_fmax=0.148984
epoch=11 loss=0.221732 validation_macro_fmax=0.356273 valid_micro_fmax=0.165639
epoch=12 loss=0.185814 validation_macro_fmax=0.356933 valid_micro_fmax=0.172554
epoch=13 loss=0.152452 validation_macro_fmax=0.372261 valid_micro_fmax=0.204380
epoch=14 loss=0.123905 validation_macro_fmax=0.361542 valid_micro_fmax=0.203678
epoch=15 loss=0.099624 validation_macro_fmax=0.385735 valid_micro_fmax=0.227666
epoch=16 loss=0.080357 validation_macro_fmax=0.372755 valid_micro_fmax=0.234173
epoch=17 loss=0.065025 validation_macro_fmax=0.387672 valid_micro_fmax=0.254353
epoch=18 loss=0.052488 validation_macro_fmax=0.384556 valid_micro_fmax=0.253207
epoch=19 loss=0.043385 validation_macro_fmax=0.382346 valid_micro_fmax=0.258391
epoch=20 loss=0.035774 validation_macro_fmax=0.392100 valid_micro_fmax=0.277789
epoch=21 loss=0.029935 validation_macro_fmax=0.391548 valid_micro_fmax=0.278088
epoch=22 loss=0.025169 validation_macro_fmax=0.383598 valid_micro_fmax=0.290103
epoch=23 loss=0.021684 validation_macro_fmax=0.408992 valid_micro_fmax=0.288064
epoch=24 loss=0.018495 validation_macro_fmax=0.402133 valid_micro_fmax=0.298685
epoch=25 loss=0.015628 validation_macro_fmax=0.402931 valid_micro_fmax=0.298754
epoch=26 loss=0.013831 validation_macro_fmax=0.390793 valid_micro_fmax=0.300932
epoch=27 loss=0.011964 validation_macro_fmax=0.394498 valid_micro_fmax=0.304825
epoch=28 loss=0.010711 validation_macro_fmax=0.396645 valid_micro_fmax=0.297588
epoch=29 loss=0.009298 validation_macro_fmax=0.394340 valid_micro_fmax=0.318091
epoch=30 loss=0.008399 validation_macro_fmax=0.408578 valid_micro_fmax=0.321982
epoch=31 loss=0.007292 validation_macro_fmax=0.403577 valid_micro_fmax=0.321925
epoch=32 loss=0.006676 validation_macro_fmax=0.409246 valid_micro_fmax=0.326115
epoch=33 loss=0.006024 validation_macro_fmax=0.407138 valid_micro_fmax=0.320398
epoch=34 loss=0.005733 validation_macro_fmax=0.402025 valid_micro_fmax=0.309415
epoch=35 loss=0.007540 validation_macro_fmax=0.400357 valid_micro_fmax=0.321732
epoch=36 loss=0.005044 validation_macro_fmax=0.401584 valid_micro_fmax=0.312086
epoch=37 loss=0.004394 validation_macro_fmax=0.399405 valid_micro_fmax=0.315990
epoch=38 loss=0.003873 validation_macro_fmax=0.392691 valid_micro_fmax=0.311241
epoch=39 loss=0.003428 validation_macro_fmax=0.395271 valid_micro_fmax=0.319632
epoch=40 loss=0.003278 validation_macro_fmax=0.394126 valid_micro_fmax=0.320120
epoch=41 loss=0.003077 validation_macro_fmax=0.390916 valid_micro_fmax=0.331227
epoch=42 loss=0.005739 validation_macro_fmax=0.402670 valid_micro_fmax=0.307514
Early stopping after 42 epochs (patience=10)
GPU completion: NVIDIA L40S, 40971, 46068, 0
