GPU: NVIDIA L40S
CUDA tensor check: 8.0
Mon Jul 20 02:06:56 2026       
+-----------------------------------------------------------------------------------------+
| NVIDIA-SMI 560.35.03              Driver Version: 560.35.03      CUDA Version: 12.6     |
|-----------------------------------------+------------------------+----------------------+
| GPU  Name                 Persistence-M | Bus-Id          Disp.A | Volatile Uncorr. ECC |
| Fan  Temp   Perf          Pwr:Usage/Cap |           Memory-Usage | GPU-Util  Compute M. |
|                                         |                        |               MIG M. |
|=========================================+========================+======================|
|   0  NVIDIA L40S                    On  |   00000000:B5:00.0 Off |                    0 |
| N/A   45C    P0             43W /  350W |     503MiB /  46068MiB |      1%      Default |
|                                         |                        |                  N/A |
+-----------------------------------------+------------------------+----------------------+
                                                                                         
+-----------------------------------------------------------------------------------------+
| Processes:                                                                              |
|  GPU   GI   CI        PID   Type   Process name                              GPU Memory |
|        ID   ID                                                               Usage      |
|=========================================================================================|
|    0   N/A  N/A   1139637      C   python3                                       494MiB |
+-----------------------------------------------------------------------------------------+
CUDA verified: NVIDIA L40S; tensor dot product=8.0
GPU startup: NVIDIA L40S, 533, 46068, 0
Loaded train=6026, valid=754; reserved test set is not loaded
epoch=1 loss=0.309722 validation_macro_fmax=0.141541 valid_micro_fmax=0.020317
epoch=2 loss=0.241819 validation_macro_fmax=0.178232 valid_micro_fmax=0.029607
epoch=3 loss=0.218264 validation_macro_fmax=0.210223 valid_micro_fmax=0.041679
epoch=4 loss=0.202590 validation_macro_fmax=0.232316 valid_micro_fmax=0.050833
epoch=5 loss=0.188604 validation_macro_fmax=0.253928 valid_micro_fmax=0.060813
epoch=6 loss=0.172987 validation_macro_fmax=0.260260 valid_micro_fmax=0.063196
epoch=7 loss=0.155582 validation_macro_fmax=0.268481 valid_micro_fmax=0.075513
epoch=8 loss=0.135805 validation_macro_fmax=0.276656 valid_micro_fmax=0.097838
epoch=9 loss=0.115519 validation_macro_fmax=0.288149 valid_micro_fmax=0.106613
epoch=10 loss=0.095730 validation_macro_fmax=0.293783 valid_micro_fmax=0.122364
epoch=11 loss=0.077787 validation_macro_fmax=0.297793 valid_micro_fmax=0.145993
epoch=12 loss=0.063049 validation_macro_fmax=0.304851 valid_micro_fmax=0.144932
epoch=13 loss=0.050131 validation_macro_fmax=0.304122 valid_micro_fmax=0.156265
epoch=14 loss=0.040562 validation_macro_fmax=0.319158 valid_micro_fmax=0.182343
epoch=15 loss=0.032931 validation_macro_fmax=0.323278 valid_micro_fmax=0.181145
epoch=16 loss=0.027228 validation_macro_fmax=0.324677 valid_micro_fmax=0.183964
epoch=17 loss=0.022524 validation_macro_fmax=0.323426 valid_micro_fmax=0.198184
epoch=18 loss=0.018547 validation_macro_fmax=0.320069 valid_micro_fmax=0.185532
epoch=19 loss=0.016089 validation_macro_fmax=0.327370 valid_micro_fmax=0.208243
epoch=20 loss=0.013634 validation_macro_fmax=0.326915 valid_micro_fmax=0.196285
epoch=21 loss=0.011511 validation_macro_fmax=0.332959 valid_micro_fmax=0.211927
epoch=22 loss=0.010238 validation_macro_fmax=0.324123 valid_micro_fmax=0.205112
epoch=23 loss=0.009067 validation_macro_fmax=0.328742 valid_micro_fmax=0.210216
epoch=24 loss=0.008235 validation_macro_fmax=0.319013 valid_micro_fmax=0.205781
epoch=25 loss=0.007116 validation_macro_fmax=0.335708 valid_micro_fmax=0.200224
epoch=26 loss=0.006393 validation_macro_fmax=0.342879 valid_micro_fmax=0.211777
epoch=27 loss=0.006192 validation_macro_fmax=0.329042 valid_micro_fmax=0.211770
epoch=28 loss=0.005346 validation_macro_fmax=0.339983 valid_micro_fmax=0.217591
epoch=29 loss=0.004762 validation_macro_fmax=0.323701 valid_micro_fmax=0.209100
epoch=30 loss=0.004284 validation_macro_fmax=0.343627 valid_micro_fmax=0.217150
epoch=31 loss=0.003918 validation_macro_fmax=0.342997 valid_micro_fmax=0.217712
epoch=32 loss=0.004328 validation_macro_fmax=0.336125 valid_micro_fmax=0.204105
epoch=33 loss=0.003500 validation_macro_fmax=0.349095 valid_micro_fmax=0.223116
epoch=34 loss=0.003015 validation_macro_fmax=0.346595 valid_micro_fmax=0.207418
epoch=35 loss=0.002873 validation_macro_fmax=0.352458 valid_micro_fmax=0.231064
epoch=36 loss=0.002425 validation_macro_fmax=0.354187 valid_micro_fmax=0.236636
epoch=37 loss=0.002243 validation_macro_fmax=0.344491 valid_micro_fmax=0.233494
epoch=38 loss=0.002558 validation_macro_fmax=0.341242 valid_micro_fmax=0.217036
epoch=39 loss=0.001869 validation_macro_fmax=0.343177 valid_micro_fmax=0.218185
epoch=40 loss=0.001829 validation_macro_fmax=0.352441 valid_micro_fmax=0.221795
epoch=41 loss=0.001905 validation_macro_fmax=0.363713 valid_micro_fmax=0.252648
epoch=42 loss=0.001459 validation_macro_fmax=0.352460 valid_micro_fmax=0.221556
epoch=43 loss=0.001574 validation_macro_fmax=0.348752 valid_micro_fmax=0.233946
epoch=44 loss=0.001526 validation_macro_fmax=0.359340 valid_micro_fmax=0.244728
epoch=45 loss=0.001375 validation_macro_fmax=0.345154 valid_micro_fmax=0.228716
epoch=46 loss=0.001317 validation_macro_fmax=0.353255 valid_micro_fmax=0.238354
epoch=47 loss=0.000978 validation_macro_fmax=0.352976 valid_micro_fmax=0.218178
epoch=48 loss=0.001267 validation_macro_fmax=0.363485 valid_micro_fmax=0.231955
epoch=49 loss=0.001319 validation_macro_fmax=0.355529 valid_micro_fmax=0.237800
epoch=50 loss=0.002396 validation_macro_fmax=0.356042 valid_micro_fmax=0.271318
Early stopping after 50 epochs (patience=9)
GPU completion: NVIDIA L40S, 28927, 46068, 0
