GPU: NVIDIA L40S
CUDA tensor check: 8.0
Wed Jul 15 20:29:53 2026       
+-----------------------------------------------------------------------------------------+
| NVIDIA-SMI 560.35.03              Driver Version: 560.35.03      CUDA Version: 12.6     |
|-----------------------------------------+------------------------+----------------------+
| GPU  Name                 Persistence-M | Bus-Id          Disp.A | Volatile Uncorr. ECC |
| Fan  Temp   Perf          Pwr:Usage/Cap |           Memory-Usage | GPU-Util  Compute M. |
|                                         |                        |               MIG M. |
|=========================================+========================+======================|
|   0  NVIDIA L40S                    On  |   00000000:B5:00.0 Off |                    0 |
| N/A   29C    P0             36W /  350W |     503MiB /  46068MiB |      0%      Default |
|                                         |                        |                  N/A |
+-----------------------------------------+------------------------+----------------------+
                                                                                         
+-----------------------------------------------------------------------------------------+
| Processes:                                                                              |
|  GPU   GI   CI        PID   Type   Process name                              GPU Memory |
|        ID   ID                                                               Usage      |
|=========================================================================================|
|    0   N/A  N/A     82984      C   python3                                       494MiB |
+-----------------------------------------------------------------------------------------+
CUDA verified: NVIDIA L40S; tensor dot product=8.0
GPU startup: NVIDIA L40S, 533, 46068, 1
Loaded train=6026, valid=754; reserved test set is not loaded
epoch=1 loss=0.441765 valid_micro_fmax=0.073076
epoch=2 loss=0.212313 valid_micro_fmax=0.116291
epoch=3 loss=0.140378 valid_micro_fmax=0.115979
epoch=4 loss=0.095058 valid_micro_fmax=0.087817
epoch=5 loss=0.074577 valid_micro_fmax=0.139649
epoch=6 loss=0.062644 valid_micro_fmax=0.102061
epoch=7 loss=0.062501 valid_micro_fmax=0.102995
epoch=8 loss=0.047193 valid_micro_fmax=0.117908
epoch=9 loss=0.048183 valid_micro_fmax=0.110373
epoch=10 loss=0.044901 valid_micro_fmax=0.167692
epoch=11 loss=0.033899 valid_micro_fmax=0.186265
epoch=12 loss=0.034751 valid_micro_fmax=0.191682
epoch=13 loss=0.034707 valid_micro_fmax=0.162926
epoch=14 loss=0.031879 valid_micro_fmax=0.165680
epoch=15 loss=0.040112 valid_micro_fmax=0.190583
epoch=16 loss=0.046193 valid_micro_fmax=0.148012
epoch=17 loss=0.029575 valid_micro_fmax=0.147030
epoch=18 loss=0.027000 valid_micro_fmax=0.184435
epoch=19 loss=0.018124 valid_micro_fmax=0.196738
epoch=20 loss=0.024722 valid_micro_fmax=0.191195
epoch=21 loss=0.023660 valid_micro_fmax=0.217485
epoch=22 loss=0.028897 valid_micro_fmax=0.192721
epoch=23 loss=0.047539 valid_micro_fmax=0.097208
epoch=24 loss=0.047342 valid_micro_fmax=0.145496
epoch=25 loss=0.026628 valid_micro_fmax=0.180069
epoch=26 loss=0.022534 valid_micro_fmax=0.192082
epoch=27 loss=0.016533 valid_micro_fmax=0.192141
epoch=28 loss=0.021268 valid_micro_fmax=0.176481
epoch=29 loss=0.015123 valid_micro_fmax=0.179199
epoch=30 loss=0.016523 valid_micro_fmax=0.207439
epoch=31 loss=0.023545 valid_micro_fmax=0.177443
Early stopping after 31 epochs (patience=10)
GPU completion: NVIDIA L40S, 28243, 46068, 0
