GPU: NVIDIA L40S
CUDA tensor check: 8.0
Sun Jul 19 20:09:27 2026       
+-----------------------------------------------------------------------------------------+
| NVIDIA-SMI 560.35.03              Driver Version: 560.35.03      CUDA Version: 12.6     |
|-----------------------------------------+------------------------+----------------------+
| GPU  Name                 Persistence-M | Bus-Id          Disp.A | Volatile Uncorr. ECC |
| Fan  Temp   Perf          Pwr:Usage/Cap |           Memory-Usage | GPU-Util  Compute M. |
|                                         |                        |               MIG M. |
|=========================================+========================+======================|
|   0  NVIDIA L40S                    On  |   00000000:B5:00.0 Off |                    0 |
| N/A   45C    P0             40W /  350W |     503MiB /  46068MiB |      1%      Default |
|                                         |                        |                  N/A |
+-----------------------------------------+------------------------+----------------------+
                                                                                         
+-----------------------------------------------------------------------------------------+
| Processes:                                                                              |
|  GPU   GI   CI        PID   Type   Process name                              GPU Memory |
|        ID   ID                                                               Usage      |
|=========================================================================================|
|    0   N/A  N/A    992360      C   python3                                       494MiB |
+-----------------------------------------------------------------------------------------+
CUDA verified: NVIDIA L40S; tensor dot product=8.0
GPU startup: NVIDIA L40S, 533, 46068, 0
Loaded train=6026, valid=754; reserved test set is not loaded
epoch=1 loss=0.574723 validation_macro_fmax=0.140300 valid_micro_fmax=0.021035
epoch=2 loss=0.469871 validation_macro_fmax=0.175475 valid_micro_fmax=0.038987
epoch=3 loss=0.434631 validation_macro_fmax=0.201401 valid_micro_fmax=0.063495
epoch=4 loss=0.412539 validation_macro_fmax=0.216981 valid_micro_fmax=0.077172
epoch=5 loss=0.395337 validation_macro_fmax=0.235501 valid_micro_fmax=0.088641
epoch=6 loss=0.377273 validation_macro_fmax=0.255249 valid_micro_fmax=0.094203
epoch=7 loss=0.356094 validation_macro_fmax=0.265353 valid_micro_fmax=0.102423
epoch=8 loss=0.330884 validation_macro_fmax=0.268509 valid_micro_fmax=0.110536
epoch=9 loss=0.300914 validation_macro_fmax=0.269739 valid_micro_fmax=0.107301
epoch=10 loss=0.266974 validation_macro_fmax=0.277318 valid_micro_fmax=0.129491
epoch=11 loss=0.232502 validation_macro_fmax=0.264334 valid_micro_fmax=0.123775
epoch=12 loss=0.198380 validation_macro_fmax=0.247334 valid_micro_fmax=0.141203
epoch=13 loss=0.166775 validation_macro_fmax=0.244904 valid_micro_fmax=0.138498
epoch=14 loss=0.139215 validation_macro_fmax=0.241454 valid_micro_fmax=0.141731
epoch=15 loss=0.115078 validation_macro_fmax=0.250033 valid_micro_fmax=0.159134
epoch=16 loss=0.095131 validation_macro_fmax=0.259835 valid_micro_fmax=0.158905
epoch=17 loss=0.079857 validation_macro_fmax=0.255877 valid_micro_fmax=0.170474
epoch=18 loss=0.066710 validation_macro_fmax=0.247277 valid_micro_fmax=0.172764
epoch=19 loss=0.056267 validation_macro_fmax=0.242397 valid_micro_fmax=0.168062
epoch=20 loss=0.047659 validation_macro_fmax=0.253590 valid_micro_fmax=0.171743
Early stopping after 20 epochs (patience=10)
GPU completion: NVIDIA L40S, 28175, 46068, 0
