GPU: NVIDIA L40S
CUDA tensor check: 8.0
Wed Jul 15 18:32:41 2026       
+-----------------------------------------------------------------------------------------+
| NVIDIA-SMI 560.35.03              Driver Version: 560.35.03      CUDA Version: 12.6     |
|-----------------------------------------+------------------------+----------------------+
| GPU  Name                 Persistence-M | Bus-Id          Disp.A | Volatile Uncorr. ECC |
| Fan  Temp   Perf          Pwr:Usage/Cap |           Memory-Usage | GPU-Util  Compute M. |
|                                         |                        |               MIG M. |
|=========================================+========================+======================|
|   0  NVIDIA L40S                    On  |   00000000:0D:00.0 Off |                    0 |
| N/A   31C    P0             37W /  350W |     503MiB /  46068MiB |      0%      Default |
|                                         |                        |                  N/A |
+-----------------------------------------+------------------------+----------------------+
                                                                                         
+-----------------------------------------------------------------------------------------+
| Processes:                                                                              |
|  GPU   GI   CI        PID   Type   Process name                              GPU Memory |
|        ID   ID                                                               Usage      |
|=========================================================================================|
|    0   N/A  N/A     53300      C   python3                                       494MiB |
+-----------------------------------------------------------------------------------------+
CUDA verified: NVIDIA L40S; tensor dot product=8.0
GPU startup: NVIDIA L40S, 533, 46068, 5
Loaded train=6026, valid=754; reserved test set is not loaded
epoch=1 loss=0.240704 valid_micro_fmax=0.122427
epoch=2 loss=0.189392 valid_micro_fmax=0.139028
epoch=3 loss=0.169189 valid_micro_fmax=0.164850
epoch=4 loss=0.157902 valid_micro_fmax=0.172638
epoch=5 loss=0.151894 valid_micro_fmax=0.176363
epoch=6 loss=0.145367 valid_micro_fmax=0.195331
epoch=7 loss=0.139252 valid_micro_fmax=0.199018
epoch=8 loss=0.135575 valid_micro_fmax=0.194136
epoch=9 loss=0.132534 valid_micro_fmax=0.202931
epoch=10 loss=0.127645 valid_micro_fmax=0.226262
epoch=11 loss=0.125108 valid_micro_fmax=0.219603
epoch=12 loss=0.121384 valid_micro_fmax=0.230859
epoch=13 loss=0.117242 valid_micro_fmax=0.234337
epoch=14 loss=0.114824 valid_micro_fmax=0.240940
epoch=15 loss=0.110731 valid_micro_fmax=0.236308
epoch=16 loss=0.107227 valid_micro_fmax=0.275896
epoch=17 loss=0.103523 valid_micro_fmax=0.265792
epoch=18 loss=0.100251 valid_micro_fmax=0.266804
epoch=19 loss=0.096925 valid_micro_fmax=0.277776
epoch=20 loss=0.092847 valid_micro_fmax=0.303151
epoch=21 loss=0.089073 valid_micro_fmax=0.295091
epoch=22 loss=0.084904 valid_micro_fmax=0.306034
epoch=23 loss=0.081087 valid_micro_fmax=0.315092
epoch=24 loss=0.077234 valid_micro_fmax=0.327433
epoch=25 loss=0.073299 valid_micro_fmax=0.298507
epoch=26 loss=0.069261 valid_micro_fmax=0.341221
epoch=27 loss=0.065250 valid_micro_fmax=0.345931
epoch=28 loss=0.061258 valid_micro_fmax=0.356176
epoch=29 loss=0.057310 valid_micro_fmax=0.363299
epoch=30 loss=0.054004 valid_micro_fmax=0.372469
epoch=31 loss=0.050137 valid_micro_fmax=0.382361
epoch=32 loss=0.046962 valid_micro_fmax=0.386127
epoch=33 loss=0.043699 valid_micro_fmax=0.395943
epoch=34 loss=0.040721 valid_micro_fmax=0.400047
epoch=35 loss=0.037663 valid_micro_fmax=0.412975
epoch=36 loss=0.035011 valid_micro_fmax=0.432162
epoch=37 loss=0.032362 valid_micro_fmax=0.425108
epoch=38 loss=0.029991 valid_micro_fmax=0.424536
epoch=39 loss=0.027654 valid_micro_fmax=0.424297
epoch=40 loss=0.025876 valid_micro_fmax=0.424767
epoch=41 loss=0.023779 valid_micro_fmax=0.430118
epoch=42 loss=0.022339 valid_micro_fmax=0.431243
epoch=43 loss=0.020518 valid_micro_fmax=0.441815
epoch=44 loss=0.020077 valid_micro_fmax=0.433838
epoch=45 loss=0.018081 valid_micro_fmax=0.448815
epoch=46 loss=0.016617 valid_micro_fmax=0.439303
epoch=47 loss=0.015692 valid_micro_fmax=0.467752
epoch=48 loss=0.014555 valid_micro_fmax=0.441694
epoch=49 loss=0.013570 valid_micro_fmax=0.444481
epoch=50 loss=0.012686 valid_micro_fmax=0.441049
epoch=51 loss=0.012135 valid_micro_fmax=0.454565
epoch=52 loss=0.011400 valid_micro_fmax=0.455885
epoch=53 loss=0.010793 valid_micro_fmax=0.460413
epoch=54 loss=0.010002 valid_micro_fmax=0.455607
epoch=55 loss=0.009540 valid_micro_fmax=0.458270
epoch=56 loss=0.009095 valid_micro_fmax=0.464123
Early stopping after 56 epochs (patience=9)
GPU completion: NVIDIA L40S, 21089, 46068, 89
