GPU: NVIDIA L40S
CUDA tensor check: 8.0
Sun Jul 19 03:13:34 2026       
+-----------------------------------------------------------------------------------------+
| NVIDIA-SMI 560.35.03              Driver Version: 560.35.03      CUDA Version: 12.6     |
|-----------------------------------------+------------------------+----------------------+
| GPU  Name                 Persistence-M | Bus-Id          Disp.A | Volatile Uncorr. ECC |
| Fan  Temp   Perf          Pwr:Usage/Cap |           Memory-Usage | GPU-Util  Compute M. |
|                                         |                        |               MIG M. |
|=========================================+========================+======================|
|   0  NVIDIA L40S                    On  |   00000000:0D:00.0 Off |                    0 |
| N/A   48C    P0             46W /  350W |     503MiB /  46068MiB |      0%      Default |
|                                         |                        |                  N/A |
+-----------------------------------------+------------------------+----------------------+
                                                                                         
+-----------------------------------------------------------------------------------------+
| Processes:                                                                              |
|  GPU   GI   CI        PID   Type   Process name                              GPU Memory |
|        ID   ID                                                               Usage      |
|=========================================================================================|
|    0   N/A  N/A   1072457      C   python3                                       494MiB |
+-----------------------------------------------------------------------------------------+
CUDA verified: NVIDIA L40S; tensor dot product=8.0
GPU startup: NVIDIA L40S, 533, 46068, 0
Loaded train=6026, valid=754; reserved test set is not loaded
epoch=1 loss=0.915444 validation_macro_fmax=0.392601 valid_micro_fmax=0.290243
epoch=2 loss=0.707360 validation_macro_fmax=0.396380 valid_micro_fmax=0.313356
epoch=3 loss=0.580652 validation_macro_fmax=0.404290 valid_micro_fmax=0.374352
epoch=4 loss=0.400906 validation_macro_fmax=0.408123 valid_micro_fmax=0.361691
epoch=5 loss=0.246922 validation_macro_fmax=0.385502 valid_micro_fmax=0.418858
epoch=6 loss=0.151464 validation_macro_fmax=0.391128 valid_micro_fmax=0.436505
epoch=7 loss=0.110060 validation_macro_fmax=0.390812 valid_micro_fmax=0.485718
epoch=8 loss=0.076853 validation_macro_fmax=0.394763 valid_micro_fmax=0.466548
epoch=9 loss=0.059771 validation_macro_fmax=0.378989 valid_micro_fmax=0.451704
epoch=10 loss=0.064339 validation_macro_fmax=0.399365 valid_micro_fmax=0.455524
epoch=11 loss=0.061368 validation_macro_fmax=0.400073 valid_micro_fmax=0.476636
epoch=12 loss=0.037023 validation_macro_fmax=0.382550 valid_micro_fmax=0.492679
epoch=13 loss=0.024769 validation_macro_fmax=0.386595 valid_micro_fmax=0.487807
Early stopping after 13 epochs (patience=9)
GPU completion: NVIDIA L40S, 44105, 46068, 0
