GPU: NVIDIA L40S
CUDA tensor check: 8.0
Wed Jul 15 20:35:04 2026       
+-----------------------------------------------------------------------------------------+
| NVIDIA-SMI 560.35.03              Driver Version: 560.35.03      CUDA Version: 12.6     |
|-----------------------------------------+------------------------+----------------------+
| GPU  Name                 Persistence-M | Bus-Id          Disp.A | Volatile Uncorr. ECC |
| Fan  Temp   Perf          Pwr:Usage/Cap |           Memory-Usage | GPU-Util  Compute M. |
|                                         |                        |               MIG M. |
|=========================================+========================+======================|
|   0  NVIDIA L40S                    On  |   00000000:B5:00.0 Off |                    0 |
| N/A   34C    P0             36W /  350W |     503MiB /  46068MiB |      0%      Default |
|                                         |                        |                  N/A |
+-----------------------------------------+------------------------+----------------------+
                                                                                         
+-----------------------------------------------------------------------------------------+
| Processes:                                                                              |
|  GPU   GI   CI        PID   Type   Process name                              GPU Memory |
|        ID   ID                                                               Usage      |
|=========================================================================================|
|    0   N/A  N/A     85845      C   python3                                       494MiB |
+-----------------------------------------------------------------------------------------+
CUDA verified: NVIDIA L40S; tensor dot product=8.0
GPU startup: NVIDIA L40S, 533, 46068, 0
Loaded train=6026, valid=754; reserved test set is not loaded
epoch=1 loss=0.418930 valid_micro_fmax=0.031409
epoch=2 loss=0.380135 valid_micro_fmax=0.033070
epoch=3 loss=0.354015 valid_micro_fmax=0.037448
epoch=4 loss=0.333601 valid_micro_fmax=0.033837
epoch=5 loss=0.317764 valid_micro_fmax=0.032042
epoch=6 loss=0.306042 valid_micro_fmax=0.026510
epoch=7 loss=0.296235 valid_micro_fmax=0.027982
epoch=8 loss=0.287335 valid_micro_fmax=0.022360
epoch=9 loss=0.280574 valid_micro_fmax=0.023419
epoch=10 loss=0.273662 valid_micro_fmax=0.025700
epoch=11 loss=0.267600 valid_micro_fmax=0.028020
epoch=12 loss=0.262800 valid_micro_fmax=0.034046
Early stopping after 12 epochs (patience=9)
GPU completion: NVIDIA L40S, 14875, 46068, 0
