GPU: NVIDIA L40S
CUDA tensor check: 8.0
Sun Jul 19 20:28:35 2026       
+-----------------------------------------------------------------------------------------+
| NVIDIA-SMI 560.35.03              Driver Version: 560.35.03      CUDA Version: 12.6     |
|-----------------------------------------+------------------------+----------------------+
| GPU  Name                 Persistence-M | Bus-Id          Disp.A | Volatile Uncorr. ECC |
| Fan  Temp   Perf          Pwr:Usage/Cap |           Memory-Usage | GPU-Util  Compute M. |
|                                         |                        |               MIG M. |
|=========================================+========================+======================|
|   0  NVIDIA L40S                    On  |   00000000:0D:00.0 Off |                    0 |
| N/A   40C    P0             39W /  350W |     503MiB /  46068MiB |      3%      Default |
|                                         |                        |                  N/A |
+-----------------------------------------+------------------------+----------------------+
                                                                                         
+-----------------------------------------------------------------------------------------+
| Processes:                                                                              |
|  GPU   GI   CI        PID   Type   Process name                              GPU Memory |
|        ID   ID                                                               Usage      |
|=========================================================================================|
|    0   N/A  N/A   1320291      C   python3                                       494MiB |
+-----------------------------------------------------------------------------------------+
CUDA verified: NVIDIA L40S; tensor dot product=8.0
GPU startup: NVIDIA L40S, 533, 46068, 1
Loaded train=6026, valid=754; reserved test set is not loaded
epoch=1 loss=0.502215 validation_macro_fmax=0.151677 valid_micro_fmax=0.048368
epoch=2 loss=0.282174 validation_macro_fmax=0.233717 valid_micro_fmax=0.078692
epoch=3 loss=0.177139 validation_macro_fmax=0.231551 valid_micro_fmax=0.104779
epoch=4 loss=0.120573 validation_macro_fmax=0.228681 valid_micro_fmax=0.094309
epoch=5 loss=0.094789 validation_macro_fmax=0.238079 valid_micro_fmax=0.116809
epoch=6 loss=0.083508 validation_macro_fmax=0.238980 valid_micro_fmax=0.123834
epoch=7 loss=0.075681 validation_macro_fmax=0.220416 valid_micro_fmax=0.116640
epoch=8 loss=0.058947 validation_macro_fmax=0.241911 valid_micro_fmax=0.146277
epoch=9 loss=0.059611 validation_macro_fmax=0.225672 valid_micro_fmax=0.127471
epoch=10 loss=0.054253 validation_macro_fmax=0.223573 valid_micro_fmax=0.121741
epoch=11 loss=0.054542 validation_macro_fmax=0.238179 valid_micro_fmax=0.139331
epoch=12 loss=0.052666 validation_macro_fmax=0.222123 valid_micro_fmax=0.124916
epoch=13 loss=0.044246 validation_macro_fmax=0.245463 valid_micro_fmax=0.150468
epoch=14 loss=0.041442 validation_macro_fmax=0.227561 valid_micro_fmax=0.146846
epoch=15 loss=0.052803 validation_macro_fmax=0.224337 valid_micro_fmax=0.143923
epoch=16 loss=0.038666 validation_macro_fmax=0.220214 valid_micro_fmax=0.141093
epoch=17 loss=0.039350 validation_macro_fmax=0.236503 valid_micro_fmax=0.163305
epoch=18 loss=0.031829 validation_macro_fmax=0.230366 valid_micro_fmax=0.147123
epoch=19 loss=0.031577 validation_macro_fmax=0.228628 valid_micro_fmax=0.149797
epoch=20 loss=0.028459 validation_macro_fmax=0.233484 valid_micro_fmax=0.167565
epoch=21 loss=0.026931 validation_macro_fmax=0.226918 valid_micro_fmax=0.149260
epoch=22 loss=0.029319 validation_macro_fmax=0.228247 valid_micro_fmax=0.156526
epoch=23 loss=0.025488 validation_macro_fmax=0.227729 valid_micro_fmax=0.145919
Early stopping after 23 epochs (patience=10)
GPU completion: NVIDIA L40S, 9513, 46068, 0
