GPU: NVIDIA L40S
CUDA tensor check: 8.0
Sun Jul 19 07:57:14 2026       
+-----------------------------------------------------------------------------------------+
| NVIDIA-SMI 560.35.03              Driver Version: 560.35.03      CUDA Version: 12.6     |
|-----------------------------------------+------------------------+----------------------+
| GPU  Name                 Persistence-M | Bus-Id          Disp.A | Volatile Uncorr. ECC |
| Fan  Temp   Perf          Pwr:Usage/Cap |           Memory-Usage | GPU-Util  Compute M. |
|                                         |                        |               MIG M. |
|=========================================+========================+======================|
|   0  NVIDIA L40S                    On  |   00000000:B5:00.0 Off |                    0 |
| N/A   49C    P0             42W /  350W |     503MiB /  46068MiB |      0%      Default |
|                                         |                        |                  N/A |
+-----------------------------------------+------------------------+----------------------+
                                                                                         
+-----------------------------------------------------------------------------------------+
| Processes:                                                                              |
|  GPU   GI   CI        PID   Type   Process name                              GPU Memory |
|        ID   ID                                                               Usage      |
|=========================================================================================|
|    0   N/A  N/A    627202      C   python3                                       494MiB |
+-----------------------------------------------------------------------------------------+
CUDA verified: NVIDIA L40S; tensor dot product=8.0
GPU startup: NVIDIA L40S, 533, 46068, 0
Loaded train=6026, valid=754; reserved test set is not loaded
epoch=1 loss=1.114037 validation_macro_fmax=0.113000 valid_micro_fmax=0.012364
epoch=2 loss=0.941780 validation_macro_fmax=0.146044 valid_micro_fmax=0.023984
epoch=3 loss=0.859757 validation_macro_fmax=0.174482 valid_micro_fmax=0.043242
epoch=4 loss=0.812611 validation_macro_fmax=0.183753 valid_micro_fmax=0.065472
epoch=5 loss=0.782570 validation_macro_fmax=0.188709 valid_micro_fmax=0.084047
epoch=6 loss=0.763153 validation_macro_fmax=0.190472 valid_micro_fmax=0.099791
epoch=7 loss=0.749075 validation_macro_fmax=0.195872 valid_micro_fmax=0.112045
epoch=8 loss=0.738129 validation_macro_fmax=0.198504 valid_micro_fmax=0.123378
epoch=9 loss=0.728899 validation_macro_fmax=0.200143 valid_micro_fmax=0.130405
epoch=10 loss=0.720607 validation_macro_fmax=0.203399 valid_micro_fmax=0.136076
epoch=11 loss=0.713130 validation_macro_fmax=0.207235 valid_micro_fmax=0.141040
epoch=12 loss=0.705464 validation_macro_fmax=0.213052 valid_micro_fmax=0.145191
epoch=13 loss=0.697761 validation_macro_fmax=0.212860 valid_micro_fmax=0.153195
epoch=14 loss=0.689784 validation_macro_fmax=0.216790 valid_micro_fmax=0.153750
epoch=15 loss=0.680727 validation_macro_fmax=0.217640 valid_micro_fmax=0.162136
epoch=16 loss=0.671613 validation_macro_fmax=0.224199 valid_micro_fmax=0.158250
epoch=17 loss=0.661352 validation_macro_fmax=0.225307 valid_micro_fmax=0.163676
epoch=18 loss=0.650316 validation_macro_fmax=0.229628 valid_micro_fmax=0.163366
epoch=19 loss=0.638399 validation_macro_fmax=0.233315 valid_micro_fmax=0.165340
epoch=20 loss=0.625386 validation_macro_fmax=0.235443 valid_micro_fmax=0.172603
epoch=21 loss=0.611869 validation_macro_fmax=0.238266 valid_micro_fmax=0.176552
epoch=22 loss=0.597214 validation_macro_fmax=0.240157 valid_micro_fmax=0.184025
epoch=23 loss=0.582330 validation_macro_fmax=0.248930 valid_micro_fmax=0.189090
epoch=24 loss=0.566526 validation_macro_fmax=0.248918 valid_micro_fmax=0.190550
epoch=25 loss=0.549221 validation_macro_fmax=0.254732 valid_micro_fmax=0.191598
epoch=26 loss=0.532289 validation_macro_fmax=0.254443 valid_micro_fmax=0.197901
epoch=27 loss=0.514265 validation_macro_fmax=0.254843 valid_micro_fmax=0.200109
epoch=28 loss=0.495591 validation_macro_fmax=0.256336 valid_micro_fmax=0.210014
epoch=29 loss=0.476627 validation_macro_fmax=0.257003 valid_micro_fmax=0.209884
epoch=30 loss=0.457864 validation_macro_fmax=0.254463 valid_micro_fmax=0.215968
epoch=31 loss=0.438496 validation_macro_fmax=0.259586 valid_micro_fmax=0.215359
epoch=32 loss=0.418914 validation_macro_fmax=0.255528 valid_micro_fmax=0.217798
epoch=33 loss=0.399701 validation_macro_fmax=0.260975 valid_micro_fmax=0.214958
epoch=34 loss=0.380641 validation_macro_fmax=0.256124 valid_micro_fmax=0.218682
epoch=35 loss=0.361476 validation_macro_fmax=0.258535 valid_micro_fmax=0.229112
epoch=36 loss=0.343123 validation_macro_fmax=0.262019 valid_micro_fmax=0.227969
epoch=37 loss=0.324990 validation_macro_fmax=0.256970 valid_micro_fmax=0.240743
epoch=38 loss=0.307718 validation_macro_fmax=0.250182 valid_micro_fmax=0.239136
epoch=39 loss=0.290743 validation_macro_fmax=0.254865 valid_micro_fmax=0.247146
epoch=40 loss=0.274216 validation_macro_fmax=0.256867 valid_micro_fmax=0.240604
epoch=41 loss=0.258058 validation_macro_fmax=0.255275 valid_micro_fmax=0.252370
epoch=42 loss=0.243417 validation_macro_fmax=0.253274 valid_micro_fmax=0.250978
epoch=43 loss=0.228931 validation_macro_fmax=0.259728 valid_micro_fmax=0.243806
epoch=44 loss=0.215207 validation_macro_fmax=0.254709 valid_micro_fmax=0.249504
epoch=45 loss=0.202448 validation_macro_fmax=0.258200 valid_micro_fmax=0.252760
Early stopping after 45 epochs (patience=9)
GPU completion: NVIDIA L40S, 41759, 46068, 0
