GPU: NVIDIA L40S
CUDA tensor check: 8.0
Sat Jul 18 18:13:10 2026       
+-----------------------------------------------------------------------------------------+
| NVIDIA-SMI 560.35.03              Driver Version: 560.35.03      CUDA Version: 12.6     |
|-----------------------------------------+------------------------+----------------------+
| GPU  Name                 Persistence-M | Bus-Id          Disp.A | Volatile Uncorr. ECC |
| Fan  Temp   Perf          Pwr:Usage/Cap |           Memory-Usage | GPU-Util  Compute M. |
|                                         |                        |               MIG M. |
|=========================================+========================+======================|
|   0  NVIDIA L40S                    On  |   00000000:B5:00.0 Off |                    0 |
| N/A   48C    P0             44W /  350W |     503MiB /  46068MiB |      5%      Default |
|                                         |                        |                  N/A |
+-----------------------------------------+------------------------+----------------------+
                                                                                         
+-----------------------------------------------------------------------------------------+
| Processes:                                                                              |
|  GPU   GI   CI        PID   Type   Process name                              GPU Memory |
|        ID   ID                                                               Usage      |
|=========================================================================================|
|    0   N/A  N/A    328110      C   python3                                       494MiB |
+-----------------------------------------------------------------------------------------+
CUDA verified: NVIDIA L40S; tensor dot product=8.0
GPU startup: NVIDIA L40S, 533, 46068, 0
Loaded train=6026, valid=754; reserved test set is not loaded
epoch=1 loss=0.964608 validation_macro_fmax=0.270971 valid_micro_fmax=0.099846
epoch=2 loss=0.584386 validation_macro_fmax=0.232973 valid_micro_fmax=0.160744
epoch=3 loss=0.315559 validation_macro_fmax=0.237881 valid_micro_fmax=0.153266
epoch=4 loss=0.199973 validation_macro_fmax=0.277570 valid_micro_fmax=0.185675
epoch=5 loss=0.143047 validation_macro_fmax=0.237230 valid_micro_fmax=0.163824
epoch=6 loss=0.107591 validation_macro_fmax=0.242788 valid_micro_fmax=0.190604
epoch=7 loss=0.098217 validation_macro_fmax=0.236915 valid_micro_fmax=0.183623
epoch=8 loss=0.080429 validation_macro_fmax=0.235791 valid_micro_fmax=0.180654
epoch=9 loss=0.076986 validation_macro_fmax=0.250622 valid_micro_fmax=0.184211
epoch=10 loss=0.065939 validation_macro_fmax=0.256560 valid_micro_fmax=0.187002
epoch=11 loss=0.063651 validation_macro_fmax=0.258790 valid_micro_fmax=0.198254
epoch=12 loss=0.054450 validation_macro_fmax=0.245970 valid_micro_fmax=0.189938
Early stopping after 12 epochs (patience=8)
GPU completion: NVIDIA L40S, 20589, 46068, 0
