GPU: NVIDIA L40S
CUDA tensor check: 8.0
Sun Jul 19 01:56:41 2026       
+-----------------------------------------------------------------------------------------+
| NVIDIA-SMI 560.35.03              Driver Version: 560.35.03      CUDA Version: 12.6     |
|-----------------------------------------+------------------------+----------------------+
| GPU  Name                 Persistence-M | Bus-Id          Disp.A | Volatile Uncorr. ECC |
| Fan  Temp   Perf          Pwr:Usage/Cap |           Memory-Usage | GPU-Util  Compute M. |
|                                         |                        |               MIG M. |
|=========================================+========================+======================|
|   0  NVIDIA L40S                    On  |   00000000:0D:00.0 Off |                    0 |
| N/A   51C    P0             44W /  350W |     503MiB /  46068MiB |      1%      Default |
|                                         |                        |                  N/A |
+-----------------------------------------+------------------------+----------------------+
                                                                                         
+-----------------------------------------------------------------------------------------+
| Processes:                                                                              |
|  GPU   GI   CI        PID   Type   Process name                              GPU Memory |
|        ID   ID                                                               Usage      |
|=========================================================================================|
|    0   N/A  N/A   1041613      C   python3                                       494MiB |
+-----------------------------------------------------------------------------------------+
CUDA verified: NVIDIA L40S; tensor dot product=8.0
GPU startup: NVIDIA L40S, 533, 46068, 1
Loaded train=6026, valid=754; reserved test set is not loaded
epoch=1 loss=0.272093 validation_macro_fmax=0.093817 valid_micro_fmax=0.009515
epoch=2 loss=0.223452 validation_macro_fmax=0.104589 valid_micro_fmax=0.010096
epoch=3 loss=0.201220 validation_macro_fmax=0.114428 valid_micro_fmax=0.010772
epoch=4 loss=0.186572 validation_macro_fmax=0.120547 valid_micro_fmax=0.013104
epoch=5 loss=0.178290 validation_macro_fmax=0.133790 valid_micro_fmax=0.014924
epoch=6 loss=0.170528 validation_macro_fmax=0.145180 valid_micro_fmax=0.020085
epoch=7 loss=0.165624 validation_macro_fmax=0.152522 valid_micro_fmax=0.020474
epoch=8 loss=0.159800 validation_macro_fmax=0.163580 valid_micro_fmax=0.031163
epoch=9 loss=0.156148 validation_macro_fmax=0.176507 valid_micro_fmax=0.033398
epoch=10 loss=0.152192 validation_macro_fmax=0.179362 valid_micro_fmax=0.041393
epoch=11 loss=0.148786 validation_macro_fmax=0.188389 valid_micro_fmax=0.044712
epoch=12 loss=0.145485 validation_macro_fmax=0.190830 valid_micro_fmax=0.047725
epoch=13 loss=0.142009 validation_macro_fmax=0.200926 valid_micro_fmax=0.059301
epoch=14 loss=0.138948 validation_macro_fmax=0.221593 valid_micro_fmax=0.063001
epoch=15 loss=0.136772 validation_macro_fmax=0.221572 valid_micro_fmax=0.072464
epoch=16 loss=0.133780 validation_macro_fmax=0.224707 valid_micro_fmax=0.080346
epoch=17 loss=0.131406 validation_macro_fmax=0.229942 valid_micro_fmax=0.093977
epoch=18 loss=0.128649 validation_macro_fmax=0.233300 valid_micro_fmax=0.098894
epoch=19 loss=0.126133 validation_macro_fmax=0.232439 valid_micro_fmax=0.110613
epoch=20 loss=0.123514 validation_macro_fmax=0.241899 valid_micro_fmax=0.115949
epoch=21 loss=0.120901 validation_macro_fmax=0.238708 valid_micro_fmax=0.126409
epoch=22 loss=0.118222 validation_macro_fmax=0.241913 valid_micro_fmax=0.120480
epoch=23 loss=0.115315 validation_macro_fmax=0.242976 valid_micro_fmax=0.133586
epoch=24 loss=0.112737 validation_macro_fmax=0.235809 valid_micro_fmax=0.137300
epoch=25 loss=0.109574 validation_macro_fmax=0.237772 valid_micro_fmax=0.145098
epoch=26 loss=0.106636 validation_macro_fmax=0.231039 valid_micro_fmax=0.141482
epoch=27 loss=0.103660 validation_macro_fmax=0.240794 valid_micro_fmax=0.150092
epoch=28 loss=0.100201 validation_macro_fmax=0.239787 valid_micro_fmax=0.151348
epoch=29 loss=0.096672 validation_macro_fmax=0.246114 valid_micro_fmax=0.147449
epoch=30 loss=0.093368 validation_macro_fmax=0.239573 valid_micro_fmax=0.152040
epoch=31 loss=0.090389 validation_macro_fmax=0.237626 valid_micro_fmax=0.150697
epoch=32 loss=0.086007 validation_macro_fmax=0.237777 valid_micro_fmax=0.167894
epoch=33 loss=0.082532 validation_macro_fmax=0.233773 valid_micro_fmax=0.161377
epoch=34 loss=0.078807 validation_macro_fmax=0.241628 valid_micro_fmax=0.163323
epoch=35 loss=0.075045 validation_macro_fmax=0.244129 valid_micro_fmax=0.162248
epoch=36 loss=0.070759 validation_macro_fmax=0.238961 valid_micro_fmax=0.162993
epoch=37 loss=0.066810 validation_macro_fmax=0.257823 valid_micro_fmax=0.165468
epoch=38 loss=0.063543 validation_macro_fmax=0.244666 valid_micro_fmax=0.172237
epoch=39 loss=0.059852 validation_macro_fmax=0.243396 valid_micro_fmax=0.167989
epoch=40 loss=0.056598 validation_macro_fmax=0.244442 valid_micro_fmax=0.177968
epoch=41 loss=0.052684 validation_macro_fmax=0.250116 valid_micro_fmax=0.167380
epoch=42 loss=0.049665 validation_macro_fmax=0.247674 valid_micro_fmax=0.173178
epoch=43 loss=0.047093 validation_macro_fmax=0.240691 valid_micro_fmax=0.177690
epoch=44 loss=0.043728 validation_macro_fmax=0.244523 valid_micro_fmax=0.178184
epoch=45 loss=0.040849 validation_macro_fmax=0.254965 valid_micro_fmax=0.174849
epoch=46 loss=0.038332 validation_macro_fmax=0.246118 valid_micro_fmax=0.169341
Early stopping after 46 epochs (patience=9)
GPU completion: NVIDIA L40S, 20589, 46068, 0
