GPU: NVIDIA L40S
CUDA tensor check: 8.0
Sun Jul 19 01:51:35 2026       
+-----------------------------------------------------------------------------------------+
| NVIDIA-SMI 560.35.03              Driver Version: 560.35.03      CUDA Version: 12.6     |
|-----------------------------------------+------------------------+----------------------+
| GPU  Name                 Persistence-M | Bus-Id          Disp.A | Volatile Uncorr. ECC |
| Fan  Temp   Perf          Pwr:Usage/Cap |           Memory-Usage | GPU-Util  Compute M. |
|                                         |                        |               MIG M. |
|=========================================+========================+======================|
|   0  NVIDIA L40S                    On  |   00000000:0D:00.0 Off |                    0 |
| N/A   47C    P0             43W /  350W |     503MiB /  46068MiB |      5%      Default |
|                                         |                        |                  N/A |
+-----------------------------------------+------------------------+----------------------+
                                                                                         
+-----------------------------------------------------------------------------------------+
| Processes:                                                                              |
|  GPU   GI   CI        PID   Type   Process name                              GPU Memory |
|        ID   ID                                                               Usage      |
|=========================================================================================|
|    0   N/A  N/A   1039519      C   python3                                       494MiB |
+-----------------------------------------------------------------------------------------+
CUDA verified: NVIDIA L40S; tensor dot product=8.0
GPU startup: NVIDIA L40S, 533, 46068, 0
Loaded train=6026, valid=754; reserved test set is not loaded
epoch=1 loss=1.098633 validation_macro_fmax=0.318261 valid_micro_fmax=0.127612
epoch=2 loss=0.909430 validation_macro_fmax=0.359053 valid_micro_fmax=0.159247
epoch=3 loss=0.827855 validation_macro_fmax=0.386837 valid_micro_fmax=0.197355
epoch=4 loss=0.780625 validation_macro_fmax=0.391534 valid_micro_fmax=0.224391
epoch=5 loss=0.749123 validation_macro_fmax=0.383955 valid_micro_fmax=0.250000
epoch=6 loss=0.726603 validation_macro_fmax=0.376775 valid_micro_fmax=0.281286
epoch=7 loss=0.708319 validation_macro_fmax=0.372422 valid_micro_fmax=0.265422
epoch=8 loss=0.693829 validation_macro_fmax=0.370828 valid_micro_fmax=0.280119
epoch=9 loss=0.680810 validation_macro_fmax=0.374157 valid_micro_fmax=0.267827
epoch=10 loss=0.669545 validation_macro_fmax=0.375570 valid_micro_fmax=0.285280
epoch=11 loss=0.658467 validation_macro_fmax=0.374667 valid_micro_fmax=0.284111
epoch=12 loss=0.647897 validation_macro_fmax=0.375126 valid_micro_fmax=0.309465
epoch=13 loss=0.636433 validation_macro_fmax=0.376992 valid_micro_fmax=0.310545
Early stopping after 13 epochs (patience=9)
GPU completion: NVIDIA L40S, 44081, 46068, 0
