GPU: NVIDIA L40S
CUDA tensor check: 8.0
Mon Jul 20 02:44:25 2026       
+-----------------------------------------------------------------------------------------+
| NVIDIA-SMI 560.35.03              Driver Version: 560.35.03      CUDA Version: 12.6     |
|-----------------------------------------+------------------------+----------------------+
| GPU  Name                 Persistence-M | Bus-Id          Disp.A | Volatile Uncorr. ECC |
| Fan  Temp   Perf          Pwr:Usage/Cap |           Memory-Usage | GPU-Util  Compute M. |
|                                         |                        |               MIG M. |
|=========================================+========================+======================|
|   0  NVIDIA L40S                    On  |   00000000:B5:00.0 Off |                    0 |
| N/A   51C    P0             45W /  350W |     503MiB /  46068MiB |      0%      Default |
|                                         |                        |                  N/A |
+-----------------------------------------+------------------------+----------------------+
                                                                                         
+-----------------------------------------------------------------------------------------+
| Processes:                                                                              |
|  GPU   GI   CI        PID   Type   Process name                              GPU Memory |
|        ID   ID                                                               Usage      |
|=========================================================================================|
|    0   N/A  N/A   1712159      C   python3                                       494MiB |
+-----------------------------------------------------------------------------------------+
CUDA verified: NVIDIA L40S; tensor dot product=8.0
GPU startup: NVIDIA L40S, 533, 46068, 0
Loaded train=6026, valid=754; reserved test set is not loaded
epoch=1 loss=0.330071 validation_macro_fmax=0.130064 valid_micro_fmax=0.016471
epoch=2 loss=0.262815 validation_macro_fmax=0.154991 valid_micro_fmax=0.023345
epoch=3 loss=0.238138 validation_macro_fmax=0.192063 valid_micro_fmax=0.034980
epoch=4 loss=0.222463 validation_macro_fmax=0.217238 valid_micro_fmax=0.044742
epoch=5 loss=0.209663 validation_macro_fmax=0.230356 valid_micro_fmax=0.051224
epoch=6 loss=0.197443 validation_macro_fmax=0.242105 valid_micro_fmax=0.054352
epoch=7 loss=0.185018 validation_macro_fmax=0.261019 valid_micro_fmax=0.064705
epoch=8 loss=0.170587 validation_macro_fmax=0.273248 valid_micro_fmax=0.082788
epoch=9 loss=0.154355 validation_macro_fmax=0.278411 valid_micro_fmax=0.075633
epoch=10 loss=0.136527 validation_macro_fmax=0.282816 valid_micro_fmax=0.095772
epoch=11 loss=0.118275 validation_macro_fmax=0.295525 valid_micro_fmax=0.111701
epoch=12 loss=0.100939 validation_macro_fmax=0.305532 valid_micro_fmax=0.128369
epoch=13 loss=0.084743 validation_macro_fmax=0.299465 valid_micro_fmax=0.122568
epoch=14 loss=0.070752 validation_macro_fmax=0.301371 valid_micro_fmax=0.156849
epoch=15 loss=0.059168 validation_macro_fmax=0.309952 valid_micro_fmax=0.167425
epoch=16 loss=0.049491 validation_macro_fmax=0.317322 valid_micro_fmax=0.162066
epoch=17 loss=0.042183 validation_macro_fmax=0.319324 valid_micro_fmax=0.190630
epoch=18 loss=0.035057 validation_macro_fmax=0.317239 valid_micro_fmax=0.182568
epoch=19 loss=0.029568 validation_macro_fmax=0.328057 valid_micro_fmax=0.201505
epoch=20 loss=0.025835 validation_macro_fmax=0.323967 valid_micro_fmax=0.181430
epoch=21 loss=0.022945 validation_macro_fmax=0.326243 valid_micro_fmax=0.205032
epoch=22 loss=0.019578 validation_macro_fmax=0.331205 valid_micro_fmax=0.206788
epoch=23 loss=0.017291 validation_macro_fmax=0.329659 valid_micro_fmax=0.211158
epoch=24 loss=0.015162 validation_macro_fmax=0.334288 valid_micro_fmax=0.191310
epoch=25 loss=0.013329 validation_macro_fmax=0.335753 valid_micro_fmax=0.201212
epoch=26 loss=0.011556 validation_macro_fmax=0.339435 valid_micro_fmax=0.200299
epoch=27 loss=0.010568 validation_macro_fmax=0.332240 valid_micro_fmax=0.192707
epoch=28 loss=0.010645 validation_macro_fmax=0.338381 valid_micro_fmax=0.209669
epoch=29 loss=0.010197 validation_macro_fmax=0.337720 valid_micro_fmax=0.215950
epoch=30 loss=0.008154 validation_macro_fmax=0.342241 valid_micro_fmax=0.209884
epoch=31 loss=0.006837 validation_macro_fmax=0.341979 valid_micro_fmax=0.229815
epoch=32 loss=0.006510 validation_macro_fmax=0.334066 valid_micro_fmax=0.201032
epoch=33 loss=0.006033 validation_macro_fmax=0.343572 valid_micro_fmax=0.218820
epoch=34 loss=0.005454 validation_macro_fmax=0.340052 valid_micro_fmax=0.221601
epoch=35 loss=0.005097 validation_macro_fmax=0.341568 valid_micro_fmax=0.212966
epoch=36 loss=0.004685 validation_macro_fmax=0.347743 valid_micro_fmax=0.234362
epoch=37 loss=0.004255 validation_macro_fmax=0.338032 valid_micro_fmax=0.220544
epoch=38 loss=0.004506 validation_macro_fmax=0.340125 valid_micro_fmax=0.197581
epoch=39 loss=0.005092 validation_macro_fmax=0.337579 valid_micro_fmax=0.188963
epoch=40 loss=0.005579 validation_macro_fmax=0.346565 valid_micro_fmax=0.207484
epoch=41 loss=0.004766 validation_macro_fmax=0.351866 valid_micro_fmax=0.230737
epoch=42 loss=0.003372 validation_macro_fmax=0.356714 valid_micro_fmax=0.225810
epoch=43 loss=0.002928 validation_macro_fmax=0.349024 valid_micro_fmax=0.232053
epoch=44 loss=0.003108 validation_macro_fmax=0.343507 valid_micro_fmax=0.190933
epoch=45 loss=0.003110 validation_macro_fmax=0.348788 valid_micro_fmax=0.260258
epoch=46 loss=0.003326 validation_macro_fmax=0.360806 valid_micro_fmax=0.250812
epoch=47 loss=0.002519 validation_macro_fmax=0.356629 valid_micro_fmax=0.225130
epoch=48 loss=0.002238 validation_macro_fmax=0.355048 valid_micro_fmax=0.237294
epoch=49 loss=0.002075 validation_macro_fmax=0.323403 valid_micro_fmax=0.200450
epoch=50 loss=0.002423 validation_macro_fmax=0.359541 valid_micro_fmax=0.232796
epoch=51 loss=0.002318 validation_macro_fmax=0.345149 valid_micro_fmax=0.213963
epoch=52 loss=0.003059 validation_macro_fmax=0.359060 valid_micro_fmax=0.227874
epoch=53 loss=0.003871 validation_macro_fmax=0.342992 valid_micro_fmax=0.196900
epoch=54 loss=0.002273 validation_macro_fmax=0.352452 valid_micro_fmax=0.218767
epoch=55 loss=0.002483 validation_macro_fmax=0.353581 valid_micro_fmax=0.231879
epoch=56 loss=0.001696 validation_macro_fmax=0.356944 valid_micro_fmax=0.220506
Early stopping after 56 epochs (patience=10)
GPU completion: NVIDIA L40S, 28923, 46068, 0
