GPU: NVIDIA L40S
CUDA tensor check: 8.0
Wed Jul 15 20:43:30 2026       
+-----------------------------------------------------------------------------------------+
| NVIDIA-SMI 560.35.03              Driver Version: 560.35.03      CUDA Version: 12.6     |
|-----------------------------------------+------------------------+----------------------+
| GPU  Name                 Persistence-M | Bus-Id          Disp.A | Volatile Uncorr. ECC |
| Fan  Temp   Perf          Pwr:Usage/Cap |           Memory-Usage | GPU-Util  Compute M. |
|                                         |                        |               MIG M. |
|=========================================+========================+======================|
|   0  NVIDIA L40S                    On  |   00000000:B5:00.0 Off |                    0 |
| N/A   46C    P0             43W /  350W |     503MiB /  46068MiB |      0%      Default |
|                                         |                        |                  N/A |
+-----------------------------------------+------------------------+----------------------+
                                                                                         
+-----------------------------------------------------------------------------------------+
| Processes:                                                                              |
|  GPU   GI   CI        PID   Type   Process name                              GPU Memory |
|        ID   ID                                                               Usage      |
|=========================================================================================|
|    0   N/A  N/A   3456358      C   python3                                       494MiB |
+-----------------------------------------------------------------------------------------+
CUDA verified: NVIDIA L40S; tensor dot product=8.0
GPU startup: NVIDIA L40S, 533, 46068, 5
Loaded train=6026, valid=754; reserved test set is not loaded
epoch=1 loss=0.403192 valid_micro_fmax=0.093830
epoch=2 loss=0.353766 valid_micro_fmax=0.096686
epoch=3 loss=0.326971 valid_micro_fmax=0.101265
epoch=4 loss=0.306866 valid_micro_fmax=0.102017
epoch=5 loss=0.292392 valid_micro_fmax=0.108511
epoch=6 loss=0.280804 valid_micro_fmax=0.107402
epoch=7 loss=0.269837 valid_micro_fmax=0.113340
epoch=8 loss=0.262630 valid_micro_fmax=0.115365
epoch=9 loss=0.256229 valid_micro_fmax=0.120006
epoch=10 loss=0.250618 valid_micro_fmax=0.121251
epoch=11 loss=0.246135 valid_micro_fmax=0.135778
epoch=12 loss=0.240852 valid_micro_fmax=0.134925
epoch=13 loss=0.236198 valid_micro_fmax=0.140015
epoch=14 loss=0.232342 valid_micro_fmax=0.152924
epoch=15 loss=0.229446 valid_micro_fmax=0.159555
epoch=16 loss=0.225422 valid_micro_fmax=0.159000
epoch=17 loss=0.222690 valid_micro_fmax=0.164757
epoch=18 loss=0.219442 valid_micro_fmax=0.175293
epoch=19 loss=0.220377 valid_micro_fmax=0.176873
epoch=20 loss=0.214313 valid_micro_fmax=0.183632
epoch=21 loss=0.211894 valid_micro_fmax=0.185358
epoch=22 loss=0.208983 valid_micro_fmax=0.185210
epoch=23 loss=0.206446 valid_micro_fmax=0.192156
epoch=24 loss=0.203659 valid_micro_fmax=0.201414
epoch=25 loss=0.201478 valid_micro_fmax=0.216086
epoch=26 loss=0.198947 valid_micro_fmax=0.204502
epoch=27 loss=0.197307 valid_micro_fmax=0.217951
epoch=28 loss=0.195031 valid_micro_fmax=0.220588
epoch=29 loss=0.192383 valid_micro_fmax=0.215116
epoch=30 loss=0.189475 valid_micro_fmax=0.232147
epoch=31 loss=0.188224 valid_micro_fmax=0.230265
epoch=32 loss=0.185275 valid_micro_fmax=0.239096
epoch=33 loss=0.182449 valid_micro_fmax=0.247018
epoch=34 loss=0.180351 valid_micro_fmax=0.256973
epoch=35 loss=0.178628 valid_micro_fmax=0.251251
epoch=36 loss=0.176408 valid_micro_fmax=0.249944
epoch=37 loss=0.173293 valid_micro_fmax=0.259318
epoch=38 loss=0.171648 valid_micro_fmax=0.262790
epoch=39 loss=0.168563 valid_micro_fmax=0.272892
epoch=40 loss=0.166003 valid_micro_fmax=0.279753
epoch=41 loss=0.163395 valid_micro_fmax=0.280953
epoch=42 loss=0.160810 valid_micro_fmax=0.289513
epoch=43 loss=0.158708 valid_micro_fmax=0.289919
epoch=44 loss=0.156171 valid_micro_fmax=0.283530
epoch=45 loss=0.152716 valid_micro_fmax=0.290494
epoch=46 loss=0.150253 valid_micro_fmax=0.296036
epoch=47 loss=0.147750 valid_micro_fmax=0.312123
epoch=48 loss=0.145783 valid_micro_fmax=0.310251
epoch=49 loss=0.142437 valid_micro_fmax=0.311137
epoch=50 loss=0.140353 valid_micro_fmax=0.317001
epoch=51 loss=0.136783 valid_micro_fmax=0.336313
epoch=52 loss=0.134036 valid_micro_fmax=0.331301
epoch=53 loss=0.131503 valid_micro_fmax=0.330733
epoch=54 loss=0.128902 valid_micro_fmax=0.328710
epoch=55 loss=0.127047 valid_micro_fmax=0.320739
epoch=56 loss=0.123145 valid_micro_fmax=0.350800
epoch=57 loss=0.120481 valid_micro_fmax=0.348092
epoch=58 loss=0.117551 valid_micro_fmax=0.359695
epoch=59 loss=0.115027 valid_micro_fmax=0.352521
epoch=60 loss=0.112506 valid_micro_fmax=0.347270
epoch=61 loss=0.109332 valid_micro_fmax=0.347210
epoch=62 loss=0.106822 valid_micro_fmax=0.352211
epoch=63 loss=0.103788 valid_micro_fmax=0.362277
epoch=64 loss=0.101683 valid_micro_fmax=0.367062
epoch=65 loss=0.098942 valid_micro_fmax=0.362952
epoch=66 loss=0.096637 valid_micro_fmax=0.365529
epoch=67 loss=0.093602 valid_micro_fmax=0.383299
epoch=68 loss=0.091605 valid_micro_fmax=0.382154
epoch=69 loss=0.088848 valid_micro_fmax=0.378900
epoch=70 loss=0.086310 valid_micro_fmax=0.375356
epoch=71 loss=0.083907 valid_micro_fmax=0.391097
epoch=72 loss=0.081697 valid_micro_fmax=0.390112
epoch=73 loss=0.079368 valid_micro_fmax=0.387244
epoch=74 loss=0.077267 valid_micro_fmax=0.388227
epoch=75 loss=0.075203 valid_micro_fmax=0.403712
epoch=76 loss=0.073164 valid_micro_fmax=0.400988
epoch=77 loss=0.071003 valid_micro_fmax=0.392927
epoch=78 loss=0.069272 valid_micro_fmax=0.404945
epoch=79 loss=0.067416 valid_micro_fmax=0.416796
epoch=80 loss=0.065437 valid_micro_fmax=0.403603
epoch=81 loss=0.063323 valid_micro_fmax=0.416735
epoch=82 loss=0.061636 valid_micro_fmax=0.414410
epoch=83 loss=0.059877 valid_micro_fmax=0.423069
epoch=84 loss=0.057929 valid_micro_fmax=0.426032
epoch=85 loss=0.056718 valid_micro_fmax=0.425645
epoch=86 loss=0.055088 valid_micro_fmax=0.421189
epoch=87 loss=0.053410 valid_micro_fmax=0.430868
epoch=88 loss=0.051597 valid_micro_fmax=0.430382
epoch=89 loss=0.049993 valid_micro_fmax=0.443694
epoch=90 loss=0.048907 valid_micro_fmax=0.444293
epoch=91 loss=0.048066 valid_micro_fmax=0.433050
epoch=92 loss=0.046364 valid_micro_fmax=0.440147
epoch=93 loss=0.044851 valid_micro_fmax=0.439830
epoch=94 loss=0.043981 valid_micro_fmax=0.435714
epoch=95 loss=0.042530 valid_micro_fmax=0.443165
epoch=96 loss=0.041293 valid_micro_fmax=0.446760
epoch=97 loss=0.040913 valid_micro_fmax=0.447963
epoch=98 loss=0.039083 valid_micro_fmax=0.454489
epoch=99 loss=0.038232 valid_micro_fmax=0.456598
epoch=100 loss=0.037475 valid_micro_fmax=0.443119
epoch=101 loss=0.035899 valid_micro_fmax=0.451291
epoch=102 loss=0.035086 valid_micro_fmax=0.447764
epoch=103 loss=0.034070 valid_micro_fmax=0.459402
epoch=104 loss=0.033533 valid_micro_fmax=0.447202
epoch=105 loss=0.032516 valid_micro_fmax=0.452585
epoch=106 loss=0.031730 valid_micro_fmax=0.456907
epoch=107 loss=0.030667 valid_micro_fmax=0.457058
epoch=108 loss=0.030232 valid_micro_fmax=0.465347
epoch=109 loss=0.029185 valid_micro_fmax=0.462367
epoch=110 loss=0.028718 valid_micro_fmax=0.447121
epoch=111 loss=0.027696 valid_micro_fmax=0.463853
epoch=112 loss=0.026756 valid_micro_fmax=0.463378
epoch=113 loss=0.026154 valid_micro_fmax=0.465533
epoch=114 loss=0.026095 valid_micro_fmax=0.461765
epoch=115 loss=0.025249 valid_micro_fmax=0.470622
epoch=116 loss=0.024588 valid_micro_fmax=0.460100
epoch=117 loss=0.024508 valid_micro_fmax=0.455429
epoch=118 loss=0.023419 valid_micro_fmax=0.464699
epoch=119 loss=0.022830 valid_micro_fmax=0.454008
epoch=120 loss=0.022422 valid_micro_fmax=0.462614
epoch=121 loss=0.022088 valid_micro_fmax=0.466648
epoch=122 loss=0.021483 valid_micro_fmax=0.462903
epoch=123 loss=0.021054 valid_micro_fmax=0.459681
epoch=124 loss=0.020358 valid_micro_fmax=0.466431
Early stopping after 124 epochs (patience=9)
GPU completion: NVIDIA L40S, 20401, 46068, 45
