GPU: NVIDIA L40S
CUDA tensor check: 8.0
Mon Jul 20 01:40:42 2026       
+-----------------------------------------------------------------------------------------+
| NVIDIA-SMI 560.35.03              Driver Version: 560.35.03      CUDA Version: 12.6     |
|-----------------------------------------+------------------------+----------------------+
| GPU  Name                 Persistence-M | Bus-Id          Disp.A | Volatile Uncorr. ECC |
| Fan  Temp   Perf          Pwr:Usage/Cap |           Memory-Usage | GPU-Util  Compute M. |
|                                         |                        |               MIG M. |
|=========================================+========================+======================|
|   0  NVIDIA L40S                    On  |   00000000:B5:00.0 Off |                    0 |
| N/A   56C    P0             47W /  350W |     503MiB /  46068MiB |      0%      Default |
|                                         |                        |                  N/A |
+-----------------------------------------+------------------------+----------------------+
                                                                                         
+-----------------------------------------------------------------------------------------+
| Processes:                                                                              |
|  GPU   GI   CI        PID   Type   Process name                              GPU Memory |
|        ID   ID                                                               Usage      |
|=========================================================================================|
|    0   N/A  N/A   1130642      C   python3                                       494MiB |
+-----------------------------------------------------------------------------------------+
CUDA verified: NVIDIA L40S; tensor dot product=8.0
GPU startup: NVIDIA L40S, 533, 46068, 0
Loaded train=6026, valid=754; reserved test set is not loaded
epoch=1 loss=0.818668 validation_macro_fmax=0.275423 valid_micro_fmax=0.106690
epoch=2 loss=0.430783 validation_macro_fmax=0.284519 valid_micro_fmax=0.177030
epoch=3 loss=0.251797 validation_macro_fmax=0.308787 valid_micro_fmax=0.187679
epoch=4 loss=0.200518 validation_macro_fmax=0.346074 valid_micro_fmax=0.227433
epoch=5 loss=0.154525 validation_macro_fmax=0.383149 valid_micro_fmax=0.232524
epoch=6 loss=0.103913 validation_macro_fmax=0.354527 valid_micro_fmax=0.242918
epoch=7 loss=0.084963 validation_macro_fmax=0.382346 valid_micro_fmax=0.264602
epoch=8 loss=0.070807 validation_macro_fmax=0.374054 valid_micro_fmax=0.259932
epoch=9 loss=0.067303 validation_macro_fmax=0.366246 valid_micro_fmax=0.259422
epoch=10 loss=0.059176 validation_macro_fmax=0.380079 valid_micro_fmax=0.273201
epoch=11 loss=0.056692 validation_macro_fmax=0.382905 valid_micro_fmax=0.288689
epoch=12 loss=0.053021 validation_macro_fmax=0.402221 valid_micro_fmax=0.291982
epoch=13 loss=0.051788 validation_macro_fmax=0.400347 valid_micro_fmax=0.325616
epoch=14 loss=0.048288 validation_macro_fmax=0.394470 valid_micro_fmax=0.298986
epoch=15 loss=0.042716 validation_macro_fmax=0.390771 valid_micro_fmax=0.303005
epoch=16 loss=0.036896 validation_macro_fmax=0.396003 valid_micro_fmax=0.325574
epoch=17 loss=0.032397 validation_macro_fmax=0.395389 valid_micro_fmax=0.365664
epoch=18 loss=0.037091 validation_macro_fmax=0.407455 valid_micro_fmax=0.326417
epoch=19 loss=0.063908 validation_macro_fmax=0.380353 valid_micro_fmax=0.312571
epoch=20 loss=0.036293 validation_macro_fmax=0.403266 valid_micro_fmax=0.359613
epoch=21 loss=0.030445 validation_macro_fmax=0.400520 valid_micro_fmax=0.336694
epoch=22 loss=0.029231 validation_macro_fmax=0.382382 valid_micro_fmax=0.332048
epoch=23 loss=0.033710 validation_macro_fmax=0.378348 valid_micro_fmax=0.320934
epoch=24 loss=0.039591 validation_macro_fmax=0.379656 valid_micro_fmax=0.317332
epoch=25 loss=0.035654 validation_macro_fmax=0.384782 valid_micro_fmax=0.306119
epoch=26 loss=0.025220 validation_macro_fmax=0.408454 valid_micro_fmax=0.387342
epoch=27 loss=0.035070 validation_macro_fmax=0.396296 valid_micro_fmax=0.345322
epoch=28 loss=0.031764 validation_macro_fmax=0.405060 valid_micro_fmax=0.346781
epoch=29 loss=0.025119 validation_macro_fmax=0.399891 valid_micro_fmax=0.358995
epoch=30 loss=0.030251 validation_macro_fmax=0.396077 valid_micro_fmax=0.347649
epoch=31 loss=0.024061 validation_macro_fmax=0.400771 valid_micro_fmax=0.354105
epoch=32 loss=0.023500 validation_macro_fmax=0.402873 valid_micro_fmax=0.364073
epoch=33 loss=0.020998 validation_macro_fmax=0.412988 valid_micro_fmax=0.399345
epoch=34 loss=0.019762 validation_macro_fmax=0.415708 valid_micro_fmax=0.381651
epoch=35 loss=0.019008 validation_macro_fmax=0.414350 valid_micro_fmax=0.404050
epoch=36 loss=0.016943 validation_macro_fmax=0.414246 valid_micro_fmax=0.395653
epoch=37 loss=0.023347 validation_macro_fmax=0.401979 valid_micro_fmax=0.331667
epoch=38 loss=0.025621 validation_macro_fmax=0.420187 valid_micro_fmax=0.363102
epoch=39 loss=0.020894 validation_macro_fmax=0.405968 valid_micro_fmax=0.392000
epoch=40 loss=0.016557 validation_macro_fmax=0.413340 valid_micro_fmax=0.381678
epoch=41 loss=0.017294 validation_macro_fmax=0.410217 valid_micro_fmax=0.380128
epoch=42 loss=0.024046 validation_macro_fmax=0.398001 valid_micro_fmax=0.378452
epoch=43 loss=0.023516 validation_macro_fmax=0.402723 valid_micro_fmax=0.359647
epoch=44 loss=0.031525 validation_macro_fmax=0.397557 valid_micro_fmax=0.326808
epoch=45 loss=0.023279 validation_macro_fmax=0.411869 valid_micro_fmax=0.360157
epoch=46 loss=0.026047 validation_macro_fmax=0.408562 valid_micro_fmax=0.368728
epoch=47 loss=0.019339 validation_macro_fmax=0.434218 valid_micro_fmax=0.391864
epoch=48 loss=0.022963 validation_macro_fmax=0.405251 valid_micro_fmax=0.362578
epoch=49 loss=0.022575 validation_macro_fmax=0.408491 valid_micro_fmax=0.332758
epoch=50 loss=0.019237 validation_macro_fmax=0.401001 valid_micro_fmax=0.362610
epoch=51 loss=0.023715 validation_macro_fmax=0.421375 valid_micro_fmax=0.316185
epoch=52 loss=0.020473 validation_macro_fmax=0.413420 valid_micro_fmax=0.381943
epoch=53 loss=0.019239 validation_macro_fmax=0.407822 valid_micro_fmax=0.415783
epoch=54 loss=0.014880 validation_macro_fmax=0.418620 valid_micro_fmax=0.418955
epoch=55 loss=0.017414 validation_macro_fmax=0.412597 valid_micro_fmax=0.418176
epoch=56 loss=0.013046 validation_macro_fmax=0.436406 valid_micro_fmax=0.440156
epoch=57 loss=0.012051 validation_macro_fmax=0.419901 valid_micro_fmax=0.428370
epoch=58 loss=0.012490 validation_macro_fmax=0.429495 valid_micro_fmax=0.444563
epoch=59 loss=0.016052 validation_macro_fmax=0.407368 valid_micro_fmax=0.390312
epoch=60 loss=0.016529 validation_macro_fmax=0.414399 valid_micro_fmax=0.420191
epoch=61 loss=0.024698 validation_macro_fmax=0.411756 valid_micro_fmax=0.366346
epoch=62 loss=0.020023 validation_macro_fmax=0.412732 valid_micro_fmax=0.394126
epoch=63 loss=0.016097 validation_macro_fmax=0.429064 valid_micro_fmax=0.412463
epoch=64 loss=0.013407 validation_macro_fmax=0.428285 valid_micro_fmax=0.412523
epoch=65 loss=0.011830 validation_macro_fmax=0.419052 valid_micro_fmax=0.414462
epoch=66 loss=0.011845 validation_macro_fmax=0.418912 valid_micro_fmax=0.403266
Early stopping after 66 epochs (patience=10)
GPU completion: NVIDIA L40S, 27909, 46068, 0
