GPU: NVIDIA L40S
CUDA tensor check: 8.0
Sun Jul 19 03:55:58 2026       
+-----------------------------------------------------------------------------------------+
| NVIDIA-SMI 560.35.03              Driver Version: 560.35.03      CUDA Version: 12.6     |
|-----------------------------------------+------------------------+----------------------+
| GPU  Name                 Persistence-M | Bus-Id          Disp.A | Volatile Uncorr. ECC |
| Fan  Temp   Perf          Pwr:Usage/Cap |           Memory-Usage | GPU-Util  Compute M. |
|                                         |                        |               MIG M. |
|=========================================+========================+======================|
|   0  NVIDIA L40S                    On  |   00000000:0D:00.0 Off |                    0 |
| N/A   56C    P0             44W /  350W |     503MiB /  46068MiB |      0%      Default |
|                                         |                        |                  N/A |
+-----------------------------------------+------------------------+----------------------+
                                                                                         
+-----------------------------------------------------------------------------------------+
| Processes:                                                                              |
|  GPU   GI   CI        PID   Type   Process name                              GPU Memory |
|        ID   ID                                                               Usage      |
|=========================================================================================|
|    0   N/A  N/A   1090888      C   python3                                       494MiB |
+-----------------------------------------------------------------------------------------+
CUDA verified: NVIDIA L40S; tensor dot product=8.0
GPU startup: NVIDIA L40S, 533, 46068, 0
Loaded train=6026, valid=754; reserved test set is not loaded
epoch=1 loss=0.330506 validation_macro_fmax=0.134106 valid_micro_fmax=0.017239
epoch=2 loss=0.261701 validation_macro_fmax=0.185881 valid_micro_fmax=0.036811
epoch=3 loss=0.240081 validation_macro_fmax=0.223591 valid_micro_fmax=0.043147
epoch=4 loss=0.227668 validation_macro_fmax=0.244942 valid_micro_fmax=0.051908
epoch=5 loss=0.218961 validation_macro_fmax=0.258823 valid_micro_fmax=0.058316
epoch=6 loss=0.211268 validation_macro_fmax=0.272035 valid_micro_fmax=0.070535
epoch=7 loss=0.204505 validation_macro_fmax=0.283633 valid_micro_fmax=0.080033
epoch=8 loss=0.198295 validation_macro_fmax=0.292474 valid_micro_fmax=0.088919
epoch=9 loss=0.190687 validation_macro_fmax=0.302200 valid_micro_fmax=0.103717
epoch=10 loss=0.183444 validation_macro_fmax=0.306230 valid_micro_fmax=0.107403
epoch=11 loss=0.175091 validation_macro_fmax=0.311625 valid_micro_fmax=0.114338
epoch=12 loss=0.165414 validation_macro_fmax=0.317391 valid_micro_fmax=0.113400
epoch=13 loss=0.155802 validation_macro_fmax=0.322459 valid_micro_fmax=0.123988
epoch=14 loss=0.144763 validation_macro_fmax=0.326268 valid_micro_fmax=0.130322
epoch=15 loss=0.133309 validation_macro_fmax=0.330242 valid_micro_fmax=0.131168
epoch=16 loss=0.121727 validation_macro_fmax=0.338438 valid_micro_fmax=0.168744
epoch=17 loss=0.110408 validation_macro_fmax=0.335246 valid_micro_fmax=0.179190
epoch=18 loss=0.099557 validation_macro_fmax=0.347645 valid_micro_fmax=0.180528
epoch=19 loss=0.089086 validation_macro_fmax=0.347400 valid_micro_fmax=0.194430
epoch=20 loss=0.079699 validation_macro_fmax=0.358806 valid_micro_fmax=0.204233
epoch=21 loss=0.070561 validation_macro_fmax=0.355943 valid_micro_fmax=0.209257
epoch=22 loss=0.063000 validation_macro_fmax=0.360821 valid_micro_fmax=0.203088
epoch=23 loss=0.055900 validation_macro_fmax=0.362010 valid_micro_fmax=0.230122
epoch=24 loss=0.049268 validation_macro_fmax=0.358899 valid_micro_fmax=0.215781
epoch=25 loss=0.043840 validation_macro_fmax=0.362206 valid_micro_fmax=0.232408
epoch=26 loss=0.039415 validation_macro_fmax=0.367624 valid_micro_fmax=0.232836
epoch=27 loss=0.035354 validation_macro_fmax=0.359348 valid_micro_fmax=0.254890
epoch=28 loss=0.031549 validation_macro_fmax=0.369489 valid_micro_fmax=0.251166
epoch=29 loss=0.028059 validation_macro_fmax=0.368901 valid_micro_fmax=0.256807
epoch=30 loss=0.025950 validation_macro_fmax=0.366330 valid_micro_fmax=0.266852
epoch=31 loss=0.023480 validation_macro_fmax=0.361474 valid_micro_fmax=0.268034
epoch=32 loss=0.020838 validation_macro_fmax=0.367368 valid_micro_fmax=0.265072
epoch=33 loss=0.019288 validation_macro_fmax=0.378989 valid_micro_fmax=0.279920
epoch=34 loss=0.017434 validation_macro_fmax=0.363265 valid_micro_fmax=0.279503
epoch=35 loss=0.015806 validation_macro_fmax=0.362121 valid_micro_fmax=0.272551
epoch=36 loss=0.014484 validation_macro_fmax=0.368141 valid_micro_fmax=0.278632
epoch=37 loss=0.013373 validation_macro_fmax=0.353716 valid_micro_fmax=0.280899
epoch=38 loss=0.012224 validation_macro_fmax=0.363705 valid_micro_fmax=0.284879
epoch=39 loss=0.011203 validation_macro_fmax=0.361363 valid_micro_fmax=0.289595
epoch=40 loss=0.010603 validation_macro_fmax=0.362574 valid_micro_fmax=0.285714
epoch=41 loss=0.009828 validation_macro_fmax=0.359344 valid_micro_fmax=0.293289
Early stopping after 41 epochs (patience=8)
GPU completion: NVIDIA L40S, 26445, 46068, 0
