GPU: NVIDIA L40S
CUDA tensor check: 8.0
Sun Jul 19 11:31:51 2026       
+-----------------------------------------------------------------------------------------+
| NVIDIA-SMI 560.35.03              Driver Version: 560.35.03      CUDA Version: 12.6     |
|-----------------------------------------+------------------------+----------------------+
| GPU  Name                 Persistence-M | Bus-Id          Disp.A | Volatile Uncorr. ECC |
| Fan  Temp   Perf          Pwr:Usage/Cap |           Memory-Usage | GPU-Util  Compute M. |
|                                         |                        |               MIG M. |
|=========================================+========================+======================|
|   0  NVIDIA L40S                    On  |   00000000:B5:00.0 Off |                    0 |
| N/A   52C    P0             46W /  350W |     503MiB /  46068MiB |      1%      Default |
|                                         |                        |                  N/A |
+-----------------------------------------+------------------------+----------------------+
                                                                                         
+-----------------------------------------------------------------------------------------+
| Processes:                                                                              |
|  GPU   GI   CI        PID   Type   Process name                              GPU Memory |
|        ID   ID                                                               Usage      |
|=========================================================================================|
|    0   N/A  N/A    741066      C   python3                                       494MiB |
+-----------------------------------------------------------------------------------------+
CUDA verified: NVIDIA L40S; tensor dot product=8.0
GPU startup: NVIDIA L40S, 533, 46068, 1
Loaded train=6026, valid=754; reserved test set is not loaded
epoch=1 loss=1.226397 validation_macro_fmax=0.215384 valid_micro_fmax=0.088541
epoch=2 loss=1.113401 validation_macro_fmax=0.213541 valid_micro_fmax=0.089115
epoch=3 loss=1.045815 validation_macro_fmax=0.219320 valid_micro_fmax=0.090073
epoch=4 loss=1.002312 validation_macro_fmax=0.223653 valid_micro_fmax=0.090265
epoch=5 loss=0.963259 validation_macro_fmax=0.223770 valid_micro_fmax=0.091699
epoch=6 loss=0.931342 validation_macro_fmax=0.227350 valid_micro_fmax=0.092690
epoch=7 loss=0.907657 validation_macro_fmax=0.229980 valid_micro_fmax=0.093490
epoch=8 loss=0.886310 validation_macro_fmax=0.232964 valid_micro_fmax=0.097827
epoch=9 loss=0.867451 validation_macro_fmax=0.236067 valid_micro_fmax=0.097666
epoch=10 loss=0.849828 validation_macro_fmax=0.236469 valid_micro_fmax=0.099939
epoch=11 loss=0.837773 validation_macro_fmax=0.237768 valid_micro_fmax=0.100894
epoch=12 loss=0.821999 validation_macro_fmax=0.240908 valid_micro_fmax=0.103463
epoch=13 loss=0.809999 validation_macro_fmax=0.247963 valid_micro_fmax=0.106092
epoch=14 loss=0.799258 validation_macro_fmax=0.249398 valid_micro_fmax=0.114762
epoch=15 loss=0.787503 validation_macro_fmax=0.249960 valid_micro_fmax=0.108925
epoch=16 loss=0.777572 validation_macro_fmax=0.247442 valid_micro_fmax=0.109485
epoch=17 loss=0.767697 validation_macro_fmax=0.249276 valid_micro_fmax=0.119751
epoch=18 loss=0.760852 validation_macro_fmax=0.254084 valid_micro_fmax=0.122153
epoch=19 loss=0.752667 validation_macro_fmax=0.249643 valid_micro_fmax=0.118264
epoch=20 loss=0.744175 validation_macro_fmax=0.250689 valid_micro_fmax=0.123953
epoch=21 loss=0.736670 validation_macro_fmax=0.253611 valid_micro_fmax=0.119933
epoch=22 loss=0.728873 validation_macro_fmax=0.252652 valid_micro_fmax=0.116019
epoch=23 loss=0.721408 validation_macro_fmax=0.254600 valid_micro_fmax=0.127699
epoch=24 loss=0.715331 validation_macro_fmax=0.253169 valid_micro_fmax=0.126913
epoch=25 loss=0.708840 validation_macro_fmax=0.256742 valid_micro_fmax=0.120213
epoch=26 loss=0.703980 validation_macro_fmax=0.259647 valid_micro_fmax=0.122196
epoch=27 loss=0.697197 validation_macro_fmax=0.259826 valid_micro_fmax=0.122309
epoch=28 loss=0.688643 validation_macro_fmax=0.259817 valid_micro_fmax=0.134228
epoch=29 loss=0.683038 validation_macro_fmax=0.260104 valid_micro_fmax=0.126136
epoch=30 loss=0.677614 validation_macro_fmax=0.260208 valid_micro_fmax=0.123406
epoch=31 loss=0.669548 validation_macro_fmax=0.261032 valid_micro_fmax=0.124962
epoch=32 loss=0.664374 validation_macro_fmax=0.261572 valid_micro_fmax=0.126665
epoch=33 loss=0.657472 validation_macro_fmax=0.262921 valid_micro_fmax=0.130122
epoch=34 loss=0.650379 validation_macro_fmax=0.264963 valid_micro_fmax=0.136157
epoch=35 loss=0.643045 validation_macro_fmax=0.266166 valid_micro_fmax=0.134650
epoch=36 loss=0.635481 validation_macro_fmax=0.265798 valid_micro_fmax=0.131011
epoch=37 loss=0.629536 validation_macro_fmax=0.265071 valid_micro_fmax=0.131755
epoch=38 loss=0.621292 validation_macro_fmax=0.264807 valid_micro_fmax=0.137860
epoch=39 loss=0.613351 validation_macro_fmax=0.266665 valid_micro_fmax=0.132895
epoch=40 loss=0.605311 validation_macro_fmax=0.267243 valid_micro_fmax=0.143376
epoch=41 loss=0.597340 validation_macro_fmax=0.267726 valid_micro_fmax=0.145710
epoch=42 loss=0.588568 validation_macro_fmax=0.266624 valid_micro_fmax=0.147929
epoch=43 loss=0.579960 validation_macro_fmax=0.264597 valid_micro_fmax=0.154358
epoch=44 loss=0.571553 validation_macro_fmax=0.266964 valid_micro_fmax=0.150331
epoch=45 loss=0.562117 validation_macro_fmax=0.269432 valid_micro_fmax=0.150692
epoch=46 loss=0.552388 validation_macro_fmax=0.266776 valid_micro_fmax=0.153322
epoch=47 loss=0.542992 validation_macro_fmax=0.264569 valid_micro_fmax=0.159861
epoch=48 loss=0.532517 validation_macro_fmax=0.267796 valid_micro_fmax=0.156495
epoch=49 loss=0.522355 validation_macro_fmax=0.263856 valid_micro_fmax=0.163636
epoch=50 loss=0.511568 validation_macro_fmax=0.267070 valid_micro_fmax=0.164556
epoch=51 loss=0.501071 validation_macro_fmax=0.265632 valid_micro_fmax=0.165599
epoch=52 loss=0.490525 validation_macro_fmax=0.260842 valid_micro_fmax=0.154841
epoch=53 loss=0.479542 validation_macro_fmax=0.267591 valid_micro_fmax=0.179214
Early stopping after 53 epochs (patience=8)
GPU completion: NVIDIA L40S, 31547, 46068, 0
