GPU: NVIDIA L40S
CUDA tensor check: 8.0
Sun Jul 19 09:02:55 2026       
+-----------------------------------------------------------------------------------------+
| NVIDIA-SMI 560.35.03              Driver Version: 560.35.03      CUDA Version: 12.6     |
|-----------------------------------------+------------------------+----------------------+
| GPU  Name                 Persistence-M | Bus-Id          Disp.A | Volatile Uncorr. ECC |
| Fan  Temp   Perf          Pwr:Usage/Cap |           Memory-Usage | GPU-Util  Compute M. |
|                                         |                        |               MIG M. |
|=========================================+========================+======================|
|   0  NVIDIA L40S                    On  |   00000000:B5:00.0 Off |                    0 |
| N/A   48C    P0             44W /  350W |     503MiB /  46068MiB |      0%      Default |
|                                         |                        |                  N/A |
+-----------------------------------------+------------------------+----------------------+
                                                                                         
+-----------------------------------------------------------------------------------------+
| Processes:                                                                              |
|  GPU   GI   CI        PID   Type   Process name                              GPU Memory |
|        ID   ID                                                               Usage      |
|=========================================================================================|
|    0   N/A  N/A    650959      C   python3                                       494MiB |
+-----------------------------------------------------------------------------------------+
CUDA verified: NVIDIA L40S; tensor dot product=8.0
GPU startup: NVIDIA L40S, 533, 46068, 0
Loaded train=6026, valid=754; reserved test set is not loaded
epoch=1 loss=0.912706 validation_macro_fmax=0.201871 valid_micro_fmax=0.111630
epoch=2 loss=0.722358 validation_macro_fmax=0.224572 valid_micro_fmax=0.148214
epoch=3 loss=0.579809 validation_macro_fmax=0.231058 valid_micro_fmax=0.166862
epoch=4 loss=0.388852 validation_macro_fmax=0.240817 valid_micro_fmax=0.182019
epoch=5 loss=0.227404 validation_macro_fmax=0.226176 valid_micro_fmax=0.204991
epoch=6 loss=0.132711 validation_macro_fmax=0.232433 valid_micro_fmax=0.220856
epoch=7 loss=0.084465 validation_macro_fmax=0.228637 valid_micro_fmax=0.197917
epoch=8 loss=0.057870 validation_macro_fmax=0.240998 valid_micro_fmax=0.244488
epoch=9 loss=0.041621 validation_macro_fmax=0.231909 valid_micro_fmax=0.250938
epoch=10 loss=0.032535 validation_macro_fmax=0.238015 valid_micro_fmax=0.250976
epoch=11 loss=0.024967 validation_macro_fmax=0.228732 valid_micro_fmax=0.254582
epoch=12 loss=0.020965 validation_macro_fmax=0.225936 valid_micro_fmax=0.275437
epoch=13 loss=0.016934 validation_macro_fmax=0.234148 valid_micro_fmax=0.276675
epoch=14 loss=0.036732 validation_macro_fmax=0.222429 valid_micro_fmax=0.239967
epoch=15 loss=0.094576 validation_macro_fmax=0.241110 valid_micro_fmax=0.185171
epoch=16 loss=0.045707 validation_macro_fmax=0.241883 valid_micro_fmax=0.199945
epoch=17 loss=0.030367 validation_macro_fmax=0.222406 valid_micro_fmax=0.226109
epoch=18 loss=0.021104 validation_macro_fmax=0.229629 valid_micro_fmax=0.225535
epoch=19 loss=0.015839 validation_macro_fmax=0.233803 valid_micro_fmax=0.251866
epoch=20 loss=0.014337 validation_macro_fmax=0.226849 valid_micro_fmax=0.261679
epoch=21 loss=0.010676 validation_macro_fmax=0.226403 valid_micro_fmax=0.249748
epoch=22 loss=0.009216 validation_macro_fmax=0.233812 valid_micro_fmax=0.260963
epoch=23 loss=0.008422 validation_macro_fmax=0.230129 valid_micro_fmax=0.255556
epoch=24 loss=0.007449 validation_macro_fmax=0.231151 valid_micro_fmax=0.261124
epoch=25 loss=0.006871 validation_macro_fmax=0.236876 valid_micro_fmax=0.260165
Early stopping after 25 epochs (patience=9)
GPU completion: NVIDIA L40S, 41781, 46068, 0
