GPU: NVIDIA L40S
CUDA tensor check: 8.0
Wed Jul 15 17:19:54 2026       
+-----------------------------------------------------------------------------------------+
| NVIDIA-SMI 560.35.03              Driver Version: 560.35.03      CUDA Version: 12.6     |
|-----------------------------------------+------------------------+----------------------+
| GPU  Name                 Persistence-M | Bus-Id          Disp.A | Volatile Uncorr. ECC |
| Fan  Temp   Perf          Pwr:Usage/Cap |           Memory-Usage | GPU-Util  Compute M. |
|                                         |                        |               MIG M. |
|=========================================+========================+======================|
|   0  NVIDIA L40S                    On  |   00000000:B5:00.0 Off |                    0 |
| N/A   40C    P0             50W /  350W |     503MiB /  46068MiB |      0%      Default |
|                                         |                        |                  N/A |
+-----------------------------------------+------------------------+----------------------+
                                                                                         
+-----------------------------------------------------------------------------------------+
| Processes:                                                                              |
|  GPU   GI   CI        PID   Type   Process name                              GPU Memory |
|        ID   ID                                                               Usage      |
|=========================================================================================|
|    0   N/A  N/A   2466261      C   python3                                       494MiB |
+-----------------------------------------------------------------------------------------+
CUDA verified: NVIDIA L40S; tensor dot product=8.0
GPU startup: NVIDIA L40S, 533, 46068, 5
Loaded train=6026, valid=754; reserved test set is not loaded
epoch=1 loss=0.608590 valid_micro_fmax=0.269704
epoch=2 loss=0.264187 valid_micro_fmax=0.284455
epoch=3 loss=0.147158 valid_micro_fmax=0.395436
epoch=4 loss=0.096787 valid_micro_fmax=0.384182
epoch=5 loss=0.079671 valid_micro_fmax=0.404357
epoch=6 loss=0.066778 valid_micro_fmax=0.412377
epoch=7 loss=0.057497 valid_micro_fmax=0.402035
epoch=8 loss=0.049660 valid_micro_fmax=0.409707
