GPU: NVIDIA L40S
CUDA tensor check: 8.0
Fri Jul 17 00:05:15 2026       
+-----------------------------------------------------------------------------------------+
| NVIDIA-SMI 560.35.03              Driver Version: 560.35.03      CUDA Version: 12.6     |
|-----------------------------------------+------------------------+----------------------+
| GPU  Name                 Persistence-M | Bus-Id          Disp.A | Volatile Uncorr. ECC |
| Fan  Temp   Perf          Pwr:Usage/Cap |           Memory-Usage | GPU-Util  Compute M. |
|                                         |                        |               MIG M. |
|=========================================+========================+======================|
|   0  NVIDIA L40S                    On  |   00000000:0D:00.0 Off |                    0 |
| N/A   41C    P0             39W /  350W |     503MiB /  46068MiB |      0%      Default |
|                                         |                        |                  N/A |
+-----------------------------------------+------------------------+----------------------+
                                                                                         
+-----------------------------------------------------------------------------------------+
| Processes:                                                                              |
|  GPU   GI   CI        PID   Type   Process name                              GPU Memory |
|        ID   ID                                                               Usage      |
|=========================================================================================|
|    0   N/A  N/A   2731369      C   python3                                       494MiB |
+-----------------------------------------------------------------------------------------+
CUDA verified: NVIDIA L40S; tensor dot product=8.0
GPU startup: NVIDIA L40S, 533, 46068, 5
Loaded train=6026, valid=754; reserved test set is not loaded
epoch=1 loss=0.291734 validation_macro_fmax=0.211617 valid_micro_fmax=0.054268
epoch=2 loss=0.170415 validation_macro_fmax=0.237684 valid_micro_fmax=0.078522
epoch=3 loss=0.119401 validation_macro_fmax=0.240361 valid_micro_fmax=0.093611
epoch=4 loss=0.084274 validation_macro_fmax=0.205922 valid_micro_fmax=0.074603
epoch=5 loss=0.065141 validation_macro_fmax=0.249014 valid_micro_fmax=0.134902
epoch=6 loss=0.053122 validation_macro_fmax=0.257461 valid_micro_fmax=0.139538
epoch=7 loss=0.047159 validation_macro_fmax=0.202331 valid_micro_fmax=0.108697
epoch=8 loss=0.041836 validation_macro_fmax=0.230463 valid_micro_fmax=0.149070
epoch=9 loss=0.048473 validation_macro_fmax=0.237726 valid_micro_fmax=0.136125
epoch=10 loss=0.032707 validation_macro_fmax=0.239683 valid_micro_fmax=0.166642
epoch=11 loss=0.029939 validation_macro_fmax=0.256810 valid_micro_fmax=0.185938
epoch=12 loss=0.030793 validation_macro_fmax=0.213379 valid_micro_fmax=0.178362
epoch=13 loss=0.028187 validation_macro_fmax=0.230136 valid_micro_fmax=0.170274
epoch=14 loss=0.023619 validation_macro_fmax=0.220066 valid_micro_fmax=0.181818
epoch=15 loss=0.034729 validation_macro_fmax=0.219545 valid_micro_fmax=0.170653
epoch=16 loss=0.023684 validation_macro_fmax=0.237424 valid_micro_fmax=0.168322
Early stopping after 16 epochs (patience=10)
GPU completion: NVIDIA L40S, 35841, 46068, 0
