GPU: NVIDIA L40S
CUDA tensor check: 8.0
Mon Jul 20 07:03:47 2026       
+-----------------------------------------------------------------------------------------+
| NVIDIA-SMI 560.35.03              Driver Version: 560.35.03      CUDA Version: 12.6     |
|-----------------------------------------+------------------------+----------------------+
| GPU  Name                 Persistence-M | Bus-Id          Disp.A | Volatile Uncorr. ECC |
| Fan  Temp   Perf          Pwr:Usage/Cap |           Memory-Usage | GPU-Util  Compute M. |
|                                         |                        |               MIG M. |
|=========================================+========================+======================|
|   0  NVIDIA L40S                    On  |   00000000:B5:00.0 Off |                    0 |
| N/A   52C    P0             47W /  350W |     503MiB /  46068MiB |      0%      Default |
|                                         |                        |                  N/A |
+-----------------------------------------+------------------------+----------------------+
                                                                                         
+-----------------------------------------------------------------------------------------+
| Processes:                                                                              |
|  GPU   GI   CI        PID   Type   Process name                              GPU Memory |
|        ID   ID                                                               Usage      |
|=========================================================================================|
|    0   N/A  N/A   1814515      C   python3                                       494MiB |
+-----------------------------------------------------------------------------------------+
CUDA verified: NVIDIA L40S; tensor dot product=8.0
GPU startup: NVIDIA L40S, 533, 46068, 0
Loaded train=6026, valid=754; reserved test set is not loaded
epoch=1 loss=0.410457 validation_macro_fmax=0.093435 valid_micro_fmax=0.018687
epoch=2 loss=0.372000 validation_macro_fmax=0.094313 valid_micro_fmax=0.015763
epoch=3 loss=0.348754 validation_macro_fmax=0.097819 valid_micro_fmax=0.016322
epoch=4 loss=0.330344 validation_macro_fmax=0.104406 valid_micro_fmax=0.016580
epoch=5 loss=0.314429 validation_macro_fmax=0.112375 valid_micro_fmax=0.017705
epoch=6 loss=0.302952 validation_macro_fmax=0.117918 valid_micro_fmax=0.019554
epoch=7 loss=0.293540 validation_macro_fmax=0.126667 valid_micro_fmax=0.023547
epoch=8 loss=0.284805 validation_macro_fmax=0.136639 valid_micro_fmax=0.025640
epoch=9 loss=0.277556 validation_macro_fmax=0.146725 valid_micro_fmax=0.027140
epoch=10 loss=0.271001 validation_macro_fmax=0.153930 valid_micro_fmax=0.030832
epoch=11 loss=0.264279 validation_macro_fmax=0.153969 valid_micro_fmax=0.035543
epoch=12 loss=0.259370 validation_macro_fmax=0.169771 valid_micro_fmax=0.037287
epoch=13 loss=0.255041 validation_macro_fmax=0.173486 valid_micro_fmax=0.039292
epoch=14 loss=0.250949 validation_macro_fmax=0.171230 valid_micro_fmax=0.043689
epoch=15 loss=0.247279 validation_macro_fmax=0.180345 valid_micro_fmax=0.049406
epoch=16 loss=0.243927 validation_macro_fmax=0.186044 valid_micro_fmax=0.055446
epoch=17 loss=0.240453 validation_macro_fmax=0.193728 valid_micro_fmax=0.062325
epoch=18 loss=0.236789 validation_macro_fmax=0.196426 valid_micro_fmax=0.068021
epoch=19 loss=0.233984 validation_macro_fmax=0.204371 valid_micro_fmax=0.074160
epoch=20 loss=0.230738 validation_macro_fmax=0.206048 valid_micro_fmax=0.085365
epoch=21 loss=0.228662 validation_macro_fmax=0.211407 valid_micro_fmax=0.092075
epoch=22 loss=0.225760 validation_macro_fmax=0.217048 valid_micro_fmax=0.106016
epoch=23 loss=0.222840 validation_macro_fmax=0.222315 valid_micro_fmax=0.109067
epoch=24 loss=0.221565 validation_macro_fmax=0.224119 valid_micro_fmax=0.115589
epoch=25 loss=0.218598 validation_macro_fmax=0.230457 valid_micro_fmax=0.117234
epoch=26 loss=0.216433 validation_macro_fmax=0.233830 valid_micro_fmax=0.122903
epoch=27 loss=0.214742 validation_macro_fmax=0.237343 valid_micro_fmax=0.133081
epoch=28 loss=0.212336 validation_macro_fmax=0.240254 valid_micro_fmax=0.139078
epoch=29 loss=0.210535 validation_macro_fmax=0.244874 valid_micro_fmax=0.141147
epoch=30 loss=0.208696 validation_macro_fmax=0.247323 valid_micro_fmax=0.147045
epoch=31 loss=0.206965 validation_macro_fmax=0.250380 valid_micro_fmax=0.160011
epoch=32 loss=0.205261 validation_macro_fmax=0.249876 valid_micro_fmax=0.157829
epoch=33 loss=0.203284 validation_macro_fmax=0.258348 valid_micro_fmax=0.176080
epoch=34 loss=0.200801 validation_macro_fmax=0.260980 valid_micro_fmax=0.177502
epoch=35 loss=0.199038 validation_macro_fmax=0.262832 valid_micro_fmax=0.180840
epoch=36 loss=0.196753 validation_macro_fmax=0.268123 valid_micro_fmax=0.186199
epoch=37 loss=0.195091 validation_macro_fmax=0.270625 valid_micro_fmax=0.195070
epoch=38 loss=0.193279 validation_macro_fmax=0.272187 valid_micro_fmax=0.198366
epoch=39 loss=0.191279 validation_macro_fmax=0.276398 valid_micro_fmax=0.199211
epoch=40 loss=0.189008 validation_macro_fmax=0.277025 valid_micro_fmax=0.201781
epoch=41 loss=0.187179 validation_macro_fmax=0.280313 valid_micro_fmax=0.206016
epoch=42 loss=0.184972 validation_macro_fmax=0.282369 valid_micro_fmax=0.209906
epoch=43 loss=0.183120 validation_macro_fmax=0.283740 valid_micro_fmax=0.215976
epoch=44 loss=0.180792 validation_macro_fmax=0.287554 valid_micro_fmax=0.214217
epoch=45 loss=0.178843 validation_macro_fmax=0.285476 valid_micro_fmax=0.217001
epoch=46 loss=0.176353 validation_macro_fmax=0.285337 valid_micro_fmax=0.215650
epoch=47 loss=0.174315 validation_macro_fmax=0.288641 valid_micro_fmax=0.222568
epoch=48 loss=0.171995 validation_macro_fmax=0.291454 valid_micro_fmax=0.225719
epoch=49 loss=0.169803 validation_macro_fmax=0.292622 valid_micro_fmax=0.230545
epoch=50 loss=0.167455 validation_macro_fmax=0.290693 valid_micro_fmax=0.225730
epoch=51 loss=0.165100 validation_macro_fmax=0.295578 valid_micro_fmax=0.229281
epoch=52 loss=0.162732 validation_macro_fmax=0.294209 valid_micro_fmax=0.230412
epoch=53 loss=0.160041 validation_macro_fmax=0.295640 valid_micro_fmax=0.232929
epoch=54 loss=0.157306 validation_macro_fmax=0.300906 valid_micro_fmax=0.237637
epoch=55 loss=0.155145 validation_macro_fmax=0.303713 valid_micro_fmax=0.239657
epoch=56 loss=0.152868 validation_macro_fmax=0.302832 valid_micro_fmax=0.239818
epoch=57 loss=0.150062 validation_macro_fmax=0.301996 valid_micro_fmax=0.238910
epoch=58 loss=0.147406 validation_macro_fmax=0.303831 valid_micro_fmax=0.240964
epoch=59 loss=0.145012 validation_macro_fmax=0.310270 valid_micro_fmax=0.244434
epoch=60 loss=0.142142 validation_macro_fmax=0.306244 valid_micro_fmax=0.246646
epoch=61 loss=0.139506 validation_macro_fmax=0.306923 valid_micro_fmax=0.245070
epoch=62 loss=0.137082 validation_macro_fmax=0.307798 valid_micro_fmax=0.247976
epoch=63 loss=0.134787 validation_macro_fmax=0.313202 valid_micro_fmax=0.249916
epoch=64 loss=0.131323 validation_macro_fmax=0.309483 valid_micro_fmax=0.248928
epoch=65 loss=0.128688 validation_macro_fmax=0.315709 valid_micro_fmax=0.249433
epoch=66 loss=0.126755 validation_macro_fmax=0.317240 valid_micro_fmax=0.251593
epoch=67 loss=0.124225 validation_macro_fmax=0.317819 valid_micro_fmax=0.253256
epoch=68 loss=0.120980 validation_macro_fmax=0.316533 valid_micro_fmax=0.251686
epoch=69 loss=0.118001 validation_macro_fmax=0.318512 valid_micro_fmax=0.257563
epoch=70 loss=0.115577 validation_macro_fmax=0.319684 valid_micro_fmax=0.257629
epoch=71 loss=0.112879 validation_macro_fmax=0.316242 valid_micro_fmax=0.255474
epoch=72 loss=0.110515 validation_macro_fmax=0.323662 valid_micro_fmax=0.258232
epoch=73 loss=0.107992 validation_macro_fmax=0.323563 valid_micro_fmax=0.255993
epoch=74 loss=0.105090 validation_macro_fmax=0.325968 valid_micro_fmax=0.255274
epoch=75 loss=0.102760 validation_macro_fmax=0.327478 valid_micro_fmax=0.268846
epoch=76 loss=0.100112 validation_macro_fmax=0.328164 valid_micro_fmax=0.262097
epoch=77 loss=0.097722 validation_macro_fmax=0.328151 valid_micro_fmax=0.261923
epoch=78 loss=0.095309 validation_macro_fmax=0.328631 valid_micro_fmax=0.261298
epoch=79 loss=0.092932 validation_macro_fmax=0.327974 valid_micro_fmax=0.276694
epoch=80 loss=0.090339 validation_macro_fmax=0.331885 valid_micro_fmax=0.268956
epoch=81 loss=0.087962 validation_macro_fmax=0.328083 valid_micro_fmax=0.276056
epoch=82 loss=0.085597 validation_macro_fmax=0.331934 valid_micro_fmax=0.269915
epoch=83 loss=0.083889 validation_macro_fmax=0.328886 valid_micro_fmax=0.277415
epoch=84 loss=0.081310 validation_macro_fmax=0.331140 valid_micro_fmax=0.275083
epoch=85 loss=0.079299 validation_macro_fmax=0.328864 valid_micro_fmax=0.279679
epoch=86 loss=0.077243 validation_macro_fmax=0.325119 valid_micro_fmax=0.279560
epoch=87 loss=0.074025 validation_macro_fmax=0.333371 valid_micro_fmax=0.284390
epoch=88 loss=0.072800 validation_macro_fmax=0.335699 valid_micro_fmax=0.282729
epoch=89 loss=0.070578 validation_macro_fmax=0.336521 valid_micro_fmax=0.293675
epoch=90 loss=0.069093 validation_macro_fmax=0.334327 valid_micro_fmax=0.287800
epoch=91 loss=0.067091 validation_macro_fmax=0.337717 valid_micro_fmax=0.292029
epoch=92 loss=0.064973 validation_macro_fmax=0.335298 valid_micro_fmax=0.291359
epoch=93 loss=0.063073 validation_macro_fmax=0.340475 valid_micro_fmax=0.302012
epoch=94 loss=0.061432 validation_macro_fmax=0.341794 valid_micro_fmax=0.302107
epoch=95 loss=0.059939 validation_macro_fmax=0.342762 valid_micro_fmax=0.315290
epoch=96 loss=0.057884 validation_macro_fmax=0.340197 valid_micro_fmax=0.312671
epoch=97 loss=0.056401 validation_macro_fmax=0.339565 valid_micro_fmax=0.321064
epoch=98 loss=0.054850 validation_macro_fmax=0.343395 valid_micro_fmax=0.318206
epoch=99 loss=0.053231 validation_macro_fmax=0.345768 valid_micro_fmax=0.317978
epoch=100 loss=0.051651 validation_macro_fmax=0.345682 valid_micro_fmax=0.320675
epoch=101 loss=0.050281 validation_macro_fmax=0.344076 valid_micro_fmax=0.326710
epoch=102 loss=0.048600 validation_macro_fmax=0.341622 valid_micro_fmax=0.323578
epoch=103 loss=0.047668 validation_macro_fmax=0.344167 valid_micro_fmax=0.322626
epoch=104 loss=0.046459 validation_macro_fmax=0.348118 valid_micro_fmax=0.335393
epoch=105 loss=0.044686 validation_macro_fmax=0.345544 valid_micro_fmax=0.328896
epoch=106 loss=0.043568 validation_macro_fmax=0.350264 valid_micro_fmax=0.334044
epoch=107 loss=0.041956 validation_macro_fmax=0.350312 valid_micro_fmax=0.335595
epoch=108 loss=0.041013 validation_macro_fmax=0.349957 valid_micro_fmax=0.343089
epoch=109 loss=0.040007 validation_macro_fmax=0.352667 valid_micro_fmax=0.347798
epoch=110 loss=0.038738 validation_macro_fmax=0.352043 valid_micro_fmax=0.340463
epoch=111 loss=0.037632 validation_macro_fmax=0.346187 valid_micro_fmax=0.348669
epoch=112 loss=0.036870 validation_macro_fmax=0.356312 valid_micro_fmax=0.355997
epoch=113 loss=0.035528 validation_macro_fmax=0.356807 valid_micro_fmax=0.363128
epoch=114 loss=0.034730 validation_macro_fmax=0.350559 valid_micro_fmax=0.359992
epoch=115 loss=0.033581 validation_macro_fmax=0.356463 valid_micro_fmax=0.357868
epoch=116 loss=0.032936 validation_macro_fmax=0.361607 valid_micro_fmax=0.366337
epoch=117 loss=0.032136 validation_macro_fmax=0.356180 valid_micro_fmax=0.368513
epoch=118 loss=0.031040 validation_macro_fmax=0.356220 valid_micro_fmax=0.362490
epoch=119 loss=0.030212 validation_macro_fmax=0.363383 valid_micro_fmax=0.369439
epoch=120 loss=0.029514 validation_macro_fmax=0.361734 valid_micro_fmax=0.363255
epoch=121 loss=0.028500 validation_macro_fmax=0.364308 valid_micro_fmax=0.374237
epoch=122 loss=0.027748 validation_macro_fmax=0.366594 valid_micro_fmax=0.379229
epoch=123 loss=0.027260 validation_macro_fmax=0.363353 valid_micro_fmax=0.359333
epoch=124 loss=0.026106 validation_macro_fmax=0.363025 valid_micro_fmax=0.381062
epoch=125 loss=0.025665 validation_macro_fmax=0.365707 valid_micro_fmax=0.384006
epoch=126 loss=0.025083 validation_macro_fmax=0.368249 valid_micro_fmax=0.376342
epoch=127 loss=0.024140 validation_macro_fmax=0.364523 valid_micro_fmax=0.394158
epoch=128 loss=0.023755 validation_macro_fmax=0.361510 valid_micro_fmax=0.382244
epoch=129 loss=0.023247 validation_macro_fmax=0.368752 valid_micro_fmax=0.390653
epoch=130 loss=0.022643 validation_macro_fmax=0.369854 valid_micro_fmax=0.381461
epoch=131 loss=0.021904 validation_macro_fmax=0.365272 valid_micro_fmax=0.389339
epoch=132 loss=0.021430 validation_macro_fmax=0.364702 valid_micro_fmax=0.387621
epoch=133 loss=0.020661 validation_macro_fmax=0.372024 valid_micro_fmax=0.379669
epoch=134 loss=0.020273 validation_macro_fmax=0.372608 valid_micro_fmax=0.383937
epoch=135 loss=0.019812 validation_macro_fmax=0.367371 valid_micro_fmax=0.389030
epoch=136 loss=0.019412 validation_macro_fmax=0.372397 valid_micro_fmax=0.392287
epoch=137 loss=0.018848 validation_macro_fmax=0.370253 valid_micro_fmax=0.386545
epoch=138 loss=0.018485 validation_macro_fmax=0.371493 valid_micro_fmax=0.389567
epoch=139 loss=0.017783 validation_macro_fmax=0.374739 valid_micro_fmax=0.386325
epoch=140 loss=0.017501 validation_macro_fmax=0.371305 valid_micro_fmax=0.392777
epoch=141 loss=0.017126 validation_macro_fmax=0.376852 valid_micro_fmax=0.387611
epoch=142 loss=0.016812 validation_macro_fmax=0.371095 valid_micro_fmax=0.387002
epoch=143 loss=0.016427 validation_macro_fmax=0.372359 valid_micro_fmax=0.391497
epoch=144 loss=0.015903 validation_macro_fmax=0.371778 valid_micro_fmax=0.405807
epoch=145 loss=0.015525 validation_macro_fmax=0.373743 valid_micro_fmax=0.396685
epoch=146 loss=0.015067 validation_macro_fmax=0.372217 valid_micro_fmax=0.391291
epoch=147 loss=0.014593 validation_macro_fmax=0.374687 valid_micro_fmax=0.394509
epoch=148 loss=0.014511 validation_macro_fmax=0.374782 valid_micro_fmax=0.395316
epoch=149 loss=0.014263 validation_macro_fmax=0.375263 valid_micro_fmax=0.404362
epoch=150 loss=0.013854 validation_macro_fmax=0.376021 valid_micro_fmax=0.390985
Early stopping after 150 epochs (patience=9)
GPU completion: NVIDIA L40S, 31921, 46068, 0
