GPU: NVIDIA L40S
CUDA tensor check: 8.0
Sun Jul 19 21:27:43 2026       
+-----------------------------------------------------------------------------------------+
| NVIDIA-SMI 560.35.03              Driver Version: 560.35.03      CUDA Version: 12.6     |
|-----------------------------------------+------------------------+----------------------+
| GPU  Name                 Persistence-M | Bus-Id          Disp.A | Volatile Uncorr. ECC |
| Fan  Temp   Perf          Pwr:Usage/Cap |           Memory-Usage | GPU-Util  Compute M. |
|                                         |                        |               MIG M. |
|=========================================+========================+======================|
|   0  NVIDIA L40S                    On  |   00000000:B5:00.0 Off |                    0 |
| N/A   46C    P0             43W /  350W |     503MiB /  46068MiB |      0%      Default |
|                                         |                        |                  N/A |
+-----------------------------------------+------------------------+----------------------+
                                                                                         
+-----------------------------------------------------------------------------------------+
| Processes:                                                                              |
|  GPU   GI   CI        PID   Type   Process name                              GPU Memory |
|        ID   ID                                                               Usage      |
|=========================================================================================|
|    0   N/A  N/A   1022566      C   python3                                       494MiB |
+-----------------------------------------------------------------------------------------+
CUDA verified: NVIDIA L40S; tensor dot product=8.0
GPU startup: NVIDIA L40S, 533, 46068, 0
Loaded train=6026, valid=754; reserved test set is not loaded
epoch=1 loss=0.257584 validation_macro_fmax=0.109915 valid_micro_fmax=0.011912
epoch=2 loss=0.203034 validation_macro_fmax=0.126331 valid_micro_fmax=0.014628
epoch=3 loss=0.181330 validation_macro_fmax=0.148214 valid_micro_fmax=0.020562
epoch=4 loss=0.168371 validation_macro_fmax=0.174341 valid_micro_fmax=0.026123
epoch=5 loss=0.160674 validation_macro_fmax=0.197325 valid_micro_fmax=0.029066
epoch=6 loss=0.154336 validation_macro_fmax=0.213285 valid_micro_fmax=0.036645
epoch=7 loss=0.149537 validation_macro_fmax=0.220615 valid_micro_fmax=0.045317
epoch=8 loss=0.145986 validation_macro_fmax=0.231847 valid_micro_fmax=0.044065
epoch=9 loss=0.142321 validation_macro_fmax=0.230687 valid_micro_fmax=0.048762
epoch=10 loss=0.138979 validation_macro_fmax=0.247738 valid_micro_fmax=0.054433
epoch=11 loss=0.135777 validation_macro_fmax=0.259649 valid_micro_fmax=0.053930
epoch=12 loss=0.132866 validation_macro_fmax=0.256550 valid_micro_fmax=0.059713
epoch=13 loss=0.130823 validation_macro_fmax=0.251982 valid_micro_fmax=0.070117
epoch=14 loss=0.127945 validation_macro_fmax=0.261842 valid_micro_fmax=0.062719
epoch=15 loss=0.125273 validation_macro_fmax=0.269034 valid_micro_fmax=0.069617
epoch=16 loss=0.122348 validation_macro_fmax=0.268346 valid_micro_fmax=0.073239
epoch=17 loss=0.119743 validation_macro_fmax=0.287894 valid_micro_fmax=0.078624
epoch=18 loss=0.117516 validation_macro_fmax=0.290070 valid_micro_fmax=0.078228
epoch=19 loss=0.114780 validation_macro_fmax=0.297636 valid_micro_fmax=0.085781
epoch=20 loss=0.111785 validation_macro_fmax=0.302382 valid_micro_fmax=0.082747
epoch=21 loss=0.109185 validation_macro_fmax=0.307287 valid_micro_fmax=0.097906
epoch=22 loss=0.106175 validation_macro_fmax=0.305142 valid_micro_fmax=0.091855
epoch=23 loss=0.103252 validation_macro_fmax=0.313094 valid_micro_fmax=0.097621
epoch=24 loss=0.099657 validation_macro_fmax=0.317017 valid_micro_fmax=0.107527
epoch=25 loss=0.096184 validation_macro_fmax=0.323147 valid_micro_fmax=0.115561
epoch=26 loss=0.092985 validation_macro_fmax=0.329526 valid_micro_fmax=0.110432
epoch=27 loss=0.088741 validation_macro_fmax=0.325597 valid_micro_fmax=0.114123
epoch=28 loss=0.085031 validation_macro_fmax=0.335087 valid_micro_fmax=0.119152
epoch=29 loss=0.081394 validation_macro_fmax=0.332806 valid_micro_fmax=0.120417
epoch=30 loss=0.077296 validation_macro_fmax=0.342735 valid_micro_fmax=0.123774
epoch=31 loss=0.072959 validation_macro_fmax=0.337897 valid_micro_fmax=0.127527
epoch=32 loss=0.069110 validation_macro_fmax=0.346455 valid_micro_fmax=0.145600
epoch=33 loss=0.065211 validation_macro_fmax=0.347621 valid_micro_fmax=0.142368
epoch=34 loss=0.061018 validation_macro_fmax=0.355164 valid_micro_fmax=0.166060
epoch=35 loss=0.057827 validation_macro_fmax=0.357304 valid_micro_fmax=0.171810
epoch=36 loss=0.053806 validation_macro_fmax=0.363379 valid_micro_fmax=0.170265
epoch=37 loss=0.050032 validation_macro_fmax=0.355538 valid_micro_fmax=0.154985
epoch=38 loss=0.046521 validation_macro_fmax=0.359819 valid_micro_fmax=0.174011
epoch=39 loss=0.043342 validation_macro_fmax=0.368019 valid_micro_fmax=0.196761
epoch=40 loss=0.040180 validation_macro_fmax=0.368720 valid_micro_fmax=0.204883
epoch=41 loss=0.037170 validation_macro_fmax=0.369279 valid_micro_fmax=0.193262
epoch=42 loss=0.034572 validation_macro_fmax=0.375048 valid_micro_fmax=0.210941
epoch=43 loss=0.031898 validation_macro_fmax=0.380372 valid_micro_fmax=0.192263
epoch=44 loss=0.029403 validation_macro_fmax=0.380959 valid_micro_fmax=0.207898
epoch=45 loss=0.026890 validation_macro_fmax=0.376769 valid_micro_fmax=0.210143
epoch=46 loss=0.025292 validation_macro_fmax=0.374193 valid_micro_fmax=0.204001
epoch=47 loss=0.023261 validation_macro_fmax=0.383673 valid_micro_fmax=0.214889
epoch=48 loss=0.021596 validation_macro_fmax=0.387771 valid_micro_fmax=0.228453
epoch=49 loss=0.019960 validation_macro_fmax=0.380278 valid_micro_fmax=0.228457
epoch=50 loss=0.018375 validation_macro_fmax=0.379615 valid_micro_fmax=0.224022
epoch=51 loss=0.016935 validation_macro_fmax=0.389468 valid_micro_fmax=0.229418
epoch=52 loss=0.015936 validation_macro_fmax=0.392548 valid_micro_fmax=0.234839
epoch=53 loss=0.014813 validation_macro_fmax=0.379297 valid_micro_fmax=0.237568
epoch=54 loss=0.013540 validation_macro_fmax=0.382567 valid_micro_fmax=0.250000
epoch=55 loss=0.012543 validation_macro_fmax=0.388885 valid_micro_fmax=0.263348
epoch=56 loss=0.011706 validation_macro_fmax=0.396268 valid_micro_fmax=0.271870
epoch=57 loss=0.010791 validation_macro_fmax=0.400024 valid_micro_fmax=0.264140
epoch=58 loss=0.010187 validation_macro_fmax=0.406374 valid_micro_fmax=0.261455
epoch=59 loss=0.009456 validation_macro_fmax=0.397460 valid_micro_fmax=0.259215
epoch=60 loss=0.008805 validation_macro_fmax=0.394528 valid_micro_fmax=0.273956
epoch=61 loss=0.008152 validation_macro_fmax=0.395399 valid_micro_fmax=0.269293
epoch=62 loss=0.007713 validation_macro_fmax=0.403742 valid_micro_fmax=0.267063
epoch=63 loss=0.007269 validation_macro_fmax=0.399039 valid_micro_fmax=0.266633
epoch=64 loss=0.006699 validation_macro_fmax=0.409455 valid_micro_fmax=0.276804
epoch=65 loss=0.006315 validation_macro_fmax=0.408882 valid_micro_fmax=0.279387
epoch=66 loss=0.005871 validation_macro_fmax=0.400305 valid_micro_fmax=0.279366
epoch=67 loss=0.005572 validation_macro_fmax=0.406615 valid_micro_fmax=0.274022
epoch=68 loss=0.005343 validation_macro_fmax=0.401773 valid_micro_fmax=0.297404
epoch=69 loss=0.005041 validation_macro_fmax=0.402251 valid_micro_fmax=0.294333
epoch=70 loss=0.004701 validation_macro_fmax=0.407100 valid_micro_fmax=0.295064
epoch=71 loss=0.004453 validation_macro_fmax=0.399636 valid_micro_fmax=0.301146
epoch=72 loss=0.004223 validation_macro_fmax=0.404289 valid_micro_fmax=0.300593
epoch=73 loss=0.004064 validation_macro_fmax=0.402148 valid_micro_fmax=0.304353
Early stopping after 73 epochs (patience=9)
GPU completion: NVIDIA L40S, 9487, 46068, 0
