GPU: NVIDIA L40S
CUDA tensor check: 8.0
Wed Jul 15 15:39:55 2026       
+-----------------------------------------------------------------------------------------+
| NVIDIA-SMI 560.35.03              Driver Version: 560.35.03      CUDA Version: 12.6     |
|-----------------------------------------+------------------------+----------------------+
| GPU  Name                 Persistence-M | Bus-Id          Disp.A | Volatile Uncorr. ECC |
| Fan  Temp   Perf          Pwr:Usage/Cap |           Memory-Usage | GPU-Util  Compute M. |
|                                         |                        |               MIG M. |
|=========================================+========================+======================|
|   0  NVIDIA L40S                    On  |   00000000:B5:00.0 Off |                    0 |
| N/A   45C    P0             41W /  350W |     503MiB /  46068MiB |      0%      Default |
|                                         |                        |                  N/A |
+-----------------------------------------+------------------------+----------------------+
                                                                                         
+-----------------------------------------------------------------------------------------+
| Processes:                                                                              |
|  GPU   GI   CI        PID   Type   Process name                              GPU Memory |
|        ID   ID                                                               Usage      |
|=========================================================================================|
|    0   N/A  N/A   4193593      C   python3                                       494MiB |
+-----------------------------------------------------------------------------------------+
CUDA verified: NVIDIA L40S; tensor dot product=8.0
GPU startup: NVIDIA L40S, 533, 46068, 5
Loaded train=6026, valid=754; reserved test set is not loaded
epoch=1 loss=1.186465 valid_micro_fmax=0.044233
epoch=2 loss=1.010440 valid_micro_fmax=0.102934
epoch=3 loss=0.893666 valid_micro_fmax=0.115545
epoch=4 loss=0.798017 valid_micro_fmax=0.075687
epoch=5 loss=0.698236 valid_micro_fmax=0.110233
epoch=6 loss=0.600946 valid_micro_fmax=0.147398
epoch=7 loss=0.501060 valid_micro_fmax=0.160366
epoch=8 loss=0.421082 valid_micro_fmax=0.185866
epoch=9 loss=0.354563 valid_micro_fmax=0.183349
epoch=10 loss=0.305928 valid_micro_fmax=0.239777
epoch=11 loss=0.260803 valid_micro_fmax=0.219488
epoch=12 loss=0.239484 valid_micro_fmax=0.217831
epoch=13 loss=0.208964 valid_micro_fmax=0.232246
epoch=14 loss=0.184236 valid_micro_fmax=0.197122
epoch=15 loss=0.176685 valid_micro_fmax=0.237618
epoch=16 loss=0.156964 valid_micro_fmax=0.239284
epoch=17 loss=0.148899 valid_micro_fmax=0.229430
epoch=18 loss=0.140609 valid_micro_fmax=0.230146
epoch=19 loss=0.128041 valid_micro_fmax=0.238123
Early stopping after 19 epochs (patience=9)
GPU completion: NVIDIA L40S, 20281, 46068, 0
