GPU: NVIDIA L40S
CUDA tensor check: 8.0
Wed Jul 15 20:03:04 2026       
+-----------------------------------------------------------------------------------------+
| NVIDIA-SMI 560.35.03              Driver Version: 560.35.03      CUDA Version: 12.6     |
|-----------------------------------------+------------------------+----------------------+
| GPU  Name                 Persistence-M | Bus-Id          Disp.A | Volatile Uncorr. ECC |
| Fan  Temp   Perf          Pwr:Usage/Cap |           Memory-Usage | GPU-Util  Compute M. |
|                                         |                        |               MIG M. |
|=========================================+========================+======================|
|   0  NVIDIA L40S                    On  |   00000000:B5:00.0 Off |                    0 |
| N/A   51C    P0             46W /  350W |     503MiB /  46068MiB |      0%      Default |
|                                         |                        |                  N/A |
+-----------------------------------------+------------------------+----------------------+
                                                                                         
+-----------------------------------------------------------------------------------------+
| Processes:                                                                              |
|  GPU   GI   CI        PID   Type   Process name                              GPU Memory |
|        ID   ID                                                               Usage      |
|=========================================================================================|
|    0   N/A  N/A   3350029      C   python3                                       494MiB |
+-----------------------------------------------------------------------------------------+
CUDA verified: NVIDIA L40S; tensor dot product=8.0
GPU startup: NVIDIA L40S, 533, 46068, 5
Loaded train=6026, valid=754; reserved test set is not loaded
epoch=1 loss=0.323444 valid_micro_fmax=0.116260
epoch=2 loss=0.248883 valid_micro_fmax=0.142528
epoch=3 loss=0.227561 valid_micro_fmax=0.173743
epoch=4 loss=0.213661 valid_micro_fmax=0.203479
epoch=5 loss=0.204369 valid_micro_fmax=0.218640
epoch=6 loss=0.196021 valid_micro_fmax=0.272908
epoch=7 loss=0.187247 valid_micro_fmax=0.282133
epoch=8 loss=0.179148 valid_micro_fmax=0.287266
epoch=9 loss=0.170328 valid_micro_fmax=0.328259
epoch=10 loss=0.161048 valid_micro_fmax=0.340849
epoch=11 loss=0.151016 valid_micro_fmax=0.350962
epoch=12 loss=0.140427 valid_micro_fmax=0.349911
epoch=13 loss=0.129140 valid_micro_fmax=0.375588
