GPU: NVIDIA L40S
CUDA tensor check: 8.0
Mon Jul 20 02:56:22 2026       
+-----------------------------------------------------------------------------------------+
| NVIDIA-SMI 560.35.03              Driver Version: 560.35.03      CUDA Version: 12.6     |
|-----------------------------------------+------------------------+----------------------+
| GPU  Name                 Persistence-M | Bus-Id          Disp.A | Volatile Uncorr. ECC |
| Fan  Temp   Perf          Pwr:Usage/Cap |           Memory-Usage | GPU-Util  Compute M. |
|                                         |                        |               MIG M. |
|=========================================+========================+======================|
|   0  NVIDIA L40S                    On  |   00000000:B5:00.0 Off |                    0 |
| N/A   43C    P0             40W /  350W |     503MiB /  46068MiB |      0%      Default |
|                                         |                        |                  N/A |
+-----------------------------------------+------------------------+----------------------+
                                                                                         
+-----------------------------------------------------------------------------------------+
| Processes:                                                                              |
|  GPU   GI   CI        PID   Type   Process name                              GPU Memory |
|        ID   ID                                                               Usage      |
|=========================================================================================|
|    0   N/A  N/A   1504852      C   python3                                       494MiB |
+-----------------------------------------------------------------------------------------+
CUDA verified: NVIDIA L40S; tensor dot product=8.0
GPU startup: NVIDIA L40S, 533, 46068, 0
Loaded train=6026, valid=754; reserved test set is not loaded
epoch=1 loss=0.871723 validation_macro_fmax=0.373390 valid_micro_fmax=0.333772
epoch=2 loss=0.428389 validation_macro_fmax=0.437542 valid_micro_fmax=0.486624
epoch=3 loss=0.216962 validation_macro_fmax=0.452241 valid_micro_fmax=0.464184
epoch=4 loss=0.124831 validation_macro_fmax=0.418960 valid_micro_fmax=0.483184
epoch=5 loss=0.099629 validation_macro_fmax=0.420465 valid_micro_fmax=0.454633
epoch=6 loss=0.069284 validation_macro_fmax=0.406484 valid_micro_fmax=0.459628
epoch=7 loss=0.050402 validation_macro_fmax=0.437594 valid_micro_fmax=0.456452
epoch=8 loss=0.044646 validation_macro_fmax=0.396383 valid_micro_fmax=0.435609
epoch=9 loss=0.036558 validation_macro_fmax=0.401994 valid_micro_fmax=0.415146
epoch=10 loss=0.029930 validation_macro_fmax=0.404350 valid_micro_fmax=0.438109
epoch=11 loss=0.030353 validation_macro_fmax=0.380554 valid_micro_fmax=0.403142
Early stopping after 11 epochs (patience=8)
GPU completion: NVIDIA L40S, 14537, 46068, 0
