GPU: NVIDIA L40S
CUDA tensor check: 8.0
Wed Jul 15 20:06:07 2026       
+-----------------------------------------------------------------------------------------+
| NVIDIA-SMI 560.35.03              Driver Version: 560.35.03      CUDA Version: 12.6     |
|-----------------------------------------+------------------------+----------------------+
| GPU  Name                 Persistence-M | Bus-Id          Disp.A | Volatile Uncorr. ECC |
| Fan  Temp   Perf          Pwr:Usage/Cap |           Memory-Usage | GPU-Util  Compute M. |
|                                         |                        |               MIG M. |
|=========================================+========================+======================|
|   0  NVIDIA L40S                    On  |   00000000:B5:00.0 Off |                    0 |
| N/A   30C    P0             41W /  350W |     503MiB /  46068MiB |      0%      Default |
|                                         |                        |                  N/A |
+-----------------------------------------+------------------------+----------------------+
                                                                                         
+-----------------------------------------------------------------------------------------+
| Processes:                                                                              |
|  GPU   GI   CI        PID   Type   Process name                              GPU Memory |
|        ID   ID                                                               Usage      |
|=========================================================================================|
|    0   N/A  N/A   2532975      C   python3                                       494MiB |
+-----------------------------------------------------------------------------------------+
CUDA verified: NVIDIA L40S; tensor dot product=8.0
GPU startup: NVIDIA L40S, 533, 46068, 5
Loaded train=6026, valid=754; reserved test set is not loaded
epoch=1 loss=0.221172 valid_micro_fmax=0.056146
epoch=2 loss=0.119195 valid_micro_fmax=0.082273
epoch=3 loss=0.072610 valid_micro_fmax=0.129359
epoch=4 loss=0.055694 valid_micro_fmax=0.107388
epoch=5 loss=0.039577 valid_micro_fmax=0.142551
epoch=6 loss=0.036837 valid_micro_fmax=0.125881
epoch=7 loss=0.029523 valid_micro_fmax=0.156614
epoch=8 loss=0.027149 valid_micro_fmax=0.170057
epoch=9 loss=0.022996 valid_micro_fmax=0.193317
epoch=10 loss=0.026935 valid_micro_fmax=0.142166
epoch=11 loss=0.022349 valid_micro_fmax=0.166393
epoch=12 loss=0.018538 valid_micro_fmax=0.194812
epoch=13 loss=0.023406 valid_micro_fmax=0.141212
epoch=14 loss=0.032815 valid_micro_fmax=0.158395
epoch=15 loss=0.025706 valid_micro_fmax=0.194745
epoch=16 loss=0.016180 valid_micro_fmax=0.243457
epoch=17 loss=0.018130 valid_micro_fmax=0.176622
epoch=18 loss=0.017211 valid_micro_fmax=0.215088
epoch=19 loss=0.017333 valid_micro_fmax=0.227797
epoch=20 loss=0.012984 valid_micro_fmax=0.191089
epoch=21 loss=0.011328 valid_micro_fmax=0.222092
epoch=22 loss=0.017165 valid_micro_fmax=0.186492
epoch=23 loss=0.016970 valid_micro_fmax=0.218927
epoch=24 loss=0.015273 valid_micro_fmax=0.211067
Early stopping after 24 epochs (patience=8)
GPU completion: NVIDIA L40S, 15929, 46068, 0
