GPU: NVIDIA L40S
CUDA tensor check: 8.0
Sun Jul 19 20:25:39 2026       
+-----------------------------------------------------------------------------------------+
| NVIDIA-SMI 560.35.03              Driver Version: 560.35.03      CUDA Version: 12.6     |
|-----------------------------------------+------------------------+----------------------+
| GPU  Name                 Persistence-M | Bus-Id          Disp.A | Volatile Uncorr. ECC |
| Fan  Temp   Perf          Pwr:Usage/Cap |           Memory-Usage | GPU-Util  Compute M. |
|                                         |                        |               MIG M. |
|=========================================+========================+======================|
|   0  NVIDIA L40S                    On  |   00000000:B5:00.0 Off |                    0 |
| N/A   44C    P0             41W /  350W |     503MiB /  46068MiB |      1%      Default |
|                                         |                        |                  N/A |
+-----------------------------------------+------------------------+----------------------+
                                                                                         
+-----------------------------------------------------------------------------------------+
| Processes:                                                                              |
|  GPU   GI   CI        PID   Type   Process name                              GPU Memory |
|        ID   ID                                                               Usage      |
|=========================================================================================|
|    0   N/A  N/A    998113      C   python3                                       494MiB |
+-----------------------------------------------------------------------------------------+
CUDA verified: NVIDIA L40S; tensor dot product=8.0
GPU startup: NVIDIA L40S, 533, 46068, 5
Loaded train=6026, valid=754; reserved test set is not loaded
epoch=1 loss=0.860900 validation_macro_fmax=0.325968 valid_micro_fmax=0.384773
epoch=2 loss=0.532279 validation_macro_fmax=0.316915 valid_micro_fmax=0.423425
epoch=3 loss=0.255748 validation_macro_fmax=0.275106 valid_micro_fmax=0.454070
epoch=4 loss=0.136787 validation_macro_fmax=0.316258 valid_micro_fmax=0.501199
epoch=5 loss=0.085469 validation_macro_fmax=0.274314 valid_micro_fmax=0.449026
epoch=6 loss=0.060875 validation_macro_fmax=0.274201 valid_micro_fmax=0.450313
epoch=7 loss=0.041431 validation_macro_fmax=0.266009 valid_micro_fmax=0.483432
epoch=8 loss=0.030547 validation_macro_fmax=0.279552 valid_micro_fmax=0.442717
epoch=9 loss=0.034149 validation_macro_fmax=0.270851 valid_micro_fmax=0.484202
epoch=10 loss=0.067558 validation_macro_fmax=0.264448 valid_micro_fmax=0.536006
Early stopping after 10 epochs (patience=9)
GPU completion: NVIDIA L40S, 44455, 46068, 0
