GPU: NVIDIA L40S
CUDA tensor check: 8.0
Sun Jul 19 09:40:32 2026       
+-----------------------------------------------------------------------------------------+
| NVIDIA-SMI 560.35.03              Driver Version: 560.35.03      CUDA Version: 12.6     |
|-----------------------------------------+------------------------+----------------------+
| GPU  Name                 Persistence-M | Bus-Id          Disp.A | Volatile Uncorr. ECC |
| Fan  Temp   Perf          Pwr:Usage/Cap |           Memory-Usage | GPU-Util  Compute M. |
|                                         |                        |               MIG M. |
|=========================================+========================+======================|
|   0  NVIDIA L40S                    On  |   00000000:B5:00.0 Off |                    0 |
| N/A   51C    P0             46W /  350W |     503MiB /  46068MiB |      5%      Default |
|                                         |                        |                  N/A |
+-----------------------------------------+------------------------+----------------------+
                                                                                         
+-----------------------------------------------------------------------------------------+
| Processes:                                                                              |
|  GPU   GI   CI        PID   Type   Process name                              GPU Memory |
|        ID   ID                                                               Usage      |
|=========================================================================================|
|    0   N/A  N/A    670913      C   python3                                       494MiB |
+-----------------------------------------------------------------------------------------+
CUDA verified: NVIDIA L40S; tensor dot product=8.0
GPU startup: NVIDIA L40S, 533, 46068, 0
Loaded train=6026, valid=754; reserved test set is not loaded
epoch=1 loss=0.456318 validation_macro_fmax=0.194717 valid_micro_fmax=0.117625
epoch=2 loss=0.229034 validation_macro_fmax=0.216887 valid_micro_fmax=0.161684
epoch=3 loss=0.124017 validation_macro_fmax=0.213434 valid_micro_fmax=0.190576
epoch=4 loss=0.080577 validation_macro_fmax=0.177753 valid_micro_fmax=0.167883
epoch=5 loss=0.063390 validation_macro_fmax=0.185161 valid_micro_fmax=0.173395
epoch=6 loss=0.045814 validation_macro_fmax=0.213954 valid_micro_fmax=0.200939
epoch=7 loss=0.036062 validation_macro_fmax=0.188401 valid_micro_fmax=0.217630
epoch=8 loss=0.031970 validation_macro_fmax=0.209702 valid_micro_fmax=0.239060
epoch=9 loss=0.024550 validation_macro_fmax=0.229256 valid_micro_fmax=0.222860
epoch=10 loss=0.028992 validation_macro_fmax=0.181683 valid_micro_fmax=0.230893
epoch=11 loss=0.027640 validation_macro_fmax=0.180023 valid_micro_fmax=0.221508
epoch=12 loss=0.023367 validation_macro_fmax=0.198816 valid_micro_fmax=0.259875
epoch=13 loss=0.028644 validation_macro_fmax=0.188168 valid_micro_fmax=0.223839
epoch=14 loss=0.019450 validation_macro_fmax=0.184094 valid_micro_fmax=0.253120
epoch=15 loss=0.021479 validation_macro_fmax=0.163714 valid_micro_fmax=0.211225
epoch=16 loss=0.019515 validation_macro_fmax=0.180998 valid_micro_fmax=0.250163
epoch=17 loss=0.015995 validation_macro_fmax=0.182477 valid_micro_fmax=0.242507
epoch=18 loss=0.016117 validation_macro_fmax=0.176783 valid_micro_fmax=0.229108
epoch=19 loss=0.011927 validation_macro_fmax=0.167951 valid_micro_fmax=0.211940
Early stopping after 19 epochs (patience=10)
GPU completion: NVIDIA L40S, 12133, 46068, 0
