GPU: NVIDIA L40S
CUDA tensor check: 8.0
Sun Jul 19 21:40:48 2026       
+-----------------------------------------------------------------------------------------+
| NVIDIA-SMI 560.35.03              Driver Version: 560.35.03      CUDA Version: 12.6     |
|-----------------------------------------+------------------------+----------------------+
| GPU  Name                 Persistence-M | Bus-Id          Disp.A | Volatile Uncorr. ECC |
| Fan  Temp   Perf          Pwr:Usage/Cap |           Memory-Usage | GPU-Util  Compute M. |
|                                         |                        |               MIG M. |
|=========================================+========================+======================|
|   0  NVIDIA L40S                    On  |   00000000:0D:00.0 Off |                    0 |
| N/A   46C    P0             40W /  350W |     503MiB /  46068MiB |      0%      Default |
|                                         |                        |                  N/A |
+-----------------------------------------+------------------------+----------------------+
                                                                                         
+-----------------------------------------------------------------------------------------+
| Processes:                                                                              |
|  GPU   GI   CI        PID   Type   Process name                              GPU Memory |
|        ID   ID                                                               Usage      |
|=========================================================================================|
|    0   N/A  N/A   1348006      C   python3                                       494MiB |
+-----------------------------------------------------------------------------------------+
CUDA verified: NVIDIA L40S; tensor dot product=8.0
GPU startup: NVIDIA L40S, 533, 46068, 1
Loaded train=6026, valid=754; reserved test set is not loaded
epoch=1 loss=0.241373 validation_macro_fmax=0.210560 valid_micro_fmax=0.115866
epoch=2 loss=0.185440 validation_macro_fmax=0.241447 valid_micro_fmax=0.140634
epoch=3 loss=0.167737 validation_macro_fmax=0.261047 valid_micro_fmax=0.163941
epoch=4 loss=0.156367 validation_macro_fmax=0.271280 valid_micro_fmax=0.189415
epoch=5 loss=0.148274 validation_macro_fmax=0.275023 valid_micro_fmax=0.208590
epoch=6 loss=0.142990 validation_macro_fmax=0.280641 valid_micro_fmax=0.246667
epoch=7 loss=0.138218 validation_macro_fmax=0.278987 valid_micro_fmax=0.252360
epoch=8 loss=0.133792 validation_macro_fmax=0.280075 valid_micro_fmax=0.269342
epoch=9 loss=0.130064 validation_macro_fmax=0.287712 valid_micro_fmax=0.303926
epoch=10 loss=0.126257 validation_macro_fmax=0.288997 valid_micro_fmax=0.298170
epoch=11 loss=0.122641 validation_macro_fmax=0.287748 valid_micro_fmax=0.320389
epoch=12 loss=0.120130 validation_macro_fmax=0.294336 valid_micro_fmax=0.308115
epoch=13 loss=0.116304 validation_macro_fmax=0.293164 valid_micro_fmax=0.329193
epoch=14 loss=0.112983 validation_macro_fmax=0.304997 valid_micro_fmax=0.334796
epoch=15 loss=0.109611 validation_macro_fmax=0.299693 valid_micro_fmax=0.353733
epoch=16 loss=0.106411 validation_macro_fmax=0.298667 valid_micro_fmax=0.337904
epoch=17 loss=0.102610 validation_macro_fmax=0.306412 valid_micro_fmax=0.364257
epoch=18 loss=0.099504 validation_macro_fmax=0.310912 valid_micro_fmax=0.373222
epoch=19 loss=0.095725 validation_macro_fmax=0.312065 valid_micro_fmax=0.369275
epoch=20 loss=0.091507 validation_macro_fmax=0.298863 valid_micro_fmax=0.384980
epoch=21 loss=0.087908 validation_macro_fmax=0.299000 valid_micro_fmax=0.390370
epoch=22 loss=0.083875 validation_macro_fmax=0.295074 valid_micro_fmax=0.406094
epoch=23 loss=0.080017 validation_macro_fmax=0.304997 valid_micro_fmax=0.433348
epoch=24 loss=0.075975 validation_macro_fmax=0.294974 valid_micro_fmax=0.420004
epoch=25 loss=0.072233 validation_macro_fmax=0.303913 valid_micro_fmax=0.426042
epoch=26 loss=0.067336 validation_macro_fmax=0.297009 valid_micro_fmax=0.426198
epoch=27 loss=0.063244 validation_macro_fmax=0.297006 valid_micro_fmax=0.458574
epoch=28 loss=0.059383 validation_macro_fmax=0.302688 valid_micro_fmax=0.442194
Early stopping after 28 epochs (patience=9)
GPU completion: NVIDIA L40S, 17505, 46068, 0
