GPU: NVIDIA L40S
CUDA tensor check: 8.0
Sat Jul 18 19:33:53 2026       
+-----------------------------------------------------------------------------------------+
| NVIDIA-SMI 560.35.03              Driver Version: 560.35.03      CUDA Version: 12.6     |
|-----------------------------------------+------------------------+----------------------+
| GPU  Name                 Persistence-M | Bus-Id          Disp.A | Volatile Uncorr. ECC |
| Fan  Temp   Perf          Pwr:Usage/Cap |           Memory-Usage | GPU-Util  Compute M. |
|                                         |                        |               MIG M. |
|=========================================+========================+======================|
|   0  NVIDIA L40S                    On  |   00000000:B5:00.0 Off |                    0 |
| N/A   49C    P0             43W /  350W |     503MiB /  46068MiB |      0%      Default |
|                                         |                        |                  N/A |
+-----------------------------------------+------------------------+----------------------+
                                                                                         
+-----------------------------------------------------------------------------------------+
| Processes:                                                                              |
|  GPU   GI   CI        PID   Type   Process name                              GPU Memory |
|        ID   ID                                                               Usage      |
|=========================================================================================|
|    0   N/A  N/A    371901      C   python3                                       494MiB |
+-----------------------------------------------------------------------------------------+
CUDA verified: NVIDIA L40S; tensor dot product=8.0
GPU startup: NVIDIA L40S, 533, 46068, 1
Loaded train=6026, valid=754; reserved test set is not loaded
epoch=1 loss=0.573150 validation_macro_fmax=0.184600 valid_micro_fmax=0.040303
epoch=2 loss=0.314013 validation_macro_fmax=0.215116 valid_micro_fmax=0.056678
epoch=3 loss=0.180784 validation_macro_fmax=0.249493 valid_micro_fmax=0.092429
epoch=4 loss=0.140928 validation_macro_fmax=0.231615 valid_micro_fmax=0.088060
epoch=5 loss=0.125451 validation_macro_fmax=0.218411 valid_micro_fmax=0.125025
epoch=6 loss=0.086742 validation_macro_fmax=0.227814 valid_micro_fmax=0.118808
epoch=7 loss=0.079360 validation_macro_fmax=0.222355 valid_micro_fmax=0.114852
epoch=8 loss=0.077638 validation_macro_fmax=0.214050 valid_micro_fmax=0.117030
epoch=9 loss=0.075581 validation_macro_fmax=0.213626 valid_micro_fmax=0.101333
epoch=10 loss=0.068759 validation_macro_fmax=0.241740 valid_micro_fmax=0.130892
epoch=11 loss=0.059754 validation_macro_fmax=0.220602 valid_micro_fmax=0.127248
epoch=12 loss=0.056831 validation_macro_fmax=0.217544 valid_micro_fmax=0.133171
epoch=13 loss=0.050538 validation_macro_fmax=0.223318 valid_micro_fmax=0.130212
Early stopping after 13 epochs (patience=10)
GPU completion: NVIDIA L40S, 20587, 46068, 0
