GPU: NVIDIA L40S
CUDA tensor check: 8.0
Thu Jul 16 20:57:15 2026       
+-----------------------------------------------------------------------------------------+
| NVIDIA-SMI 560.35.03              Driver Version: 560.35.03      CUDA Version: 12.6     |
|-----------------------------------------+------------------------+----------------------+
| GPU  Name                 Persistence-M | Bus-Id          Disp.A | Volatile Uncorr. ECC |
| Fan  Temp   Perf          Pwr:Usage/Cap |           Memory-Usage | GPU-Util  Compute M. |
|                                         |                        |               MIG M. |
|=========================================+========================+======================|
|   0  NVIDIA L40S                    On  |   00000000:0D:00.0 Off |                    0 |
| N/A   37C    P0             38W /  350W |     503MiB /  46068MiB |      0%      Default |
|                                         |                        |                  N/A |
+-----------------------------------------+------------------------+----------------------+
                                                                                         
+-----------------------------------------------------------------------------------------+
| Processes:                                                                              |
|  GPU   GI   CI        PID   Type   Process name                              GPU Memory |
|        ID   ID                                                               Usage      |
|=========================================================================================|
|    0   N/A  N/A    108209      C   python3                                       494MiB |
+-----------------------------------------------------------------------------------------+
CUDA verified: NVIDIA L40S; tensor dot product=8.0
GPU startup: NVIDIA L40S, 533, 46068, 0
Loaded train=6026, valid=754; reserved test set is not loaded
epoch=1 loss=1.137040 validation_macro_fmax=0.130818 valid_micro_fmax=0.014536
epoch=2 loss=0.984877 validation_macro_fmax=0.160603 valid_micro_fmax=0.034976
epoch=3 loss=0.906404 validation_macro_fmax=0.178390 valid_micro_fmax=0.057854
epoch=4 loss=0.856298 validation_macro_fmax=0.192699 valid_micro_fmax=0.078136
epoch=5 loss=0.822183 validation_macro_fmax=0.202368 valid_micro_fmax=0.091256
epoch=6 loss=0.792802 validation_macro_fmax=0.209671 valid_micro_fmax=0.108281
epoch=7 loss=0.769126 validation_macro_fmax=0.219129 valid_micro_fmax=0.119894
epoch=8 loss=0.747976 validation_macro_fmax=0.225943 valid_micro_fmax=0.132745
epoch=9 loss=0.726195 validation_macro_fmax=0.239447 valid_micro_fmax=0.149500
epoch=10 loss=0.701730 validation_macro_fmax=0.238424 valid_micro_fmax=0.136483
epoch=11 loss=0.675370 validation_macro_fmax=0.240808 valid_micro_fmax=0.131220
epoch=12 loss=0.645526 validation_macro_fmax=0.243213 valid_micro_fmax=0.172756
epoch=13 loss=0.612506 validation_macro_fmax=0.254494 valid_micro_fmax=0.166679
epoch=14 loss=0.573988 validation_macro_fmax=0.272182 valid_micro_fmax=0.224722
epoch=15 loss=0.533042 validation_macro_fmax=0.249261 valid_micro_fmax=0.174268
epoch=16 loss=0.486641 validation_macro_fmax=0.253122 valid_micro_fmax=0.212098
epoch=17 loss=0.438756 validation_macro_fmax=0.258485 valid_micro_fmax=0.242662
epoch=18 loss=0.388660 validation_macro_fmax=0.265941 valid_micro_fmax=0.218142
epoch=19 loss=0.340459 validation_macro_fmax=0.265048 valid_micro_fmax=0.253626
epoch=20 loss=0.294406 validation_macro_fmax=0.246290 valid_micro_fmax=0.223939
epoch=21 loss=0.253522 validation_macro_fmax=0.265473 valid_micro_fmax=0.263694
epoch=22 loss=0.216845 validation_macro_fmax=0.272290 valid_micro_fmax=0.282877
epoch=23 loss=0.184126 validation_macro_fmax=0.259097 valid_micro_fmax=0.268561
epoch=24 loss=0.156950 validation_macro_fmax=0.261962 valid_micro_fmax=0.278687
epoch=25 loss=0.133992 validation_macro_fmax=0.267709 valid_micro_fmax=0.286364
epoch=26 loss=0.114527 validation_macro_fmax=0.281251 valid_micro_fmax=0.302716
epoch=27 loss=0.099359 validation_macro_fmax=0.263325 valid_micro_fmax=0.276564
epoch=28 loss=0.085253 validation_macro_fmax=0.262208 valid_micro_fmax=0.299447
epoch=29 loss=0.074515 validation_macro_fmax=0.279260 valid_micro_fmax=0.298230
epoch=30 loss=0.064491 validation_macro_fmax=0.275667 valid_micro_fmax=0.311243
epoch=31 loss=0.056814 validation_macro_fmax=0.265202 valid_micro_fmax=0.309729
epoch=32 loss=0.051403 validation_macro_fmax=0.278278 valid_micro_fmax=0.314167
epoch=33 loss=0.043786 validation_macro_fmax=0.270774 valid_micro_fmax=0.299916
epoch=34 loss=0.039374 validation_macro_fmax=0.264960 valid_micro_fmax=0.310919
epoch=35 loss=0.036677 validation_macro_fmax=0.258988 valid_micro_fmax=0.296935
Early stopping after 35 epochs (patience=9)
GPU completion: NVIDIA L40S, 42313, 46068, 0
