GPU: NVIDIA L40S
CUDA tensor check: 8.0
Mon Jul 20 07:14:55 2026       
+-----------------------------------------------------------------------------------------+
| NVIDIA-SMI 560.35.03              Driver Version: 560.35.03      CUDA Version: 12.6     |
|-----------------------------------------+------------------------+----------------------+
| GPU  Name                 Persistence-M | Bus-Id          Disp.A | Volatile Uncorr. ECC |
| Fan  Temp   Perf          Pwr:Usage/Cap |           Memory-Usage | GPU-Util  Compute M. |
|                                         |                        |               MIG M. |
|=========================================+========================+======================|
|   0  NVIDIA L40S                    On  |   00000000:0D:00.0 Off |                    0 |
| N/A   49C    P0             42W /  350W |     503MiB /  46068MiB |      0%      Default |
|                                         |                        |                  N/A |
+-----------------------------------------+------------------------+----------------------+
                                                                                         
+-----------------------------------------------------------------------------------------+
| Processes:                                                                              |
|  GPU   GI   CI        PID   Type   Process name                              GPU Memory |
|        ID   ID                                                               Usage      |
|=========================================================================================|
|    0   N/A  N/A   1608872      C   python3                                       494MiB |
+-----------------------------------------------------------------------------------------+
CUDA verified: NVIDIA L40S; tensor dot product=8.0
GPU startup: NVIDIA L40S, 533, 46068, 0
Loaded train=6026, valid=754; reserved test set is not loaded
epoch=1 loss=0.419805 validation_macro_fmax=0.089927 valid_micro_fmax=0.012355
epoch=2 loss=0.392221 validation_macro_fmax=0.093916 valid_micro_fmax=0.012640
epoch=3 loss=0.372942 validation_macro_fmax=0.098268 valid_micro_fmax=0.012788
epoch=4 loss=0.355819 validation_macro_fmax=0.099886 valid_micro_fmax=0.013034
epoch=5 loss=0.344118 validation_macro_fmax=0.103266 valid_micro_fmax=0.013118
epoch=6 loss=0.332095 validation_macro_fmax=0.106903 valid_micro_fmax=0.013402
epoch=7 loss=0.322613 validation_macro_fmax=0.111777 valid_micro_fmax=0.013442
epoch=8 loss=0.314562 validation_macro_fmax=0.115065 valid_micro_fmax=0.013697
epoch=9 loss=0.306458 validation_macro_fmax=0.117430 valid_micro_fmax=0.014101
epoch=10 loss=0.300092 validation_macro_fmax=0.122783 valid_micro_fmax=0.014237
epoch=11 loss=0.293880 validation_macro_fmax=0.124869 valid_micro_fmax=0.014295
epoch=12 loss=0.288814 validation_macro_fmax=0.128307 valid_micro_fmax=0.014408
epoch=13 loss=0.283009 validation_macro_fmax=0.129300 valid_micro_fmax=0.014708
epoch=14 loss=0.278885 validation_macro_fmax=0.131853 valid_micro_fmax=0.014943
epoch=15 loss=0.274279 validation_macro_fmax=0.137546 valid_micro_fmax=0.015218
epoch=16 loss=0.270282 validation_macro_fmax=0.137877 valid_micro_fmax=0.015014
epoch=17 loss=0.266273 validation_macro_fmax=0.145123 valid_micro_fmax=0.016278
epoch=18 loss=0.262791 validation_macro_fmax=0.146238 valid_micro_fmax=0.016068
epoch=19 loss=0.259611 validation_macro_fmax=0.148549 valid_micro_fmax=0.016405
epoch=20 loss=0.256507 validation_macro_fmax=0.151804 valid_micro_fmax=0.016954
epoch=21 loss=0.253153 validation_macro_fmax=0.155430 valid_micro_fmax=0.017513
epoch=22 loss=0.249803 validation_macro_fmax=0.157989 valid_micro_fmax=0.018534
epoch=23 loss=0.247507 validation_macro_fmax=0.163494 valid_micro_fmax=0.018924
epoch=24 loss=0.244795 validation_macro_fmax=0.165923 valid_micro_fmax=0.019559
epoch=25 loss=0.242987 validation_macro_fmax=0.168074 valid_micro_fmax=0.019267
epoch=26 loss=0.239551 validation_macro_fmax=0.175706 valid_micro_fmax=0.022777
epoch=27 loss=0.237083 validation_macro_fmax=0.176907 valid_micro_fmax=0.021270
epoch=28 loss=0.234825 validation_macro_fmax=0.182298 valid_micro_fmax=0.023037
epoch=29 loss=0.234491 validation_macro_fmax=0.182988 valid_micro_fmax=0.023544
epoch=30 loss=0.229952 validation_macro_fmax=0.183132 valid_micro_fmax=0.023911
epoch=31 loss=0.228341 validation_macro_fmax=0.189864 valid_micro_fmax=0.024847
epoch=32 loss=0.226132 validation_macro_fmax=0.194168 valid_micro_fmax=0.026073
epoch=33 loss=0.223855 validation_macro_fmax=0.194749 valid_micro_fmax=0.027752
epoch=34 loss=0.221266 validation_macro_fmax=0.196996 valid_micro_fmax=0.029357
epoch=35 loss=0.219294 validation_macro_fmax=0.196003 valid_micro_fmax=0.027293
epoch=36 loss=0.217598 validation_macro_fmax=0.195661 valid_micro_fmax=0.029370
epoch=37 loss=0.215301 validation_macro_fmax=0.201625 valid_micro_fmax=0.029773
epoch=38 loss=0.212943 validation_macro_fmax=0.207347 valid_micro_fmax=0.031236
epoch=39 loss=0.211457 validation_macro_fmax=0.208327 valid_micro_fmax=0.033811
epoch=40 loss=0.208942 validation_macro_fmax=0.212398 valid_micro_fmax=0.033867
epoch=41 loss=0.207341 validation_macro_fmax=0.210169 valid_micro_fmax=0.033781
epoch=42 loss=0.204837 validation_macro_fmax=0.212981 valid_micro_fmax=0.034484
epoch=43 loss=0.203243 validation_macro_fmax=0.215639 valid_micro_fmax=0.034989
epoch=44 loss=0.200604 validation_macro_fmax=0.221262 valid_micro_fmax=0.042027
epoch=45 loss=0.198768 validation_macro_fmax=0.219483 valid_micro_fmax=0.038533
epoch=46 loss=0.197183 validation_macro_fmax=0.220558 valid_micro_fmax=0.042940
epoch=47 loss=0.194314 validation_macro_fmax=0.227334 valid_micro_fmax=0.042548
epoch=48 loss=0.192761 validation_macro_fmax=0.223551 valid_micro_fmax=0.039229
epoch=49 loss=0.190450 validation_macro_fmax=0.227478 valid_micro_fmax=0.041896
epoch=50 loss=0.188233 validation_macro_fmax=0.228769 valid_micro_fmax=0.044050
epoch=51 loss=0.186030 validation_macro_fmax=0.232727 valid_micro_fmax=0.047955
epoch=52 loss=0.183738 validation_macro_fmax=0.234715 valid_micro_fmax=0.044377
epoch=53 loss=0.181510 validation_macro_fmax=0.238828 valid_micro_fmax=0.049902
epoch=54 loss=0.179580 validation_macro_fmax=0.234556 valid_micro_fmax=0.045736
epoch=55 loss=0.177117 validation_macro_fmax=0.240540 valid_micro_fmax=0.049125
epoch=56 loss=0.174624 validation_macro_fmax=0.246265 valid_micro_fmax=0.051290
epoch=57 loss=0.172887 validation_macro_fmax=0.249773 valid_micro_fmax=0.052682
epoch=58 loss=0.170117 validation_macro_fmax=0.247503 valid_micro_fmax=0.052626
epoch=59 loss=0.167825 validation_macro_fmax=0.246444 valid_micro_fmax=0.053656
epoch=60 loss=0.165250 validation_macro_fmax=0.256501 valid_micro_fmax=0.057654
epoch=61 loss=0.162890 validation_macro_fmax=0.249927 valid_micro_fmax=0.059676
epoch=62 loss=0.160700 validation_macro_fmax=0.248191 valid_micro_fmax=0.060741
epoch=63 loss=0.157775 validation_macro_fmax=0.248463 valid_micro_fmax=0.058128
epoch=64 loss=0.155627 validation_macro_fmax=0.251357 valid_micro_fmax=0.058789
epoch=65 loss=0.153080 validation_macro_fmax=0.251803 valid_micro_fmax=0.055740
epoch=66 loss=0.150550 validation_macro_fmax=0.259091 valid_micro_fmax=0.062347
epoch=67 loss=0.147919 validation_macro_fmax=0.256636 valid_micro_fmax=0.063294
epoch=68 loss=0.145613 validation_macro_fmax=0.255620 valid_micro_fmax=0.061142
epoch=69 loss=0.143159 validation_macro_fmax=0.260524 valid_micro_fmax=0.064174
epoch=70 loss=0.140037 validation_macro_fmax=0.264989 valid_micro_fmax=0.062028
epoch=71 loss=0.137917 validation_macro_fmax=0.263114 valid_micro_fmax=0.070515
epoch=72 loss=0.135081 validation_macro_fmax=0.263893 valid_micro_fmax=0.074819
epoch=73 loss=0.132384 validation_macro_fmax=0.269134 valid_micro_fmax=0.072312
epoch=74 loss=0.130296 validation_macro_fmax=0.267257 valid_micro_fmax=0.068084
epoch=75 loss=0.127615 validation_macro_fmax=0.266495 valid_micro_fmax=0.075306
epoch=76 loss=0.125273 validation_macro_fmax=0.270627 valid_micro_fmax=0.079803
epoch=77 loss=0.122414 validation_macro_fmax=0.272012 valid_micro_fmax=0.075517
epoch=78 loss=0.120039 validation_macro_fmax=0.275950 valid_micro_fmax=0.079549
epoch=79 loss=0.117376 validation_macro_fmax=0.275397 valid_micro_fmax=0.084835
epoch=80 loss=0.114969 validation_macro_fmax=0.277357 valid_micro_fmax=0.081497
