GPU: NVIDIA L40S
CUDA tensor check: 8.0
Mon Jul 20 03:49:16 2026       
+-----------------------------------------------------------------------------------------+
| NVIDIA-SMI 560.35.03              Driver Version: 560.35.03      CUDA Version: 12.6     |
|-----------------------------------------+------------------------+----------------------+
| GPU  Name                 Persistence-M | Bus-Id          Disp.A | Volatile Uncorr. ECC |
| Fan  Temp   Perf          Pwr:Usage/Cap |           Memory-Usage | GPU-Util  Compute M. |
|                                         |                        |               MIG M. |
|=========================================+========================+======================|
|   0  NVIDIA L40S                    On  |   00000000:B5:00.0 Off |                    0 |
| N/A   47C    P0             41W /  350W |     503MiB /  46068MiB |      0%      Default |
|                                         |                        |                  N/A |
+-----------------------------------------+------------------------+----------------------+
                                                                                         
+-----------------------------------------------------------------------------------------+
| Processes:                                                                              |
|  GPU   GI   CI        PID   Type   Process name                              GPU Memory |
|        ID   ID                                                               Usage      |
|=========================================================================================|
|    0   N/A  N/A   1738125      C   python3                                       494MiB |
+-----------------------------------------------------------------------------------------+
CUDA verified: NVIDIA L40S; tensor dot product=8.0
GPU startup: NVIDIA L40S, 533, 46068, 0
Loaded train=6026, valid=754; reserved test set is not loaded
epoch=1 loss=0.590707 validation_macro_fmax=0.192400 valid_micro_fmax=0.036832
epoch=2 loss=0.319120 validation_macro_fmax=0.219418 valid_micro_fmax=0.060300
epoch=3 loss=0.201070 validation_macro_fmax=0.209010 valid_micro_fmax=0.066966
epoch=4 loss=0.135124 validation_macro_fmax=0.235198 valid_micro_fmax=0.064350
epoch=5 loss=0.109876 validation_macro_fmax=0.244252 valid_micro_fmax=0.080348
epoch=6 loss=0.096028 validation_macro_fmax=0.278333 valid_micro_fmax=0.092647
epoch=7 loss=0.097520 validation_macro_fmax=0.250158 valid_micro_fmax=0.088450
epoch=8 loss=0.085251 validation_macro_fmax=0.272383 valid_micro_fmax=0.082125
epoch=9 loss=0.068801 validation_macro_fmax=0.300113 valid_micro_fmax=0.112475
epoch=10 loss=0.067723 validation_macro_fmax=0.285297 valid_micro_fmax=0.123813
epoch=11 loss=0.049867 validation_macro_fmax=0.299872 valid_micro_fmax=0.104750
epoch=12 loss=0.058417 validation_macro_fmax=0.296349 valid_micro_fmax=0.100226
epoch=13 loss=0.049090 validation_macro_fmax=0.318015 valid_micro_fmax=0.136626
epoch=14 loss=0.051753 validation_macro_fmax=0.303172 valid_micro_fmax=0.125371
epoch=15 loss=0.051047 validation_macro_fmax=0.266644 valid_micro_fmax=0.099959
epoch=16 loss=0.049431 validation_macro_fmax=0.263867 valid_micro_fmax=0.091479
epoch=17 loss=0.043451 validation_macro_fmax=0.277975 valid_micro_fmax=0.109698
epoch=18 loss=0.032713 validation_macro_fmax=0.283462 valid_micro_fmax=0.123180
epoch=19 loss=0.036498 validation_macro_fmax=0.278643 valid_micro_fmax=0.128651
epoch=20 loss=0.032730 validation_macro_fmax=0.289238 valid_micro_fmax=0.137895
epoch=21 loss=0.030558 validation_macro_fmax=0.269464 valid_micro_fmax=0.114167
epoch=22 loss=0.037928 validation_macro_fmax=0.280126 valid_micro_fmax=0.119241
epoch=23 loss=0.036042 validation_macro_fmax=0.289392 valid_micro_fmax=0.144046
Early stopping after 23 epochs (patience=10)
GPU completion: NVIDIA L40S, 39549, 46068, 0
