GPU: NVIDIA L40S
CUDA tensor check: 8.0
Sun Jul 19 07:47:40 2026       
+-----------------------------------------------------------------------------------------+
| NVIDIA-SMI 560.35.03              Driver Version: 560.35.03      CUDA Version: 12.6     |
|-----------------------------------------+------------------------+----------------------+
| GPU  Name                 Persistence-M | Bus-Id          Disp.A | Volatile Uncorr. ECC |
| Fan  Temp   Perf          Pwr:Usage/Cap |           Memory-Usage | GPU-Util  Compute M. |
|                                         |                        |               MIG M. |
|=========================================+========================+======================|
|   0  NVIDIA L40S                    On  |   00000000:0D:00.0 Off |                    0 |
| N/A   51C    P0             42W /  350W |     503MiB /  46068MiB |      0%      Default |
|                                         |                        |                  N/A |
+-----------------------------------------+------------------------+----------------------+
                                                                                         
+-----------------------------------------------------------------------------------------+
| Processes:                                                                              |
|  GPU   GI   CI        PID   Type   Process name                              GPU Memory |
|        ID   ID                                                               Usage      |
|=========================================================================================|
|    0   N/A  N/A   1082298      C   python3                                       494MiB |
+-----------------------------------------------------------------------------------------+
CUDA verified: NVIDIA L40S; tensor dot product=8.0
GPU startup: NVIDIA L40S, 533, 46068, 5
Loaded train=6026, valid=754; reserved test set is not loaded
epoch=1 loss=0.834769 validation_macro_fmax=0.274728 valid_micro_fmax=0.148577
epoch=2 loss=0.481192 validation_macro_fmax=0.256314 valid_micro_fmax=0.222375
epoch=3 loss=0.228708 validation_macro_fmax=0.249755 valid_micro_fmax=0.310501
epoch=4 loss=0.114585 validation_macro_fmax=0.263931 valid_micro_fmax=0.351436
epoch=5 loss=0.071986 validation_macro_fmax=0.268507 valid_micro_fmax=0.377998
epoch=6 loss=0.047862 validation_macro_fmax=0.254159 valid_micro_fmax=0.370031
epoch=7 loss=0.034442 validation_macro_fmax=0.257276 valid_micro_fmax=0.375705
epoch=8 loss=0.026863 validation_macro_fmax=0.251320 valid_micro_fmax=0.394538
epoch=9 loss=0.020171 validation_macro_fmax=0.266629 valid_micro_fmax=0.386439
Early stopping after 9 epochs (patience=8)
GPU completion: NVIDIA L40S, 19085, 46068, 0
