GPU: NVIDIA L40S
CUDA tensor check: 8.0
Mon Jul 20 05:50:48 2026       
+-----------------------------------------------------------------------------------------+
| NVIDIA-SMI 560.35.03              Driver Version: 560.35.03      CUDA Version: 12.6     |
|-----------------------------------------+------------------------+----------------------+
| GPU  Name                 Persistence-M | Bus-Id          Disp.A | Volatile Uncorr. ECC |
| Fan  Temp   Perf          Pwr:Usage/Cap |           Memory-Usage | GPU-Util  Compute M. |
|                                         |                        |               MIG M. |
|=========================================+========================+======================|
|   0  NVIDIA L40S                    On  |   00000000:0D:00.0 Off |                    0 |
| N/A   41C    P0             38W /  350W |     503MiB /  46068MiB |      1%      Default |
|                                         |                        |                  N/A |
+-----------------------------------------+------------------------+----------------------+
                                                                                         
+-----------------------------------------------------------------------------------------+
| Processes:                                                                              |
|  GPU   GI   CI        PID   Type   Process name                              GPU Memory |
|        ID   ID                                                               Usage      |
|=========================================================================================|
|    0   N/A  N/A   1506914      C   python3                                       494MiB |
+-----------------------------------------------------------------------------------------+
CUDA verified: NVIDIA L40S; tensor dot product=8.0
GPU startup: NVIDIA L40S, 533, 46068, 0
Loaded train=6026, valid=754; reserved test set is not loaded
epoch=1 loss=0.640200 validation_macro_fmax=0.110405 valid_micro_fmax=0.012868
epoch=2 loss=0.554743 validation_macro_fmax=0.121243 valid_micro_fmax=0.014383
epoch=3 loss=0.512433 validation_macro_fmax=0.134605 valid_micro_fmax=0.018554
epoch=4 loss=0.485290 validation_macro_fmax=0.146742 valid_micro_fmax=0.023650
epoch=5 loss=0.464861 validation_macro_fmax=0.162111 valid_micro_fmax=0.026565
epoch=6 loss=0.448639 validation_macro_fmax=0.174331 valid_micro_fmax=0.028579
epoch=7 loss=0.436404 validation_macro_fmax=0.189718 valid_micro_fmax=0.033423
epoch=8 loss=0.425176 validation_macro_fmax=0.200328 valid_micro_fmax=0.037686
epoch=9 loss=0.416589 validation_macro_fmax=0.211171 valid_micro_fmax=0.041937
epoch=10 loss=0.408307 validation_macro_fmax=0.223280 valid_micro_fmax=0.044095
epoch=11 loss=0.401300 validation_macro_fmax=0.226156 valid_micro_fmax=0.047904
epoch=12 loss=0.394924 validation_macro_fmax=0.224053 valid_micro_fmax=0.049347
epoch=13 loss=0.389517 validation_macro_fmax=0.236339 valid_micro_fmax=0.056246
epoch=14 loss=0.382535 validation_macro_fmax=0.244220 valid_micro_fmax=0.055721
epoch=15 loss=0.376682 validation_macro_fmax=0.244319 valid_micro_fmax=0.068105
epoch=16 loss=0.371395 validation_macro_fmax=0.251575 valid_micro_fmax=0.075177
epoch=17 loss=0.364421 validation_macro_fmax=0.261555 valid_micro_fmax=0.079523
epoch=18 loss=0.358032 validation_macro_fmax=0.266270 valid_micro_fmax=0.082271
epoch=19 loss=0.351640 validation_macro_fmax=0.269872 valid_micro_fmax=0.092967
epoch=20 loss=0.344768 validation_macro_fmax=0.274496 valid_micro_fmax=0.092211
epoch=21 loss=0.337225 validation_macro_fmax=0.277770 valid_micro_fmax=0.095830
epoch=22 loss=0.329906 validation_macro_fmax=0.277750 valid_micro_fmax=0.096542
epoch=23 loss=0.321392 validation_macro_fmax=0.282157 valid_micro_fmax=0.106750
epoch=24 loss=0.313199 validation_macro_fmax=0.284871 valid_micro_fmax=0.111835
epoch=25 loss=0.304072 validation_macro_fmax=0.287095 valid_micro_fmax=0.113143
epoch=26 loss=0.294784 validation_macro_fmax=0.289112 valid_micro_fmax=0.113999
epoch=27 loss=0.284974 validation_macro_fmax=0.294393 valid_micro_fmax=0.117148
epoch=28 loss=0.275148 validation_macro_fmax=0.293612 valid_micro_fmax=0.124039
epoch=29 loss=0.265183 validation_macro_fmax=0.303092 valid_micro_fmax=0.124490
epoch=30 loss=0.254794 validation_macro_fmax=0.310090 valid_micro_fmax=0.127623
epoch=31 loss=0.243938 validation_macro_fmax=0.309554 valid_micro_fmax=0.140897
epoch=32 loss=0.233697 validation_macro_fmax=0.309974 valid_micro_fmax=0.128779
epoch=33 loss=0.222921 validation_macro_fmax=0.316341 valid_micro_fmax=0.144824
epoch=34 loss=0.212056 validation_macro_fmax=0.313559 valid_micro_fmax=0.141346
epoch=35 loss=0.201723 validation_macro_fmax=0.317376 valid_micro_fmax=0.151654
epoch=36 loss=0.191026 validation_macro_fmax=0.313963 valid_micro_fmax=0.147426
epoch=37 loss=0.181057 validation_macro_fmax=0.319057 valid_micro_fmax=0.153871
epoch=38 loss=0.170831 validation_macro_fmax=0.318964 valid_micro_fmax=0.164858
epoch=39 loss=0.161179 validation_macro_fmax=0.318382 valid_micro_fmax=0.158056
epoch=40 loss=0.151911 validation_macro_fmax=0.322731 valid_micro_fmax=0.154713
epoch=41 loss=0.142529 validation_macro_fmax=0.322512 valid_micro_fmax=0.172074
epoch=42 loss=0.133747 validation_macro_fmax=0.326888 valid_micro_fmax=0.169091
epoch=43 loss=0.125755 validation_macro_fmax=0.322791 valid_micro_fmax=0.172233
epoch=44 loss=0.118011 validation_macro_fmax=0.327418 valid_micro_fmax=0.175139
epoch=45 loss=0.110501 validation_macro_fmax=0.333252 valid_micro_fmax=0.180947
epoch=46 loss=0.103786 validation_macro_fmax=0.325081 valid_micro_fmax=0.181376
epoch=47 loss=0.096886 validation_macro_fmax=0.331418 valid_micro_fmax=0.190357
epoch=48 loss=0.090488 validation_macro_fmax=0.330408 valid_micro_fmax=0.191166
epoch=49 loss=0.084970 validation_macro_fmax=0.337243 valid_micro_fmax=0.183136
epoch=50 loss=0.079546 validation_macro_fmax=0.338372 valid_micro_fmax=0.188511
epoch=51 loss=0.074227 validation_macro_fmax=0.337295 valid_micro_fmax=0.196559
epoch=52 loss=0.069737 validation_macro_fmax=0.337415 valid_micro_fmax=0.193162
epoch=53 loss=0.065332 validation_macro_fmax=0.342661 valid_micro_fmax=0.204848
epoch=54 loss=0.060854 validation_macro_fmax=0.344716 valid_micro_fmax=0.186343
epoch=55 loss=0.057160 validation_macro_fmax=0.344316 valid_micro_fmax=0.199728
epoch=56 loss=0.054162 validation_macro_fmax=0.342741 valid_micro_fmax=0.196708
epoch=57 loss=0.050258 validation_macro_fmax=0.343416 valid_micro_fmax=0.196920
epoch=58 loss=0.047549 validation_macro_fmax=0.348691 valid_micro_fmax=0.209176
epoch=59 loss=0.044626 validation_macro_fmax=0.350538 valid_micro_fmax=0.207380
epoch=60 loss=0.042863 validation_macro_fmax=0.350694 valid_micro_fmax=0.199925
epoch=61 loss=0.039470 validation_macro_fmax=0.354035 valid_micro_fmax=0.213800
epoch=62 loss=0.036896 validation_macro_fmax=0.351576 valid_micro_fmax=0.196721
epoch=63 loss=0.035150 validation_macro_fmax=0.361417 valid_micro_fmax=0.216526
epoch=64 loss=0.033070 validation_macro_fmax=0.356549 valid_micro_fmax=0.201769
epoch=65 loss=0.030650 validation_macro_fmax=0.354748 valid_micro_fmax=0.201857
epoch=66 loss=0.029076 validation_macro_fmax=0.360251 valid_micro_fmax=0.207177
epoch=67 loss=0.028072 validation_macro_fmax=0.365191 valid_micro_fmax=0.202840
epoch=68 loss=0.025699 validation_macro_fmax=0.356285 valid_micro_fmax=0.203340
epoch=69 loss=0.024528 validation_macro_fmax=0.359504 valid_micro_fmax=0.214708
epoch=70 loss=0.023137 validation_macro_fmax=0.365183 valid_micro_fmax=0.190689
epoch=71 loss=0.022228 validation_macro_fmax=0.369768 valid_micro_fmax=0.208419
epoch=72 loss=0.020707 validation_macro_fmax=0.359938 valid_micro_fmax=0.207721
epoch=73 loss=0.019584 validation_macro_fmax=0.360810 valid_micro_fmax=0.206289
epoch=74 loss=0.018800 validation_macro_fmax=0.364273 valid_micro_fmax=0.209784
epoch=75 loss=0.017703 validation_macro_fmax=0.365086 valid_micro_fmax=0.217566
epoch=76 loss=0.016661 validation_macro_fmax=0.358893 valid_micro_fmax=0.213030
epoch=77 loss=0.016049 validation_macro_fmax=0.364757 valid_micro_fmax=0.206288
epoch=78 loss=0.015431 validation_macro_fmax=0.356493 valid_micro_fmax=0.205646
epoch=79 loss=0.014483 validation_macro_fmax=0.362329 valid_micro_fmax=0.216470
epoch=80 loss=0.014077 validation_macro_fmax=0.364444 valid_micro_fmax=0.216531
Early stopping after 80 epochs (patience=9)
GPU completion: NVIDIA L40S, 40123, 46068, 0
