GPU: NVIDIA L40S
CUDA tensor check: 8.0
Sun Jul 19 23:25:34 2026       
+-----------------------------------------------------------------------------------------+
| NVIDIA-SMI 560.35.03              Driver Version: 560.35.03      CUDA Version: 12.6     |
|-----------------------------------------+------------------------+----------------------+
| GPU  Name                 Persistence-M | Bus-Id          Disp.A | Volatile Uncorr. ECC |
| Fan  Temp   Perf          Pwr:Usage/Cap |           Memory-Usage | GPU-Util  Compute M. |
|                                         |                        |               MIG M. |
|=========================================+========================+======================|
|   0  NVIDIA L40S                    On  |   00000000:B5:00.0 Off |                    0 |
| N/A   47C    P0             42W /  350W |     503MiB /  46068MiB |      0%      Default |
|                                         |                        |                  N/A |
+-----------------------------------------+------------------------+----------------------+
                                                                                         
+-----------------------------------------------------------------------------------------+
| Processes:                                                                              |
|  GPU   GI   CI        PID   Type   Process name                              GPU Memory |
|        ID   ID                                                               Usage      |
|=========================================================================================|
|    0   N/A  N/A   1070614      C   python3                                       494MiB |
+-----------------------------------------------------------------------------------------+
CUDA verified: NVIDIA L40S; tensor dot product=8.0
GPU startup: NVIDIA L40S, 533, 46068, 0
Loaded train=6026, valid=754; reserved test set is not loaded
epoch=1 loss=0.316968 validation_macro_fmax=0.214412 valid_micro_fmax=0.130595
epoch=2 loss=0.245605 validation_macro_fmax=0.258918 valid_micro_fmax=0.188740
epoch=3 loss=0.224714 validation_macro_fmax=0.276653 valid_micro_fmax=0.210471
epoch=4 loss=0.212136 validation_macro_fmax=0.282576 valid_micro_fmax=0.257157
epoch=5 loss=0.202001 validation_macro_fmax=0.288408 valid_micro_fmax=0.270539
epoch=6 loss=0.193540 validation_macro_fmax=0.290315 valid_micro_fmax=0.298502
epoch=7 loss=0.185269 validation_macro_fmax=0.291041 valid_micro_fmax=0.305949
epoch=8 loss=0.176617 validation_macro_fmax=0.295899 valid_micro_fmax=0.335162
epoch=9 loss=0.167706 validation_macro_fmax=0.296157 valid_micro_fmax=0.348280
epoch=10 loss=0.157718 validation_macro_fmax=0.297028 valid_micro_fmax=0.349187
epoch=11 loss=0.146993 validation_macro_fmax=0.308509 valid_micro_fmax=0.385570
epoch=12 loss=0.135187 validation_macro_fmax=0.285560 valid_micro_fmax=0.389620
epoch=13 loss=0.122959 validation_macro_fmax=0.287231 valid_micro_fmax=0.357452
epoch=14 loss=0.110796 validation_macro_fmax=0.281310 valid_micro_fmax=0.381999
epoch=15 loss=0.098914 validation_macro_fmax=0.272340 valid_micro_fmax=0.388978
epoch=16 loss=0.088151 validation_macro_fmax=0.276265 valid_micro_fmax=0.403057
epoch=17 loss=0.077903 validation_macro_fmax=0.277760 valid_micro_fmax=0.430174
epoch=18 loss=0.067723 validation_macro_fmax=0.275704 valid_micro_fmax=0.427616
epoch=19 loss=0.060520 validation_macro_fmax=0.282067 valid_micro_fmax=0.413025
Early stopping after 19 epochs (patience=8)
GPU completion: NVIDIA L40S, 26361, 46068, 0
