GPU: NVIDIA L40S
CUDA tensor check: 8.0
Mon Jul 20 04:43:10 2026       
+-----------------------------------------------------------------------------------------+
| NVIDIA-SMI 560.35.03              Driver Version: 560.35.03      CUDA Version: 12.6     |
|-----------------------------------------+------------------------+----------------------+
| GPU  Name                 Persistence-M | Bus-Id          Disp.A | Volatile Uncorr. ECC |
| Fan  Temp   Perf          Pwr:Usage/Cap |           Memory-Usage | GPU-Util  Compute M. |
|                                         |                        |               MIG M. |
|=========================================+========================+======================|
|   0  NVIDIA L40S                    On  |   00000000:0D:00.0 Off |                    0 |
| N/A   40C    P0             38W /  350W |     503MiB /  46068MiB |      0%      Default |
|                                         |                        |                  N/A |
+-----------------------------------------+------------------------+----------------------+
                                                                                         
+-----------------------------------------------------------------------------------------+
| Processes:                                                                              |
|  GPU   GI   CI        PID   Type   Process name                              GPU Memory |
|        ID   ID                                                               Usage      |
|=========================================================================================|
|    0   N/A  N/A   1482647      C   python3                                       494MiB |
+-----------------------------------------------------------------------------------------+
CUDA verified: NVIDIA L40S; tensor dot product=8.0
GPU startup: NVIDIA L40S, 533, 46068, 0
Loaded train=6026, valid=754; reserved test set is not loaded
epoch=1 loss=1.092834 validation_macro_fmax=0.338109 valid_micro_fmax=0.132382
epoch=2 loss=0.901141 validation_macro_fmax=0.371627 valid_micro_fmax=0.185449
epoch=3 loss=0.822138 validation_macro_fmax=0.387943 valid_micro_fmax=0.262102
epoch=4 loss=0.777170 validation_macro_fmax=0.395903 valid_micro_fmax=0.310453
epoch=5 loss=0.747474 validation_macro_fmax=0.395126 valid_micro_fmax=0.332805
epoch=6 loss=0.724917 validation_macro_fmax=0.402232 valid_micro_fmax=0.344587
epoch=7 loss=0.708106 validation_macro_fmax=0.407021 valid_micro_fmax=0.361735
epoch=8 loss=0.694183 validation_macro_fmax=0.405018 valid_micro_fmax=0.383802
epoch=9 loss=0.681981 validation_macro_fmax=0.404209 valid_micro_fmax=0.379887
epoch=10 loss=0.670614 validation_macro_fmax=0.399584 valid_micro_fmax=0.393675
epoch=11 loss=0.659961 validation_macro_fmax=0.401757 valid_micro_fmax=0.382925
epoch=12 loss=0.649629 validation_macro_fmax=0.408907 valid_micro_fmax=0.390532
epoch=13 loss=0.639088 validation_macro_fmax=0.406498 valid_micro_fmax=0.409391
epoch=14 loss=0.627759 validation_macro_fmax=0.408985 valid_micro_fmax=0.413126
epoch=15 loss=0.616120 validation_macro_fmax=0.407771 valid_micro_fmax=0.404703
epoch=16 loss=0.603897 validation_macro_fmax=0.406301 valid_micro_fmax=0.414121
epoch=17 loss=0.590966 validation_macro_fmax=0.410159 valid_micro_fmax=0.392116
epoch=18 loss=0.577082 validation_macro_fmax=0.408354 valid_micro_fmax=0.406532
epoch=19 loss=0.561986 validation_macro_fmax=0.409283 valid_micro_fmax=0.421191
epoch=20 loss=0.545675 validation_macro_fmax=0.406915 valid_micro_fmax=0.397710
epoch=21 loss=0.529338 validation_macro_fmax=0.411214 valid_micro_fmax=0.426324
epoch=22 loss=0.512020 validation_macro_fmax=0.408341 valid_micro_fmax=0.406329
epoch=23 loss=0.494059 validation_macro_fmax=0.417024 valid_micro_fmax=0.420345
epoch=24 loss=0.475049 validation_macro_fmax=0.409164 valid_micro_fmax=0.394181
epoch=25 loss=0.455834 validation_macro_fmax=0.414331 valid_micro_fmax=0.398538
epoch=26 loss=0.436377 validation_macro_fmax=0.411607 valid_micro_fmax=0.417637
epoch=27 loss=0.416169 validation_macro_fmax=0.409754 valid_micro_fmax=0.407260
epoch=28 loss=0.396546 validation_macro_fmax=0.407385 valid_micro_fmax=0.404781
epoch=29 loss=0.376992 validation_macro_fmax=0.405600 valid_micro_fmax=0.423309
epoch=30 loss=0.358137 validation_macro_fmax=0.406157 valid_micro_fmax=0.399918
epoch=31 loss=0.339149 validation_macro_fmax=0.411464 valid_micro_fmax=0.423640
epoch=32 loss=0.320340 validation_macro_fmax=0.411523 valid_micro_fmax=0.431365
Early stopping after 32 epochs (patience=9)
GPU completion: NVIDIA L40S, 27391, 46068, 0
