GPU: NVIDIA L40S
CUDA tensor check: 8.0
Mon Jul 20 01:31:55 2026       
+-----------------------------------------------------------------------------------------+
| NVIDIA-SMI 560.35.03              Driver Version: 560.35.03      CUDA Version: 12.6     |
|-----------------------------------------+------------------------+----------------------+
| GPU  Name                 Persistence-M | Bus-Id          Disp.A | Volatile Uncorr. ECC |
| Fan  Temp   Perf          Pwr:Usage/Cap |           Memory-Usage | GPU-Util  Compute M. |
|                                         |                        |               MIG M. |
|=========================================+========================+======================|
|   0  NVIDIA L40S                    On  |   00000000:B5:00.0 Off |                    0 |
| N/A   54C    P0             45W /  350W |     503MiB /  46068MiB |      0%      Default |
|                                         |                        |                  N/A |
+-----------------------------------------+------------------------+----------------------+
                                                                                         
+-----------------------------------------------------------------------------------------+
| Processes:                                                                              |
|  GPU   GI   CI        PID   Type   Process name                              GPU Memory |
|        ID   ID                                                               Usage      |
|=========================================================================================|
|    0   N/A  N/A   1126018      C   python3                                       494MiB |
+-----------------------------------------------------------------------------------------+
CUDA verified: NVIDIA L40S; tensor dot product=8.0
GPU startup: NVIDIA L40S, 533, 46068, 0
Loaded train=6026, valid=754; reserved test set is not loaded
epoch=1 loss=1.223246 validation_macro_fmax=0.316297 valid_micro_fmax=0.098889
epoch=2 loss=1.135829 validation_macro_fmax=0.323708 valid_micro_fmax=0.104026
epoch=3 loss=1.074205 validation_macro_fmax=0.326468 valid_micro_fmax=0.112506
epoch=4 loss=1.031869 validation_macro_fmax=0.333246 valid_micro_fmax=0.120046
epoch=5 loss=0.995112 validation_macro_fmax=0.340171 valid_micro_fmax=0.136710
epoch=6 loss=0.964495 validation_macro_fmax=0.344281 valid_micro_fmax=0.142633
epoch=7 loss=0.938911 validation_macro_fmax=0.359710 valid_micro_fmax=0.165209
epoch=8 loss=0.918085 validation_macro_fmax=0.361522 valid_micro_fmax=0.177207
epoch=9 loss=0.898266 validation_macro_fmax=0.362431 valid_micro_fmax=0.189764
epoch=10 loss=0.882261 validation_macro_fmax=0.358796 valid_micro_fmax=0.200411
epoch=11 loss=0.865557 validation_macro_fmax=0.361342 valid_micro_fmax=0.213790
epoch=12 loss=0.850424 validation_macro_fmax=0.368932 valid_micro_fmax=0.219712
epoch=13 loss=0.837147 validation_macro_fmax=0.369088 valid_micro_fmax=0.234313
epoch=14 loss=0.825641 validation_macro_fmax=0.375156 valid_micro_fmax=0.244884
epoch=15 loss=0.813682 validation_macro_fmax=0.372495 valid_micro_fmax=0.257232
epoch=16 loss=0.802443 validation_macro_fmax=0.372245 valid_micro_fmax=0.272520
epoch=17 loss=0.792760 validation_macro_fmax=0.372164 valid_micro_fmax=0.266404
epoch=18 loss=0.783180 validation_macro_fmax=0.377045 valid_micro_fmax=0.275009
epoch=19 loss=0.774013 validation_macro_fmax=0.378572 valid_micro_fmax=0.282236
epoch=20 loss=0.764836 validation_macro_fmax=0.372277 valid_micro_fmax=0.281340
epoch=21 loss=0.756595 validation_macro_fmax=0.372827 valid_micro_fmax=0.310374
epoch=22 loss=0.748527 validation_macro_fmax=0.375374 valid_micro_fmax=0.307725
epoch=23 loss=0.742411 validation_macro_fmax=0.377556 valid_micro_fmax=0.323766
epoch=24 loss=0.733807 validation_macro_fmax=0.380301 valid_micro_fmax=0.324589
epoch=25 loss=0.726440 validation_macro_fmax=0.380198 valid_micro_fmax=0.326333
epoch=26 loss=0.718282 validation_macro_fmax=0.385621 valid_micro_fmax=0.322347
epoch=27 loss=0.712192 validation_macro_fmax=0.387763 valid_micro_fmax=0.331454
epoch=28 loss=0.705127 validation_macro_fmax=0.388156 valid_micro_fmax=0.316111
epoch=29 loss=0.697861 validation_macro_fmax=0.386846 valid_micro_fmax=0.355851
epoch=30 loss=0.690459 validation_macro_fmax=0.389197 valid_micro_fmax=0.360652
epoch=31 loss=0.682630 validation_macro_fmax=0.395062 valid_micro_fmax=0.355015
epoch=32 loss=0.675403 validation_macro_fmax=0.396033 valid_micro_fmax=0.375119
epoch=33 loss=0.669255 validation_macro_fmax=0.393970 valid_micro_fmax=0.363041
epoch=34 loss=0.660822 validation_macro_fmax=0.396787 valid_micro_fmax=0.365190
epoch=35 loss=0.654089 validation_macro_fmax=0.400465 valid_micro_fmax=0.359042
epoch=36 loss=0.646645 validation_macro_fmax=0.403723 valid_micro_fmax=0.379286
epoch=37 loss=0.639109 validation_macro_fmax=0.401436 valid_micro_fmax=0.380186
epoch=38 loss=0.632238 validation_macro_fmax=0.399559 valid_micro_fmax=0.370892
epoch=39 loss=0.623072 validation_macro_fmax=0.402417 valid_micro_fmax=0.378871
epoch=40 loss=0.615136 validation_macro_fmax=0.402967 valid_micro_fmax=0.383195
epoch=41 loss=0.607088 validation_macro_fmax=0.402927 valid_micro_fmax=0.402509
epoch=42 loss=0.600096 validation_macro_fmax=0.403213 valid_micro_fmax=0.394692
epoch=43 loss=0.591256 validation_macro_fmax=0.405831 valid_micro_fmax=0.383821
epoch=44 loss=0.582241 validation_macro_fmax=0.404486 valid_micro_fmax=0.398071
epoch=45 loss=0.573114 validation_macro_fmax=0.403422 valid_micro_fmax=0.403638
epoch=46 loss=0.565369 validation_macro_fmax=0.404120 valid_micro_fmax=0.406668
epoch=47 loss=0.555794 validation_macro_fmax=0.404185 valid_micro_fmax=0.403411
epoch=48 loss=0.547891 validation_macro_fmax=0.403732 valid_micro_fmax=0.401815
epoch=49 loss=0.538090 validation_macro_fmax=0.401807 valid_micro_fmax=0.422690
epoch=50 loss=0.528725 validation_macro_fmax=0.395923 valid_micro_fmax=0.423559
epoch=51 loss=0.519417 validation_macro_fmax=0.405159 valid_micro_fmax=0.405844
epoch=52 loss=0.510003 validation_macro_fmax=0.402134 valid_micro_fmax=0.407947
Early stopping after 52 epochs (patience=9)
GPU completion: NVIDIA L40S, 23793, 46068, 0
