GPU: NVIDIA L40S
CUDA tensor check: 8.0
Mon Jul 20 06:26:32 2026       
+-----------------------------------------------------------------------------------------+
| NVIDIA-SMI 560.35.03              Driver Version: 560.35.03      CUDA Version: 12.6     |
|-----------------------------------------+------------------------+----------------------+
| GPU  Name                 Persistence-M | Bus-Id          Disp.A | Volatile Uncorr. ECC |
| Fan  Temp   Perf          Pwr:Usage/Cap |           Memory-Usage | GPU-Util  Compute M. |
|                                         |                        |               MIG M. |
|=========================================+========================+======================|
|   0  NVIDIA L40S                    On  |   00000000:0D:00.0 Off |                    0 |
| N/A   36C    P0             38W /  350W |     503MiB /  46068MiB |      0%      Default |
|                                         |                        |                  N/A |
+-----------------------------------------+------------------------+----------------------+
                                                                                         
+-----------------------------------------------------------------------------------------+
| Processes:                                                                              |
|  GPU   GI   CI        PID   Type   Process name                              GPU Memory |
|        ID   ID                                                               Usage      |
|=========================================================================================|
|    0   N/A  N/A   1522240      C   python3                                       494MiB |
+-----------------------------------------------------------------------------------------+
CUDA verified: NVIDIA L40S; tensor dot product=8.0
GPU startup: NVIDIA L40S, 533, 46068, 0
Loaded train=6026, valid=754; reserved test set is not loaded
epoch=1 loss=0.329502 validation_macro_fmax=0.157724 valid_micro_fmax=0.028662
epoch=2 loss=0.260522 validation_macro_fmax=0.212267 valid_micro_fmax=0.061321
epoch=3 loss=0.239212 validation_macro_fmax=0.252184 valid_micro_fmax=0.100282
epoch=4 loss=0.227126 validation_macro_fmax=0.275574 valid_micro_fmax=0.143708
epoch=5 loss=0.218252 validation_macro_fmax=0.292889 valid_micro_fmax=0.169198
epoch=6 loss=0.210954 validation_macro_fmax=0.300856 valid_micro_fmax=0.195528
epoch=7 loss=0.203905 validation_macro_fmax=0.315576 valid_micro_fmax=0.202742
epoch=8 loss=0.197673 validation_macro_fmax=0.331841 valid_micro_fmax=0.215129
epoch=9 loss=0.190678 validation_macro_fmax=0.337601 valid_micro_fmax=0.220465
epoch=10 loss=0.183357 validation_macro_fmax=0.335790 valid_micro_fmax=0.231945
epoch=11 loss=0.175132 validation_macro_fmax=0.342728 valid_micro_fmax=0.233265
epoch=12 loss=0.166295 validation_macro_fmax=0.347974 valid_micro_fmax=0.242498
epoch=13 loss=0.156030 validation_macro_fmax=0.345060 valid_micro_fmax=0.248849
epoch=14 loss=0.145267 validation_macro_fmax=0.348875 valid_micro_fmax=0.254144
epoch=15 loss=0.133875 validation_macro_fmax=0.355503 valid_micro_fmax=0.263127
epoch=16 loss=0.122243 validation_macro_fmax=0.361222 valid_micro_fmax=0.261287
epoch=17 loss=0.110791 validation_macro_fmax=0.367214 valid_micro_fmax=0.266801
epoch=18 loss=0.099921 validation_macro_fmax=0.366100 valid_micro_fmax=0.269275
epoch=19 loss=0.088791 validation_macro_fmax=0.371715 valid_micro_fmax=0.271555
epoch=20 loss=0.079205 validation_macro_fmax=0.380810 valid_micro_fmax=0.277958
epoch=21 loss=0.070629 validation_macro_fmax=0.381730 valid_micro_fmax=0.286332
epoch=22 loss=0.062799 validation_macro_fmax=0.388213 valid_micro_fmax=0.294016
epoch=23 loss=0.055687 validation_macro_fmax=0.389860 valid_micro_fmax=0.288321
epoch=24 loss=0.049247 validation_macro_fmax=0.397943 valid_micro_fmax=0.301521
epoch=25 loss=0.043657 validation_macro_fmax=0.401414 valid_micro_fmax=0.308318
epoch=26 loss=0.038948 validation_macro_fmax=0.411655 valid_micro_fmax=0.318315
epoch=27 loss=0.034522 validation_macro_fmax=0.422218 valid_micro_fmax=0.318195
epoch=28 loss=0.031138 validation_macro_fmax=0.413148 valid_micro_fmax=0.326769
epoch=29 loss=0.027818 validation_macro_fmax=0.417823 valid_micro_fmax=0.331305
epoch=30 loss=0.025253 validation_macro_fmax=0.409336 valid_micro_fmax=0.326270
epoch=31 loss=0.023033 validation_macro_fmax=0.403367 valid_micro_fmax=0.329456
epoch=32 loss=0.020460 validation_macro_fmax=0.407728 valid_micro_fmax=0.334795
epoch=33 loss=0.018749 validation_macro_fmax=0.405782 valid_micro_fmax=0.335091
epoch=34 loss=0.017107 validation_macro_fmax=0.408149 valid_micro_fmax=0.336432
epoch=35 loss=0.015431 validation_macro_fmax=0.411009 valid_micro_fmax=0.337694
Early stopping after 35 epochs (patience=8)
GPU completion: NVIDIA L40S, 39853, 46068, 0
