GPU: NVIDIA L40S
CUDA tensor check: 8.0
Sun Jul 19 05:54:52 2026       
+-----------------------------------------------------------------------------------------+
| NVIDIA-SMI 560.35.03              Driver Version: 560.35.03      CUDA Version: 12.6     |
|-----------------------------------------+------------------------+----------------------+
| GPU  Name                 Persistence-M | Bus-Id          Disp.A | Volatile Uncorr. ECC |
| Fan  Temp   Perf          Pwr:Usage/Cap |           Memory-Usage | GPU-Util  Compute M. |
|                                         |                        |               MIG M. |
|=========================================+========================+======================|
|   0  NVIDIA L40S                    On  |   00000000:0D:00.0 Off |                    0 |
| N/A   55C    P0             45W /  350W |     503MiB /  46068MiB |      5%      Default |
|                                         |                        |                  N/A |
+-----------------------------------------+------------------------+----------------------+
                                                                                         
+-----------------------------------------------------------------------------------------+
| Processes:                                                                              |
|  GPU   GI   CI        PID   Type   Process name                              GPU Memory |
|        ID   ID                                                               Usage      |
|=========================================================================================|
|    0   N/A  N/A   1034650      C   python3                                       494MiB |
+-----------------------------------------------------------------------------------------+
CUDA verified: NVIDIA L40S; tensor dot product=8.0
GPU startup: NVIDIA L40S, 533, 46068, 0
Loaded train=6026, valid=754; reserved test set is not loaded
epoch=1 loss=1.227834 validation_macro_fmax=0.087605 valid_micro_fmax=0.013367
epoch=2 loss=1.167520 validation_macro_fmax=0.086237 valid_micro_fmax=0.013644
epoch=3 loss=1.123902 validation_macro_fmax=0.088684 valid_micro_fmax=0.014179
epoch=4 loss=1.089077 validation_macro_fmax=0.091869 valid_micro_fmax=0.014412
epoch=5 loss=1.056609 validation_macro_fmax=0.092451 valid_micro_fmax=0.016558
epoch=6 loss=1.029144 validation_macro_fmax=0.096797 valid_micro_fmax=0.019329
epoch=7 loss=1.007024 validation_macro_fmax=0.100729 valid_micro_fmax=0.023177
epoch=8 loss=0.982493 validation_macro_fmax=0.103919 valid_micro_fmax=0.027868
epoch=9 loss=0.963218 validation_macro_fmax=0.106968 valid_micro_fmax=0.032817
epoch=10 loss=0.944072 validation_macro_fmax=0.111219 valid_micro_fmax=0.039117
epoch=11 loss=0.929545 validation_macro_fmax=0.118693 valid_micro_fmax=0.044213
epoch=12 loss=0.913367 validation_macro_fmax=0.122054 valid_micro_fmax=0.058217
epoch=13 loss=0.900078 validation_macro_fmax=0.126377 valid_micro_fmax=0.064190
epoch=14 loss=0.889347 validation_macro_fmax=0.129665 valid_micro_fmax=0.066858
epoch=15 loss=0.876067 validation_macro_fmax=0.127743 valid_micro_fmax=0.077618
epoch=16 loss=0.866260 validation_macro_fmax=0.135941 valid_micro_fmax=0.083956
epoch=17 loss=0.853666 validation_macro_fmax=0.134970 valid_micro_fmax=0.087343
epoch=18 loss=0.845094 validation_macro_fmax=0.137721 valid_micro_fmax=0.094167
epoch=19 loss=0.835457 validation_macro_fmax=0.140459 valid_micro_fmax=0.100666
epoch=20 loss=0.825444 validation_macro_fmax=0.145770 valid_micro_fmax=0.105006
epoch=21 loss=0.817427 validation_macro_fmax=0.143305 valid_micro_fmax=0.112693
epoch=22 loss=0.809313 validation_macro_fmax=0.143847 valid_micro_fmax=0.114650
epoch=23 loss=0.802035 validation_macro_fmax=0.149134 valid_micro_fmax=0.124243
epoch=24 loss=0.794318 validation_macro_fmax=0.150220 valid_micro_fmax=0.125919
epoch=25 loss=0.788277 validation_macro_fmax=0.149382 valid_micro_fmax=0.128517
epoch=26 loss=0.779838 validation_macro_fmax=0.152232 valid_micro_fmax=0.125359
epoch=27 loss=0.772322 validation_macro_fmax=0.151158 valid_micro_fmax=0.131640
epoch=28 loss=0.765739 validation_macro_fmax=0.147505 valid_micro_fmax=0.125039
epoch=29 loss=0.761017 validation_macro_fmax=0.145863 valid_micro_fmax=0.127105
epoch=30 loss=0.751914 validation_macro_fmax=0.142515 valid_micro_fmax=0.128604
epoch=31 loss=0.744717 validation_macro_fmax=0.146794 valid_micro_fmax=0.134089
epoch=32 loss=0.737082 validation_macro_fmax=0.148363 valid_micro_fmax=0.132631
epoch=33 loss=0.731111 validation_macro_fmax=0.146575 valid_micro_fmax=0.134182
epoch=34 loss=0.723230 validation_macro_fmax=0.149122 valid_micro_fmax=0.136607
Early stopping after 34 epochs (patience=8)
GPU completion: NVIDIA L40S, 20629, 46068, 0
