GPU: NVIDIA L40S
CUDA tensor check: 8.0
Sun Jul 19 08:52:29 2026       
+-----------------------------------------------------------------------------------------+
| NVIDIA-SMI 560.35.03              Driver Version: 560.35.03      CUDA Version: 12.6     |
|-----------------------------------------+------------------------+----------------------+
| GPU  Name                 Persistence-M | Bus-Id          Disp.A | Volatile Uncorr. ECC |
| Fan  Temp   Perf          Pwr:Usage/Cap |           Memory-Usage | GPU-Util  Compute M. |
|                                         |                        |               MIG M. |
|=========================================+========================+======================|
|   0  NVIDIA L40S                    On  |   00000000:0D:00.0 Off |                    0 |
| N/A   49C    P0             42W /  350W |     503MiB /  46068MiB |      0%      Default |
|                                         |                        |                  N/A |
+-----------------------------------------+------------------------+----------------------+
                                                                                         
+-----------------------------------------------------------------------------------------+
| Processes:                                                                              |
|  GPU   GI   CI        PID   Type   Process name                              GPU Memory |
|        ID   ID                                                               Usage      |
|=========================================================================================|
|    0   N/A  N/A   1107949      C   python3                                       494MiB |
+-----------------------------------------------------------------------------------------+
CUDA verified: NVIDIA L40S; tensor dot product=8.0
GPU startup: NVIDIA L40S, 533, 46068, 5
Loaded train=6026, valid=754; reserved test set is not loaded
epoch=1 loss=1.030662 validation_macro_fmax=0.139054 valid_micro_fmax=0.080663
epoch=2 loss=0.816187 validation_macro_fmax=0.171899 valid_micro_fmax=0.139877
epoch=3 loss=0.662541 validation_macro_fmax=0.188087 valid_micro_fmax=0.156745
epoch=4 loss=0.485399 validation_macro_fmax=0.169067 valid_micro_fmax=0.164665
epoch=5 loss=0.326120 validation_macro_fmax=0.148872 valid_micro_fmax=0.148073
epoch=6 loss=0.221169 validation_macro_fmax=0.217009 valid_micro_fmax=0.226128
epoch=7 loss=0.160538 validation_macro_fmax=0.179216 valid_micro_fmax=0.202020
epoch=8 loss=0.119291 validation_macro_fmax=0.174992 valid_micro_fmax=0.198851
epoch=9 loss=0.095173 validation_macro_fmax=0.180289 valid_micro_fmax=0.253082
epoch=10 loss=0.077301 validation_macro_fmax=0.211900 valid_micro_fmax=0.268363
epoch=11 loss=0.066568 validation_macro_fmax=0.181180 valid_micro_fmax=0.240607
epoch=12 loss=0.056182 validation_macro_fmax=0.179766 valid_micro_fmax=0.242815
epoch=13 loss=0.054428 validation_macro_fmax=0.160709 valid_micro_fmax=0.219755
epoch=14 loss=0.046132 validation_macro_fmax=0.177319 valid_micro_fmax=0.245564
epoch=15 loss=0.037566 validation_macro_fmax=0.178837 valid_micro_fmax=0.241240
Early stopping after 15 epochs (patience=9)
GPU completion: NVIDIA L40S, 28427, 46068, 0
