GPU: NVIDIA L40S
CUDA tensor check: 8.0
Thu Jul 16 21:07:57 2026       
+-----------------------------------------------------------------------------------------+
| NVIDIA-SMI 560.35.03              Driver Version: 560.35.03      CUDA Version: 12.6     |
|-----------------------------------------+------------------------+----------------------+
| GPU  Name                 Persistence-M | Bus-Id          Disp.A | Volatile Uncorr. ECC |
| Fan  Temp   Perf          Pwr:Usage/Cap |           Memory-Usage | GPU-Util  Compute M. |
|                                         |                        |               MIG M. |
|=========================================+========================+======================|
|   0  NVIDIA L40S                    On  |   00000000:B5:00.0 Off |                    0 |
| N/A   37C    P0             38W /  350W |     503MiB /  46068MiB |      0%      Default |
|                                         |                        |                  N/A |
+-----------------------------------------+------------------------+----------------------+
                                                                                         
+-----------------------------------------------------------------------------------------+
| Processes:                                                                              |
|  GPU   GI   CI        PID   Type   Process name                              GPU Memory |
|        ID   ID                                                               Usage      |
|=========================================================================================|
|    0   N/A  N/A   1548868      C   python3                                       494MiB |
+-----------------------------------------------------------------------------------------+
CUDA verified: NVIDIA L40S; tensor dot product=8.0
GPU startup: NVIDIA L40S, 533, 46068, 0
Loaded train=6026, valid=754; reserved test set is not loaded
epoch=1 loss=0.540436 validation_macro_fmax=0.156956 valid_micro_fmax=0.046222
epoch=2 loss=0.437574 validation_macro_fmax=0.198931 valid_micro_fmax=0.093158
epoch=3 loss=0.411356 validation_macro_fmax=0.216084 valid_micro_fmax=0.116531
epoch=4 loss=0.394709 validation_macro_fmax=0.232377 valid_micro_fmax=0.127086
epoch=5 loss=0.380454 validation_macro_fmax=0.245631 valid_micro_fmax=0.144157
epoch=6 loss=0.365747 validation_macro_fmax=0.257753 valid_micro_fmax=0.148748
epoch=7 loss=0.347129 validation_macro_fmax=0.270566 valid_micro_fmax=0.161505
epoch=8 loss=0.324018 validation_macro_fmax=0.276837 valid_micro_fmax=0.190809
epoch=9 loss=0.294279 validation_macro_fmax=0.294046 valid_micro_fmax=0.198851
epoch=10 loss=0.259392 validation_macro_fmax=0.300657 valid_micro_fmax=0.210886
epoch=11 loss=0.222710 validation_macro_fmax=0.295834 valid_micro_fmax=0.231701
epoch=12 loss=0.185953 validation_macro_fmax=0.304068 valid_micro_fmax=0.250501
epoch=13 loss=0.152261 validation_macro_fmax=0.311393 valid_micro_fmax=0.269408
epoch=14 loss=0.123027 validation_macro_fmax=0.307842 valid_micro_fmax=0.296743
epoch=15 loss=0.098579 validation_macro_fmax=0.304606 valid_micro_fmax=0.291178
epoch=16 loss=0.079507 validation_macro_fmax=0.322677 valid_micro_fmax=0.301271
epoch=17 loss=0.064513 validation_macro_fmax=0.316214 valid_micro_fmax=0.303322
epoch=18 loss=0.052470 validation_macro_fmax=0.318857 valid_micro_fmax=0.314199
epoch=19 loss=0.042889 validation_macro_fmax=0.312845 valid_micro_fmax=0.320829
epoch=20 loss=0.035882 validation_macro_fmax=0.317416 valid_micro_fmax=0.330308
epoch=21 loss=0.029871 validation_macro_fmax=0.319534 valid_micro_fmax=0.338046
epoch=22 loss=0.025327 validation_macro_fmax=0.326114 valid_micro_fmax=0.347758
epoch=23 loss=0.021580 validation_macro_fmax=0.313542 valid_micro_fmax=0.333760
epoch=24 loss=0.018556 validation_macro_fmax=0.324427 valid_micro_fmax=0.354558
epoch=25 loss=0.015916 validation_macro_fmax=0.315418 valid_micro_fmax=0.355280
epoch=26 loss=0.014135 validation_macro_fmax=0.320098 valid_micro_fmax=0.368301
epoch=27 loss=0.012346 validation_macro_fmax=0.314379 valid_micro_fmax=0.366274
epoch=28 loss=0.010787 validation_macro_fmax=0.324724 valid_micro_fmax=0.389054
epoch=29 loss=0.009552 validation_macro_fmax=0.321005 valid_micro_fmax=0.375342
epoch=30 loss=0.008470 validation_macro_fmax=0.319478 valid_micro_fmax=0.359900
epoch=31 loss=0.007551 validation_macro_fmax=0.334167 valid_micro_fmax=0.380266
epoch=32 loss=0.006641 validation_macro_fmax=0.326469 valid_micro_fmax=0.380264
epoch=33 loss=0.006204 validation_macro_fmax=0.322104 valid_micro_fmax=0.373450
epoch=34 loss=0.005697 validation_macro_fmax=0.325361 valid_micro_fmax=0.376105
epoch=35 loss=0.005127 validation_macro_fmax=0.336367 valid_micro_fmax=0.398559
epoch=36 loss=0.004642 validation_macro_fmax=0.327382 valid_micro_fmax=0.365614
epoch=37 loss=0.004100 validation_macro_fmax=0.332012 valid_micro_fmax=0.373452
epoch=38 loss=0.003762 validation_macro_fmax=0.334821 valid_micro_fmax=0.379053
epoch=39 loss=0.004738 validation_macro_fmax=0.338760 valid_micro_fmax=0.367333
epoch=40 loss=0.003503 validation_macro_fmax=0.328088 valid_micro_fmax=0.399029
epoch=41 loss=0.002967 validation_macro_fmax=0.330011 valid_micro_fmax=0.408907
epoch=42 loss=0.002688 validation_macro_fmax=0.336863 valid_micro_fmax=0.400917
epoch=43 loss=0.002459 validation_macro_fmax=0.349497 valid_micro_fmax=0.376423
epoch=44 loss=0.002297 validation_macro_fmax=0.329203 valid_micro_fmax=0.385539
epoch=45 loss=0.002268 validation_macro_fmax=0.345463 valid_micro_fmax=0.406131
epoch=46 loss=0.002091 validation_macro_fmax=0.344689 valid_micro_fmax=0.394753
epoch=47 loss=0.001986 validation_macro_fmax=0.347081 valid_micro_fmax=0.392963
epoch=48 loss=0.001925 validation_macro_fmax=0.339675 valid_micro_fmax=0.390528
epoch=49 loss=0.001724 validation_macro_fmax=0.340322 valid_micro_fmax=0.386503
epoch=50 loss=0.001797 validation_macro_fmax=0.343185 valid_micro_fmax=0.389161
epoch=51 loss=0.001868 validation_macro_fmax=0.324579 valid_micro_fmax=0.386054
epoch=52 loss=0.001764 validation_macro_fmax=0.336657 valid_micro_fmax=0.390512
epoch=53 loss=0.001854 validation_macro_fmax=0.321172 valid_micro_fmax=0.397730
Early stopping after 53 epochs (patience=10)
GPU completion: NVIDIA L40S, 36777, 46068, 0
