GPU: NVIDIA L40S
CUDA tensor check: 8.0
Sun Jul 19 23:33:39 2026       
+-----------------------------------------------------------------------------------------+
| NVIDIA-SMI 560.35.03              Driver Version: 560.35.03      CUDA Version: 12.6     |
|-----------------------------------------+------------------------+----------------------+
| GPU  Name                 Persistence-M | Bus-Id          Disp.A | Volatile Uncorr. ECC |
| Fan  Temp   Perf          Pwr:Usage/Cap |           Memory-Usage | GPU-Util  Compute M. |
|                                         |                        |               MIG M. |
|=========================================+========================+======================|
|   0  NVIDIA L40S                    On  |   00000000:B5:00.0 Off |                    0 |
| N/A   52C    P0             43W /  350W |     503MiB /  46068MiB |      0%      Default |
|                                         |                        |                  N/A |
+-----------------------------------------+------------------------+----------------------+
                                                                                         
+-----------------------------------------------------------------------------------------+
| Processes:                                                                              |
|  GPU   GI   CI        PID   Type   Process name                              GPU Memory |
|        ID   ID                                                               Usage      |
|=========================================================================================|
|    0   N/A  N/A   1631035      C   python3                                       494MiB |
+-----------------------------------------------------------------------------------------+
CUDA verified: NVIDIA L40S; tensor dot product=8.0
GPU startup: NVIDIA L40S, 533, 46068, 0
Loaded train=6026, valid=754; reserved test set is not loaded
epoch=1 loss=0.125899 validation_macro_fmax=0.253044 valid_micro_fmax=0.058431
epoch=2 loss=0.059116 validation_macro_fmax=0.303753 valid_micro_fmax=0.071839
epoch=3 loss=0.035518 validation_macro_fmax=0.264936 valid_micro_fmax=0.126282
epoch=4 loss=0.023817 validation_macro_fmax=0.300081 valid_micro_fmax=0.165271
epoch=5 loss=0.016987 validation_macro_fmax=0.315785 valid_micro_fmax=0.197514
epoch=6 loss=0.011684 validation_macro_fmax=0.321310 valid_micro_fmax=0.165612
epoch=7 loss=0.011077 validation_macro_fmax=0.320379 valid_micro_fmax=0.192191
epoch=8 loss=0.008431 validation_macro_fmax=0.332202 valid_micro_fmax=0.221169
epoch=9 loss=0.006311 validation_macro_fmax=0.329612 valid_micro_fmax=0.247793
epoch=10 loss=0.005674 validation_macro_fmax=0.345388 valid_micro_fmax=0.233846
epoch=11 loss=0.012938 validation_macro_fmax=0.351975 valid_micro_fmax=0.183514
epoch=12 loss=0.023206 validation_macro_fmax=0.329579 valid_micro_fmax=0.171565
epoch=13 loss=0.012385 validation_macro_fmax=0.344426 valid_micro_fmax=0.194845
epoch=14 loss=0.007113 validation_macro_fmax=0.349533 valid_micro_fmax=0.234426
epoch=15 loss=0.006536 validation_macro_fmax=0.362348 valid_micro_fmax=0.270247
