GPU: NVIDIA L40S
CUDA tensor check: 8.0
Wed Jul 15 16:11:35 2026       
+-----------------------------------------------------------------------------------------+
| NVIDIA-SMI 560.35.03              Driver Version: 560.35.03      CUDA Version: 12.6     |
|-----------------------------------------+------------------------+----------------------+
| GPU  Name                 Persistence-M | Bus-Id          Disp.A | Volatile Uncorr. ECC |
| Fan  Temp   Perf          Pwr:Usage/Cap |           Memory-Usage | GPU-Util  Compute M. |
|                                         |                        |               MIG M. |
|=========================================+========================+======================|
|   0  NVIDIA L40S                    On  |   00000000:B5:00.0 Off |                    0 |
| N/A   47C    P0             46W /  350W |     503MiB /  46068MiB |      5%      Default |
|                                         |                        |                  N/A |
+-----------------------------------------+------------------------+----------------------+
                                                                                         
+-----------------------------------------------------------------------------------------+
| Processes:                                                                              |
|  GPU   GI   CI        PID   Type   Process name                              GPU Memory |
|        ID   ID                                                               Usage      |
|=========================================================================================|
|    0   N/A  N/A     16189      C   python3                                       494MiB |
+-----------------------------------------------------------------------------------------+
CUDA verified: NVIDIA L40S; tensor dot product=8.0
GPU startup: NVIDIA L40S, 533, 46068, 0
Loaded train=6026, valid=754; reserved test set is not loaded
epoch=1 loss=0.290717 valid_micro_fmax=0.152811
epoch=2 loss=0.209047 valid_micro_fmax=0.251307
epoch=3 loss=0.166819 valid_micro_fmax=0.316413
epoch=4 loss=0.122448 valid_micro_fmax=0.371462
epoch=5 loss=0.082792 valid_micro_fmax=0.407944
epoch=6 loss=0.056574 valid_micro_fmax=0.445643
epoch=7 loss=0.040974 valid_micro_fmax=0.462312
epoch=8 loss=0.031258 valid_micro_fmax=0.422248
epoch=9 loss=0.024431 valid_micro_fmax=0.490100
epoch=10 loss=0.019818 valid_micro_fmax=0.475571
epoch=11 loss=0.018054 valid_micro_fmax=0.465304
epoch=12 loss=0.015382 valid_micro_fmax=0.460732
epoch=13 loss=0.013365 valid_micro_fmax=0.465394
epoch=14 loss=0.012064 valid_micro_fmax=0.463558
epoch=15 loss=0.010766 valid_micro_fmax=0.471919
epoch=16 loss=0.009350 valid_micro_fmax=0.482069
epoch=17 loss=0.008432 valid_micro_fmax=0.457220
Early stopping after 17 epochs (patience=8)
GPU completion: NVIDIA L40S, 20395, 46068, 28
