GPU: NVIDIA L40S
CUDA tensor check: 8.0
Sun Jul 19 07:51:23 2026       
+-----------------------------------------------------------------------------------------+
| NVIDIA-SMI 560.35.03              Driver Version: 560.35.03      CUDA Version: 12.6     |
|-----------------------------------------+------------------------+----------------------+
| GPU  Name                 Persistence-M | Bus-Id          Disp.A | Volatile Uncorr. ECC |
| Fan  Temp   Perf          Pwr:Usage/Cap |           Memory-Usage | GPU-Util  Compute M. |
|                                         |                        |               MIG M. |
|=========================================+========================+======================|
|   0  NVIDIA L40S                    On  |   00000000:B5:00.0 Off |                    0 |
| N/A   50C    P0             46W /  350W |     503MiB /  46068MiB |      0%      Default |
|                                         |                        |                  N/A |
+-----------------------------------------+------------------------+----------------------+
                                                                                         
+-----------------------------------------------------------------------------------------+
| Processes:                                                                              |
|  GPU   GI   CI        PID   Type   Process name                              GPU Memory |
|        ID   ID                                                               Usage      |
|=========================================================================================|
|    0   N/A  N/A    624408      C   python3                                       494MiB |
+-----------------------------------------------------------------------------------------+
CUDA verified: NVIDIA L40S; tensor dot product=8.0
GPU startup: NVIDIA L40S, 533, 46068, 0
Loaded train=6026, valid=754; reserved test set is not loaded
epoch=1 loss=1.150298 validation_macro_fmax=0.202876 valid_micro_fmax=0.092330
epoch=2 loss=1.029499 validation_macro_fmax=0.212945 valid_micro_fmax=0.093994
epoch=3 loss=0.951687 validation_macro_fmax=0.218790 valid_micro_fmax=0.098563
epoch=4 loss=0.901499 validation_macro_fmax=0.225760 valid_micro_fmax=0.105643
epoch=5 loss=0.864116 validation_macro_fmax=0.234420 valid_micro_fmax=0.115649
epoch=6 loss=0.835462 validation_macro_fmax=0.241554 valid_micro_fmax=0.121760
epoch=7 loss=0.813354 validation_macro_fmax=0.247183 valid_micro_fmax=0.131788
epoch=8 loss=0.793519 validation_macro_fmax=0.262020 valid_micro_fmax=0.129960
epoch=9 loss=0.776197 validation_macro_fmax=0.262608 valid_micro_fmax=0.148092
epoch=10 loss=0.763244 validation_macro_fmax=0.267041 valid_micro_fmax=0.146836
epoch=11 loss=0.748854 validation_macro_fmax=0.268539 valid_micro_fmax=0.155741
epoch=12 loss=0.738674 validation_macro_fmax=0.278519 valid_micro_fmax=0.159632
epoch=13 loss=0.727515 validation_macro_fmax=0.276311 valid_micro_fmax=0.160286
epoch=14 loss=0.717925 validation_macro_fmax=0.275002 valid_micro_fmax=0.160618
epoch=15 loss=0.706872 validation_macro_fmax=0.280971 valid_micro_fmax=0.172889
epoch=16 loss=0.698061 validation_macro_fmax=0.279178 valid_micro_fmax=0.181893
epoch=17 loss=0.690933 validation_macro_fmax=0.274349 valid_micro_fmax=0.164516
epoch=18 loss=0.681506 validation_macro_fmax=0.273974 valid_micro_fmax=0.173518
epoch=19 loss=0.673376 validation_macro_fmax=0.276864 valid_micro_fmax=0.179306
epoch=20 loss=0.665478 validation_macro_fmax=0.276465 valid_micro_fmax=0.178101
epoch=21 loss=0.655873 validation_macro_fmax=0.277322 valid_micro_fmax=0.188795
epoch=22 loss=0.647097 validation_macro_fmax=0.271797 valid_micro_fmax=0.190303
epoch=23 loss=0.638508 validation_macro_fmax=0.270317 valid_micro_fmax=0.181560
Early stopping after 23 epochs (patience=8)
GPU completion: NVIDIA L40S, 23639, 46068, 0
