GPU: NVIDIA L40S
CUDA tensor check: 8.0
Sun Jul 19 23:14:11 2026       
+-----------------------------------------------------------------------------------------+
| NVIDIA-SMI 560.35.03              Driver Version: 560.35.03      CUDA Version: 12.6     |
|-----------------------------------------+------------------------+----------------------+
| GPU  Name                 Persistence-M | Bus-Id          Disp.A | Volatile Uncorr. ECC |
| Fan  Temp   Perf          Pwr:Usage/Cap |           Memory-Usage | GPU-Util  Compute M. |
|                                         |                        |               MIG M. |
|=========================================+========================+======================|
|   0  NVIDIA L40S                    On  |   00000000:B5:00.0 Off |                    0 |
| N/A   51C    P0             43W /  350W |     503MiB /  46068MiB |      0%      Default |
|                                         |                        |                  N/A |
+-----------------------------------------+------------------------+----------------------+
                                                                                         
+-----------------------------------------------------------------------------------------+
| Processes:                                                                              |
|  GPU   GI   CI        PID   Type   Process name                              GPU Memory |
|        ID   ID                                                               Usage      |
|=========================================================================================|
|    0   N/A  N/A   1622466      C   python3                                       494MiB |
+-----------------------------------------------------------------------------------------+
CUDA verified: NVIDIA L40S; tensor dot product=8.0
GPU startup: NVIDIA L40S, 533, 46068, 0
Loaded train=6026, valid=754; reserved test set is not loaded
epoch=1 loss=0.330157 validation_macro_fmax=0.136917 valid_micro_fmax=0.016412
epoch=2 loss=0.261888 validation_macro_fmax=0.156849 valid_micro_fmax=0.022541
epoch=3 loss=0.239835 validation_macro_fmax=0.183851 valid_micro_fmax=0.033791
epoch=4 loss=0.228054 validation_macro_fmax=0.203189 valid_micro_fmax=0.046045
epoch=5 loss=0.218895 validation_macro_fmax=0.226492 valid_micro_fmax=0.059587
epoch=6 loss=0.211507 validation_macro_fmax=0.245661 valid_micro_fmax=0.069180
epoch=7 loss=0.204871 validation_macro_fmax=0.251403 valid_micro_fmax=0.070756
epoch=8 loss=0.198365 validation_macro_fmax=0.257723 valid_micro_fmax=0.081538
epoch=9 loss=0.191383 validation_macro_fmax=0.258307 valid_micro_fmax=0.088614
epoch=10 loss=0.184352 validation_macro_fmax=0.267992 valid_micro_fmax=0.094608
epoch=11 loss=0.176110 validation_macro_fmax=0.272972 valid_micro_fmax=0.096051
epoch=12 loss=0.167051 validation_macro_fmax=0.287158 valid_micro_fmax=0.100586
epoch=13 loss=0.157275 validation_macro_fmax=0.285372 valid_micro_fmax=0.108158
epoch=14 loss=0.146252 validation_macro_fmax=0.287297 valid_micro_fmax=0.110687
epoch=15 loss=0.134929 validation_macro_fmax=0.295074 valid_micro_fmax=0.112369
epoch=16 loss=0.123351 validation_macro_fmax=0.303539 valid_micro_fmax=0.116840
epoch=17 loss=0.111920 validation_macro_fmax=0.303800 valid_micro_fmax=0.120585
epoch=18 loss=0.101024 validation_macro_fmax=0.307132 valid_micro_fmax=0.130073
epoch=19 loss=0.090546 validation_macro_fmax=0.309505 valid_micro_fmax=0.153771
epoch=20 loss=0.080861 validation_macro_fmax=0.319785 valid_micro_fmax=0.153240
epoch=21 loss=0.071994 validation_macro_fmax=0.325679 valid_micro_fmax=0.167665
epoch=22 loss=0.063719 validation_macro_fmax=0.332689 valid_micro_fmax=0.169514
epoch=23 loss=0.056791 validation_macro_fmax=0.332191 valid_micro_fmax=0.172840
epoch=24 loss=0.049913 validation_macro_fmax=0.330122 valid_micro_fmax=0.184172
epoch=25 loss=0.044641 validation_macro_fmax=0.333379 valid_micro_fmax=0.190458
epoch=26 loss=0.039624 validation_macro_fmax=0.342843 valid_micro_fmax=0.201428
epoch=27 loss=0.035775 validation_macro_fmax=0.337865 valid_micro_fmax=0.202755
epoch=28 loss=0.031683 validation_macro_fmax=0.335661 valid_micro_fmax=0.231794
epoch=29 loss=0.028415 validation_macro_fmax=0.347541 valid_micro_fmax=0.237344
epoch=30 loss=0.025408 validation_macro_fmax=0.353912 valid_micro_fmax=0.239328
epoch=31 loss=0.023339 validation_macro_fmax=0.349530 valid_micro_fmax=0.230182
epoch=32 loss=0.020912 validation_macro_fmax=0.349373 valid_micro_fmax=0.239898
epoch=33 loss=0.018898 validation_macro_fmax=0.355200 valid_micro_fmax=0.261551
epoch=34 loss=0.017343 validation_macro_fmax=0.348901 valid_micro_fmax=0.257382
epoch=35 loss=0.015732 validation_macro_fmax=0.352898 valid_micro_fmax=0.257606
epoch=36 loss=0.014483 validation_macro_fmax=0.351143 valid_micro_fmax=0.267108
epoch=37 loss=0.013351 validation_macro_fmax=0.351791 valid_micro_fmax=0.270432
epoch=38 loss=0.012236 validation_macro_fmax=0.353406 valid_micro_fmax=0.287899
epoch=39 loss=0.011066 validation_macro_fmax=0.357681 valid_micro_fmax=0.279755
epoch=40 loss=0.010403 validation_macro_fmax=0.352694 valid_micro_fmax=0.293098
epoch=41 loss=0.009808 validation_macro_fmax=0.350408 valid_micro_fmax=0.296648
epoch=42 loss=0.008947 validation_macro_fmax=0.368314 valid_micro_fmax=0.287556
epoch=43 loss=0.008556 validation_macro_fmax=0.361757 valid_micro_fmax=0.282666
epoch=44 loss=0.007669 validation_macro_fmax=0.345966 valid_micro_fmax=0.296259
epoch=45 loss=0.007299 validation_macro_fmax=0.365381 valid_micro_fmax=0.307044
epoch=46 loss=0.006712 validation_macro_fmax=0.364173 valid_micro_fmax=0.304500
epoch=47 loss=0.006309 validation_macro_fmax=0.349949 valid_micro_fmax=0.295041
epoch=48 loss=0.006297 validation_macro_fmax=0.359997 valid_micro_fmax=0.309094
epoch=49 loss=0.005749 validation_macro_fmax=0.352870 valid_micro_fmax=0.298429
epoch=50 loss=0.005322 validation_macro_fmax=0.360279 valid_micro_fmax=0.310587
Early stopping after 50 epochs (patience=8)
GPU completion: NVIDIA L40S, 14739, 46068, 0
