GPU: NVIDIA L40S
CUDA tensor check: 8.0
Sun Jul 19 05:29:59 2026       
+-----------------------------------------------------------------------------------------+
| NVIDIA-SMI 560.35.03              Driver Version: 560.35.03      CUDA Version: 12.6     |
|-----------------------------------------+------------------------+----------------------+
| GPU  Name                 Persistence-M | Bus-Id          Disp.A | Volatile Uncorr. ECC |
| Fan  Temp   Perf          Pwr:Usage/Cap |           Memory-Usage | GPU-Util  Compute M. |
|                                         |                        |               MIG M. |
|=========================================+========================+======================|
|   0  NVIDIA L40S                    On  |   00000000:B5:00.0 Off |                    0 |
| N/A   53C    P0             45W /  350W |     503MiB /  46068MiB |      5%      Default |
|                                         |                        |                  N/A |
+-----------------------------------------+------------------------+----------------------+
                                                                                         
+-----------------------------------------------------------------------------------------+
| Processes:                                                                              |
|  GPU   GI   CI        PID   Type   Process name                              GPU Memory |
|        ID   ID                                                               Usage      |
|=========================================================================================|
|    0   N/A  N/A    564372      C   python3                                       494MiB |
+-----------------------------------------------------------------------------------------+
CUDA verified: NVIDIA L40S; tensor dot product=8.0
GPU startup: NVIDIA L40S, 533, 46068, 0
Loaded train=6026, valid=754; reserved test set is not loaded
epoch=1 loss=0.828306 validation_macro_fmax=0.170689 valid_micro_fmax=0.067360
epoch=2 loss=0.418825 validation_macro_fmax=0.201744 valid_micro_fmax=0.087527
epoch=3 loss=0.307360 validation_macro_fmax=0.202817 valid_micro_fmax=0.116312
epoch=4 loss=0.233370 validation_macro_fmax=0.203169 valid_micro_fmax=0.101978
epoch=5 loss=0.172648 validation_macro_fmax=0.223039 valid_micro_fmax=0.156812
epoch=6 loss=0.124182 validation_macro_fmax=0.223501 valid_micro_fmax=0.207918
epoch=7 loss=0.121410 validation_macro_fmax=0.186003 valid_micro_fmax=0.175190
epoch=8 loss=0.123280 validation_macro_fmax=0.200926 valid_micro_fmax=0.202540
epoch=9 loss=0.084765 validation_macro_fmax=0.190538 valid_micro_fmax=0.207772
epoch=10 loss=0.098006 validation_macro_fmax=0.171591 valid_micro_fmax=0.177935
epoch=11 loss=0.083705 validation_macro_fmax=0.189919 valid_micro_fmax=0.188986
epoch=12 loss=0.070881 validation_macro_fmax=0.184330 valid_micro_fmax=0.210594
epoch=13 loss=0.092595 validation_macro_fmax=0.187780 valid_micro_fmax=0.197784
epoch=14 loss=0.081000 validation_macro_fmax=0.183989 valid_micro_fmax=0.197989
epoch=15 loss=0.061070 validation_macro_fmax=0.162567 valid_micro_fmax=0.201738
epoch=16 loss=0.078643 validation_macro_fmax=0.183576 valid_micro_fmax=0.197941
Early stopping after 16 epochs (patience=10)
GPU completion: NVIDIA L40S, 29645, 46068, 0
