CUDA verified: NVIDIA L40S; tensor dot product=8.0
GPU startup: NVIDIA L40S, 533, 46068, 5
Loaded train=6026, valid=754; reserved test set is not loaded
epoch=1 loss=0.264004 validation_micro_fmax=0.286159 valid_micro_fmax=0.286159
epoch=2 loss=0.126191 validation_micro_fmax=0.309354 valid_micro_fmax=0.309354
epoch=3 loss=0.072454 validation_micro_fmax=0.400238 valid_micro_fmax=0.400238
epoch=4 loss=0.059939 validation_micro_fmax=0.402254 valid_micro_fmax=0.402254
epoch=5 loss=0.042011 validation_micro_fmax=0.420241 valid_micro_fmax=0.420241
epoch=6 loss=0.042262 validation_micro_fmax=0.380016 valid_micro_fmax=0.380016
epoch=7 loss=0.043101 validation_micro_fmax=0.401653 valid_micro_fmax=0.401653
epoch=8 loss=0.033373 validation_micro_fmax=0.422459 valid_micro_fmax=0.422459
epoch=9 loss=0.027651 validation_micro_fmax=0.473487 valid_micro_fmax=0.473487
epoch=10 loss=0.023501 validation_micro_fmax=0.403998 valid_micro_fmax=0.403998
epoch=11 loss=0.026250 validation_micro_fmax=0.465147 valid_micro_fmax=0.465147
epoch=12 loss=0.022560 validation_micro_fmax=0.437995 valid_micro_fmax=0.437995
epoch=13 loss=0.017809 validation_micro_fmax=0.451935 valid_micro_fmax=0.451935
epoch=14 loss=0.019164 validation_micro_fmax=0.463951 valid_micro_fmax=0.463951
epoch=15 loss=0.032087 validation_micro_fmax=0.390191 valid_micro_fmax=0.390191
epoch=16 loss=0.026770 validation_micro_fmax=0.450012 valid_micro_fmax=0.450012
epoch=17 loss=0.020597 validation_micro_fmax=0.429379 valid_micro_fmax=0.429379
Early stopping after 17 epochs (patience=8)
GPU completion: NVIDIA L40S, 12597, 46068, 0
