GPU: NVIDIA L40S
CUDA tensor check: 8.0
Sun Jul 19 05:49:59 2026       
+-----------------------------------------------------------------------------------------+
| NVIDIA-SMI 560.35.03              Driver Version: 560.35.03      CUDA Version: 12.6     |
|-----------------------------------------+------------------------+----------------------+
| GPU  Name                 Persistence-M | Bus-Id          Disp.A | Volatile Uncorr. ECC |
| Fan  Temp   Perf          Pwr:Usage/Cap |           Memory-Usage | GPU-Util  Compute M. |
|                                         |                        |               MIG M. |
|=========================================+========================+======================|
|   0  NVIDIA L40S                    On  |   00000000:0D:00.0 Off |                    0 |
| N/A   49C    P0             42W /  350W |     503MiB /  46068MiB |      1%      Default |
|                                         |                        |                  N/A |
+-----------------------------------------+------------------------+----------------------+
                                                                                         
+-----------------------------------------------------------------------------------------+
| Processes:                                                                              |
|  GPU   GI   CI        PID   Type   Process name                              GPU Memory |
|        ID   ID                                                               Usage      |
|=========================================================================================|
|    0   N/A  N/A   1032123      C   python3                                       494MiB |
+-----------------------------------------------------------------------------------------+
CUDA verified: NVIDIA L40S; tensor dot product=8.0
GPU startup: NVIDIA L40S, 533, 46068, 1
Loaded train=6026, valid=754; reserved test set is not loaded
epoch=1 loss=1.159997 validation_macro_fmax=0.117224 valid_micro_fmax=0.045523
epoch=2 loss=0.987947 validation_macro_fmax=0.159931 valid_micro_fmax=0.081994
epoch=3 loss=0.878384 validation_macro_fmax=0.192494 valid_micro_fmax=0.114541
epoch=4 loss=0.783803 validation_macro_fmax=0.179551 valid_micro_fmax=0.142881
epoch=5 loss=0.684735 validation_macro_fmax=0.170414 valid_micro_fmax=0.168539
epoch=6 loss=0.579708 validation_macro_fmax=0.185887 valid_micro_fmax=0.187092
epoch=7 loss=0.480783 validation_macro_fmax=0.193522 valid_micro_fmax=0.182342
epoch=8 loss=0.407945 validation_macro_fmax=0.189676 valid_micro_fmax=0.206470
epoch=9 loss=0.332061 validation_macro_fmax=0.187840 valid_micro_fmax=0.181550
epoch=10 loss=0.287502 validation_macro_fmax=0.192471 valid_micro_fmax=0.181678
epoch=11 loss=0.249327 validation_macro_fmax=0.210074 valid_micro_fmax=0.212004
epoch=12 loss=0.219397 validation_macro_fmax=0.193226 valid_micro_fmax=0.205849
epoch=13 loss=0.197531 validation_macro_fmax=0.172258 valid_micro_fmax=0.181292
epoch=14 loss=0.179864 validation_macro_fmax=0.206998 valid_micro_fmax=0.205190
epoch=15 loss=0.165704 validation_macro_fmax=0.190801 valid_micro_fmax=0.194630
epoch=16 loss=0.145687 validation_macro_fmax=0.206472 valid_micro_fmax=0.214831
epoch=17 loss=0.144170 validation_macro_fmax=0.194962 valid_micro_fmax=0.197529
epoch=18 loss=0.137459 validation_macro_fmax=0.180683 valid_micro_fmax=0.198626
epoch=19 loss=0.125558 validation_macro_fmax=0.183761 valid_micro_fmax=0.194729
epoch=20 loss=0.120310 validation_macro_fmax=0.184030 valid_micro_fmax=0.204239
Early stopping after 20 epochs (patience=9)
GPU completion: NVIDIA L40S, 12133, 46068, 0
