GPU: NVIDIA L40S
CUDA tensor check: 8.0
Sun Jul 19 18:15:12 2026       
+-----------------------------------------------------------------------------------------+
| NVIDIA-SMI 560.35.03              Driver Version: 560.35.03      CUDA Version: 12.6     |
|-----------------------------------------+------------------------+----------------------+
| GPU  Name                 Persistence-M | Bus-Id          Disp.A | Volatile Uncorr. ECC |
| Fan  Temp   Perf          Pwr:Usage/Cap |           Memory-Usage | GPU-Util  Compute M. |
|                                         |                        |               MIG M. |
|=========================================+========================+======================|
|   0  NVIDIA L40S                    On  |   00000000:B5:00.0 Off |                    0 |
| N/A   46C    P0             42W /  350W |     503MiB /  46068MiB |      0%      Default |
|                                         |                        |                  N/A |
+-----------------------------------------+------------------------+----------------------+
                                                                                         
+-----------------------------------------------------------------------------------------+
| Processes:                                                                              |
|  GPU   GI   CI        PID   Type   Process name                              GPU Memory |
|        ID   ID                                                               Usage      |
|=========================================================================================|
|    0   N/A  N/A    943474      C   python3                                       494MiB |
+-----------------------------------------------------------------------------------------+
CUDA verified: NVIDIA L40S; tensor dot product=8.0
GPU startup: NVIDIA L40S, 533, 46068, 5
Loaded train=6026, valid=754; reserved test set is not loaded
epoch=1 loss=0.266870 validation_macro_fmax=0.263920 valid_micro_fmax=0.166167
epoch=2 loss=0.202681 validation_macro_fmax=0.285729 valid_micro_fmax=0.236465
epoch=3 loss=0.182231 validation_macro_fmax=0.290480 valid_micro_fmax=0.254543
epoch=4 loss=0.164337 validation_macro_fmax=0.301835 valid_micro_fmax=0.308177
epoch=5 loss=0.142937 validation_macro_fmax=0.301228 valid_micro_fmax=0.363877
epoch=6 loss=0.118458 validation_macro_fmax=0.302312 valid_micro_fmax=0.396121
epoch=7 loss=0.093804 validation_macro_fmax=0.284302 valid_micro_fmax=0.413462
epoch=8 loss=0.072057 validation_macro_fmax=0.286002 valid_micro_fmax=0.420730
epoch=9 loss=0.054357 validation_macro_fmax=0.282687 valid_micro_fmax=0.435419
epoch=10 loss=0.040965 validation_macro_fmax=0.285723 valid_micro_fmax=0.435372
epoch=11 loss=0.030698 validation_macro_fmax=0.291762 valid_micro_fmax=0.459497
epoch=12 loss=0.023699 validation_macro_fmax=0.285909 valid_micro_fmax=0.452308
epoch=13 loss=0.018169 validation_macro_fmax=0.285154 valid_micro_fmax=0.461284
epoch=14 loss=0.014353 validation_macro_fmax=0.285380 valid_micro_fmax=0.474770
epoch=15 loss=0.011499 validation_macro_fmax=0.284752 valid_micro_fmax=0.470611
Early stopping after 15 epochs (patience=9)
GPU completion: NVIDIA L40S, 40877, 46068, 0
