GPU: NVIDIA L40S
CUDA tensor check: 8.0
Sun Jul 19 03:23:46 2026       
+-----------------------------------------------------------------------------------------+
| NVIDIA-SMI 560.35.03              Driver Version: 560.35.03      CUDA Version: 12.6     |
|-----------------------------------------+------------------------+----------------------+
| GPU  Name                 Persistence-M | Bus-Id          Disp.A | Volatile Uncorr. ECC |
| Fan  Temp   Perf          Pwr:Usage/Cap |           Memory-Usage | GPU-Util  Compute M. |
|                                         |                        |               MIG M. |
|=========================================+========================+======================|
|   0  NVIDIA L40S                    On  |   00000000:0D:00.0 Off |                    0 |
| N/A   47C    P0             42W /  350W |     503MiB /  46068MiB |      1%      Default |
|                                         |                        |                  N/A |
+-----------------------------------------+------------------------+----------------------+
                                                                                         
+-----------------------------------------------------------------------------------------+
| Processes:                                                                              |
|  GPU   GI   CI        PID   Type   Process name                              GPU Memory |
|        ID   ID                                                               Usage      |
|=========================================================================================|
|    0   N/A  N/A    966708      C   python3                                       494MiB |
+-----------------------------------------------------------------------------------------+
CUDA verified: NVIDIA L40S; tensor dot product=8.0
GPU startup: NVIDIA L40S, 533, 46068, 0
Loaded train=6026, valid=754; reserved test set is not loaded
epoch=1 loss=0.590315 validation_macro_fmax=0.304299 valid_micro_fmax=0.107084
epoch=2 loss=0.477854 validation_macro_fmax=0.344709 valid_micro_fmax=0.125295
epoch=3 loss=0.437238 validation_macro_fmax=0.360946 valid_micro_fmax=0.157452
epoch=4 loss=0.414521 validation_macro_fmax=0.368934 valid_micro_fmax=0.175144
epoch=5 loss=0.397862 validation_macro_fmax=0.369085 valid_micro_fmax=0.199090
epoch=6 loss=0.385401 validation_macro_fmax=0.370216 valid_micro_fmax=0.230176
epoch=7 loss=0.375391 validation_macro_fmax=0.370595 valid_micro_fmax=0.242109
epoch=8 loss=0.366797 validation_macro_fmax=0.374823 valid_micro_fmax=0.254096
epoch=9 loss=0.359142 validation_macro_fmax=0.375506 valid_micro_fmax=0.276940
epoch=10 loss=0.351439 validation_macro_fmax=0.376667 valid_micro_fmax=0.281447
epoch=11 loss=0.344558 validation_macro_fmax=0.376023 valid_micro_fmax=0.294647
epoch=12 loss=0.336929 validation_macro_fmax=0.376330 valid_micro_fmax=0.303923
epoch=13 loss=0.330083 validation_macro_fmax=0.379628 valid_micro_fmax=0.329990
epoch=14 loss=0.322620 validation_macro_fmax=0.381979 valid_micro_fmax=0.322602
epoch=15 loss=0.314750 validation_macro_fmax=0.382956 valid_micro_fmax=0.326365
epoch=16 loss=0.306422 validation_macro_fmax=0.385397 valid_micro_fmax=0.336754
epoch=17 loss=0.297727 validation_macro_fmax=0.384269 valid_micro_fmax=0.351826
epoch=18 loss=0.287958 validation_macro_fmax=0.384925 valid_micro_fmax=0.349613
epoch=19 loss=0.277996 validation_macro_fmax=0.382831 valid_micro_fmax=0.351742
epoch=20 loss=0.268334 validation_macro_fmax=0.384739 valid_micro_fmax=0.350804
epoch=21 loss=0.256585 validation_macro_fmax=0.386430 valid_micro_fmax=0.365129
epoch=22 loss=0.244662 validation_macro_fmax=0.384505 valid_micro_fmax=0.368097
epoch=23 loss=0.232906 validation_macro_fmax=0.382734 valid_micro_fmax=0.391667
epoch=24 loss=0.221246 validation_macro_fmax=0.385803 valid_micro_fmax=0.381235
epoch=25 loss=0.209231 validation_macro_fmax=0.389824 valid_micro_fmax=0.392898
epoch=26 loss=0.197150 validation_macro_fmax=0.381233 valid_micro_fmax=0.384098
epoch=27 loss=0.185010 validation_macro_fmax=0.383533 valid_micro_fmax=0.406588
epoch=28 loss=0.173334 validation_macro_fmax=0.384843 valid_micro_fmax=0.399856
epoch=29 loss=0.161803 validation_macro_fmax=0.381775 valid_micro_fmax=0.397099
epoch=30 loss=0.151032 validation_macro_fmax=0.386121 valid_micro_fmax=0.415722
epoch=31 loss=0.140086 validation_macro_fmax=0.383568 valid_micro_fmax=0.416088
epoch=32 loss=0.129865 validation_macro_fmax=0.383512 valid_micro_fmax=0.426737
epoch=33 loss=0.120757 validation_macro_fmax=0.379380 valid_micro_fmax=0.417284
epoch=34 loss=0.111785 validation_macro_fmax=0.386076 valid_micro_fmax=0.426541
Early stopping after 34 epochs (patience=9)
GPU completion: NVIDIA L40S, 31647, 46068, 0
