GPU: NVIDIA L40S
CUDA tensor check: 8.0
Sun Jul 19 06:36:02 2026       
+-----------------------------------------------------------------------------------------+
| NVIDIA-SMI 560.35.03              Driver Version: 560.35.03      CUDA Version: 12.6     |
|-----------------------------------------+------------------------+----------------------+
| GPU  Name                 Persistence-M | Bus-Id          Disp.A | Volatile Uncorr. ECC |
| Fan  Temp   Perf          Pwr:Usage/Cap |           Memory-Usage | GPU-Util  Compute M. |
|                                         |                        |               MIG M. |
|=========================================+========================+======================|
|   0  NVIDIA L40S                    On  |   00000000:0D:00.0 Off |                    0 |
| N/A   48C    P0             42W /  350W |     503MiB /  46068MiB |      0%      Default |
|                                         |                        |                  N/A |
+-----------------------------------------+------------------------+----------------------+
                                                                                         
+-----------------------------------------------------------------------------------------+
| Processes:                                                                              |
|  GPU   GI   CI        PID   Type   Process name                              GPU Memory |
|        ID   ID                                                               Usage      |
|=========================================================================================|
|    0   N/A  N/A   1165355      C   python3                                       494MiB |
+-----------------------------------------------------------------------------------------+
CUDA verified: NVIDIA L40S; tensor dot product=8.0
GPU startup: NVIDIA L40S, 533, 46068, 5
Loaded train=6026, valid=754; reserved test set is not loaded
epoch=1 loss=0.701956 validation_macro_fmax=0.192887 valid_micro_fmax=0.092497
epoch=2 loss=0.638358 validation_macro_fmax=0.190858 valid_micro_fmax=0.092772
epoch=3 loss=0.597699 validation_macro_fmax=0.202101 valid_micro_fmax=0.094980
epoch=4 loss=0.573179 validation_macro_fmax=0.204791 valid_micro_fmax=0.095762
epoch=5 loss=0.552186 validation_macro_fmax=0.211514 valid_micro_fmax=0.096089
epoch=6 loss=0.533725 validation_macro_fmax=0.213183 valid_micro_fmax=0.097074
epoch=7 loss=0.520603 validation_macro_fmax=0.221569 valid_micro_fmax=0.100365
epoch=8 loss=0.505752 validation_macro_fmax=0.223868 valid_micro_fmax=0.102043
epoch=9 loss=0.496829 validation_macro_fmax=0.229765 valid_micro_fmax=0.104979
epoch=10 loss=0.484925 validation_macro_fmax=0.233934 valid_micro_fmax=0.105155
epoch=11 loss=0.476280 validation_macro_fmax=0.235861 valid_micro_fmax=0.106434
epoch=12 loss=0.468382 validation_macro_fmax=0.237030 valid_micro_fmax=0.109915
epoch=13 loss=0.461720 validation_macro_fmax=0.239569 valid_micro_fmax=0.110412
epoch=14 loss=0.455335 validation_macro_fmax=0.238927 valid_micro_fmax=0.113122
epoch=15 loss=0.449490 validation_macro_fmax=0.245985 valid_micro_fmax=0.115624
epoch=16 loss=0.443694 validation_macro_fmax=0.241858 valid_micro_fmax=0.119476
epoch=17 loss=0.439017 validation_macro_fmax=0.242175 valid_micro_fmax=0.118930
epoch=18 loss=0.433615 validation_macro_fmax=0.244460 valid_micro_fmax=0.119813
epoch=19 loss=0.429865 validation_macro_fmax=0.244718 valid_micro_fmax=0.123696
epoch=20 loss=0.426119 validation_macro_fmax=0.246136 valid_micro_fmax=0.123021
epoch=21 loss=0.422075 validation_macro_fmax=0.244285 valid_micro_fmax=0.126274
epoch=22 loss=0.416951 validation_macro_fmax=0.246292 valid_micro_fmax=0.127389
epoch=23 loss=0.413265 validation_macro_fmax=0.245208 valid_micro_fmax=0.126060
epoch=24 loss=0.409968 validation_macro_fmax=0.245990 valid_micro_fmax=0.131830
epoch=25 loss=0.405694 validation_macro_fmax=0.243742 valid_micro_fmax=0.136070
epoch=26 loss=0.402662 validation_macro_fmax=0.242760 valid_micro_fmax=0.132801
epoch=27 loss=0.398749 validation_macro_fmax=0.245097 valid_micro_fmax=0.140995
epoch=28 loss=0.395786 validation_macro_fmax=0.244667 valid_micro_fmax=0.146474
epoch=29 loss=0.392725 validation_macro_fmax=0.245262 valid_micro_fmax=0.136868
epoch=30 loss=0.388348 validation_macro_fmax=0.240650 valid_micro_fmax=0.146372
Early stopping after 30 epochs (patience=8)
GPU completion: NVIDIA L40S, 35149, 46068, 0
