GPU: NVIDIA L40S
CUDA tensor check: 8.0
Sun Jul 19 22:05:57 2026       
+-----------------------------------------------------------------------------------------+
| NVIDIA-SMI 560.35.03              Driver Version: 560.35.03      CUDA Version: 12.6     |
|-----------------------------------------+------------------------+----------------------+
| GPU  Name                 Persistence-M | Bus-Id          Disp.A | Volatile Uncorr. ECC |
| Fan  Temp   Perf          Pwr:Usage/Cap |           Memory-Usage | GPU-Util  Compute M. |
|                                         |                        |               MIG M. |
|=========================================+========================+======================|
|   0  NVIDIA L40S                    On  |   00000000:B5:00.0 Off |                    0 |
| N/A   47C    P0             40W /  350W |     503MiB /  46068MiB |      1%      Default |
|                                         |                        |                  N/A |
+-----------------------------------------+------------------------+----------------------+
                                                                                         
+-----------------------------------------------------------------------------------------+
| Processes:                                                                              |
|  GPU   GI   CI        PID   Type   Process name                              GPU Memory |
|        ID   ID                                                               Usage      |
|=========================================================================================|
|    0   N/A  N/A   1594007      C   python3                                       494MiB |
+-----------------------------------------------------------------------------------------+
CUDA verified: NVIDIA L40S; tensor dot product=8.0
GPU startup: NVIDIA L40S, 533, 46068, 0
Loaded train=6026, valid=754; reserved test set is not loaded
epoch=1 loss=0.935985 validation_macro_fmax=0.293693 valid_micro_fmax=0.368638
epoch=2 loss=0.716392 validation_macro_fmax=0.306953 valid_micro_fmax=0.388907
epoch=3 loss=0.534851 validation_macro_fmax=0.326290 valid_micro_fmax=0.400687
epoch=4 loss=0.340373 validation_macro_fmax=0.327610 valid_micro_fmax=0.458501
epoch=5 loss=0.209417 validation_macro_fmax=0.317259 valid_micro_fmax=0.497133
epoch=6 loss=0.134050 validation_macro_fmax=0.316850 valid_micro_fmax=0.477032
epoch=7 loss=0.091167 validation_macro_fmax=0.308449 valid_micro_fmax=0.480482
epoch=8 loss=0.071048 validation_macro_fmax=0.324399 valid_micro_fmax=0.474251
epoch=9 loss=0.060375 validation_macro_fmax=0.316207 valid_micro_fmax=0.519137
epoch=10 loss=0.043455 validation_macro_fmax=0.316958 valid_micro_fmax=0.497869
epoch=11 loss=0.037136 validation_macro_fmax=0.319030 valid_micro_fmax=0.489423
epoch=12 loss=0.030818 validation_macro_fmax=0.305540 valid_micro_fmax=0.498092
epoch=13 loss=0.027873 validation_macro_fmax=0.311957 valid_micro_fmax=0.478867
Early stopping after 13 epochs (patience=9)
GPU completion: NVIDIA L40S, 25367, 46068, 0
