GPU: NVIDIA L40S
CUDA tensor check: 8.0
Sun Jul 19 04:32:18 2026       
+-----------------------------------------------------------------------------------------+
| NVIDIA-SMI 560.35.03              Driver Version: 560.35.03      CUDA Version: 12.6     |
|-----------------------------------------+------------------------+----------------------+
| GPU  Name                 Persistence-M | Bus-Id          Disp.A | Volatile Uncorr. ECC |
| Fan  Temp   Perf          Pwr:Usage/Cap |           Memory-Usage | GPU-Util  Compute M. |
|                                         |                        |               MIG M. |
|=========================================+========================+======================|
|   0  NVIDIA L40S                    On  |   00000000:0D:00.0 Off |                    0 |
| N/A   51C    P0             42W /  350W |     503MiB /  46068MiB |      0%      Default |
|                                         |                        |                  N/A |
+-----------------------------------------+------------------------+----------------------+
                                                                                         
+-----------------------------------------------------------------------------------------+
| Processes:                                                                              |
|  GPU   GI   CI        PID   Type   Process name                              GPU Memory |
|        ID   ID                                                               Usage      |
|=========================================================================================|
|    0   N/A  N/A   1108614      C   python3                                       494MiB |
+-----------------------------------------------------------------------------------------+
CUDA verified: NVIDIA L40S; tensor dot product=8.0
GPU startup: NVIDIA L40S, 533, 46068, 0
Loaded train=6026, valid=754; reserved test set is not loaded
epoch=1 loss=0.994263 validation_macro_fmax=0.230019 valid_micro_fmax=0.070887
epoch=2 loss=0.744262 validation_macro_fmax=0.248264 valid_micro_fmax=0.114200
epoch=3 loss=0.547254 validation_macro_fmax=0.249461 valid_micro_fmax=0.175314
epoch=4 loss=0.349858 validation_macro_fmax=0.251081 valid_micro_fmax=0.170493
epoch=5 loss=0.218494 validation_macro_fmax=0.260979 valid_micro_fmax=0.196351
epoch=6 loss=0.144583 validation_macro_fmax=0.224690 valid_micro_fmax=0.163124
epoch=7 loss=0.095345 validation_macro_fmax=0.271520 valid_micro_fmax=0.231829
epoch=8 loss=0.082284 validation_macro_fmax=0.280297 valid_micro_fmax=0.195267
epoch=9 loss=0.064040 validation_macro_fmax=0.267246 valid_micro_fmax=0.202609
epoch=10 loss=0.049706 validation_macro_fmax=0.234329 valid_micro_fmax=0.196876
epoch=11 loss=0.041148 validation_macro_fmax=0.233935 valid_micro_fmax=0.199030
epoch=12 loss=0.033148 validation_macro_fmax=0.225544 valid_micro_fmax=0.184074
epoch=13 loss=0.028941 validation_macro_fmax=0.225987 valid_micro_fmax=0.204243
epoch=14 loss=0.031819 validation_macro_fmax=0.226775 valid_micro_fmax=0.197262
epoch=15 loss=0.031126 validation_macro_fmax=0.245350 valid_micro_fmax=0.193737
epoch=16 loss=0.026637 validation_macro_fmax=0.219080 valid_micro_fmax=0.204187
epoch=17 loss=0.020919 validation_macro_fmax=0.223152 valid_micro_fmax=0.213018
Early stopping after 17 epochs (patience=9)
GPU completion: NVIDIA L40S, 15201, 46068, 0
