GPU: NVIDIA L40S
CUDA tensor check: 8.0
Wed Jul 15 19:44:55 2026       
+-----------------------------------------------------------------------------------------+
| NVIDIA-SMI 560.35.03              Driver Version: 560.35.03      CUDA Version: 12.6     |
|-----------------------------------------+------------------------+----------------------+
| GPU  Name                 Persistence-M | Bus-Id          Disp.A | Volatile Uncorr. ECC |
| Fan  Temp   Perf          Pwr:Usage/Cap |           Memory-Usage | GPU-Util  Compute M. |
|                                         |                        |               MIG M. |
|=========================================+========================+======================|
|   0  NVIDIA L40S                    On  |   00000000:0D:00.0 Off |                    0 |
| N/A   43C    P0             40W /  350W |     503MiB /  46068MiB |      0%      Default |
|                                         |                        |                  N/A |
+-----------------------------------------+------------------------+----------------------+
                                                                                         
+-----------------------------------------------------------------------------------------+
| Processes:                                                                              |
|  GPU   GI   CI        PID   Type   Process name                              GPU Memory |
|        ID   ID                                                               Usage      |
|=========================================================================================|
|    0   N/A  N/A   2445599      C   python3                                       494MiB |
+-----------------------------------------------------------------------------------------+
CUDA verified: NVIDIA L40S; tensor dot product=8.0
GPU startup: NVIDIA L40S, 533, 46068, 0
Loaded train=6026, valid=754; reserved test set is not loaded
epoch=1 loss=0.357301 valid_micro_fmax=0.018230
epoch=2 loss=0.289177 valid_micro_fmax=0.037343
epoch=3 loss=0.262105 valid_micro_fmax=0.055079
epoch=4 loss=0.243826 valid_micro_fmax=0.079834
epoch=5 loss=0.229169 valid_micro_fmax=0.096926
epoch=6 loss=0.210367 valid_micro_fmax=0.102188
epoch=7 loss=0.189285 valid_micro_fmax=0.113548
epoch=8 loss=0.164572 valid_micro_fmax=0.138438
epoch=9 loss=0.137526 valid_micro_fmax=0.160575
epoch=10 loss=0.109866 valid_micro_fmax=0.154453
epoch=11 loss=0.087288 valid_micro_fmax=0.172987
epoch=12 loss=0.068100 valid_micro_fmax=0.212309
epoch=13 loss=0.054183 valid_micro_fmax=0.223911
epoch=14 loss=0.043001 valid_micro_fmax=0.225621
epoch=15 loss=0.036533 valid_micro_fmax=0.195667
epoch=16 loss=0.029840 valid_micro_fmax=0.239417
epoch=17 loss=0.025000 valid_micro_fmax=0.268411
epoch=18 loss=0.021621 valid_micro_fmax=0.252255
epoch=19 loss=0.019037 valid_micro_fmax=0.252929
epoch=20 loss=0.016650 valid_micro_fmax=0.269255
epoch=21 loss=0.015268 valid_micro_fmax=0.248414
epoch=22 loss=0.014126 valid_micro_fmax=0.258233
epoch=23 loss=0.012497 valid_micro_fmax=0.263299
epoch=24 loss=0.011956 valid_micro_fmax=0.256050
epoch=25 loss=0.011484 valid_micro_fmax=0.293947
epoch=26 loss=0.010819 valid_micro_fmax=0.303613
epoch=27 loss=0.009839 valid_micro_fmax=0.278811
epoch=28 loss=0.008546 valid_micro_fmax=0.294560
epoch=29 loss=0.008474 valid_micro_fmax=0.293932
epoch=30 loss=0.008503 valid_micro_fmax=0.306427
epoch=31 loss=0.007085 valid_micro_fmax=0.292287
epoch=32 loss=0.007573 valid_micro_fmax=0.257289
epoch=33 loss=0.005861 valid_micro_fmax=0.290233
epoch=34 loss=0.007584 valid_micro_fmax=0.289647
epoch=35 loss=0.005790 valid_micro_fmax=0.287832
epoch=36 loss=0.005523 valid_micro_fmax=0.281958
epoch=37 loss=0.006478 valid_micro_fmax=0.270861
epoch=38 loss=0.005944 valid_micro_fmax=0.284362
epoch=39 loss=0.004202 valid_micro_fmax=0.288761
epoch=40 loss=0.004036 valid_micro_fmax=0.288164
Early stopping after 40 epochs (patience=10)
GPU completion: NVIDIA L40S, 42313, 46068, 0
