GPU: NVIDIA L40S
CUDA tensor check: 8.0
Wed Jul 15 15:43:59 2026       
+-----------------------------------------------------------------------------------------+
| NVIDIA-SMI 560.35.03              Driver Version: 560.35.03      CUDA Version: 12.6     |
|-----------------------------------------+------------------------+----------------------+
| GPU  Name                 Persistence-M | Bus-Id          Disp.A | Volatile Uncorr. ECC |
| Fan  Temp   Perf          Pwr:Usage/Cap |           Memory-Usage | GPU-Util  Compute M. |
|                                         |                        |               MIG M. |
|=========================================+========================+======================|
|   0  NVIDIA L40S                    On  |   00000000:0D:00.0 Off |                    0 |
| N/A   35C    P0             41W /  350W |     503MiB /  46068MiB |      5%      Default |
|                                         |                        |                  N/A |
+-----------------------------------------+------------------------+----------------------+
                                                                                         
+-----------------------------------------------------------------------------------------+
| Processes:                                                                              |
|  GPU   GI   CI        PID   Type   Process name                              GPU Memory |
|        ID   ID                                                               Usage      |
|=========================================================================================|
|    0   N/A  N/A   2368621      C   python3                                       494MiB |
+-----------------------------------------------------------------------------------------+
CUDA verified: NVIDIA L40S; tensor dot product=8.0
GPU startup: NVIDIA L40S, 533, 46068, 1
Loaded train=6026, valid=754; reserved test set is not loaded
epoch=1 loss=1.083284 valid_micro_fmax=0.159206
epoch=2 loss=0.876897 valid_micro_fmax=0.251692
epoch=3 loss=0.742176 valid_micro_fmax=0.256029
epoch=4 loss=0.622993 valid_micro_fmax=0.298480
epoch=5 loss=0.503229 valid_micro_fmax=0.307677
epoch=6 loss=0.396509 valid_micro_fmax=0.344797
epoch=7 loss=0.313296 valid_micro_fmax=0.372470
epoch=8 loss=0.238975 valid_micro_fmax=0.413878
epoch=9 loss=0.197983 valid_micro_fmax=0.426331
epoch=10 loss=0.166972 valid_micro_fmax=0.457951
epoch=11 loss=0.144352 valid_micro_fmax=0.411608
epoch=12 loss=0.123146 valid_micro_fmax=0.426950
epoch=13 loss=0.107643 valid_micro_fmax=0.478727
epoch=14 loss=0.101681 valid_micro_fmax=0.449298
epoch=15 loss=0.089429 valid_micro_fmax=0.446433
epoch=16 loss=0.081807 valid_micro_fmax=0.449673
epoch=17 loss=0.073867 valid_micro_fmax=0.482474
epoch=18 loss=0.072655 valid_micro_fmax=0.447364
epoch=19 loss=0.067055 valid_micro_fmax=0.476875
epoch=20 loss=0.061130 valid_micro_fmax=0.465549
epoch=21 loss=0.057562 valid_micro_fmax=0.476728
epoch=22 loss=0.059093 valid_micro_fmax=0.468625
epoch=23 loss=0.053779 valid_micro_fmax=0.458364
epoch=24 loss=0.050565 valid_micro_fmax=0.463966
epoch=25 loss=0.050066 valid_micro_fmax=0.463800
epoch=26 loss=0.042264 valid_micro_fmax=0.472227
Early stopping after 26 epochs (patience=9)
GPU completion: NVIDIA L40S, 16943, 46068, 28
