GPU: NVIDIA L40S
CUDA tensor check: 8.0
Sun Jul 19 08:39:56 2026       
+-----------------------------------------------------------------------------------------+
| NVIDIA-SMI 560.35.03              Driver Version: 560.35.03      CUDA Version: 12.6     |
|-----------------------------------------+------------------------+----------------------+
| GPU  Name                 Persistence-M | Bus-Id          Disp.A | Volatile Uncorr. ECC |
| Fan  Temp   Perf          Pwr:Usage/Cap |           Memory-Usage | GPU-Util  Compute M. |
|                                         |                        |               MIG M. |
|=========================================+========================+======================|
|   0  NVIDIA L40S                    On  |   00000000:0D:00.0 Off |                    0 |
| N/A   52C    P0             44W /  350W |     503MiB /  46068MiB |      5%      Default |
|                                         |                        |                  N/A |
+-----------------------------------------+------------------------+----------------------+
                                                                                         
+-----------------------------------------------------------------------------------------+
| Processes:                                                                              |
|  GPU   GI   CI        PID   Type   Process name                              GPU Memory |
|        ID   ID                                                               Usage      |
|=========================================================================================|
|    0   N/A  N/A   1213431      C   python3                                       494MiB |
+-----------------------------------------------------------------------------------------+
CUDA verified: NVIDIA L40S; tensor dot product=8.0
GPU startup: NVIDIA L40S, 533, 46068, 0
Loaded train=6026, valid=754; reserved test set is not loaded
epoch=1 loss=0.279428 validation_macro_fmax=0.214782 valid_micro_fmax=0.101465
epoch=2 loss=0.212910 validation_macro_fmax=0.237916 valid_micro_fmax=0.123055
epoch=3 loss=0.195507 validation_macro_fmax=0.254050 valid_micro_fmax=0.129931
epoch=4 loss=0.185348 validation_macro_fmax=0.247793 valid_micro_fmax=0.144614
epoch=5 loss=0.177251 validation_macro_fmax=0.249549 valid_micro_fmax=0.156601
epoch=6 loss=0.168502 validation_macro_fmax=0.251593 valid_micro_fmax=0.185555
epoch=7 loss=0.159092 validation_macro_fmax=0.252564 valid_micro_fmax=0.188274
epoch=8 loss=0.148025 validation_macro_fmax=0.252027 valid_micro_fmax=0.185913
epoch=9 loss=0.136133 validation_macro_fmax=0.254955 valid_micro_fmax=0.227078
epoch=10 loss=0.122816 validation_macro_fmax=0.254419 valid_micro_fmax=0.244618
epoch=11 loss=0.108918 validation_macro_fmax=0.250135 valid_micro_fmax=0.247693
epoch=12 loss=0.095666 validation_macro_fmax=0.247718 valid_micro_fmax=0.258062
epoch=13 loss=0.082263 validation_macro_fmax=0.253244 valid_micro_fmax=0.287192
epoch=14 loss=0.070631 validation_macro_fmax=0.264078 valid_micro_fmax=0.299452
epoch=15 loss=0.059926 validation_macro_fmax=0.266483 valid_micro_fmax=0.327256
epoch=16 loss=0.050626 validation_macro_fmax=0.259710 valid_micro_fmax=0.326256
epoch=17 loss=0.043177 validation_macro_fmax=0.258828 valid_micro_fmax=0.339196
epoch=18 loss=0.036347 validation_macro_fmax=0.260822 valid_micro_fmax=0.338610
epoch=19 loss=0.030874 validation_macro_fmax=0.270837 valid_micro_fmax=0.355006
epoch=20 loss=0.026336 validation_macro_fmax=0.273046 valid_micro_fmax=0.362307
epoch=21 loss=0.022667 validation_macro_fmax=0.267353 valid_micro_fmax=0.360035
epoch=22 loss=0.019252 validation_macro_fmax=0.264677 valid_micro_fmax=0.374006
epoch=23 loss=0.016736 validation_macro_fmax=0.283293 valid_micro_fmax=0.378801
epoch=24 loss=0.014584 validation_macro_fmax=0.260796 valid_micro_fmax=0.384293
epoch=25 loss=0.012682 validation_macro_fmax=0.284113 valid_micro_fmax=0.383433
epoch=26 loss=0.011103 validation_macro_fmax=0.282412 valid_micro_fmax=0.381003
epoch=27 loss=0.009744 validation_macro_fmax=0.270383 valid_micro_fmax=0.382825
epoch=28 loss=0.008521 validation_macro_fmax=0.267156 valid_micro_fmax=0.386591
epoch=29 loss=0.007564 validation_macro_fmax=0.295538 valid_micro_fmax=0.402212
epoch=30 loss=0.006731 validation_macro_fmax=0.278286 valid_micro_fmax=0.399427
epoch=31 loss=0.006108 validation_macro_fmax=0.289686 valid_micro_fmax=0.388933
epoch=32 loss=0.005510 validation_macro_fmax=0.283841 valid_micro_fmax=0.397745
epoch=33 loss=0.004853 validation_macro_fmax=0.276396 valid_micro_fmax=0.398034
epoch=34 loss=0.004336 validation_macro_fmax=0.279001 valid_micro_fmax=0.396811
epoch=35 loss=0.003925 validation_macro_fmax=0.285119 valid_micro_fmax=0.398152
epoch=36 loss=0.003757 validation_macro_fmax=0.298072 valid_micro_fmax=0.390256
epoch=37 loss=0.003268 validation_macro_fmax=0.285606 valid_micro_fmax=0.394879
epoch=38 loss=0.002875 validation_macro_fmax=0.284337 valid_micro_fmax=0.400663
epoch=39 loss=0.002683 validation_macro_fmax=0.296266 valid_micro_fmax=0.398404
epoch=40 loss=0.002417 validation_macro_fmax=0.290189 valid_micro_fmax=0.402652
epoch=41 loss=0.002311 validation_macro_fmax=0.275376 valid_micro_fmax=0.402012
epoch=42 loss=0.002330 validation_macro_fmax=0.296015 valid_micro_fmax=0.400978
epoch=43 loss=0.002201 validation_macro_fmax=0.282356 valid_micro_fmax=0.403682
epoch=44 loss=0.001702 validation_macro_fmax=0.287624 valid_micro_fmax=0.400177
epoch=45 loss=0.001601 validation_macro_fmax=0.275048 valid_micro_fmax=0.412499
Early stopping after 45 epochs (patience=9)
GPU completion: NVIDIA L40S, 44443, 46068, 0
