GPU: NVIDIA L40S
CUDA tensor check: 8.0
Sun Jul 19 05:13:12 2026       
+-----------------------------------------------------------------------------------------+
| NVIDIA-SMI 560.35.03              Driver Version: 560.35.03      CUDA Version: 12.6     |
|-----------------------------------------+------------------------+----------------------+
| GPU  Name                 Persistence-M | Bus-Id          Disp.A | Volatile Uncorr. ECC |
| Fan  Temp   Perf          Pwr:Usage/Cap |           Memory-Usage | GPU-Util  Compute M. |
|                                         |                        |               MIG M. |
|=========================================+========================+======================|
|   0  NVIDIA L40S                    On  |   00000000:0D:00.0 Off |                    0 |
| N/A   54C    P0             45W /  350W |     503MiB /  46068MiB |      0%      Default |
|                                         |                        |                  N/A |
+-----------------------------------------+------------------------+----------------------+
                                                                                         
+-----------------------------------------------------------------------------------------+
| Processes:                                                                              |
|  GPU   GI   CI        PID   Type   Process name                              GPU Memory |
|        ID   ID                                                               Usage      |
|=========================================================================================|
|    0   N/A  N/A   1015514      C   python3                                       494MiB |
+-----------------------------------------------------------------------------------------+
CUDA verified: NVIDIA L40S; tensor dot product=8.0
GPU startup: NVIDIA L40S, 533, 46068, 0
Loaded train=6026, valid=754; reserved test set is not loaded
epoch=1 loss=0.810411 validation_macro_fmax=0.160381 valid_micro_fmax=0.081690
epoch=2 loss=0.386216 validation_macro_fmax=0.226215 valid_micro_fmax=0.124321
epoch=3 loss=0.198993 validation_macro_fmax=0.183695 valid_micro_fmax=0.141966
epoch=4 loss=0.148303 validation_macro_fmax=0.172137 valid_micro_fmax=0.154581
epoch=5 loss=0.124749 validation_macro_fmax=0.204358 valid_micro_fmax=0.181831
epoch=6 loss=0.101169 validation_macro_fmax=0.184163 valid_micro_fmax=0.171017
epoch=7 loss=0.066823 validation_macro_fmax=0.214998 valid_micro_fmax=0.230846
epoch=8 loss=0.086948 validation_macro_fmax=0.176128 valid_micro_fmax=0.156579
epoch=9 loss=0.055788 validation_macro_fmax=0.175570 valid_micro_fmax=0.197549
epoch=10 loss=0.056623 validation_macro_fmax=0.188168 valid_micro_fmax=0.193709
epoch=11 loss=0.060026 validation_macro_fmax=0.180577 valid_micro_fmax=0.209382
epoch=12 loss=0.042007 validation_macro_fmax=0.174893 valid_micro_fmax=0.211447
Early stopping after 12 epochs (patience=10)
GPU completion: NVIDIA L40S, 22685, 46068, 0
