GPU: NVIDIA L40S
CUDA tensor check: 8.0
Sat Jul 18 17:40:51 2026       
+-----------------------------------------------------------------------------------------+
| NVIDIA-SMI 560.35.03              Driver Version: 560.35.03      CUDA Version: 12.6     |
|-----------------------------------------+------------------------+----------------------+
| GPU  Name                 Persistence-M | Bus-Id          Disp.A | Volatile Uncorr. ECC |
| Fan  Temp   Perf          Pwr:Usage/Cap |           Memory-Usage | GPU-Util  Compute M. |
|                                         |                        |               MIG M. |
|=========================================+========================+======================|
|   0  NVIDIA L40S                    On  |   00000000:B5:00.0 Off |                    0 |
| N/A   56C    P0             46W /  350W |     503MiB /  46068MiB |      0%      Default |
|                                         |                        |                  N/A |
+-----------------------------------------+------------------------+----------------------+
                                                                                         
+-----------------------------------------------------------------------------------------+
| Processes:                                                                              |
|  GPU   GI   CI        PID   Type   Process name                              GPU Memory |
|        ID   ID                                                               Usage      |
|=========================================================================================|
|    0   N/A  N/A    305667      C   python3                                       494MiB |
+-----------------------------------------------------------------------------------------+
CUDA verified: NVIDIA L40S; tensor dot product=8.0
GPU startup: NVIDIA L40S, 533, 46068, 0
Loaded train=6026, valid=754; reserved test set is not loaded
epoch=1 loss=0.614905 validation_macro_fmax=0.318917 valid_micro_fmax=0.108343
epoch=2 loss=0.508629 validation_macro_fmax=0.351544 valid_micro_fmax=0.135261
epoch=3 loss=0.457523 validation_macro_fmax=0.376246 valid_micro_fmax=0.184433
epoch=4 loss=0.426756 validation_macro_fmax=0.384062 valid_micro_fmax=0.216242
epoch=5 loss=0.403411 validation_macro_fmax=0.390318 valid_micro_fmax=0.234513
epoch=6 loss=0.382174 validation_macro_fmax=0.393607 valid_micro_fmax=0.262061
epoch=7 loss=0.363125 validation_macro_fmax=0.392929 valid_micro_fmax=0.275077
epoch=8 loss=0.342413 validation_macro_fmax=0.393275 valid_micro_fmax=0.324699
epoch=9 loss=0.322345 validation_macro_fmax=0.402068 valid_micro_fmax=0.331092
epoch=10 loss=0.300608 validation_macro_fmax=0.394596 valid_micro_fmax=0.349289
epoch=11 loss=0.277403 validation_macro_fmax=0.393532 valid_micro_fmax=0.352309
epoch=12 loss=0.254466 validation_macro_fmax=0.394318 valid_micro_fmax=0.363336
epoch=13 loss=0.230856 validation_macro_fmax=0.392989 valid_micro_fmax=0.348628
epoch=14 loss=0.208931 validation_macro_fmax=0.392322 valid_micro_fmax=0.368119
epoch=15 loss=0.188254 validation_macro_fmax=0.392875 valid_micro_fmax=0.390662
epoch=16 loss=0.167899 validation_macro_fmax=0.398333 valid_micro_fmax=0.397720
epoch=17 loss=0.150942 validation_macro_fmax=0.398628 valid_micro_fmax=0.416639
epoch=18 loss=0.134651 validation_macro_fmax=0.391314 valid_micro_fmax=0.397843
Early stopping after 18 epochs (patience=9)
GPU completion: NVIDIA L40S, 18803, 46068, 0
