GPU: NVIDIA L40S
CUDA tensor check: 8.0
Sun Jul 19 17:50:33 2026       
+-----------------------------------------------------------------------------------------+
| NVIDIA-SMI 560.35.03              Driver Version: 560.35.03      CUDA Version: 12.6     |
|-----------------------------------------+------------------------+----------------------+
| GPU  Name                 Persistence-M | Bus-Id          Disp.A | Volatile Uncorr. ECC |
| Fan  Temp   Perf          Pwr:Usage/Cap |           Memory-Usage | GPU-Util  Compute M. |
|                                         |                        |               MIG M. |
|=========================================+========================+======================|
|   0  NVIDIA L40S                    On  |   00000000:B5:00.0 Off |                    0 |
| N/A   51C    P0             43W /  350W |     503MiB /  46068MiB |      1%      Default |
|                                         |                        |                  N/A |
+-----------------------------------------+------------------------+----------------------+
                                                                                         
+-----------------------------------------------------------------------------------------+
| Processes:                                                                              |
|  GPU   GI   CI        PID   Type   Process name                              GPU Memory |
|        ID   ID                                                               Usage      |
|=========================================================================================|
|    0   N/A  N/A    932689      C   python3                                       494MiB |
+-----------------------------------------------------------------------------------------+
CUDA verified: NVIDIA L40S; tensor dot product=8.0
GPU startup: NVIDIA L40S, 533, 46068, 0
Loaded train=6026, valid=754; reserved test set is not loaded
epoch=1 loss=1.195811 validation_macro_fmax=0.184024 valid_micro_fmax=0.104907
epoch=2 loss=1.110938 validation_macro_fmax=0.192598 valid_micro_fmax=0.112648
epoch=3 loss=1.054297 validation_macro_fmax=0.207470 valid_micro_fmax=0.119299
epoch=4 loss=1.012896 validation_macro_fmax=0.227015 valid_micro_fmax=0.130017
epoch=5 loss=0.978988 validation_macro_fmax=0.239481 valid_micro_fmax=0.138967
epoch=6 loss=0.949157 validation_macro_fmax=0.241306 valid_micro_fmax=0.153389
epoch=7 loss=0.924849 validation_macro_fmax=0.251378 valid_micro_fmax=0.178059
epoch=8 loss=0.904157 validation_macro_fmax=0.249278 valid_micro_fmax=0.183827
epoch=9 loss=0.884329 validation_macro_fmax=0.255162 valid_micro_fmax=0.205410
epoch=10 loss=0.870358 validation_macro_fmax=0.257759 valid_micro_fmax=0.217738
epoch=11 loss=0.852197 validation_macro_fmax=0.261799 valid_micro_fmax=0.225667
epoch=12 loss=0.837916 validation_macro_fmax=0.262887 valid_micro_fmax=0.249125
epoch=13 loss=0.825256 validation_macro_fmax=0.262549 valid_micro_fmax=0.258799
epoch=14 loss=0.812497 validation_macro_fmax=0.268701 valid_micro_fmax=0.274699
epoch=15 loss=0.801533 validation_macro_fmax=0.270545 valid_micro_fmax=0.268501
epoch=16 loss=0.790969 validation_macro_fmax=0.270522 valid_micro_fmax=0.296036
epoch=17 loss=0.781451 validation_macro_fmax=0.274648 valid_micro_fmax=0.298767
epoch=18 loss=0.772328 validation_macro_fmax=0.272667 valid_micro_fmax=0.313573
epoch=19 loss=0.764252 validation_macro_fmax=0.274716 valid_micro_fmax=0.321748
epoch=20 loss=0.754369 validation_macro_fmax=0.280719 valid_micro_fmax=0.325358
epoch=21 loss=0.745578 validation_macro_fmax=0.282696 valid_micro_fmax=0.332672
epoch=22 loss=0.739037 validation_macro_fmax=0.280774 valid_micro_fmax=0.329596
epoch=23 loss=0.730345 validation_macro_fmax=0.283960 valid_micro_fmax=0.341271
epoch=24 loss=0.722666 validation_macro_fmax=0.290902 valid_micro_fmax=0.336940
epoch=25 loss=0.716584 validation_macro_fmax=0.286708 valid_micro_fmax=0.325346
epoch=26 loss=0.708712 validation_macro_fmax=0.287575 valid_micro_fmax=0.337424
epoch=27 loss=0.701798 validation_macro_fmax=0.291908 valid_micro_fmax=0.361844
epoch=28 loss=0.694962 validation_macro_fmax=0.291614 valid_micro_fmax=0.350441
epoch=29 loss=0.687452 validation_macro_fmax=0.292262 valid_micro_fmax=0.365783
epoch=30 loss=0.679920 validation_macro_fmax=0.291142 valid_micro_fmax=0.379785
epoch=31 loss=0.672491 validation_macro_fmax=0.296540 valid_micro_fmax=0.364875
epoch=32 loss=0.665098 validation_macro_fmax=0.294184 valid_micro_fmax=0.381977
epoch=33 loss=0.657801 validation_macro_fmax=0.294328 valid_micro_fmax=0.375275
epoch=34 loss=0.650736 validation_macro_fmax=0.293677 valid_micro_fmax=0.389471
epoch=35 loss=0.643517 validation_macro_fmax=0.295902 valid_micro_fmax=0.381897
epoch=36 loss=0.635493 validation_macro_fmax=0.292863 valid_micro_fmax=0.386305
epoch=37 loss=0.627962 validation_macro_fmax=0.294186 valid_micro_fmax=0.392940
epoch=38 loss=0.620106 validation_macro_fmax=0.300752 valid_micro_fmax=0.374164
epoch=39 loss=0.612118 validation_macro_fmax=0.296444 valid_micro_fmax=0.392542
epoch=40 loss=0.603674 validation_macro_fmax=0.297331 valid_micro_fmax=0.401120
epoch=41 loss=0.595151 validation_macro_fmax=0.298947 valid_micro_fmax=0.414629
epoch=42 loss=0.587075 validation_macro_fmax=0.295621 valid_micro_fmax=0.417420
epoch=43 loss=0.578146 validation_macro_fmax=0.300673 valid_micro_fmax=0.424463
epoch=44 loss=0.568735 validation_macro_fmax=0.302842 valid_micro_fmax=0.418519
epoch=45 loss=0.560331 validation_macro_fmax=0.299788 valid_micro_fmax=0.432296
epoch=46 loss=0.550755 validation_macro_fmax=0.306064 valid_micro_fmax=0.418179
epoch=47 loss=0.542407 validation_macro_fmax=0.291590 valid_micro_fmax=0.430611
epoch=48 loss=0.532916 validation_macro_fmax=0.301672 valid_micro_fmax=0.440581
epoch=49 loss=0.524034 validation_macro_fmax=0.298705 valid_micro_fmax=0.437001
epoch=50 loss=0.514064 validation_macro_fmax=0.300842 valid_micro_fmax=0.432506
epoch=51 loss=0.505628 validation_macro_fmax=0.302694 valid_micro_fmax=0.442680
epoch=52 loss=0.495799 validation_macro_fmax=0.299138 valid_micro_fmax=0.439100
epoch=53 loss=0.486164 validation_macro_fmax=0.292818 valid_micro_fmax=0.417273
epoch=54 loss=0.476615 validation_macro_fmax=0.298932 valid_micro_fmax=0.439921
epoch=55 loss=0.467387 validation_macro_fmax=0.298029 valid_micro_fmax=0.447095
Early stopping after 55 epochs (patience=9)
GPU completion: NVIDIA L40S, 28763, 46068, 0
