GPU: NVIDIA L40S
CUDA tensor check: 8.0
Mon Jul 20 06:50:45 2026       
+-----------------------------------------------------------------------------------------+
| NVIDIA-SMI 560.35.03              Driver Version: 560.35.03      CUDA Version: 12.6     |
|-----------------------------------------+------------------------+----------------------+
| GPU  Name                 Persistence-M | Bus-Id          Disp.A | Volatile Uncorr. ECC |
| Fan  Temp   Perf          Pwr:Usage/Cap |           Memory-Usage | GPU-Util  Compute M. |
|                                         |                        |               MIG M. |
|=========================================+========================+======================|
|   0  NVIDIA L40S                    On  |   00000000:B5:00.0 Off |                    0 |
| N/A   49C    P0             48W /  350W |     503MiB /  46068MiB |      5%      Default |
|                                         |                        |                  N/A |
+-----------------------------------------+------------------------+----------------------+
                                                                                         
+-----------------------------------------------------------------------------------------+
| Processes:                                                                              |
|  GPU   GI   CI        PID   Type   Process name                              GPU Memory |
|        ID   ID                                                               Usage      |
|=========================================================================================|
|    0   N/A  N/A   1251293      C   python3                                       494MiB |
+-----------------------------------------------------------------------------------------+
CUDA verified: NVIDIA L40S; tensor dot product=8.0
GPU startup: NVIDIA L40S, 533, 46068, 0
Loaded train=6026, valid=754; reserved test set is not loaded
epoch=1 loss=0.894193 validation_macro_fmax=0.389355 valid_micro_fmax=0.332420
epoch=2 loss=0.651522 validation_macro_fmax=0.400129 valid_micro_fmax=0.401223
epoch=3 loss=0.438745 validation_macro_fmax=0.408523 valid_micro_fmax=0.405642
epoch=4 loss=0.243092 validation_macro_fmax=0.420649 valid_micro_fmax=0.479528
epoch=5 loss=0.148427 validation_macro_fmax=0.425474 valid_micro_fmax=0.462814
epoch=6 loss=0.095618 validation_macro_fmax=0.396933 valid_micro_fmax=0.448180
epoch=7 loss=0.057482 validation_macro_fmax=0.391034 valid_micro_fmax=0.454286
epoch=8 loss=0.048393 validation_macro_fmax=0.398648 valid_micro_fmax=0.456741
epoch=9 loss=0.037655 validation_macro_fmax=0.385059 valid_micro_fmax=0.470135
epoch=10 loss=0.026467 validation_macro_fmax=0.409559 valid_micro_fmax=0.418529
epoch=11 loss=0.020602 validation_macro_fmax=0.379670 valid_micro_fmax=0.470687
epoch=12 loss=0.015210 validation_macro_fmax=0.378909 valid_micro_fmax=0.469758
epoch=13 loss=0.016413 validation_macro_fmax=0.397514 valid_micro_fmax=0.464853
epoch=14 loss=0.016259 validation_macro_fmax=0.387844 valid_micro_fmax=0.495280
Early stopping after 14 epochs (patience=9)
GPU completion: NVIDIA L40S, 33181, 46068, 0
