GPU: NVIDIA L40S
CUDA tensor check: 8.0
Sun Jul 19 10:02:44 2026       
+-----------------------------------------------------------------------------------------+
| NVIDIA-SMI 560.35.03              Driver Version: 560.35.03      CUDA Version: 12.6     |
|-----------------------------------------+------------------------+----------------------+
| GPU  Name                 Persistence-M | Bus-Id          Disp.A | Volatile Uncorr. ECC |
| Fan  Temp   Perf          Pwr:Usage/Cap |           Memory-Usage | GPU-Util  Compute M. |
|                                         |                        |               MIG M. |
|=========================================+========================+======================|
|   0  NVIDIA L40S                    On  |   00000000:0D:00.0 Off |                    0 |
| N/A   49C    P0             42W /  350W |     503MiB /  46068MiB |      0%      Default |
|                                         |                        |                  N/A |
+-----------------------------------------+------------------------+----------------------+
                                                                                         
+-----------------------------------------------------------------------------------------+
| Processes:                                                                              |
|  GPU   GI   CI        PID   Type   Process name                              GPU Memory |
|        ID   ID                                                               Usage      |
|=========================================================================================|
|    0   N/A  N/A   1247760      C   python3                                       494MiB |
+-----------------------------------------------------------------------------------------+
CUDA verified: NVIDIA L40S; tensor dot product=8.0
GPU startup: NVIDIA L40S, 533, 46068, 0
Loaded train=6026, valid=754; reserved test set is not loaded
epoch=1 loss=0.278694 validation_macro_fmax=0.168487 valid_micro_fmax=0.061981
epoch=2 loss=0.155263 validation_macro_fmax=0.191179 valid_micro_fmax=0.100474
epoch=3 loss=0.090140 validation_macro_fmax=0.217255 valid_micro_fmax=0.091372
epoch=4 loss=0.062063 validation_macro_fmax=0.217020 valid_micro_fmax=0.127933
epoch=5 loss=0.052533 validation_macro_fmax=0.233023 valid_micro_fmax=0.128808
epoch=6 loss=0.038290 validation_macro_fmax=0.230926 valid_micro_fmax=0.140387
epoch=7 loss=0.030618 validation_macro_fmax=0.234823 valid_micro_fmax=0.141738
epoch=8 loss=0.022329 validation_macro_fmax=0.238851 valid_micro_fmax=0.154238
epoch=9 loss=0.019255 validation_macro_fmax=0.241720 valid_micro_fmax=0.166008
epoch=10 loss=0.018729 validation_macro_fmax=0.241007 valid_micro_fmax=0.170998
epoch=11 loss=0.015904 validation_macro_fmax=0.239745 valid_micro_fmax=0.190465
epoch=12 loss=0.015685 validation_macro_fmax=0.240108 valid_micro_fmax=0.175458
epoch=13 loss=0.015232 validation_macro_fmax=0.255031 valid_micro_fmax=0.196766
epoch=14 loss=0.014311 validation_macro_fmax=0.248583 valid_micro_fmax=0.202849
epoch=15 loss=0.016918 validation_macro_fmax=0.238160 valid_micro_fmax=0.190121
epoch=16 loss=0.012779 validation_macro_fmax=0.250988 valid_micro_fmax=0.205725
epoch=17 loss=0.011461 validation_macro_fmax=0.241585 valid_micro_fmax=0.204823
epoch=18 loss=0.011512 validation_macro_fmax=0.238337 valid_micro_fmax=0.207167
epoch=19 loss=0.025048 validation_macro_fmax=0.220333 valid_micro_fmax=0.123720
epoch=20 loss=0.020148 validation_macro_fmax=0.235779 valid_micro_fmax=0.152949
epoch=21 loss=0.013508 validation_macro_fmax=0.242745 valid_micro_fmax=0.200579
epoch=22 loss=0.010782 validation_macro_fmax=0.237667 valid_micro_fmax=0.215443
epoch=23 loss=0.009367 validation_macro_fmax=0.233404 valid_micro_fmax=0.224492
Early stopping after 23 epochs (patience=10)
GPU completion: NVIDIA L40S, 25543, 46068, 0
