GPU: NVIDIA L40S
CUDA tensor check: 8.0
Mon Jul 20 00:07:50 2026       
+-----------------------------------------------------------------------------------------+
| NVIDIA-SMI 560.35.03              Driver Version: 560.35.03      CUDA Version: 12.6     |
|-----------------------------------------+------------------------+----------------------+
| GPU  Name                 Persistence-M | Bus-Id          Disp.A | Volatile Uncorr. ECC |
| Fan  Temp   Perf          Pwr:Usage/Cap |           Memory-Usage | GPU-Util  Compute M. |
|                                         |                        |               MIG M. |
|=========================================+========================+======================|
|   0  NVIDIA L40S                    On  |   00000000:B5:00.0 Off |                    0 |
| N/A   56C    P0             52W /  350W |     503MiB /  46068MiB |      5%      Default |
|                                         |                        |                  N/A |
+-----------------------------------------+------------------------+----------------------+
                                                                                         
+-----------------------------------------------------------------------------------------+
| Processes:                                                                              |
|  GPU   GI   CI        PID   Type   Process name                              GPU Memory |
|        ID   ID                                                               Usage      |
|=========================================================================================|
|    0   N/A  N/A   1089259      C   python3                                       494MiB |
+-----------------------------------------------------------------------------------------+
CUDA verified: NVIDIA L40S; tensor dot product=8.0
GPU startup: NVIDIA L40S, 533, 46068, 0
Loaded train=6026, valid=754; reserved test set is not loaded
epoch=1 loss=0.377638 validation_macro_fmax=0.295639 valid_micro_fmax=0.367797
epoch=2 loss=0.156756 validation_macro_fmax=0.332747 valid_micro_fmax=0.460249
epoch=3 loss=0.091463 validation_macro_fmax=0.339721 valid_micro_fmax=0.431941
epoch=4 loss=0.065326 validation_macro_fmax=0.332864 valid_micro_fmax=0.435816
epoch=5 loss=0.050169 validation_macro_fmax=0.292320 valid_micro_fmax=0.484563
epoch=6 loss=0.038548 validation_macro_fmax=0.285032 valid_micro_fmax=0.453672
epoch=7 loss=0.030981 validation_macro_fmax=0.297170 valid_micro_fmax=0.492670
epoch=8 loss=0.029465 validation_macro_fmax=0.293132 valid_micro_fmax=0.502887
epoch=9 loss=0.038755 validation_macro_fmax=0.281271 valid_micro_fmax=0.501322
epoch=10 loss=0.038452 validation_macro_fmax=0.296559 valid_micro_fmax=0.518836
epoch=11 loss=0.027110 validation_macro_fmax=0.271450 valid_micro_fmax=0.493160
epoch=12 loss=0.035994 validation_macro_fmax=0.273885 valid_micro_fmax=0.498988
epoch=13 loss=0.019598 validation_macro_fmax=0.261395 valid_micro_fmax=0.513230
Early stopping after 13 epochs (patience=10)
GPU completion: NVIDIA L40S, 28763, 46068, 0
