GPU: NVIDIA L40S
CUDA tensor check: 8.0
Sun Jul 19 06:28:27 2026       
+-----------------------------------------------------------------------------------------+
| NVIDIA-SMI 560.35.03              Driver Version: 560.35.03      CUDA Version: 12.6     |
|-----------------------------------------+------------------------+----------------------+
| GPU  Name                 Persistence-M | Bus-Id          Disp.A | Volatile Uncorr. ECC |
| Fan  Temp   Perf          Pwr:Usage/Cap |           Memory-Usage | GPU-Util  Compute M. |
|                                         |                        |               MIG M. |
|=========================================+========================+======================|
|   0  NVIDIA L40S                    On  |   00000000:0D:00.0 Off |                    0 |
| N/A   53C    P0             46W /  350W |     503MiB /  46068MiB |      5%      Default |
|                                         |                        |                  N/A |
+-----------------------------------------+------------------------+----------------------+
                                                                                         
+-----------------------------------------------------------------------------------------+
| Processes:                                                                              |
|  GPU   GI   CI        PID   Type   Process name                              GPU Memory |
|        ID   ID                                                               Usage      |
|=========================================================================================|
|    0   N/A  N/A   1162739      C   python3                                       494MiB |
+-----------------------------------------------------------------------------------------+
CUDA verified: NVIDIA L40S; tensor dot product=8.0
GPU startup: NVIDIA L40S, 533, 46068, 0
Loaded train=6026, valid=754; reserved test set is not loaded
epoch=1 loss=0.853100 validation_macro_fmax=0.244123 valid_micro_fmax=0.195010
epoch=2 loss=0.404169 validation_macro_fmax=0.254556 valid_micro_fmax=0.251981
epoch=3 loss=0.209470 validation_macro_fmax=0.253948 valid_micro_fmax=0.305050
epoch=4 loss=0.129526 validation_macro_fmax=0.251601 valid_micro_fmax=0.308541
epoch=5 loss=0.092889 validation_macro_fmax=0.254405 valid_micro_fmax=0.352299
epoch=6 loss=0.068876 validation_macro_fmax=0.247696 valid_micro_fmax=0.359372
epoch=7 loss=0.052394 validation_macro_fmax=0.260391 valid_micro_fmax=0.387094
epoch=8 loss=0.040602 validation_macro_fmax=0.269030 valid_micro_fmax=0.370258
epoch=9 loss=0.035772 validation_macro_fmax=0.269652 valid_micro_fmax=0.387708
epoch=10 loss=0.030987 validation_macro_fmax=0.268743 valid_micro_fmax=0.371083
epoch=11 loss=0.029363 validation_macro_fmax=0.275520 valid_micro_fmax=0.365945
epoch=12 loss=0.026044 validation_macro_fmax=0.268359 valid_micro_fmax=0.376435
epoch=13 loss=0.021501 validation_macro_fmax=0.271631 valid_micro_fmax=0.376620
epoch=14 loss=0.020000 validation_macro_fmax=0.262657 valid_micro_fmax=0.372844
epoch=15 loss=0.017237 validation_macro_fmax=0.264184 valid_micro_fmax=0.376988
epoch=16 loss=0.016260 validation_macro_fmax=0.266975 valid_micro_fmax=0.389939
epoch=17 loss=0.021910 validation_macro_fmax=0.240668 valid_micro_fmax=0.356165
epoch=18 loss=0.019488 validation_macro_fmax=0.249462 valid_micro_fmax=0.368164
epoch=19 loss=0.015986 validation_macro_fmax=0.263926 valid_micro_fmax=0.392484
Early stopping after 19 epochs (patience=8)
GPU completion: NVIDIA L40S, 34129, 46068, 0
