GPU: NVIDIA L40S
CUDA tensor check: 8.0
Mon Jul 20 04:19:52 2026       
+-----------------------------------------------------------------------------------------+
| NVIDIA-SMI 560.35.03              Driver Version: 560.35.03      CUDA Version: 12.6     |
|-----------------------------------------+------------------------+----------------------+
| GPU  Name                 Persistence-M | Bus-Id          Disp.A | Volatile Uncorr. ECC |
| Fan  Temp   Perf          Pwr:Usage/Cap |           Memory-Usage | GPU-Util  Compute M. |
|                                         |                        |               MIG M. |
|=========================================+========================+======================|
|   0  NVIDIA L40S                    On  |   00000000:B5:00.0 Off |                    0 |
| N/A   45C    P0             42W /  350W |     503MiB /  46068MiB |      5%      Default |
|                                         |                        |                  N/A |
+-----------------------------------------+------------------------+----------------------+
                                                                                         
+-----------------------------------------------------------------------------------------+
| Processes:                                                                              |
|  GPU   GI   CI        PID   Type   Process name                              GPU Memory |
|        ID   ID                                                               Usage      |
|=========================================================================================|
|    0   N/A  N/A   1536719      C   python3                                       494MiB |
+-----------------------------------------------------------------------------------------+
CUDA verified: NVIDIA L40S; tensor dot product=8.0
GPU startup: NVIDIA L40S, 533, 46068, 0
Loaded train=6026, valid=754; reserved test set is not loaded
epoch=1 loss=0.962763 validation_macro_fmax=0.271928 valid_micro_fmax=0.070738
epoch=2 loss=0.664417 validation_macro_fmax=0.308227 valid_micro_fmax=0.126334
epoch=3 loss=0.409080 validation_macro_fmax=0.328748 valid_micro_fmax=0.178324
epoch=4 loss=0.229198 validation_macro_fmax=0.331158 valid_micro_fmax=0.188147
epoch=5 loss=0.140953 validation_macro_fmax=0.328499 valid_micro_fmax=0.203226
epoch=6 loss=0.094783 validation_macro_fmax=0.337019 valid_micro_fmax=0.196355
epoch=7 loss=0.070134 validation_macro_fmax=0.345076 valid_micro_fmax=0.217621
epoch=8 loss=0.057445 validation_macro_fmax=0.332040 valid_micro_fmax=0.210026
epoch=9 loss=0.049154 validation_macro_fmax=0.338478 valid_micro_fmax=0.195561
epoch=10 loss=0.040753 validation_macro_fmax=0.327463 valid_micro_fmax=0.195109
epoch=11 loss=0.033512 validation_macro_fmax=0.338917 valid_micro_fmax=0.226442
epoch=12 loss=0.029461 validation_macro_fmax=0.345248 valid_micro_fmax=0.238075
epoch=13 loss=0.026407 validation_macro_fmax=0.370471 valid_micro_fmax=0.231859
epoch=14 loss=0.027483 validation_macro_fmax=0.347989 valid_micro_fmax=0.191875
epoch=15 loss=0.020813 validation_macro_fmax=0.342432 valid_micro_fmax=0.257923
epoch=16 loss=0.020015 validation_macro_fmax=0.324471 valid_micro_fmax=0.195423
epoch=17 loss=0.024121 validation_macro_fmax=0.340308 valid_micro_fmax=0.211280
epoch=18 loss=0.021302 validation_macro_fmax=0.335084 valid_micro_fmax=0.186226
epoch=19 loss=0.021420 validation_macro_fmax=0.357056 valid_micro_fmax=0.252447
epoch=20 loss=0.017456 validation_macro_fmax=0.346877 valid_micro_fmax=0.236008
epoch=21 loss=0.016229 validation_macro_fmax=0.329050 valid_micro_fmax=0.220251
Early stopping after 21 epochs (patience=8)
GPU completion: NVIDIA L40S, 21641, 46068, 0
