GPU: NVIDIA L40S
CUDA tensor check: 8.0
Thu Jul 16 23:51:21 2026       
+-----------------------------------------------------------------------------------------+
| NVIDIA-SMI 560.35.03              Driver Version: 560.35.03      CUDA Version: 12.6     |
|-----------------------------------------+------------------------+----------------------+
| GPU  Name                 Persistence-M | Bus-Id          Disp.A | Volatile Uncorr. ECC |
| Fan  Temp   Perf          Pwr:Usage/Cap |           Memory-Usage | GPU-Util  Compute M. |
|                                         |                        |               MIG M. |
|=========================================+========================+======================|
|   0  NVIDIA L40S                    On  |   00000000:0D:00.0 Off |                    0 |
| N/A   37C    P0             45W /  350W |     503MiB /  46068MiB |      5%      Default |
|                                         |                        |                  N/A |
+-----------------------------------------+------------------------+----------------------+
                                                                                         
+-----------------------------------------------------------------------------------------+
| Processes:                                                                              |
|  GPU   GI   CI        PID   Type   Process name                              GPU Memory |
|        ID   ID                                                               Usage      |
|=========================================================================================|
|    0   N/A  N/A   1625243      C   python3                                       494MiB |
+-----------------------------------------------------------------------------------------+
CUDA verified: NVIDIA L40S; tensor dot product=8.0
GPU startup: NVIDIA L40S, 533, 46068, 5
Loaded train=6026, valid=754; reserved test set is not loaded
epoch=1 loss=0.239537 validation_macro_fmax=0.313518 valid_micro_fmax=0.277529
epoch=2 loss=0.120482 validation_macro_fmax=0.331843 valid_micro_fmax=0.390021
epoch=3 loss=0.072956 validation_macro_fmax=0.274944 valid_micro_fmax=0.356947
epoch=4 loss=0.051308 validation_macro_fmax=0.294157 valid_micro_fmax=0.432214
epoch=5 loss=0.045570 validation_macro_fmax=0.303120 valid_micro_fmax=0.374712
epoch=6 loss=0.040011 validation_macro_fmax=0.312982 valid_micro_fmax=0.389714
epoch=7 loss=0.038002 validation_macro_fmax=0.258803 valid_micro_fmax=0.388369
epoch=8 loss=0.030372 validation_macro_fmax=0.263080 valid_micro_fmax=0.429190
epoch=9 loss=0.023907 validation_macro_fmax=0.316139 valid_micro_fmax=0.456499
epoch=10 loss=0.018409 validation_macro_fmax=0.289028 valid_micro_fmax=0.437090
Early stopping after 10 epochs (patience=8)
GPU completion: NVIDIA L40S, 16943, 46068, 0
