GPU: NVIDIA L40S
CUDA tensor check: 8.0
Wed Jul 15 16:23:56 2026       
+-----------------------------------------------------------------------------------------+
| NVIDIA-SMI 560.35.03              Driver Version: 560.35.03      CUDA Version: 12.6     |
|-----------------------------------------+------------------------+----------------------+
| GPU  Name                 Persistence-M | Bus-Id          Disp.A | Volatile Uncorr. ECC |
| Fan  Temp   Perf          Pwr:Usage/Cap |           Memory-Usage | GPU-Util  Compute M. |
|                                         |                        |               MIG M. |
|=========================================+========================+======================|
|   0  NVIDIA L40S                    On  |   00000000:0D:00.0 Off |                    0 |
| N/A   32C    P0             39W /  350W |     503MiB /  46068MiB |      5%      Default |
|                                         |                        |                  N/A |
+-----------------------------------------+------------------------+----------------------+
                                                                                         
+-----------------------------------------------------------------------------------------+
| Processes:                                                                              |
|  GPU   GI   CI        PID   Type   Process name                              GPU Memory |
|        ID   ID                                                               Usage      |
|=========================================================================================|
|    0   N/A  N/A   2384684      C   python3                                       494MiB |
+-----------------------------------------------------------------------------------------+
CUDA verified: NVIDIA L40S; tensor dot product=8.0
GPU startup: NVIDIA L40S, 533, 46068, 5
Loaded train=6026, valid=754; reserved test set is not loaded
epoch=1 loss=0.291644 valid_micro_fmax=0.138546
epoch=2 loss=0.227992 valid_micro_fmax=0.161186
epoch=3 loss=0.208713 valid_micro_fmax=0.192837
epoch=4 loss=0.194260 valid_micro_fmax=0.242312
epoch=5 loss=0.181878 valid_micro_fmax=0.267391
epoch=6 loss=0.168471 valid_micro_fmax=0.283052
epoch=7 loss=0.153037 valid_micro_fmax=0.317844
epoch=8 loss=0.136077 valid_micro_fmax=0.309775
epoch=9 loss=0.117531 valid_micro_fmax=0.369798
epoch=10 loss=0.099013 valid_micro_fmax=0.381900
epoch=11 loss=0.081972 valid_micro_fmax=0.401912
epoch=12 loss=0.066475 valid_micro_fmax=0.421684
epoch=13 loss=0.053894 valid_micro_fmax=0.447153
epoch=14 loss=0.043551 valid_micro_fmax=0.439926
epoch=15 loss=0.035208 valid_micro_fmax=0.458537
epoch=16 loss=0.028930 valid_micro_fmax=0.447521
epoch=17 loss=0.023998 valid_micro_fmax=0.461705
epoch=18 loss=0.019966 valid_micro_fmax=0.459338
epoch=19 loss=0.016775 valid_micro_fmax=0.472031
epoch=20 loss=0.015033 valid_micro_fmax=0.469768
epoch=21 loss=0.013298 valid_micro_fmax=0.471798
epoch=22 loss=0.011477 valid_micro_fmax=0.468635
epoch=23 loss=0.009456 valid_micro_fmax=0.476455
epoch=24 loss=0.008171 valid_micro_fmax=0.476871
epoch=25 loss=0.007869 valid_micro_fmax=0.464789
epoch=26 loss=0.006582 valid_micro_fmax=0.461657
epoch=27 loss=0.005869 valid_micro_fmax=0.491942
epoch=28 loss=0.005245 valid_micro_fmax=0.473894
epoch=29 loss=0.004658 valid_micro_fmax=0.460236
epoch=30 loss=0.004302 valid_micro_fmax=0.479939
epoch=31 loss=0.007960 valid_micro_fmax=0.481299
epoch=32 loss=0.004295 valid_micro_fmax=0.482378
epoch=33 loss=0.003487 valid_micro_fmax=0.486078
epoch=34 loss=0.003182 valid_micro_fmax=0.483528
epoch=35 loss=0.002944 valid_micro_fmax=0.499063
epoch=36 loss=0.002574 valid_micro_fmax=0.467439
epoch=37 loss=0.002478 valid_micro_fmax=0.492292
epoch=38 loss=0.002402 valid_micro_fmax=0.485149
epoch=39 loss=0.002316 valid_micro_fmax=0.489698
epoch=40 loss=0.003195 valid_micro_fmax=0.480205
epoch=41 loss=0.003125 valid_micro_fmax=0.497473
epoch=42 loss=0.002745 valid_micro_fmax=0.463425
epoch=43 loss=0.002372 valid_micro_fmax=0.484207
epoch=44 loss=0.001631 valid_micro_fmax=0.497674
epoch=45 loss=0.001460 valid_micro_fmax=0.497479
Early stopping after 45 epochs (patience=10)
GPU completion: NVIDIA L40S, 32085, 46068, 0
