GPU: NVIDIA L40S
CUDA tensor check: 8.0
Mon Jul 20 00:05:42 2026       
+-----------------------------------------------------------------------------------------+
| NVIDIA-SMI 560.35.03              Driver Version: 560.35.03      CUDA Version: 12.6     |
|-----------------------------------------+------------------------+----------------------+
| GPU  Name                 Persistence-M | Bus-Id          Disp.A | Volatile Uncorr. ECC |
| Fan  Temp   Perf          Pwr:Usage/Cap |           Memory-Usage | GPU-Util  Compute M. |
|                                         |                        |               MIG M. |
|=========================================+========================+======================|
|   0  NVIDIA L40S                    On  |   00000000:B5:00.0 Off |                    0 |
| N/A   55C    P0             43W /  350W |     503MiB /  46068MiB |      0%      Default |
|                                         |                        |                  N/A |
+-----------------------------------------+------------------------+----------------------+
                                                                                         
+-----------------------------------------------------------------------------------------+
| Processes:                                                                              |
|  GPU   GI   CI        PID   Type   Process name                              GPU Memory |
|        ID   ID                                                               Usage      |
|=========================================================================================|
|    0   N/A  N/A   1646469      C   python3                                       494MiB |
+-----------------------------------------------------------------------------------------+
CUDA verified: NVIDIA L40S; tensor dot product=8.0
GPU startup: NVIDIA L40S, 533, 46068, 5
Loaded train=6026, valid=754; reserved test set is not loaded
epoch=1 loss=0.429997 validation_macro_fmax=0.215841 valid_micro_fmax=0.071674
epoch=2 loss=0.207256 validation_macro_fmax=0.221596 valid_micro_fmax=0.070719
epoch=3 loss=0.139610 validation_macro_fmax=0.249308 valid_micro_fmax=0.095003
epoch=4 loss=0.098019 validation_macro_fmax=0.228115 valid_micro_fmax=0.112977
epoch=5 loss=0.077604 validation_macro_fmax=0.265765 valid_micro_fmax=0.097543
epoch=6 loss=0.061602 validation_macro_fmax=0.234823 valid_micro_fmax=0.119312
epoch=7 loss=0.060728 validation_macro_fmax=0.240840 valid_micro_fmax=0.143632
epoch=8 loss=0.047788 validation_macro_fmax=0.236200 valid_micro_fmax=0.124056
epoch=9 loss=0.046078 validation_macro_fmax=0.243528 valid_micro_fmax=0.150414
epoch=10 loss=0.040542 validation_macro_fmax=0.237626 valid_micro_fmax=0.127201
epoch=11 loss=0.037576 validation_macro_fmax=0.237666 valid_micro_fmax=0.141134
epoch=12 loss=0.029584 validation_macro_fmax=0.240754 valid_micro_fmax=0.162917
epoch=13 loss=0.032110 validation_macro_fmax=0.241294 valid_micro_fmax=0.159353
epoch=14 loss=0.043163 validation_macro_fmax=0.239217 valid_micro_fmax=0.147383
epoch=15 loss=0.034337 validation_macro_fmax=0.230534 valid_micro_fmax=0.148363
Early stopping after 15 epochs (patience=10)
GPU completion: NVIDIA L40S, 20979, 46068, 0
