GPU: NVIDIA L40S
CUDA tensor check: 8.0
Thu Jul 16 22:58:13 2026       
+-----------------------------------------------------------------------------------------+
| NVIDIA-SMI 560.35.03              Driver Version: 560.35.03      CUDA Version: 12.6     |
|-----------------------------------------+------------------------+----------------------+
| GPU  Name                 Persistence-M | Bus-Id          Disp.A | Volatile Uncorr. ECC |
| Fan  Temp   Perf          Pwr:Usage/Cap |           Memory-Usage | GPU-Util  Compute M. |
|                                         |                        |               MIG M. |
|=========================================+========================+======================|
|   0  NVIDIA L40S                    On  |   00000000:0D:00.0 Off |                    0 |
| N/A   39C    P0             40W /  350W |     503MiB /  46068MiB |      0%      Default |
|                                         |                        |                  N/A |
+-----------------------------------------+------------------------+----------------------+
                                                                                         
+-----------------------------------------------------------------------------------------+
| Processes:                                                                              |
|  GPU   GI   CI        PID   Type   Process name                              GPU Memory |
|        ID   ID                                                               Usage      |
|=========================================================================================|
|    0   N/A  N/A   2093355      C   python3                                       494MiB |
+-----------------------------------------------------------------------------------------+
CUDA verified: NVIDIA L40S; tensor dot product=8.0
GPU startup: NVIDIA L40S, 533, 46068, 0
Loaded train=6026, valid=754; reserved test set is not loaded
epoch=1 loss=1.301043 validation_macro_fmax=0.102826 valid_micro_fmax=0.010654
epoch=2 loss=1.250709 validation_macro_fmax=0.106748 valid_micro_fmax=0.010819
epoch=3 loss=1.213050 validation_macro_fmax=0.117297 valid_micro_fmax=0.011204
epoch=4 loss=1.180579 validation_macro_fmax=0.122711 valid_micro_fmax=0.012095
epoch=5 loss=1.148576 validation_macro_fmax=0.124593 valid_micro_fmax=0.012925
epoch=6 loss=1.128822 validation_macro_fmax=0.131065 valid_micro_fmax=0.014294
epoch=7 loss=1.106325 validation_macro_fmax=0.132143 valid_micro_fmax=0.016433
epoch=8 loss=1.102901 validation_macro_fmax=0.135486 valid_micro_fmax=0.018827
epoch=9 loss=1.070998 validation_macro_fmax=0.133951 valid_micro_fmax=0.019213
epoch=10 loss=1.052024 validation_macro_fmax=0.146175 valid_micro_fmax=0.023466
epoch=11 loss=1.035442 validation_macro_fmax=0.148127 valid_micro_fmax=0.029560
epoch=12 loss=1.021177 validation_macro_fmax=0.154170 valid_micro_fmax=0.029274
epoch=13 loss=1.007588 validation_macro_fmax=0.154993 valid_micro_fmax=0.035547
epoch=14 loss=0.997197 validation_macro_fmax=0.160489 valid_micro_fmax=0.042852
epoch=15 loss=0.981899 validation_macro_fmax=0.157655 valid_micro_fmax=0.045617
epoch=16 loss=0.968310 validation_macro_fmax=0.161346 valid_micro_fmax=0.056568
epoch=17 loss=0.956257 validation_macro_fmax=0.167331 valid_micro_fmax=0.065577
epoch=18 loss=0.945703 validation_macro_fmax=0.169031 valid_micro_fmax=0.075875
epoch=19 loss=0.933672 validation_macro_fmax=0.170014 valid_micro_fmax=0.082402
epoch=20 loss=0.923465 validation_macro_fmax=0.170829 valid_micro_fmax=0.079327
epoch=21 loss=0.914413 validation_macro_fmax=0.174290 valid_micro_fmax=0.095344
epoch=22 loss=0.903323 validation_macro_fmax=0.173907 valid_micro_fmax=0.094974
epoch=23 loss=0.895331 validation_macro_fmax=0.174051 valid_micro_fmax=0.098224
epoch=24 loss=0.884231 validation_macro_fmax=0.179464 valid_micro_fmax=0.099747
epoch=25 loss=0.874622 validation_macro_fmax=0.174741 valid_micro_fmax=0.101192
epoch=26 loss=0.864677 validation_macro_fmax=0.182691 valid_micro_fmax=0.116250
epoch=27 loss=0.857569 validation_macro_fmax=0.180880 valid_micro_fmax=0.111596
epoch=28 loss=0.848130 validation_macro_fmax=0.178868 valid_micro_fmax=0.109996
epoch=29 loss=0.839490 validation_macro_fmax=0.176400 valid_micro_fmax=0.109064
epoch=30 loss=0.832578 validation_macro_fmax=0.174758 valid_micro_fmax=0.115164
epoch=31 loss=0.823925 validation_macro_fmax=0.182206 valid_micro_fmax=0.130795
epoch=32 loss=0.816275 validation_macro_fmax=0.178245 valid_micro_fmax=0.129376
epoch=33 loss=0.805945 validation_macro_fmax=0.183401 valid_micro_fmax=0.143034
epoch=34 loss=0.799939 validation_macro_fmax=0.173688 valid_micro_fmax=0.125305
epoch=35 loss=0.787278 validation_macro_fmax=0.174995 valid_micro_fmax=0.135481
epoch=36 loss=0.783752 validation_macro_fmax=0.175468 valid_micro_fmax=0.137902
epoch=37 loss=0.774434 validation_macro_fmax=0.175228 valid_micro_fmax=0.144519
epoch=38 loss=0.767336 validation_macro_fmax=0.179126 valid_micro_fmax=0.147265
epoch=39 loss=0.760592 validation_macro_fmax=0.175096 valid_micro_fmax=0.143755
epoch=40 loss=0.752092 validation_macro_fmax=0.179618 valid_micro_fmax=0.144429
epoch=41 loss=0.744579 validation_macro_fmax=0.177467 valid_micro_fmax=0.142752
Early stopping after 41 epochs (patience=8)
GPU completion: NVIDIA L40S, 28243, 46068, 0
