GPU: NVIDIA L40S
CUDA tensor check: 8.0
Sun Jul 19 18:06:06 2026       
+-----------------------------------------------------------------------------------------+
| NVIDIA-SMI 560.35.03              Driver Version: 560.35.03      CUDA Version: 12.6     |
|-----------------------------------------+------------------------+----------------------+
| GPU  Name                 Persistence-M | Bus-Id          Disp.A | Volatile Uncorr. ECC |
| Fan  Temp   Perf          Pwr:Usage/Cap |           Memory-Usage | GPU-Util  Compute M. |
|                                         |                        |               MIG M. |
|=========================================+========================+======================|
|   0  NVIDIA L40S                    On  |   00000000:B5:00.0 Off |                    0 |
| N/A   44C    P0             44W /  350W |     503MiB /  46068MiB |      5%      Default |
|                                         |                        |                  N/A |
+-----------------------------------------+------------------------+----------------------+
                                                                                         
+-----------------------------------------------------------------------------------------+
| Processes:                                                                              |
|  GPU   GI   CI        PID   Type   Process name                              GPU Memory |
|        ID   ID                                                               Usage      |
|=========================================================================================|
|    0   N/A  N/A    939828      C   python3                                       494MiB |
+-----------------------------------------------------------------------------------------+
CUDA verified: NVIDIA L40S; tensor dot product=8.0
GPU startup: NVIDIA L40S, 533, 46068, 0
Loaded train=6026, valid=754; reserved test set is not loaded
epoch=1 loss=0.280697 validation_macro_fmax=0.157636 valid_micro_fmax=0.025468
epoch=2 loss=0.217869 validation_macro_fmax=0.202850 valid_micro_fmax=0.048364
epoch=3 loss=0.199477 validation_macro_fmax=0.243351 valid_micro_fmax=0.059514
epoch=4 loss=0.185941 validation_macro_fmax=0.261175 valid_micro_fmax=0.066201
epoch=5 loss=0.171178 validation_macro_fmax=0.282150 valid_micro_fmax=0.084866
epoch=6 loss=0.152714 validation_macro_fmax=0.277419 valid_micro_fmax=0.083770
epoch=7 loss=0.131443 validation_macro_fmax=0.283047 valid_micro_fmax=0.089552
epoch=8 loss=0.108897 validation_macro_fmax=0.300962 valid_micro_fmax=0.107116
epoch=9 loss=0.087211 validation_macro_fmax=0.313555 valid_micro_fmax=0.124066
epoch=10 loss=0.068133 validation_macro_fmax=0.325775 valid_micro_fmax=0.134179
epoch=11 loss=0.052460 validation_macro_fmax=0.324064 valid_micro_fmax=0.166992
epoch=12 loss=0.040198 validation_macro_fmax=0.336431 valid_micro_fmax=0.190606
epoch=13 loss=0.030873 validation_macro_fmax=0.348808 valid_micro_fmax=0.178799
epoch=14 loss=0.024035 validation_macro_fmax=0.348628 valid_micro_fmax=0.210423
epoch=15 loss=0.018854 validation_macro_fmax=0.371010 valid_micro_fmax=0.237805
epoch=16 loss=0.014997 validation_macro_fmax=0.360053 valid_micro_fmax=0.223938
epoch=17 loss=0.012151 validation_macro_fmax=0.368703 valid_micro_fmax=0.251176
epoch=18 loss=0.010092 validation_macro_fmax=0.364088 valid_micro_fmax=0.248287
epoch=19 loss=0.008458 validation_macro_fmax=0.364068 valid_micro_fmax=0.258152
epoch=20 loss=0.006921 validation_macro_fmax=0.379648 valid_micro_fmax=0.250637
epoch=21 loss=0.005756 validation_macro_fmax=0.362609 valid_micro_fmax=0.254698
epoch=22 loss=0.004896 validation_macro_fmax=0.371639 valid_micro_fmax=0.264904
epoch=23 loss=0.004249 validation_macro_fmax=0.371394 valid_micro_fmax=0.275132
epoch=24 loss=0.003634 validation_macro_fmax=0.382919 valid_micro_fmax=0.263467
epoch=25 loss=0.003230 validation_macro_fmax=0.368371 valid_micro_fmax=0.268546
epoch=26 loss=0.002835 validation_macro_fmax=0.386325 valid_micro_fmax=0.274502
epoch=27 loss=0.002555 validation_macro_fmax=0.371297 valid_micro_fmax=0.280849
epoch=28 loss=0.002399 validation_macro_fmax=0.371618 valid_micro_fmax=0.273836
epoch=29 loss=0.001935 validation_macro_fmax=0.354253 valid_micro_fmax=0.275544
epoch=30 loss=0.001702 validation_macro_fmax=0.379746 valid_micro_fmax=0.295298
epoch=31 loss=0.001737 validation_macro_fmax=0.355856 valid_micro_fmax=0.298384
epoch=32 loss=0.001478 validation_macro_fmax=0.379247 valid_micro_fmax=0.281949
epoch=33 loss=0.001412 validation_macro_fmax=0.367063 valid_micro_fmax=0.300789
epoch=34 loss=0.001234 validation_macro_fmax=0.370530 valid_micro_fmax=0.292520
epoch=35 loss=0.000985 validation_macro_fmax=0.371106 valid_micro_fmax=0.291821
Early stopping after 35 epochs (patience=9)
GPU completion: NVIDIA L40S, 45025, 46068, 0
