GPU: NVIDIA L40S
CUDA tensor check: 8.0
Sun Jul 19 23:25:53 2026       
+-----------------------------------------------------------------------------------------+
| NVIDIA-SMI 560.35.03              Driver Version: 560.35.03      CUDA Version: 12.6     |
|-----------------------------------------+------------------------+----------------------+
| GPU  Name                 Persistence-M | Bus-Id          Disp.A | Volatile Uncorr. ECC |
| Fan  Temp   Perf          Pwr:Usage/Cap |           Memory-Usage | GPU-Util  Compute M. |
|                                         |                        |               MIG M. |
|=========================================+========================+======================|
|   0  NVIDIA L40S                    On  |   00000000:B5:00.0 Off |                    0 |
| N/A   51C    P0             46W /  350W |     503MiB /  46068MiB |      0%      Default |
|                                         |                        |                  N/A |
+-----------------------------------------+------------------------+----------------------+
                                                                                         
+-----------------------------------------------------------------------------------------+
| Processes:                                                                              |
|  GPU   GI   CI        PID   Type   Process name                              GPU Memory |
|        ID   ID                                                               Usage      |
|=========================================================================================|
|    0   N/A  N/A   1627242      C   python3                                       494MiB |
+-----------------------------------------------------------------------------------------+
CUDA verified: NVIDIA L40S; tensor dot product=8.0
GPU startup: NVIDIA L40S, 533, 46068, 0
Loaded train=6026, valid=754; reserved test set is not loaded
epoch=1 loss=0.219555 validation_macro_fmax=0.252111 valid_micro_fmax=0.063355
epoch=2 loss=0.111804 validation_macro_fmax=0.327880 valid_micro_fmax=0.100295
epoch=3 loss=0.061774 validation_macro_fmax=0.291277 valid_micro_fmax=0.107888
epoch=4 loss=0.048197 validation_macro_fmax=0.307958 valid_micro_fmax=0.128906
epoch=5 loss=0.037685 validation_macro_fmax=0.338106 valid_micro_fmax=0.180760
epoch=6 loss=0.037806 validation_macro_fmax=0.329476 valid_micro_fmax=0.145404
epoch=7 loss=0.030012 validation_macro_fmax=0.333332 valid_micro_fmax=0.198787
epoch=8 loss=0.024531 validation_macro_fmax=0.332661 valid_micro_fmax=0.214978
epoch=9 loss=0.019635 validation_macro_fmax=0.344542 valid_micro_fmax=0.264546
epoch=10 loss=0.017102 validation_macro_fmax=0.355965 valid_micro_fmax=0.257318
epoch=11 loss=0.018854 validation_macro_fmax=0.334022 valid_micro_fmax=0.177184
epoch=12 loss=0.041179 validation_macro_fmax=0.328646 valid_micro_fmax=0.173243
epoch=13 loss=0.021377 validation_macro_fmax=0.359389 valid_micro_fmax=0.219082
epoch=14 loss=0.016097 validation_macro_fmax=0.319708 valid_micro_fmax=0.224360
epoch=15 loss=0.019874 validation_macro_fmax=0.351313 valid_micro_fmax=0.205976
epoch=16 loss=0.014158 validation_macro_fmax=0.371532 valid_micro_fmax=0.233857
epoch=17 loss=0.013338 validation_macro_fmax=0.308154 valid_micro_fmax=0.247390
epoch=18 loss=0.012872 validation_macro_fmax=0.327678 valid_micro_fmax=0.258814
epoch=19 loss=0.010270 validation_macro_fmax=0.357264 valid_micro_fmax=0.261254
epoch=20 loss=0.014346 validation_macro_fmax=0.305328 valid_micro_fmax=0.184555
epoch=21 loss=0.026167 validation_macro_fmax=0.325753 valid_micro_fmax=0.200413
epoch=22 loss=0.017850 validation_macro_fmax=0.353219 valid_micro_fmax=0.202509
epoch=23 loss=0.013113 validation_macro_fmax=0.362073 valid_micro_fmax=0.267392
epoch=24 loss=0.013371 validation_macro_fmax=0.350206 valid_micro_fmax=0.230051
Early stopping after 24 epochs (patience=8)
GPU completion: NVIDIA L40S, 8879, 46068, 0
