GPU: NVIDIA L40S
CUDA tensor check: 8.0
Thu Jul 16 21:58:04 2026       
+-----------------------------------------------------------------------------------------+
| NVIDIA-SMI 560.35.03              Driver Version: 560.35.03      CUDA Version: 12.6     |
|-----------------------------------------+------------------------+----------------------+
| GPU  Name                 Persistence-M | Bus-Id          Disp.A | Volatile Uncorr. ECC |
| Fan  Temp   Perf          Pwr:Usage/Cap |           Memory-Usage | GPU-Util  Compute M. |
|                                         |                        |               MIG M. |
|=========================================+========================+======================|
|   0  NVIDIA L40S                    On  |   00000000:B5:00.0 Off |                    0 |
| N/A   36C    P0             36W /  350W |     503MiB /  46068MiB |      0%      Default |
|                                         |                        |                  N/A |
+-----------------------------------------+------------------------+----------------------+
                                                                                         
+-----------------------------------------------------------------------------------------+
| Processes:                                                                              |
|  GPU   GI   CI        PID   Type   Process name                              GPU Memory |
|        ID   ID                                                               Usage      |
|=========================================================================================|
|    0   N/A  N/A   1567211      C   python3                                       494MiB |
+-----------------------------------------------------------------------------------------+
CUDA verified: NVIDIA L40S; tensor dot product=8.0
GPU startup: NVIDIA L40S, 533, 46068, 0
Loaded train=6026, valid=754; reserved test set is not loaded
epoch=1 loss=0.855697 validation_macro_fmax=0.296921 valid_micro_fmax=0.282894
epoch=2 loss=0.504006 validation_macro_fmax=0.317423 valid_micro_fmax=0.364652
epoch=3 loss=0.238075 validation_macro_fmax=0.301242 valid_micro_fmax=0.397295
epoch=4 loss=0.121989 validation_macro_fmax=0.320410 valid_micro_fmax=0.419136
epoch=5 loss=0.077004 validation_macro_fmax=0.337101 valid_micro_fmax=0.422346
epoch=6 loss=0.049075 validation_macro_fmax=0.295711 valid_micro_fmax=0.404042
epoch=7 loss=0.036463 validation_macro_fmax=0.326279 valid_micro_fmax=0.430247
epoch=8 loss=0.029991 validation_macro_fmax=0.321830 valid_micro_fmax=0.417115
epoch=9 loss=0.021084 validation_macro_fmax=0.317240 valid_micro_fmax=0.441418
epoch=10 loss=0.019256 validation_macro_fmax=0.322064 valid_micro_fmax=0.430751
epoch=11 loss=0.014369 validation_macro_fmax=0.319977 valid_micro_fmax=0.437697
epoch=12 loss=0.013198 validation_macro_fmax=0.309096 valid_micro_fmax=0.431089
epoch=13 loss=0.015652 validation_macro_fmax=0.314340 valid_micro_fmax=0.455063
Early stopping after 13 epochs (patience=8)
GPU completion: NVIDIA L40S, 32075, 46068, 0
