GPU: NVIDIA L40S
CUDA tensor check: 8.0
Thu Jul 16 19:47:14 2026       
+-----------------------------------------------------------------------------------------+
| NVIDIA-SMI 560.35.03              Driver Version: 560.35.03      CUDA Version: 12.6     |
|-----------------------------------------+------------------------+----------------------+
| GPU  Name                 Persistence-M | Bus-Id          Disp.A | Volatile Uncorr. ECC |
| Fan  Temp   Perf          Pwr:Usage/Cap |           Memory-Usage | GPU-Util  Compute M. |
|                                         |                        |               MIG M. |
|=========================================+========================+======================|
|   0  NVIDIA L40S                    On  |   00000000:B5:00.0 Off |                    0 |
| N/A   37C    P0             36W /  350W |     503MiB /  46068MiB |      0%      Default |
|                                         |                        |                  N/A |
+-----------------------------------------+------------------------+----------------------+
                                                                                         
+-----------------------------------------------------------------------------------------+
| Processes:                                                                              |
|  GPU   GI   CI        PID   Type   Process name                              GPU Memory |
|        ID   ID                                                               Usage      |
|=========================================================================================|
|    0   N/A  N/A   1511695      C   python3                                       494MiB |
+-----------------------------------------------------------------------------------------+
CUDA verified: NVIDIA L40S; tensor dot product=8.0
GPU startup: NVIDIA L40S, 533, 46068, 0
Loaded train=6026, valid=754; reserved test set is not loaded
epoch=1 loss=0.610040 validation_macro_fmax=0.234250 valid_micro_fmax=0.100233
epoch=2 loss=0.499812 validation_macro_fmax=0.239490 valid_micro_fmax=0.124328
epoch=3 loss=0.451983 validation_macro_fmax=0.255143 valid_micro_fmax=0.166885
epoch=4 loss=0.422413 validation_macro_fmax=0.253009 valid_micro_fmax=0.187449
epoch=5 loss=0.399085 validation_macro_fmax=0.269933 valid_micro_fmax=0.201414
epoch=6 loss=0.379336 validation_macro_fmax=0.261845 valid_micro_fmax=0.224963
epoch=7 loss=0.358971 validation_macro_fmax=0.273909 valid_micro_fmax=0.262652
epoch=8 loss=0.339868 validation_macro_fmax=0.267926 valid_micro_fmax=0.288681
epoch=9 loss=0.317472 validation_macro_fmax=0.263835 valid_micro_fmax=0.308525
epoch=10 loss=0.295044 validation_macro_fmax=0.267755 valid_micro_fmax=0.331596
epoch=11 loss=0.274690 validation_macro_fmax=0.259503 valid_micro_fmax=0.314976
epoch=12 loss=0.248322 validation_macro_fmax=0.263858 valid_micro_fmax=0.349538
epoch=13 loss=0.225353 validation_macro_fmax=0.260854 valid_micro_fmax=0.358378
epoch=14 loss=0.202327 validation_macro_fmax=0.253130 valid_micro_fmax=0.378854
epoch=15 loss=0.182791 validation_macro_fmax=0.255378 valid_micro_fmax=0.395816
epoch=16 loss=0.163757 validation_macro_fmax=0.268304 valid_micro_fmax=0.407397
Early stopping after 16 epochs (patience=9)
GPU completion: NVIDIA L40S, 20395, 46068, 0
