GPU: NVIDIA L40S
CUDA tensor check: 8.0
Wed Jul 15 20:01:31 2026       
+-----------------------------------------------------------------------------------------+
| NVIDIA-SMI 560.35.03              Driver Version: 560.35.03      CUDA Version: 12.6     |
|-----------------------------------------+------------------------+----------------------+
| GPU  Name                 Persistence-M | Bus-Id          Disp.A | Volatile Uncorr. ECC |
| Fan  Temp   Perf          Pwr:Usage/Cap |           Memory-Usage | GPU-Util  Compute M. |
|                                         |                        |               MIG M. |
|=========================================+========================+======================|
|   0  NVIDIA L40S                    On  |   00000000:0D:00.0 Off |                    0 |
| N/A   36C    P0             38W /  350W |     503MiB /  46068MiB |      0%      Default |
|                                         |                        |                  N/A |
+-----------------------------------------+------------------------+----------------------+
                                                                                         
+-----------------------------------------------------------------------------------------+
| Processes:                                                                              |
|  GPU   GI   CI        PID   Type   Process name                              GPU Memory |
|        ID   ID                                                               Usage      |
|=========================================================================================|
|    0   N/A  N/A   3328070      C   python3                                       494MiB |
+-----------------------------------------------------------------------------------------+
CUDA verified: NVIDIA L40S; tensor dot product=8.0
GPU startup: NVIDIA L40S, 533, 46068, 5
Loaded train=6026, valid=754; reserved test set is not loaded
epoch=1 loss=0.361548 valid_micro_fmax=0.012559
epoch=2 loss=0.294012 valid_micro_fmax=0.014019
epoch=3 loss=0.267810 valid_micro_fmax=0.019379
epoch=4 loss=0.251468 valid_micro_fmax=0.024772
epoch=5 loss=0.240937 valid_micro_fmax=0.038962
epoch=6 loss=0.231089 valid_micro_fmax=0.045466
epoch=7 loss=0.222367 valid_micro_fmax=0.055896
epoch=8 loss=0.214987 valid_micro_fmax=0.061709
epoch=9 loss=0.207733 valid_micro_fmax=0.071129
epoch=10 loss=0.200660 valid_micro_fmax=0.087656
epoch=11 loss=0.193504 valid_micro_fmax=0.092612
epoch=12 loss=0.185518 valid_micro_fmax=0.101279
epoch=13 loss=0.177266 valid_micro_fmax=0.107961
epoch=14 loss=0.168054 valid_micro_fmax=0.120386
epoch=15 loss=0.158995 valid_micro_fmax=0.132904
epoch=16 loss=0.149518 valid_micro_fmax=0.127850
epoch=17 loss=0.138792 valid_micro_fmax=0.131920
epoch=18 loss=0.128726 valid_micro_fmax=0.148285
epoch=19 loss=0.118113 valid_micro_fmax=0.136647
epoch=20 loss=0.108649 valid_micro_fmax=0.151833
