GPU: NVIDIA L40S
CUDA tensor check: 8.0
Sun Jul 19 09:12:01 2026       
+-----------------------------------------------------------------------------------------+
| NVIDIA-SMI 560.35.03              Driver Version: 560.35.03      CUDA Version: 12.6     |
|-----------------------------------------+------------------------+----------------------+
| GPU  Name                 Persistence-M | Bus-Id          Disp.A | Volatile Uncorr. ECC |
| Fan  Temp   Perf          Pwr:Usage/Cap |           Memory-Usage | GPU-Util  Compute M. |
|                                         |                        |               MIG M. |
|=========================================+========================+======================|
|   0  NVIDIA L40S                    On  |   00000000:0D:00.0 Off |                    0 |
| N/A   49C    P0             42W /  350W |     503MiB /  46068MiB |      0%      Default |
|                                         |                        |                  N/A |
+-----------------------------------------+------------------------+----------------------+
                                                                                         
+-----------------------------------------------------------------------------------------+
| Processes:                                                                              |
|  GPU   GI   CI        PID   Type   Process name                              GPU Memory |
|        ID   ID                                                               Usage      |
|=========================================================================================|
|    0   N/A  N/A   1226823      C   python3                                       494MiB |
+-----------------------------------------------------------------------------------------+
CUDA verified: NVIDIA L40S; tensor dot product=8.0
GPU startup: NVIDIA L40S, 533, 46068, 0
Loaded train=6026, valid=754; reserved test set is not loaded
epoch=1 loss=0.885374 validation_macro_fmax=0.261443 valid_micro_fmax=0.149041
epoch=2 loss=0.685470 validation_macro_fmax=0.265371 valid_micro_fmax=0.185706
epoch=3 loss=0.523951 validation_macro_fmax=0.259828 valid_micro_fmax=0.245986
epoch=4 loss=0.337705 validation_macro_fmax=0.253338 valid_micro_fmax=0.280804
epoch=5 loss=0.198832 validation_macro_fmax=0.247855 valid_micro_fmax=0.292324
epoch=6 loss=0.125499 validation_macro_fmax=0.290161 valid_micro_fmax=0.350459
epoch=7 loss=0.086026 validation_macro_fmax=0.270997 valid_micro_fmax=0.367621
epoch=8 loss=0.060390 validation_macro_fmax=0.259583 valid_micro_fmax=0.386457
epoch=9 loss=0.045713 validation_macro_fmax=0.271315 valid_micro_fmax=0.374238
epoch=10 loss=0.038263 validation_macro_fmax=0.261336 valid_micro_fmax=0.381529
epoch=11 loss=0.033697 validation_macro_fmax=0.248374 valid_micro_fmax=0.370548
epoch=12 loss=0.032288 validation_macro_fmax=0.258800 valid_micro_fmax=0.399718
epoch=13 loss=0.078729 validation_macro_fmax=0.226555 valid_micro_fmax=0.344977
epoch=14 loss=0.044115 validation_macro_fmax=0.243021 valid_micro_fmax=0.361518
epoch=15 loss=0.028045 validation_macro_fmax=0.256200 valid_micro_fmax=0.387856
Early stopping after 15 epochs (patience=9)
GPU completion: NVIDIA L40S, 33705, 46068, 0
