GPU: NVIDIA L40S
CUDA tensor check: 8.0
Wed Jul 15 19:57:30 2026       
+-----------------------------------------------------------------------------------------+
| NVIDIA-SMI 560.35.03              Driver Version: 560.35.03      CUDA Version: 12.6     |
|-----------------------------------------+------------------------+----------------------+
| GPU  Name                 Persistence-M | Bus-Id          Disp.A | Volatile Uncorr. ECC |
| Fan  Temp   Perf          Pwr:Usage/Cap |           Memory-Usage | GPU-Util  Compute M. |
|                                         |                        |               MIG M. |
|=========================================+========================+======================|
|   0  NVIDIA L40S                    On  |   00000000:0D:00.0 Off |                    0 |
| N/A   41C    P0             40W /  350W |     503MiB /  46068MiB |      0%      Default |
|                                         |                        |                  N/A |
+-----------------------------------------+------------------------+----------------------+
                                                                                         
+-----------------------------------------------------------------------------------------+
| Processes:                                                                              |
|  GPU   GI   CI        PID   Type   Process name                              GPU Memory |
|        ID   ID                                                               Usage      |
|=========================================================================================|
|    0   N/A  N/A   3325989      C   python3                                       494MiB |
+-----------------------------------------------------------------------------------------+
CUDA verified: NVIDIA L40S; tensor dot product=8.0
GPU startup: NVIDIA L40S, 533, 46068, 0
Loaded train=6026, valid=754; reserved test set is not loaded
epoch=1 loss=0.437205 valid_micro_fmax=0.113439
epoch=2 loss=0.197435 valid_micro_fmax=0.211148
epoch=3 loss=0.089413 valid_micro_fmax=0.235924
epoch=4 loss=0.050547 valid_micro_fmax=0.256281
epoch=5 loss=0.032806 valid_micro_fmax=0.247233
epoch=6 loss=0.023237 valid_micro_fmax=0.278114
epoch=7 loss=0.020061 valid_micro_fmax=0.293655
epoch=8 loss=0.014423 valid_micro_fmax=0.279509
epoch=9 loss=0.014709 valid_micro_fmax=0.306371
epoch=10 loss=0.011794 valid_micro_fmax=0.319085
epoch=11 loss=0.011827 valid_micro_fmax=0.313411
epoch=12 loss=0.009553 valid_micro_fmax=0.306680
epoch=13 loss=0.006542 valid_micro_fmax=0.370755
epoch=14 loss=0.009166 valid_micro_fmax=0.318193
epoch=15 loss=0.006391 valid_micro_fmax=0.342982
epoch=16 loss=0.011612 valid_micro_fmax=0.273215
epoch=17 loss=0.007788 valid_micro_fmax=0.256069
epoch=18 loss=0.005085 valid_micro_fmax=0.325145
epoch=19 loss=0.004877 valid_micro_fmax=0.330645
epoch=20 loss=0.003720 valid_micro_fmax=0.288838
epoch=21 loss=0.004015 valid_micro_fmax=0.344078
epoch=22 loss=0.013086 valid_micro_fmax=0.193319
epoch=23 loss=0.007510 valid_micro_fmax=0.226764
Early stopping after 23 epochs (patience=10)
GPU completion: NVIDIA L40S, 15929, 46068, 0
