GPU: NVIDIA L40S
CUDA tensor check: 8.0
Sun Jul 19 09:32:45 2026       
+-----------------------------------------------------------------------------------------+
| NVIDIA-SMI 560.35.03              Driver Version: 560.35.03      CUDA Version: 12.6     |
|-----------------------------------------+------------------------+----------------------+
| GPU  Name                 Persistence-M | Bus-Id          Disp.A | Volatile Uncorr. ECC |
| Fan  Temp   Perf          Pwr:Usage/Cap |           Memory-Usage | GPU-Util  Compute M. |
|                                         |                        |               MIG M. |
|=========================================+========================+======================|
|   0  NVIDIA L40S                    On  |   00000000:0D:00.0 Off |                    0 |
| N/A   48C    P0             43W /  350W |     503MiB /  46068MiB |      0%      Default |
|                                         |                        |                  N/A |
+-----------------------------------------+------------------------+----------------------+
                                                                                         
+-----------------------------------------------------------------------------------------+
| Processes:                                                                              |
|  GPU   GI   CI        PID   Type   Process name                              GPU Memory |
|        ID   ID                                                               Usage      |
|=========================================================================================|
|    0   N/A  N/A    664799      C   python3                                       494MiB |
+-----------------------------------------------------------------------------------------+
CUDA verified: NVIDIA L40S; tensor dot product=8.0
GPU startup: NVIDIA L40S, 533, 46068, 0
Loaded train=6026, valid=754; reserved test set is not loaded
epoch=1 loss=1.086658 validation_macro_fmax=0.129113 valid_micro_fmax=0.025766
epoch=2 loss=0.906475 validation_macro_fmax=0.158408 valid_micro_fmax=0.040994
epoch=3 loss=0.822249 validation_macro_fmax=0.157975 valid_micro_fmax=0.058076
epoch=4 loss=0.765952 validation_macro_fmax=0.154101 valid_micro_fmax=0.068393
epoch=5 loss=0.713823 validation_macro_fmax=0.164538 valid_micro_fmax=0.103843
epoch=6 loss=0.655042 validation_macro_fmax=0.165743 valid_micro_fmax=0.101637
epoch=7 loss=0.590907 validation_macro_fmax=0.178770 valid_micro_fmax=0.114525
epoch=8 loss=0.523886 validation_macro_fmax=0.178624 valid_micro_fmax=0.123574
epoch=9 loss=0.453343 validation_macro_fmax=0.186061 valid_micro_fmax=0.126716
epoch=10 loss=0.383809 validation_macro_fmax=0.184159 valid_micro_fmax=0.134831
epoch=11 loss=0.318736 validation_macro_fmax=0.187293 valid_micro_fmax=0.142931
epoch=12 loss=0.261590 validation_macro_fmax=0.198521 valid_micro_fmax=0.154248
epoch=13 loss=0.213800 validation_macro_fmax=0.193075 valid_micro_fmax=0.152913
epoch=14 loss=0.175589 validation_macro_fmax=0.208088 valid_micro_fmax=0.156081
epoch=15 loss=0.144855 validation_macro_fmax=0.207366 valid_micro_fmax=0.166127
epoch=16 loss=0.120126 validation_macro_fmax=0.217460 valid_micro_fmax=0.176048
epoch=17 loss=0.100646 validation_macro_fmax=0.207367 valid_micro_fmax=0.165744
epoch=18 loss=0.085931 validation_macro_fmax=0.219499 valid_micro_fmax=0.197937
epoch=19 loss=0.073436 validation_macro_fmax=0.217704 valid_micro_fmax=0.191195
epoch=20 loss=0.062310 validation_macro_fmax=0.221103 valid_micro_fmax=0.212435
epoch=21 loss=0.054480 validation_macro_fmax=0.220475 valid_micro_fmax=0.201325
epoch=22 loss=0.047239 validation_macro_fmax=0.226005 valid_micro_fmax=0.212343
epoch=23 loss=0.041499 validation_macro_fmax=0.225884 valid_micro_fmax=0.204698
epoch=24 loss=0.036956 validation_macro_fmax=0.214052 valid_micro_fmax=0.219292
epoch=25 loss=0.032736 validation_macro_fmax=0.223386 valid_micro_fmax=0.228249
epoch=26 loss=0.029394 validation_macro_fmax=0.221041 valid_micro_fmax=0.232576
epoch=27 loss=0.026015 validation_macro_fmax=0.219113 valid_micro_fmax=0.239442
epoch=28 loss=0.023670 validation_macro_fmax=0.218916 valid_micro_fmax=0.232347
epoch=29 loss=0.021148 validation_macro_fmax=0.209577 valid_micro_fmax=0.245860
epoch=30 loss=0.019203 validation_macro_fmax=0.214288 valid_micro_fmax=0.235756
epoch=31 loss=0.017768 validation_macro_fmax=0.227081 valid_micro_fmax=0.256136
epoch=32 loss=0.015856 validation_macro_fmax=0.218115 valid_micro_fmax=0.256646
epoch=33 loss=0.014363 validation_macro_fmax=0.234603 valid_micro_fmax=0.257103
epoch=34 loss=0.013517 validation_macro_fmax=0.235089 valid_micro_fmax=0.252294
epoch=35 loss=0.012355 validation_macro_fmax=0.227233 valid_micro_fmax=0.251213
epoch=36 loss=0.011232 validation_macro_fmax=0.219946 valid_micro_fmax=0.249754
epoch=37 loss=0.010486 validation_macro_fmax=0.213023 valid_micro_fmax=0.260474
epoch=38 loss=0.009430 validation_macro_fmax=0.226653 valid_micro_fmax=0.255601
epoch=39 loss=0.008722 validation_macro_fmax=0.215943 valid_micro_fmax=0.249275
epoch=40 loss=0.008330 validation_macro_fmax=0.234560 valid_micro_fmax=0.253392
epoch=41 loss=0.007543 validation_macro_fmax=0.224822 valid_micro_fmax=0.257828
epoch=42 loss=0.006583 validation_macro_fmax=0.220079 valid_micro_fmax=0.267549
epoch=43 loss=0.006333 validation_macro_fmax=0.216669 valid_micro_fmax=0.254116
Early stopping after 43 epochs (patience=9)
GPU completion: NVIDIA L40S, 10409, 46068, 0
