GPU: NVIDIA L40S
CUDA tensor check: 8.0
Wed Jul 15 20:20:47 2026       
+-----------------------------------------------------------------------------------------+
| NVIDIA-SMI 560.35.03              Driver Version: 560.35.03      CUDA Version: 12.6     |
|-----------------------------------------+------------------------+----------------------+
| GPU  Name                 Persistence-M | Bus-Id          Disp.A | Volatile Uncorr. ECC |
| Fan  Temp   Perf          Pwr:Usage/Cap |           Memory-Usage | GPU-Util  Compute M. |
|                                         |                        |               MIG M. |
|=========================================+========================+======================|
|   0  NVIDIA L40S                    On  |   00000000:B5:00.0 Off |                    0 |
| N/A   39C    P0             51W /  350W |     503MiB /  46068MiB |      0%      Default |
|                                         |                        |                  N/A |
+-----------------------------------------+------------------------+----------------------+
                                                                                         
+-----------------------------------------------------------------------------------------+
| Processes:                                                                              |
|  GPU   GI   CI        PID   Type   Process name                              GPU Memory |
|        ID   ID                                                               Usage      |
|=========================================================================================|
|    0   N/A  N/A   2541512      C   python3                                       494MiB |
+-----------------------------------------------------------------------------------------+
CUDA verified: NVIDIA L40S; tensor dot product=8.0
GPU startup: NVIDIA L40S, 533, 46068, 0
Loaded train=6026, valid=754; reserved test set is not loaded
epoch=1 loss=0.922760 valid_micro_fmax=0.199120
epoch=2 loss=0.688866 valid_micro_fmax=0.211533
epoch=3 loss=0.486295 valid_micro_fmax=0.261166
epoch=4 loss=0.279386 valid_micro_fmax=0.284708
epoch=5 loss=0.149841 valid_micro_fmax=0.371966
epoch=6 loss=0.086421 valid_micro_fmax=0.353973
epoch=7 loss=0.055274 valid_micro_fmax=0.375761
epoch=8 loss=0.039199 valid_micro_fmax=0.412382
epoch=9 loss=0.028062 valid_micro_fmax=0.399851
epoch=10 loss=0.022024 valid_micro_fmax=0.397467
epoch=11 loss=0.020396 valid_micro_fmax=0.398279
epoch=12 loss=0.015994 valid_micro_fmax=0.419371
epoch=13 loss=0.033752 valid_micro_fmax=0.354658
epoch=14 loss=0.079979 valid_micro_fmax=0.294252
epoch=15 loss=0.023846 valid_micro_fmax=0.352738
epoch=16 loss=0.014284 valid_micro_fmax=0.387827
epoch=17 loss=0.010774 valid_micro_fmax=0.380454
epoch=18 loss=0.009116 valid_micro_fmax=0.388822
epoch=19 loss=0.008742 valid_micro_fmax=0.378505
epoch=20 loss=0.006612 valid_micro_fmax=0.383312
epoch=21 loss=0.005510 valid_micro_fmax=0.405865
Early stopping after 21 epochs (patience=9)
GPU completion: NVIDIA L40S, 40537, 46068, 0
