GPU: NVIDIA L40S
CUDA tensor check: 8.0
Sun Jul 19 10:04:10 2026       
+-----------------------------------------------------------------------------------------+
| NVIDIA-SMI 560.35.03              Driver Version: 560.35.03      CUDA Version: 12.6     |
|-----------------------------------------+------------------------+----------------------+
| GPU  Name                 Persistence-M | Bus-Id          Disp.A | Volatile Uncorr. ECC |
| Fan  Temp   Perf          Pwr:Usage/Cap |           Memory-Usage | GPU-Util  Compute M. |
|                                         |                        |               MIG M. |
|=========================================+========================+======================|
|   0  NVIDIA L40S                    On  |   00000000:B5:00.0 Off |                    0 |
| N/A   55C    P0             48W /  350W |     503MiB /  46068MiB |      5%      Default |
|                                         |                        |                  N/A |
+-----------------------------------------+------------------------+----------------------+
                                                                                         
+-----------------------------------------------------------------------------------------+
| Processes:                                                                              |
|  GPU   GI   CI        PID   Type   Process name                              GPU Memory |
|        ID   ID                                                               Usage      |
|=========================================================================================|
|    0   N/A  N/A    686935      C   python3                                       494MiB |
+-----------------------------------------------------------------------------------------+
CUDA verified: NVIDIA L40S; tensor dot product=8.0
GPU startup: NVIDIA L40S, 533, 46068, 1
Loaded train=6026, valid=754; reserved test set is not loaded
epoch=1 loss=0.272153 validation_macro_fmax=0.275323 valid_micro_fmax=0.158838
epoch=2 loss=0.146949 validation_macro_fmax=0.260715 valid_micro_fmax=0.229279
epoch=3 loss=0.089065 validation_macro_fmax=0.240051 valid_micro_fmax=0.304003
epoch=4 loss=0.066449 validation_macro_fmax=0.245788 valid_micro_fmax=0.259446
epoch=5 loss=0.045033 validation_macro_fmax=0.257826 valid_micro_fmax=0.319748
epoch=6 loss=0.040365 validation_macro_fmax=0.266984 valid_micro_fmax=0.342851
epoch=7 loss=0.032544 validation_macro_fmax=0.277419 valid_micro_fmax=0.349649
epoch=8 loss=0.027392 validation_macro_fmax=0.269782 valid_micro_fmax=0.344215
epoch=9 loss=0.024692 validation_macro_fmax=0.293820 valid_micro_fmax=0.323641
epoch=10 loss=0.022018 validation_macro_fmax=0.295646 valid_micro_fmax=0.341403
epoch=11 loss=0.019505 validation_macro_fmax=0.266638 valid_micro_fmax=0.350895
epoch=12 loss=0.019887 validation_macro_fmax=0.259217 valid_micro_fmax=0.365953
epoch=13 loss=0.018794 validation_macro_fmax=0.255162 valid_micro_fmax=0.369553
epoch=14 loss=0.018308 validation_macro_fmax=0.255841 valid_micro_fmax=0.360699
epoch=15 loss=0.014983 validation_macro_fmax=0.247985 valid_micro_fmax=0.364079
epoch=16 loss=0.014318 validation_macro_fmax=0.255802 valid_micro_fmax=0.366112
epoch=17 loss=0.019731 validation_macro_fmax=0.267608 valid_micro_fmax=0.360875
epoch=18 loss=0.017574 validation_macro_fmax=0.263389 valid_micro_fmax=0.329123
epoch=19 loss=0.015655 validation_macro_fmax=0.245762 valid_micro_fmax=0.361241
epoch=20 loss=0.015024 validation_macro_fmax=0.242008 valid_micro_fmax=0.357112
Early stopping after 20 epochs (patience=10)
GPU completion: NVIDIA L40S, 35149, 46068, 0
