GPU: NVIDIA L40S
CUDA tensor check: 8.0
Sun Jul 19 10:07:43 2026       
+-----------------------------------------------------------------------------------------+
| NVIDIA-SMI 560.35.03              Driver Version: 560.35.03      CUDA Version: 12.6     |
|-----------------------------------------+------------------------+----------------------+
| GPU  Name                 Persistence-M | Bus-Id          Disp.A | Volatile Uncorr. ECC |
| Fan  Temp   Perf          Pwr:Usage/Cap |           Memory-Usage | GPU-Util  Compute M. |
|                                         |                        |               MIG M. |
|=========================================+========================+======================|
|   0  NVIDIA L40S                    On  |   00000000:B5:00.0 Off |                    0 |
| N/A   55C    P0             49W /  350W |     503MiB /  46068MiB |      0%      Default |
|                                         |                        |                  N/A |
+-----------------------------------------+------------------------+----------------------+
                                                                                         
+-----------------------------------------------------------------------------------------+
| Processes:                                                                              |
|  GPU   GI   CI        PID   Type   Process name                              GPU Memory |
|        ID   ID                                                               Usage      |
|=========================================================================================|
|    0   N/A  N/A    689563      C   python3                                       494MiB |
+-----------------------------------------------------------------------------------------+
CUDA verified: NVIDIA L40S; tensor dot product=8.0
GPU startup: NVIDIA L40S, 533, 46068, 0
Loaded train=6026, valid=754; reserved test set is not loaded
epoch=1 loss=0.367456 validation_macro_fmax=0.251745 valid_micro_fmax=0.229833
epoch=2 loss=0.163356 validation_macro_fmax=0.253490 valid_micro_fmax=0.287082
epoch=3 loss=0.103808 validation_macro_fmax=0.257145 valid_micro_fmax=0.309027
epoch=4 loss=0.067355 validation_macro_fmax=0.253561 valid_micro_fmax=0.284476
epoch=5 loss=0.068348 validation_macro_fmax=0.250330 valid_micro_fmax=0.292326
epoch=6 loss=0.052317 validation_macro_fmax=0.254332 valid_micro_fmax=0.294775
epoch=7 loss=0.040926 validation_macro_fmax=0.253704 valid_micro_fmax=0.315949
epoch=8 loss=0.041262 validation_macro_fmax=0.256446 valid_micro_fmax=0.334610
epoch=9 loss=0.033836 validation_macro_fmax=0.237474 valid_micro_fmax=0.337900
epoch=10 loss=0.028588 validation_macro_fmax=0.242876 valid_micro_fmax=0.350391
epoch=11 loss=0.024575 validation_macro_fmax=0.247337 valid_micro_fmax=0.361870
epoch=12 loss=0.027323 validation_macro_fmax=0.253768 valid_micro_fmax=0.349800
epoch=13 loss=0.031534 validation_macro_fmax=0.242641 valid_micro_fmax=0.343250
Early stopping after 13 epochs (patience=10)
GPU completion: NVIDIA L40S, 19297, 46068, 0
