GPU: NVIDIA L40S
CUDA tensor check: 8.0
Thu Jul 16 23:41:16 2026       
+-----------------------------------------------------------------------------------------+
| NVIDIA-SMI 560.35.03              Driver Version: 560.35.03      CUDA Version: 12.6     |
|-----------------------------------------+------------------------+----------------------+
| GPU  Name                 Persistence-M | Bus-Id          Disp.A | Volatile Uncorr. ECC |
| Fan  Temp   Perf          Pwr:Usage/Cap |           Memory-Usage | GPU-Util  Compute M. |
|                                         |                        |               MIG M. |
|=========================================+========================+======================|
|   0  NVIDIA L40S                    On  |   00000000:0D:00.0 Off |                    0 |
| N/A   50C    P0             41W /  350W |     503MiB /  46068MiB |      1%      Default |
|                                         |                        |                  N/A |
+-----------------------------------------+------------------------+----------------------+
                                                                                         
+-----------------------------------------------------------------------------------------+
| Processes:                                                                              |
|  GPU   GI   CI        PID   Type   Process name                              GPU Memory |
|        ID   ID                                                               Usage      |
|=========================================================================================|
|    0   N/A  N/A   1617869      C   python3                                       494MiB |
+-----------------------------------------------------------------------------------------+
CUDA verified: NVIDIA L40S; tensor dot product=8.0
GPU startup: NVIDIA L40S, 533, 46068, 1
Loaded train=6026, valid=754; reserved test set is not loaded
epoch=1 loss=0.411271 validation_macro_fmax=0.310629 valid_micro_fmax=0.343532
epoch=2 loss=0.158889 validation_macro_fmax=0.325121 valid_micro_fmax=0.412484
epoch=3 loss=0.074682 validation_macro_fmax=0.329703 valid_micro_fmax=0.427021
epoch=4 loss=0.049434 validation_macro_fmax=0.312202 valid_micro_fmax=0.428982
epoch=5 loss=0.034504 validation_macro_fmax=0.318187 valid_micro_fmax=0.466040
epoch=6 loss=0.027849 validation_macro_fmax=0.318615 valid_micro_fmax=0.456068
epoch=7 loss=0.025529 validation_macro_fmax=0.344796 valid_micro_fmax=0.454359
epoch=8 loss=0.020899 validation_macro_fmax=0.356362 valid_micro_fmax=0.452444
epoch=9 loss=0.019813 validation_macro_fmax=0.366558 valid_micro_fmax=0.469391
epoch=10 loss=0.015030 validation_macro_fmax=0.290638 valid_micro_fmax=0.448125
epoch=11 loss=0.013199 validation_macro_fmax=0.285362 valid_micro_fmax=0.410298
epoch=12 loss=0.012006 validation_macro_fmax=0.272385 valid_micro_fmax=0.413841
epoch=13 loss=0.010194 validation_macro_fmax=0.346068 valid_micro_fmax=0.461609
epoch=14 loss=0.014058 validation_macro_fmax=0.319364 valid_micro_fmax=0.413562
epoch=15 loss=0.012947 validation_macro_fmax=0.327405 valid_micro_fmax=0.429064
epoch=16 loss=0.009557 validation_macro_fmax=0.289590 valid_micro_fmax=0.414856
epoch=17 loss=0.007784 validation_macro_fmax=0.353309 valid_micro_fmax=0.474012
epoch=18 loss=0.007955 validation_macro_fmax=0.319324 valid_micro_fmax=0.452519
epoch=19 loss=0.013214 validation_macro_fmax=0.344056 valid_micro_fmax=0.429480
Early stopping after 19 epochs (patience=10)
GPU completion: NVIDIA L40S, 16943, 46068, 0
