GPU: NVIDIA L40S
CUDA tensor check: 8.0
Sun Jul 19 21:30:36 2026       
+-----------------------------------------------------------------------------------------+
| NVIDIA-SMI 560.35.03              Driver Version: 560.35.03      CUDA Version: 12.6     |
|-----------------------------------------+------------------------+----------------------+
| GPU  Name                 Persistence-M | Bus-Id          Disp.A | Volatile Uncorr. ECC |
| Fan  Temp   Perf          Pwr:Usage/Cap |           Memory-Usage | GPU-Util  Compute M. |
|                                         |                        |               MIG M. |
|=========================================+========================+======================|
|   0  NVIDIA L40S                    On  |   00000000:B5:00.0 Off |                    0 |
| N/A   48C    P0             40W /  350W |     503MiB /  46068MiB |      1%      Default |
|                                         |                        |                  N/A |
+-----------------------------------------+------------------------+----------------------+
                                                                                         
+-----------------------------------------------------------------------------------------+
| Processes:                                                                              |
|  GPU   GI   CI        PID   Type   Process name                              GPU Memory |
|        ID   ID                                                               Usage      |
|=========================================================================================|
|    0   N/A  N/A   1581332      C   python3                                       494MiB |
+-----------------------------------------------------------------------------------------+
CUDA verified: NVIDIA L40S; tensor dot product=8.0
GPU startup: NVIDIA L40S, 533, 46068, 0
Loaded train=6026, valid=754; reserved test set is not loaded
epoch=1 loss=0.269958 validation_macro_fmax=0.097396 valid_micro_fmax=0.014867
epoch=2 loss=0.223045 validation_macro_fmax=0.106360 valid_micro_fmax=0.015886
epoch=3 loss=0.199703 validation_macro_fmax=0.122425 valid_micro_fmax=0.017702
epoch=4 loss=0.185470 validation_macro_fmax=0.134655 valid_micro_fmax=0.019081
epoch=5 loss=0.177262 validation_macro_fmax=0.144389 valid_micro_fmax=0.021970
epoch=6 loss=0.168728 validation_macro_fmax=0.155599 valid_micro_fmax=0.024962
epoch=7 loss=0.163445 validation_macro_fmax=0.163189 valid_micro_fmax=0.024969
epoch=8 loss=0.159038 validation_macro_fmax=0.169238 valid_micro_fmax=0.028503
epoch=9 loss=0.155419 validation_macro_fmax=0.174981 valid_micro_fmax=0.031492
epoch=10 loss=0.150969 validation_macro_fmax=0.180459 valid_micro_fmax=0.036988
epoch=11 loss=0.147273 validation_macro_fmax=0.183843 valid_micro_fmax=0.037919
epoch=12 loss=0.144507 validation_macro_fmax=0.191850 valid_micro_fmax=0.040429
epoch=13 loss=0.141485 validation_macro_fmax=0.194457 valid_micro_fmax=0.042612
epoch=14 loss=0.138309 validation_macro_fmax=0.197969 valid_micro_fmax=0.045551
epoch=15 loss=0.135244 validation_macro_fmax=0.203507 valid_micro_fmax=0.052131
epoch=16 loss=0.133081 validation_macro_fmax=0.213653 valid_micro_fmax=0.055597
epoch=17 loss=0.130494 validation_macro_fmax=0.218566 valid_micro_fmax=0.058702
epoch=18 loss=0.127696 validation_macro_fmax=0.218810 valid_micro_fmax=0.064682
epoch=19 loss=0.125385 validation_macro_fmax=0.227763 valid_micro_fmax=0.065365
epoch=20 loss=0.122483 validation_macro_fmax=0.232604 valid_micro_fmax=0.068240
epoch=21 loss=0.119486 validation_macro_fmax=0.238008 valid_micro_fmax=0.075099
epoch=22 loss=0.116828 validation_macro_fmax=0.248814 valid_micro_fmax=0.076245
epoch=23 loss=0.114303 validation_macro_fmax=0.246851 valid_micro_fmax=0.076243
epoch=24 loss=0.111310 validation_macro_fmax=0.258300 valid_micro_fmax=0.076720
epoch=25 loss=0.108266 validation_macro_fmax=0.267472 valid_micro_fmax=0.082701
epoch=26 loss=0.105252 validation_macro_fmax=0.265549 valid_micro_fmax=0.078878
epoch=27 loss=0.101943 validation_macro_fmax=0.278461 valid_micro_fmax=0.086544
epoch=28 loss=0.098393 validation_macro_fmax=0.287698 valid_micro_fmax=0.088730
epoch=29 loss=0.094638 validation_macro_fmax=0.274005 valid_micro_fmax=0.090491
epoch=30 loss=0.090877 validation_macro_fmax=0.272547 valid_micro_fmax=0.089118
epoch=31 loss=0.087000 validation_macro_fmax=0.277826 valid_micro_fmax=0.091256
epoch=32 loss=0.083614 validation_macro_fmax=0.267093 valid_micro_fmax=0.090834
epoch=33 loss=0.079829 validation_macro_fmax=0.282698 valid_micro_fmax=0.096008
epoch=34 loss=0.075709 validation_macro_fmax=0.274847 valid_micro_fmax=0.100872
epoch=35 loss=0.072305 validation_macro_fmax=0.263996 valid_micro_fmax=0.104313
epoch=36 loss=0.067943 validation_macro_fmax=0.262461 valid_micro_fmax=0.112378
epoch=37 loss=0.063909 validation_macro_fmax=0.265304 valid_micro_fmax=0.109841
Early stopping after 37 epochs (patience=9)
GPU completion: NVIDIA L40S, 9537, 46068, 0
