GPU: NVIDIA L40S
CUDA tensor check: 8.0
Sun Jul 19 06:00:02 2026       
+-----------------------------------------------------------------------------------------+
| NVIDIA-SMI 560.35.03              Driver Version: 560.35.03      CUDA Version: 12.6     |
|-----------------------------------------+------------------------+----------------------+
| GPU  Name                 Persistence-M | Bus-Id          Disp.A | Volatile Uncorr. ECC |
| Fan  Temp   Perf          Pwr:Usage/Cap |           Memory-Usage | GPU-Util  Compute M. |
|                                         |                        |               MIG M. |
|=========================================+========================+======================|
|   0  NVIDIA L40S                    On  |   00000000:B5:00.0 Off |                    0 |
| N/A   54C    P0             46W /  350W |     503MiB /  46068MiB |      0%      Default |
|                                         |                        |                  N/A |
+-----------------------------------------+------------------------+----------------------+
                                                                                         
+-----------------------------------------------------------------------------------------+
| Processes:                                                                              |
|  GPU   GI   CI        PID   Type   Process name                              GPU Memory |
|        ID   ID                                                               Usage      |
|=========================================================================================|
|    0   N/A  N/A    577943      C   python3                                       494MiB |
+-----------------------------------------------------------------------------------------+
CUDA verified: NVIDIA L40S; tensor dot product=8.0
GPU startup: NVIDIA L40S, 533, 46068, 5
Loaded train=6026, valid=754; reserved test set is not loaded
epoch=1 loss=0.630068 validation_macro_fmax=0.106965 valid_micro_fmax=0.011280
epoch=2 loss=0.530601 validation_macro_fmax=0.121677 valid_micro_fmax=0.019456
epoch=3 loss=0.481280 validation_macro_fmax=0.136389 valid_micro_fmax=0.021263
epoch=4 loss=0.451475 validation_macro_fmax=0.148089 valid_micro_fmax=0.033014
epoch=5 loss=0.428887 validation_macro_fmax=0.161204 valid_micro_fmax=0.048500
epoch=6 loss=0.410326 validation_macro_fmax=0.158321 valid_micro_fmax=0.055920
epoch=7 loss=0.393272 validation_macro_fmax=0.161559 valid_micro_fmax=0.059039
epoch=8 loss=0.377451 validation_macro_fmax=0.163162 valid_micro_fmax=0.085531
epoch=9 loss=0.360324 validation_macro_fmax=0.166709 valid_micro_fmax=0.093421
epoch=10 loss=0.341513 validation_macro_fmax=0.168773 valid_micro_fmax=0.094929
epoch=11 loss=0.320755 validation_macro_fmax=0.176100 valid_micro_fmax=0.096935
epoch=12 loss=0.299286 validation_macro_fmax=0.175508 valid_micro_fmax=0.100624
epoch=13 loss=0.276366 validation_macro_fmax=0.177809 valid_micro_fmax=0.107038
epoch=14 loss=0.253526 validation_macro_fmax=0.182854 valid_micro_fmax=0.106154
epoch=15 loss=0.230046 validation_macro_fmax=0.182903 valid_micro_fmax=0.111477
epoch=16 loss=0.209147 validation_macro_fmax=0.186814 valid_micro_fmax=0.121883
epoch=17 loss=0.187820 validation_macro_fmax=0.186311 valid_micro_fmax=0.123298
epoch=18 loss=0.168519 validation_macro_fmax=0.185888 valid_micro_fmax=0.124873
epoch=19 loss=0.150993 validation_macro_fmax=0.189426 valid_micro_fmax=0.130849
epoch=20 loss=0.135331 validation_macro_fmax=0.191283 valid_micro_fmax=0.131600
epoch=21 loss=0.119799 validation_macro_fmax=0.192098 valid_micro_fmax=0.147819
epoch=22 loss=0.107097 validation_macro_fmax=0.193052 valid_micro_fmax=0.140206
epoch=23 loss=0.095743 validation_macro_fmax=0.195289 valid_micro_fmax=0.155257
epoch=24 loss=0.085850 validation_macro_fmax=0.194874 valid_micro_fmax=0.161417
epoch=25 loss=0.076508 validation_macro_fmax=0.205532 valid_micro_fmax=0.157168
epoch=26 loss=0.069565 validation_macro_fmax=0.197167 valid_micro_fmax=0.156935
epoch=27 loss=0.062560 validation_macro_fmax=0.197873 valid_micro_fmax=0.158764
epoch=28 loss=0.056547 validation_macro_fmax=0.198351 valid_micro_fmax=0.164547
epoch=29 loss=0.051048 validation_macro_fmax=0.202211 valid_micro_fmax=0.172597
epoch=30 loss=0.046128 validation_macro_fmax=0.211592 valid_micro_fmax=0.175291
epoch=31 loss=0.042520 validation_macro_fmax=0.211656 valid_micro_fmax=0.186057
epoch=32 loss=0.039317 validation_macro_fmax=0.204673 valid_micro_fmax=0.180804
epoch=33 loss=0.036046 validation_macro_fmax=0.203176 valid_micro_fmax=0.193278
epoch=34 loss=0.033957 validation_macro_fmax=0.215858 valid_micro_fmax=0.203411
epoch=35 loss=0.030834 validation_macro_fmax=0.210605 valid_micro_fmax=0.196364
epoch=36 loss=0.028792 validation_macro_fmax=0.213327 valid_micro_fmax=0.199385
epoch=37 loss=0.026696 validation_macro_fmax=0.208295 valid_micro_fmax=0.196292
epoch=38 loss=0.024874 validation_macro_fmax=0.212966 valid_micro_fmax=0.202463
epoch=39 loss=0.023244 validation_macro_fmax=0.220220 valid_micro_fmax=0.191450
epoch=40 loss=0.021558 validation_macro_fmax=0.218399 valid_micro_fmax=0.205065
epoch=41 loss=0.020262 validation_macro_fmax=0.223677 valid_micro_fmax=0.209619
epoch=42 loss=0.018989 validation_macro_fmax=0.221615 valid_micro_fmax=0.212157
epoch=43 loss=0.017869 validation_macro_fmax=0.222436 valid_micro_fmax=0.217290
epoch=44 loss=0.017031 validation_macro_fmax=0.222692 valid_micro_fmax=0.211503
epoch=45 loss=0.015869 validation_macro_fmax=0.240767 valid_micro_fmax=0.213012
epoch=46 loss=0.014706 validation_macro_fmax=0.221383 valid_micro_fmax=0.201735
epoch=47 loss=0.013946 validation_macro_fmax=0.232235 valid_micro_fmax=0.206486
epoch=48 loss=0.013591 validation_macro_fmax=0.224710 valid_micro_fmax=0.221609
epoch=49 loss=0.012458 validation_macro_fmax=0.223784 valid_micro_fmax=0.227704
epoch=50 loss=0.012271 validation_macro_fmax=0.231067 valid_micro_fmax=0.226998
epoch=51 loss=0.011433 validation_macro_fmax=0.227099 valid_micro_fmax=0.229985
epoch=52 loss=0.011009 validation_macro_fmax=0.226093 valid_micro_fmax=0.221555
epoch=53 loss=0.010307 validation_macro_fmax=0.226826 valid_micro_fmax=0.221780
epoch=54 loss=0.009983 validation_macro_fmax=0.236859 valid_micro_fmax=0.226399
Early stopping after 54 epochs (patience=9)
GPU completion: NVIDIA L40S, 10409, 46068, 0
