GPU: NVIDIA L40S
CUDA tensor check: 8.0
Sat Jul 18 21:20:13 2026       
+-----------------------------------------------------------------------------------------+
| NVIDIA-SMI 560.35.03              Driver Version: 560.35.03      CUDA Version: 12.6     |
|-----------------------------------------+------------------------+----------------------+
| GPU  Name                 Persistence-M | Bus-Id          Disp.A | Volatile Uncorr. ECC |
| Fan  Temp   Perf          Pwr:Usage/Cap |           Memory-Usage | GPU-Util  Compute M. |
|                                         |                        |               MIG M. |
|=========================================+========================+======================|
|   0  NVIDIA L40S                    On  |   00000000:0D:00.0 Off |                    0 |
| N/A   47C    P0             41W /  350W |     503MiB /  46068MiB |      0%      Default |
|                                         |                        |                  N/A |
+-----------------------------------------+------------------------+----------------------+
                                                                                         
+-----------------------------------------------------------------------------------------+
| Processes:                                                                              |
|  GPU   GI   CI        PID   Type   Process name                              GPU Memory |
|        ID   ID                                                               Usage      |
|=========================================================================================|
|    0   N/A  N/A    416568      C   python3                                       494MiB |
+-----------------------------------------------------------------------------------------+
CUDA verified: NVIDIA L40S; tensor dot product=8.0
GPU startup: NVIDIA L40S, 533, 46068, 5
Loaded train=6026, valid=754; reserved test set is not loaded
epoch=1 loss=0.969188 validation_macro_fmax=0.242346 valid_micro_fmax=0.104101
epoch=2 loss=0.670589 validation_macro_fmax=0.253373 valid_micro_fmax=0.145229
epoch=3 loss=0.421958 validation_macro_fmax=0.255293 valid_micro_fmax=0.183493
epoch=4 loss=0.241338 validation_macro_fmax=0.269300 valid_micro_fmax=0.176218
epoch=5 loss=0.150232 validation_macro_fmax=0.291823 valid_micro_fmax=0.210566
epoch=6 loss=0.105523 validation_macro_fmax=0.242910 valid_micro_fmax=0.186062
epoch=7 loss=0.080275 validation_macro_fmax=0.280994 valid_micro_fmax=0.216923
epoch=8 loss=0.063455 validation_macro_fmax=0.283758 valid_micro_fmax=0.211712
epoch=9 loss=0.052569 validation_macro_fmax=0.272511 valid_micro_fmax=0.213048
epoch=10 loss=0.042685 validation_macro_fmax=0.245722 valid_micro_fmax=0.206142
epoch=11 loss=0.033560 validation_macro_fmax=0.270227 valid_micro_fmax=0.218979
epoch=12 loss=0.033255 validation_macro_fmax=0.262210 valid_micro_fmax=0.205000
epoch=13 loss=0.030171 validation_macro_fmax=0.241761 valid_micro_fmax=0.208756
Early stopping after 13 epochs (patience=8)
GPU completion: NVIDIA L40S, 15201, 46068, 0
