GPU: NVIDIA L40S
CUDA tensor check: 8.0
Wed Jul 15 14:29:29 2026       
+-----------------------------------------------------------------------------------------+
| NVIDIA-SMI 560.35.03              Driver Version: 560.35.03      CUDA Version: 12.6     |
|-----------------------------------------+------------------------+----------------------+
| GPU  Name                 Persistence-M | Bus-Id          Disp.A | Volatile Uncorr. ECC |
| Fan  Temp   Perf          Pwr:Usage/Cap |           Memory-Usage | GPU-Util  Compute M. |
|                                         |                        |               MIG M. |
|=========================================+========================+======================|
|   0  NVIDIA L40S                    On  |   00000000:0D:00.0 Off |                    0 |
| N/A   29C    P0             44W /  350W |     503MiB /  46068MiB |      5%      Default |
|                                         |                        |                  N/A |
+-----------------------------------------+------------------------+----------------------+
                                                                                         
+-----------------------------------------------------------------------------------------+
| Processes:                                                                              |
|  GPU   GI   CI        PID   Type   Process name                              GPU Memory |
|        ID   ID                                                               Usage      |
|=========================================================================================|
|    0   N/A  N/A   3194445      C   python3                                       494MiB |
+-----------------------------------------------------------------------------------------+
CUDA verified: NVIDIA L40S; tensor dot product=8.0
GPU startup: NVIDIA L40S, 533, 46068, 1
Loaded train=6026, valid=754; reserved test set is not loaded
epoch=1 loss=0.846604 valid_micro_fmax=0.030023
epoch=2 loss=0.471818 valid_micro_fmax=0.058627
epoch=3 loss=0.316886 valid_micro_fmax=0.082563
epoch=4 loss=0.219551 valid_micro_fmax=0.091726
epoch=5 loss=0.184498 valid_micro_fmax=0.111960
epoch=6 loss=0.155488 valid_micro_fmax=0.086084
epoch=7 loss=0.134567 valid_micro_fmax=0.117249
epoch=8 loss=0.119753 valid_micro_fmax=0.110392
epoch=9 loss=0.116569 valid_micro_fmax=0.138533
epoch=10 loss=0.114020 valid_micro_fmax=0.147024
epoch=11 loss=0.096142 valid_micro_fmax=0.115506
epoch=12 loss=0.110625 valid_micro_fmax=0.126374
epoch=13 loss=0.079835 valid_micro_fmax=0.159454
epoch=14 loss=0.078673 valid_micro_fmax=0.150650
epoch=15 loss=0.076146 valid_micro_fmax=0.129760
epoch=16 loss=0.074477 valid_micro_fmax=0.172816
epoch=17 loss=0.072823 valid_micro_fmax=0.158096
epoch=18 loss=0.096600 valid_micro_fmax=0.148910
epoch=19 loss=0.074282 valid_micro_fmax=0.125812
epoch=20 loss=0.050266 valid_micro_fmax=0.177019
epoch=21 loss=0.063319 valid_micro_fmax=0.166124
epoch=22 loss=0.050684 valid_micro_fmax=0.121789
epoch=23 loss=0.081430 valid_micro_fmax=0.170407
epoch=24 loss=0.064221 valid_micro_fmax=0.176375
epoch=25 loss=0.038824 valid_micro_fmax=0.155009
epoch=26 loss=0.039901 valid_micro_fmax=0.173201
epoch=27 loss=0.039566 valid_micro_fmax=0.185227
epoch=28 loss=0.033438 valid_micro_fmax=0.166650
epoch=29 loss=0.046837 valid_micro_fmax=0.168397
epoch=30 loss=0.045861 valid_micro_fmax=0.164924
epoch=31 loss=0.034084 valid_micro_fmax=0.187458
epoch=32 loss=0.044834 valid_micro_fmax=0.191081
epoch=33 loss=0.034404 valid_micro_fmax=0.193921
epoch=34 loss=0.034437 valid_micro_fmax=0.155739
epoch=35 loss=0.029648 valid_micro_fmax=0.176157
epoch=36 loss=0.064397 valid_micro_fmax=0.201726
epoch=37 loss=0.028800 valid_micro_fmax=0.195505
epoch=38 loss=0.035177 valid_micro_fmax=0.149532
epoch=39 loss=0.069451 valid_micro_fmax=0.167200
epoch=40 loss=0.048441 valid_micro_fmax=0.165775
epoch=41 loss=0.021259 valid_micro_fmax=0.185016
epoch=42 loss=0.056127 valid_micro_fmax=0.166369
epoch=43 loss=0.056466 valid_micro_fmax=0.166408
epoch=44 loss=0.035058 valid_micro_fmax=0.127341
Early stopping after 44 epochs (patience=8)
GPU completion: NVIDIA L40S, 28987, 46068, 0
