GPU: NVIDIA L40S
CUDA tensor check: 8.0
Thu Jul 16 21:27:49 2026       
+-----------------------------------------------------------------------------------------+
| NVIDIA-SMI 560.35.03              Driver Version: 560.35.03      CUDA Version: 12.6     |
|-----------------------------------------+------------------------+----------------------+
| GPU  Name                 Persistence-M | Bus-Id          Disp.A | Volatile Uncorr. ECC |
| Fan  Temp   Perf          Pwr:Usage/Cap |           Memory-Usage | GPU-Util  Compute M. |
|                                         |                        |               MIG M. |
|=========================================+========================+======================|
|   0  NVIDIA L40S                    On  |   00000000:B5:00.0 Off |                    0 |
| N/A   42C    P0             41W /  350W |     503MiB /  46068MiB |      0%      Default |
|                                         |                        |                  N/A |
+-----------------------------------------+------------------------+----------------------+
                                                                                         
+-----------------------------------------------------------------------------------------+
| Processes:                                                                              |
|  GPU   GI   CI        PID   Type   Process name                              GPU Memory |
|        ID   ID                                                               Usage      |
|=========================================================================================|
|    0   N/A  N/A   1555797      C   python3                                       494MiB |
+-----------------------------------------------------------------------------------------+
CUDA verified: NVIDIA L40S; tensor dot product=8.0
GPU startup: NVIDIA L40S, 533, 46068, 5
Loaded train=6026, valid=754; reserved test set is not loaded
epoch=1 loss=0.860198 validation_macro_fmax=0.309405 valid_micro_fmax=0.291172
epoch=2 loss=0.544432 validation_macro_fmax=0.297556 valid_micro_fmax=0.285649
epoch=3 loss=0.282498 validation_macro_fmax=0.333919 valid_micro_fmax=0.379985
epoch=4 loss=0.142119 validation_macro_fmax=0.303766 valid_micro_fmax=0.446189
epoch=5 loss=0.085009 validation_macro_fmax=0.317373 valid_micro_fmax=0.447230
epoch=6 loss=0.058461 validation_macro_fmax=0.284111 valid_micro_fmax=0.474734
epoch=7 loss=0.041124 validation_macro_fmax=0.310854 valid_micro_fmax=0.442374
epoch=8 loss=0.035261 validation_macro_fmax=0.272938 valid_micro_fmax=0.458026
epoch=9 loss=0.099931 validation_macro_fmax=0.321157 valid_micro_fmax=0.392254
epoch=10 loss=0.075185 validation_macro_fmax=0.329880 valid_micro_fmax=0.407332
epoch=11 loss=0.042426 validation_macro_fmax=0.323013 valid_micro_fmax=0.407249
epoch=12 loss=0.025799 validation_macro_fmax=0.333812 valid_micro_fmax=0.433227
Early stopping after 12 epochs (patience=9)
GPU completion: NVIDIA L40S, 25765, 46068, 0
