GPU: NVIDIA L40S
CUDA tensor check: 8.0
Sat Jul 18 21:13:51 2026       
+-----------------------------------------------------------------------------------------+
| NVIDIA-SMI 560.35.03              Driver Version: 560.35.03      CUDA Version: 12.6     |
|-----------------------------------------+------------------------+----------------------+
| GPU  Name                 Persistence-M | Bus-Id          Disp.A | Volatile Uncorr. ECC |
| Fan  Temp   Perf          Pwr:Usage/Cap |           Memory-Usage | GPU-Util  Compute M. |
|                                         |                        |               MIG M. |
|=========================================+========================+======================|
|   0  NVIDIA L40S                    On  |   00000000:0D:00.0 Off |                    0 |
| N/A   49C    P0             41W /  350W |     503MiB /  46068MiB |      0%      Default |
|                                         |                        |                  N/A |
+-----------------------------------------+------------------------+----------------------+
                                                                                         
+-----------------------------------------------------------------------------------------+
| Processes:                                                                              |
|  GPU   GI   CI        PID   Type   Process name                              GPU Memory |
|        ID   ID                                                               Usage      |
|=========================================================================================|
|    0   N/A  N/A    413120      C   python3                                       494MiB |
+-----------------------------------------------------------------------------------------+
CUDA verified: NVIDIA L40S; tensor dot product=8.0
GPU startup: NVIDIA L40S, 533, 46068, 1
Loaded train=6026, valid=754; reserved test set is not loaded
epoch=1 loss=0.898490 validation_macro_fmax=0.340878 valid_micro_fmax=0.121167
epoch=2 loss=0.591678 validation_macro_fmax=0.383884 valid_micro_fmax=0.180709
epoch=3 loss=0.321845 validation_macro_fmax=0.361537 valid_micro_fmax=0.221041
epoch=4 loss=0.156094 validation_macro_fmax=0.390408 valid_micro_fmax=0.247386
epoch=5 loss=0.082392 validation_macro_fmax=0.388461 valid_micro_fmax=0.299204
epoch=6 loss=0.049316 validation_macro_fmax=0.399323 valid_micro_fmax=0.297817
epoch=7 loss=0.033080 validation_macro_fmax=0.415794 valid_micro_fmax=0.286696
epoch=8 loss=0.026183 validation_macro_fmax=0.376637 valid_micro_fmax=0.308635
epoch=9 loss=0.019518 validation_macro_fmax=0.387146 valid_micro_fmax=0.291818
epoch=10 loss=0.015319 validation_macro_fmax=0.369793 valid_micro_fmax=0.306551
epoch=11 loss=0.014454 validation_macro_fmax=0.381482 valid_micro_fmax=0.295082
epoch=12 loss=0.011132 validation_macro_fmax=0.395549 valid_micro_fmax=0.312126
epoch=13 loss=0.008770 validation_macro_fmax=0.371171 valid_micro_fmax=0.312592
epoch=14 loss=0.008142 validation_macro_fmax=0.410773 valid_micro_fmax=0.321573
epoch=15 loss=0.006927 validation_macro_fmax=0.423458 valid_micro_fmax=0.305374
epoch=16 loss=0.005444 validation_macro_fmax=0.382731 valid_micro_fmax=0.316924
epoch=17 loss=0.016448 validation_macro_fmax=0.330147 valid_micro_fmax=0.262782
epoch=18 loss=0.049837 validation_macro_fmax=0.369593 valid_micro_fmax=0.279019
epoch=19 loss=0.014941 validation_macro_fmax=0.402671 valid_micro_fmax=0.269778
epoch=20 loss=0.007122 validation_macro_fmax=0.408979 valid_micro_fmax=0.299708
epoch=21 loss=0.005253 validation_macro_fmax=0.391767 valid_micro_fmax=0.298040
epoch=22 loss=0.003866 validation_macro_fmax=0.394666 valid_micro_fmax=0.301231
epoch=23 loss=0.003324 validation_macro_fmax=0.388993 valid_micro_fmax=0.316926
Early stopping after 23 epochs (patience=8)
GPU completion: NVIDIA L40S, 41595, 46068, 0
