GPU: NVIDIA L40S
CUDA tensor check: 8.0
Thu Jul 16 21:51:07 2026       
+-----------------------------------------------------------------------------------------+
| NVIDIA-SMI 560.35.03              Driver Version: 560.35.03      CUDA Version: 12.6     |
|-----------------------------------------+------------------------+----------------------+
| GPU  Name                 Persistence-M | Bus-Id          Disp.A | Volatile Uncorr. ECC |
| Fan  Temp   Perf          Pwr:Usage/Cap |           Memory-Usage | GPU-Util  Compute M. |
|                                         |                        |               MIG M. |
|=========================================+========================+======================|
|   0  NVIDIA L40S                    On  |   00000000:B5:00.0 Off |                    0 |
| N/A   41C    P0             41W /  350W |     503MiB /  46068MiB |      0%      Default |
|                                         |                        |                  N/A |
+-----------------------------------------+------------------------+----------------------+
                                                                                         
+-----------------------------------------------------------------------------------------+
| Processes:                                                                              |
|  GPU   GI   CI        PID   Type   Process name                              GPU Memory |
|        ID   ID                                                               Usage      |
|=========================================================================================|
|    0   N/A  N/A   2812933      C   python3                                       494MiB |
+-----------------------------------------------------------------------------------------+
CUDA verified: NVIDIA L40S; tensor dot product=8.0
GPU startup: NVIDIA L40S, 533, 46068, 5
Loaded train=6026, valid=754; reserved test set is not loaded
epoch=1 loss=1.175674 validation_macro_fmax=0.232950 valid_micro_fmax=0.108837
epoch=2 loss=1.004405 validation_macro_fmax=0.238651 valid_micro_fmax=0.131522
epoch=3 loss=0.925755 validation_macro_fmax=0.247328 valid_micro_fmax=0.173789
epoch=4 loss=0.867663 validation_macro_fmax=0.250749 valid_micro_fmax=0.210396
epoch=5 loss=0.831873 validation_macro_fmax=0.255145 valid_micro_fmax=0.226789
epoch=6 loss=0.805896 validation_macro_fmax=0.256989 valid_micro_fmax=0.259344
epoch=7 loss=0.772327 validation_macro_fmax=0.259513 valid_micro_fmax=0.281378
epoch=8 loss=0.752671 validation_macro_fmax=0.262740 valid_micro_fmax=0.272485
epoch=9 loss=0.733680 validation_macro_fmax=0.253960 valid_micro_fmax=0.301375
epoch=10 loss=0.714925 validation_macro_fmax=0.260625 valid_micro_fmax=0.290588
epoch=11 loss=0.697755 validation_macro_fmax=0.270608 valid_micro_fmax=0.283352
epoch=12 loss=0.683105 validation_macro_fmax=0.262630 valid_micro_fmax=0.295187
epoch=13 loss=0.668815 validation_macro_fmax=0.262053 valid_micro_fmax=0.312597
epoch=14 loss=0.652899 validation_macro_fmax=0.271019 valid_micro_fmax=0.293226
epoch=15 loss=0.636896 validation_macro_fmax=0.281519 valid_micro_fmax=0.296296
epoch=16 loss=0.620884 validation_macro_fmax=0.274080 valid_micro_fmax=0.333441
epoch=17 loss=0.603136 validation_macro_fmax=0.259703 valid_micro_fmax=0.325059
epoch=18 loss=0.587299 validation_macro_fmax=0.265947 valid_micro_fmax=0.316885
epoch=19 loss=0.568957 validation_macro_fmax=0.262155 valid_micro_fmax=0.331521
epoch=20 loss=0.552892 validation_macro_fmax=0.263514 valid_micro_fmax=0.361217
epoch=21 loss=0.535921 validation_macro_fmax=0.291202 valid_micro_fmax=0.345642
epoch=22 loss=0.515445 validation_macro_fmax=0.270467 valid_micro_fmax=0.348308
epoch=23 loss=0.495646 validation_macro_fmax=0.267885 valid_micro_fmax=0.367131
epoch=24 loss=0.476929 validation_macro_fmax=0.253130 valid_micro_fmax=0.384734
epoch=25 loss=0.459542 validation_macro_fmax=0.257573 valid_micro_fmax=0.391086
epoch=26 loss=0.439054 validation_macro_fmax=0.256143 valid_micro_fmax=0.370370
epoch=27 loss=0.417746 validation_macro_fmax=0.256303 valid_micro_fmax=0.383473
epoch=28 loss=0.401899 validation_macro_fmax=0.271379 valid_micro_fmax=0.398983
epoch=29 loss=0.382445 validation_macro_fmax=0.280265 valid_micro_fmax=0.387196
epoch=30 loss=0.364600 validation_macro_fmax=0.280937 valid_micro_fmax=0.409333
epoch=31 loss=0.343647 validation_macro_fmax=0.286820 valid_micro_fmax=0.395986
Early stopping after 31 epochs (patience=10)
GPU completion: NVIDIA L40S, 32823, 46068, 0
