GPU: NVIDIA L40S
CUDA tensor check: 8.0
Wed Jul 15 16:52:49 2026       
+-----------------------------------------------------------------------------------------+
| NVIDIA-SMI 560.35.03              Driver Version: 560.35.03      CUDA Version: 12.6     |
|-----------------------------------------+------------------------+----------------------+
| GPU  Name                 Persistence-M | Bus-Id          Disp.A | Volatile Uncorr. ECC |
| Fan  Temp   Perf          Pwr:Usage/Cap |           Memory-Usage | GPU-Util  Compute M. |
|                                         |                        |               MIG M. |
|=========================================+========================+======================|
|   0  NVIDIA L40S                    On  |   00000000:B5:00.0 Off |                    0 |
| N/A   33C    P0             45W /  350W |     503MiB /  46068MiB |      5%      Default |
|                                         |                        |                  N/A |
+-----------------------------------------+------------------------+----------------------+
                                                                                         
+-----------------------------------------------------------------------------------------+
| Processes:                                                                              |
|  GPU   GI   CI        PID   Type   Process name                              GPU Memory |
|        ID   ID                                                               Usage      |
|=========================================================================================|
|    0   N/A  N/A   2847694      C   python3                                       494MiB |
+-----------------------------------------------------------------------------------------+
CUDA verified: NVIDIA L40S; tensor dot product=8.0
GPU startup: NVIDIA L40S, 533, 46068, 5
Loaded train=6026, valid=754; reserved test set is not loaded
epoch=1 loss=1.014583 valid_micro_fmax=0.152765
epoch=2 loss=0.842881 valid_micro_fmax=0.202691
epoch=3 loss=0.780810 valid_micro_fmax=0.241803
epoch=4 loss=0.743422 valid_micro_fmax=0.259660
epoch=5 loss=0.713503 valid_micro_fmax=0.237476
epoch=6 loss=0.686599 valid_micro_fmax=0.281603
epoch=7 loss=0.658310 valid_micro_fmax=0.272412
epoch=8 loss=0.627596 valid_micro_fmax=0.285471
epoch=9 loss=0.592230 valid_micro_fmax=0.321377
epoch=10 loss=0.552200 valid_micro_fmax=0.318743
epoch=11 loss=0.508266 valid_micro_fmax=0.303836
epoch=12 loss=0.459646 valid_micro_fmax=0.330255
epoch=13 loss=0.408178 valid_micro_fmax=0.346250
epoch=14 loss=0.356698 valid_micro_fmax=0.403506
epoch=15 loss=0.305823 valid_micro_fmax=0.395384
epoch=16 loss=0.257829 valid_micro_fmax=0.413936
epoch=17 loss=0.215803 valid_micro_fmax=0.398538
epoch=18 loss=0.179347 valid_micro_fmax=0.391549
epoch=19 loss=0.149034 valid_micro_fmax=0.432362
epoch=20 loss=0.123355 valid_micro_fmax=0.414600
epoch=21 loss=0.102778 valid_micro_fmax=0.408038
epoch=22 loss=0.085600 valid_micro_fmax=0.419398
epoch=23 loss=0.072393 valid_micro_fmax=0.437727
epoch=24 loss=0.061492 valid_micro_fmax=0.445516
epoch=25 loss=0.052345 valid_micro_fmax=0.439873
epoch=26 loss=0.045498 valid_micro_fmax=0.421873
epoch=27 loss=0.039052 valid_micro_fmax=0.461358
epoch=28 loss=0.033470 valid_micro_fmax=0.439614
epoch=29 loss=0.029451 valid_micro_fmax=0.444110
epoch=30 loss=0.026820 valid_micro_fmax=0.442373
epoch=31 loss=0.023782 valid_micro_fmax=0.451873
epoch=32 loss=0.019836 valid_micro_fmax=0.457406
epoch=33 loss=0.017677 valid_micro_fmax=0.461601
epoch=34 loss=0.015862 valid_micro_fmax=0.458084
epoch=35 loss=0.014411 valid_micro_fmax=0.448681
epoch=36 loss=0.013034 valid_micro_fmax=0.445602
epoch=37 loss=0.011791 valid_micro_fmax=0.446635
epoch=38 loss=0.010483 valid_micro_fmax=0.455482
epoch=39 loss=0.008990 valid_micro_fmax=0.456278
epoch=40 loss=0.008230 valid_micro_fmax=0.448036
epoch=41 loss=0.007935 valid_micro_fmax=0.470767
epoch=42 loss=0.007104 valid_micro_fmax=0.446540
epoch=43 loss=0.007199 valid_micro_fmax=0.449525
epoch=44 loss=0.006834 valid_micro_fmax=0.458472
epoch=45 loss=0.005427 valid_micro_fmax=0.452324
epoch=46 loss=0.005023 valid_micro_fmax=0.453007
epoch=47 loss=0.004429 valid_micro_fmax=0.473065
epoch=48 loss=0.007470 valid_micro_fmax=0.488605
epoch=49 loss=0.006439 valid_micro_fmax=0.448691
epoch=50 loss=0.003975 valid_micro_fmax=0.454393
epoch=51 loss=0.003723 valid_micro_fmax=0.463638
epoch=52 loss=0.004389 valid_micro_fmax=0.464032
epoch=53 loss=0.003216 valid_micro_fmax=0.462798
epoch=54 loss=0.002931 valid_micro_fmax=0.454347
epoch=55 loss=0.002826 valid_micro_fmax=0.451660
epoch=56 loss=0.003120 valid_micro_fmax=0.475354
epoch=57 loss=0.002763 valid_micro_fmax=0.471526
Early stopping after 57 epochs (patience=9)
GPU completion: NVIDIA L40S, 21075, 46068, 97
