GPU: NVIDIA L40S
CUDA tensor check: 8.0
Sun Jul 19 03:02:19 2026       
+-----------------------------------------------------------------------------------------+
| NVIDIA-SMI 560.35.03              Driver Version: 560.35.03      CUDA Version: 12.6     |
|-----------------------------------------+------------------------+----------------------+
| GPU  Name                 Persistence-M | Bus-Id          Disp.A | Volatile Uncorr. ECC |
| Fan  Temp   Perf          Pwr:Usage/Cap |           Memory-Usage | GPU-Util  Compute M. |
|                                         |                        |               MIG M. |
|=========================================+========================+======================|
|   0  NVIDIA L40S                    On  |   00000000:0D:00.0 Off |                    0 |
| N/A   54C    P0             45W /  350W |     503MiB /  46068MiB |      0%      Default |
|                                         |                        |                  N/A |
+-----------------------------------------+------------------------+----------------------+
                                                                                         
+-----------------------------------------------------------------------------------------+
| Processes:                                                                              |
|  GPU   GI   CI        PID   Type   Process name                              GPU Memory |
|        ID   ID                                                               Usage      |
|=========================================================================================|
|    0   N/A  N/A   1068524      C   python3                                       494MiB |
+-----------------------------------------------------------------------------------------+
CUDA verified: NVIDIA L40S; tensor dot product=8.0
GPU startup: NVIDIA L40S, 533, 46068, 5
Loaded train=6026, valid=754; reserved test set is not loaded
epoch=1 loss=0.920865 validation_macro_fmax=0.338551 valid_micro_fmax=0.110961
epoch=2 loss=0.728198 validation_macro_fmax=0.370455 valid_micro_fmax=0.154284
epoch=3 loss=0.586874 validation_macro_fmax=0.388897 valid_micro_fmax=0.210413
epoch=4 loss=0.398306 validation_macro_fmax=0.388345 valid_micro_fmax=0.230549
epoch=5 loss=0.236884 validation_macro_fmax=0.379699 valid_micro_fmax=0.241696
epoch=6 loss=0.139287 validation_macro_fmax=0.369262 valid_micro_fmax=0.246645
epoch=7 loss=0.089208 validation_macro_fmax=0.361335 valid_micro_fmax=0.258309
epoch=8 loss=0.067794 validation_macro_fmax=0.390901 valid_micro_fmax=0.260486
epoch=9 loss=0.046024 validation_macro_fmax=0.386165 valid_micro_fmax=0.264211
epoch=10 loss=0.036105 validation_macro_fmax=0.379930 valid_micro_fmax=0.270019
epoch=11 loss=0.027511 validation_macro_fmax=0.383680 valid_micro_fmax=0.292750
epoch=12 loss=0.021374 validation_macro_fmax=0.381180 valid_micro_fmax=0.289195
epoch=13 loss=0.017115 validation_macro_fmax=0.375699 valid_micro_fmax=0.290632
epoch=14 loss=0.014882 validation_macro_fmax=0.383323 valid_micro_fmax=0.283476
epoch=15 loss=0.015843 validation_macro_fmax=0.356028 valid_micro_fmax=0.288331
epoch=16 loss=0.016315 validation_macro_fmax=0.394118 valid_micro_fmax=0.298929
epoch=17 loss=0.142627 validation_macro_fmax=0.383483 valid_micro_fmax=0.233503
epoch=18 loss=0.057336 validation_macro_fmax=0.370760 valid_micro_fmax=0.212432
epoch=19 loss=0.029673 validation_macro_fmax=0.387866 valid_micro_fmax=0.241311
epoch=20 loss=0.026535 validation_macro_fmax=0.400915 valid_micro_fmax=0.248900
epoch=21 loss=0.017095 validation_macro_fmax=0.387633 valid_micro_fmax=0.261273
epoch=22 loss=0.013707 validation_macro_fmax=0.391064 valid_micro_fmax=0.244679
epoch=23 loss=0.011369 validation_macro_fmax=0.387175 valid_micro_fmax=0.272064
epoch=24 loss=0.010189 validation_macro_fmax=0.389113 valid_micro_fmax=0.273296
epoch=25 loss=0.009056 validation_macro_fmax=0.387743 valid_micro_fmax=0.264511
epoch=26 loss=0.008677 validation_macro_fmax=0.382394 valid_micro_fmax=0.276781
epoch=27 loss=0.007749 validation_macro_fmax=0.379428 valid_micro_fmax=0.271090
epoch=28 loss=0.006930 validation_macro_fmax=0.390312 valid_micro_fmax=0.274897
epoch=29 loss=0.006352 validation_macro_fmax=0.374997 valid_micro_fmax=0.276746
Early stopping after 29 epochs (patience=9)
GPU completion: NVIDIA L40S, 27355, 46068, 0
