GPU: NVIDIA L40S
CUDA tensor check: 8.0
Sat Jul 18 15:55:48 2026       
+-----------------------------------------------------------------------------------------+
| NVIDIA-SMI 560.35.03              Driver Version: 560.35.03      CUDA Version: 12.6     |
|-----------------------------------------+------------------------+----------------------+
| GPU  Name                 Persistence-M | Bus-Id          Disp.A | Volatile Uncorr. ECC |
| Fan  Temp   Perf          Pwr:Usage/Cap |           Memory-Usage | GPU-Util  Compute M. |
|                                         |                        |               MIG M. |
|=========================================+========================+======================|
|   0  NVIDIA L40S                    On  |   00000000:0D:00.0 Off |                    0 |
| N/A   46C    P0             40W /  350W |     503MiB /  46068MiB |      0%      Default |
|                                         |                        |                  N/A |
+-----------------------------------------+------------------------+----------------------+
                                                                                         
+-----------------------------------------------------------------------------------------+
| Processes:                                                                              |
|  GPU   GI   CI        PID   Type   Process name                              GPU Memory |
|        ID   ID                                                               Usage      |
|=========================================================================================|
|    0   N/A  N/A    249958      C   python3                                       494MiB |
+-----------------------------------------------------------------------------------------+
CUDA verified: NVIDIA L40S; tensor dot product=8.0
GPU startup: NVIDIA L40S, 533, 46068, 5
Loaded train=6026, valid=754; reserved test set is not loaded
epoch=1 loss=1.227040 validation_macro_fmax=0.099196 valid_micro_fmax=0.035138
epoch=2 loss=1.166805 validation_macro_fmax=0.103181 valid_micro_fmax=0.032155
epoch=3 loss=1.118339 validation_macro_fmax=0.100760 valid_micro_fmax=0.041642
epoch=4 loss=1.078706 validation_macro_fmax=0.108834 valid_micro_fmax=0.038614
epoch=5 loss=1.047573 validation_macro_fmax=0.115606 valid_micro_fmax=0.040242
epoch=6 loss=1.019943 validation_macro_fmax=0.125008 valid_micro_fmax=0.033056
epoch=7 loss=0.993022 validation_macro_fmax=0.134067 valid_micro_fmax=0.035289
epoch=8 loss=0.970439 validation_macro_fmax=0.139421 valid_micro_fmax=0.036868
epoch=9 loss=0.953207 validation_macro_fmax=0.146152 valid_micro_fmax=0.038544
epoch=10 loss=0.935166 validation_macro_fmax=0.154787 valid_micro_fmax=0.041082
epoch=11 loss=0.921211 validation_macro_fmax=0.161532 valid_micro_fmax=0.043409
epoch=12 loss=0.906410 validation_macro_fmax=0.169504 valid_micro_fmax=0.041741
epoch=13 loss=0.892459 validation_macro_fmax=0.176175 valid_micro_fmax=0.042203
epoch=14 loss=0.880112 validation_macro_fmax=0.181517 valid_micro_fmax=0.044344
epoch=15 loss=0.870471 validation_macro_fmax=0.191205 valid_micro_fmax=0.049746
epoch=16 loss=0.860422 validation_macro_fmax=0.200976 valid_micro_fmax=0.048850
epoch=17 loss=0.850242 validation_macro_fmax=0.203662 valid_micro_fmax=0.051631
epoch=18 loss=0.841261 validation_macro_fmax=0.205086 valid_micro_fmax=0.057803
epoch=19 loss=0.832586 validation_macro_fmax=0.216651 valid_micro_fmax=0.061800
epoch=20 loss=0.823450 validation_macro_fmax=0.221054 valid_micro_fmax=0.059815
epoch=21 loss=0.817111 validation_macro_fmax=0.219506 valid_micro_fmax=0.062297
epoch=22 loss=0.809471 validation_macro_fmax=0.225725 valid_micro_fmax=0.065916
epoch=23 loss=0.802328 validation_macro_fmax=0.228746 valid_micro_fmax=0.061361
epoch=24 loss=0.796257 validation_macro_fmax=0.234096 valid_micro_fmax=0.069640
epoch=25 loss=0.789495 validation_macro_fmax=0.235367 valid_micro_fmax=0.072550
epoch=26 loss=0.783464 validation_macro_fmax=0.239787 valid_micro_fmax=0.068709
epoch=27 loss=0.776562 validation_macro_fmax=0.245714 valid_micro_fmax=0.074594
epoch=28 loss=0.770223 validation_macro_fmax=0.241981 valid_micro_fmax=0.075652
epoch=29 loss=0.763970 validation_macro_fmax=0.243077 valid_micro_fmax=0.081077
epoch=30 loss=0.758194 validation_macro_fmax=0.249324 valid_micro_fmax=0.087179
epoch=31 loss=0.751999 validation_macro_fmax=0.247375 valid_micro_fmax=0.080173
epoch=32 loss=0.746580 validation_macro_fmax=0.243442 valid_micro_fmax=0.081050
epoch=33 loss=0.741131 validation_macro_fmax=0.251500 valid_micro_fmax=0.095315
epoch=34 loss=0.733892 validation_macro_fmax=0.248492 valid_micro_fmax=0.088418
epoch=35 loss=0.727817 validation_macro_fmax=0.248146 valid_micro_fmax=0.090595
epoch=36 loss=0.722129 validation_macro_fmax=0.257699 valid_micro_fmax=0.094200
epoch=37 loss=0.715627 validation_macro_fmax=0.253349 valid_micro_fmax=0.092900
epoch=38 loss=0.709642 validation_macro_fmax=0.253850 valid_micro_fmax=0.097655
epoch=39 loss=0.702779 validation_macro_fmax=0.254644 valid_micro_fmax=0.097922
epoch=40 loss=0.696853 validation_macro_fmax=0.254378 valid_micro_fmax=0.101646
epoch=41 loss=0.690770 validation_macro_fmax=0.261510 valid_micro_fmax=0.103705
epoch=42 loss=0.683604 validation_macro_fmax=0.260816 valid_micro_fmax=0.110671
epoch=43 loss=0.676662 validation_macro_fmax=0.258354 valid_micro_fmax=0.101660
epoch=44 loss=0.670028 validation_macro_fmax=0.267390 valid_micro_fmax=0.106767
epoch=45 loss=0.662500 validation_macro_fmax=0.263152 valid_micro_fmax=0.121837
epoch=46 loss=0.655767 validation_macro_fmax=0.259355 valid_micro_fmax=0.111093
epoch=47 loss=0.648566 validation_macro_fmax=0.270384 valid_micro_fmax=0.117695
epoch=48 loss=0.640585 validation_macro_fmax=0.263000 valid_micro_fmax=0.123315
epoch=49 loss=0.632684 validation_macro_fmax=0.261787 valid_micro_fmax=0.105968
epoch=50 loss=0.625129 validation_macro_fmax=0.261450 valid_micro_fmax=0.109674
epoch=51 loss=0.617096 validation_macro_fmax=0.260018 valid_micro_fmax=0.121850
epoch=52 loss=0.608727 validation_macro_fmax=0.267139 valid_micro_fmax=0.126429
epoch=53 loss=0.601010 validation_macro_fmax=0.268910 valid_micro_fmax=0.115408
epoch=54 loss=0.592081 validation_macro_fmax=0.265821 valid_micro_fmax=0.132059
epoch=55 loss=0.583694 validation_macro_fmax=0.268806 valid_micro_fmax=0.129194
epoch=56 loss=0.575119 validation_macro_fmax=0.272380 valid_micro_fmax=0.129847
epoch=57 loss=0.566185 validation_macro_fmax=0.273271 valid_micro_fmax=0.133320
epoch=58 loss=0.557231 validation_macro_fmax=0.281976 valid_micro_fmax=0.147500
epoch=59 loss=0.548663 validation_macro_fmax=0.272292 valid_micro_fmax=0.137024
epoch=60 loss=0.539389 validation_macro_fmax=0.275933 valid_micro_fmax=0.138686
epoch=61 loss=0.530544 validation_macro_fmax=0.274561 valid_micro_fmax=0.135800
epoch=62 loss=0.520976 validation_macro_fmax=0.276760 valid_micro_fmax=0.129279
epoch=63 loss=0.511868 validation_macro_fmax=0.287149 valid_micro_fmax=0.144607
epoch=64 loss=0.502327 validation_macro_fmax=0.282218 valid_micro_fmax=0.144372
epoch=65 loss=0.493076 validation_macro_fmax=0.288375 valid_micro_fmax=0.147753
epoch=66 loss=0.483755 validation_macro_fmax=0.286336 valid_micro_fmax=0.145905
epoch=67 loss=0.474727 validation_macro_fmax=0.281782 valid_micro_fmax=0.156027
epoch=68 loss=0.464969 validation_macro_fmax=0.287066 valid_micro_fmax=0.150026
epoch=69 loss=0.455321 validation_macro_fmax=0.289577 valid_micro_fmax=0.145796
epoch=70 loss=0.446255 validation_macro_fmax=0.290934 valid_micro_fmax=0.150342
epoch=71 loss=0.436465 validation_macro_fmax=0.293068 valid_micro_fmax=0.143942
epoch=72 loss=0.426961 validation_macro_fmax=0.294288 valid_micro_fmax=0.153787
epoch=73 loss=0.417768 validation_macro_fmax=0.290563 valid_micro_fmax=0.156437
epoch=74 loss=0.408756 validation_macro_fmax=0.292993 valid_micro_fmax=0.150403
epoch=75 loss=0.399267 validation_macro_fmax=0.292939 valid_micro_fmax=0.159868
epoch=76 loss=0.390152 validation_macro_fmax=0.298708 valid_micro_fmax=0.157993
epoch=77 loss=0.381220 validation_macro_fmax=0.299240 valid_micro_fmax=0.159820
epoch=78 loss=0.372012 validation_macro_fmax=0.296345 valid_micro_fmax=0.151902
epoch=79 loss=0.362985 validation_macro_fmax=0.299902 valid_micro_fmax=0.159930
epoch=80 loss=0.354731 validation_macro_fmax=0.298408 valid_micro_fmax=0.152476
epoch=81 loss=0.345653 validation_macro_fmax=0.296117 valid_micro_fmax=0.160560
epoch=82 loss=0.337707 validation_macro_fmax=0.301261 valid_micro_fmax=0.160417
epoch=83 loss=0.328748 validation_macro_fmax=0.292965 valid_micro_fmax=0.160312
epoch=84 loss=0.320699 validation_macro_fmax=0.305831 valid_micro_fmax=0.160035
epoch=85 loss=0.312616 validation_macro_fmax=0.300677 valid_micro_fmax=0.165671
epoch=86 loss=0.304153 validation_macro_fmax=0.310422 valid_micro_fmax=0.162692
epoch=87 loss=0.296342 validation_macro_fmax=0.299729 valid_micro_fmax=0.160425
epoch=88 loss=0.288417 validation_macro_fmax=0.317282 valid_micro_fmax=0.156891
epoch=89 loss=0.281179 validation_macro_fmax=0.317031 valid_micro_fmax=0.168505
epoch=90 loss=0.273127 validation_macro_fmax=0.308863 valid_micro_fmax=0.164461
epoch=91 loss=0.266224 validation_macro_fmax=0.320851 valid_micro_fmax=0.166628
epoch=92 loss=0.258773 validation_macro_fmax=0.316761 valid_micro_fmax=0.172820
epoch=93 loss=0.251649 validation_macro_fmax=0.321785 valid_micro_fmax=0.173979
epoch=94 loss=0.244712 validation_macro_fmax=0.313645 valid_micro_fmax=0.177789
epoch=95 loss=0.238576 validation_macro_fmax=0.318853 valid_micro_fmax=0.172970
epoch=96 loss=0.231068 validation_macro_fmax=0.332048 valid_micro_fmax=0.177509
epoch=97 loss=0.224722 validation_macro_fmax=0.319971 valid_micro_fmax=0.181702
epoch=98 loss=0.218199 validation_macro_fmax=0.317503 valid_micro_fmax=0.179568
epoch=99 loss=0.211998 validation_macro_fmax=0.323349 valid_micro_fmax=0.177039
epoch=100 loss=0.206231 validation_macro_fmax=0.312396 valid_micro_fmax=0.187500
epoch=101 loss=0.200143 validation_macro_fmax=0.319157 valid_micro_fmax=0.182266
epoch=102 loss=0.194557 validation_macro_fmax=0.322175 valid_micro_fmax=0.191343
epoch=103 loss=0.189030 validation_macro_fmax=0.321928 valid_micro_fmax=0.189821
epoch=104 loss=0.183501 validation_macro_fmax=0.334664 valid_micro_fmax=0.188128
epoch=105 loss=0.178229 validation_macro_fmax=0.320404 valid_micro_fmax=0.182903
epoch=106 loss=0.173264 validation_macro_fmax=0.325464 valid_micro_fmax=0.199002
epoch=107 loss=0.167890 validation_macro_fmax=0.331203 valid_micro_fmax=0.191575
epoch=108 loss=0.163170 validation_macro_fmax=0.331233 valid_micro_fmax=0.197727
epoch=109 loss=0.158382 validation_macro_fmax=0.333991 valid_micro_fmax=0.194226
epoch=110 loss=0.153888 validation_macro_fmax=0.337355 valid_micro_fmax=0.202437
epoch=111 loss=0.149186 validation_macro_fmax=0.341553 valid_micro_fmax=0.206113
epoch=112 loss=0.144622 validation_macro_fmax=0.319690 valid_micro_fmax=0.200476
epoch=113 loss=0.140513 validation_macro_fmax=0.340630 valid_micro_fmax=0.208616
epoch=114 loss=0.136590 validation_macro_fmax=0.332950 valid_micro_fmax=0.208581
epoch=115 loss=0.132437 validation_macro_fmax=0.318626 valid_micro_fmax=0.208406
epoch=116 loss=0.128433 validation_macro_fmax=0.326658 valid_micro_fmax=0.204956
epoch=117 loss=0.124491 validation_macro_fmax=0.332014 valid_micro_fmax=0.206510
epoch=118 loss=0.120959 validation_macro_fmax=0.343103 valid_micro_fmax=0.219778
epoch=119 loss=0.117280 validation_macro_fmax=0.317078 valid_micro_fmax=0.209890
epoch=120 loss=0.114035 validation_macro_fmax=0.337540 valid_micro_fmax=0.204936
epoch=121 loss=0.110795 validation_macro_fmax=0.339913 valid_micro_fmax=0.211921
epoch=122 loss=0.107397 validation_macro_fmax=0.342299 valid_micro_fmax=0.216194
epoch=123 loss=0.104060 validation_macro_fmax=0.339292 valid_micro_fmax=0.208465
epoch=124 loss=0.101251 validation_macro_fmax=0.342036 valid_micro_fmax=0.214973
epoch=125 loss=0.097990 validation_macro_fmax=0.339021 valid_micro_fmax=0.215035
epoch=126 loss=0.095081 validation_macro_fmax=0.334574 valid_micro_fmax=0.218090
epoch=127 loss=0.092348 validation_macro_fmax=0.333921 valid_micro_fmax=0.208524
Early stopping after 127 epochs (patience=9)
GPU completion: NVIDIA L40S, 35843, 46068, 0
