GPU: NVIDIA L40S
CUDA tensor check: 8.0
Thu Jul 16 23:45:14 2026       
+-----------------------------------------------------------------------------------------+
| NVIDIA-SMI 560.35.03              Driver Version: 560.35.03      CUDA Version: 12.6     |
|-----------------------------------------+------------------------+----------------------+
| GPU  Name                 Persistence-M | Bus-Id          Disp.A | Volatile Uncorr. ECC |
| Fan  Temp   Perf          Pwr:Usage/Cap |           Memory-Usage | GPU-Util  Compute M. |
|                                         |                        |               MIG M. |
|=========================================+========================+======================|
|   0  NVIDIA L40S                    On  |   00000000:0D:00.0 Off |                    0 |
| N/A   50C    P0             42W /  350W |     503MiB /  46068MiB |      1%      Default |
|                                         |                        |                  N/A |
+-----------------------------------------+------------------------+----------------------+
                                                                                         
+-----------------------------------------------------------------------------------------+
| Processes:                                                                              |
|  GPU   GI   CI        PID   Type   Process name                              GPU Memory |
|        ID   ID                                                               Usage      |
|=========================================================================================|
|    0   N/A  N/A   1621172      C   python3                                       494MiB |
+-----------------------------------------------------------------------------------------+
CUDA verified: NVIDIA L40S; tensor dot product=8.0
GPU startup: NVIDIA L40S, 533, 46068, 0
Loaded train=6026, valid=754; reserved test set is not loaded
epoch=1 loss=0.219228 validation_macro_fmax=0.225808 valid_micro_fmax=0.047190
epoch=2 loss=0.114083 validation_macro_fmax=0.242670 valid_micro_fmax=0.079773
epoch=3 loss=0.072643 validation_macro_fmax=0.328812 valid_micro_fmax=0.118577
epoch=4 loss=0.052016 validation_macro_fmax=0.291263 valid_micro_fmax=0.120552
epoch=5 loss=0.038237 validation_macro_fmax=0.310970 valid_micro_fmax=0.154758
epoch=6 loss=0.033036 validation_macro_fmax=0.314476 valid_micro_fmax=0.162258
epoch=7 loss=0.029222 validation_macro_fmax=0.316824 valid_micro_fmax=0.150234
epoch=8 loss=0.029209 validation_macro_fmax=0.309837 valid_micro_fmax=0.160261
epoch=9 loss=0.033354 validation_macro_fmax=0.292681 valid_micro_fmax=0.112733
epoch=10 loss=0.022555 validation_macro_fmax=0.314820 valid_micro_fmax=0.184762
epoch=11 loss=0.025350 validation_macro_fmax=0.321387 valid_micro_fmax=0.146832
Early stopping after 11 epochs (patience=8)
GPU completion: NVIDIA L40S, 15929, 46068, 0
