GPU: NVIDIA L40S
CUDA tensor check: 8.0
Mon Jul 20 00:03:23 2026       
+-----------------------------------------------------------------------------------------+
| NVIDIA-SMI 560.35.03              Driver Version: 560.35.03      CUDA Version: 12.6     |
|-----------------------------------------+------------------------+----------------------+
| GPU  Name                 Persistence-M | Bus-Id          Disp.A | Volatile Uncorr. ECC |
| Fan  Temp   Perf          Pwr:Usage/Cap |           Memory-Usage | GPU-Util  Compute M. |
|                                         |                        |               MIG M. |
|=========================================+========================+======================|
|   0  NVIDIA L40S                    On  |   00000000:B5:00.0 Off |                    0 |
| N/A   55C    P0             47W /  350W |     503MiB /  46068MiB |      0%      Default |
|                                         |                        |                  N/A |
+-----------------------------------------+------------------------+----------------------+
                                                                                         
+-----------------------------------------------------------------------------------------+
| Processes:                                                                              |
|  GPU   GI   CI        PID   Type   Process name                              GPU Memory |
|        ID   ID                                                               Usage      |
|=========================================================================================|
|    0   N/A  N/A   1086985      C   python3                                       494MiB |
+-----------------------------------------------------------------------------------------+
CUDA verified: NVIDIA L40S; tensor dot product=8.0
GPU startup: NVIDIA L40S, 533, 46068, 0
Loaded train=6026, valid=754; reserved test set is not loaded
epoch=1 loss=0.398465 validation_macro_fmax=0.253231 valid_micro_fmax=0.065746
epoch=2 loss=0.165120 validation_macro_fmax=0.300842 valid_micro_fmax=0.095584
epoch=3 loss=0.087519 validation_macro_fmax=0.287873 valid_micro_fmax=0.123006
epoch=4 loss=0.061713 validation_macro_fmax=0.290375 valid_micro_fmax=0.130431
epoch=5 loss=0.054483 validation_macro_fmax=0.310480 valid_micro_fmax=0.176685
epoch=6 loss=0.036478 validation_macro_fmax=0.307339 valid_micro_fmax=0.165858
epoch=7 loss=0.028986 validation_macro_fmax=0.302196 valid_micro_fmax=0.193206
epoch=8 loss=0.024171 validation_macro_fmax=0.306314 valid_micro_fmax=0.205116
epoch=9 loss=0.021466 validation_macro_fmax=0.315224 valid_micro_fmax=0.234973
epoch=10 loss=0.019429 validation_macro_fmax=0.317222 valid_micro_fmax=0.212244
epoch=11 loss=0.017503 validation_macro_fmax=0.315299 valid_micro_fmax=0.243001
epoch=12 loss=0.015472 validation_macro_fmax=0.310493 valid_micro_fmax=0.195590
epoch=13 loss=0.023062 validation_macro_fmax=0.312355 valid_micro_fmax=0.213066
epoch=14 loss=0.019650 validation_macro_fmax=0.350257 valid_micro_fmax=0.245570
epoch=15 loss=0.017764 validation_macro_fmax=0.313920 valid_micro_fmax=0.234140
epoch=16 loss=0.020410 validation_macro_fmax=0.314287 valid_micro_fmax=0.212735
epoch=17 loss=0.033935 validation_macro_fmax=0.318681 valid_micro_fmax=0.178392
epoch=18 loss=0.031475 validation_macro_fmax=0.339061 valid_micro_fmax=0.221876
epoch=19 loss=0.016419 validation_macro_fmax=0.344451 valid_micro_fmax=0.258148
epoch=20 loss=0.012320 validation_macro_fmax=0.329485 valid_micro_fmax=0.276620
epoch=21 loss=0.011087 validation_macro_fmax=0.335672 valid_micro_fmax=0.279798
epoch=22 loss=0.007724 validation_macro_fmax=0.347868 valid_micro_fmax=0.309374
epoch=23 loss=0.008321 validation_macro_fmax=0.344849 valid_micro_fmax=0.309276
epoch=24 loss=0.011263 validation_macro_fmax=0.315733 valid_micro_fmax=0.264219
Early stopping after 24 epochs (patience=10)
GPU completion: NVIDIA L40S, 24469, 46068, 0
