GPU: NVIDIA L40S
CUDA tensor check: 8.0
Wed Jul 15 16:12:31 2026       
+-----------------------------------------------------------------------------------------+
| NVIDIA-SMI 560.35.03              Driver Version: 560.35.03      CUDA Version: 12.6     |
|-----------------------------------------+------------------------+----------------------+
| GPU  Name                 Persistence-M | Bus-Id          Disp.A | Volatile Uncorr. ECC |
| Fan  Temp   Perf          Pwr:Usage/Cap |           Memory-Usage | GPU-Util  Compute M. |
|                                         |                        |               MIG M. |
|=========================================+========================+======================|
|   0  NVIDIA L40S                    On  |   00000000:0D:00.0 Off |                    0 |
| N/A   39C    P0             40W /  350W |     503MiB /  46068MiB |      5%      Default |
|                                         |                        |                  N/A |
+-----------------------------------------+------------------------+----------------------+
                                                                                         
+-----------------------------------------------------------------------------------------+
| Processes:                                                                              |
|  GPU   GI   CI        PID   Type   Process name                              GPU Memory |
|        ID   ID                                                               Usage      |
|=========================================================================================|
|    0   N/A  N/A   3239405      C   python3                                       494MiB |
+-----------------------------------------------------------------------------------------+
CUDA verified: NVIDIA L40S; tensor dot product=8.0
GPU startup: NVIDIA L40S, 533, 46068, 5
Loaded train=6026, valid=754; reserved test set is not loaded
epoch=1 loss=0.399103 valid_micro_fmax=0.092020
epoch=2 loss=0.155356 valid_micro_fmax=0.195733
epoch=3 loss=0.080239 valid_micro_fmax=0.191077
epoch=4 loss=0.053568 valid_micro_fmax=0.183770
epoch=5 loss=0.038944 valid_micro_fmax=0.193232
epoch=6 loss=0.028993 valid_micro_fmax=0.212176
epoch=7 loss=0.023539 valid_micro_fmax=0.236162
epoch=8 loss=0.020302 valid_micro_fmax=0.229999
epoch=9 loss=0.015911 valid_micro_fmax=0.237735
epoch=10 loss=0.014695 valid_micro_fmax=0.209664
epoch=11 loss=0.014666 valid_micro_fmax=0.243423
epoch=12 loss=0.014009 valid_micro_fmax=0.230134
epoch=13 loss=0.017705 valid_micro_fmax=0.176663
epoch=14 loss=0.016357 valid_micro_fmax=0.252982
epoch=15 loss=0.010821 valid_micro_fmax=0.263181
epoch=16 loss=0.007880 valid_micro_fmax=0.262674
epoch=17 loss=0.006833 valid_micro_fmax=0.269897
epoch=18 loss=0.014782 valid_micro_fmax=0.216385
epoch=19 loss=0.009542 valid_micro_fmax=0.262356
epoch=20 loss=0.011471 valid_micro_fmax=0.266767
epoch=21 loss=0.008877 valid_micro_fmax=0.271652
epoch=22 loss=0.012552 valid_micro_fmax=0.209324
epoch=23 loss=0.019069 valid_micro_fmax=0.249519
epoch=24 loss=0.013880 valid_micro_fmax=0.270475
epoch=25 loss=0.008911 valid_micro_fmax=0.295623
epoch=26 loss=0.008055 valid_micro_fmax=0.270934
epoch=27 loss=0.006154 valid_micro_fmax=0.247261
epoch=28 loss=0.004880 valid_micro_fmax=0.278539
epoch=29 loss=0.007029 valid_micro_fmax=0.297233
epoch=30 loss=0.006834 valid_micro_fmax=0.288669
epoch=31 loss=0.006149 valid_micro_fmax=0.279334
epoch=32 loss=0.005234 valid_micro_fmax=0.277916
epoch=33 loss=0.012849 valid_micro_fmax=0.265353
epoch=34 loss=0.010372 valid_micro_fmax=0.260262
epoch=35 loss=0.010600 valid_micro_fmax=0.254890
epoch=36 loss=0.008092 valid_micro_fmax=0.256444
epoch=37 loss=0.004728 valid_micro_fmax=0.285601
epoch=38 loss=0.004199 valid_micro_fmax=0.283873
Early stopping after 38 epochs (patience=9)
GPU completion: NVIDIA L40S, 14875, 46068, 5
