GPU: NVIDIA L40S
CUDA tensor check: 8.0
Wed Jul 15 18:30:30 2026       
+-----------------------------------------------------------------------------------------+
| NVIDIA-SMI 560.35.03              Driver Version: 560.35.03      CUDA Version: 12.6     |
|-----------------------------------------+------------------------+----------------------+
| GPU  Name                 Persistence-M | Bus-Id          Disp.A | Volatile Uncorr. ECC |
| Fan  Temp   Perf          Pwr:Usage/Cap |           Memory-Usage | GPU-Util  Compute M. |
|                                         |                        |               MIG M. |
|=========================================+========================+======================|
|   0  NVIDIA L40S                    On  |   00000000:B5:00.0 Off |                    0 |
| N/A   48C    P0             46W /  350W |     503MiB /  46068MiB |      0%      Default |
|                                         |                        |                  N/A |
+-----------------------------------------+------------------------+----------------------+
                                                                                         
+-----------------------------------------------------------------------------------------+
| Processes:                                                                              |
|  GPU   GI   CI        PID   Type   Process name                              GPU Memory |
|        ID   ID                                                               Usage      |
|=========================================================================================|
|    0   N/A  N/A   3110996      C   python3                                       494MiB |
+-----------------------------------------------------------------------------------------+
CUDA verified: NVIDIA L40S; tensor dot product=8.0
GPU startup: NVIDIA L40S, 533, 46068, 1
Loaded train=6026, valid=754; reserved test set is not loaded
epoch=1 loss=0.271137 valid_micro_fmax=0.010503
epoch=2 loss=0.227607 valid_micro_fmax=0.010859
epoch=3 loss=0.203858 valid_micro_fmax=0.012395
epoch=4 loss=0.189361 valid_micro_fmax=0.014471
epoch=5 loss=0.180172 valid_micro_fmax=0.017742
epoch=6 loss=0.172252 valid_micro_fmax=0.020974
epoch=7 loss=0.166096 valid_micro_fmax=0.022028
epoch=8 loss=0.162106 valid_micro_fmax=0.029096
epoch=9 loss=0.157518 valid_micro_fmax=0.032219
epoch=10 loss=0.153079 valid_micro_fmax=0.036573
epoch=11 loss=0.149755 valid_micro_fmax=0.037151
epoch=12 loss=0.145902 valid_micro_fmax=0.043791
epoch=13 loss=0.142878 valid_micro_fmax=0.050456
epoch=14 loss=0.140114 valid_micro_fmax=0.057311
epoch=15 loss=0.137325 valid_micro_fmax=0.058910
epoch=16 loss=0.134386 valid_micro_fmax=0.067397
epoch=17 loss=0.131427 valid_micro_fmax=0.068433
epoch=18 loss=0.128881 valid_micro_fmax=0.066870
epoch=19 loss=0.126383 valid_micro_fmax=0.068413
epoch=20 loss=0.123524 valid_micro_fmax=0.073441
epoch=21 loss=0.121153 valid_micro_fmax=0.080148
epoch=22 loss=0.118820 valid_micro_fmax=0.083126
epoch=23 loss=0.115623 valid_micro_fmax=0.087105
epoch=24 loss=0.113187 valid_micro_fmax=0.086194
epoch=25 loss=0.109829 valid_micro_fmax=0.088989
epoch=26 loss=0.107040 valid_micro_fmax=0.088484
epoch=27 loss=0.103851 valid_micro_fmax=0.100882
epoch=28 loss=0.100769 valid_micro_fmax=0.100182
epoch=29 loss=0.097332 valid_micro_fmax=0.092681
epoch=30 loss=0.093770 valid_micro_fmax=0.100742
epoch=31 loss=0.089925 valid_micro_fmax=0.102018
epoch=32 loss=0.086751 valid_micro_fmax=0.102620
epoch=33 loss=0.082580 valid_micro_fmax=0.106967
epoch=34 loss=0.079412 valid_micro_fmax=0.109378
epoch=35 loss=0.075431 valid_micro_fmax=0.109666
epoch=36 loss=0.071554 valid_micro_fmax=0.116438
epoch=37 loss=0.067693 valid_micro_fmax=0.115938
epoch=38 loss=0.064428 valid_micro_fmax=0.121326
epoch=39 loss=0.059951 valid_micro_fmax=0.124476
epoch=40 loss=0.056880 valid_micro_fmax=0.133385
epoch=41 loss=0.053392 valid_micro_fmax=0.130471
epoch=42 loss=0.050216 valid_micro_fmax=0.132863
epoch=43 loss=0.047496 valid_micro_fmax=0.147764
epoch=44 loss=0.044050 valid_micro_fmax=0.144559
epoch=45 loss=0.041464 valid_micro_fmax=0.147271
epoch=46 loss=0.038788 valid_micro_fmax=0.157559
epoch=47 loss=0.035983 valid_micro_fmax=0.165843
epoch=48 loss=0.034080 valid_micro_fmax=0.155941
epoch=49 loss=0.031822 valid_micro_fmax=0.160250
epoch=50 loss=0.030018 valid_micro_fmax=0.166029
epoch=51 loss=0.027839 valid_micro_fmax=0.185861
epoch=52 loss=0.025944 valid_micro_fmax=0.185984
epoch=53 loss=0.024507 valid_micro_fmax=0.164268
epoch=54 loss=0.023215 valid_micro_fmax=0.178077
epoch=55 loss=0.022028 valid_micro_fmax=0.192046
epoch=56 loss=0.020381 valid_micro_fmax=0.195408
epoch=57 loss=0.019004 valid_micro_fmax=0.202487
epoch=58 loss=0.018075 valid_micro_fmax=0.204107
epoch=59 loss=0.017435 valid_micro_fmax=0.207272
epoch=60 loss=0.016180 valid_micro_fmax=0.199484
epoch=61 loss=0.015833 valid_micro_fmax=0.206931
epoch=62 loss=0.014710 valid_micro_fmax=0.201321
epoch=63 loss=0.014066 valid_micro_fmax=0.205739
epoch=64 loss=0.013489 valid_micro_fmax=0.228342
epoch=65 loss=0.012709 valid_micro_fmax=0.252681
epoch=66 loss=0.011557 valid_micro_fmax=0.245305
epoch=67 loss=0.011111 valid_micro_fmax=0.238502
epoch=68 loss=0.011479 valid_micro_fmax=0.225479
epoch=69 loss=0.010325 valid_micro_fmax=0.241445
epoch=70 loss=0.010426 valid_micro_fmax=0.224476
epoch=71 loss=0.009939 valid_micro_fmax=0.229489
epoch=72 loss=0.009236 valid_micro_fmax=0.237183
epoch=73 loss=0.008580 valid_micro_fmax=0.233774
epoch=74 loss=0.008483 valid_micro_fmax=0.253225
epoch=75 loss=0.008409 valid_micro_fmax=0.260168
epoch=76 loss=0.007457 valid_micro_fmax=0.241930
epoch=77 loss=0.008085 valid_micro_fmax=0.239524
epoch=78 loss=0.007813 valid_micro_fmax=0.236288
epoch=79 loss=0.007026 valid_micro_fmax=0.256601
epoch=80 loss=0.007470 valid_micro_fmax=0.266314
epoch=81 loss=0.006341 valid_micro_fmax=0.237601
epoch=82 loss=0.007019 valid_micro_fmax=0.255024
epoch=83 loss=0.006096 valid_micro_fmax=0.248609
epoch=84 loss=0.005779 valid_micro_fmax=0.273521
epoch=85 loss=0.005409 valid_micro_fmax=0.266037
epoch=86 loss=0.005401 valid_micro_fmax=0.259884
epoch=87 loss=0.005440 valid_micro_fmax=0.260386
epoch=88 loss=0.005255 valid_micro_fmax=0.264039
epoch=89 loss=0.005182 valid_micro_fmax=0.264051
epoch=90 loss=0.005310 valid_micro_fmax=0.262443
epoch=91 loss=0.004805 valid_micro_fmax=0.262984
epoch=92 loss=0.004740 valid_micro_fmax=0.269383
epoch=93 loss=0.004739 valid_micro_fmax=0.262445
Early stopping after 93 epochs (patience=9)
GPU completion: NVIDIA L40S, 42313, 46068, 0
