GPU: NVIDIA L40S
CUDA tensor check: 8.0
Thu Jul 16 21:12:41 2026       
+-----------------------------------------------------------------------------------------+
| NVIDIA-SMI 560.35.03              Driver Version: 560.35.03      CUDA Version: 12.6     |
|-----------------------------------------+------------------------+----------------------+
| GPU  Name                 Persistence-M | Bus-Id          Disp.A | Volatile Uncorr. ECC |
| Fan  Temp   Perf          Pwr:Usage/Cap |           Memory-Usage | GPU-Util  Compute M. |
|                                         |                        |               MIG M. |
|=========================================+========================+======================|
|   0  NVIDIA L40S                    On  |   00000000:0D:00.0 Off |                    0 |
| N/A   42C    P0             42W /  350W |     503MiB /  46068MiB |      5%      Default |
|                                         |                        |                  N/A |
+-----------------------------------------+------------------------+----------------------+
                                                                                         
+-----------------------------------------------------------------------------------------+
| Processes:                                                                              |
|  GPU   GI   CI        PID   Type   Process name                              GPU Memory |
|        ID   ID                                                               Usage      |
|=========================================================================================|
|    0   N/A  N/A    113660      C   python3                                       494MiB |
+-----------------------------------------------------------------------------------------+
CUDA verified: NVIDIA L40S; tensor dot product=8.0
GPU startup: NVIDIA L40S, 533, 46068, 4
Loaded train=6026, valid=754; reserved test set is not loaded
epoch=1 loss=0.579941 validation_macro_fmax=0.152221 valid_micro_fmax=0.018526
epoch=2 loss=0.475869 validation_macro_fmax=0.179245 valid_micro_fmax=0.048101
epoch=3 loss=0.439100 validation_macro_fmax=0.196663 valid_micro_fmax=0.066473
epoch=4 loss=0.416658 validation_macro_fmax=0.215798 valid_micro_fmax=0.084489
epoch=5 loss=0.399128 validation_macro_fmax=0.227888 valid_micro_fmax=0.104328
epoch=6 loss=0.381548 validation_macro_fmax=0.225086 valid_micro_fmax=0.116218
epoch=7 loss=0.362110 validation_macro_fmax=0.234559 valid_micro_fmax=0.124807
epoch=8 loss=0.338810 validation_macro_fmax=0.249958 valid_micro_fmax=0.144905
epoch=9 loss=0.311221 validation_macro_fmax=0.264542 valid_micro_fmax=0.173358
epoch=10 loss=0.279793 validation_macro_fmax=0.257499 valid_micro_fmax=0.168487
epoch=11 loss=0.245310 validation_macro_fmax=0.259291 valid_micro_fmax=0.164025
epoch=12 loss=0.211150 validation_macro_fmax=0.263099 valid_micro_fmax=0.204124
epoch=13 loss=0.178233 validation_macro_fmax=0.256271 valid_micro_fmax=0.194519
epoch=14 loss=0.149038 validation_macro_fmax=0.256958 valid_micro_fmax=0.220305
epoch=15 loss=0.124891 validation_macro_fmax=0.261686 valid_micro_fmax=0.224095
epoch=16 loss=0.103028 validation_macro_fmax=0.276415 valid_micro_fmax=0.257799
epoch=17 loss=0.085708 validation_macro_fmax=0.270627 valid_micro_fmax=0.256651
epoch=18 loss=0.071262 validation_macro_fmax=0.274466 valid_micro_fmax=0.262345
epoch=19 loss=0.060361 validation_macro_fmax=0.261944 valid_micro_fmax=0.250570
epoch=20 loss=0.051306 validation_macro_fmax=0.272910 valid_micro_fmax=0.258182
epoch=21 loss=0.043912 validation_macro_fmax=0.275257 valid_micro_fmax=0.288087
epoch=22 loss=0.038062 validation_macro_fmax=0.276679 valid_micro_fmax=0.296343
epoch=23 loss=0.033046 validation_macro_fmax=0.280821 valid_micro_fmax=0.288961
epoch=24 loss=0.028409 validation_macro_fmax=0.266270 valid_micro_fmax=0.282531
epoch=25 loss=0.025716 validation_macro_fmax=0.274408 valid_micro_fmax=0.305040
epoch=26 loss=0.023535 validation_macro_fmax=0.283118 valid_micro_fmax=0.320378
epoch=27 loss=0.021324 validation_macro_fmax=0.270729 valid_micro_fmax=0.304280
epoch=28 loss=0.019449 validation_macro_fmax=0.289546 valid_micro_fmax=0.310784
epoch=29 loss=0.017069 validation_macro_fmax=0.276932 valid_micro_fmax=0.300876
epoch=30 loss=0.015451 validation_macro_fmax=0.268423 valid_micro_fmax=0.307081
epoch=31 loss=0.013255 validation_macro_fmax=0.264076 valid_micro_fmax=0.310551
epoch=32 loss=0.012460 validation_macro_fmax=0.273609 valid_micro_fmax=0.331195
epoch=33 loss=0.012023 validation_macro_fmax=0.270817 valid_micro_fmax=0.323415
epoch=34 loss=0.011466 validation_macro_fmax=0.280678 valid_micro_fmax=0.329546
epoch=35 loss=0.009748 validation_macro_fmax=0.270607 valid_micro_fmax=0.322798
epoch=36 loss=0.008542 validation_macro_fmax=0.269025 valid_micro_fmax=0.331020
epoch=37 loss=0.009967 validation_macro_fmax=0.282133 valid_micro_fmax=0.332124
epoch=38 loss=0.008864 validation_macro_fmax=0.270416 valid_micro_fmax=0.321961
Early stopping after 38 epochs (patience=10)
GPU completion: NVIDIA L40S, 34625, 46068, 0
