GPU: NVIDIA L40S
CUDA tensor check: 8.0
Sun Jul 19 02:40:35 2026       
+-----------------------------------------------------------------------------------------+
| NVIDIA-SMI 560.35.03              Driver Version: 560.35.03      CUDA Version: 12.6     |
|-----------------------------------------+------------------------+----------------------+
| GPU  Name                 Persistence-M | Bus-Id          Disp.A | Volatile Uncorr. ECC |
| Fan  Temp   Perf          Pwr:Usage/Cap |           Memory-Usage | GPU-Util  Compute M. |
|                                         |                        |               MIG M. |
|=========================================+========================+======================|
|   0  NVIDIA L40S                    On  |   00000000:0D:00.0 Off |                    0 |
| N/A   53C    P0             49W /  350W |     503MiB /  46068MiB |      5%      Default |
|                                         |                        |                  N/A |
+-----------------------------------------+------------------------+----------------------+
                                                                                         
+-----------------------------------------------------------------------------------------+
| Processes:                                                                              |
|  GPU   GI   CI        PID   Type   Process name                              GPU Memory |
|        ID   ID                                                               Usage      |
|=========================================================================================|
|    0   N/A  N/A   1058017      C   python3                                       494MiB |
+-----------------------------------------------------------------------------------------+
CUDA verified: NVIDIA L40S; tensor dot product=8.0
GPU startup: NVIDIA L40S, 533, 46068, 0
Loaded train=6026, valid=754; reserved test set is not loaded
epoch=1 loss=1.059150 validation_macro_fmax=0.211247 valid_micro_fmax=0.061785
epoch=2 loss=0.840086 validation_macro_fmax=0.236285 valid_micro_fmax=0.092588
epoch=3 loss=0.697285 validation_macro_fmax=0.239749 valid_micro_fmax=0.156066
epoch=4 loss=0.527464 validation_macro_fmax=0.234773 valid_micro_fmax=0.167137
epoch=5 loss=0.358344 validation_macro_fmax=0.255691 valid_micro_fmax=0.200204
epoch=6 loss=0.241993 validation_macro_fmax=0.237162 valid_micro_fmax=0.187573
epoch=7 loss=0.175410 validation_macro_fmax=0.271971 valid_micro_fmax=0.217959
epoch=8 loss=0.133995 validation_macro_fmax=0.268326 valid_micro_fmax=0.206261
epoch=9 loss=0.104997 validation_macro_fmax=0.238715 valid_micro_fmax=0.191396
epoch=10 loss=0.080871 validation_macro_fmax=0.230504 valid_micro_fmax=0.206287
epoch=11 loss=0.072428 validation_macro_fmax=0.252291 valid_micro_fmax=0.206846
epoch=12 loss=0.065298 validation_macro_fmax=0.244742 valid_micro_fmax=0.190995
epoch=13 loss=0.058013 validation_macro_fmax=0.221924 valid_micro_fmax=0.204773
epoch=14 loss=0.054562 validation_macro_fmax=0.240955 valid_micro_fmax=0.199537
epoch=15 loss=0.039511 validation_macro_fmax=0.244992 valid_micro_fmax=0.222276
epoch=16 loss=0.039248 validation_macro_fmax=0.252279 valid_micro_fmax=0.236919
Early stopping after 16 epochs (patience=9)
GPU completion: NVIDIA L40S, 36533, 46068, 0
