GPU: NVIDIA L40S
CUDA tensor check: 8.0
Sun Jul 19 20:20:35 2026       
+-----------------------------------------------------------------------------------------+
| NVIDIA-SMI 560.35.03              Driver Version: 560.35.03      CUDA Version: 12.6     |
|-----------------------------------------+------------------------+----------------------+
| GPU  Name                 Persistence-M | Bus-Id          Disp.A | Volatile Uncorr. ECC |
| Fan  Temp   Perf          Pwr:Usage/Cap |           Memory-Usage | GPU-Util  Compute M. |
|                                         |                        |               MIG M. |
|=========================================+========================+======================|
|   0  NVIDIA L40S                    On  |   00000000:B5:00.0 Off |                    0 |
| N/A   45C    P0             41W /  350W |     503MiB /  46068MiB |      5%      Default |
|                                         |                        |                  N/A |
+-----------------------------------------+------------------------+----------------------+
                                                                                         
+-----------------------------------------------------------------------------------------+
| Processes:                                                                              |
|  GPU   GI   CI        PID   Type   Process name                              GPU Memory |
|        ID   ID                                                               Usage      |
|=========================================================================================|
|    0   N/A  N/A   1554331      C   python3                                       494MiB |
+-----------------------------------------------------------------------------------------+
CUDA verified: NVIDIA L40S; tensor dot product=8.0
GPU startup: NVIDIA L40S, 533, 46068, 0
Loaded train=6026, valid=754; reserved test set is not loaded
epoch=1 loss=0.926673 validation_macro_fmax=0.231600 valid_micro_fmax=0.082501
epoch=2 loss=0.606726 validation_macro_fmax=0.256497 valid_micro_fmax=0.115915
epoch=3 loss=0.333356 validation_macro_fmax=0.263232 valid_micro_fmax=0.165827
epoch=4 loss=0.185436 validation_macro_fmax=0.263601 valid_micro_fmax=0.132416
epoch=5 loss=0.128584 validation_macro_fmax=0.227130 valid_micro_fmax=0.150358
epoch=6 loss=0.091050 validation_macro_fmax=0.245415 valid_micro_fmax=0.163624
epoch=7 loss=0.069821 validation_macro_fmax=0.245035 valid_micro_fmax=0.175512
epoch=8 loss=0.054804 validation_macro_fmax=0.225205 valid_micro_fmax=0.182434
epoch=9 loss=0.048686 validation_macro_fmax=0.218999 valid_micro_fmax=0.168475
epoch=10 loss=0.046884 validation_macro_fmax=0.235343 valid_micro_fmax=0.199572
epoch=11 loss=0.041190 validation_macro_fmax=0.246663 valid_micro_fmax=0.171158
epoch=12 loss=0.027758 validation_macro_fmax=0.221800 valid_micro_fmax=0.191015
epoch=13 loss=0.033955 validation_macro_fmax=0.217398 valid_micro_fmax=0.178686
Early stopping after 13 epochs (patience=9)
GPU completion: NVIDIA L40S, 28175, 46068, 0
