GPU: NVIDIA L40S
CUDA tensor check: 8.0
Wed Jul 15 16:53:31 2026       
+-----------------------------------------------------------------------------------------+
| NVIDIA-SMI 560.35.03              Driver Version: 560.35.03      CUDA Version: 12.6     |
|-----------------------------------------+------------------------+----------------------+
| GPU  Name                 Persistence-M | Bus-Id          Disp.A | Volatile Uncorr. ECC |
| Fan  Temp   Perf          Pwr:Usage/Cap |           Memory-Usage | GPU-Util  Compute M. |
|                                         |                        |               MIG M. |
|=========================================+========================+======================|
|   0  NVIDIA L40S                    On  |   00000000:B5:00.0 Off |                    0 |
| N/A   37C    P0             41W /  350W |     503MiB /  46068MiB |      0%      Default |
|                                         |                        |                  N/A |
+-----------------------------------------+------------------------+----------------------+
                                                                                         
+-----------------------------------------------------------------------------------------+
| Processes:                                                                              |
|  GPU   GI   CI        PID   Type   Process name                              GPU Memory |
|        ID   ID                                                               Usage      |
|=========================================================================================|
|    0   N/A  N/A   1586168      C   python3                                       494MiB |
+-----------------------------------------------------------------------------------------+
CUDA verified: NVIDIA L40S; tensor dot product=8.0
GPU startup: NVIDIA L40S, 533, 46068, 5
Loaded train=6026, valid=754; reserved test set is not loaded
epoch=1 loss=0.540401 valid_micro_fmax=0.045569
epoch=2 loss=0.437577 valid_micro_fmax=0.091777
epoch=3 loss=0.411332 valid_micro_fmax=0.115468
epoch=4 loss=0.394691 valid_micro_fmax=0.126267
epoch=5 loss=0.380450 valid_micro_fmax=0.143623
epoch=6 loss=0.365723 valid_micro_fmax=0.149264
epoch=7 loss=0.347090 valid_micro_fmax=0.166013
epoch=8 loss=0.323927 valid_micro_fmax=0.192868
epoch=9 loss=0.294146 valid_micro_fmax=0.207004
epoch=10 loss=0.259250 valid_micro_fmax=0.220892
epoch=11 loss=0.222573 valid_micro_fmax=0.235746
epoch=12 loss=0.185750 valid_micro_fmax=0.258778
epoch=13 loss=0.152101 valid_micro_fmax=0.268910
epoch=14 loss=0.122924 valid_micro_fmax=0.299377
epoch=15 loss=0.098458 valid_micro_fmax=0.291882
epoch=16 loss=0.079434 valid_micro_fmax=0.304729
epoch=17 loss=0.064459 valid_micro_fmax=0.306516
epoch=18 loss=0.052465 valid_micro_fmax=0.313260
epoch=19 loss=0.042857 valid_micro_fmax=0.330149
epoch=20 loss=0.035798 valid_micro_fmax=0.331113
epoch=21 loss=0.029815 valid_micro_fmax=0.341109
epoch=22 loss=0.025316 valid_micro_fmax=0.350733
epoch=23 loss=0.021568 valid_micro_fmax=0.335580
epoch=24 loss=0.018647 valid_micro_fmax=0.357398
epoch=25 loss=0.015979 valid_micro_fmax=0.360079
epoch=26 loss=0.014152 valid_micro_fmax=0.369530
epoch=27 loss=0.012341 valid_micro_fmax=0.367826
epoch=28 loss=0.010748 valid_micro_fmax=0.379615
epoch=29 loss=0.009526 valid_micro_fmax=0.379572
epoch=30 loss=0.008462 valid_micro_fmax=0.359583
epoch=31 loss=0.007549 valid_micro_fmax=0.374931
epoch=32 loss=0.006628 valid_micro_fmax=0.374864
epoch=33 loss=0.006249 valid_micro_fmax=0.370430
epoch=34 loss=0.005740 valid_micro_fmax=0.384127
epoch=35 loss=0.005167 valid_micro_fmax=0.395322
epoch=36 loss=0.004683 valid_micro_fmax=0.372030
epoch=37 loss=0.004132 valid_micro_fmax=0.390151
epoch=38 loss=0.003729 valid_micro_fmax=0.381638
epoch=39 loss=0.006490 valid_micro_fmax=0.361877
epoch=40 loss=0.003838 valid_micro_fmax=0.384587
epoch=41 loss=0.003106 valid_micro_fmax=0.406150
epoch=42 loss=0.002798 valid_micro_fmax=0.396690
epoch=43 loss=0.002494 valid_micro_fmax=0.370706
epoch=44 loss=0.002302 valid_micro_fmax=0.381292
epoch=45 loss=0.002249 valid_micro_fmax=0.403350
epoch=46 loss=0.002029 valid_micro_fmax=0.395740
epoch=47 loss=0.001903 valid_micro_fmax=0.385631
epoch=48 loss=0.001983 valid_micro_fmax=0.375824
epoch=49 loss=0.002206 valid_micro_fmax=0.380978
epoch=50 loss=0.001717 valid_micro_fmax=0.382822
epoch=51 loss=0.001703 valid_micro_fmax=0.396323
Early stopping after 51 epochs (patience=10)
GPU completion: NVIDIA L40S, 36779, 46068, 0
