GPU: NVIDIA L40S
CUDA tensor check: 8.0
Sun Jul 19 03:50:48 2026       
+-----------------------------------------------------------------------------------------+
| NVIDIA-SMI 560.35.03              Driver Version: 560.35.03      CUDA Version: 12.6     |
|-----------------------------------------+------------------------+----------------------+
| GPU  Name                 Persistence-M | Bus-Id          Disp.A | Volatile Uncorr. ECC |
| Fan  Temp   Perf          Pwr:Usage/Cap |           Memory-Usage | GPU-Util  Compute M. |
|                                         |                        |               MIG M. |
|=========================================+========================+======================|
|   0  NVIDIA L40S                    On  |   00000000:0D:00.0 Off |                    0 |
| N/A   52C    P0             45W /  350W |     503MiB /  46068MiB |      0%      Default |
|                                         |                        |                  N/A |
+-----------------------------------------+------------------------+----------------------+
                                                                                         
+-----------------------------------------------------------------------------------------+
| Processes:                                                                              |
|  GPU   GI   CI        PID   Type   Process name                              GPU Memory |
|        ID   ID                                                               Usage      |
|=========================================================================================|
|    0   N/A  N/A   1087912      C   python3                                       494MiB |
+-----------------------------------------------------------------------------------------+
CUDA verified: NVIDIA L40S; tensor dot product=8.0
GPU startup: NVIDIA L40S, 533, 46068, 0
Loaded train=6026, valid=754; reserved test set is not loaded
epoch=1 loss=0.434708 validation_macro_fmax=0.329365 valid_micro_fmax=0.094484
epoch=2 loss=0.191586 validation_macro_fmax=0.359814 valid_micro_fmax=0.149221
epoch=3 loss=0.088599 validation_macro_fmax=0.321648 valid_micro_fmax=0.160709
epoch=4 loss=0.049239 validation_macro_fmax=0.328559 valid_micro_fmax=0.177045
epoch=5 loss=0.031314 validation_macro_fmax=0.344194 valid_micro_fmax=0.213444
epoch=6 loss=0.024652 validation_macro_fmax=0.333373 valid_micro_fmax=0.180358
epoch=7 loss=0.018260 validation_macro_fmax=0.325358 valid_micro_fmax=0.204783
epoch=8 loss=0.013047 validation_macro_fmax=0.355559 valid_micro_fmax=0.258659
epoch=9 loss=0.010783 validation_macro_fmax=0.352550 valid_micro_fmax=0.254522
epoch=10 loss=0.013447 validation_macro_fmax=0.313506 valid_micro_fmax=0.228042
epoch=11 loss=0.016203 validation_macro_fmax=0.352216 valid_micro_fmax=0.217651
epoch=12 loss=0.011654 validation_macro_fmax=0.326812 valid_micro_fmax=0.241028
Early stopping after 12 epochs (patience=10)
GPU completion: NVIDIA L40S, 15095, 46068, 0
