GPU: NVIDIA L40S
CUDA tensor check: 8.0
Sun Jul 19 09:40:39 2026       
+-----------------------------------------------------------------------------------------+
| NVIDIA-SMI 560.35.03              Driver Version: 560.35.03      CUDA Version: 12.6     |
|-----------------------------------------+------------------------+----------------------+
| GPU  Name                 Persistence-M | Bus-Id          Disp.A | Volatile Uncorr. ECC |
| Fan  Temp   Perf          Pwr:Usage/Cap |           Memory-Usage | GPU-Util  Compute M. |
|                                         |                        |               MIG M. |
|=========================================+========================+======================|
|   0  NVIDIA L40S                    On  |   00000000:0D:00.0 Off |                    0 |
| N/A   55C    P0             45W /  350W |     503MiB /  46068MiB |      5%      Default |
|                                         |                        |                  N/A |
+-----------------------------------------+------------------------+----------------------+
                                                                                         
+-----------------------------------------------------------------------------------------+
| Processes:                                                                              |
|  GPU   GI   CI        PID   Type   Process name                              GPU Memory |
|        ID   ID                                                               Usage      |
|=========================================================================================|
|    0   N/A  N/A    670962      C   python3                                       494MiB |
+-----------------------------------------------------------------------------------------+
CUDA verified: NVIDIA L40S; tensor dot product=8.0
GPU startup: NVIDIA L40S, 533, 46068, 0
Loaded train=6026, valid=754; reserved test set is not loaded
epoch=1 loss=0.390471 validation_macro_fmax=0.269713 valid_micro_fmax=0.212982
epoch=2 loss=0.152186 validation_macro_fmax=0.261456 valid_micro_fmax=0.294879
epoch=3 loss=0.076876 validation_macro_fmax=0.242781 valid_micro_fmax=0.316549
epoch=4 loss=0.054272 validation_macro_fmax=0.263581 valid_micro_fmax=0.327347
epoch=5 loss=0.037369 validation_macro_fmax=0.261754 valid_micro_fmax=0.330319
epoch=6 loss=0.028601 validation_macro_fmax=0.245161 valid_micro_fmax=0.367474
epoch=7 loss=0.024012 validation_macro_fmax=0.242193 valid_micro_fmax=0.367947
epoch=8 loss=0.018768 validation_macro_fmax=0.241906 valid_micro_fmax=0.362171
epoch=9 loss=0.019355 validation_macro_fmax=0.257127 valid_micro_fmax=0.378339
epoch=10 loss=0.018943 validation_macro_fmax=0.246758 valid_micro_fmax=0.366213
epoch=11 loss=0.016560 validation_macro_fmax=0.235510 valid_micro_fmax=0.374521
Early stopping after 11 epochs (patience=10)
GPU completion: NVIDIA L40S, 8403, 46068, 0
