GPU: NVIDIA L40S
CUDA tensor check: 8.0
Sun Jul 19 03:48:32 2026       
+-----------------------------------------------------------------------------------------+
| NVIDIA-SMI 560.35.03              Driver Version: 560.35.03      CUDA Version: 12.6     |
|-----------------------------------------+------------------------+----------------------+
| GPU  Name                 Persistence-M | Bus-Id          Disp.A | Volatile Uncorr. ECC |
| Fan  Temp   Perf          Pwr:Usage/Cap |           Memory-Usage | GPU-Util  Compute M. |
|                                         |                        |               MIG M. |
|=========================================+========================+======================|
|   0  NVIDIA L40S                    On  |   00000000:0D:00.0 Off |                    0 |
| N/A   49C    P0             41W /  350W |     503MiB /  46068MiB |      0%      Default |
|                                         |                        |                  N/A |
+-----------------------------------------+------------------------+----------------------+
                                                                                         
+-----------------------------------------------------------------------------------------+
| Processes:                                                                              |
|  GPU   GI   CI        PID   Type   Process name                              GPU Memory |
|        ID   ID                                                               Usage      |
|=========================================================================================|
|    0   N/A  N/A   1086499      C   python3                                       494MiB |
+-----------------------------------------------------------------------------------------+
CUDA verified: NVIDIA L40S; tensor dot product=8.0
GPU startup: NVIDIA L40S, 533, 46068, 0
Loaded train=6026, valid=754; reserved test set is not loaded
epoch=1 loss=1.064757 validation_macro_fmax=0.363396 valid_micro_fmax=0.147197
epoch=2 loss=0.867868 validation_macro_fmax=0.397630 valid_micro_fmax=0.196887
epoch=3 loss=0.773131 validation_macro_fmax=0.397590 valid_micro_fmax=0.248779
epoch=4 loss=0.707913 validation_macro_fmax=0.406478 valid_micro_fmax=0.294653
epoch=5 loss=0.641337 validation_macro_fmax=0.401107 valid_micro_fmax=0.298373
epoch=6 loss=0.569755 validation_macro_fmax=0.397453 valid_micro_fmax=0.329319
epoch=7 loss=0.492924 validation_macro_fmax=0.398776 valid_micro_fmax=0.305207
epoch=8 loss=0.412919 validation_macro_fmax=0.402019 valid_micro_fmax=0.334220
epoch=9 loss=0.339514 validation_macro_fmax=0.404273 valid_micro_fmax=0.398555
epoch=10 loss=0.273557 validation_macro_fmax=0.404294 valid_micro_fmax=0.407478
epoch=11 loss=0.219476 validation_macro_fmax=0.398588 valid_micro_fmax=0.424352
epoch=12 loss=0.178060 validation_macro_fmax=0.390719 valid_micro_fmax=0.434839
epoch=13 loss=0.145317 validation_macro_fmax=0.393567 valid_micro_fmax=0.432948
Early stopping after 13 epochs (patience=9)
GPU completion: NVIDIA L40S, 18803, 46068, 0
