GPU: NVIDIA L40S
CUDA tensor check: 8.0
Mon Jul 20 06:43:39 2026       
+-----------------------------------------------------------------------------------------+
| NVIDIA-SMI 560.35.03              Driver Version: 560.35.03      CUDA Version: 12.6     |
|-----------------------------------------+------------------------+----------------------+
| GPU  Name                 Persistence-M | Bus-Id          Disp.A | Volatile Uncorr. ECC |
| Fan  Temp   Perf          Pwr:Usage/Cap |           Memory-Usage | GPU-Util  Compute M. |
|                                         |                        |               MIG M. |
|=========================================+========================+======================|
|   0  NVIDIA L40S                    On  |   00000000:B5:00.0 Off |                    0 |
| N/A   48C    P0             43W /  350W |     503MiB /  46068MiB |      0%      Default |
|                                         |                        |                  N/A |
+-----------------------------------------+------------------------+----------------------+
                                                                                         
+-----------------------------------------------------------------------------------------+
| Processes:                                                                              |
|  GPU   GI   CI        PID   Type   Process name                              GPU Memory |
|        ID   ID                                                               Usage      |
|=========================================================================================|
|    0   N/A  N/A   1595641      C   python3                                       494MiB |
+-----------------------------------------------------------------------------------------+
CUDA verified: NVIDIA L40S; tensor dot product=8.0
GPU startup: NVIDIA L40S, 533, 46068, 1
Loaded train=6026, valid=754; reserved test set is not loaded
epoch=1 loss=0.862558 validation_macro_fmax=0.335006 valid_micro_fmax=0.250131
epoch=2 loss=0.551931 validation_macro_fmax=0.354245 valid_micro_fmax=0.270526
epoch=3 loss=0.258590 validation_macro_fmax=0.415683 valid_micro_fmax=0.347074
epoch=4 loss=0.118665 validation_macro_fmax=0.399858 valid_micro_fmax=0.340513
epoch=5 loss=0.063471 validation_macro_fmax=0.424608 valid_micro_fmax=0.444331
epoch=6 loss=0.037144 validation_macro_fmax=0.448043 valid_micro_fmax=0.395779
epoch=7 loss=0.022745 validation_macro_fmax=0.447534 valid_micro_fmax=0.434761
epoch=8 loss=0.016717 validation_macro_fmax=0.455267 valid_micro_fmax=0.430031
epoch=9 loss=0.013407 validation_macro_fmax=0.440630 valid_micro_fmax=0.449680
epoch=10 loss=0.009462 validation_macro_fmax=0.445377 valid_micro_fmax=0.488196
epoch=11 loss=0.009697 validation_macro_fmax=0.430771 valid_micro_fmax=0.432805
epoch=12 loss=0.007986 validation_macro_fmax=0.444562 valid_micro_fmax=0.487238
epoch=13 loss=0.005490 validation_macro_fmax=0.438227 valid_micro_fmax=0.477987
epoch=14 loss=0.006606 validation_macro_fmax=0.435534 valid_micro_fmax=0.492608
epoch=15 loss=0.311635 validation_macro_fmax=0.366623 valid_micro_fmax=0.256883
epoch=16 loss=0.064417 validation_macro_fmax=0.407788 valid_micro_fmax=0.321117
Early stopping after 16 epochs (patience=8)
GPU completion: NVIDIA L40S, 17807, 46068, 0
