GPU: NVIDIA L40S
CUDA tensor check: 8.0
Wed Jul 15 14:52:16 2026       
+-----------------------------------------------------------------------------------------+
| NVIDIA-SMI 560.35.03              Driver Version: 560.35.03      CUDA Version: 12.6     |
|-----------------------------------------+------------------------+----------------------+
| GPU  Name                 Persistence-M | Bus-Id          Disp.A | Volatile Uncorr. ECC |
| Fan  Temp   Perf          Pwr:Usage/Cap |           Memory-Usage | GPU-Util  Compute M. |
|                                         |                        |               MIG M. |
|=========================================+========================+======================|
|   0  NVIDIA L40S                    On  |   00000000:0D:00.0 Off |                    0 |
| N/A   37C    P0             37W /  350W |     503MiB /  46068MiB |      0%      Default |
|                                         |                        |                  N/A |
+-----------------------------------------+------------------------+----------------------+
                                                                                         
+-----------------------------------------------------------------------------------------+
| Processes:                                                                              |
|  GPU   GI   CI        PID   Type   Process name                              GPU Memory |
|        ID   ID                                                               Usage      |
|=========================================================================================|
|    0   N/A  N/A   2349767      C   python3                                       494MiB |
+-----------------------------------------------------------------------------------------+
CUDA verified: NVIDIA L40S; tensor dot product=8.0
GPU startup: NVIDIA L40S, 533, 46068, 5
Loaded train=6026, valid=754; reserved test set is not loaded
epoch=1 loss=1.260064 valid_micro_fmax=0.010644
epoch=2 loss=1.217369 valid_micro_fmax=0.010767
epoch=3 loss=1.183210 valid_micro_fmax=0.010804
epoch=4 loss=1.152414 valid_micro_fmax=0.011239
epoch=5 loss=1.126253 valid_micro_fmax=0.012129
epoch=6 loss=1.104098 valid_micro_fmax=0.012830
epoch=7 loss=1.083320 valid_micro_fmax=0.013834
epoch=8 loss=1.078767 valid_micro_fmax=0.015162
epoch=9 loss=1.048509 valid_micro_fmax=0.014397
epoch=10 loss=1.032006 valid_micro_fmax=0.017612
epoch=11 loss=1.017782 valid_micro_fmax=0.020057
epoch=12 loss=1.003076 valid_micro_fmax=0.019675
epoch=13 loss=0.990208 valid_micro_fmax=0.023299
epoch=14 loss=0.978695 valid_micro_fmax=0.023909
epoch=15 loss=0.967171 valid_micro_fmax=0.025155
epoch=16 loss=0.953777 valid_micro_fmax=0.031796
epoch=17 loss=0.943015 valid_micro_fmax=0.032192
epoch=18 loss=0.932170 valid_micro_fmax=0.038319
epoch=19 loss=0.921908 valid_micro_fmax=0.042100
epoch=20 loss=0.912689 valid_micro_fmax=0.042373
epoch=21 loss=0.904755 valid_micro_fmax=0.046872
epoch=22 loss=0.894903 valid_micro_fmax=0.050560
epoch=23 loss=0.885835 valid_micro_fmax=0.057703
epoch=24 loss=0.876998 valid_micro_fmax=0.056451
epoch=25 loss=0.868589 valid_micro_fmax=0.064191
epoch=26 loss=0.860471 valid_micro_fmax=0.077522
epoch=27 loss=0.853728 valid_micro_fmax=0.074056
epoch=28 loss=0.846081 valid_micro_fmax=0.075968
epoch=29 loss=0.837353 valid_micro_fmax=0.082012
epoch=30 loss=0.831250 valid_micro_fmax=0.077824
epoch=31 loss=0.825602 valid_micro_fmax=0.096260
epoch=32 loss=0.817963 valid_micro_fmax=0.094621
epoch=33 loss=0.809628 valid_micro_fmax=0.116452
epoch=34 loss=0.804319 valid_micro_fmax=0.096244
epoch=35 loss=0.796877 valid_micro_fmax=0.107363
epoch=36 loss=0.790315 valid_micro_fmax=0.111645
epoch=37 loss=0.784616 valid_micro_fmax=0.113504
epoch=38 loss=0.777702 valid_micro_fmax=0.119834
epoch=39 loss=0.773005 valid_micro_fmax=0.118052
epoch=40 loss=0.765248 valid_micro_fmax=0.116298
epoch=41 loss=0.758497 valid_micro_fmax=0.119967
epoch=42 loss=0.753522 valid_micro_fmax=0.125844
epoch=43 loss=0.745795 valid_micro_fmax=0.119579
epoch=44 loss=0.740441 valid_micro_fmax=0.125139
epoch=45 loss=0.732583 valid_micro_fmax=0.129950
epoch=46 loss=0.727635 valid_micro_fmax=0.125648
epoch=47 loss=0.719866 valid_micro_fmax=0.134300
epoch=48 loss=0.713611 valid_micro_fmax=0.120882
epoch=49 loss=0.706097 valid_micro_fmax=0.131304
epoch=50 loss=0.700246 valid_micro_fmax=0.128721
epoch=51 loss=0.692762 valid_micro_fmax=0.138186
epoch=52 loss=0.685955 valid_micro_fmax=0.125973
epoch=53 loss=0.679872 valid_micro_fmax=0.130007
epoch=54 loss=0.672832 valid_micro_fmax=0.136035
epoch=55 loss=0.665751 valid_micro_fmax=0.125286
epoch=56 loss=0.658302 valid_micro_fmax=0.134011
epoch=57 loss=0.650702 valid_micro_fmax=0.129594
epoch=58 loss=0.650060 valid_micro_fmax=0.135425
epoch=59 loss=0.635052 valid_micro_fmax=0.135475
epoch=60 loss=0.627930 valid_micro_fmax=0.145102
epoch=61 loss=0.620521 valid_micro_fmax=0.147770
epoch=62 loss=0.611655 valid_micro_fmax=0.140717
epoch=63 loss=0.603627 valid_micro_fmax=0.139880
epoch=64 loss=0.596446 valid_micro_fmax=0.140384
epoch=65 loss=0.588525 valid_micro_fmax=0.150448
epoch=66 loss=0.580417 valid_micro_fmax=0.135912
epoch=67 loss=0.572569 valid_micro_fmax=0.151609
epoch=68 loss=0.564493 valid_micro_fmax=0.127091
epoch=69 loss=0.555965 valid_micro_fmax=0.136469
epoch=70 loss=0.548242 valid_micro_fmax=0.134658
epoch=71 loss=0.540063 valid_micro_fmax=0.131483
epoch=72 loss=0.531486 valid_micro_fmax=0.130869
epoch=73 loss=0.521910 valid_micro_fmax=0.139070
epoch=74 loss=0.513348 valid_micro_fmax=0.149668
epoch=75 loss=0.505691 valid_micro_fmax=0.139046
epoch=76 loss=0.497222 valid_micro_fmax=0.132513
Early stopping after 76 epochs (patience=9)
GPU completion: NVIDIA L40S, 28223, 46068, 0
