{
  "selection_data": "validation only",
  "selection_metric": "validation_macro_fmax",
  "split": "nominal 30% identity / 80% coverage split",
  "ontologies": {
    "molecular_function": {
      "trial": "trial_024",
      "selection_metric": "validation_macro_fmax",
      "validation_macro_fmax": 0.4707130936062587,
      "config": {
        "learning_rate": 0.00018917076075962986,
        "weight_decay": 4.10592490974411e-05,
        "dropout": 0.2,
        "hidden_dim": 256,
        "batch_size": 16,
        "gradient_clip": 5.0,
        "patience": 9,
        "loss": "BCE",
        "focal_gamma": null
      },
      "validation_metrics": {
        "validation_micro_fmax": 0.4426412415047268,
        "validation_macro_fmax": 0.4707130936062587,
        "validation_micro_aupr": 0.345412955675828,
        "validation_macro_aupr": 0.40745225307120636,
        "validation_micro_auroc": 0.8594576458755238,
        "validation_macro_auroc": 0.7715400902922501,
        "validation_smin": 18.398556240477653,
        "validation_micro_fmax_threshold": 0.38590288162231445,
        "validation_rare_term_micro_fmax_train_count_1_to_10": 0.26351351351305097,
        "rare_term_count": 490,
        "brier_score": 0.0054526180028915405,
        "expected_calibration_error_10_bins": 0.0030408906496899903,
        "threshold_sensitivity": [
          {
            "threshold": 0.1,
            "micro_f1": 0.37106200040303616
          },
          {
            "threshold": 0.2,
            "micro_f1": 0.42048788666275455
          },
          {
            "threshold": 0.3,
            "micro_f1": 0.4376523532720794
          },
          {
            "threshold": 0.4,
            "micro_f1": 0.4407724878653309
          },
          {
            "threshold": 0.5,
            "micro_f1": 0.4333850587452892
          },
          {
            "threshold": 0.6,
            "micro_f1": 0.42276229994072306
          },
          {
            "threshold": 0.7,
            "micro_f1": 0.41342181044196813
          },
          {
            "threshold": 0.8,
            "micro_f1": 0.3857908847184986
          },
          {
            "threshold": 0.9,
            "micro_f1": 0.3625054245624186
          }
        ]
      }
    },
    "biological_process": {
      "trial": "trial_014",
      "selection_metric": "validation_macro_fmax",
      "validation_macro_fmax": 0.389343895648599,
      "config": {
        "learning_rate": 5.462490060476474e-05,
        "weight_decay": 1.0333998491320167e-07,
        "dropout": 0.2,
        "hidden_dim": 512,
        "batch_size": 32,
        "gradient_clip": 5.0,
        "patience": 10,
        "loss": "Focal",
        "focal_gamma": 1
      },
      "validation_metrics": {
        "validation_micro_fmax": 0.25773195876239213,
        "validation_macro_fmax": 0.389343895648599,
        "validation_micro_aupr": 0.13409453375486932,
        "validation_macro_aupr": 0.3027786210253706,
        "validation_micro_auroc": 0.8213899747967629,
        "validation_macro_auroc": 0.7471397732651018,
        "validation_smin": 53.38696403302466,
        "validation_micro_fmax_threshold": 0.56968754529953,
        "validation_rare_term_micro_fmax_train_count_1_to_10": 0.22358722358675256,
        "rare_term_count": 919,
        "brier_score": 0.008881298825144768,
        "expected_calibration_error_10_bins": 0.03160270380293522,
        "threshold_sensitivity": [
          {
            "threshold": 0.1,
            "micro_f1": 0.10734913751191148
          },
          {
            "threshold": 0.2,
            "micro_f1": 0.18822933689322624
          },
          {
            "threshold": 0.3,
            "micro_f1": 0.22546562817473756
          },
          {
            "threshold": 0.4,
            "micro_f1": 0.23865675467828762
          },
          {
            "threshold": 0.5,
            "micro_f1": 0.2553775743707094
          },
          {
            "threshold": 0.6,
            "micro_f1": 0.2523864959254948
          },
          {
            "threshold": 0.7,
            "micro_f1": 0.22553276771995454
          },
          {
            "threshold": 0.8,
            "micro_f1": 0.17284512167386853
          },
          {
            "threshold": 0.9,
            "micro_f1": 0.09957276135670065
          }
        ]
      }
    },
    "cellular_component": {
      "trial": "trial_032",
      "selection_metric": "validation_macro_fmax",
      "validation_macro_fmax": 0.47295818678359386,
      "config": {
        "learning_rate": 0.0024927698253494465,
        "weight_decay": 1.9372480269816345e-05,
        "dropout": 0.1,
        "hidden_dim": 128,
        "batch_size": 16,
        "gradient_clip": 1.0,
        "patience": 8,
        "loss": "Focal",
        "focal_gamma": 2
      },
      "validation_metrics": {
        "validation_micro_fmax": 0.44260708945331917,
        "validation_macro_fmax": 0.47295818678359386,
        "validation_micro_aupr": 0.30924449816315513,
        "validation_macro_aupr": 0.3677953133611141,
        "validation_micro_auroc": 0.9046734758763474,
        "validation_macro_auroc": 0.7543193601998316,
        "validation_smin": 44.84683223176025,
        "validation_micro_fmax_threshold": 0.539339542388916,
        "validation_rare_term_micro_fmax_train_count_1_to_10": 0.29752066115657155,
        "rare_term_count": 91,
        "brier_score": 0.06522776931524277,
        "expected_calibration_error_10_bins": 0.1058604138718168,
        "threshold_sensitivity": [
          {
            "threshold": 0.1,
            "micro_f1": 0.2225334456349284
          },
          {
            "threshold": 0.2,
            "micro_f1": 0.2994504720304354
          },
          {
            "threshold": 0.3,
            "micro_f1": 0.3572815533980582
          },
          {
            "threshold": 0.4,
            "micro_f1": 0.40556963160608983
          },
          {
            "threshold": 0.5,
            "micro_f1": 0.43835018946105825
          },
          {
            "threshold": 0.6,
            "micro_f1": 0.4359610868835961
          },
          {
            "threshold": 0.7,
            "micro_f1": 0.36106482074947654
          },
          {
            "threshold": 0.8,
            "micro_f1": 0.2734142188165177
          },
          {
            "threshold": 0.9,
            "micro_f1": 0.11791970554154453
          }
        ]
      }
    }
  }
}
