GPU: NVIDIA L40S
CUDA tensor check: 8.0
Mon Jul 20 05:35:25 2026       
+-----------------------------------------------------------------------------------------+
| NVIDIA-SMI 560.35.03              Driver Version: 560.35.03      CUDA Version: 12.6     |
|-----------------------------------------+------------------------+----------------------+
| GPU  Name                 Persistence-M | Bus-Id          Disp.A | Volatile Uncorr. ECC |
| Fan  Temp   Perf          Pwr:Usage/Cap |           Memory-Usage | GPU-Util  Compute M. |
|                                         |                        |               MIG M. |
|=========================================+========================+======================|
|   0  NVIDIA L40S                    On  |   00000000:B5:00.0 Off |                    0 |
| N/A   44C    P0             43W /  350W |     503MiB /  46068MiB |      0%      Default |
|                                         |                        |                  N/A |
+-----------------------------------------+------------------------+----------------------+
                                                                                         
+-----------------------------------------------------------------------------------------+
| Processes:                                                                              |
|  GPU   GI   CI        PID   Type   Process name                              GPU Memory |
|        ID   ID                                                               Usage      |
|=========================================================================================|
|    0   N/A  N/A   1219901      C   python3                                       494MiB |
+-----------------------------------------------------------------------------------------+
CUDA verified: NVIDIA L40S; tensor dot product=8.0
GPU startup: NVIDIA L40S, 533, 46068, 0
Loaded train=6026, valid=754; reserved test set is not loaded
epoch=1 loss=1.258368 validation_macro_fmax=0.325976 valid_micro_fmax=0.100996
epoch=2 loss=1.163043 validation_macro_fmax=0.334666 valid_micro_fmax=0.108775
epoch=3 loss=1.100890 validation_macro_fmax=0.341418 valid_micro_fmax=0.126615
epoch=4 loss=1.056488 validation_macro_fmax=0.351576 valid_micro_fmax=0.137362
epoch=5 loss=1.018178 validation_macro_fmax=0.357700 valid_micro_fmax=0.163420
epoch=6 loss=0.988056 validation_macro_fmax=0.361086 valid_micro_fmax=0.166313
epoch=7 loss=0.961317 validation_macro_fmax=0.372051 valid_micro_fmax=0.196410
epoch=8 loss=0.935798 validation_macro_fmax=0.381304 valid_micro_fmax=0.206227
epoch=9 loss=0.918013 validation_macro_fmax=0.376214 valid_micro_fmax=0.235629
epoch=10 loss=0.902876 validation_macro_fmax=0.388713 valid_micro_fmax=0.248212
epoch=11 loss=0.883876 validation_macro_fmax=0.380956 valid_micro_fmax=0.259409
epoch=12 loss=0.870096 validation_macro_fmax=0.386442 valid_micro_fmax=0.256521
epoch=13 loss=0.856853 validation_macro_fmax=0.389406 valid_micro_fmax=0.288130
epoch=14 loss=0.843152 validation_macro_fmax=0.392141 valid_micro_fmax=0.289826
epoch=15 loss=0.829866 validation_macro_fmax=0.396107 valid_micro_fmax=0.309770
epoch=16 loss=0.820742 validation_macro_fmax=0.397240 valid_micro_fmax=0.309006
epoch=17 loss=0.807868 validation_macro_fmax=0.398869 valid_micro_fmax=0.310562
epoch=18 loss=0.797488 validation_macro_fmax=0.395229 valid_micro_fmax=0.295192
epoch=19 loss=0.787133 validation_macro_fmax=0.394921 valid_micro_fmax=0.309724
epoch=20 loss=0.780444 validation_macro_fmax=0.399948 valid_micro_fmax=0.294095
epoch=21 loss=0.765928 validation_macro_fmax=0.400699 valid_micro_fmax=0.326763
epoch=22 loss=0.758912 validation_macro_fmax=0.395529 valid_micro_fmax=0.323617
epoch=23 loss=0.750747 validation_macro_fmax=0.403581 valid_micro_fmax=0.342933
epoch=24 loss=0.742100 validation_macro_fmax=0.399845 valid_micro_fmax=0.326515
epoch=25 loss=0.732830 validation_macro_fmax=0.397459 valid_micro_fmax=0.317871
epoch=26 loss=0.722024 validation_macro_fmax=0.401490 valid_micro_fmax=0.322544
epoch=27 loss=0.712332 validation_macro_fmax=0.399277 valid_micro_fmax=0.318582
epoch=28 loss=0.705674 validation_macro_fmax=0.405748 valid_micro_fmax=0.312147
epoch=29 loss=0.698896 validation_macro_fmax=0.407155 valid_micro_fmax=0.342522
epoch=30 loss=0.687725 validation_macro_fmax=0.404682 valid_micro_fmax=0.334085
epoch=31 loss=0.679644 validation_macro_fmax=0.410542 valid_micro_fmax=0.329041
epoch=32 loss=0.669405 validation_macro_fmax=0.415493 valid_micro_fmax=0.364696
epoch=33 loss=0.661311 validation_macro_fmax=0.413950 valid_micro_fmax=0.344207
epoch=34 loss=0.651233 validation_macro_fmax=0.412922 valid_micro_fmax=0.333071
epoch=35 loss=0.640547 validation_macro_fmax=0.418187 valid_micro_fmax=0.336648
epoch=36 loss=0.631635 validation_macro_fmax=0.416066 valid_micro_fmax=0.357409
epoch=37 loss=0.624810 validation_macro_fmax=0.420197 valid_micro_fmax=0.351013
epoch=38 loss=0.614860 validation_macro_fmax=0.419385 valid_micro_fmax=0.344485
epoch=39 loss=0.607321 validation_macro_fmax=0.420501 valid_micro_fmax=0.343094
epoch=40 loss=0.594493 validation_macro_fmax=0.423735 valid_micro_fmax=0.355180
epoch=41 loss=0.584566 validation_macro_fmax=0.419564 valid_micro_fmax=0.373456
epoch=42 loss=0.576505 validation_macro_fmax=0.420513 valid_micro_fmax=0.376732
epoch=43 loss=0.563176 validation_macro_fmax=0.419173 valid_micro_fmax=0.370538
epoch=44 loss=0.553327 validation_macro_fmax=0.416839 valid_micro_fmax=0.356467
epoch=45 loss=0.542783 validation_macro_fmax=0.425107 valid_micro_fmax=0.369617
epoch=46 loss=0.530443 validation_macro_fmax=0.426455 valid_micro_fmax=0.371417
epoch=47 loss=0.519407 validation_macro_fmax=0.424929 valid_micro_fmax=0.380322
epoch=48 loss=0.511374 validation_macro_fmax=0.426066 valid_micro_fmax=0.389176
epoch=49 loss=0.498393 validation_macro_fmax=0.435083 valid_micro_fmax=0.400572
epoch=50 loss=0.486637 validation_macro_fmax=0.426922 valid_micro_fmax=0.414763
epoch=51 loss=0.475100 validation_macro_fmax=0.426536 valid_micro_fmax=0.394390
epoch=52 loss=0.466240 validation_macro_fmax=0.432703 valid_micro_fmax=0.392796
epoch=53 loss=0.453812 validation_macro_fmax=0.431733 valid_micro_fmax=0.381556
epoch=54 loss=0.444986 validation_macro_fmax=0.418876 valid_micro_fmax=0.402187
epoch=55 loss=0.434186 validation_macro_fmax=0.417510 valid_micro_fmax=0.381142
epoch=56 loss=0.420500 validation_macro_fmax=0.424552 valid_micro_fmax=0.430509
epoch=57 loss=0.410201 validation_macro_fmax=0.429022 valid_micro_fmax=0.408138
Early stopping after 57 epochs (patience=8)
GPU completion: NVIDIA L40S, 23793, 46068, 0
