GPU: NVIDIA L40S
CUDA tensor check: 8.0
Wed Jul 15 15:26:07 2026       
+-----------------------------------------------------------------------------------------+
| NVIDIA-SMI 560.35.03              Driver Version: 560.35.03      CUDA Version: 12.6     |
|-----------------------------------------+------------------------+----------------------+
| GPU  Name                 Persistence-M | Bus-Id          Disp.A | Volatile Uncorr. ECC |
| Fan  Temp   Perf          Pwr:Usage/Cap |           Memory-Usage | GPU-Util  Compute M. |
|                                         |                        |               MIG M. |
|=========================================+========================+======================|
|   0  NVIDIA L40S                    On  |   00000000:0D:00.0 Off |                    0 |
| N/A   39C    P0             41W /  350W |     503MiB /  46068MiB |      5%      Default |
|                                         |                        |                  N/A |
+-----------------------------------------+------------------------+----------------------+
                                                                                         
+-----------------------------------------------------------------------------------------+
| Processes:                                                                              |
|  GPU   GI   CI        PID   Type   Process name                              GPU Memory |
|        ID   ID                                                               Usage      |
|=========================================================================================|
|    0   N/A  N/A   3215281      C   python3                                       494MiB |
+-----------------------------------------------------------------------------------------+
CUDA verified: NVIDIA L40S; tensor dot product=8.0
GPU startup: NVIDIA L40S, 533, 46068, 1
Loaded train=6026, valid=754; reserved test set is not loaded
epoch=1 loss=0.282898 valid_micro_fmax=0.054224
epoch=2 loss=0.218472 valid_micro_fmax=0.083260
epoch=3 loss=0.200158 valid_micro_fmax=0.120790
epoch=4 loss=0.186302 valid_micro_fmax=0.144215
epoch=5 loss=0.171754 valid_micro_fmax=0.145685
epoch=6 loss=0.153623 valid_micro_fmax=0.169264
epoch=7 loss=0.132226 valid_micro_fmax=0.182930
epoch=8 loss=0.110023 valid_micro_fmax=0.208674
epoch=9 loss=0.088220 valid_micro_fmax=0.240716
epoch=10 loss=0.069142 valid_micro_fmax=0.279015
epoch=11 loss=0.053152 valid_micro_fmax=0.308997
epoch=12 loss=0.040797 valid_micro_fmax=0.309414
epoch=13 loss=0.031492 valid_micro_fmax=0.332240
epoch=14 loss=0.024608 valid_micro_fmax=0.341184
epoch=15 loss=0.019265 valid_micro_fmax=0.379797
epoch=16 loss=0.015332 valid_micro_fmax=0.360365
epoch=17 loss=0.012445 valid_micro_fmax=0.371191
epoch=18 loss=0.010451 valid_micro_fmax=0.375467
epoch=19 loss=0.008878 valid_micro_fmax=0.382696
epoch=20 loss=0.007020 valid_micro_fmax=0.392197
epoch=21 loss=0.005876 valid_micro_fmax=0.404776
epoch=22 loss=0.004980 valid_micro_fmax=0.401131
epoch=23 loss=0.004333 valid_micro_fmax=0.401914
epoch=24 loss=0.003777 valid_micro_fmax=0.410677
epoch=25 loss=0.003287 valid_micro_fmax=0.419193
epoch=26 loss=0.002860 valid_micro_fmax=0.417210
epoch=27 loss=0.002689 valid_micro_fmax=0.400053
epoch=28 loss=0.002254 valid_micro_fmax=0.408994
epoch=29 loss=0.002124 valid_micro_fmax=0.397687
epoch=30 loss=0.002266 valid_micro_fmax=0.399846
epoch=31 loss=0.001589 valid_micro_fmax=0.410453
epoch=32 loss=0.001458 valid_micro_fmax=0.422430
epoch=33 loss=0.001230 valid_micro_fmax=0.405766
epoch=34 loss=0.001152 valid_micro_fmax=0.412640
epoch=35 loss=0.005174 valid_micro_fmax=0.426298
epoch=36 loss=0.001967 valid_micro_fmax=0.428972
epoch=37 loss=0.001260 valid_micro_fmax=0.428590
epoch=38 loss=0.001073 valid_micro_fmax=0.420923
epoch=39 loss=0.000838 valid_micro_fmax=0.420252
epoch=40 loss=0.000755 valid_micro_fmax=0.429462
epoch=41 loss=0.000693 valid_micro_fmax=0.426005
epoch=42 loss=0.000637 valid_micro_fmax=0.425428
epoch=43 loss=0.000596 valid_micro_fmax=0.418937
epoch=44 loss=0.000547 valid_micro_fmax=0.432032
epoch=45 loss=0.000521 valid_micro_fmax=0.423001
epoch=46 loss=0.000454 valid_micro_fmax=0.427426
epoch=47 loss=0.000415 valid_micro_fmax=0.407825
epoch=48 loss=0.000493 valid_micro_fmax=0.421053
epoch=49 loss=0.000461 valid_micro_fmax=0.417451
epoch=50 loss=0.000539 valid_micro_fmax=0.429406
epoch=51 loss=0.000473 valid_micro_fmax=0.393768
epoch=52 loss=0.000457 valid_micro_fmax=0.407475
epoch=53 loss=0.003941 valid_micro_fmax=0.385900
Early stopping after 53 epochs (patience=9)
GPU completion: NVIDIA L40S, 40537, 46068, 0
