GPU: NVIDIA L40S
CUDA tensor check: 8.0
Sun Jul 19 18:21:02 2026       
+-----------------------------------------------------------------------------------------+
| NVIDIA-SMI 560.35.03              Driver Version: 560.35.03      CUDA Version: 12.6     |
|-----------------------------------------+------------------------+----------------------+
| GPU  Name                 Persistence-M | Bus-Id          Disp.A | Volatile Uncorr. ECC |
| Fan  Temp   Perf          Pwr:Usage/Cap |           Memory-Usage | GPU-Util  Compute M. |
|                                         |                        |               MIG M. |
|=========================================+========================+======================|
|   0  NVIDIA L40S                    On  |   00000000:0D:00.0 Off |                    0 |
| N/A   35C    P0             40W /  350W |     503MiB /  46068MiB |      0%      Default |
|                                         |                        |                  N/A |
+-----------------------------------------+------------------------+----------------------+
                                                                                         
+-----------------------------------------------------------------------------------------+
| Processes:                                                                              |
|  GPU   GI   CI        PID   Type   Process name                              GPU Memory |
|        ID   ID                                                               Usage      |
|=========================================================================================|
|    0   N/A  N/A   1288046      C   python3                                       494MiB |
+-----------------------------------------------------------------------------------------+
CUDA verified: NVIDIA L40S; tensor dot product=8.0
GPU startup: NVIDIA L40S, 533, 46068, 1
Loaded train=6026, valid=754; reserved test set is not loaded
epoch=1 loss=1.068970 validation_macro_fmax=0.285127 valid_micro_fmax=0.316123
epoch=2 loss=0.855311 validation_macro_fmax=0.310563 valid_micro_fmax=0.405405
epoch=3 loss=0.733005 validation_macro_fmax=0.325680 valid_micro_fmax=0.395605
epoch=4 loss=0.618067 validation_macro_fmax=0.324913 valid_micro_fmax=0.342169
epoch=5 loss=0.489794 validation_macro_fmax=0.314462 valid_micro_fmax=0.457730
epoch=6 loss=0.381521 validation_macro_fmax=0.306504 valid_micro_fmax=0.445604
epoch=7 loss=0.292184 validation_macro_fmax=0.293245 valid_micro_fmax=0.443423
epoch=8 loss=0.227529 validation_macro_fmax=0.302051 valid_micro_fmax=0.422313
epoch=9 loss=0.188468 validation_macro_fmax=0.315382 valid_micro_fmax=0.483537
epoch=10 loss=0.157500 validation_macro_fmax=0.317392 valid_micro_fmax=0.502438
epoch=11 loss=0.129527 validation_macro_fmax=0.311718 valid_micro_fmax=0.475686
epoch=12 loss=0.115880 validation_macro_fmax=0.297425 valid_micro_fmax=0.484530
Early stopping after 12 epochs (patience=9)
GPU completion: NVIDIA L40S, 19531, 46068, 0
