GPU: NVIDIA L40S
CUDA tensor check: 8.0
Sun Jul 19 11:10:13 2026       
+-----------------------------------------------------------------------------------------+
| NVIDIA-SMI 560.35.03              Driver Version: 560.35.03      CUDA Version: 12.6     |
|-----------------------------------------+------------------------+----------------------+
| GPU  Name                 Persistence-M | Bus-Id          Disp.A | Volatile Uncorr. ECC |
| Fan  Temp   Perf          Pwr:Usage/Cap |           Memory-Usage | GPU-Util  Compute M. |
|                                         |                        |               MIG M. |
|=========================================+========================+======================|
|   0  NVIDIA L40S                    On  |   00000000:B5:00.0 Off |                    0 |
| N/A   52C    P0             47W /  350W |     503MiB /  46068MiB |      0%      Default |
|                                         |                        |                  N/A |
+-----------------------------------------+------------------------+----------------------+
                                                                                         
+-----------------------------------------------------------------------------------------+
| Processes:                                                                              |
|  GPU   GI   CI        PID   Type   Process name                              GPU Memory |
|        ID   ID                                                               Usage      |
|=========================================================================================|
|    0   N/A  N/A    728555      C   python3                                       494MiB |
+-----------------------------------------------------------------------------------------+
CUDA verified: NVIDIA L40S; tensor dot product=8.0
GPU startup: NVIDIA L40S, 533, 46068, 0
Loaded train=6026, valid=754; reserved test set is not loaded
epoch=1 loss=0.851013 validation_macro_fmax=0.234811 valid_micro_fmax=0.092367
epoch=2 loss=0.423860 validation_macro_fmax=0.235499 valid_micro_fmax=0.083435
epoch=3 loss=0.310585 validation_macro_fmax=0.260393 valid_micro_fmax=0.104079
epoch=4 loss=0.222344 validation_macro_fmax=0.301566 valid_micro_fmax=0.127302
epoch=5 loss=0.204030 validation_macro_fmax=0.287408 valid_micro_fmax=0.121893
epoch=6 loss=0.134951 validation_macro_fmax=0.319671 valid_micro_fmax=0.161432
epoch=7 loss=0.123182 validation_macro_fmax=0.315461 valid_micro_fmax=0.158742
epoch=8 loss=0.103285 validation_macro_fmax=0.305844 valid_micro_fmax=0.157378
epoch=9 loss=0.121408 validation_macro_fmax=0.306314 valid_micro_fmax=0.184460
epoch=10 loss=0.091064 validation_macro_fmax=0.331629 valid_micro_fmax=0.200696
epoch=11 loss=0.088238 validation_macro_fmax=0.331826 valid_micro_fmax=0.184313
epoch=12 loss=0.086856 validation_macro_fmax=0.314844 valid_micro_fmax=0.193040
epoch=13 loss=0.077825 validation_macro_fmax=0.327330 valid_micro_fmax=0.206343
epoch=14 loss=0.062973 validation_macro_fmax=0.319296 valid_micro_fmax=0.198779
epoch=15 loss=0.077576 validation_macro_fmax=0.312880 valid_micro_fmax=0.185826
epoch=16 loss=0.073679 validation_macro_fmax=0.324100 valid_micro_fmax=0.209985
epoch=17 loss=0.075229 validation_macro_fmax=0.326947 valid_micro_fmax=0.201512
epoch=18 loss=0.049326 validation_macro_fmax=0.315737 valid_micro_fmax=0.223738
epoch=19 loss=0.052420 validation_macro_fmax=0.312012 valid_micro_fmax=0.188697
epoch=20 loss=0.043817 validation_macro_fmax=0.328118 valid_micro_fmax=0.203804
epoch=21 loss=0.061093 validation_macro_fmax=0.313173 valid_micro_fmax=0.211400
Early stopping after 21 epochs (patience=10)
GPU completion: NVIDIA L40S, 35865, 46068, 0
