GPU: NVIDIA L40S
CUDA tensor check: 8.0
Thu Jul 16 23:56:18 2026       
+-----------------------------------------------------------------------------------------+
| NVIDIA-SMI 560.35.03              Driver Version: 560.35.03      CUDA Version: 12.6     |
|-----------------------------------------+------------------------+----------------------+
| GPU  Name                 Persistence-M | Bus-Id          Disp.A | Volatile Uncorr. ECC |
| Fan  Temp   Perf          Pwr:Usage/Cap |           Memory-Usage | GPU-Util  Compute M. |
|                                         |                        |               MIG M. |
|=========================================+========================+======================|
|   0  NVIDIA L40S                    On  |   00000000:B5:00.0 Off |                    0 |
| N/A   54C    P0             43W /  350W |     503MiB /  46068MiB |      0%      Default |
|                                         |                        |                  N/A |
+-----------------------------------------+------------------------+----------------------+
                                                                                         
+-----------------------------------------------------------------------------------------+
| Processes:                                                                              |
|  GPU   GI   CI        PID   Type   Process name                              GPU Memory |
|        ID   ID                                                               Usage      |
|=========================================================================================|
|    0   N/A  N/A   1629399      C   python3                                       494MiB |
+-----------------------------------------------------------------------------------------+
CUDA verified: NVIDIA L40S; tensor dot product=8.0
GPU startup: NVIDIA L40S, 533, 46068, 1
Loaded train=6026, valid=754; reserved test set is not loaded
epoch=1 loss=0.868777 validation_macro_fmax=0.303043 valid_micro_fmax=0.146377
epoch=2 loss=0.554403 validation_macro_fmax=0.319784 valid_micro_fmax=0.253271
epoch=3 loss=0.256645 validation_macro_fmax=0.331862 valid_micro_fmax=0.322521
epoch=4 loss=0.108308 validation_macro_fmax=0.339910 valid_micro_fmax=0.317339
epoch=5 loss=0.054917 validation_macro_fmax=0.337245 valid_micro_fmax=0.354451
epoch=6 loss=0.032336 validation_macro_fmax=0.330286 valid_micro_fmax=0.407823
epoch=7 loss=0.024706 validation_macro_fmax=0.340833 valid_micro_fmax=0.409858
epoch=8 loss=0.020477 validation_macro_fmax=0.333054 valid_micro_fmax=0.395329
epoch=9 loss=0.012429 validation_macro_fmax=0.342594 valid_micro_fmax=0.379959
epoch=10 loss=0.223429 validation_macro_fmax=0.301899 valid_micro_fmax=0.214360
epoch=11 loss=0.067390 validation_macro_fmax=0.322632 valid_micro_fmax=0.278097
epoch=12 loss=0.030622 validation_macro_fmax=0.324983 valid_micro_fmax=0.332849
epoch=13 loss=0.020587 validation_macro_fmax=0.334646 valid_micro_fmax=0.376733
epoch=14 loss=0.016267 validation_macro_fmax=0.331061 valid_micro_fmax=0.390046
epoch=15 loss=0.012201 validation_macro_fmax=0.320666 valid_micro_fmax=0.384743
epoch=16 loss=0.009564 validation_macro_fmax=0.321005 valid_micro_fmax=0.401877
epoch=17 loss=0.008064 validation_macro_fmax=0.322392 valid_micro_fmax=0.393824
Early stopping after 17 epochs (patience=8)
GPU completion: NVIDIA L40S, 37249, 46068, 0
