GPU: NVIDIA L40S
CUDA tensor check: 8.0
Thu Jul 16 19:50:13 2026       
+-----------------------------------------------------------------------------------------+
| NVIDIA-SMI 560.35.03              Driver Version: 560.35.03      CUDA Version: 12.6     |
|-----------------------------------------+------------------------+----------------------+
| GPU  Name                 Persistence-M | Bus-Id          Disp.A | Volatile Uncorr. ECC |
| Fan  Temp   Perf          Pwr:Usage/Cap |           Memory-Usage | GPU-Util  Compute M. |
|                                         |                        |               MIG M. |
|=========================================+========================+======================|
|   0  NVIDIA L40S                    On  |   00000000:B5:00.0 Off |                    0 |
| N/A   36C    P0             37W /  350W |     503MiB /  46068MiB |      0%      Default |
|                                         |                        |                  N/A |
+-----------------------------------------+------------------------+----------------------+
                                                                                         
+-----------------------------------------------------------------------------------------+
| Processes:                                                                              |
|  GPU   GI   CI        PID   Type   Process name                              GPU Memory |
|        ID   ID                                                               Usage      |
|=========================================================================================|
|    0   N/A  N/A   1513551      C   python3                                       494MiB |
+-----------------------------------------------------------------------------------------+
CUDA verified: NVIDIA L40S; tensor dot product=8.0
GPU startup: NVIDIA L40S, 533, 46068, 4
Loaded train=6026, valid=754; reserved test set is not loaded
epoch=1 loss=0.303494 validation_macro_fmax=0.159770 valid_micro_fmax=0.087092
epoch=2 loss=0.225595 validation_macro_fmax=0.215221 valid_micro_fmax=0.115926
epoch=3 loss=0.192541 validation_macro_fmax=0.223078 valid_micro_fmax=0.121860
epoch=4 loss=0.156963 validation_macro_fmax=0.232247 valid_micro_fmax=0.117913
epoch=5 loss=0.117333 validation_macro_fmax=0.244876 valid_micro_fmax=0.160925
epoch=6 loss=0.082644 validation_macro_fmax=0.251140 valid_micro_fmax=0.194614
epoch=7 loss=0.057954 validation_macro_fmax=0.268126 valid_micro_fmax=0.217391
epoch=8 loss=0.041808 validation_macro_fmax=0.284893 valid_micro_fmax=0.231163
epoch=9 loss=0.031333 validation_macro_fmax=0.284242 valid_micro_fmax=0.263350
epoch=10 loss=0.024466 validation_macro_fmax=0.261394 valid_micro_fmax=0.262618
epoch=11 loss=0.019367 validation_macro_fmax=0.294054 valid_micro_fmax=0.277037
epoch=12 loss=0.016365 validation_macro_fmax=0.290915 valid_micro_fmax=0.292407
epoch=13 loss=0.013619 validation_macro_fmax=0.295009 valid_micro_fmax=0.270410
epoch=14 loss=0.012031 validation_macro_fmax=0.280940 valid_micro_fmax=0.297370
epoch=15 loss=0.010691 validation_macro_fmax=0.282859 valid_micro_fmax=0.287603
epoch=16 loss=0.009423 validation_macro_fmax=0.297417 valid_micro_fmax=0.302922
epoch=17 loss=0.008608 validation_macro_fmax=0.310875 valid_micro_fmax=0.267574
epoch=18 loss=0.007626 validation_macro_fmax=0.287439 valid_micro_fmax=0.304939
epoch=19 loss=0.006625 validation_macro_fmax=0.293343 valid_micro_fmax=0.315700
epoch=20 loss=0.006098 validation_macro_fmax=0.279213 valid_micro_fmax=0.314898
epoch=21 loss=0.005857 validation_macro_fmax=0.291685 valid_micro_fmax=0.302138
epoch=22 loss=0.005266 validation_macro_fmax=0.303832 valid_micro_fmax=0.330275
epoch=23 loss=0.004728 validation_macro_fmax=0.277363 valid_micro_fmax=0.318167
epoch=24 loss=0.004321 validation_macro_fmax=0.303759 valid_micro_fmax=0.317478
epoch=25 loss=0.004461 validation_macro_fmax=0.295635 valid_micro_fmax=0.356131
Early stopping after 25 epochs (patience=8)
GPU completion: NVIDIA L40S, 14875, 46068, 0
