GPU: NVIDIA L40S
CUDA tensor check: 8.0
Mon Jul 20 05:45:51 2026       
+-----------------------------------------------------------------------------------------+
| NVIDIA-SMI 560.35.03              Driver Version: 560.35.03      CUDA Version: 12.6     |
|-----------------------------------------+------------------------+----------------------+
| GPU  Name                 Persistence-M | Bus-Id          Disp.A | Volatile Uncorr. ECC |
| Fan  Temp   Perf          Pwr:Usage/Cap |           Memory-Usage | GPU-Util  Compute M. |
|                                         |                        |               MIG M. |
|=========================================+========================+======================|
|   0  NVIDIA L40S                    On  |   00000000:B5:00.0 Off |                    0 |
| N/A   53C    P0             44W /  350W |     503MiB /  46068MiB |      1%      Default |
|                                         |                        |                  N/A |
+-----------------------------------------+------------------------+----------------------+
                                                                                         
+-----------------------------------------------------------------------------------------+
| Processes:                                                                              |
|  GPU   GI   CI        PID   Type   Process name                              GPU Memory |
|        ID   ID                                                               Usage      |
|=========================================================================================|
|    0   N/A  N/A   1224751      C   python3                                       494MiB |
+-----------------------------------------------------------------------------------------+
CUDA verified: NVIDIA L40S; tensor dot product=8.0
GPU startup: NVIDIA L40S, 533, 46068, 0
Loaded train=6026, valid=754; reserved test set is not loaded
epoch=1 loss=0.976839 validation_macro_fmax=0.273797 valid_micro_fmax=0.064506
epoch=2 loss=0.764099 validation_macro_fmax=0.300149 valid_micro_fmax=0.099561
epoch=3 loss=0.626150 validation_macro_fmax=0.321035 valid_micro_fmax=0.106689
epoch=4 loss=0.455452 validation_macro_fmax=0.316823 valid_micro_fmax=0.177313
epoch=5 loss=0.298584 validation_macro_fmax=0.325569 valid_micro_fmax=0.153276
epoch=6 loss=0.198767 validation_macro_fmax=0.334136 valid_micro_fmax=0.151137
epoch=7 loss=0.134030 validation_macro_fmax=0.334416 valid_micro_fmax=0.165722
epoch=8 loss=0.094427 validation_macro_fmax=0.340763 valid_micro_fmax=0.192075
epoch=9 loss=0.075032 validation_macro_fmax=0.325402 valid_micro_fmax=0.170170
epoch=10 loss=0.061471 validation_macro_fmax=0.362110 valid_micro_fmax=0.215290
epoch=11 loss=0.055645 validation_macro_fmax=0.343705 valid_micro_fmax=0.159976
epoch=12 loss=0.045299 validation_macro_fmax=0.352511 valid_micro_fmax=0.168143
epoch=13 loss=0.047834 validation_macro_fmax=0.343336 valid_micro_fmax=0.175686
epoch=14 loss=0.037314 validation_macro_fmax=0.338927 valid_micro_fmax=0.174001
epoch=15 loss=0.029874 validation_macro_fmax=0.338136 valid_micro_fmax=0.215280
epoch=16 loss=0.036353 validation_macro_fmax=0.282408 valid_micro_fmax=0.132105
epoch=17 loss=0.044624 validation_macro_fmax=0.356763 valid_micro_fmax=0.193848
epoch=18 loss=0.025724 validation_macro_fmax=0.364027 valid_micro_fmax=0.220435
epoch=19 loss=0.033943 validation_macro_fmax=0.333359 valid_micro_fmax=0.180031
epoch=20 loss=0.020965 validation_macro_fmax=0.362049 valid_micro_fmax=0.216358
epoch=21 loss=0.022049 validation_macro_fmax=0.350757 valid_micro_fmax=0.183447
epoch=22 loss=0.018476 validation_macro_fmax=0.349274 valid_micro_fmax=0.191352
epoch=23 loss=0.013411 validation_macro_fmax=0.356033 valid_micro_fmax=0.186035
epoch=24 loss=0.030492 validation_macro_fmax=0.357352 valid_micro_fmax=0.212598
epoch=25 loss=0.019582 validation_macro_fmax=0.347316 valid_micro_fmax=0.181780
epoch=26 loss=0.020100 validation_macro_fmax=0.330054 valid_micro_fmax=0.174807
epoch=27 loss=0.017675 validation_macro_fmax=0.308622 valid_micro_fmax=0.181352
Early stopping after 27 epochs (patience=9)
GPU completion: NVIDIA L40S, 26891, 46068, 0
