GPU: NVIDIA L40S
CUDA tensor check: 8.0
Sun Jul 19 21:03:07 2026       
+-----------------------------------------------------------------------------------------+
| NVIDIA-SMI 560.35.03              Driver Version: 560.35.03      CUDA Version: 12.6     |
|-----------------------------------------+------------------------+----------------------+
| GPU  Name                 Persistence-M | Bus-Id          Disp.A | Volatile Uncorr. ECC |
| Fan  Temp   Perf          Pwr:Usage/Cap |           Memory-Usage | GPU-Util  Compute M. |
|                                         |                        |               MIG M. |
|=========================================+========================+======================|
|   0  NVIDIA L40S                    On  |   00000000:B5:00.0 Off |                    0 |
| N/A   46C    P0             41W /  350W |     503MiB /  46068MiB |      1%      Default |
|                                         |                        |                  N/A |
+-----------------------------------------+------------------------+----------------------+
                                                                                         
+-----------------------------------------------------------------------------------------+
| Processes:                                                                              |
|  GPU   GI   CI        PID   Type   Process name                              GPU Memory |
|        ID   ID                                                               Usage      |
|=========================================================================================|
|    0   N/A  N/A   1012615      C   python3                                       494MiB |
+-----------------------------------------------------------------------------------------+
CUDA verified: NVIDIA L40S; tensor dot product=8.0
GPU startup: NVIDIA L40S, 533, 46068, 5
Loaded train=6026, valid=754; reserved test set is not loaded
epoch=1 loss=0.841302 validation_macro_fmax=0.332623 valid_micro_fmax=0.436560
epoch=2 loss=0.479976 validation_macro_fmax=0.299707 valid_micro_fmax=0.407742
epoch=3 loss=0.221020 validation_macro_fmax=0.297854 valid_micro_fmax=0.490964
epoch=4 loss=0.109219 validation_macro_fmax=0.335515 valid_micro_fmax=0.524782
epoch=5 loss=0.063641 validation_macro_fmax=0.274083 valid_micro_fmax=0.468692
epoch=6 loss=0.045831 validation_macro_fmax=0.276609 valid_micro_fmax=0.502512
epoch=7 loss=0.030931 validation_macro_fmax=0.283021 valid_micro_fmax=0.514723
epoch=8 loss=0.024587 validation_macro_fmax=0.317625 valid_micro_fmax=0.461467
epoch=9 loss=0.023740 validation_macro_fmax=0.294441 valid_micro_fmax=0.497518
epoch=10 loss=0.018575 validation_macro_fmax=0.262085 valid_micro_fmax=0.500828
epoch=11 loss=0.012642 validation_macro_fmax=0.274420 valid_micro_fmax=0.488686
epoch=12 loss=0.010398 validation_macro_fmax=0.268772 valid_micro_fmax=0.497716
Early stopping after 12 epochs (patience=8)
GPU completion: NVIDIA L40S, 40877, 46068, 0
