GPU: NVIDIA L40S
CUDA tensor check: 8.0
Mon Jul 20 02:16:28 2026       
+-----------------------------------------------------------------------------------------+
| NVIDIA-SMI 560.35.03              Driver Version: 560.35.03      CUDA Version: 12.6     |
|-----------------------------------------+------------------------+----------------------+
| GPU  Name                 Persistence-M | Bus-Id          Disp.A | Volatile Uncorr. ECC |
| Fan  Temp   Perf          Pwr:Usage/Cap |           Memory-Usage | GPU-Util  Compute M. |
|                                         |                        |               MIG M. |
|=========================================+========================+======================|
|   0  NVIDIA L40S                    On  |   00000000:B5:00.0 Off |                    0 |
| N/A   47C    P0             42W /  350W |     503MiB /  46068MiB |      0%      Default |
|                                         |                        |                  N/A |
+-----------------------------------------+------------------------+----------------------+
                                                                                         
+-----------------------------------------------------------------------------------------+
| Processes:                                                                              |
|  GPU   GI   CI        PID   Type   Process name                              GPU Memory |
|        ID   ID                                                               Usage      |
|=========================================================================================|
|    0   N/A  N/A   1699265      C   python3                                       494MiB |
+-----------------------------------------------------------------------------------------+
CUDA verified: NVIDIA L40S; tensor dot product=8.0
GPU startup: NVIDIA L40S, 533, 46068, 5
Loaded train=6026, valid=754; reserved test set is not loaded
epoch=1 loss=1.204948 validation_macro_fmax=0.099869 valid_micro_fmax=0.017041
epoch=2 loss=1.121747 validation_macro_fmax=0.103402 valid_micro_fmax=0.018013
epoch=3 loss=1.067335 validation_macro_fmax=0.113690 valid_micro_fmax=0.019748
epoch=4 loss=1.023305 validation_macro_fmax=0.124680 valid_micro_fmax=0.022280
epoch=5 loss=0.990030 validation_macro_fmax=0.132052 valid_micro_fmax=0.025075
epoch=6 loss=0.963266 validation_macro_fmax=0.143502 valid_micro_fmax=0.030029
epoch=7 loss=0.937682 validation_macro_fmax=0.149921 valid_micro_fmax=0.037629
epoch=8 loss=0.915896 validation_macro_fmax=0.159585 valid_micro_fmax=0.049719
epoch=9 loss=0.897923 validation_macro_fmax=0.166827 valid_micro_fmax=0.053363
epoch=10 loss=0.883331 validation_macro_fmax=0.178066 valid_micro_fmax=0.072928
epoch=11 loss=0.868487 validation_macro_fmax=0.184395 valid_micro_fmax=0.082738
epoch=12 loss=0.855875 validation_macro_fmax=0.195844 valid_micro_fmax=0.098277
epoch=13 loss=0.844390 validation_macro_fmax=0.200099 valid_micro_fmax=0.105798
epoch=14 loss=0.833936 validation_macro_fmax=0.207311 valid_micro_fmax=0.114556
epoch=15 loss=0.825830 validation_macro_fmax=0.212940 valid_micro_fmax=0.127361
epoch=16 loss=0.817580 validation_macro_fmax=0.219057 valid_micro_fmax=0.131608
epoch=17 loss=0.809047 validation_macro_fmax=0.226123 valid_micro_fmax=0.136836
epoch=18 loss=0.801385 validation_macro_fmax=0.228539 valid_micro_fmax=0.143920
epoch=19 loss=0.794617 validation_macro_fmax=0.237056 valid_micro_fmax=0.153098
epoch=20 loss=0.786907 validation_macro_fmax=0.237723 valid_micro_fmax=0.158934
epoch=21 loss=0.781692 validation_macro_fmax=0.247145 valid_micro_fmax=0.167420
epoch=22 loss=0.774645 validation_macro_fmax=0.250076 valid_micro_fmax=0.175474
epoch=23 loss=0.768646 validation_macro_fmax=0.255172 valid_micro_fmax=0.181793
epoch=24 loss=0.763551 validation_macro_fmax=0.254656 valid_micro_fmax=0.186446
epoch=25 loss=0.756855 validation_macro_fmax=0.260171 valid_micro_fmax=0.192858
epoch=26 loss=0.751006 validation_macro_fmax=0.266816 valid_micro_fmax=0.191925
epoch=27 loss=0.745656 validation_macro_fmax=0.264900 valid_micro_fmax=0.200626
epoch=28 loss=0.739890 validation_macro_fmax=0.272459 valid_micro_fmax=0.206863
epoch=29 loss=0.734160 validation_macro_fmax=0.277007 valid_micro_fmax=0.208848
epoch=30 loss=0.727766 validation_macro_fmax=0.278989 valid_micro_fmax=0.209475
epoch=31 loss=0.722216 validation_macro_fmax=0.284639 valid_micro_fmax=0.213649
epoch=32 loss=0.716213 validation_macro_fmax=0.284744 valid_micro_fmax=0.214306
epoch=33 loss=0.709537 validation_macro_fmax=0.287126 valid_micro_fmax=0.226258
epoch=34 loss=0.701990 validation_macro_fmax=0.287972 valid_micro_fmax=0.226844
epoch=35 loss=0.695602 validation_macro_fmax=0.290484 valid_micro_fmax=0.230516
epoch=36 loss=0.688795 validation_macro_fmax=0.295477 valid_micro_fmax=0.230539
epoch=37 loss=0.681874 validation_macro_fmax=0.292195 valid_micro_fmax=0.233484
epoch=38 loss=0.674019 validation_macro_fmax=0.296669 valid_micro_fmax=0.239273
epoch=39 loss=0.667723 validation_macro_fmax=0.301156 valid_micro_fmax=0.238204
epoch=40 loss=0.658896 validation_macro_fmax=0.302086 valid_micro_fmax=0.242784
epoch=41 loss=0.651176 validation_macro_fmax=0.302156 valid_micro_fmax=0.246259
epoch=42 loss=0.643211 validation_macro_fmax=0.304459 valid_micro_fmax=0.251311
epoch=43 loss=0.634430 validation_macro_fmax=0.306773 valid_micro_fmax=0.250867
epoch=44 loss=0.626477 validation_macro_fmax=0.312359 valid_micro_fmax=0.256153
epoch=45 loss=0.617679 validation_macro_fmax=0.311746 valid_micro_fmax=0.259705
epoch=46 loss=0.607592 validation_macro_fmax=0.313777 valid_micro_fmax=0.256544
epoch=47 loss=0.598698 validation_macro_fmax=0.312456 valid_micro_fmax=0.261556
epoch=48 loss=0.588921 validation_macro_fmax=0.315633 valid_micro_fmax=0.264697
epoch=49 loss=0.579307 validation_macro_fmax=0.319042 valid_micro_fmax=0.264450
epoch=50 loss=0.568886 validation_macro_fmax=0.316443 valid_micro_fmax=0.266345
epoch=51 loss=0.558790 validation_macro_fmax=0.318345 valid_micro_fmax=0.270545
epoch=52 loss=0.548642 validation_macro_fmax=0.319573 valid_micro_fmax=0.271734
epoch=53 loss=0.538371 validation_macro_fmax=0.319771 valid_micro_fmax=0.273274
epoch=54 loss=0.527140 validation_macro_fmax=0.322627 valid_micro_fmax=0.276583
epoch=55 loss=0.516740 validation_macro_fmax=0.324622 valid_micro_fmax=0.271924
epoch=56 loss=0.505326 validation_macro_fmax=0.324780 valid_micro_fmax=0.277501
epoch=57 loss=0.494360 validation_macro_fmax=0.325032 valid_micro_fmax=0.276495
epoch=58 loss=0.482655 validation_macro_fmax=0.330281 valid_micro_fmax=0.275158
epoch=59 loss=0.471398 validation_macro_fmax=0.330620 valid_micro_fmax=0.285359
epoch=60 loss=0.459929 validation_macro_fmax=0.329367 valid_micro_fmax=0.280691
epoch=61 loss=0.449400 validation_macro_fmax=0.337963 valid_micro_fmax=0.281336
epoch=62 loss=0.437075 validation_macro_fmax=0.334170 valid_micro_fmax=0.279055
epoch=63 loss=0.426248 validation_macro_fmax=0.338332 valid_micro_fmax=0.280621
epoch=64 loss=0.414457 validation_macro_fmax=0.336911 valid_micro_fmax=0.280690
epoch=65 loss=0.403275 validation_macro_fmax=0.339380 valid_micro_fmax=0.286292
epoch=66 loss=0.391550 validation_macro_fmax=0.342380 valid_micro_fmax=0.283338
epoch=67 loss=0.380937 validation_macro_fmax=0.337452 valid_micro_fmax=0.287969
epoch=68 loss=0.369186 validation_macro_fmax=0.343465 valid_micro_fmax=0.294927
epoch=69 loss=0.357697 validation_macro_fmax=0.340039 valid_micro_fmax=0.295858
epoch=70 loss=0.347134 validation_macro_fmax=0.341942 valid_micro_fmax=0.293046
epoch=71 loss=0.336630 validation_macro_fmax=0.340226 valid_micro_fmax=0.293103
epoch=72 loss=0.325860 validation_macro_fmax=0.341227 valid_micro_fmax=0.299769
epoch=73 loss=0.315799 validation_macro_fmax=0.342369 valid_micro_fmax=0.298450
epoch=74 loss=0.305597 validation_macro_fmax=0.340653 valid_micro_fmax=0.301488
epoch=75 loss=0.295221 validation_macro_fmax=0.346177 valid_micro_fmax=0.303021
epoch=76 loss=0.286525 validation_macro_fmax=0.344479 valid_micro_fmax=0.298272
epoch=77 loss=0.276132 validation_macro_fmax=0.342337 valid_micro_fmax=0.306205
epoch=78 loss=0.266925 validation_macro_fmax=0.346297 valid_micro_fmax=0.304387
epoch=79 loss=0.257762 validation_macro_fmax=0.340530 valid_micro_fmax=0.303701
epoch=80 loss=0.249151 validation_macro_fmax=0.341540 valid_micro_fmax=0.305433
epoch=81 loss=0.240231 validation_macro_fmax=0.343048 valid_micro_fmax=0.313708
epoch=82 loss=0.233205 validation_macro_fmax=0.344342 valid_micro_fmax=0.312439
epoch=83 loss=0.224958 validation_macro_fmax=0.339051 valid_micro_fmax=0.314837
epoch=84 loss=0.217049 validation_macro_fmax=0.343611 valid_micro_fmax=0.317654
epoch=85 loss=0.209855 validation_macro_fmax=0.346094 valid_micro_fmax=0.318939
epoch=86 loss=0.202466 validation_macro_fmax=0.344238 valid_micro_fmax=0.323829
Early stopping after 86 epochs (patience=8)
GPU completion: NVIDIA L40S, 13773, 46068, 0
