GPU: NVIDIA L40S
CUDA tensor check: 8.0
Thu Jul 16 20:41:45 2026       
+-----------------------------------------------------------------------------------------+
| NVIDIA-SMI 560.35.03              Driver Version: 560.35.03      CUDA Version: 12.6     |
|-----------------------------------------+------------------------+----------------------+
| GPU  Name                 Persistence-M | Bus-Id          Disp.A | Volatile Uncorr. ECC |
| Fan  Temp   Perf          Pwr:Usage/Cap |           Memory-Usage | GPU-Util  Compute M. |
|                                         |                        |               MIG M. |
|=========================================+========================+======================|
|   0  NVIDIA L40S                    On  |   00000000:B5:00.0 Off |                    0 |
| N/A   44C    P0             42W /  350W |     503MiB /  46068MiB |      5%      Default |
|                                         |                        |                  N/A |
+-----------------------------------------+------------------------+----------------------+
                                                                                         
+-----------------------------------------------------------------------------------------+
| Processes:                                                                              |
|  GPU   GI   CI        PID   Type   Process name                              GPU Memory |
|        ID   ID                                                               Usage      |
|=========================================================================================|
|    0   N/A  N/A   2786788      C   python3                                       494MiB |
+-----------------------------------------------------------------------------------------+
CUDA verified: NVIDIA L40S; tensor dot product=8.0
GPU startup: NVIDIA L40S, 533, 46068, 0
Loaded train=6026, valid=754; reserved test set is not loaded
epoch=1 loss=0.748160 validation_macro_fmax=0.104673 valid_micro_fmax=0.010597
epoch=2 loss=0.713806 validation_macro_fmax=0.104293 valid_micro_fmax=0.010708
epoch=3 loss=0.684998 validation_macro_fmax=0.106967 valid_micro_fmax=0.010784
epoch=4 loss=0.661962 validation_macro_fmax=0.107755 valid_micro_fmax=0.010930
epoch=5 loss=0.643774 validation_macro_fmax=0.109911 valid_micro_fmax=0.011085
epoch=6 loss=0.628410 validation_macro_fmax=0.110870 valid_micro_fmax=0.011286
epoch=7 loss=0.616171 validation_macro_fmax=0.116105 valid_micro_fmax=0.011573
epoch=8 loss=0.624245 validation_macro_fmax=0.115724 valid_micro_fmax=0.011786
epoch=9 loss=0.595931 validation_macro_fmax=0.115226 valid_micro_fmax=0.012013
epoch=10 loss=0.585447 validation_macro_fmax=0.124439 valid_micro_fmax=0.012375
epoch=11 loss=0.577904 validation_macro_fmax=0.126463 valid_micro_fmax=0.012559
epoch=12 loss=0.566776 validation_macro_fmax=0.125724 valid_micro_fmax=0.012903
epoch=13 loss=0.561547 validation_macro_fmax=0.128920 valid_micro_fmax=0.013311
epoch=14 loss=0.556096 validation_macro_fmax=0.133976 valid_micro_fmax=0.013958
epoch=15 loss=0.551177 validation_macro_fmax=0.137533 valid_micro_fmax=0.015446
epoch=16 loss=0.543368 validation_macro_fmax=0.137363 valid_micro_fmax=0.016057
epoch=17 loss=0.535316 validation_macro_fmax=0.141422 valid_micro_fmax=0.016931
epoch=18 loss=0.528768 validation_macro_fmax=0.141842 valid_micro_fmax=0.018855
epoch=19 loss=0.526187 validation_macro_fmax=0.150051 valid_micro_fmax=0.019818
epoch=20 loss=0.519289 validation_macro_fmax=0.151764 valid_micro_fmax=0.020407
epoch=21 loss=0.516673 validation_macro_fmax=0.152968 valid_micro_fmax=0.023254
epoch=22 loss=0.508831 validation_macro_fmax=0.157709 valid_micro_fmax=0.024859
epoch=23 loss=0.505392 validation_macro_fmax=0.160241 valid_micro_fmax=0.027509
epoch=24 loss=0.501117 validation_macro_fmax=0.161298 valid_micro_fmax=0.028430
epoch=25 loss=0.496485 validation_macro_fmax=0.165105 valid_micro_fmax=0.031713
epoch=26 loss=0.491505 validation_macro_fmax=0.165487 valid_micro_fmax=0.033474
epoch=27 loss=0.487817 validation_macro_fmax=0.167321 valid_micro_fmax=0.034850
epoch=28 loss=0.482569 validation_macro_fmax=0.172234 valid_micro_fmax=0.036716
epoch=29 loss=0.479005 validation_macro_fmax=0.173160 valid_micro_fmax=0.038116
epoch=30 loss=0.476231 validation_macro_fmax=0.170916 valid_micro_fmax=0.036621
epoch=31 loss=0.473378 validation_macro_fmax=0.172390 valid_micro_fmax=0.041916
epoch=32 loss=0.469670 validation_macro_fmax=0.175996 valid_micro_fmax=0.046142
epoch=33 loss=0.464991 validation_macro_fmax=0.173359 valid_micro_fmax=0.046180
epoch=34 loss=0.461729 validation_macro_fmax=0.177210 valid_micro_fmax=0.046959
epoch=35 loss=0.457610 validation_macro_fmax=0.175843 valid_micro_fmax=0.053634
epoch=36 loss=0.454707 validation_macro_fmax=0.176655 valid_micro_fmax=0.050999
epoch=37 loss=0.450134 validation_macro_fmax=0.177615 valid_micro_fmax=0.052909
epoch=38 loss=0.446519 validation_macro_fmax=0.175235 valid_micro_fmax=0.057448
epoch=39 loss=0.445398 validation_macro_fmax=0.179008 valid_micro_fmax=0.060391
epoch=40 loss=0.440389 validation_macro_fmax=0.176656 valid_micro_fmax=0.061686
epoch=41 loss=0.436750 validation_macro_fmax=0.174736 valid_micro_fmax=0.062475
epoch=42 loss=0.433532 validation_macro_fmax=0.177777 valid_micro_fmax=0.070761
epoch=43 loss=0.430018 validation_macro_fmax=0.180153 valid_micro_fmax=0.074026
epoch=44 loss=0.427192 validation_macro_fmax=0.183012 valid_micro_fmax=0.073065
epoch=45 loss=0.423703 validation_macro_fmax=0.181831 valid_micro_fmax=0.083062
epoch=46 loss=0.420968 validation_macro_fmax=0.181456 valid_micro_fmax=0.087801
epoch=47 loss=0.416443 validation_macro_fmax=0.179576 valid_micro_fmax=0.081230
epoch=48 loss=0.414334 validation_macro_fmax=0.181430 valid_micro_fmax=0.088929
epoch=49 loss=0.410380 validation_macro_fmax=0.183223 valid_micro_fmax=0.094368
epoch=50 loss=0.407696 validation_macro_fmax=0.179349 valid_micro_fmax=0.095274
epoch=51 loss=0.405292 validation_macro_fmax=0.183837 valid_micro_fmax=0.113007
epoch=52 loss=0.400985 validation_macro_fmax=0.183564 valid_micro_fmax=0.094280
epoch=53 loss=0.398576 validation_macro_fmax=0.181325 valid_micro_fmax=0.106583
epoch=54 loss=0.394694 validation_macro_fmax=0.181003 valid_micro_fmax=0.098729
epoch=55 loss=0.391190 validation_macro_fmax=0.179860 valid_micro_fmax=0.104722
epoch=56 loss=0.387657 validation_macro_fmax=0.179096 valid_micro_fmax=0.103352
epoch=57 loss=0.384483 validation_macro_fmax=0.177722 valid_micro_fmax=0.098032
epoch=58 loss=0.386515 validation_macro_fmax=0.179535 valid_micro_fmax=0.109166
epoch=59 loss=0.377211 validation_macro_fmax=0.175842 valid_micro_fmax=0.100328
Early stopping after 59 epochs (patience=8)
GPU completion: NVIDIA L40S, 35841, 46068, 0
