GPU: NVIDIA L40S
CUDA tensor check: 8.0
Sun Jul 19 18:25:29 2026       
+-----------------------------------------------------------------------------------------+
| NVIDIA-SMI 560.35.03              Driver Version: 560.35.03      CUDA Version: 12.6     |
|-----------------------------------------+------------------------+----------------------+
| GPU  Name                 Persistence-M | Bus-Id          Disp.A | Volatile Uncorr. ECC |
| Fan  Temp   Perf          Pwr:Usage/Cap |           Memory-Usage | GPU-Util  Compute M. |
|                                         |                        |               MIG M. |
|=========================================+========================+======================|
|   0  NVIDIA L40S                    On  |   00000000:B5:00.0 Off |                    0 |
| N/A   53C    P0             43W /  350W |     503MiB /  46068MiB |      0%      Default |
|                                         |                        |                  N/A |
+-----------------------------------------+------------------------+----------------------+
                                                                                         
+-----------------------------------------------------------------------------------------+
| Processes:                                                                              |
|  GPU   GI   CI        PID   Type   Process name                              GPU Memory |
|        ID   ID                                                               Usage      |
|=========================================================================================|
|    0   N/A  N/A   1504861      C   python3                                       494MiB |
+-----------------------------------------------------------------------------------------+
CUDA verified: NVIDIA L40S; tensor dot product=8.0
GPU startup: NVIDIA L40S, 533, 46068, 1
Loaded train=6026, valid=754; reserved test set is not loaded
epoch=1 loss=1.223421 validation_macro_fmax=0.095041 valid_micro_fmax=0.014419
epoch=2 loss=1.163572 validation_macro_fmax=0.103052 valid_micro_fmax=0.014733
epoch=3 loss=1.126430 validation_macro_fmax=0.110484 valid_micro_fmax=0.015300
epoch=4 loss=1.087964 validation_macro_fmax=0.117624 valid_micro_fmax=0.015716
epoch=5 loss=1.058885 validation_macro_fmax=0.118701 valid_micro_fmax=0.016154
epoch=6 loss=1.032163 validation_macro_fmax=0.125162 valid_micro_fmax=0.016830
epoch=7 loss=1.007709 validation_macro_fmax=0.131926 valid_micro_fmax=0.017131
epoch=8 loss=0.985383 validation_macro_fmax=0.141909 valid_micro_fmax=0.018578
epoch=9 loss=0.967149 validation_macro_fmax=0.142761 valid_micro_fmax=0.019737
epoch=10 loss=0.954833 validation_macro_fmax=0.155879 valid_micro_fmax=0.022869
epoch=11 loss=0.932191 validation_macro_fmax=0.163386 valid_micro_fmax=0.026308
epoch=12 loss=0.922029 validation_macro_fmax=0.166362 valid_micro_fmax=0.027677
epoch=13 loss=0.904982 validation_macro_fmax=0.173733 valid_micro_fmax=0.034534
epoch=14 loss=0.894597 validation_macro_fmax=0.177851 valid_micro_fmax=0.036221
epoch=15 loss=0.880943 validation_macro_fmax=0.186571 valid_micro_fmax=0.038597
epoch=16 loss=0.866972 validation_macro_fmax=0.189077 valid_micro_fmax=0.042953
epoch=17 loss=0.857688 validation_macro_fmax=0.192051 valid_micro_fmax=0.045687
epoch=18 loss=0.848319 validation_macro_fmax=0.191981 valid_micro_fmax=0.045023
epoch=19 loss=0.838565 validation_macro_fmax=0.202602 valid_micro_fmax=0.051852
epoch=20 loss=0.830835 validation_macro_fmax=0.203117 valid_micro_fmax=0.054542
epoch=21 loss=0.820882 validation_macro_fmax=0.206952 valid_micro_fmax=0.056853
epoch=22 loss=0.812853 validation_macro_fmax=0.202444 valid_micro_fmax=0.057532
epoch=23 loss=0.805256 validation_macro_fmax=0.204692 valid_micro_fmax=0.058638
epoch=24 loss=0.796831 validation_macro_fmax=0.216872 valid_micro_fmax=0.065968
epoch=25 loss=0.791453 validation_macro_fmax=0.212381 valid_micro_fmax=0.063330
epoch=26 loss=0.782433 validation_macro_fmax=0.221262 valid_micro_fmax=0.066985
epoch=27 loss=0.776997 validation_macro_fmax=0.211423 valid_micro_fmax=0.064825
epoch=28 loss=0.768415 validation_macro_fmax=0.207864 valid_micro_fmax=0.067140
epoch=29 loss=0.761684 validation_macro_fmax=0.216148 valid_micro_fmax=0.074378
epoch=30 loss=0.754357 validation_macro_fmax=0.208761 valid_micro_fmax=0.070606
epoch=31 loss=0.748123 validation_macro_fmax=0.211688 valid_micro_fmax=0.067860
epoch=32 loss=0.741403 validation_macro_fmax=0.210338 valid_micro_fmax=0.067347
epoch=33 loss=0.733469 validation_macro_fmax=0.217203 valid_micro_fmax=0.074915
epoch=34 loss=0.726424 validation_macro_fmax=0.220164 valid_micro_fmax=0.073858
Early stopping after 34 epochs (patience=8)
GPU completion: NVIDIA L40S, 40857, 46068, 0
