GPU: NVIDIA L40S
CUDA tensor check: 8.0
Sun Jul 19 03:53:00 2026       
+-----------------------------------------------------------------------------------------+
| NVIDIA-SMI 560.35.03              Driver Version: 560.35.03      CUDA Version: 12.6     |
|-----------------------------------------+------------------------+----------------------+
| GPU  Name                 Persistence-M | Bus-Id          Disp.A | Volatile Uncorr. ECC |
| Fan  Temp   Perf          Pwr:Usage/Cap |           Memory-Usage | GPU-Util  Compute M. |
|                                         |                        |               MIG M. |
|=========================================+========================+======================|
|   0  NVIDIA L40S                    On  |   00000000:0D:00.0 Off |                    0 |
| N/A   52C    P0             43W /  350W |     503MiB /  46068MiB |      0%      Default |
|                                         |                        |                  N/A |
+-----------------------------------------+------------------------+----------------------+
                                                                                         
+-----------------------------------------------------------------------------------------+
| Processes:                                                                              |
|  GPU   GI   CI        PID   Type   Process name                              GPU Memory |
|        ID   ID                                                               Usage      |
|=========================================================================================|
|    0   N/A  N/A    979693      C   python3                                       494MiB |
+-----------------------------------------------------------------------------------------+
CUDA verified: NVIDIA L40S; tensor dot product=8.0
GPU startup: NVIDIA L40S, 533, 46068, 0
Loaded train=6026, valid=754; reserved test set is not loaded
epoch=1 loss=0.468786 validation_macro_fmax=0.230285 valid_micro_fmax=0.072015
epoch=2 loss=0.236964 validation_macro_fmax=0.222009 valid_micro_fmax=0.116589
epoch=3 loss=0.131832 validation_macro_fmax=0.247759 valid_micro_fmax=0.133160
epoch=4 loss=0.081086 validation_macro_fmax=0.230618 valid_micro_fmax=0.137304
epoch=5 loss=0.058603 validation_macro_fmax=0.235506 valid_micro_fmax=0.151250
epoch=6 loss=0.048575 validation_macro_fmax=0.246381 valid_micro_fmax=0.153219
epoch=7 loss=0.040924 validation_macro_fmax=0.255134 valid_micro_fmax=0.168318
epoch=8 loss=0.037632 validation_macro_fmax=0.254083 valid_micro_fmax=0.185330
epoch=9 loss=0.028930 validation_macro_fmax=0.282239 valid_micro_fmax=0.218245
epoch=10 loss=0.025293 validation_macro_fmax=0.251044 valid_micro_fmax=0.172988
epoch=11 loss=0.025462 validation_macro_fmax=0.219588 valid_micro_fmax=0.192776
epoch=12 loss=0.024606 validation_macro_fmax=0.270124 valid_micro_fmax=0.222834
epoch=13 loss=0.018976 validation_macro_fmax=0.261296 valid_micro_fmax=0.231552
epoch=14 loss=0.019180 validation_macro_fmax=0.250800 valid_micro_fmax=0.217405
epoch=15 loss=0.019917 validation_macro_fmax=0.231316 valid_micro_fmax=0.215334
epoch=16 loss=0.013681 validation_macro_fmax=0.237304 valid_micro_fmax=0.237680
epoch=17 loss=0.018250 validation_macro_fmax=0.249665 valid_micro_fmax=0.220776
epoch=18 loss=0.016017 validation_macro_fmax=0.241544 valid_micro_fmax=0.233435
epoch=19 loss=0.012371 validation_macro_fmax=0.254818 valid_micro_fmax=0.210533
Early stopping after 19 epochs (patience=10)
GPU completion: NVIDIA L40S, 13041, 46068, 0
