GPU: NVIDIA L40S
CUDA tensor check: 8.0
Mon Jul 20 00:53:45 2026       
+-----------------------------------------------------------------------------------------+
| NVIDIA-SMI 560.35.03              Driver Version: 560.35.03      CUDA Version: 12.6     |
|-----------------------------------------+------------------------+----------------------+
| GPU  Name                 Persistence-M | Bus-Id          Disp.A | Volatile Uncorr. ECC |
| Fan  Temp   Perf          Pwr:Usage/Cap |           Memory-Usage | GPU-Util  Compute M. |
|                                         |                        |               MIG M. |
|=========================================+========================+======================|
|   0  NVIDIA L40S                    On  |   00000000:B5:00.0 Off |                    0 |
| N/A   54C    P0             46W /  350W |     503MiB /  46068MiB |      0%      Default |
|                                         |                        |                  N/A |
+-----------------------------------------+------------------------+----------------------+
                                                                                         
+-----------------------------------------------------------------------------------------+
| Processes:                                                                              |
|  GPU   GI   CI        PID   Type   Process name                              GPU Memory |
|        ID   ID                                                               Usage      |
|=========================================================================================|
|    0   N/A  N/A   1110038      C   python3                                       494MiB |
+-----------------------------------------------------------------------------------------+
CUDA verified: NVIDIA L40S; tensor dot product=8.0
GPU startup: NVIDIA L40S, 533, 46068, 0
Loaded train=6026, valid=754; reserved test set is not loaded
epoch=1 loss=0.855202 validation_macro_fmax=0.234891 valid_micro_fmax=0.063366
epoch=2 loss=0.432547 validation_macro_fmax=0.259831 valid_micro_fmax=0.092288
epoch=3 loss=0.326033 validation_macro_fmax=0.262581 valid_micro_fmax=0.086917
epoch=4 loss=0.232093 validation_macro_fmax=0.281534 valid_micro_fmax=0.084657
epoch=5 loss=0.180609 validation_macro_fmax=0.300177 valid_micro_fmax=0.106099
epoch=6 loss=0.150138 validation_macro_fmax=0.282486 valid_micro_fmax=0.118556
epoch=7 loss=0.138360 validation_macro_fmax=0.284911 valid_micro_fmax=0.150089
epoch=8 loss=0.134574 validation_macro_fmax=0.284591 valid_micro_fmax=0.126419
epoch=9 loss=0.113447 validation_macro_fmax=0.317263 valid_micro_fmax=0.148237
epoch=10 loss=0.102617 validation_macro_fmax=0.324560 valid_micro_fmax=0.151084
epoch=11 loss=0.097884 validation_macro_fmax=0.307118 valid_micro_fmax=0.150064
epoch=12 loss=0.088547 validation_macro_fmax=0.298913 valid_micro_fmax=0.141119
epoch=13 loss=0.084253 validation_macro_fmax=0.300892 valid_micro_fmax=0.143540
epoch=14 loss=0.074333 validation_macro_fmax=0.296053 valid_micro_fmax=0.148904
epoch=15 loss=0.073361 validation_macro_fmax=0.309886 valid_micro_fmax=0.153715
epoch=16 loss=0.070278 validation_macro_fmax=0.313813 valid_micro_fmax=0.162480
epoch=17 loss=0.073629 validation_macro_fmax=0.308028 valid_micro_fmax=0.137191
epoch=18 loss=0.082849 validation_macro_fmax=0.299975 valid_micro_fmax=0.185640
Early stopping after 18 epochs (patience=8)
GPU completion: NVIDIA L40S, 27267, 46068, 0
