GPU: NVIDIA L40S
CUDA tensor check: 8.0
Sun Jul 19 01:27:50 2026       
+-----------------------------------------------------------------------------------------+
| NVIDIA-SMI 560.35.03              Driver Version: 560.35.03      CUDA Version: 12.6     |
|-----------------------------------------+------------------------+----------------------+
| GPU  Name                 Persistence-M | Bus-Id          Disp.A | Volatile Uncorr. ECC |
| Fan  Temp   Perf          Pwr:Usage/Cap |           Memory-Usage | GPU-Util  Compute M. |
|                                         |                        |               MIG M. |
|=========================================+========================+======================|
|   0  NVIDIA L40S                    On  |   00000000:0D:00.0 Off |                    0 |
| N/A   46C    P0             41W /  350W |     503MiB /  46068MiB |      1%      Default |
|                                         |                        |                  N/A |
+-----------------------------------------+------------------------+----------------------+
                                                                                         
+-----------------------------------------------------------------------------------------+
| Processes:                                                                              |
|  GPU   GI   CI        PID   Type   Process name                              GPU Memory |
|        ID   ID                                                               Usage      |
|=========================================================================================|
|    0   N/A  N/A    921157      C   python3                                       494MiB |
+-----------------------------------------------------------------------------------------+
CUDA verified: NVIDIA L40S; tensor dot product=8.0
GPU startup: NVIDIA L40S, 533, 46068, 0
Loaded train=6026, valid=754; reserved test set is not loaded
epoch=1 loss=1.195230 validation_macro_fmax=0.286235 valid_micro_fmax=0.105069
epoch=2 loss=1.063391 validation_macro_fmax=0.303800 valid_micro_fmax=0.115793
epoch=3 loss=0.988443 validation_macro_fmax=0.333306 valid_micro_fmax=0.136070
epoch=4 loss=0.937520 validation_macro_fmax=0.344419 valid_micro_fmax=0.148202
epoch=5 loss=0.898124 validation_macro_fmax=0.354276 valid_micro_fmax=0.164612
epoch=6 loss=0.867518 validation_macro_fmax=0.365946 valid_micro_fmax=0.193238
epoch=7 loss=0.840480 validation_macro_fmax=0.370101 valid_micro_fmax=0.212638
epoch=8 loss=0.819998 validation_macro_fmax=0.371551 valid_micro_fmax=0.225265
epoch=9 loss=0.801898 validation_macro_fmax=0.371729 valid_micro_fmax=0.248134
epoch=10 loss=0.784518 validation_macro_fmax=0.370582 valid_micro_fmax=0.248104
epoch=11 loss=0.769396 validation_macro_fmax=0.372854 valid_micro_fmax=0.256202
epoch=12 loss=0.755776 validation_macro_fmax=0.369170 valid_micro_fmax=0.271771
epoch=13 loss=0.744159 validation_macro_fmax=0.370058 valid_micro_fmax=0.293321
epoch=14 loss=0.733128 validation_macro_fmax=0.371660 valid_micro_fmax=0.286404
epoch=15 loss=0.722466 validation_macro_fmax=0.372674 valid_micro_fmax=0.290272
epoch=16 loss=0.712975 validation_macro_fmax=0.374870 valid_micro_fmax=0.308963
epoch=17 loss=0.703915 validation_macro_fmax=0.378480 valid_micro_fmax=0.305968
epoch=18 loss=0.694674 validation_macro_fmax=0.382034 valid_micro_fmax=0.311068
epoch=19 loss=0.685041 validation_macro_fmax=0.376944 valid_micro_fmax=0.309035
epoch=20 loss=0.677014 validation_macro_fmax=0.378154 valid_micro_fmax=0.312953
epoch=21 loss=0.667999 validation_macro_fmax=0.380665 valid_micro_fmax=0.316969
epoch=22 loss=0.658137 validation_macro_fmax=0.381818 valid_micro_fmax=0.337313
epoch=23 loss=0.649472 validation_macro_fmax=0.383514 valid_micro_fmax=0.345946
epoch=24 loss=0.640763 validation_macro_fmax=0.381680 valid_micro_fmax=0.339295
epoch=25 loss=0.631129 validation_macro_fmax=0.382471 valid_micro_fmax=0.345995
epoch=26 loss=0.622857 validation_macro_fmax=0.381355 valid_micro_fmax=0.350781
epoch=27 loss=0.612636 validation_macro_fmax=0.381216 valid_micro_fmax=0.347270
epoch=28 loss=0.602717 validation_macro_fmax=0.382104 valid_micro_fmax=0.345811
epoch=29 loss=0.592866 validation_macro_fmax=0.381457 valid_micro_fmax=0.353956
epoch=30 loss=0.583672 validation_macro_fmax=0.382447 valid_micro_fmax=0.365856
epoch=31 loss=0.573016 validation_macro_fmax=0.381500 valid_micro_fmax=0.367533
Early stopping after 31 epochs (patience=8)
GPU completion: NVIDIA L40S, 10755, 46068, 0
