GPU: NVIDIA L40S
CUDA tensor check: 8.0
Thu Jul 16 18:55:45 2026       
+-----------------------------------------------------------------------------------------+
| NVIDIA-SMI 560.35.03              Driver Version: 560.35.03      CUDA Version: 12.6     |
|-----------------------------------------+------------------------+----------------------+
| GPU  Name                 Persistence-M | Bus-Id          Disp.A | Volatile Uncorr. ECC |
| Fan  Temp   Perf          Pwr:Usage/Cap |           Memory-Usage | GPU-Util  Compute M. |
|                                         |                        |               MIG M. |
|=========================================+========================+======================|
|   0  NVIDIA L40S                    On  |   00000000:B5:00.0 Off |                    0 |
| N/A   37C    P0             42W /  350W |     503MiB /  46068MiB |      5%      Default |
|                                         |                        |                  N/A |
+-----------------------------------------+------------------------+----------------------+
                                                                                         
+-----------------------------------------------------------------------------------------+
| Processes:                                                                              |
|  GPU   GI   CI        PID   Type   Process name                              GPU Memory |
|        ID   ID                                                               Usage      |
|=========================================================================================|
|    0   N/A  N/A   2742269      C   python3                                       494MiB |
+-----------------------------------------------------------------------------------------+
CUDA verified: NVIDIA L40S; tensor dot product=8.0
GPU startup: NVIDIA L40S, 533, 46068, 5
Loaded train=6026, valid=754; reserved test set is not loaded
epoch=1 loss=0.798311 validation_macro_fmax=0.259731 valid_micro_fmax=0.103180
epoch=2 loss=0.372877 validation_macro_fmax=0.318025 valid_micro_fmax=0.097271
epoch=3 loss=0.240267 validation_macro_fmax=0.326000 valid_micro_fmax=0.163775
epoch=4 loss=0.178327 validation_macro_fmax=0.335220 valid_micro_fmax=0.181791
epoch=5 loss=0.137666 validation_macro_fmax=0.327084 valid_micro_fmax=0.173843
epoch=6 loss=0.094327 validation_macro_fmax=0.324886 valid_micro_fmax=0.175361
epoch=7 loss=0.081209 validation_macro_fmax=0.344157 valid_micro_fmax=0.216160
epoch=8 loss=0.069095 validation_macro_fmax=0.340713 valid_micro_fmax=0.251964
epoch=9 loss=0.065843 validation_macro_fmax=0.301997 valid_micro_fmax=0.154535
epoch=10 loss=0.059770 validation_macro_fmax=0.324107 valid_micro_fmax=0.182651
epoch=11 loss=0.050338 validation_macro_fmax=0.322877 valid_micro_fmax=0.217120
epoch=12 loss=0.049113 validation_macro_fmax=0.323589 valid_micro_fmax=0.247733
epoch=13 loss=0.043670 validation_macro_fmax=0.324639 valid_micro_fmax=0.277969
epoch=14 loss=0.039476 validation_macro_fmax=0.322863 valid_micro_fmax=0.254559
epoch=15 loss=0.037842 validation_macro_fmax=0.320220 valid_micro_fmax=0.248794
epoch=16 loss=0.042953 validation_macro_fmax=0.332472 valid_micro_fmax=0.235826
epoch=17 loss=0.037828 validation_macro_fmax=0.301398 valid_micro_fmax=0.267408
Early stopping after 17 epochs (patience=10)
GPU completion: NVIDIA L40S, 37409, 46068, 0
