GPU: NVIDIA L40S
CUDA tensor check: 8.0
Sun Jul 19 23:17:59 2026       
+-----------------------------------------------------------------------------------------+
| NVIDIA-SMI 560.35.03              Driver Version: 560.35.03      CUDA Version: 12.6     |
|-----------------------------------------+------------------------+----------------------+
| GPU  Name                 Persistence-M | Bus-Id          Disp.A | Volatile Uncorr. ECC |
| Fan  Temp   Perf          Pwr:Usage/Cap |           Memory-Usage | GPU-Util  Compute M. |
|                                         |                        |               MIG M. |
|=========================================+========================+======================|
|   0  NVIDIA L40S                    On  |   00000000:B5:00.0 Off |                    0 |
| N/A   54C    P0             49W /  350W |     503MiB /  46068MiB |      0%      Default |
|                                         |                        |                  N/A |
+-----------------------------------------+------------------------+----------------------+
                                                                                         
+-----------------------------------------------------------------------------------------+
| Processes:                                                                              |
|  GPU   GI   CI        PID   Type   Process name                              GPU Memory |
|        ID   ID                                                               Usage      |
|=========================================================================================|
|    0   N/A  N/A   1067368      C   python3                                       494MiB |
+-----------------------------------------------------------------------------------------+
CUDA verified: NVIDIA L40S; tensor dot product=8.0
GPU startup: NVIDIA L40S, 533, 46068, 5
Loaded train=6026, valid=754; reserved test set is not loaded
epoch=1 loss=0.355988 validation_macro_fmax=0.105392 valid_micro_fmax=0.014515
epoch=2 loss=0.289174 validation_macro_fmax=0.123440 valid_micro_fmax=0.015634
epoch=3 loss=0.263902 validation_macro_fmax=0.144335 valid_micro_fmax=0.019497
epoch=4 loss=0.248413 validation_macro_fmax=0.154538 valid_micro_fmax=0.022972
epoch=5 loss=0.236893 validation_macro_fmax=0.173612 valid_micro_fmax=0.028183
epoch=6 loss=0.227982 validation_macro_fmax=0.182797 valid_micro_fmax=0.033091
epoch=7 loss=0.219912 validation_macro_fmax=0.196950 valid_micro_fmax=0.045152
epoch=8 loss=0.212539 validation_macro_fmax=0.209567 valid_micro_fmax=0.051792
epoch=9 loss=0.205305 validation_macro_fmax=0.216945 valid_micro_fmax=0.058031
epoch=10 loss=0.197796 validation_macro_fmax=0.222431 valid_micro_fmax=0.061596
epoch=11 loss=0.189487 validation_macro_fmax=0.231283 valid_micro_fmax=0.068669
epoch=12 loss=0.181480 validation_macro_fmax=0.230436 valid_micro_fmax=0.074686
epoch=13 loss=0.171968 validation_macro_fmax=0.228671 valid_micro_fmax=0.077029
epoch=14 loss=0.162265 validation_macro_fmax=0.231061 valid_micro_fmax=0.082246
epoch=15 loss=0.152251 validation_macro_fmax=0.227402 valid_micro_fmax=0.084555
epoch=16 loss=0.142156 validation_macro_fmax=0.231901 valid_micro_fmax=0.095492
epoch=17 loss=0.131527 validation_macro_fmax=0.229235 valid_micro_fmax=0.096144
epoch=18 loss=0.120542 validation_macro_fmax=0.236718 valid_micro_fmax=0.099351
epoch=19 loss=0.110711 validation_macro_fmax=0.234522 valid_micro_fmax=0.104489
epoch=20 loss=0.100770 validation_macro_fmax=0.228627 valid_micro_fmax=0.113888
epoch=21 loss=0.091969 validation_macro_fmax=0.227020 valid_micro_fmax=0.116114
epoch=22 loss=0.083143 validation_macro_fmax=0.227113 valid_micro_fmax=0.115078
epoch=23 loss=0.075442 validation_macro_fmax=0.225929 valid_micro_fmax=0.129357
epoch=24 loss=0.068138 validation_macro_fmax=0.231410 valid_micro_fmax=0.133480
epoch=25 loss=0.061354 validation_macro_fmax=0.225642 valid_micro_fmax=0.134572
epoch=26 loss=0.055185 validation_macro_fmax=0.232388 valid_micro_fmax=0.144364
Early stopping after 26 epochs (patience=8)
GPU completion: NVIDIA L40S, 25967, 46068, 0
