GPU: NVIDIA L40S
CUDA tensor check: 8.0
Thu Jul 16 20:30:12 2026       
+-----------------------------------------------------------------------------------------+
| NVIDIA-SMI 560.35.03              Driver Version: 560.35.03      CUDA Version: 12.6     |
|-----------------------------------------+------------------------+----------------------+
| GPU  Name                 Persistence-M | Bus-Id          Disp.A | Volatile Uncorr. ECC |
| Fan  Temp   Perf          Pwr:Usage/Cap |           Memory-Usage | GPU-Util  Compute M. |
|                                         |                        |               MIG M. |
|=========================================+========================+======================|
|   0  NVIDIA L40S                    On  |   00000000:B5:00.0 Off |                    0 |
| N/A   42C    P0             41W /  350W |     503MiB /  46068MiB |      5%      Default |
|                                         |                        |                  N/A |
+-----------------------------------------+------------------------+----------------------+
                                                                                         
+-----------------------------------------------------------------------------------------+
| Processes:                                                                              |
|  GPU   GI   CI        PID   Type   Process name                              GPU Memory |
|        ID   ID                                                               Usage      |
|=========================================================================================|
|    0   N/A  N/A   2782996      C   python3                                       494MiB |
+-----------------------------------------------------------------------------------------+
CUDA verified: NVIDIA L40S; tensor dot product=8.0
GPU startup: NVIDIA L40S, 533, 46068, 0
Loaded train=6026, valid=754; reserved test set is not loaded
epoch=1 loss=0.974717 validation_macro_fmax=0.230401 valid_micro_fmax=0.089930
epoch=2 loss=0.581622 validation_macro_fmax=0.219255 valid_micro_fmax=0.129514
epoch=3 loss=0.327608 validation_macro_fmax=0.218741 valid_micro_fmax=0.148101
epoch=4 loss=0.206439 validation_macro_fmax=0.216308 valid_micro_fmax=0.170536
epoch=5 loss=0.162037 validation_macro_fmax=0.272324 valid_micro_fmax=0.219032
epoch=6 loss=0.118410 validation_macro_fmax=0.251065 valid_micro_fmax=0.196146
epoch=7 loss=0.098713 validation_macro_fmax=0.267159 valid_micro_fmax=0.266202
epoch=8 loss=0.083743 validation_macro_fmax=0.245976 valid_micro_fmax=0.218967
epoch=9 loss=0.071561 validation_macro_fmax=0.251085 valid_micro_fmax=0.272536
epoch=10 loss=0.056017 validation_macro_fmax=0.253073 valid_micro_fmax=0.223815
epoch=11 loss=0.048411 validation_macro_fmax=0.272174 valid_micro_fmax=0.259998
epoch=12 loss=0.053555 validation_macro_fmax=0.267028 valid_micro_fmax=0.279902
epoch=13 loss=0.045943 validation_macro_fmax=0.277628 valid_micro_fmax=0.283280
epoch=14 loss=0.045681 validation_macro_fmax=0.271782 valid_micro_fmax=0.305499
epoch=15 loss=0.044577 validation_macro_fmax=0.249119 valid_micro_fmax=0.248446
epoch=16 loss=0.036153 validation_macro_fmax=0.275719 valid_micro_fmax=0.269860
epoch=17 loss=0.033492 validation_macro_fmax=0.255321 valid_micro_fmax=0.284387
epoch=18 loss=0.029748 validation_macro_fmax=0.283852 valid_micro_fmax=0.297413
epoch=19 loss=0.042330 validation_macro_fmax=0.279115 valid_micro_fmax=0.308342
epoch=20 loss=0.033476 validation_macro_fmax=0.261994 valid_micro_fmax=0.259453
epoch=21 loss=0.041128 validation_macro_fmax=0.233688 valid_micro_fmax=0.260071
epoch=22 loss=0.028477 validation_macro_fmax=0.225726 valid_micro_fmax=0.294771
epoch=23 loss=0.038581 validation_macro_fmax=0.273123 valid_micro_fmax=0.291214
epoch=24 loss=0.018855 validation_macro_fmax=0.253792 valid_micro_fmax=0.273479
epoch=25 loss=0.037957 validation_macro_fmax=0.240533 valid_micro_fmax=0.257779
epoch=26 loss=0.038432 validation_macro_fmax=0.262326 valid_micro_fmax=0.271518
Early stopping after 26 epochs (patience=8)
GPU completion: NVIDIA L40S, 42313, 46068, 0
