GPU: NVIDIA L40S
CUDA tensor check: 8.0
Sun Jul 19 18:53:19 2026       
+-----------------------------------------------------------------------------------------+
| NVIDIA-SMI 560.35.03              Driver Version: 560.35.03      CUDA Version: 12.6     |
|-----------------------------------------+------------------------+----------------------+
| GPU  Name                 Persistence-M | Bus-Id          Disp.A | Volatile Uncorr. ECC |
| Fan  Temp   Perf          Pwr:Usage/Cap |           Memory-Usage | GPU-Util  Compute M. |
|                                         |                        |               MIG M. |
|=========================================+========================+======================|
|   0  NVIDIA L40S                    On  |   00000000:B5:00.0 Off |                    0 |
| N/A   53C    P0             44W /  350W |     503MiB /  46068MiB |      0%      Default |
|                                         |                        |                  N/A |
+-----------------------------------------+------------------------+----------------------+
                                                                                         
+-----------------------------------------------------------------------------------------+
| Processes:                                                                              |
|  GPU   GI   CI        PID   Type   Process name                              GPU Memory |
|        ID   ID                                                               Usage      |
|=========================================================================================|
|    0   N/A  N/A    961462      C   python3                                       494MiB |
+-----------------------------------------------------------------------------------------+
CUDA verified: NVIDIA L40S; tensor dot product=8.0
GPU startup: NVIDIA L40S, 533, 46068, 0
Loaded train=6026, valid=754; reserved test set is not loaded
epoch=1 loss=0.284521 validation_macro_fmax=0.273088 valid_micro_fmax=0.253871
epoch=2 loss=0.203660 validation_macro_fmax=0.300021 valid_micro_fmax=0.336772
epoch=3 loss=0.160365 validation_macro_fmax=0.321020 valid_micro_fmax=0.338474
epoch=4 loss=0.114184 validation_macro_fmax=0.304813 valid_micro_fmax=0.347370
epoch=5 loss=0.076494 validation_macro_fmax=0.292072 valid_micro_fmax=0.485514
epoch=6 loss=0.051896 validation_macro_fmax=0.291840 valid_micro_fmax=0.474029
epoch=7 loss=0.036863 validation_macro_fmax=0.287828 valid_micro_fmax=0.468401
epoch=8 loss=0.027920 validation_macro_fmax=0.289655 valid_micro_fmax=0.481623
epoch=9 loss=0.022450 validation_macro_fmax=0.289683 valid_micro_fmax=0.497312
epoch=10 loss=0.019165 validation_macro_fmax=0.274488 valid_micro_fmax=0.509818
epoch=11 loss=0.015849 validation_macro_fmax=0.286297 valid_micro_fmax=0.515758
Early stopping after 11 epochs (patience=8)
GPU completion: NVIDIA L40S, 28763, 46068, 0
