CUDA verified: NVIDIA L40S; tensor dot product=8.0
GPU startup: NVIDIA L40S, 533, 46068, 1
Loaded train=6026, valid=754; reserved test set is not loaded
epoch=1 loss=1.194500 validation_micro_fmax=0.013009 valid_micro_fmax=0.013009
epoch=2 loss=1.054392 validation_micro_fmax=0.028121 valid_micro_fmax=0.028121
epoch=3 loss=0.973404 validation_micro_fmax=0.043651 valid_micro_fmax=0.043651
epoch=4 loss=0.919212 validation_micro_fmax=0.060065 valid_micro_fmax=0.060065
epoch=5 loss=0.879726 validation_micro_fmax=0.059688 valid_micro_fmax=0.059688
epoch=6 loss=0.852268 validation_micro_fmax=0.066761 valid_micro_fmax=0.066761
epoch=7 loss=0.829974 validation_micro_fmax=0.072228 valid_micro_fmax=0.072228
epoch=8 loss=0.810813 validation_micro_fmax=0.080538 valid_micro_fmax=0.080538
epoch=9 loss=0.793002 validation_micro_fmax=0.082966 valid_micro_fmax=0.082966
epoch=10 loss=0.777385 validation_micro_fmax=0.093393 valid_micro_fmax=0.093393
epoch=11 loss=0.763242 validation_micro_fmax=0.094549 valid_micro_fmax=0.094549
epoch=12 loss=0.750944 validation_micro_fmax=0.095772 valid_micro_fmax=0.095772
epoch=13 loss=0.738257 validation_micro_fmax=0.096914 valid_micro_fmax=0.096914
epoch=14 loss=0.725618 validation_micro_fmax=0.106534 valid_micro_fmax=0.106534
epoch=15 loss=0.710768 validation_micro_fmax=0.106697 valid_micro_fmax=0.106697
epoch=16 loss=0.697558 validation_micro_fmax=0.109815 valid_micro_fmax=0.109815
epoch=17 loss=0.681716 validation_micro_fmax=0.112765 valid_micro_fmax=0.112765
epoch=18 loss=0.667719 validation_micro_fmax=0.113879 valid_micro_fmax=0.113879
epoch=19 loss=0.650464 validation_micro_fmax=0.122871 valid_micro_fmax=0.122871
epoch=20 loss=0.633856 validation_micro_fmax=0.127685 valid_micro_fmax=0.127685
epoch=21 loss=0.618227 validation_micro_fmax=0.134975 valid_micro_fmax=0.134975
epoch=22 loss=0.600463 validation_micro_fmax=0.130410 valid_micro_fmax=0.130410
epoch=23 loss=0.581499 validation_micro_fmax=0.135725 valid_micro_fmax=0.135725
epoch=24 loss=0.565647 validation_micro_fmax=0.131875 valid_micro_fmax=0.131875
epoch=25 loss=0.547141 validation_micro_fmax=0.139102 valid_micro_fmax=0.139102
epoch=26 loss=0.527016 validation_micro_fmax=0.140580 valid_micro_fmax=0.140580
epoch=27 loss=0.509874 validation_micro_fmax=0.147979 valid_micro_fmax=0.147979
epoch=28 loss=0.490460 validation_micro_fmax=0.159405 valid_micro_fmax=0.159405
epoch=29 loss=0.472528 validation_micro_fmax=0.162465 valid_micro_fmax=0.162465
epoch=30 loss=0.454235 validation_micro_fmax=0.159823 valid_micro_fmax=0.159823
epoch=31 loss=0.437164 validation_micro_fmax=0.159112 valid_micro_fmax=0.159112
epoch=32 loss=0.417266 validation_micro_fmax=0.160410 valid_micro_fmax=0.160410
epoch=33 loss=0.396595 validation_micro_fmax=0.168804 valid_micro_fmax=0.168804
epoch=34 loss=0.379952 validation_micro_fmax=0.177252 valid_micro_fmax=0.177252
epoch=35 loss=0.361620 validation_micro_fmax=0.172449 valid_micro_fmax=0.172449
epoch=36 loss=0.344160 validation_micro_fmax=0.185992 valid_micro_fmax=0.185992
epoch=37 loss=0.326820 validation_micro_fmax=0.192342 valid_micro_fmax=0.192342
epoch=38 loss=0.311982 validation_micro_fmax=0.184557 valid_micro_fmax=0.184557
epoch=39 loss=0.294319 validation_micro_fmax=0.195738 valid_micro_fmax=0.195738
epoch=40 loss=0.279118 validation_micro_fmax=0.209266 valid_micro_fmax=0.209266
epoch=41 loss=0.262509 validation_micro_fmax=0.204924 valid_micro_fmax=0.204924
epoch=42 loss=0.246897 validation_micro_fmax=0.206463 valid_micro_fmax=0.206463
epoch=43 loss=0.233522 validation_micro_fmax=0.218792 valid_micro_fmax=0.218792
epoch=44 loss=0.220323 validation_micro_fmax=0.220418 valid_micro_fmax=0.220418
epoch=45 loss=0.209084 validation_micro_fmax=0.221102 valid_micro_fmax=0.221102
epoch=46 loss=0.197610 validation_micro_fmax=0.231894 valid_micro_fmax=0.231894
epoch=47 loss=0.182885 validation_micro_fmax=0.222499 valid_micro_fmax=0.222499
epoch=48 loss=0.170946 validation_micro_fmax=0.231881 valid_micro_fmax=0.231881
epoch=49 loss=0.161531 validation_micro_fmax=0.246663 valid_micro_fmax=0.246663
epoch=50 loss=0.153584 validation_micro_fmax=0.230327 valid_micro_fmax=0.230327
epoch=51 loss=0.142440 validation_micro_fmax=0.231547 valid_micro_fmax=0.231547
epoch=52 loss=0.134365 validation_micro_fmax=0.241693 valid_micro_fmax=0.241693
epoch=53 loss=0.126071 validation_micro_fmax=0.238277 valid_micro_fmax=0.238277
epoch=54 loss=0.120326 validation_micro_fmax=0.256143 valid_micro_fmax=0.256143
epoch=55 loss=0.112218 validation_micro_fmax=0.259981 valid_micro_fmax=0.259981
epoch=56 loss=0.105364 validation_micro_fmax=0.255045 valid_micro_fmax=0.255045
epoch=57 loss=0.100127 validation_micro_fmax=0.256658 valid_micro_fmax=0.256658
epoch=58 loss=0.093929 validation_micro_fmax=0.267634 valid_micro_fmax=0.267634
epoch=59 loss=0.088250 validation_micro_fmax=0.256236 valid_micro_fmax=0.256236
epoch=60 loss=0.083134 validation_micro_fmax=0.251523 valid_micro_fmax=0.251523
epoch=61 loss=0.078951 validation_micro_fmax=0.272249 valid_micro_fmax=0.272249
epoch=62 loss=0.075786 validation_micro_fmax=0.258821 valid_micro_fmax=0.258821
epoch=63 loss=0.069695 validation_micro_fmax=0.271617 valid_micro_fmax=0.271617
epoch=64 loss=0.066638 validation_micro_fmax=0.287002 valid_micro_fmax=0.287002
epoch=65 loss=0.064404 validation_micro_fmax=0.270958 valid_micro_fmax=0.270958
epoch=66 loss=0.060043 validation_micro_fmax=0.286485 valid_micro_fmax=0.286485
epoch=67 loss=0.057943 validation_micro_fmax=0.287317 valid_micro_fmax=0.287317
epoch=68 loss=0.053991 validation_micro_fmax=0.279982 valid_micro_fmax=0.279982
epoch=69 loss=0.051629 validation_micro_fmax=0.289821 valid_micro_fmax=0.289821
epoch=70 loss=0.049920 validation_micro_fmax=0.287247 valid_micro_fmax=0.287247
epoch=71 loss=0.047375 validation_micro_fmax=0.302131 valid_micro_fmax=0.302131
epoch=72 loss=0.045303 validation_micro_fmax=0.293865 valid_micro_fmax=0.293865
epoch=73 loss=0.042806 validation_micro_fmax=0.294174 valid_micro_fmax=0.294174
epoch=74 loss=0.041128 validation_micro_fmax=0.302254 valid_micro_fmax=0.302254
epoch=75 loss=0.039979 validation_micro_fmax=0.308280 valid_micro_fmax=0.308280
epoch=76 loss=0.037571 validation_micro_fmax=0.300446 valid_micro_fmax=0.300446
epoch=77 loss=0.036535 validation_micro_fmax=0.298952 valid_micro_fmax=0.298952
epoch=78 loss=0.035117 validation_micro_fmax=0.306159 valid_micro_fmax=0.306159
epoch=79 loss=0.033618 validation_micro_fmax=0.303586 valid_micro_fmax=0.303586
epoch=80 loss=0.032829 validation_micro_fmax=0.312133 valid_micro_fmax=0.312133
epoch=81 loss=0.031639 validation_micro_fmax=0.309247 valid_micro_fmax=0.309247
epoch=82 loss=0.029679 validation_micro_fmax=0.301447 valid_micro_fmax=0.301447
epoch=83 loss=0.029088 validation_micro_fmax=0.306356 valid_micro_fmax=0.306356
epoch=84 loss=0.027765 validation_micro_fmax=0.299273 valid_micro_fmax=0.299273
epoch=85 loss=0.026814 validation_micro_fmax=0.311312 valid_micro_fmax=0.311312
epoch=86 loss=0.025847 validation_micro_fmax=0.323623 valid_micro_fmax=0.323623
epoch=87 loss=0.025459 validation_micro_fmax=0.312717 valid_micro_fmax=0.312717
epoch=88 loss=0.024452 validation_micro_fmax=0.315244 valid_micro_fmax=0.315244
epoch=89 loss=0.024010 validation_micro_fmax=0.318949 valid_micro_fmax=0.318949
epoch=90 loss=0.023137 validation_micro_fmax=0.320700 valid_micro_fmax=0.320700
epoch=91 loss=0.022756 validation_micro_fmax=0.334661 valid_micro_fmax=0.334661
epoch=92 loss=0.021492 validation_micro_fmax=0.337970 valid_micro_fmax=0.337970
epoch=93 loss=0.021305 validation_micro_fmax=0.332766 valid_micro_fmax=0.332766
epoch=94 loss=0.022128 validation_micro_fmax=0.331122 valid_micro_fmax=0.331122
epoch=95 loss=0.019888 validation_micro_fmax=0.334461 valid_micro_fmax=0.334461
epoch=96 loss=0.020327 validation_micro_fmax=0.334765 valid_micro_fmax=0.334765
epoch=97 loss=0.018608 validation_micro_fmax=0.311102 valid_micro_fmax=0.311102
epoch=98 loss=0.017983 validation_micro_fmax=0.332170 valid_micro_fmax=0.332170
epoch=99 loss=0.017227 validation_micro_fmax=0.323642 valid_micro_fmax=0.323642
epoch=100 loss=0.016854 validation_micro_fmax=0.343299 valid_micro_fmax=0.343299
epoch=101 loss=0.016651 validation_micro_fmax=0.334668 valid_micro_fmax=0.334668
epoch=102 loss=0.017579 validation_micro_fmax=0.332133 valid_micro_fmax=0.332133
epoch=103 loss=0.016292 validation_micro_fmax=0.335407 valid_micro_fmax=0.335407
epoch=104 loss=0.015687 validation_micro_fmax=0.329528 valid_micro_fmax=0.329528
epoch=105 loss=0.015373 validation_micro_fmax=0.345929 valid_micro_fmax=0.345929
epoch=106 loss=0.014851 validation_micro_fmax=0.349778 valid_micro_fmax=0.349778
epoch=107 loss=0.014050 validation_micro_fmax=0.356613 valid_micro_fmax=0.356613
epoch=108 loss=0.013670 validation_micro_fmax=0.361515 valid_micro_fmax=0.361515
epoch=109 loss=0.013366 validation_micro_fmax=0.352930 valid_micro_fmax=0.352930
epoch=110 loss=0.013138 validation_micro_fmax=0.348614 valid_micro_fmax=0.348614
epoch=111 loss=0.012749 validation_micro_fmax=0.336645 valid_micro_fmax=0.336645
epoch=112 loss=0.013223 validation_micro_fmax=0.354806 valid_micro_fmax=0.354806
epoch=113 loss=0.012115 validation_micro_fmax=0.336870 valid_micro_fmax=0.336870
epoch=114 loss=0.012007 validation_micro_fmax=0.333271 valid_micro_fmax=0.333271
epoch=115 loss=0.011489 validation_micro_fmax=0.355703 valid_micro_fmax=0.355703
epoch=116 loss=0.011144 validation_micro_fmax=0.348859 valid_micro_fmax=0.348859
epoch=117 loss=0.011046 validation_micro_fmax=0.333986 valid_micro_fmax=0.333986
epoch=118 loss=0.011093 validation_micro_fmax=0.354845 valid_micro_fmax=0.354845
Early stopping after 118 epochs (patience=10)
GPU completion: NVIDIA L40S, 14163, 46068, 0
