GPU: NVIDIA L40S
CUDA tensor check: 8.0
Wed Jul 15 19:33:30 2026       
+-----------------------------------------------------------------------------------------+
| NVIDIA-SMI 560.35.03              Driver Version: 560.35.03      CUDA Version: 12.6     |
|-----------------------------------------+------------------------+----------------------+
| GPU  Name                 Persistence-M | Bus-Id          Disp.A | Volatile Uncorr. ECC |
| Fan  Temp   Perf          Pwr:Usage/Cap |           Memory-Usage | GPU-Util  Compute M. |
|                                         |                        |               MIG M. |
|=========================================+========================+======================|
|   0  NVIDIA L40S                    On  |   00000000:B5:00.0 Off |                    0 |
| N/A   41C    P0             48W /  350W |     503MiB /  46068MiB |      0%      Default |
|                                         |                        |                  N/A |
+-----------------------------------------+------------------------+----------------------+
                                                                                         
+-----------------------------------------------------------------------------------------+
| Processes:                                                                              |
|  GPU   GI   CI        PID   Type   Process name                              GPU Memory |
|        ID   ID                                                               Usage      |
|=========================================================================================|
|    0   N/A  N/A   2516400      C   python3                                       494MiB |
+-----------------------------------------------------------------------------------------+
CUDA verified: NVIDIA L40S; tensor dot product=8.0
GPU startup: NVIDIA L40S, 533, 46068, 0
Loaded train=6026, valid=754; reserved test set is not loaded
epoch=1 loss=0.586672 valid_micro_fmax=0.108003
epoch=2 loss=0.476222 valid_micro_fmax=0.125843
epoch=3 loss=0.436529 valid_micro_fmax=0.152805
epoch=4 loss=0.413186 valid_micro_fmax=0.176347
epoch=5 loss=0.397183 valid_micro_fmax=0.193262
epoch=6 loss=0.385943 valid_micro_fmax=0.228877
epoch=7 loss=0.374544 valid_micro_fmax=0.244952
epoch=8 loss=0.365898 valid_micro_fmax=0.248901
epoch=9 loss=0.358367 valid_micro_fmax=0.269527
epoch=10 loss=0.350914 valid_micro_fmax=0.287729
epoch=11 loss=0.343300 valid_micro_fmax=0.289268
epoch=12 loss=0.336296 valid_micro_fmax=0.292889
epoch=13 loss=0.329034 valid_micro_fmax=0.313291
epoch=14 loss=0.321199 valid_micro_fmax=0.310339
epoch=15 loss=0.313307 valid_micro_fmax=0.305426
epoch=16 loss=0.304711 valid_micro_fmax=0.338094
epoch=17 loss=0.295681 valid_micro_fmax=0.331099
epoch=18 loss=0.285722 valid_micro_fmax=0.329443
epoch=19 loss=0.275149 valid_micro_fmax=0.345482
epoch=20 loss=0.265457 valid_micro_fmax=0.340178
epoch=21 loss=0.254003 valid_micro_fmax=0.339390
epoch=22 loss=0.242042 valid_micro_fmax=0.368430
epoch=23 loss=0.230199 valid_micro_fmax=0.377775
epoch=24 loss=0.218676 valid_micro_fmax=0.376480
epoch=25 loss=0.206833 valid_micro_fmax=0.378014
epoch=26 loss=0.194646 valid_micro_fmax=0.382769
epoch=27 loss=0.182761 valid_micro_fmax=0.395422
epoch=28 loss=0.171382 valid_micro_fmax=0.405244
epoch=29 loss=0.160205 valid_micro_fmax=0.392674
epoch=30 loss=0.149864 valid_micro_fmax=0.411607
epoch=31 loss=0.138909 valid_micro_fmax=0.406362
epoch=32 loss=0.128954 valid_micro_fmax=0.408459
epoch=33 loss=0.119693 valid_micro_fmax=0.409378
epoch=34 loss=0.110651 valid_micro_fmax=0.404775
epoch=35 loss=0.102324 valid_micro_fmax=0.423927
epoch=36 loss=0.094383 valid_micro_fmax=0.426729
epoch=37 loss=0.087052 valid_micro_fmax=0.430340
epoch=38 loss=0.080960 valid_micro_fmax=0.420021
epoch=39 loss=0.074477 valid_micro_fmax=0.428565
epoch=40 loss=0.068722 valid_micro_fmax=0.447687
epoch=41 loss=0.063214 valid_micro_fmax=0.440522
epoch=42 loss=0.058441 valid_micro_fmax=0.422669
epoch=43 loss=0.054203 valid_micro_fmax=0.431603
epoch=44 loss=0.049937 valid_micro_fmax=0.454353
epoch=45 loss=0.046328 valid_micro_fmax=0.446753
epoch=46 loss=0.043037 valid_micro_fmax=0.430365
epoch=47 loss=0.040160 valid_micro_fmax=0.449177
epoch=48 loss=0.037177 valid_micro_fmax=0.444825
epoch=49 loss=0.034423 valid_micro_fmax=0.447189
epoch=50 loss=0.031992 valid_micro_fmax=0.449654
epoch=51 loss=0.029483 valid_micro_fmax=0.456414
epoch=52 loss=0.028191 valid_micro_fmax=0.445518
epoch=53 loss=0.025803 valid_micro_fmax=0.461595
epoch=54 loss=0.023898 valid_micro_fmax=0.456203
epoch=55 loss=0.022465 valid_micro_fmax=0.458107
epoch=56 loss=0.021258 valid_micro_fmax=0.446259
epoch=57 loss=0.019823 valid_micro_fmax=0.449475
epoch=58 loss=0.018336 valid_micro_fmax=0.464134
epoch=59 loss=0.017380 valid_micro_fmax=0.465465
epoch=60 loss=0.016130 valid_micro_fmax=0.471341
epoch=61 loss=0.015232 valid_micro_fmax=0.451368
epoch=62 loss=0.014199 valid_micro_fmax=0.448454
epoch=63 loss=0.013772 valid_micro_fmax=0.450634
epoch=64 loss=0.012685 valid_micro_fmax=0.450301
epoch=65 loss=0.011784 valid_micro_fmax=0.459726
epoch=66 loss=0.011287 valid_micro_fmax=0.458553
epoch=67 loss=0.010541 valid_micro_fmax=0.463019
epoch=68 loss=0.010276 valid_micro_fmax=0.454502
epoch=69 loss=0.009584 valid_micro_fmax=0.472330
epoch=70 loss=0.009204 valid_micro_fmax=0.463233
epoch=71 loss=0.008685 valid_micro_fmax=0.460742
epoch=72 loss=0.008040 valid_micro_fmax=0.461487
epoch=73 loss=0.007554 valid_micro_fmax=0.461683
epoch=74 loss=0.007057 valid_micro_fmax=0.458417
epoch=75 loss=0.007046 valid_micro_fmax=0.465022
epoch=76 loss=0.006506 valid_micro_fmax=0.459377
epoch=77 loss=0.006411 valid_micro_fmax=0.456621
epoch=78 loss=0.005938 valid_micro_fmax=0.451340
Early stopping after 78 epochs (patience=9)
GPU completion: NVIDIA L40S, 32799, 46068, 82
