GPU: NVIDIA L40S
CUDA tensor check: 8.0
Sun Jul 19 05:44:50 2026       
+-----------------------------------------------------------------------------------------+
| NVIDIA-SMI 560.35.03              Driver Version: 560.35.03      CUDA Version: 12.6     |
|-----------------------------------------+------------------------+----------------------+
| GPU  Name                 Persistence-M | Bus-Id          Disp.A | Volatile Uncorr. ECC |
| Fan  Temp   Perf          Pwr:Usage/Cap |           Memory-Usage | GPU-Util  Compute M. |
|                                         |                        |               MIG M. |
|=========================================+========================+======================|
|   0  NVIDIA L40S                    On  |   00000000:0D:00.0 Off |                    0 |
| N/A   51C    P0             43W /  350W |     503MiB /  46068MiB |      0%      Default |
|                                         |                        |                  N/A |
+-----------------------------------------+------------------------+----------------------+
                                                                                         
+-----------------------------------------------------------------------------------------+
| Processes:                                                                              |
|  GPU   GI   CI        PID   Type   Process name                              GPU Memory |
|        ID   ID                                                               Usage      |
|=========================================================================================|
|    0   N/A  N/A   1029849      C   python3                                       494MiB |
+-----------------------------------------------------------------------------------------+
CUDA verified: NVIDIA L40S; tensor dot product=8.0
GPU startup: NVIDIA L40S, 533, 46068, 1
Loaded train=6026, valid=754; reserved test set is not loaded
epoch=1 loss=0.260631 validation_macro_fmax=0.225258 valid_micro_fmax=0.115546
epoch=2 loss=0.201553 validation_macro_fmax=0.241308 valid_micro_fmax=0.138465
epoch=3 loss=0.181515 validation_macro_fmax=0.245312 valid_micro_fmax=0.146568
epoch=4 loss=0.163247 validation_macro_fmax=0.253362 valid_micro_fmax=0.178304
epoch=5 loss=0.141602 validation_macro_fmax=0.257695 valid_micro_fmax=0.194078
epoch=6 loss=0.117205 validation_macro_fmax=0.248207 valid_micro_fmax=0.211614
epoch=7 loss=0.093209 validation_macro_fmax=0.253124 valid_micro_fmax=0.239910
epoch=8 loss=0.071871 validation_macro_fmax=0.235304 valid_micro_fmax=0.269912
epoch=9 loss=0.054361 validation_macro_fmax=0.249359 valid_micro_fmax=0.307632
epoch=10 loss=0.041091 validation_macro_fmax=0.242709 valid_micro_fmax=0.321124
epoch=11 loss=0.031325 validation_macro_fmax=0.248938 valid_micro_fmax=0.336398
epoch=12 loss=0.023950 validation_macro_fmax=0.258289 valid_micro_fmax=0.344934
epoch=13 loss=0.018625 validation_macro_fmax=0.261513 valid_micro_fmax=0.346293
epoch=14 loss=0.015124 validation_macro_fmax=0.244092 valid_micro_fmax=0.379052
epoch=15 loss=0.011923 validation_macro_fmax=0.256860 valid_micro_fmax=0.390424
epoch=16 loss=0.009659 validation_macro_fmax=0.243389 valid_micro_fmax=0.392403
epoch=17 loss=0.008232 validation_macro_fmax=0.242226 valid_micro_fmax=0.393063
epoch=18 loss=0.007127 validation_macro_fmax=0.249457 valid_micro_fmax=0.391857
epoch=19 loss=0.005687 validation_macro_fmax=0.239291 valid_micro_fmax=0.390912
epoch=20 loss=0.004836 validation_macro_fmax=0.236797 valid_micro_fmax=0.403592
epoch=21 loss=0.004281 validation_macro_fmax=0.233235 valid_micro_fmax=0.396073
epoch=22 loss=0.003689 validation_macro_fmax=0.255586 valid_micro_fmax=0.414609
Early stopping after 22 epochs (patience=9)
GPU completion: NVIDIA L40S, 23637, 46068, 0
