GPU: NVIDIA L40S
CUDA tensor check: 8.0
Sun Jul 19 22:30:20 2026       
+-----------------------------------------------------------------------------------------+
| NVIDIA-SMI 560.35.03              Driver Version: 560.35.03      CUDA Version: 12.6     |
|-----------------------------------------+------------------------+----------------------+
| GPU  Name                 Persistence-M | Bus-Id          Disp.A | Volatile Uncorr. ECC |
| Fan  Temp   Perf          Pwr:Usage/Cap |           Memory-Usage | GPU-Util  Compute M. |
|                                         |                        |               MIG M. |
|=========================================+========================+======================|
|   0  NVIDIA L40S                    On  |   00000000:B5:00.0 Off |                    0 |
| N/A   48C    P0             41W /  350W |     503MiB /  46068MiB |      0%      Default |
|                                         |                        |                  N/A |
+-----------------------------------------+------------------------+----------------------+
                                                                                         
+-----------------------------------------------------------------------------------------+
| Processes:                                                                              |
|  GPU   GI   CI        PID   Type   Process name                              GPU Memory |
|        ID   ID                                                               Usage      |
|=========================================================================================|
|    0   N/A  N/A   1603898      C   python3                                       494MiB |
+-----------------------------------------------------------------------------------------+
CUDA verified: NVIDIA L40S; tensor dot product=8.0
GPU startup: NVIDIA L40S, 533, 46068, 0
Loaded train=6026, valid=754; reserved test set is not loaded
epoch=1 loss=0.892887 validation_macro_fmax=0.326834 valid_micro_fmax=0.341384
epoch=2 loss=0.687226 validation_macro_fmax=0.339772 valid_micro_fmax=0.459577
epoch=3 loss=0.530491 validation_macro_fmax=0.328464 valid_micro_fmax=0.428371
epoch=4 loss=0.339592 validation_macro_fmax=0.317057 valid_micro_fmax=0.474419
epoch=5 loss=0.195109 validation_macro_fmax=0.332014 valid_micro_fmax=0.496294
epoch=6 loss=0.118400 validation_macro_fmax=0.293446 valid_micro_fmax=0.501168
epoch=7 loss=0.087102 validation_macro_fmax=0.311286 valid_micro_fmax=0.541751
epoch=8 loss=0.057438 validation_macro_fmax=0.300829 valid_micro_fmax=0.525489
epoch=9 loss=0.041148 validation_macro_fmax=0.288328 valid_micro_fmax=0.509767
epoch=10 loss=0.031264 validation_macro_fmax=0.288977 valid_micro_fmax=0.511292
epoch=11 loss=0.032018 validation_macro_fmax=0.291617 valid_micro_fmax=0.532026
Early stopping after 11 epochs (patience=9)
GPU completion: NVIDIA L40S, 26873, 46068, 0
