GPU: NVIDIA L40S
CUDA tensor check: 8.0
Sun Jul 19 06:09:51 2026       
+-----------------------------------------------------------------------------------------+
| NVIDIA-SMI 560.35.03              Driver Version: 560.35.03      CUDA Version: 12.6     |
|-----------------------------------------+------------------------+----------------------+
| GPU  Name                 Persistence-M | Bus-Id          Disp.A | Volatile Uncorr. ECC |
| Fan  Temp   Perf          Pwr:Usage/Cap |           Memory-Usage | GPU-Util  Compute M. |
|                                         |                        |               MIG M. |
|=========================================+========================+======================|
|   0  NVIDIA L40S                    On  |   00000000:0D:00.0 Off |                    0 |
| N/A   56C    P0             48W /  350W |     503MiB /  46068MiB |      0%      Default |
|                                         |                        |                  N/A |
+-----------------------------------------+------------------------+----------------------+
                                                                                         
+-----------------------------------------------------------------------------------------+
| Processes:                                                                              |
|  GPU   GI   CI        PID   Type   Process name                              GPU Memory |
|        ID   ID                                                               Usage      |
|=========================================================================================|
|    0   N/A  N/A   1153785      C   python3                                       494MiB |
+-----------------------------------------------------------------------------------------+
CUDA verified: NVIDIA L40S; tensor dot product=8.0
GPU startup: NVIDIA L40S, 533, 46068, 0
Loaded train=6026, valid=754; reserved test set is not loaded
epoch=1 loss=0.315299 validation_macro_fmax=0.109565 valid_micro_fmax=0.025426
epoch=2 loss=0.240763 validation_macro_fmax=0.147936 valid_micro_fmax=0.057974
epoch=3 loss=0.206820 validation_macro_fmax=0.163295 valid_micro_fmax=0.078275
epoch=4 loss=0.172986 validation_macro_fmax=0.164102 valid_micro_fmax=0.098958
epoch=5 loss=0.136609 validation_macro_fmax=0.166521 valid_micro_fmax=0.126728
epoch=6 loss=0.103650 validation_macro_fmax=0.177023 valid_micro_fmax=0.166787
epoch=7 loss=0.078595 validation_macro_fmax=0.184185 valid_micro_fmax=0.185601
epoch=8 loss=0.060700 validation_macro_fmax=0.167794 valid_micro_fmax=0.192884
epoch=9 loss=0.046895 validation_macro_fmax=0.176333 valid_micro_fmax=0.191324
epoch=10 loss=0.039993 validation_macro_fmax=0.177742 valid_micro_fmax=0.218410
epoch=11 loss=0.033714 validation_macro_fmax=0.183036 valid_micro_fmax=0.211639
epoch=12 loss=0.029988 validation_macro_fmax=0.171980 valid_micro_fmax=0.204664
epoch=13 loss=0.025356 validation_macro_fmax=0.179186 valid_micro_fmax=0.215013
epoch=14 loss=0.024161 validation_macro_fmax=0.201624 valid_micro_fmax=0.233023
epoch=15 loss=0.020402 validation_macro_fmax=0.168744 valid_micro_fmax=0.221403
epoch=16 loss=0.019826 validation_macro_fmax=0.190599 valid_micro_fmax=0.239952
epoch=17 loss=0.017241 validation_macro_fmax=0.173167 valid_micro_fmax=0.224913
epoch=18 loss=0.015023 validation_macro_fmax=0.183034 valid_micro_fmax=0.237382
epoch=19 loss=0.016287 validation_macro_fmax=0.169675 valid_micro_fmax=0.233038
epoch=20 loss=0.013363 validation_macro_fmax=0.183605 valid_micro_fmax=0.249076
epoch=21 loss=0.012496 validation_macro_fmax=0.191805 valid_micro_fmax=0.237852
epoch=22 loss=0.012410 validation_macro_fmax=0.190875 valid_micro_fmax=0.256336
Early stopping after 22 epochs (patience=8)
GPU completion: NVIDIA L40S, 19233, 46068, 0
