GPU: NVIDIA L40S
CUDA tensor check: 8.0
Sun Jul 19 11:26:38 2026       
+-----------------------------------------------------------------------------------------+
| NVIDIA-SMI 560.35.03              Driver Version: 560.35.03      CUDA Version: 12.6     |
|-----------------------------------------+------------------------+----------------------+
| GPU  Name                 Persistence-M | Bus-Id          Disp.A | Volatile Uncorr. ECC |
| Fan  Temp   Perf          Pwr:Usage/Cap |           Memory-Usage | GPU-Util  Compute M. |
|                                         |                        |               MIG M. |
|=========================================+========================+======================|
|   0  NVIDIA L40S                    On  |   00000000:B5:00.0 Off |                    0 |
| N/A   49C    P0             47W /  350W |     503MiB /  46068MiB |      5%      Default |
|                                         |                        |                  N/A |
+-----------------------------------------+------------------------+----------------------+
                                                                                         
+-----------------------------------------------------------------------------------------+
| Processes:                                                                              |
|  GPU   GI   CI        PID   Type   Process name                              GPU Memory |
|        ID   ID                                                               Usage      |
|=========================================================================================|
|    0   N/A  N/A    737563      C   python3                                       494MiB |
+-----------------------------------------------------------------------------------------+
CUDA verified: NVIDIA L40S; tensor dot product=8.0
GPU startup: NVIDIA L40S, 533, 46068, 0
Loaded train=6026, valid=754; reserved test set is not loaded
epoch=1 loss=1.107716 validation_macro_fmax=0.242687 valid_micro_fmax=0.128468
epoch=2 loss=0.886968 validation_macro_fmax=0.285116 valid_micro_fmax=0.146921
epoch=3 loss=0.778703 validation_macro_fmax=0.293355 valid_micro_fmax=0.168696
epoch=4 loss=0.670966 validation_macro_fmax=0.314521 valid_micro_fmax=0.177844
epoch=5 loss=0.541795 validation_macro_fmax=0.312818 valid_micro_fmax=0.220100
epoch=6 loss=0.421237 validation_macro_fmax=0.318005 valid_micro_fmax=0.228895
epoch=7 loss=0.345928 validation_macro_fmax=0.327798 valid_micro_fmax=0.275152
epoch=8 loss=0.282421 validation_macro_fmax=0.345962 valid_micro_fmax=0.297587
epoch=9 loss=0.212624 validation_macro_fmax=0.324270 valid_micro_fmax=0.332111
epoch=10 loss=0.183451 validation_macro_fmax=0.322469 valid_micro_fmax=0.318799
epoch=11 loss=0.150537 validation_macro_fmax=0.326474 valid_micro_fmax=0.341987
epoch=12 loss=0.128652 validation_macro_fmax=0.352858 valid_micro_fmax=0.356831
epoch=13 loss=0.120893 validation_macro_fmax=0.327267 valid_micro_fmax=0.376123
epoch=14 loss=0.105396 validation_macro_fmax=0.355126 valid_micro_fmax=0.362948
epoch=15 loss=0.096241 validation_macro_fmax=0.349090 valid_micro_fmax=0.371957
epoch=16 loss=0.088438 validation_macro_fmax=0.357664 valid_micro_fmax=0.383153
epoch=17 loss=0.079186 validation_macro_fmax=0.338095 valid_micro_fmax=0.407102
epoch=18 loss=0.075409 validation_macro_fmax=0.337218 valid_micro_fmax=0.410519
epoch=19 loss=0.069643 validation_macro_fmax=0.344659 valid_micro_fmax=0.390535
epoch=20 loss=0.061744 validation_macro_fmax=0.347189 valid_micro_fmax=0.392043
epoch=21 loss=0.063243 validation_macro_fmax=0.328108 valid_micro_fmax=0.402702
epoch=22 loss=0.059880 validation_macro_fmax=0.347543 valid_micro_fmax=0.381758
epoch=23 loss=0.053690 validation_macro_fmax=0.355515 valid_micro_fmax=0.377684
epoch=24 loss=0.053078 validation_macro_fmax=0.350107 valid_micro_fmax=0.412029
epoch=25 loss=0.047048 validation_macro_fmax=0.347633 valid_micro_fmax=0.399216
Early stopping after 25 epochs (patience=9)
GPU completion: NVIDIA L40S, 18145, 46068, 0
