GPU: NVIDIA L40S
CUDA tensor check: 8.0
Sun Jul 19 05:22:48 2026       
+-----------------------------------------------------------------------------------------+
| NVIDIA-SMI 560.35.03              Driver Version: 560.35.03      CUDA Version: 12.6     |
|-----------------------------------------+------------------------+----------------------+
| GPU  Name                 Persistence-M | Bus-Id          Disp.A | Volatile Uncorr. ECC |
| Fan  Temp   Perf          Pwr:Usage/Cap |           Memory-Usage | GPU-Util  Compute M. |
|                                         |                        |               MIG M. |
|=========================================+========================+======================|
|   0  NVIDIA L40S                    On  |   00000000:0D:00.0 Off |                    0 |
| N/A   49C    P0             43W /  350W |     503MiB /  46068MiB |      1%      Default |
|                                         |                        |                  N/A |
+-----------------------------------------+------------------------+----------------------+
                                                                                         
+-----------------------------------------------------------------------------------------+
| Processes:                                                                              |
|  GPU   GI   CI        PID   Type   Process name                              GPU Memory |
|        ID   ID                                                               Usage      |
|=========================================================================================|
|    0   N/A  N/A   1132689      C   python3                                       494MiB |
+-----------------------------------------------------------------------------------------+
CUDA verified: NVIDIA L40S; tensor dot product=8.0
GPU startup: NVIDIA L40S, 533, 46068, 0
Loaded train=6026, valid=754; reserved test set is not loaded
epoch=1 loss=1.177107 validation_macro_fmax=0.190441 valid_micro_fmax=0.092466
epoch=2 loss=1.095149 validation_macro_fmax=0.194860 valid_micro_fmax=0.093670
epoch=3 loss=1.041656 validation_macro_fmax=0.198839 valid_micro_fmax=0.094589
epoch=4 loss=1.002306 validation_macro_fmax=0.204931 valid_micro_fmax=0.094944
epoch=5 loss=0.971922 validation_macro_fmax=0.209988 valid_micro_fmax=0.096413
epoch=6 loss=0.942061 validation_macro_fmax=0.213656 valid_micro_fmax=0.097117
epoch=7 loss=0.919388 validation_macro_fmax=0.215398 valid_micro_fmax=0.098454
epoch=8 loss=0.897871 validation_macro_fmax=0.220133 valid_micro_fmax=0.098625
epoch=9 loss=0.882137 validation_macro_fmax=0.226796 valid_micro_fmax=0.102443
epoch=10 loss=0.862835 validation_macro_fmax=0.231554 valid_micro_fmax=0.105007
epoch=11 loss=0.846112 validation_macro_fmax=0.234254 valid_micro_fmax=0.105587
epoch=12 loss=0.832732 validation_macro_fmax=0.237546 valid_micro_fmax=0.108225
epoch=13 loss=0.819187 validation_macro_fmax=0.242331 valid_micro_fmax=0.108539
epoch=14 loss=0.808252 validation_macro_fmax=0.244340 valid_micro_fmax=0.118068
epoch=15 loss=0.795308 validation_macro_fmax=0.245822 valid_micro_fmax=0.116052
epoch=16 loss=0.785988 validation_macro_fmax=0.246917 valid_micro_fmax=0.119652
epoch=17 loss=0.777161 validation_macro_fmax=0.245643 valid_micro_fmax=0.118357
epoch=18 loss=0.767655 validation_macro_fmax=0.249301 valid_micro_fmax=0.122117
epoch=19 loss=0.758455 validation_macro_fmax=0.246569 valid_micro_fmax=0.124000
epoch=20 loss=0.750003 validation_macro_fmax=0.246795 valid_micro_fmax=0.127879
epoch=21 loss=0.742270 validation_macro_fmax=0.245491 valid_micro_fmax=0.132498
epoch=22 loss=0.733516 validation_macro_fmax=0.244755 valid_micro_fmax=0.136609
epoch=23 loss=0.726818 validation_macro_fmax=0.240246 valid_micro_fmax=0.135376
epoch=24 loss=0.718265 validation_macro_fmax=0.243421 valid_micro_fmax=0.139307
epoch=25 loss=0.711052 validation_macro_fmax=0.242469 valid_micro_fmax=0.148537
epoch=26 loss=0.704024 validation_macro_fmax=0.239547 valid_micro_fmax=0.138567
epoch=27 loss=0.696972 validation_macro_fmax=0.239477 valid_micro_fmax=0.150903
Early stopping after 27 epochs (patience=9)
GPU completion: NVIDIA L40S, 20445, 46068, 0
