GPU: NVIDIA L40S
CUDA tensor check: 8.0
Sat Jul 18 19:51:46 2026       
+-----------------------------------------------------------------------------------------+
| NVIDIA-SMI 560.35.03              Driver Version: 560.35.03      CUDA Version: 12.6     |
|-----------------------------------------+------------------------+----------------------+
| GPU  Name                 Persistence-M | Bus-Id          Disp.A | Volatile Uncorr. ECC |
| Fan  Temp   Perf          Pwr:Usage/Cap |           Memory-Usage | GPU-Util  Compute M. |
|                                         |                        |               MIG M. |
|=========================================+========================+======================|
|   0  NVIDIA L40S                    On  |   00000000:B5:00.0 Off |                    0 |
| N/A   44C    P0             45W /  350W |     503MiB /  46068MiB |      0%      Default |
|                                         |                        |                  N/A |
+-----------------------------------------+------------------------+----------------------+
                                                                                         
+-----------------------------------------------------------------------------------------+
| Processes:                                                                              |
|  GPU   GI   CI        PID   Type   Process name                              GPU Memory |
|        ID   ID                                                               Usage      |
|=========================================================================================|
|    0   N/A  N/A    380544      C   python3                                       494MiB |
+-----------------------------------------------------------------------------------------+
CUDA verified: NVIDIA L40S; tensor dot product=8.0
GPU startup: NVIDIA L40S, 533, 46068, 4
Loaded train=6026, valid=754; reserved test set is not loaded
epoch=1 loss=0.269927 validation_macro_fmax=0.364057 valid_micro_fmax=0.199387
epoch=2 loss=0.400896 validation_macro_fmax=0.348571 valid_micro_fmax=0.177022
epoch=3 loss=0.200733 validation_macro_fmax=0.338477 valid_micro_fmax=0.186051
epoch=4 loss=0.213396 validation_macro_fmax=0.312028 valid_micro_fmax=0.186792
epoch=5 loss=0.163680 validation_macro_fmax=0.379717 valid_micro_fmax=0.199859
epoch=6 loss=0.120361 validation_macro_fmax=0.344462 valid_micro_fmax=0.209869
epoch=7 loss=0.081199 validation_macro_fmax=0.376354 valid_micro_fmax=0.273495
epoch=8 loss=0.067988 validation_macro_fmax=0.357443 valid_micro_fmax=0.264163
epoch=9 loss=0.060447 validation_macro_fmax=0.375962 valid_micro_fmax=0.260420
epoch=10 loss=0.078990 validation_macro_fmax=0.319872 valid_micro_fmax=0.235006
epoch=11 loss=0.077304 validation_macro_fmax=0.357952 valid_micro_fmax=0.307154
epoch=12 loss=0.061607 validation_macro_fmax=0.386360 valid_micro_fmax=0.313452
epoch=13 loss=0.047306 validation_macro_fmax=0.384782 valid_micro_fmax=0.353169
epoch=14 loss=0.042336 validation_macro_fmax=0.371473 valid_micro_fmax=0.347539
epoch=15 loss=0.054865 validation_macro_fmax=0.395071 valid_micro_fmax=0.295133
epoch=16 loss=0.040222 validation_macro_fmax=0.369374 valid_micro_fmax=0.357661
epoch=17 loss=0.033186 validation_macro_fmax=0.371913 valid_micro_fmax=0.376022
epoch=18 loss=0.045483 validation_macro_fmax=0.365331 valid_micro_fmax=0.258368
epoch=19 loss=0.050090 validation_macro_fmax=0.376612 valid_micro_fmax=0.341768
epoch=20 loss=0.033909 validation_macro_fmax=0.362478 valid_micro_fmax=0.353345
epoch=21 loss=0.037922 validation_macro_fmax=0.378916 valid_micro_fmax=0.382265
epoch=22 loss=0.024345 validation_macro_fmax=0.384540 valid_micro_fmax=0.406253
epoch=23 loss=0.022982 validation_macro_fmax=0.408053 valid_micro_fmax=0.378894
epoch=24 loss=0.021109 validation_macro_fmax=0.402203 valid_micro_fmax=0.448277
epoch=25 loss=0.020222 validation_macro_fmax=0.396650 valid_micro_fmax=0.451199
epoch=26 loss=0.018939 validation_macro_fmax=0.400394 valid_micro_fmax=0.436667
epoch=27 loss=0.016656 validation_macro_fmax=0.415275 valid_micro_fmax=0.386802
epoch=28 loss=0.016746 validation_macro_fmax=0.409749 valid_micro_fmax=0.458402
epoch=29 loss=0.014267 validation_macro_fmax=0.404195 valid_micro_fmax=0.442290
epoch=30 loss=0.014259 validation_macro_fmax=0.400340 valid_micro_fmax=0.433350
epoch=31 loss=0.020462 validation_macro_fmax=0.377589 valid_micro_fmax=0.321272
epoch=32 loss=0.071454 validation_macro_fmax=0.339541 valid_micro_fmax=0.305213
epoch=33 loss=0.026106 validation_macro_fmax=0.380646 valid_micro_fmax=0.391845
epoch=34 loss=0.016812 validation_macro_fmax=0.398985 valid_micro_fmax=0.408512
epoch=35 loss=0.013738 validation_macro_fmax=0.388281 valid_micro_fmax=0.413952
epoch=36 loss=0.012883 validation_macro_fmax=0.383633 valid_micro_fmax=0.403414
Early stopping after 36 epochs (patience=9)
GPU completion: NVIDIA L40S, 34405, 46068, 0
