GPU: NVIDIA L40S
CUDA tensor check: 8.0
Wed Jul 15 15:29:23 2026       
+-----------------------------------------------------------------------------------------+
| NVIDIA-SMI 560.35.03              Driver Version: 560.35.03      CUDA Version: 12.6     |
|-----------------------------------------+------------------------+----------------------+
| GPU  Name                 Persistence-M | Bus-Id          Disp.A | Volatile Uncorr. ECC |
| Fan  Temp   Perf          Pwr:Usage/Cap |           Memory-Usage | GPU-Util  Compute M. |
|                                         |                        |               MIG M. |
|=========================================+========================+======================|
|   0  NVIDIA L40S                    On  |   00000000:B5:00.0 Off |                    0 |
| N/A   35C    P0             39W /  350W |     503MiB /  46068MiB |      0%      Default |
|                                         |                        |                  N/A |
+-----------------------------------------+------------------------+----------------------+
                                                                                         
+-----------------------------------------------------------------------------------------+
| Processes:                                                                              |
|  GPU   GI   CI        PID   Type   Process name                              GPU Memory |
|        ID   ID                                                               Usage      |
|=========================================================================================|
|    0   N/A  N/A   4189109      C   python3                                       494MiB |
+-----------------------------------------------------------------------------------------+
CUDA verified: NVIDIA L40S; tensor dot product=8.0
GPU startup: NVIDIA L40S, 533, 46068, 2
Loaded train=6026, valid=754; reserved test set is not loaded
epoch=1 loss=0.310175 valid_micro_fmax=0.016947
epoch=2 loss=0.243299 valid_micro_fmax=0.030731
epoch=3 loss=0.219716 valid_micro_fmax=0.045241
epoch=4 loss=0.203719 valid_micro_fmax=0.058417
epoch=5 loss=0.189885 valid_micro_fmax=0.076794
epoch=6 loss=0.174440 valid_micro_fmax=0.084559
epoch=7 loss=0.156801 valid_micro_fmax=0.115452
epoch=8 loss=0.137680 valid_micro_fmax=0.120910
epoch=9 loss=0.117690 valid_micro_fmax=0.125905
epoch=10 loss=0.098226 valid_micro_fmax=0.161026
epoch=11 loss=0.080269 valid_micro_fmax=0.182406
epoch=12 loss=0.065245 valid_micro_fmax=0.184134
epoch=13 loss=0.052570 valid_micro_fmax=0.212221
epoch=14 loss=0.042116 valid_micro_fmax=0.230076
epoch=15 loss=0.034434 valid_micro_fmax=0.220007
epoch=16 loss=0.028171 valid_micro_fmax=0.236642
epoch=17 loss=0.023661 valid_micro_fmax=0.249832
epoch=18 loss=0.019952 valid_micro_fmax=0.225857
epoch=19 loss=0.017072 valid_micro_fmax=0.263281
epoch=20 loss=0.014122 valid_micro_fmax=0.246556
epoch=21 loss=0.012634 valid_micro_fmax=0.267497
epoch=22 loss=0.010710 valid_micro_fmax=0.239300
epoch=23 loss=0.009836 valid_micro_fmax=0.266287
epoch=24 loss=0.008303 valid_micro_fmax=0.266974
epoch=25 loss=0.007663 valid_micro_fmax=0.261026
epoch=26 loss=0.006574 valid_micro_fmax=0.307721
epoch=27 loss=0.006093 valid_micro_fmax=0.284873
epoch=28 loss=0.005733 valid_micro_fmax=0.293963
epoch=29 loss=0.004859 valid_micro_fmax=0.281503
epoch=30 loss=0.005068 valid_micro_fmax=0.280768
epoch=31 loss=0.004890 valid_micro_fmax=0.277826
epoch=32 loss=0.003528 valid_micro_fmax=0.306334
epoch=33 loss=0.003502 valid_micro_fmax=0.288183
epoch=34 loss=0.003023 valid_micro_fmax=0.287784
epoch=35 loss=0.002917 valid_micro_fmax=0.288239
Early stopping after 35 epochs (patience=9)
GPU completion: NVIDIA L40S, 24415, 46068, 0
