GPU: NVIDIA L40S
CUDA tensor check: 8.0
Thu Jul 16 18:46:13 2026       
+-----------------------------------------------------------------------------------------+
| NVIDIA-SMI 560.35.03              Driver Version: 560.35.03      CUDA Version: 12.6     |
|-----------------------------------------+------------------------+----------------------+
| GPU  Name                 Persistence-M | Bus-Id          Disp.A | Volatile Uncorr. ECC |
| Fan  Temp   Perf          Pwr:Usage/Cap |           Memory-Usage | GPU-Util  Compute M. |
|                                         |                        |               MIG M. |
|=========================================+========================+======================|
|   0  NVIDIA L40S                    On  |   00000000:B5:00.0 Off |                    0 |
| N/A   41C    P0             40W /  350W |     503MiB /  46068MiB |      0%      Default |
|                                         |                        |                  N/A |
+-----------------------------------------+------------------------+----------------------+
                                                                                         
+-----------------------------------------------------------------------------------------+
| Processes:                                                                              |
|  GPU   GI   CI        PID   Type   Process name                              GPU Memory |
|        ID   ID                                                               Usage      |
|=========================================================================================|
|    0   N/A  N/A   2738438      C   python3                                       494MiB |
+-----------------------------------------------------------------------------------------+
CUDA verified: NVIDIA L40S; tensor dot product=8.0
GPU startup: NVIDIA L40S, 533, 46068, 0
Loaded train=6026, valid=754; reserved test set is not loaded
epoch=1 loss=1.260064 validation_macro_fmax=0.104067 valid_micro_fmax=0.010644
epoch=2 loss=1.217370 validation_macro_fmax=0.105412 valid_micro_fmax=0.010767
epoch=3 loss=1.183204 validation_macro_fmax=0.108929 valid_micro_fmax=0.010757
epoch=4 loss=1.152415 validation_macro_fmax=0.112075 valid_micro_fmax=0.011230
epoch=5 loss=1.126258 validation_macro_fmax=0.117120 valid_micro_fmax=0.012092
epoch=6 loss=1.104090 validation_macro_fmax=0.119800 valid_micro_fmax=0.012874
epoch=7 loss=1.083324 validation_macro_fmax=0.121878 valid_micro_fmax=0.013884
epoch=8 loss=1.078778 validation_macro_fmax=0.123746 valid_micro_fmax=0.015149
epoch=9 loss=1.048499 validation_macro_fmax=0.122556 valid_micro_fmax=0.014373
epoch=10 loss=1.032013 validation_macro_fmax=0.129689 valid_micro_fmax=0.017450
epoch=11 loss=1.017785 validation_macro_fmax=0.129337 valid_micro_fmax=0.020097
epoch=12 loss=1.003083 validation_macro_fmax=0.129928 valid_micro_fmax=0.019640
epoch=13 loss=0.990216 validation_macro_fmax=0.132912 valid_micro_fmax=0.023338
epoch=14 loss=0.978717 validation_macro_fmax=0.135339 valid_micro_fmax=0.023780
epoch=15 loss=0.967212 validation_macro_fmax=0.137433 valid_micro_fmax=0.025053
epoch=16 loss=0.953803 validation_macro_fmax=0.137745 valid_micro_fmax=0.031389
epoch=17 loss=0.943047 validation_macro_fmax=0.140529 valid_micro_fmax=0.031782
epoch=18 loss=0.932203 validation_macro_fmax=0.145619 valid_micro_fmax=0.038199
epoch=19 loss=0.921944 validation_macro_fmax=0.147410 valid_micro_fmax=0.041494
epoch=20 loss=0.912702 validation_macro_fmax=0.147785 valid_micro_fmax=0.042100
epoch=21 loss=0.904761 validation_macro_fmax=0.152424 valid_micro_fmax=0.046434
epoch=22 loss=0.894909 validation_macro_fmax=0.152582 valid_micro_fmax=0.050114
epoch=23 loss=0.885838 validation_macro_fmax=0.154382 valid_micro_fmax=0.057438
epoch=24 loss=0.876995 validation_macro_fmax=0.155714 valid_micro_fmax=0.056117
epoch=25 loss=0.868558 validation_macro_fmax=0.160046 valid_micro_fmax=0.063536
epoch=26 loss=0.860463 validation_macro_fmax=0.164638 valid_micro_fmax=0.077833
epoch=27 loss=0.853722 validation_macro_fmax=0.163648 valid_micro_fmax=0.073562
epoch=28 loss=0.846069 validation_macro_fmax=0.162780 valid_micro_fmax=0.075155
epoch=29 loss=0.837335 validation_macro_fmax=0.163947 valid_micro_fmax=0.081424
epoch=30 loss=0.831222 validation_macro_fmax=0.160411 valid_micro_fmax=0.077668
epoch=31 loss=0.825577 validation_macro_fmax=0.165657 valid_micro_fmax=0.095484
epoch=32 loss=0.817947 validation_macro_fmax=0.165813 valid_micro_fmax=0.094025
epoch=33 loss=0.809604 validation_macro_fmax=0.169488 valid_micro_fmax=0.115669
epoch=34 loss=0.804309 validation_macro_fmax=0.162124 valid_micro_fmax=0.095485
epoch=35 loss=0.796871 validation_macro_fmax=0.164696 valid_micro_fmax=0.107485
epoch=36 loss=0.790313 validation_macro_fmax=0.167142 valid_micro_fmax=0.111433
epoch=37 loss=0.784603 validation_macro_fmax=0.165282 valid_micro_fmax=0.113731
epoch=38 loss=0.777682 validation_macro_fmax=0.168822 valid_micro_fmax=0.119618
epoch=39 loss=0.772940 validation_macro_fmax=0.165999 valid_micro_fmax=0.117200
epoch=40 loss=0.765174 validation_macro_fmax=0.164096 valid_micro_fmax=0.115658
epoch=41 loss=0.758449 validation_macro_fmax=0.161200 valid_micro_fmax=0.119565
epoch=42 loss=0.753492 validation_macro_fmax=0.163715 valid_micro_fmax=0.125000
Early stopping after 42 epochs (patience=9)
GPU completion: NVIDIA L40S, 28223, 46068, 0
