GPU: NVIDIA L40S
CUDA tensor check: 8.0
Sun Jul 19 04:44:54 2026       
+-----------------------------------------------------------------------------------------+
| NVIDIA-SMI 560.35.03              Driver Version: 560.35.03      CUDA Version: 12.6     |
|-----------------------------------------+------------------------+----------------------+
| GPU  Name                 Persistence-M | Bus-Id          Disp.A | Volatile Uncorr. ECC |
| Fan  Temp   Perf          Pwr:Usage/Cap |           Memory-Usage | GPU-Util  Compute M. |
|                                         |                        |               MIG M. |
|=========================================+========================+======================|
|   0  NVIDIA L40S                    On  |   00000000:0D:00.0 Off |                    0 |
| N/A   54C    P0             44W /  350W |     503MiB /  46068MiB |      0%      Default |
|                                         |                        |                  N/A |
+-----------------------------------------+------------------------+----------------------+
                                                                                         
+-----------------------------------------------------------------------------------------+
| Processes:                                                                              |
|  GPU   GI   CI        PID   Type   Process name                              GPU Memory |
|        ID   ID                                                               Usage      |
|=========================================================================================|
|    0   N/A  N/A   1115351      C   python3                                       494MiB |
+-----------------------------------------------------------------------------------------+
CUDA verified: NVIDIA L40S; tensor dot product=8.0
GPU startup: NVIDIA L40S, 533, 46068, 0
Loaded train=6026, valid=754; reserved test set is not loaded
epoch=1 loss=0.567392 validation_macro_fmax=0.378786 valid_micro_fmax=0.177575
epoch=2 loss=0.452908 validation_macro_fmax=0.396714 valid_micro_fmax=0.200618
epoch=3 loss=0.421120 validation_macro_fmax=0.390237 valid_micro_fmax=0.240410
epoch=4 loss=0.398360 validation_macro_fmax=0.389113 valid_micro_fmax=0.251353
epoch=5 loss=0.379418 validation_macro_fmax=0.385249 valid_micro_fmax=0.271865
epoch=6 loss=0.361053 validation_macro_fmax=0.384886 valid_micro_fmax=0.308279
epoch=7 loss=0.341284 validation_macro_fmax=0.389334 valid_micro_fmax=0.307958
epoch=8 loss=0.318128 validation_macro_fmax=0.387495 valid_micro_fmax=0.333684
epoch=9 loss=0.292070 validation_macro_fmax=0.398643 valid_micro_fmax=0.324055
epoch=10 loss=0.262774 validation_macro_fmax=0.404291 valid_micro_fmax=0.331429
epoch=11 loss=0.231027 validation_macro_fmax=0.391084 valid_micro_fmax=0.364641
epoch=12 loss=0.198560 validation_macro_fmax=0.386162 valid_micro_fmax=0.396231
epoch=13 loss=0.168289 validation_macro_fmax=0.399206 valid_micro_fmax=0.404902
epoch=14 loss=0.143170 validation_macro_fmax=0.394458 valid_micro_fmax=0.414843
epoch=15 loss=0.119019 validation_macro_fmax=0.395282 valid_micro_fmax=0.403472
epoch=16 loss=0.101348 validation_macro_fmax=0.386327 valid_micro_fmax=0.399066
epoch=17 loss=0.085763 validation_macro_fmax=0.388500 valid_micro_fmax=0.446449
epoch=18 loss=0.071989 validation_macro_fmax=0.402114 valid_micro_fmax=0.439916
epoch=19 loss=0.061643 validation_macro_fmax=0.388863 valid_micro_fmax=0.453693
Early stopping after 19 epochs (patience=9)
GPU completion: NVIDIA L40S, 44105, 46068, 0
