GPU: NVIDIA L40S
CUDA tensor check: 8.0
Wed Jul 15 20:19:16 2026       
+-----------------------------------------------------------------------------------------+
| NVIDIA-SMI 560.35.03              Driver Version: 560.35.03      CUDA Version: 12.6     |
|-----------------------------------------+------------------------+----------------------+
| GPU  Name                 Persistence-M | Bus-Id          Disp.A | Volatile Uncorr. ECC |
| Fan  Temp   Perf          Pwr:Usage/Cap |           Memory-Usage | GPU-Util  Compute M. |
|                                         |                        |               MIG M. |
|=========================================+========================+======================|
|   0  NVIDIA L40S                    On  |   00000000:0D:00.0 Off |                    0 |
| N/A   39C    P0             41W /  350W |     503MiB /  46068MiB |      0%      Default |
|                                         |                        |                  N/A |
+-----------------------------------------+------------------------+----------------------+
                                                                                         
+-----------------------------------------------------------------------------------------+
| Processes:                                                                              |
|  GPU   GI   CI        PID   Type   Process name                              GPU Memory |
|        ID   ID                                                               Usage      |
|=========================================================================================|
|    0   N/A  N/A   3336084      C   python3                                       494MiB |
+-----------------------------------------------------------------------------------------+
CUDA verified: NVIDIA L40S; tensor dot product=8.0
GPU startup: NVIDIA L40S, 533, 46068, 0
Loaded train=6026, valid=754; reserved test set is not loaded
epoch=1 loss=0.837053 valid_micro_fmax=0.272910
epoch=2 loss=0.501584 valid_micro_fmax=0.343096
epoch=3 loss=0.249427 valid_micro_fmax=0.381331
epoch=4 loss=0.166626 valid_micro_fmax=0.351082
epoch=5 loss=0.115364 valid_micro_fmax=0.439494
epoch=6 loss=0.055476 valid_micro_fmax=0.464673
epoch=7 loss=0.036960 valid_micro_fmax=0.441780
epoch=8 loss=0.027885 valid_micro_fmax=0.451994
epoch=9 loss=0.036844 valid_micro_fmax=0.444030
epoch=10 loss=0.026317 valid_micro_fmax=0.425464
epoch=11 loss=0.023654 valid_micro_fmax=0.456010
epoch=12 loss=0.039382 valid_micro_fmax=0.334734
epoch=13 loss=0.025570 valid_micro_fmax=0.409871
epoch=14 loss=0.019210 valid_micro_fmax=0.454989
Early stopping after 14 epochs (patience=8)
GPU completion: NVIDIA L40S, 25765, 46068, 99
