Starting Input Modality Ablation on mlg2
Array Task ID: 2
Running for ontology: cellular_component
Running only for: cellular_component
=========================================
  Input Modality Ablation (Hybrid_JK)
=========================================
Output Directory: runs_ablation_input
  [✓] Found Tuned Params: LR=0.0005 | Dropout=0.2 | BatchSize=16
=========================================
------------------------------------------------------
  Run 1 / 9 | cellular_component | modality=seq_only | s42
------------------------------------------------------
Using device: cuda

[RESUME] Found successfully completed run in runs_ablation_input/cc_Hybrid_JK_Focal_lr0.0005_dp0.2_bs16_s42_seq_only.
[RESUME] Skipping training to save compute!

------------------------------------------------------
  Run 2 / 9 | cellular_component | modality=seq_only | s123
------------------------------------------------------
Using device: cuda

[RESUME] Found successfully completed run in runs_ablation_input/cc_Hybrid_JK_Focal_lr0.0005_dp0.2_bs16_s123_seq_only.
[RESUME] Skipping training to save compute!

------------------------------------------------------
  Run 3 / 9 | cellular_component | modality=seq_only | s456
------------------------------------------------------
Using device: cuda

[RESUME] Found successfully completed run in runs_ablation_input/cc_Hybrid_JK_Focal_lr0.0005_dp0.2_bs16_s456_seq_only.
[RESUME] Skipping training to save compute!

------------------------------------------------------
  Run 4 / 9 | cellular_component | modality=struct_only | s42
------------------------------------------------------
