Starting Loss Function Ablation on mlg1
Array Task ID: 2
Running for ontology: cellular_component
Running only for: cellular_component
=========================================
  Loss Function Ablation (Hybrid_JK)
=========================================
Output Directory: runs_ablation_loss
  [✓] Found Tuned Params: LR=0.0005 | Dropout=0.2 | BatchSize=16
=========================================
------------------------------------------------------
  Run 1 / 12 | cellular_component | BCE | gamma=4.0 | s42
------------------------------------------------------
Using device: cuda

[RESUME] Found successfully completed run in runs_ablation_loss/cc_Hybrid_JK_BCE_lr0.0005_dp0.2_bs16_s42.
[RESUME] Skipping training to save compute!

------------------------------------------------------
  Run 2 / 12 | cellular_component | BCE | gamma=4.0 | s123
------------------------------------------------------
Using device: cuda

[RESUME] Found successfully completed run in runs_ablation_loss/cc_Hybrid_JK_BCE_lr0.0005_dp0.2_bs16_s123.
[RESUME] Skipping training to save compute!

------------------------------------------------------
  Run 3 / 12 | cellular_component | BCE | gamma=4.0 | s456
------------------------------------------------------
Using device: cuda

[RESUME] Found successfully completed run in runs_ablation_loss/cc_Hybrid_JK_BCE_lr0.0005_dp0.2_bs16_s456.
[RESUME] Skipping training to save compute!

------------------------------------------------------
  Run 4 / 12 | cellular_component | Focal | gamma=1.0 | s42
------------------------------------------------------
Using device: cuda

[RESUME] Found successfully completed run in runs_ablation_loss/cc_Hybrid_JK_Focal_lr0.0005_dp0.2_bs16_s42_g1.0.
[RESUME] Skipping training to save compute!

------------------------------------------------------
  Run 5 / 12 | cellular_component | Focal | gamma=1.0 | s123
------------------------------------------------------
Using device: cuda

[RESUME] Found successfully completed run in runs_ablation_loss/cc_Hybrid_JK_Focal_lr0.0005_dp0.2_bs16_s123_g1.0.
[RESUME] Skipping training to save compute!

------------------------------------------------------
  Run 6 / 12 | cellular_component | Focal | gamma=1.0 | s456
------------------------------------------------------
Using device: cuda

[RESUME] Found successfully completed run in runs_ablation_loss/cc_Hybrid_JK_Focal_lr0.0005_dp0.2_bs16_s456_g1.0.
[RESUME] Skipping training to save compute!

------------------------------------------------------
  Run 7 / 12 | cellular_component | Focal | gamma=2.0 | s42
------------------------------------------------------
Using device: cuda
Loading datasets from preprocessing/data/split_files/datasets.pkl for cellular_component...
Alpha weights not found. Using default FocalLoss (alpha=0.25, gamma=2.0).
Epoch 001 | Loss: 0.0257 | Val MiFmax: 0.3265 | Val MaFmax: 0.2750 | Val Smin: 10.8856
  --> New best model saved!
Epoch 002 | Loss: 0.0048 | Val MiFmax: 0.4463 | Val MaFmax: 0.3742 | Val Smin: 9.5669
  --> New best model saved!
Epoch 003 | Loss: 0.0034 | Val MiFmax: 0.5265 | Val MaFmax: 0.4620 | Val Smin: 8.4669
  --> New best model saved!
Epoch 004 | Loss: 0.0025 | Val MiFmax: 0.5400 | Val MaFmax: 0.4957 | Val Smin: 8.6472
  --> New best model saved!
Epoch 005 | Loss: 0.0020 | Val MiFmax: 0.5684 | Val MaFmax: 0.5712 | Val Smin: 7.7693
  --> New best model saved!
Epoch 006 | Loss: 0.0015 | Val MiFmax: 0.6361 | Val MaFmax: 0.6085 | Val Smin: 6.7312
  --> New best model saved!
Epoch 007 | Loss: 0.0013 | Val MiFmax: 0.6365 | Val MaFmax: 0.6222 | Val Smin: 6.6396
  --> New best model saved!
Epoch 008 | Loss: 0.0010 | Val MiFmax: 0.6500 | Val MaFmax: 0.6398 | Val Smin: 6.5090
  --> New best model saved!
Epoch 009 | Loss: 0.0009 | Val MiFmax: 0.6810 | Val MaFmax: 0.6451 | Val Smin: 5.8929
  --> New best model saved!
Epoch 010 | Loss: 0.0008 | Val MiFmax: 0.6607 | Val MaFmax: 0.6357 | Val Smin: 6.3178
Epoch 011 | Loss: 0.0007 | Val MiFmax: 0.6882 | Val MaFmax: 0.6714 | Val Smin: 5.8457
  --> New best model saved!
Epoch 012 | Loss: 0.0006 | Val MiFmax: 0.6755 | Val MaFmax: 0.6763 | Val Smin: 5.8845
  --> New best model saved!
Epoch 013 | Loss: 0.0006 | Val MiFmax: 0.6680 | Val MaFmax: 0.6522 | Val Smin: 6.0480
Epoch 014 | Loss: 0.0005 | Val MiFmax: 0.6579 | Val MaFmax: 0.6407 | Val Smin: 6.2767
Epoch 015 | Loss: 0.0005 | Val MiFmax: 0.6691 | Val MaFmax: 0.6568 | Val Smin: 6.1762
Epoch 016 | Loss: 0.0004 | Val MiFmax: 0.6907 | Val MaFmax: 0.6735 | Val Smin: 5.7908
Epoch 017 | Loss: 0.0004 | Val MiFmax: 0.6854 | Val MaFmax: 0.6857 | Val Smin: 5.7472
  --> New best model saved!
Epoch 018 | Loss: 0.0004 | Val MiFmax: 0.6872 | Val MaFmax: 0.6713 | Val Smin: 5.8062
Epoch 019 | Loss: 0.0004 | Val MiFmax: 0.6734 | Val MaFmax: 0.6457 | Val Smin: 6.0616
Epoch 020 | Loss: 0.0003 | Val MiFmax: 0.6942 | Val MaFmax: 0.6924 | Val Smin: 5.7154
  --> New best model saved!
Epoch 021 | Loss: 0.0004 | Val MiFmax: 0.6516 | Val MaFmax: 0.6701 | Val Smin: 6.4969
Epoch 022 | Loss: 0.0004 | Val MiFmax: 0.6895 | Val MaFmax: 0.6750 | Val Smin: 5.8324
Epoch 023 | Loss: 0.0004 | Val MiFmax: 0.6686 | Val MaFmax: 0.6656 | Val Smin: 6.1617
Epoch 024 | Loss: 0.0003 | Val MiFmax: 0.6715 | Val MaFmax: 0.6566 | Val Smin: 6.1876
Epoch 025 | Loss: 0.0003 | Val MiFmax: 0.6768 | Val MaFmax: 0.6145 | Val Smin: 6.0236
Epoch 026 | Loss: 0.0003 | Val MiFmax: 0.6735 | Val MaFmax: 0.6418 | Val Smin: 6.1228
Epoch 027 | Loss: 0.0002 | Val MiFmax: 0.6854 | Val MaFmax: 0.6654 | Val Smin: 5.9204
Epoch 028 | Loss: 0.0001 | Val MiFmax: 0.6975 | Val MaFmax: 0.6658 | Val Smin: 5.6913
Epoch 029 | Loss: 0.0001 | Val MiFmax: 0.6862 | Val MaFmax: 0.6759 | Val Smin: 5.9173
Epoch 030 | Loss: 0.0001 | Val MiFmax: 0.6908 | Val MaFmax: 0.6763 | Val Smin: 5.8139
Epoch 031 | Loss: 0.0001 | Val MiFmax: 0.6881 | Val MaFmax: 0.6626 | Val Smin: 5.9290
Epoch 032 | Loss: 0.0001 | Val MiFmax: 0.6996 | Val MaFmax: 0.6866 | Val Smin: 5.6664
Epoch 033 | Loss: 0.0001 | Val MiFmax: 0.7028 | Val MaFmax: 0.6861 | Val Smin: 5.6256
Epoch 034 | Loss: 0.0001 | Val MiFmax: 0.7064 | Val MaFmax: 0.6772 | Val Smin: 5.5524
Epoch 035 | Loss: 0.0001 | Val MiFmax: 0.6969 | Val MaFmax: 0.6783 | Val Smin: 5.7314
Early stopping triggered after 35 epochs.
Training finished. Evaluating on Test Set...

--- TEST METRICS ---
Micro_Fmax: 0.5711
Macro_Fmax: 0.5999
Macro_AUROC: 0.9067
Micro_AUROC: 0.9003
Macro_AUPRC: 0.5364
Micro_AUPRC: 0.5334
Smin: 9.7155
------------------------------------------------------
  Run 8 / 12 | cellular_component | Focal | gamma=2.0 | s123
------------------------------------------------------
Using device: cuda
Loading datasets from preprocessing/data/split_files/datasets.pkl for cellular_component...
Alpha weights not found. Using default FocalLoss (alpha=0.25, gamma=2.0).
Epoch 001 | Loss: 0.0255 | Val MiFmax: 0.3743 | Val MaFmax: 0.2770 | Val Smin: 10.8952
  --> New best model saved!
Epoch 002 | Loss: 0.0041 | Val MiFmax: 0.5085 | Val MaFmax: 0.4548 | Val Smin: 8.6179
  --> New best model saved!
Epoch 003 | Loss: 0.0027 | Val MiFmax: 0.5348 | Val MaFmax: 0.4517 | Val Smin: 8.2556
Epoch 004 | Loss: 0.0020 | Val MiFmax: 0.5929 | Val MaFmax: 0.5499 | Val Smin: 7.3262
  --> New best model saved!
Epoch 005 | Loss: 0.0015 | Val MiFmax: 0.6013 | Val MaFmax: 0.5838 | Val Smin: 7.1470
  --> New best model saved!
Epoch 006 | Loss: 0.0012 | Val MiFmax: 0.6276 | Val MaFmax: 0.5960 | Val Smin: 6.7105
  --> New best model saved!
Epoch 007 | Loss: 0.0011 | Val MiFmax: 0.6001 | Val MaFmax: 0.5932 | Val Smin: 7.2539
Epoch 008 | Loss: 0.0010 | Val MiFmax: 0.6666 | Val MaFmax: 0.6450 | Val Smin: 6.1420
  --> New best model saved!
Epoch 009 | Loss: 0.0008 | Val MiFmax: 0.6522 | Val MaFmax: 0.6029 | Val Smin: 6.3068
Epoch 010 | Loss: 0.0007 | Val MiFmax: 0.6796 | Val MaFmax: 0.6442 | Val Smin: 5.7977
Epoch 011 | Loss: 0.0007 | Val MiFmax: 0.6650 | Val MaFmax: 0.6404 | Val Smin: 6.0924
Epoch 012 | Loss: 0.0006 | Val MiFmax: 0.6729 | Val MaFmax: 0.6476 | Val Smin: 6.0041
  --> New best model saved!
Epoch 013 | Loss: 0.0006 | Val MiFmax: 0.6795 | Val MaFmax: 0.6539 | Val Smin: 5.8492
  --> New best model saved!
Epoch 014 | Loss: 0.0005 | Val MiFmax: 0.6716 | Val MaFmax: 0.6581 | Val Smin: 5.9915
  --> New best model saved!
Epoch 015 | Loss: 0.0005 | Val MiFmax: 0.6652 | Val MaFmax: 0.6147 | Val Smin: 6.0967
Epoch 016 | Loss: 0.0004 | Val MiFmax: 0.6901 | Val MaFmax: 0.6266 | Val Smin: 5.6923
Epoch 017 | Loss: 0.0005 | Val MiFmax: 0.6726 | Val MaFmax: 0.6260 | Val Smin: 5.9348
Epoch 018 | Loss: 0.0005 | Val MiFmax: 0.6701 | Val MaFmax: 0.6507 | Val Smin: 6.0131
Epoch 019 | Loss: 0.0004 | Val MiFmax: 0.6775 | Val MaFmax: 0.6263 | Val Smin: 5.8841
Epoch 020 | Loss: 0.0004 | Val MiFmax: 0.6758 | Val MaFmax: 0.6474 | Val Smin: 5.9202
Epoch 021 | Loss: 0.0003 | Val MiFmax: 0.6794 | Val MaFmax: 0.6453 | Val Smin: 5.8363
Epoch 022 | Loss: 0.0002 | Val MiFmax: 0.6810 | Val MaFmax: 0.6503 | Val Smin: 5.8388
Epoch 023 | Loss: 0.0002 | Val MiFmax: 0.6913 | Val MaFmax: 0.6461 | Val Smin: 5.6740
Epoch 024 | Loss: 0.0002 | Val MiFmax: 0.6825 | Val MaFmax: 0.6283 | Val Smin: 5.8626
Epoch 025 | Loss: 0.0002 | Val MiFmax: 0.6933 | Val MaFmax: 0.6546 | Val Smin: 5.6568
Epoch 026 | Loss: 0.0002 | Val MiFmax: 0.6987 | Val MaFmax: 0.6600 | Val Smin: 5.5744
  --> New best model saved!
Epoch 027 | Loss: 0.0002 | Val MiFmax: 0.6937 | Val MaFmax: 0.6587 | Val Smin: 5.6297
Epoch 028 | Loss: 0.0002 | Val MiFmax: 0.6956 | Val MaFmax: 0.6260 | Val Smin: 5.5737
Epoch 029 | Loss: 0.0002 | Val MiFmax: 0.6955 | Val MaFmax: 0.6313 | Val Smin: 5.6513
Epoch 030 | Loss: 0.0002 | Val MiFmax: 0.6991 | Val MaFmax: 0.6447 | Val Smin: 5.5570
Epoch 031 | Loss: 0.0002 | Val MiFmax: 0.7041 | Val MaFmax: 0.6423 | Val Smin: 5.5046
Epoch 032 | Loss: 0.0002 | Val MiFmax: 0.6876 | Val MaFmax: 0.6481 | Val Smin: 5.7310
Epoch 033 | Loss: 0.0001 | Val MiFmax: 0.6891 | Val MaFmax: 0.6310 | Val Smin: 5.7332
Epoch 034 | Loss: 0.0001 | Val MiFmax: 0.6895 | Val MaFmax: 0.6369 | Val Smin: 5.7233
Epoch 035 | Loss: 0.0001 | Val MiFmax: 0.6980 | Val MaFmax: 0.6550 | Val Smin: 5.5964
Epoch 036 | Loss: 0.0001 | Val MiFmax: 0.7001 | Val MaFmax: 0.6407 | Val Smin: 5.5287
Epoch 037 | Loss: 0.0001 | Val MiFmax: 0.7036 | Val MaFmax: 0.6532 | Val Smin: 5.5150
Epoch 038 | Loss: 0.0001 | Val MiFmax: 0.7019 | Val MaFmax: 0.6581 | Val Smin: 5.5297
Epoch 039 | Loss: 0.0001 | Val MiFmax: 0.6975 | Val MaFmax: 0.6623 | Val Smin: 5.5788
  --> New best model saved!
Epoch 040 | Loss: 0.0001 | Val MiFmax: 0.6966 | Val MaFmax: 0.6584 | Val Smin: 5.6125
Epoch 041 | Loss: 0.0001 | Val MiFmax: 0.6934 | Val MaFmax: 0.6553 | Val Smin: 5.6312
Epoch 042 | Loss: 0.0001 | Val MiFmax: 0.6960 | Val MaFmax: 0.6532 | Val Smin: 5.6518
Epoch 043 | Loss: 0.0001 | Val MiFmax: 0.7018 | Val MaFmax: 0.6613 | Val Smin: 5.5429
Epoch 044 | Loss: 0.0001 | Val MiFmax: 0.6895 | Val MaFmax: 0.6380 | Val Smin: 5.7107
Epoch 045 | Loss: 0.0001 | Val MiFmax: 0.6969 | Val MaFmax: 0.6634 | Val Smin: 5.6001
  --> New best model saved!
Epoch 046 | Loss: 0.0001 | Val MiFmax: 0.6932 | Val MaFmax: 0.6603 | Val Smin: 5.6656
Epoch 047 | Loss: 0.0001 | Val MiFmax: 0.6913 | Val MaFmax: 0.6513 | Val Smin: 5.6868
Epoch 048 | Loss: 0.0001 | Val MiFmax: 0.6964 | Val MaFmax: 0.6526 | Val Smin: 5.6269
Epoch 049 | Loss: 0.0001 | Val MiFmax: 0.6985 | Val MaFmax: 0.6425 | Val Smin: 5.5825
Epoch 050 | Loss: 0.0001 | Val MiFmax: 0.6953 | Val MaFmax: 0.6561 | Val Smin: 5.6595
Epoch 051 | Loss: 0.0001 | Val MiFmax: 0.6940 | Val MaFmax: 0.6580 | Val Smin: 5.6559
Epoch 052 | Loss: 0.0001 | Val MiFmax: 0.6966 | Val MaFmax: 0.6520 | Val Smin: 5.6129
Epoch 053 | Loss: 0.0001 | Val MiFmax: 0.6955 | Val MaFmax: 0.6605 | Val Smin: 5.6110
Epoch 054 | Loss: 0.0001 | Val MiFmax: 0.6962 | Val MaFmax: 0.6598 | Val Smin: 5.6019
Epoch 055 | Loss: 0.0001 | Val MiFmax: 0.6937 | Val MaFmax: 0.6594 | Val Smin: 5.6345
Epoch 056 | Loss: 0.0001 | Val MiFmax: 0.6936 | Val MaFmax: 0.6596 | Val Smin: 5.6715
Epoch 057 | Loss: 0.0000 | Val MiFmax: 0.6960 | Val MaFmax: 0.6607 | Val Smin: 5.6149
Epoch 058 | Loss: 0.0000 | Val MiFmax: 0.6935 | Val MaFmax: 0.6576 | Val Smin: 5.6475
Epoch 059 | Loss: 0.0000 | Val MiFmax: 0.6898 | Val MaFmax: 0.6576 | Val Smin: 5.6825
Epoch 060 | Loss: 0.0000 | Val MiFmax: 0.6961 | Val MaFmax: 0.6570 | Val Smin: 5.6198
Early stopping triggered after 60 epochs.
Training finished. Evaluating on Test Set...

--- TEST METRICS ---
Micro_Fmax: 0.5997
Macro_Fmax: 0.6229
Macro_AUROC: 0.8740
Micro_AUROC: 0.8918
Macro_AUPRC: 0.5471
Micro_AUPRC: 0.5620
Smin: 8.9639
------------------------------------------------------
  Run 9 / 12 | cellular_component | Focal | gamma=2.0 | s456
------------------------------------------------------
Using device: cuda
Loading datasets from preprocessing/data/split_files/datasets.pkl for cellular_component...
Alpha weights not found. Using default FocalLoss (alpha=0.25, gamma=2.0).
Epoch 001 | Loss: 0.0253 | Val MiFmax: 0.3946 | Val MaFmax: 0.3317 | Val Smin: 10.2994
  --> New best model saved!
Epoch 002 | Loss: 0.0039 | Val MiFmax: 0.5645 | Val MaFmax: 0.4795 | Val Smin: 7.8424
  --> New best model saved!
Epoch 003 | Loss: 0.0025 | Val MiFmax: 0.6130 | Val MaFmax: 0.5803 | Val Smin: 7.0120
  --> New best model saved!
Epoch 004 | Loss: 0.0019 | Val MiFmax: 0.5901 | Val MaFmax: 0.5266 | Val Smin: 7.4335
Epoch 005 | Loss: 0.0016 | Val MiFmax: 0.6480 | Val MaFmax: 0.6241 | Val Smin: 6.4234
  --> New best model saved!
Epoch 006 | Loss: 0.0013 | Val MiFmax: 0.6630 | Val MaFmax: 0.6134 | Val Smin: 6.2704
Epoch 007 | Loss: 0.0011 | Val MiFmax: 0.6482 | Val MaFmax: 0.6501 | Val Smin: 6.4512
  --> New best model saved!
Epoch 008 | Loss: 0.0010 | Val MiFmax: 0.6647 | Val MaFmax: 0.6661 | Val Smin: 6.2295
  --> New best model saved!
Epoch 009 | Loss: 0.0008 | Val MiFmax: 0.6471 | Val MaFmax: 0.6578 | Val Smin: 6.3666
Epoch 010 | Loss: 0.0008 | Val MiFmax: 0.6861 | Val MaFmax: 0.6833 | Val Smin: 5.7630
  --> New best model saved!
Epoch 011 | Loss: 0.0007 | Val MiFmax: 0.6775 | Val MaFmax: 0.6606 | Val Smin: 5.9998
Epoch 012 | Loss: 0.0006 | Val MiFmax: 0.6961 | Val MaFmax: 0.6871 | Val Smin: 5.6434
  --> New best model saved!
Epoch 013 | Loss: 0.0006 | Val MiFmax: 0.6624 | Val MaFmax: 0.6548 | Val Smin: 6.1905
Epoch 014 | Loss: 0.0005 | Val MiFmax: 0.6865 | Val MaFmax: 0.6751 | Val Smin: 5.8282
Epoch 015 | Loss: 0.0006 | Val MiFmax: 0.6862 | Val MaFmax: 0.6445 | Val Smin: 5.8403
Epoch 016 | Loss: 0.0005 | Val MiFmax: 0.6808 | Val MaFmax: 0.6698 | Val Smin: 5.9094
Epoch 017 | Loss: 0.0005 | Val MiFmax: 0.6929 | Val MaFmax: 0.6715 | Val Smin: 5.7021
Epoch 018 | Loss: 0.0004 | Val MiFmax: 0.6773 | Val MaFmax: 0.6762 | Val Smin: 6.0381
Epoch 019 | Loss: 0.0003 | Val MiFmax: 0.7096 | Val MaFmax: 0.6981 | Val Smin: 5.4614
  --> New best model saved!
Epoch 020 | Loss: 0.0002 | Val MiFmax: 0.7091 | Val MaFmax: 0.6953 | Val Smin: 5.4354
Epoch 021 | Loss: 0.0002 | Val MiFmax: 0.6949 | Val MaFmax: 0.6824 | Val Smin: 5.6436
Epoch 022 | Loss: 0.0002 | Val MiFmax: 0.7121 | Val MaFmax: 0.6894 | Val Smin: 5.3560
Epoch 023 | Loss: 0.0002 | Val MiFmax: 0.7001 | Val MaFmax: 0.6918 | Val Smin: 5.5832
Epoch 024 | Loss: 0.0002 | Val MiFmax: 0.7048 | Val MaFmax: 0.6810 | Val Smin: 5.5154
Epoch 025 | Loss: 0.0002 | Val MiFmax: 0.7029 | Val MaFmax: 0.6868 | Val Smin: 5.5161
Epoch 026 | Loss: 0.0002 | Val MiFmax: 0.7041 | Val MaFmax: 0.6918 | Val Smin: 5.5524
Epoch 027 | Loss: 0.0001 | Val MiFmax: 0.7091 | Val MaFmax: 0.6935 | Val Smin: 5.4389
Epoch 028 | Loss: 0.0001 | Val MiFmax: 0.7075 | Val MaFmax: 0.6945 | Val Smin: 5.4353
Epoch 029 | Loss: 0.0001 | Val MiFmax: 0.7093 | Val MaFmax: 0.6958 | Val Smin: 5.4375
Epoch 030 | Loss: 0.0001 | Val MiFmax: 0.7077 | Val MaFmax: 0.6989 | Val Smin: 5.4353
  --> New best model saved!
Epoch 031 | Loss: 0.0001 | Val MiFmax: 0.7064 | Val MaFmax: 0.7025 | Val Smin: 5.4755
  --> New best model saved!
Epoch 032 | Loss: 0.0001 | Val MiFmax: 0.7074 | Val MaFmax: 0.7001 | Val Smin: 5.5053
Epoch 033 | Loss: 0.0001 | Val MiFmax: 0.7114 | Val MaFmax: 0.6950 | Val Smin: 5.3555
Epoch 034 | Loss: 0.0001 | Val MiFmax: 0.7064 | Val MaFmax: 0.6927 | Val Smin: 5.4917
Epoch 035 | Loss: 0.0001 | Val MiFmax: 0.7126 | Val MaFmax: 0.6971 | Val Smin: 5.3612
Epoch 036 | Loss: 0.0001 | Val MiFmax: 0.7092 | Val MaFmax: 0.6995 | Val Smin: 5.5067
Epoch 037 | Loss: 0.0001 | Val MiFmax: 0.7097 | Val MaFmax: 0.6980 | Val Smin: 5.3882
Epoch 038 | Loss: 0.0001 | Val MiFmax: 0.7122 | Val MaFmax: 0.7016 | Val Smin: 5.3986
Epoch 039 | Loss: 0.0001 | Val MiFmax: 0.7157 | Val MaFmax: 0.7019 | Val Smin: 5.3121
Epoch 040 | Loss: 0.0001 | Val MiFmax: 0.7094 | Val MaFmax: 0.6992 | Val Smin: 5.4129
Epoch 041 | Loss: 0.0001 | Val MiFmax: 0.7194 | Val MaFmax: 0.7011 | Val Smin: 5.3558
Epoch 042 | Loss: 0.0001 | Val MiFmax: 0.7157 | Val MaFmax: 0.7010 | Val Smin: 5.2838
Epoch 043 | Loss: 0.0001 | Val MiFmax: 0.7180 | Val MaFmax: 0.7015 | Val Smin: 5.3952
Epoch 044 | Loss: 0.0001 | Val MiFmax: 0.7168 | Val MaFmax: 0.7023 | Val Smin: 5.3277
Epoch 045 | Loss: 0.0001 | Val MiFmax: 0.7198 | Val MaFmax: 0.7050 | Val Smin: 5.2964
  --> New best model saved!
Epoch 046 | Loss: 0.0001 | Val MiFmax: 0.7117 | Val MaFmax: 0.7049 | Val Smin: 5.4368
Epoch 047 | Loss: 0.0001 | Val MiFmax: 0.7180 | Val MaFmax: 0.7016 | Val Smin: 5.3387
Epoch 048 | Loss: 0.0001 | Val MiFmax: 0.7152 | Val MaFmax: 0.6990 | Val Smin: 5.3125
Epoch 049 | Loss: 0.0001 | Val MiFmax: 0.7135 | Val MaFmax: 0.6970 | Val Smin: 5.4001
Epoch 050 | Loss: 0.0001 | Val MiFmax: 0.7125 | Val MaFmax: 0.6965 | Val Smin: 5.3691
Epoch 051 | Loss: 0.0001 | Val MiFmax: 0.7126 | Val MaFmax: 0.7019 | Val Smin: 5.4066
Epoch 052 | Loss: 0.0001 | Val MiFmax: 0.7122 | Val MaFmax: 0.6960 | Val Smin: 5.4230
Epoch 053 | Loss: 0.0001 | Val MiFmax: 0.7165 | Val MaFmax: 0.7011 | Val Smin: 5.3692
Epoch 054 | Loss: 0.0001 | Val MiFmax: 0.7137 | Val MaFmax: 0.7000 | Val Smin: 5.4044
Epoch 055 | Loss: 0.0001 | Val MiFmax: 0.7121 | Val MaFmax: 0.7010 | Val Smin: 5.4208
Epoch 056 | Loss: 0.0001 | Val MiFmax: 0.7146 | Val MaFmax: 0.6986 | Val Smin: 5.3581
Epoch 057 | Loss: 0.0001 | Val MiFmax: 0.7139 | Val MaFmax: 0.7023 | Val Smin: 5.3603
Epoch 058 | Loss: 0.0001 | Val MiFmax: 0.7088 | Val MaFmax: 0.7016 | Val Smin: 5.4732
Epoch 059 | Loss: 0.0000 | Val MiFmax: 0.7136 | Val MaFmax: 0.7011 | Val Smin: 5.3810
Epoch 060 | Loss: 0.0001 | Val MiFmax: 0.7157 | Val MaFmax: 0.7016 | Val Smin: 5.3842
Early stopping triggered after 60 epochs.
Training finished. Evaluating on Test Set...

--- TEST METRICS ---
Micro_Fmax: 0.6052
Macro_Fmax: 0.6002
Macro_AUROC: 0.8874
Micro_AUROC: 0.8808
Macro_AUPRC: 0.5357
Micro_AUPRC: 0.5797
Smin: 9.1296
------------------------------------------------------
  Run 10 / 12 | cellular_component | Focal | gamma=3.0 | s42
------------------------------------------------------
Using device: cuda
Loading datasets from preprocessing/data/split_files/datasets.pkl for cellular_component...
Alpha weights not found. Using default FocalLoss (alpha=0.25, gamma=3.0).
Epoch 001 | Loss: 0.0140 | Val MiFmax: 0.1966 | Val MaFmax: 0.1959 | Val Smin: 12.1284
  --> New best model saved!
Epoch 002 | Loss: 0.0029 | Val MiFmax: 0.3285 | Val MaFmax: 0.2818 | Val Smin: 10.8278
  --> New best model saved!
Epoch 003 | Loss: 0.0022 | Val MiFmax: 0.4690 | Val MaFmax: 0.4355 | Val Smin: 9.1052
  --> New best model saved!
Epoch 004 | Loss: 0.0014 | Val MiFmax: 0.5398 | Val MaFmax: 0.5178 | Val Smin: 8.1632
  --> New best model saved!
Epoch 005 | Loss: 0.0011 | Val MiFmax: 0.5625 | Val MaFmax: 0.5349 | Val Smin: 7.9656
  --> New best model saved!
Epoch 006 | Loss: 0.0009 | Val MiFmax: 0.5964 | Val MaFmax: 0.5604 | Val Smin: 7.1835
  --> New best model saved!
Epoch 007 | Loss: 0.0007 | Val MiFmax: 0.6254 | Val MaFmax: 0.6200 | Val Smin: 6.8325
  --> New best model saved!
Epoch 008 | Loss: 0.0006 | Val MiFmax: 0.6341 | Val MaFmax: 0.5812 | Val Smin: 6.6457
Epoch 009 | Loss: 0.0005 | Val MiFmax: 0.6589 | Val MaFmax: 0.6292 | Val Smin: 6.2392
  --> New best model saved!
Epoch 010 | Loss: 0.0004 | Val MiFmax: 0.6520 | Val MaFmax: 0.6194 | Val Smin: 6.3833
Epoch 011 | Loss: 0.0004 | Val MiFmax: 0.6385 | Val MaFmax: 0.6031 | Val Smin: 6.6205
Epoch 012 | Loss: 0.0004 | Val MiFmax: 0.6629 | Val MaFmax: 0.6460 | Val Smin: 6.2076
  --> New best model saved!
Epoch 013 | Loss: 0.0003 | Val MiFmax: 0.6699 | Val MaFmax: 0.6293 | Val Smin: 6.0601
Epoch 014 | Loss: 0.0003 | Val MiFmax: 0.6584 | Val MaFmax: 0.6418 | Val Smin: 6.2098
Epoch 015 | Loss: 0.0003 | Val MiFmax: 0.6442 | Val MaFmax: 0.6025 | Val Smin: 6.4585
Epoch 016 | Loss: 0.0003 | Val MiFmax: 0.6816 | Val MaFmax: 0.6441 | Val Smin: 5.9439
Epoch 017 | Loss: 0.0002 | Val MiFmax: 0.6786 | Val MaFmax: 0.6496 | Val Smin: 5.9144
  --> New best model saved!
Epoch 018 | Loss: 0.0002 | Val MiFmax: 0.6874 | Val MaFmax: 0.6319 | Val Smin: 5.7798
Epoch 019 | Loss: 0.0003 | Val MiFmax: 0.6675 | Val MaFmax: 0.6425 | Val Smin: 6.0779
Epoch 020 | Loss: 0.0002 | Val MiFmax: 0.6893 | Val MaFmax: 0.6392 | Val Smin: 5.7095
Epoch 021 | Loss: 0.0002 | Val MiFmax: 0.6704 | Val MaFmax: 0.6761 | Val Smin: 6.0763
  --> New best model saved!
Epoch 022 | Loss: 0.0002 | Val MiFmax: 0.6786 | Val MaFmax: 0.6529 | Val Smin: 5.9866
Epoch 023 | Loss: 0.0002 | Val MiFmax: 0.6832 | Val MaFmax: 0.6541 | Val Smin: 5.8535
Epoch 024 | Loss: 0.0002 | Val MiFmax: 0.6644 | Val MaFmax: 0.6279 | Val Smin: 6.1505
Epoch 025 | Loss: 0.0002 | Val MiFmax: 0.6524 | Val MaFmax: 0.6464 | Val Smin: 6.4342
Epoch 026 | Loss: 0.0002 | Val MiFmax: 0.6790 | Val MaFmax: 0.6503 | Val Smin: 5.9630
Epoch 027 | Loss: 0.0002 | Val MiFmax: 0.6783 | Val MaFmax: 0.6844 | Val Smin: 5.9506
  --> New best model saved!
Epoch 028 | Loss: 0.0002 | Val MiFmax: 0.6600 | Val MaFmax: 0.6348 | Val Smin: 6.2962
Epoch 029 | Loss: 0.0002 | Val MiFmax: 0.6848 | Val MaFmax: 0.6652 | Val Smin: 5.8327
Epoch 030 | Loss: 0.0001 | Val MiFmax: 0.6785 | Val MaFmax: 0.6570 | Val Smin: 5.9794
Epoch 031 | Loss: 0.0002 | Val MiFmax: 0.6853 | Val MaFmax: 0.6111 | Val Smin: 5.8743
Epoch 032 | Loss: 0.0001 | Val MiFmax: 0.6806 | Val MaFmax: 0.6515 | Val Smin: 5.9137
Epoch 033 | Loss: 0.0001 | Val MiFmax: 0.6811 | Val MaFmax: 0.6439 | Val Smin: 5.9142
Epoch 034 | Loss: 0.0001 | Val MiFmax: 0.6930 | Val MaFmax: 0.6669 | Val Smin: 5.7099
Epoch 035 | Loss: 0.0001 | Val MiFmax: 0.6809 | Val MaFmax: 0.6610 | Val Smin: 5.8794
Epoch 036 | Loss: 0.0001 | Val MiFmax: 0.6838 | Val MaFmax: 0.6544 | Val Smin: 5.8282
Epoch 037 | Loss: 0.0001 | Val MiFmax: 0.6961 | Val MaFmax: 0.6645 | Val Smin: 5.6977
Epoch 038 | Loss: 0.0001 | Val MiFmax: 0.6979 | Val MaFmax: 0.6575 | Val Smin: 5.6495
Epoch 039 | Loss: 0.0001 | Val MiFmax: 0.6766 | Val MaFmax: 0.6546 | Val Smin: 5.9206
Epoch 040 | Loss: 0.0000 | Val MiFmax: 0.6884 | Val MaFmax: 0.6558 | Val Smin: 5.7824
Epoch 041 | Loss: 0.0000 | Val MiFmax: 0.6796 | Val MaFmax: 0.6581 | Val Smin: 5.8787
Epoch 042 | Loss: 0.0000 | Val MiFmax: 0.6840 | Val MaFmax: 0.6582 | Val Smin: 5.8191
Early stopping triggered after 42 epochs.
Training finished. Evaluating on Test Set...

--- TEST METRICS ---
Micro_Fmax: 0.6144
Macro_Fmax: 0.6234
Macro_AUROC: 0.9074
Micro_AUROC: 0.9102
Macro_AUPRC: 0.5544
Micro_AUPRC: 0.5999
Smin: 8.9821
------------------------------------------------------
  Run 11 / 12 | cellular_component | Focal | gamma=3.0 | s123
------------------------------------------------------
Using device: cuda
Loading datasets from preprocessing/data/split_files/datasets.pkl for cellular_component...
Alpha weights not found. Using default FocalLoss (alpha=0.25, gamma=3.0).
Epoch 001 | Loss: 0.0139 | Val MiFmax: 0.3941 | Val MaFmax: 0.2948 | Val Smin: 10.1932
  --> New best model saved!
Epoch 002 | Loss: 0.0023 | Val MiFmax: 0.5060 | Val MaFmax: 0.4711 | Val Smin: 8.9205
  --> New best model saved!
Epoch 003 | Loss: 0.0015 | Val MiFmax: 0.5449 | Val MaFmax: 0.5010 | Val Smin: 8.0579
  --> New best model saved!
Epoch 004 | Loss: 0.0011 | Val MiFmax: 0.6036 | Val MaFmax: 0.5533 | Val Smin: 7.2041
  --> New best model saved!
Epoch 005 | Loss: 0.0009 | Val MiFmax: 0.6230 | Val MaFmax: 0.5775 | Val Smin: 6.8618
  --> New best model saved!
Epoch 006 | Loss: 0.0007 | Val MiFmax: 0.6412 | Val MaFmax: 0.6418 | Val Smin: 6.5165
  --> New best model saved!
Epoch 007 | Loss: 0.0006 | Val MiFmax: 0.6256 | Val MaFmax: 0.6151 | Val Smin: 6.8141
Epoch 008 | Loss: 0.0005 | Val MiFmax: 0.6359 | Val MaFmax: 0.6276 | Val Smin: 6.6922
Epoch 009 | Loss: 0.0005 | Val MiFmax: 0.6407 | Val MaFmax: 0.6294 | Val Smin: 6.5473
Epoch 010 | Loss: 0.0004 | Val MiFmax: 0.6693 | Val MaFmax: 0.6407 | Val Smin: 6.0367
Epoch 011 | Loss: 0.0004 | Val MiFmax: 0.6584 | Val MaFmax: 0.6523 | Val Smin: 6.3148
  --> New best model saved!
Epoch 012 | Loss: 0.0004 | Val MiFmax: 0.6512 | Val MaFmax: 0.6621 | Val Smin: 6.3605
  --> New best model saved!
Epoch 013 | Loss: 0.0004 | Val MiFmax: 0.6663 | Val MaFmax: 0.6703 | Val Smin: 6.0890
  --> New best model saved!
Epoch 014 | Loss: 0.0003 | Val MiFmax: 0.6247 | Val MaFmax: 0.6565 | Val Smin: 6.6964
Epoch 015 | Loss: 0.0003 | Val MiFmax: 0.6730 | Val MaFmax: 0.6537 | Val Smin: 5.9543
Epoch 016 | Loss: 0.0003 | Val MiFmax: 0.6878 | Val MaFmax: 0.6694 | Val Smin: 5.7034
Epoch 017 | Loss: 0.0003 | Val MiFmax: 0.6812 | Val MaFmax: 0.6634 | Val Smin: 5.8891
Epoch 018 | Loss: 0.0002 | Val MiFmax: 0.6803 | Val MaFmax: 0.6696 | Val Smin: 5.8433
Epoch 019 | Loss: 0.0002 | Val MiFmax: 0.6771 | Val MaFmax: 0.6660 | Val Smin: 5.9680
Epoch 020 | Loss: 0.0001 | Val MiFmax: 0.6833 | Val MaFmax: 0.6760 | Val Smin: 5.7448
  --> New best model saved!
Epoch 021 | Loss: 0.0001 | Val MiFmax: 0.6809 | Val MaFmax: 0.6709 | Val Smin: 5.8156
Epoch 022 | Loss: 0.0001 | Val MiFmax: 0.6794 | Val MaFmax: 0.6717 | Val Smin: 5.8229
Epoch 023 | Loss: 0.0001 | Val MiFmax: 0.6844 | Val MaFmax: 0.6828 | Val Smin: 5.8035
  --> New best model saved!
Epoch 024 | Loss: 0.0001 | Val MiFmax: 0.6723 | Val MaFmax: 0.6659 | Val Smin: 5.9494
Epoch 025 | Loss: 0.0001 | Val MiFmax: 0.6801 | Val MaFmax: 0.6671 | Val Smin: 5.8116
Epoch 026 | Loss: 0.0001 | Val MiFmax: 0.6822 | Val MaFmax: 0.6719 | Val Smin: 5.8248
Epoch 027 | Loss: 0.0001 | Val MiFmax: 0.6799 | Val MaFmax: 0.6655 | Val Smin: 5.8459
Epoch 028 | Loss: 0.0001 | Val MiFmax: 0.6772 | Val MaFmax: 0.6541 | Val Smin: 5.8724
Epoch 029 | Loss: 0.0001 | Val MiFmax: 0.6752 | Val MaFmax: 0.6644 | Val Smin: 5.9037
Epoch 030 | Loss: 0.0001 | Val MiFmax: 0.6723 | Val MaFmax: 0.6717 | Val Smin: 5.9289
Epoch 031 | Loss: 0.0001 | Val MiFmax: 0.6849 | Val MaFmax: 0.6812 | Val Smin: 5.7514
Epoch 032 | Loss: 0.0001 | Val MiFmax: 0.6789 | Val MaFmax: 0.6792 | Val Smin: 5.8509
Epoch 033 | Loss: 0.0001 | Val MiFmax: 0.6754 | Val MaFmax: 0.6730 | Val Smin: 5.8853
Epoch 034 | Loss: 0.0001 | Val MiFmax: 0.6799 | Val MaFmax: 0.6786 | Val Smin: 5.8418
Epoch 035 | Loss: 0.0001 | Val MiFmax: 0.6883 | Val MaFmax: 0.6829 | Val Smin: 5.6734
  --> New best model saved!
Epoch 036 | Loss: 0.0001 | Val MiFmax: 0.6838 | Val MaFmax: 0.6780 | Val Smin: 5.7477
Epoch 037 | Loss: 0.0001 | Val MiFmax: 0.6849 | Val MaFmax: 0.6789 | Val Smin: 5.7258
Epoch 038 | Loss: 0.0001 | Val MiFmax: 0.6857 | Val MaFmax: 0.6838 | Val Smin: 5.7704
  --> New best model saved!
Epoch 039 | Loss: 0.0001 | Val MiFmax: 0.6939 | Val MaFmax: 0.6653 | Val Smin: 5.6094
Epoch 040 | Loss: 0.0001 | Val MiFmax: 0.6847 | Val MaFmax: 0.6724 | Val Smin: 5.7715
Epoch 041 | Loss: 0.0001 | Val MiFmax: 0.6779 | Val MaFmax: 0.6745 | Val Smin: 5.8953
Epoch 042 | Loss: 0.0001 | Val MiFmax: 0.6830 | Val MaFmax: 0.6800 | Val Smin: 5.7874
Epoch 043 | Loss: 0.0000 | Val MiFmax: 0.6843 | Val MaFmax: 0.6812 | Val Smin: 5.7794
Epoch 044 | Loss: 0.0000 | Val MiFmax: 0.6887 | Val MaFmax: 0.6792 | Val Smin: 5.7204
Epoch 045 | Loss: 0.0000 | Val MiFmax: 0.6922 | Val MaFmax: 0.6788 | Val Smin: 5.6418
Epoch 046 | Loss: 0.0000 | Val MiFmax: 0.6940 | Val MaFmax: 0.6833 | Val Smin: 5.6057
Epoch 047 | Loss: 0.0000 | Val MiFmax: 0.6895 | Val MaFmax: 0.6832 | Val Smin: 5.6914
Epoch 048 | Loss: 0.0000 | Val MiFmax: 0.6892 | Val MaFmax: 0.6777 | Val Smin: 5.6845
Epoch 049 | Loss: 0.0000 | Val MiFmax: 0.6933 | Val MaFmax: 0.6857 | Val Smin: 5.6403
  --> New best model saved!
Epoch 050 | Loss: 0.0000 | Val MiFmax: 0.6893 | Val MaFmax: 0.6843 | Val Smin: 5.6791
Epoch 051 | Loss: 0.0000 | Val MiFmax: 0.6867 | Val MaFmax: 0.6815 | Val Smin: 5.7330
Epoch 052 | Loss: 0.0000 | Val MiFmax: 0.6939 | Val MaFmax: 0.6809 | Val Smin: 5.6307
Epoch 053 | Loss: 0.0000 | Val MiFmax: 0.6896 | Val MaFmax: 0.6776 | Val Smin: 5.6937
Epoch 054 | Loss: 0.0000 | Val MiFmax: 0.6916 | Val MaFmax: 0.6889 | Val Smin: 5.6419
  --> New best model saved!
Epoch 055 | Loss: 0.0000 | Val MiFmax: 0.6878 | Val MaFmax: 0.6824 | Val Smin: 5.6879
Epoch 056 | Loss: 0.0000 | Val MiFmax: 0.6865 | Val MaFmax: 0.6828 | Val Smin: 5.7002
Epoch 057 | Loss: 0.0000 | Val MiFmax: 0.6854 | Val MaFmax: 0.6851 | Val Smin: 5.7292
Epoch 058 | Loss: 0.0000 | Val MiFmax: 0.6875 | Val MaFmax: 0.6828 | Val Smin: 5.7135
Epoch 059 | Loss: 0.0000 | Val MiFmax: 0.6829 | Val MaFmax: 0.6811 | Val Smin: 5.7643
Epoch 060 | Loss: 0.0000 | Val MiFmax: 0.6865 | Val MaFmax: 0.6818 | Val Smin: 5.7153
Epoch 061 | Loss: 0.0000 | Val MiFmax: 0.6869 | Val MaFmax: 0.6833 | Val Smin: 5.6958
Epoch 062 | Loss: 0.0000 | Val MiFmax: 0.6901 | Val MaFmax: 0.6860 | Val Smin: 5.6600
Epoch 063 | Loss: 0.0000 | Val MiFmax: 0.6871 | Val MaFmax: 0.6797 | Val Smin: 5.7297
Epoch 064 | Loss: 0.0000 | Val MiFmax: 0.6836 | Val MaFmax: 0.6791 | Val Smin: 5.7509
Epoch 065 | Loss: 0.0000 | Val MiFmax: 0.6850 | Val MaFmax: 0.6816 | Val Smin: 5.7511
Epoch 066 | Loss: 0.0000 | Val MiFmax: 0.6855 | Val MaFmax: 0.6847 | Val Smin: 5.7301
Epoch 067 | Loss: 0.0000 | Val MiFmax: 0.6827 | Val MaFmax: 0.6850 | Val Smin: 5.7690
Epoch 068 | Loss: 0.0000 | Val MiFmax: 0.6860 | Val MaFmax: 0.6816 | Val Smin: 5.7307
Epoch 069 | Loss: 0.0000 | Val MiFmax: 0.6839 | Val MaFmax: 0.6813 | Val Smin: 5.7458
Early stopping triggered after 69 epochs.
Training finished. Evaluating on Test Set...

--- TEST METRICS ---
Micro_Fmax: 0.5892
Macro_Fmax: 0.5765
Macro_AUROC: 0.8598
Micro_AUROC: 0.8702
Macro_AUPRC: 0.5063
Micro_AUPRC: 0.5528
Smin: 9.2331
------------------------------------------------------
  Run 12 / 12 | cellular_component | Focal | gamma=3.0 | s456
------------------------------------------------------
Using device: cuda
Loading datasets from preprocessing/data/split_files/datasets.pkl for cellular_component...
Alpha weights not found. Using default FocalLoss (alpha=0.25, gamma=3.0).
Epoch 001 | Loss: 0.0137 | Val MiFmax: 0.2906 | Val MaFmax: 0.2609 | Val Smin: 11.2554
  --> New best model saved!
Epoch 002 | Loss: 0.0025 | Val MiFmax: 0.4629 | Val MaFmax: 0.4325 | Val Smin: 9.5509
  --> New best model saved!
Epoch 003 | Loss: 0.0016 | Val MiFmax: 0.5469 | Val MaFmax: 0.4886 | Val Smin: 8.0707
  --> New best model saved!
Epoch 004 | Loss: 0.0012 | Val MiFmax: 0.5713 | Val MaFmax: 0.5121 | Val Smin: 7.7703
  --> New best model saved!
Epoch 005 | Loss: 0.0009 | Val MiFmax: 0.6292 | Val MaFmax: 0.5996 | Val Smin: 6.6690
  --> New best model saved!
Epoch 006 | Loss: 0.0008 | Val MiFmax: 0.5845 | Val MaFmax: 0.5741 | Val Smin: 7.5245
Epoch 007 | Loss: 0.0008 | Val MiFmax: 0.6399 | Val MaFmax: 0.6342 | Val Smin: 6.6722
  --> New best model saved!
Epoch 008 | Loss: 0.0005 | Val MiFmax: 0.6408 | Val MaFmax: 0.6568 | Val Smin: 6.4742
  --> New best model saved!
Epoch 009 | Loss: 0.0005 | Val MiFmax: 0.6575 | Val MaFmax: 0.6278 | Val Smin: 6.2794
Epoch 010 | Loss: 0.0004 | Val MiFmax: 0.6750 | Val MaFmax: 0.6401 | Val Smin: 6.0254
Epoch 011 | Loss: 0.0004 | Val MiFmax: 0.6442 | Val MaFmax: 0.6174 | Val Smin: 6.4432
Epoch 012 | Loss: 0.0003 | Val MiFmax: 0.6801 | Val MaFmax: 0.6348 | Val Smin: 5.8534
Epoch 013 | Loss: 0.0003 | Val MiFmax: 0.6668 | Val MaFmax: 0.6212 | Val Smin: 6.1907
Epoch 014 | Loss: 0.0004 | Val MiFmax: 0.6685 | Val MaFmax: 0.6428 | Val Smin: 6.1295
Epoch 015 | Loss: 0.0002 | Val MiFmax: 0.6893 | Val MaFmax: 0.6647 | Val Smin: 5.7653
  --> New best model saved!
Epoch 016 | Loss: 0.0002 | Val MiFmax: 0.6948 | Val MaFmax: 0.6674 | Val Smin: 5.6371
  --> New best model saved!
Epoch 017 | Loss: 0.0002 | Val MiFmax: 0.6979 | Val MaFmax: 0.6695 | Val Smin: 5.6145
  --> New best model saved!
Epoch 018 | Loss: 0.0002 | Val MiFmax: 0.7022 | Val MaFmax: 0.6696 | Val Smin: 5.5296
  --> New best model saved!
Epoch 019 | Loss: 0.0001 | Val MiFmax: 0.6983 | Val MaFmax: 0.6665 | Val Smin: 5.5990
Epoch 020 | Loss: 0.0001 | Val MiFmax: 0.7066 | Val MaFmax: 0.6733 | Val Smin: 5.4317
  --> New best model saved!
Epoch 021 | Loss: 0.0001 | Val MiFmax: 0.6814 | Val MaFmax: 0.6470 | Val Smin: 5.8586
Epoch 022 | Loss: 0.0001 | Val MiFmax: 0.6986 | Val MaFmax: 0.6643 | Val Smin: 5.6094
Epoch 023 | Loss: 0.0001 | Val MiFmax: 0.7025 | Val MaFmax: 0.6755 | Val Smin: 5.5572
  --> New best model saved!
Epoch 024 | Loss: 0.0001 | Val MiFmax: 0.6960 | Val MaFmax: 0.6426 | Val Smin: 5.6230
Epoch 025 | Loss: 0.0001 | Val MiFmax: 0.6934 | Val MaFmax: 0.6666 | Val Smin: 5.6210
Epoch 026 | Loss: 0.0001 | Val MiFmax: 0.7041 | Val MaFmax: 0.6705 | Val Smin: 5.4817
Epoch 027 | Loss: 0.0001 | Val MiFmax: 0.7011 | Val MaFmax: 0.6828 | Val Smin: 5.5090
  --> New best model saved!
Epoch 028 | Loss: 0.0001 | Val MiFmax: 0.6992 | Val MaFmax: 0.6938 | Val Smin: 5.5008
  --> New best model saved!
Epoch 029 | Loss: 0.0001 | Val MiFmax: 0.7032 | Val MaFmax: 0.6755 | Val Smin: 5.4593
Epoch 030 | Loss: 0.0002 | Val MiFmax: 0.6960 | Val MaFmax: 0.6535 | Val Smin: 5.5867
Epoch 031 | Loss: 0.0001 | Val MiFmax: 0.6977 | Val MaFmax: 0.6762 | Val Smin: 5.5327
Epoch 032 | Loss: 0.0001 | Val MiFmax: 0.6976 | Val MaFmax: 0.6627 | Val Smin: 5.5095
Epoch 033 | Loss: 0.0001 | Val MiFmax: 0.6953 | Val MaFmax: 0.6388 | Val Smin: 5.5971
Epoch 034 | Loss: 0.0001 | Val MiFmax: 0.7117 | Val MaFmax: 0.6568 | Val Smin: 5.3996
Epoch 035 | Loss: 0.0001 | Val MiFmax: 0.7008 | Val MaFmax: 0.6586 | Val Smin: 5.4693
Epoch 036 | Loss: 0.0001 | Val MiFmax: 0.7083 | Val MaFmax: 0.6741 | Val Smin: 5.4116
Epoch 037 | Loss: 0.0001 | Val MiFmax: 0.7068 | Val MaFmax: 0.6711 | Val Smin: 5.4240
Epoch 038 | Loss: 0.0001 | Val MiFmax: 0.7010 | Val MaFmax: 0.6636 | Val Smin: 5.4847
Epoch 039 | Loss: 0.0000 | Val MiFmax: 0.7045 | Val MaFmax: 0.6529 | Val Smin: 5.4712
Epoch 040 | Loss: 0.0001 | Val MiFmax: 0.7132 | Val MaFmax: 0.6683 | Val Smin: 5.3345
Epoch 041 | Loss: 0.0000 | Val MiFmax: 0.7103 | Val MaFmax: 0.6650 | Val Smin: 5.3498
Epoch 042 | Loss: 0.0000 | Val MiFmax: 0.7127 | Val MaFmax: 0.6686 | Val Smin: 5.3326
Epoch 043 | Loss: 0.0000 | Val MiFmax: 0.7110 | Val MaFmax: 0.6637 | Val Smin: 5.3452
Early stopping triggered after 43 epochs.
Training finished. Evaluating on Test Set...

--- TEST METRICS ---
Micro_Fmax: 0.5967
Macro_Fmax: 0.6020
Macro_AUROC: 0.9063
Micro_AUROC: 0.9041
Macro_AUPRC: 0.5366
Micro_AUPRC: 0.5756
Smin: 9.3336
Completed: 12 / 12
