Starting Loss Function Ablation on mlg6
Array Task ID: 0
Running for ontology: biological_process
Running only for: biological_process
=========================================
  Loss Function Ablation (Hybrid_JK)
=========================================
Output Directory: runs_ablation_loss
  [✓] Found Tuned Params: LR=0.0005 | Dropout=0.4 | BatchSize=32
=========================================
------------------------------------------------------
  Run 1 / 12 | biological_process | BCE | gamma=4.0 | s42
------------------------------------------------------
Using device: cuda

[RESUME] Found successfully completed run in runs_ablation_loss/bp_Hybrid_JK_BCE_lr0.0005_dp0.4_bs32_s42.
[RESUME] Skipping training to save compute!

------------------------------------------------------
  Run 2 / 12 | biological_process | BCE | gamma=4.0 | s123
------------------------------------------------------
Using device: cuda

[RESUME] Found successfully completed run in runs_ablation_loss/bp_Hybrid_JK_BCE_lr0.0005_dp0.4_bs32_s123.
[RESUME] Skipping training to save compute!

------------------------------------------------------
  Run 3 / 12 | biological_process | BCE | gamma=4.0 | s456
------------------------------------------------------
Using device: cuda

[RESUME] Found successfully completed run in runs_ablation_loss/bp_Hybrid_JK_BCE_lr0.0005_dp0.4_bs32_s456.
[RESUME] Skipping training to save compute!

------------------------------------------------------
  Run 4 / 12 | biological_process | Focal | gamma=1.0 | s42
------------------------------------------------------
Using device: cuda

[RESUME] Found successfully completed run in runs_ablation_loss/bp_Hybrid_JK_Focal_lr0.0005_dp0.4_bs32_s42_g1.0.
[RESUME] Skipping training to save compute!

------------------------------------------------------
  Run 5 / 12 | biological_process | Focal | gamma=1.0 | s123
------------------------------------------------------
Using device: cuda

[RESUME] Found successfully completed run in runs_ablation_loss/bp_Hybrid_JK_Focal_lr0.0005_dp0.4_bs32_s123_g1.0.
[RESUME] Skipping training to save compute!

------------------------------------------------------
  Run 6 / 12 | biological_process | Focal | gamma=1.0 | s456
------------------------------------------------------
Using device: cuda

[RESUME] Found successfully completed run in runs_ablation_loss/bp_Hybrid_JK_Focal_lr0.0005_dp0.4_bs32_s456_g1.0.
[RESUME] Skipping training to save compute!

------------------------------------------------------
  Run 7 / 12 | biological_process | Focal | gamma=2.0 | s42
------------------------------------------------------
Using device: cuda
Loading datasets from preprocessing/data/split_files/datasets.pkl for biological_process...
Alpha weights not found. Using default FocalLoss (alpha=0.25, gamma=2.0).
Epoch 001 | Loss: 0.0436 | Val MiFmax: 0.1113 | Val MaFmax: 0.1422 | Val Smin: 67.9146
  --> New best model saved!
Epoch 002 | Loss: 0.0138 | Val MiFmax: 0.2352 | Val MaFmax: 0.1450 | Val Smin: 64.2354
  --> New best model saved!
Epoch 003 | Loss: 0.0053 | Val MiFmax: 0.3244 | Val MaFmax: 0.2432 | Val Smin: 59.6313
  --> New best model saved!
Epoch 004 | Loss: 0.0040 | Val MiFmax: 0.3758 | Val MaFmax: 0.3170 | Val Smin: 57.4421
  --> New best model saved!
Epoch 005 | Loss: 0.0033 | Val MiFmax: 0.4472 | Val MaFmax: 0.4191 | Val Smin: 51.9301
  --> New best model saved!
Epoch 006 | Loss: 0.0028 | Val MiFmax: 0.4857 | Val MaFmax: 0.4769 | Val Smin: 48.3271
  --> New best model saved!
Epoch 007 | Loss: 0.0023 | Val MiFmax: 0.5373 | Val MaFmax: 0.4996 | Val Smin: 43.5986
  --> New best model saved!
Epoch 008 | Loss: 0.0020 | Val MiFmax: 0.5554 | Val MaFmax: 0.5136 | Val Smin: 42.0273
  --> New best model saved!
Epoch 009 | Loss: 0.0017 | Val MiFmax: 0.5952 | Val MaFmax: 0.5732 | Val Smin: 38.7235
  --> New best model saved!
Epoch 010 | Loss: 0.0015 | Val MiFmax: 0.6096 | Val MaFmax: 0.5948 | Val Smin: 37.5644
  --> New best model saved!
Epoch 011 | Loss: 0.0014 | Val MiFmax: 0.6243 | Val MaFmax: 0.6072 | Val Smin: 36.4084
  --> New best model saved!
Epoch 012 | Loss: 0.0013 | Val MiFmax: 0.6227 | Val MaFmax: 0.6201 | Val Smin: 36.8657
  --> New best model saved!
Epoch 013 | Loss: 0.0011 | Val MiFmax: 0.6422 | Val MaFmax: 0.6389 | Val Smin: 34.9800
  --> New best model saved!
Epoch 014 | Loss: 0.0010 | Val MiFmax: 0.6574 | Val MaFmax: 0.6574 | Val Smin: 33.7485
  --> New best model saved!
Epoch 015 | Loss: 0.0009 | Val MiFmax: 0.6681 | Val MaFmax: 0.6649 | Val Smin: 32.6276
  --> New best model saved!
Epoch 016 | Loss: 0.0008 | Val MiFmax: 0.6789 | Val MaFmax: 0.6711 | Val Smin: 32.1723
  --> New best model saved!
Epoch 017 | Loss: 0.0007 | Val MiFmax: 0.6750 | Val MaFmax: 0.6803 | Val Smin: 32.0120
  --> New best model saved!
Epoch 018 | Loss: 0.0007 | Val MiFmax: 0.6787 | Val MaFmax: 0.6731 | Val Smin: 32.0118
Epoch 019 | Loss: 0.0007 | Val MiFmax: 0.6743 | Val MaFmax: 0.6738 | Val Smin: 32.1440
Epoch 020 | Loss: 0.0006 | Val MiFmax: 0.6825 | Val MaFmax: 0.6876 | Val Smin: 31.2997
  --> New best model saved!
Epoch 021 | Loss: 0.0006 | Val MiFmax: 0.6987 | Val MaFmax: 0.7038 | Val Smin: 29.7594
  --> New best model saved!
Epoch 022 | Loss: 0.0005 | Val MiFmax: 0.6939 | Val MaFmax: 0.7073 | Val Smin: 30.3968
  --> New best model saved!
Epoch 023 | Loss: 0.0005 | Val MiFmax: 0.7031 | Val MaFmax: 0.7118 | Val Smin: 30.2631
  --> New best model saved!
Epoch 024 | Loss: 0.0005 | Val MiFmax: 0.7065 | Val MaFmax: 0.7069 | Val Smin: 29.5436
Epoch 025 | Loss: 0.0005 | Val MiFmax: 0.7057 | Val MaFmax: 0.7083 | Val Smin: 29.3115
Epoch 026 | Loss: 0.0004 | Val MiFmax: 0.7050 | Val MaFmax: 0.7020 | Val Smin: 29.4859
Epoch 027 | Loss: 0.0004 | Val MiFmax: 0.7203 | Val MaFmax: 0.7113 | Val Smin: 28.2220
Epoch 028 | Loss: 0.0004 | Val MiFmax: 0.7138 | Val MaFmax: 0.7233 | Val Smin: 28.7467
  --> New best model saved!
Epoch 029 | Loss: 0.0004 | Val MiFmax: 0.7155 | Val MaFmax: 0.7176 | Val Smin: 28.3012
Epoch 030 | Loss: 0.0003 | Val MiFmax: 0.7151 | Val MaFmax: 0.7173 | Val Smin: 28.0468
Epoch 031 | Loss: 0.0003 | Val MiFmax: 0.7248 | Val MaFmax: 0.7242 | Val Smin: 27.6415
  --> New best model saved!
Epoch 032 | Loss: 0.0003 | Val MiFmax: 0.7319 | Val MaFmax: 0.7229 | Val Smin: 27.0150
Epoch 033 | Loss: 0.0003 | Val MiFmax: 0.7323 | Val MaFmax: 0.7282 | Val Smin: 27.1355
  --> New best model saved!
Epoch 034 | Loss: 0.0003 | Val MiFmax: 0.7218 | Val MaFmax: 0.7159 | Val Smin: 28.0732
Epoch 035 | Loss: 0.0003 | Val MiFmax: 0.7291 | Val MaFmax: 0.7244 | Val Smin: 27.3082
Epoch 036 | Loss: 0.0003 | Val MiFmax: 0.7473 | Val MaFmax: 0.7349 | Val Smin: 25.6060
  --> New best model saved!
Epoch 037 | Loss: 0.0002 | Val MiFmax: 0.7366 | Val MaFmax: 0.7354 | Val Smin: 26.6323
  --> New best model saved!
Epoch 038 | Loss: 0.0003 | Val MiFmax: 0.7366 | Val MaFmax: 0.7285 | Val Smin: 26.4081
Epoch 039 | Loss: 0.0003 | Val MiFmax: 0.7341 | Val MaFmax: 0.7154 | Val Smin: 26.7414
Epoch 040 | Loss: 0.0003 | Val MiFmax: 0.7269 | Val MaFmax: 0.7265 | Val Smin: 27.2427
Epoch 041 | Loss: 0.0002 | Val MiFmax: 0.7418 | Val MaFmax: 0.7312 | Val Smin: 25.9835
Epoch 042 | Loss: 0.0002 | Val MiFmax: 0.7384 | Val MaFmax: 0.7215 | Val Smin: 26.4132
Epoch 043 | Loss: 0.0002 | Val MiFmax: 0.7259 | Val MaFmax: 0.7235 | Val Smin: 27.4464
Epoch 044 | Loss: 0.0002 | Val MiFmax: 0.7493 | Val MaFmax: 0.7362 | Val Smin: 25.3628
  --> New best model saved!
Epoch 045 | Loss: 0.0001 | Val MiFmax: 0.7486 | Val MaFmax: 0.7384 | Val Smin: 25.4781
  --> New best model saved!
Epoch 046 | Loss: 0.0001 | Val MiFmax: 0.7468 | Val MaFmax: 0.7395 | Val Smin: 25.6179
  --> New best model saved!
Epoch 047 | Loss: 0.0001 | Val MiFmax: 0.7508 | Val MaFmax: 0.7374 | Val Smin: 25.3625
Epoch 048 | Loss: 0.0001 | Val MiFmax: 0.7494 | Val MaFmax: 0.7407 | Val Smin: 25.3957
  --> New best model saved!
Epoch 049 | Loss: 0.0001 | Val MiFmax: 0.7480 | Val MaFmax: 0.7403 | Val Smin: 25.3796
Epoch 050 | Loss: 0.0001 | Val MiFmax: 0.7557 | Val MaFmax: 0.7353 | Val Smin: 24.9821
Epoch 051 | Loss: 0.0001 | Val MiFmax: 0.7544 | Val MaFmax: 0.7349 | Val Smin: 25.2401
Epoch 052 | Loss: 0.0001 | Val MiFmax: 0.7524 | Val MaFmax: 0.7354 | Val Smin: 25.1822
Epoch 053 | Loss: 0.0001 | Val MiFmax: 0.7560 | Val MaFmax: 0.7387 | Val Smin: 24.7322
Epoch 054 | Loss: 0.0001 | Val MiFmax: 0.7575 | Val MaFmax: 0.7412 | Val Smin: 24.5619
  --> New best model saved!
Epoch 055 | Loss: 0.0001 | Val MiFmax: 0.7580 | Val MaFmax: 0.7408 | Val Smin: 24.4943
Epoch 056 | Loss: 0.0001 | Val MiFmax: 0.7557 | Val MaFmax: 0.7431 | Val Smin: 24.7657
  --> New best model saved!
Epoch 057 | Loss: 0.0001 | Val MiFmax: 0.7535 | Val MaFmax: 0.7395 | Val Smin: 24.9746
Epoch 058 | Loss: 0.0001 | Val MiFmax: 0.7538 | Val MaFmax: 0.7385 | Val Smin: 24.8493
Epoch 059 | Loss: 0.0001 | Val MiFmax: 0.7469 | Val MaFmax: 0.7387 | Val Smin: 25.5974
Epoch 060 | Loss: 0.0001 | Val MiFmax: 0.7471 | Val MaFmax: 0.7300 | Val Smin: 25.4259
Epoch 061 | Loss: 0.0001 | Val MiFmax: 0.7572 | Val MaFmax: 0.7358 | Val Smin: 24.5486
Epoch 062 | Loss: 0.0001 | Val MiFmax: 0.7566 | Val MaFmax: 0.7385 | Val Smin: 24.7423
Epoch 063 | Loss: 0.0001 | Val MiFmax: 0.7610 | Val MaFmax: 0.7375 | Val Smin: 24.4675
Epoch 064 | Loss: 0.0001 | Val MiFmax: 0.7597 | Val MaFmax: 0.7383 | Val Smin: 24.5842
Epoch 065 | Loss: 0.0001 | Val MiFmax: 0.7570 | Val MaFmax: 0.7379 | Val Smin: 24.7207
Epoch 066 | Loss: 0.0001 | Val MiFmax: 0.7597 | Val MaFmax: 0.7379 | Val Smin: 24.4712
Epoch 067 | Loss: 0.0001 | Val MiFmax: 0.7582 | Val MaFmax: 0.7399 | Val Smin: 24.5553
Epoch 068 | Loss: 0.0001 | Val MiFmax: 0.7591 | Val MaFmax: 0.7357 | Val Smin: 24.7031
Epoch 069 | Loss: 0.0001 | Val MiFmax: 0.7583 | Val MaFmax: 0.7376 | Val Smin: 24.5531
Epoch 070 | Loss: 0.0000 | Val MiFmax: 0.7602 | Val MaFmax: 0.7391 | Val Smin: 24.4888
Epoch 071 | Loss: 0.0001 | Val MiFmax: 0.7636 | Val MaFmax: 0.7385 | Val Smin: 24.3699
Early stopping triggered after 71 epochs.
Training finished. Evaluating on Test Set...

--- TEST METRICS ---
Micro_Fmax: 0.6777
Macro_Fmax: 0.6680
Macro_AUROC: 0.8348
Micro_AUROC: 0.8365
Macro_AUPRC: 0.6231
Micro_AUPRC: 0.6351
Smin: 34.9538
------------------------------------------------------
  Run 8 / 12 | biological_process | Focal | gamma=2.0 | s123
------------------------------------------------------
Using device: cuda
Loading datasets from preprocessing/data/split_files/datasets.pkl for biological_process...
Alpha weights not found. Using default FocalLoss (alpha=0.25, gamma=2.0).
Epoch 001 | Loss: 0.0431 | Val MiFmax: 0.1527 | Val MaFmax: 0.1455 | Val Smin: 66.9592
  --> New best model saved!
Epoch 002 | Loss: 0.0133 | Val MiFmax: 0.2555 | Val MaFmax: 0.1676 | Val Smin: 63.3225
  --> New best model saved!
Epoch 003 | Loss: 0.0053 | Val MiFmax: 0.3156 | Val MaFmax: 0.2395 | Val Smin: 60.2745
  --> New best model saved!
Epoch 004 | Loss: 0.0039 | Val MiFmax: 0.3673 | Val MaFmax: 0.3307 | Val Smin: 57.2887
  --> New best model saved!
Epoch 005 | Loss: 0.0033 | Val MiFmax: 0.4275 | Val MaFmax: 0.3946 | Val Smin: 53.7326
  --> New best model saved!
Epoch 006 | Loss: 0.0029 | Val MiFmax: 0.4630 | Val MaFmax: 0.4335 | Val Smin: 50.5029
  --> New best model saved!
Epoch 007 | Loss: 0.0024 | Val MiFmax: 0.5245 | Val MaFmax: 0.4906 | Val Smin: 45.6863
  --> New best model saved!
Epoch 008 | Loss: 0.0021 | Val MiFmax: 0.5346 | Val MaFmax: 0.5133 | Val Smin: 43.7472
  --> New best model saved!
Epoch 009 | Loss: 0.0018 | Val MiFmax: 0.5822 | Val MaFmax: 0.5640 | Val Smin: 39.8584
  --> New best model saved!
Epoch 010 | Loss: 0.0016 | Val MiFmax: 0.6019 | Val MaFmax: 0.5828 | Val Smin: 38.8397
  --> New best model saved!
Epoch 011 | Loss: 0.0014 | Val MiFmax: 0.6264 | Val MaFmax: 0.6044 | Val Smin: 36.2911
  --> New best model saved!
Epoch 012 | Loss: 0.0012 | Val MiFmax: 0.6185 | Val MaFmax: 0.5874 | Val Smin: 36.9202
Epoch 013 | Loss: 0.0012 | Val MiFmax: 0.6258 | Val MaFmax: 0.6302 | Val Smin: 36.7055
  --> New best model saved!
Epoch 014 | Loss: 0.0010 | Val MiFmax: 0.6415 | Val MaFmax: 0.6491 | Val Smin: 34.9501
  --> New best model saved!
Epoch 015 | Loss: 0.0010 | Val MiFmax: 0.6446 | Val MaFmax: 0.6585 | Val Smin: 34.8670
  --> New best model saved!
Epoch 016 | Loss: 0.0009 | Val MiFmax: 0.6601 | Val MaFmax: 0.6688 | Val Smin: 33.4108
  --> New best model saved!
Epoch 017 | Loss: 0.0008 | Val MiFmax: 0.6703 | Val MaFmax: 0.6652 | Val Smin: 32.5363
Epoch 018 | Loss: 0.0007 | Val MiFmax: 0.6802 | Val MaFmax: 0.6896 | Val Smin: 31.5879
  --> New best model saved!
Epoch 019 | Loss: 0.0006 | Val MiFmax: 0.6868 | Val MaFmax: 0.6960 | Val Smin: 31.0839
  --> New best model saved!
Epoch 020 | Loss: 0.0006 | Val MiFmax: 0.6899 | Val MaFmax: 0.6916 | Val Smin: 30.8593
Epoch 021 | Loss: 0.0006 | Val MiFmax: 0.6936 | Val MaFmax: 0.7008 | Val Smin: 30.5859
  --> New best model saved!
Epoch 022 | Loss: 0.0005 | Val MiFmax: 0.6830 | Val MaFmax: 0.6927 | Val Smin: 31.3233
Epoch 023 | Loss: 0.0005 | Val MiFmax: 0.6886 | Val MaFmax: 0.6962 | Val Smin: 30.7741
Epoch 024 | Loss: 0.0005 | Val MiFmax: 0.6810 | Val MaFmax: 0.6918 | Val Smin: 31.3091
Epoch 025 | Loss: 0.0005 | Val MiFmax: 0.7018 | Val MaFmax: 0.7101 | Val Smin: 29.6753
  --> New best model saved!
Epoch 026 | Loss: 0.0004 | Val MiFmax: 0.7101 | Val MaFmax: 0.7137 | Val Smin: 28.8947
  --> New best model saved!
Epoch 027 | Loss: 0.0004 | Val MiFmax: 0.7017 | Val MaFmax: 0.7084 | Val Smin: 29.8565
Epoch 028 | Loss: 0.0004 | Val MiFmax: 0.7118 | Val MaFmax: 0.7071 | Val Smin: 28.8246
Epoch 029 | Loss: 0.0004 | Val MiFmax: 0.7172 | Val MaFmax: 0.7175 | Val Smin: 28.4147
  --> New best model saved!
Epoch 030 | Loss: 0.0003 | Val MiFmax: 0.7056 | Val MaFmax: 0.7141 | Val Smin: 29.2347
Epoch 031 | Loss: 0.0004 | Val MiFmax: 0.7131 | Val MaFmax: 0.7111 | Val Smin: 28.5518
Epoch 032 | Loss: 0.0003 | Val MiFmax: 0.7213 | Val MaFmax: 0.7218 | Val Smin: 28.2029
  --> New best model saved!
Epoch 033 | Loss: 0.0003 | Val MiFmax: 0.7200 | Val MaFmax: 0.7159 | Val Smin: 28.0782
Epoch 034 | Loss: 0.0003 | Val MiFmax: 0.7209 | Val MaFmax: 0.7184 | Val Smin: 27.8206
Epoch 035 | Loss: 0.0003 | Val MiFmax: 0.7138 | Val MaFmax: 0.7126 | Val Smin: 28.6713
Epoch 036 | Loss: 0.0003 | Val MiFmax: 0.7080 | Val MaFmax: 0.7141 | Val Smin: 28.9779
Epoch 037 | Loss: 0.0002 | Val MiFmax: 0.7326 | Val MaFmax: 0.7266 | Val Smin: 27.0910
  --> New best model saved!
Epoch 038 | Loss: 0.0002 | Val MiFmax: 0.7176 | Val MaFmax: 0.7231 | Val Smin: 28.1899
Epoch 039 | Loss: 0.0002 | Val MiFmax: 0.7290 | Val MaFmax: 0.7150 | Val Smin: 27.5225
Epoch 040 | Loss: 0.0002 | Val MiFmax: 0.7261 | Val MaFmax: 0.7201 | Val Smin: 27.3713
Epoch 041 | Loss: 0.0002 | Val MiFmax: 0.7354 | Val MaFmax: 0.7270 | Val Smin: 26.9464
  --> New best model saved!
Epoch 042 | Loss: 0.0002 | Val MiFmax: 0.7276 | Val MaFmax: 0.7279 | Val Smin: 27.4552
  --> New best model saved!
Epoch 043 | Loss: 0.0002 | Val MiFmax: 0.7244 | Val MaFmax: 0.7254 | Val Smin: 27.5107
Epoch 044 | Loss: 0.0002 | Val MiFmax: 0.7334 | Val MaFmax: 0.7253 | Val Smin: 27.2442
Epoch 045 | Loss: 0.0002 | Val MiFmax: 0.7358 | Val MaFmax: 0.7291 | Val Smin: 26.6698
  --> New best model saved!
Epoch 046 | Loss: 0.0002 | Val MiFmax: 0.7353 | Val MaFmax: 0.7314 | Val Smin: 26.7590
  --> New best model saved!
Epoch 047 | Loss: 0.0002 | Val MiFmax: 0.7328 | Val MaFmax: 0.7270 | Val Smin: 26.9233
Epoch 048 | Loss: 0.0002 | Val MiFmax: 0.7339 | Val MaFmax: 0.7289 | Val Smin: 27.1451
Epoch 049 | Loss: 0.0002 | Val MiFmax: 0.7318 | Val MaFmax: 0.7286 | Val Smin: 27.1463
Epoch 050 | Loss: 0.0002 | Val MiFmax: 0.7358 | Val MaFmax: 0.7301 | Val Smin: 26.5400
Epoch 051 | Loss: 0.0002 | Val MiFmax: 0.7354 | Val MaFmax: 0.7236 | Val Smin: 26.7813
Epoch 052 | Loss: 0.0001 | Val MiFmax: 0.7351 | Val MaFmax: 0.7324 | Val Smin: 26.8354
  --> New best model saved!
Epoch 053 | Loss: 0.0001 | Val MiFmax: 0.7469 | Val MaFmax: 0.7347 | Val Smin: 26.2049
  --> New best model saved!
Epoch 054 | Loss: 0.0001 | Val MiFmax: 0.7410 | Val MaFmax: 0.7310 | Val Smin: 26.4882
Epoch 055 | Loss: 0.0002 | Val MiFmax: 0.7306 | Val MaFmax: 0.7291 | Val Smin: 27.2411
Epoch 056 | Loss: 0.0001 | Val MiFmax: 0.7295 | Val MaFmax: 0.7309 | Val Smin: 27.4627
Epoch 057 | Loss: 0.0001 | Val MiFmax: 0.7353 | Val MaFmax: 0.7308 | Val Smin: 26.7373
Epoch 058 | Loss: 0.0001 | Val MiFmax: 0.7337 | Val MaFmax: 0.7239 | Val Smin: 27.0124
Epoch 059 | Loss: 0.0001 | Val MiFmax: 0.7418 | Val MaFmax: 0.7311 | Val Smin: 26.3516
Epoch 060 | Loss: 0.0001 | Val MiFmax: 0.7391 | Val MaFmax: 0.7368 | Val Smin: 26.6474
  --> New best model saved!
Epoch 061 | Loss: 0.0001 | Val MiFmax: 0.7448 | Val MaFmax: 0.7367 | Val Smin: 26.3448
Epoch 062 | Loss: 0.0001 | Val MiFmax: 0.7403 | Val MaFmax: 0.7350 | Val Smin: 26.5297
Epoch 063 | Loss: 0.0001 | Val MiFmax: 0.7426 | Val MaFmax: 0.7364 | Val Smin: 26.4094
Epoch 064 | Loss: 0.0001 | Val MiFmax: 0.7408 | Val MaFmax: 0.7362 | Val Smin: 26.3374
Epoch 065 | Loss: 0.0001 | Val MiFmax: 0.7385 | Val MaFmax: 0.7372 | Val Smin: 26.5256
  --> New best model saved!
Epoch 066 | Loss: 0.0001 | Val MiFmax: 0.7411 | Val MaFmax: 0.7379 | Val Smin: 26.3202
  --> New best model saved!
Epoch 067 | Loss: 0.0001 | Val MiFmax: 0.7448 | Val MaFmax: 0.7326 | Val Smin: 26.0439
Epoch 068 | Loss: 0.0001 | Val MiFmax: 0.7436 | Val MaFmax: 0.7380 | Val Smin: 26.3021
  --> New best model saved!
Epoch 069 | Loss: 0.0001 | Val MiFmax: 0.7460 | Val MaFmax: 0.7394 | Val Smin: 26.2383
  --> New best model saved!
Epoch 070 | Loss: 0.0001 | Val MiFmax: 0.7427 | Val MaFmax: 0.7398 | Val Smin: 26.4178
  --> New best model saved!
Epoch 071 | Loss: 0.0001 | Val MiFmax: 0.7435 | Val MaFmax: 0.7370 | Val Smin: 26.2766
Epoch 072 | Loss: 0.0001 | Val MiFmax: 0.7393 | Val MaFmax: 0.7372 | Val Smin: 26.5012
Epoch 073 | Loss: 0.0001 | Val MiFmax: 0.7483 | Val MaFmax: 0.7383 | Val Smin: 25.9194
Epoch 074 | Loss: 0.0001 | Val MiFmax: 0.7440 | Val MaFmax: 0.7396 | Val Smin: 26.0883
Epoch 075 | Loss: 0.0001 | Val MiFmax: 0.7425 | Val MaFmax: 0.7384 | Val Smin: 26.2251
Epoch 076 | Loss: 0.0001 | Val MiFmax: 0.7455 | Val MaFmax: 0.7379 | Val Smin: 26.1851
Epoch 077 | Loss: 0.0000 | Val MiFmax: 0.7494 | Val MaFmax: 0.7405 | Val Smin: 25.7999
  --> New best model saved!
Epoch 078 | Loss: 0.0000 | Val MiFmax: 0.7452 | Val MaFmax: 0.7411 | Val Smin: 25.9491
  --> New best model saved!
Epoch 079 | Loss: 0.0000 | Val MiFmax: 0.7466 | Val MaFmax: 0.7398 | Val Smin: 25.9979
Epoch 080 | Loss: 0.0000 | Val MiFmax: 0.7475 | Val MaFmax: 0.7430 | Val Smin: 26.0345
  --> New best model saved!
Epoch 081 | Loss: 0.0000 | Val MiFmax: 0.7443 | Val MaFmax: 0.7408 | Val Smin: 26.2568
Epoch 082 | Loss: 0.0000 | Val MiFmax: 0.7476 | Val MaFmax: 0.7396 | Val Smin: 25.8457
Epoch 083 | Loss: 0.0000 | Val MiFmax: 0.7485 | Val MaFmax: 0.7415 | Val Smin: 25.8195
Epoch 084 | Loss: 0.0000 | Val MiFmax: 0.7486 | Val MaFmax: 0.7405 | Val Smin: 25.7481
Epoch 085 | Loss: 0.0000 | Val MiFmax: 0.7432 | Val MaFmax: 0.7406 | Val Smin: 26.2258
Epoch 086 | Loss: 0.0000 | Val MiFmax: 0.7450 | Val MaFmax: 0.7422 | Val Smin: 26.1594
Epoch 087 | Loss: 0.0000 | Val MiFmax: 0.7442 | Val MaFmax: 0.7417 | Val Smin: 26.2655
Epoch 088 | Loss: 0.0000 | Val MiFmax: 0.7466 | Val MaFmax: 0.7414 | Val Smin: 26.1048
Epoch 089 | Loss: 0.0000 | Val MiFmax: 0.7452 | Val MaFmax: 0.7405 | Val Smin: 26.2813
Epoch 090 | Loss: 0.0000 | Val MiFmax: 0.7477 | Val MaFmax: 0.7422 | Val Smin: 26.0310
Epoch 091 | Loss: 0.0000 | Val MiFmax: 0.7496 | Val MaFmax: 0.7413 | Val Smin: 25.8732
Epoch 092 | Loss: 0.0000 | Val MiFmax: 0.7475 | Val MaFmax: 0.7394 | Val Smin: 26.0455
Epoch 093 | Loss: 0.0000 | Val MiFmax: 0.7472 | Val MaFmax: 0.7399 | Val Smin: 26.0750
Epoch 094 | Loss: 0.0000 | Val MiFmax: 0.7467 | Val MaFmax: 0.7416 | Val Smin: 26.1320
Epoch 095 | Loss: 0.0000 | Val MiFmax: 0.7497 | Val MaFmax: 0.7415 | Val Smin: 25.8366
Early stopping triggered after 95 epochs.
Training finished. Evaluating on Test Set...

--- TEST METRICS ---
Micro_Fmax: 0.6841
Macro_Fmax: 0.6747
Macro_AUROC: 0.8614
Micro_AUROC: 0.8642
Macro_AUPRC: 0.6326
Micro_AUPRC: 0.6533
Smin: 34.0715
------------------------------------------------------
  Run 9 / 12 | biological_process | Focal | gamma=2.0 | s456
------------------------------------------------------
Using device: cuda
Loading datasets from preprocessing/data/split_files/datasets.pkl for biological_process...
Alpha weights not found. Using default FocalLoss (alpha=0.25, gamma=2.0).
Epoch 001 | Loss: 0.0437 | Val MiFmax: 0.0760 | Val MaFmax: 0.1362 | Val Smin: 68.9527
  --> New best model saved!
Epoch 002 | Loss: 0.0138 | Val MiFmax: 0.2280 | Val MaFmax: 0.1541 | Val Smin: 65.8122
  --> New best model saved!
Epoch 003 | Loss: 0.0054 | Val MiFmax: 0.2875 | Val MaFmax: 0.2060 | Val Smin: 61.3062
  --> New best model saved!
Epoch 004 | Loss: 0.0042 | Val MiFmax: 0.3513 | Val MaFmax: 0.3315 | Val Smin: 58.1037
  --> New best model saved!
Epoch 005 | Loss: 0.0035 | Val MiFmax: 0.4004 | Val MaFmax: 0.3852 | Val Smin: 55.1686
  --> New best model saved!
Epoch 006 | Loss: 0.0029 | Val MiFmax: 0.4585 | Val MaFmax: 0.4422 | Val Smin: 50.9806
  --> New best model saved!
Epoch 007 | Loss: 0.0025 | Val MiFmax: 0.4963 | Val MaFmax: 0.4631 | Val Smin: 47.4468
  --> New best model saved!
Epoch 008 | Loss: 0.0022 | Val MiFmax: 0.5617 | Val MaFmax: 0.5098 | Val Smin: 41.5705
  --> New best model saved!
Epoch 009 | Loss: 0.0019 | Val MiFmax: 0.5726 | Val MaFmax: 0.5258 | Val Smin: 40.9955
  --> New best model saved!
Epoch 010 | Loss: 0.0016 | Val MiFmax: 0.6049 | Val MaFmax: 0.5632 | Val Smin: 38.0773
  --> New best model saved!
Epoch 011 | Loss: 0.0015 | Val MiFmax: 0.5909 | Val MaFmax: 0.5835 | Val Smin: 39.4637
  --> New best model saved!
Epoch 012 | Loss: 0.0013 | Val MiFmax: 0.6184 | Val MaFmax: 0.6065 | Val Smin: 36.7875
  --> New best model saved!
Epoch 013 | Loss: 0.0012 | Val MiFmax: 0.6429 | Val MaFmax: 0.6243 | Val Smin: 34.6987
  --> New best model saved!
Epoch 014 | Loss: 0.0011 | Val MiFmax: 0.6370 | Val MaFmax: 0.6397 | Val Smin: 35.4299
  --> New best model saved!
Epoch 015 | Loss: 0.0009 | Val MiFmax: 0.6475 | Val MaFmax: 0.6446 | Val Smin: 34.3694
  --> New best model saved!
Epoch 016 | Loss: 0.0009 | Val MiFmax: 0.6614 | Val MaFmax: 0.6481 | Val Smin: 33.1931
  --> New best model saved!
Epoch 017 | Loss: 0.0008 | Val MiFmax: 0.6701 | Val MaFmax: 0.6569 | Val Smin: 32.4272
  --> New best model saved!
Epoch 018 | Loss: 0.0008 | Val MiFmax: 0.6745 | Val MaFmax: 0.6762 | Val Smin: 32.0556
  --> New best model saved!
Epoch 019 | Loss: 0.0007 | Val MiFmax: 0.6709 | Val MaFmax: 0.6764 | Val Smin: 32.4514
  --> New best model saved!
Epoch 020 | Loss: 0.0007 | Val MiFmax: 0.6800 | Val MaFmax: 0.6780 | Val Smin: 31.6042
  --> New best model saved!
Epoch 021 | Loss: 0.0006 | Val MiFmax: 0.6875 | Val MaFmax: 0.6880 | Val Smin: 30.8277
  --> New best model saved!
Epoch 022 | Loss: 0.0005 | Val MiFmax: 0.6868 | Val MaFmax: 0.6925 | Val Smin: 30.9002
  --> New best model saved!
Epoch 023 | Loss: 0.0005 | Val MiFmax: 0.6885 | Val MaFmax: 0.6993 | Val Smin: 30.6562
  --> New best model saved!
Epoch 024 | Loss: 0.0005 | Val MiFmax: 0.6950 | Val MaFmax: 0.6963 | Val Smin: 30.0168
Epoch 025 | Loss: 0.0005 | Val MiFmax: 0.6971 | Val MaFmax: 0.6949 | Val Smin: 30.0761
Epoch 026 | Loss: 0.0004 | Val MiFmax: 0.7122 | Val MaFmax: 0.7031 | Val Smin: 28.6483
  --> New best model saved!
Epoch 027 | Loss: 0.0004 | Val MiFmax: 0.7080 | Val MaFmax: 0.6981 | Val Smin: 29.1090
Epoch 028 | Loss: 0.0004 | Val MiFmax: 0.7078 | Val MaFmax: 0.7071 | Val Smin: 29.3038
  --> New best model saved!
Epoch 029 | Loss: 0.0004 | Val MiFmax: 0.7070 | Val MaFmax: 0.7024 | Val Smin: 29.3331
Epoch 030 | Loss: 0.0004 | Val MiFmax: 0.7133 | Val MaFmax: 0.7021 | Val Smin: 28.6512
Epoch 031 | Loss: 0.0003 | Val MiFmax: 0.7146 | Val MaFmax: 0.7045 | Val Smin: 28.6499
Epoch 032 | Loss: 0.0003 | Val MiFmax: 0.7170 | Val MaFmax: 0.7106 | Val Smin: 28.4020
  --> New best model saved!
Epoch 033 | Loss: 0.0003 | Val MiFmax: 0.7211 | Val MaFmax: 0.7152 | Val Smin: 28.0626
  --> New best model saved!
Epoch 034 | Loss: 0.0003 | Val MiFmax: 0.7240 | Val MaFmax: 0.7091 | Val Smin: 27.9789
Epoch 035 | Loss: 0.0003 | Val MiFmax: 0.7317 | Val MaFmax: 0.7090 | Val Smin: 27.4466
Epoch 036 | Loss: 0.0003 | Val MiFmax: 0.7288 | Val MaFmax: 0.7176 | Val Smin: 27.3993
  --> New best model saved!
Epoch 037 | Loss: 0.0003 | Val MiFmax: 0.7302 | Val MaFmax: 0.7156 | Val Smin: 27.6194
Epoch 038 | Loss: 0.0002 | Val MiFmax: 0.7334 | Val MaFmax: 0.7232 | Val Smin: 26.9943
  --> New best model saved!
Epoch 039 | Loss: 0.0002 | Val MiFmax: 0.7089 | Val MaFmax: 0.7089 | Val Smin: 29.0261
Epoch 040 | Loss: 0.0002 | Val MiFmax: 0.7262 | Val MaFmax: 0.7187 | Val Smin: 27.7369
Epoch 041 | Loss: 0.0002 | Val MiFmax: 0.7171 | Val MaFmax: 0.7169 | Val Smin: 28.3761
Epoch 042 | Loss: 0.0002 | Val MiFmax: 0.7285 | Val MaFmax: 0.7162 | Val Smin: 27.6663
Epoch 043 | Loss: 0.0002 | Val MiFmax: 0.7194 | Val MaFmax: 0.7084 | Val Smin: 28.0690
Epoch 044 | Loss: 0.0002 | Val MiFmax: 0.7258 | Val MaFmax: 0.7137 | Val Smin: 27.8115
Epoch 045 | Loss: 0.0002 | Val MiFmax: 0.7376 | Val MaFmax: 0.7201 | Val Smin: 26.9310
Epoch 046 | Loss: 0.0001 | Val MiFmax: 0.7399 | Val MaFmax: 0.7227 | Val Smin: 26.5086
Epoch 047 | Loss: 0.0001 | Val MiFmax: 0.7389 | Val MaFmax: 0.7218 | Val Smin: 26.6816
Epoch 048 | Loss: 0.0001 | Val MiFmax: 0.7424 | Val MaFmax: 0.7251 | Val Smin: 26.5215
  --> New best model saved!
Epoch 049 | Loss: 0.0001 | Val MiFmax: 0.7374 | Val MaFmax: 0.7248 | Val Smin: 26.7304
Epoch 050 | Loss: 0.0001 | Val MiFmax: 0.7353 | Val MaFmax: 0.7254 | Val Smin: 27.1375
  --> New best model saved!
Epoch 051 | Loss: 0.0001 | Val MiFmax: 0.7403 | Val MaFmax: 0.7253 | Val Smin: 26.7307
Epoch 052 | Loss: 0.0001 | Val MiFmax: 0.7447 | Val MaFmax: 0.7277 | Val Smin: 26.3467
  --> New best model saved!
Epoch 053 | Loss: 0.0001 | Val MiFmax: 0.7366 | Val MaFmax: 0.7251 | Val Smin: 26.9174
Epoch 054 | Loss: 0.0001 | Val MiFmax: 0.7398 | Val MaFmax: 0.7270 | Val Smin: 26.8868
Epoch 055 | Loss: 0.0001 | Val MiFmax: 0.7369 | Val MaFmax: 0.7290 | Val Smin: 26.8552
  --> New best model saved!
Epoch 056 | Loss: 0.0001 | Val MiFmax: 0.7377 | Val MaFmax: 0.7253 | Val Smin: 26.9107
Epoch 057 | Loss: 0.0001 | Val MiFmax: 0.7411 | Val MaFmax: 0.7273 | Val Smin: 26.7260
Epoch 058 | Loss: 0.0001 | Val MiFmax: 0.7361 | Val MaFmax: 0.7270 | Val Smin: 26.8902
Epoch 059 | Loss: 0.0001 | Val MiFmax: 0.7341 | Val MaFmax: 0.7252 | Val Smin: 27.2002
Epoch 060 | Loss: 0.0001 | Val MiFmax: 0.7440 | Val MaFmax: 0.7287 | Val Smin: 26.1795
Epoch 061 | Loss: 0.0001 | Val MiFmax: 0.7389 | Val MaFmax: 0.7234 | Val Smin: 26.4247
Epoch 062 | Loss: 0.0001 | Val MiFmax: 0.7449 | Val MaFmax: 0.7272 | Val Smin: 26.0404
Epoch 063 | Loss: 0.0001 | Val MiFmax: 0.7449 | Val MaFmax: 0.7294 | Val Smin: 26.0742
  --> New best model saved!
Epoch 064 | Loss: 0.0001 | Val MiFmax: 0.7419 | Val MaFmax: 0.7295 | Val Smin: 26.5561
  --> New best model saved!
Epoch 065 | Loss: 0.0001 | Val MiFmax: 0.7449 | Val MaFmax: 0.7309 | Val Smin: 26.2211
  --> New best model saved!
Epoch 066 | Loss: 0.0001 | Val MiFmax: 0.7421 | Val MaFmax: 0.7311 | Val Smin: 26.3064
  --> New best model saved!
Epoch 067 | Loss: 0.0001 | Val MiFmax: 0.7443 | Val MaFmax: 0.7294 | Val Smin: 26.2268
Epoch 068 | Loss: 0.0001 | Val MiFmax: 0.7415 | Val MaFmax: 0.7299 | Val Smin: 26.4710
Epoch 069 | Loss: 0.0001 | Val MiFmax: 0.7463 | Val MaFmax: 0.7289 | Val Smin: 26.1976
Epoch 070 | Loss: 0.0001 | Val MiFmax: 0.7393 | Val MaFmax: 0.7281 | Val Smin: 26.6851
Epoch 071 | Loss: 0.0001 | Val MiFmax: 0.7425 | Val MaFmax: 0.7316 | Val Smin: 26.1187
  --> New best model saved!
Epoch 072 | Loss: 0.0001 | Val MiFmax: 0.7429 | Val MaFmax: 0.7299 | Val Smin: 26.3410
Epoch 073 | Loss: 0.0000 | Val MiFmax: 0.7417 | Val MaFmax: 0.7309 | Val Smin: 26.0720
Epoch 074 | Loss: 0.0001 | Val MiFmax: 0.7436 | Val MaFmax: 0.7327 | Val Smin: 26.3925
  --> New best model saved!
Epoch 075 | Loss: 0.0000 | Val MiFmax: 0.7427 | Val MaFmax: 0.7319 | Val Smin: 26.2618
Epoch 076 | Loss: 0.0000 | Val MiFmax: 0.7404 | Val MaFmax: 0.7275 | Val Smin: 26.6939
Epoch 077 | Loss: 0.0000 | Val MiFmax: 0.7425 | Val MaFmax: 0.7286 | Val Smin: 26.3271
Epoch 078 | Loss: 0.0000 | Val MiFmax: 0.7460 | Val MaFmax: 0.7277 | Val Smin: 26.2131
Epoch 079 | Loss: 0.0000 | Val MiFmax: 0.7475 | Val MaFmax: 0.7293 | Val Smin: 26.1412
Epoch 080 | Loss: 0.0000 | Val MiFmax: 0.7452 | Val MaFmax: 0.7275 | Val Smin: 26.1301
Epoch 081 | Loss: 0.0000 | Val MiFmax: 0.7466 | Val MaFmax: 0.7282 | Val Smin: 26.1517
Epoch 082 | Loss: 0.0000 | Val MiFmax: 0.7496 | Val MaFmax: 0.7297 | Val Smin: 26.0293
Epoch 083 | Loss: 0.0000 | Val MiFmax: 0.7472 | Val MaFmax: 0.7269 | Val Smin: 25.9940
Epoch 084 | Loss: 0.0000 | Val MiFmax: 0.7484 | Val MaFmax: 0.7298 | Val Smin: 26.1710
Epoch 085 | Loss: 0.0000 | Val MiFmax: 0.7481 | Val MaFmax: 0.7307 | Val Smin: 25.8970
Epoch 086 | Loss: 0.0000 | Val MiFmax: 0.7470 | Val MaFmax: 0.7306 | Val Smin: 26.2783
Epoch 087 | Loss: 0.0000 | Val MiFmax: 0.7502 | Val MaFmax: 0.7323 | Val Smin: 25.8823
Epoch 088 | Loss: 0.0000 | Val MiFmax: 0.7492 | Val MaFmax: 0.7325 | Val Smin: 25.8987
Epoch 089 | Loss: 0.0000 | Val MiFmax: 0.7489 | Val MaFmax: 0.7320 | Val Smin: 25.9088
Early stopping triggered after 89 epochs.
Training finished. Evaluating on Test Set...

--- TEST METRICS ---
Micro_Fmax: 0.6737
Macro_Fmax: 0.6669
Macro_AUROC: 0.8537
Micro_AUROC: 0.8512
Macro_AUPRC: 0.6257
Micro_AUPRC: 0.6405
Smin: 35.1069
------------------------------------------------------
  Run 10 / 12 | biological_process | Focal | gamma=3.0 | s42
------------------------------------------------------
Using device: cuda
Loading datasets from preprocessing/data/split_files/datasets.pkl for biological_process...
Alpha weights not found. Using default FocalLoss (alpha=0.25, gamma=3.0).
Epoch 001 | Loss: 0.0246 | Val MiFmax: 0.0819 | Val MaFmax: 0.1328 | Val Smin: 69.0467
  --> New best model saved!
Epoch 002 | Loss: 0.0081 | Val MiFmax: 0.1301 | Val MaFmax: 0.1260 | Val Smin: 68.5586
Epoch 003 | Loss: 0.0032 | Val MiFmax: 0.2760 | Val MaFmax: 0.1962 | Val Smin: 62.1830
  --> New best model saved!
Epoch 004 | Loss: 0.0024 | Val MiFmax: 0.3504 | Val MaFmax: 0.3062 | Val Smin: 59.0228
  --> New best model saved!
Epoch 005 | Loss: 0.0020 | Val MiFmax: 0.4268 | Val MaFmax: 0.3908 | Val Smin: 53.8529
  --> New best model saved!
Epoch 006 | Loss: 0.0017 | Val MiFmax: 0.4833 | Val MaFmax: 0.4363 | Val Smin: 47.5579
  --> New best model saved!
Epoch 007 | Loss: 0.0014 | Val MiFmax: 0.5234 | Val MaFmax: 0.5034 | Val Smin: 44.2248
  --> New best model saved!
Epoch 008 | Loss: 0.0012 | Val MiFmax: 0.5541 | Val MaFmax: 0.5341 | Val Smin: 42.1848
  --> New best model saved!
Epoch 009 | Loss: 0.0010 | Val MiFmax: 0.5625 | Val MaFmax: 0.5642 | Val Smin: 41.4334
  --> New best model saved!
Epoch 010 | Loss: 0.0009 | Val MiFmax: 0.5924 | Val MaFmax: 0.5845 | Val Smin: 39.2407
  --> New best model saved!
Epoch 011 | Loss: 0.0008 | Val MiFmax: 0.6071 | Val MaFmax: 0.6001 | Val Smin: 37.8832
  --> New best model saved!
Epoch 012 | Loss: 0.0007 | Val MiFmax: 0.6327 | Val MaFmax: 0.6316 | Val Smin: 35.9002
  --> New best model saved!
Epoch 013 | Loss: 0.0006 | Val MiFmax: 0.6342 | Val MaFmax: 0.6363 | Val Smin: 36.0449
  --> New best model saved!
Epoch 014 | Loss: 0.0006 | Val MiFmax: 0.6441 | Val MaFmax: 0.6527 | Val Smin: 35.1647
  --> New best model saved!
Epoch 015 | Loss: 0.0005 | Val MiFmax: 0.6513 | Val MaFmax: 0.6547 | Val Smin: 34.6207
  --> New best model saved!
Epoch 016 | Loss: 0.0005 | Val MiFmax: 0.6554 | Val MaFmax: 0.6669 | Val Smin: 34.1733
  --> New best model saved!
Epoch 017 | Loss: 0.0004 | Val MiFmax: 0.6650 | Val MaFmax: 0.6869 | Val Smin: 33.1078
  --> New best model saved!
Epoch 018 | Loss: 0.0004 | Val MiFmax: 0.6835 | Val MaFmax: 0.6830 | Val Smin: 31.5782
Epoch 019 | Loss: 0.0004 | Val MiFmax: 0.6972 | Val MaFmax: 0.6947 | Val Smin: 30.2950
  --> New best model saved!
Epoch 020 | Loss: 0.0003 | Val MiFmax: 0.6925 | Val MaFmax: 0.7033 | Val Smin: 30.5131
  --> New best model saved!
Epoch 021 | Loss: 0.0003 | Val MiFmax: 0.6890 | Val MaFmax: 0.7108 | Val Smin: 31.1542
  --> New best model saved!
Epoch 022 | Loss: 0.0003 | Val MiFmax: 0.7015 | Val MaFmax: 0.7144 | Val Smin: 30.0940
  --> New best model saved!
Epoch 023 | Loss: 0.0003 | Val MiFmax: 0.6936 | Val MaFmax: 0.7164 | Val Smin: 31.2021
  --> New best model saved!
Epoch 024 | Loss: 0.0003 | Val MiFmax: 0.7064 | Val MaFmax: 0.7158 | Val Smin: 29.0938
Epoch 025 | Loss: 0.0003 | Val MiFmax: 0.7189 | Val MaFmax: 0.7221 | Val Smin: 28.2510
  --> New best model saved!
Epoch 026 | Loss: 0.0002 | Val MiFmax: 0.7130 | Val MaFmax: 0.7249 | Val Smin: 28.4144
  --> New best model saved!
Epoch 027 | Loss: 0.0002 | Val MiFmax: 0.7105 | Val MaFmax: 0.7214 | Val Smin: 28.9898
Epoch 028 | Loss: 0.0002 | Val MiFmax: 0.7156 | Val MaFmax: 0.7258 | Val Smin: 29.0202
  --> New best model saved!
Epoch 029 | Loss: 0.0002 | Val MiFmax: 0.7247 | Val MaFmax: 0.7343 | Val Smin: 27.8037
  --> New best model saved!
Epoch 030 | Loss: 0.0002 | Val MiFmax: 0.6939 | Val MaFmax: 0.7080 | Val Smin: 30.7070
Epoch 031 | Loss: 0.0002 | Val MiFmax: 0.7186 | Val MaFmax: 0.7148 | Val Smin: 28.2901
Epoch 032 | Loss: 0.0002 | Val MiFmax: 0.7303 | Val MaFmax: 0.7384 | Val Smin: 27.4720
  --> New best model saved!
Epoch 033 | Loss: 0.0002 | Val MiFmax: 0.7228 | Val MaFmax: 0.7306 | Val Smin: 27.9688
Epoch 034 | Loss: 0.0002 | Val MiFmax: 0.7221 | Val MaFmax: 0.7301 | Val Smin: 28.0236
Epoch 035 | Loss: 0.0002 | Val MiFmax: 0.7237 | Val MaFmax: 0.7321 | Val Smin: 27.6698
Epoch 036 | Loss: 0.0002 | Val MiFmax: 0.7337 | Val MaFmax: 0.7333 | Val Smin: 26.9228
Epoch 037 | Loss: 0.0001 | Val MiFmax: 0.7304 | Val MaFmax: 0.7312 | Val Smin: 27.5137
Epoch 038 | Loss: 0.0001 | Val MiFmax: 0.7406 | Val MaFmax: 0.7338 | Val Smin: 26.2055
Epoch 039 | Loss: 0.0001 | Val MiFmax: 0.7433 | Val MaFmax: 0.7429 | Val Smin: 25.7797
  --> New best model saved!
Epoch 040 | Loss: 0.0001 | Val MiFmax: 0.7413 | Val MaFmax: 0.7418 | Val Smin: 26.3032
Epoch 041 | Loss: 0.0001 | Val MiFmax: 0.7425 | Val MaFmax: 0.7389 | Val Smin: 25.7631
Epoch 042 | Loss: 0.0001 | Val MiFmax: 0.7402 | Val MaFmax: 0.7364 | Val Smin: 26.3030
Epoch 043 | Loss: 0.0001 | Val MiFmax: 0.7455 | Val MaFmax: 0.7418 | Val Smin: 25.4963
Epoch 044 | Loss: 0.0001 | Val MiFmax: 0.7454 | Val MaFmax: 0.7426 | Val Smin: 25.5737
Epoch 045 | Loss: 0.0001 | Val MiFmax: 0.7480 | Val MaFmax: 0.7437 | Val Smin: 25.4497
  --> New best model saved!
Epoch 046 | Loss: 0.0001 | Val MiFmax: 0.7416 | Val MaFmax: 0.7409 | Val Smin: 26.0713
Epoch 047 | Loss: 0.0001 | Val MiFmax: 0.7479 | Val MaFmax: 0.7414 | Val Smin: 25.5145
Epoch 048 | Loss: 0.0001 | Val MiFmax: 0.7463 | Val MaFmax: 0.7411 | Val Smin: 25.8165
Epoch 049 | Loss: 0.0001 | Val MiFmax: 0.7462 | Val MaFmax: 0.7428 | Val Smin: 25.6490
Epoch 050 | Loss: 0.0001 | Val MiFmax: 0.7539 | Val MaFmax: 0.7407 | Val Smin: 25.0933
Epoch 051 | Loss: 0.0001 | Val MiFmax: 0.7493 | Val MaFmax: 0.7382 | Val Smin: 25.5845
Epoch 052 | Loss: 0.0001 | Val MiFmax: 0.7557 | Val MaFmax: 0.7416 | Val Smin: 24.8674
Epoch 053 | Loss: 0.0001 | Val MiFmax: 0.7512 | Val MaFmax: 0.7416 | Val Smin: 25.1573
Epoch 054 | Loss: 0.0000 | Val MiFmax: 0.7514 | Val MaFmax: 0.7442 | Val Smin: 25.1584
  --> New best model saved!
Epoch 055 | Loss: 0.0000 | Val MiFmax: 0.7527 | Val MaFmax: 0.7426 | Val Smin: 25.1546
Epoch 056 | Loss: 0.0000 | Val MiFmax: 0.7492 | Val MaFmax: 0.7428 | Val Smin: 25.5501
Epoch 057 | Loss: 0.0000 | Val MiFmax: 0.7569 | Val MaFmax: 0.7420 | Val Smin: 25.0894
Epoch 058 | Loss: 0.0000 | Val MiFmax: 0.7507 | Val MaFmax: 0.7414 | Val Smin: 25.2442
Epoch 059 | Loss: 0.0000 | Val MiFmax: 0.7494 | Val MaFmax: 0.7399 | Val Smin: 25.3752
Epoch 060 | Loss: 0.0000 | Val MiFmax: 0.7505 | Val MaFmax: 0.7389 | Val Smin: 25.2051
Epoch 061 | Loss: 0.0000 | Val MiFmax: 0.7539 | Val MaFmax: 0.7395 | Val Smin: 25.1095
Epoch 062 | Loss: 0.0000 | Val MiFmax: 0.7517 | Val MaFmax: 0.7411 | Val Smin: 25.2212
Epoch 063 | Loss: 0.0000 | Val MiFmax: 0.7513 | Val MaFmax: 0.7418 | Val Smin: 25.1505
Epoch 064 | Loss: 0.0000 | Val MiFmax: 0.7523 | Val MaFmax: 0.7429 | Val Smin: 25.0697
Epoch 065 | Loss: 0.0000 | Val MiFmax: 0.7530 | Val MaFmax: 0.7422 | Val Smin: 25.1124
Epoch 066 | Loss: 0.0000 | Val MiFmax: 0.7502 | Val MaFmax: 0.7418 | Val Smin: 25.4271
Epoch 067 | Loss: 0.0000 | Val MiFmax: 0.7505 | Val MaFmax: 0.7430 | Val Smin: 25.2778
Epoch 068 | Loss: 0.0000 | Val MiFmax: 0.7539 | Val MaFmax: 0.7422 | Val Smin: 25.0577
Epoch 069 | Loss: 0.0000 | Val MiFmax: 0.7535 | Val MaFmax: 0.7430 | Val Smin: 25.0604
Early stopping triggered after 69 epochs.
Training finished. Evaluating on Test Set...

--- TEST METRICS ---
Micro_Fmax: 0.6881
Macro_Fmax: 0.6778
Macro_AUROC: 0.8561
Micro_AUROC: 0.8567
Macro_AUPRC: 0.6299
Micro_AUPRC: 0.6491
Smin: 34.0838
------------------------------------------------------
  Run 11 / 12 | biological_process | Focal | gamma=3.0 | s123
------------------------------------------------------
Using device: cuda
Loading datasets from preprocessing/data/split_files/datasets.pkl for biological_process...
Alpha weights not found. Using default FocalLoss (alpha=0.25, gamma=3.0).
Epoch 001 | Loss: 0.0242 | Val MiFmax: 0.0834 | Val MaFmax: 0.1183 | Val Smin: 68.4820
  --> New best model saved!
Epoch 002 | Loss: 0.0075 | Val MiFmax: 0.2156 | Val MaFmax: 0.1699 | Val Smin: 65.9753
  --> New best model saved!
Epoch 003 | Loss: 0.0030 | Val MiFmax: 0.2931 | Val MaFmax: 0.2172 | Val Smin: 61.3717
  --> New best model saved!
Epoch 004 | Loss: 0.0024 | Val MiFmax: 0.3339 | Val MaFmax: 0.2973 | Val Smin: 59.3579
  --> New best model saved!
Epoch 005 | Loss: 0.0019 | Val MiFmax: 0.4012 | Val MaFmax: 0.3830 | Val Smin: 55.1670
  --> New best model saved!
Epoch 006 | Loss: 0.0017 | Val MiFmax: 0.4383 | Val MaFmax: 0.3885 | Val Smin: 52.9784
  --> New best model saved!
Epoch 007 | Loss: 0.0014 | Val MiFmax: 0.5148 | Val MaFmax: 0.4856 | Val Smin: 45.1682
  --> New best model saved!
Epoch 008 | Loss: 0.0012 | Val MiFmax: 0.5395 | Val MaFmax: 0.5350 | Val Smin: 43.4356
  --> New best model saved!
Epoch 009 | Loss: 0.0010 | Val MiFmax: 0.5596 | Val MaFmax: 0.5549 | Val Smin: 41.3992
  --> New best model saved!
Epoch 010 | Loss: 0.0009 | Val MiFmax: 0.5835 | Val MaFmax: 0.5636 | Val Smin: 40.0412
  --> New best model saved!
Epoch 011 | Loss: 0.0008 | Val MiFmax: 0.5972 | Val MaFmax: 0.6096 | Val Smin: 38.6375
  --> New best model saved!
Epoch 012 | Loss: 0.0007 | Val MiFmax: 0.6205 | Val MaFmax: 0.6032 | Val Smin: 36.6456
Epoch 013 | Loss: 0.0006 | Val MiFmax: 0.6153 | Val MaFmax: 0.6269 | Val Smin: 37.0117
  --> New best model saved!
Epoch 014 | Loss: 0.0006 | Val MiFmax: 0.6362 | Val MaFmax: 0.6370 | Val Smin: 35.2546
  --> New best model saved!
Epoch 015 | Loss: 0.0005 | Val MiFmax: 0.6432 | Val MaFmax: 0.6520 | Val Smin: 34.5160
  --> New best model saved!
Epoch 016 | Loss: 0.0005 | Val MiFmax: 0.6634 | Val MaFmax: 0.6684 | Val Smin: 32.8887
  --> New best model saved!
Epoch 017 | Loss: 0.0004 | Val MiFmax: 0.6719 | Val MaFmax: 0.6717 | Val Smin: 32.0830
  --> New best model saved!
Epoch 018 | Loss: 0.0004 | Val MiFmax: 0.6689 | Val MaFmax: 0.6768 | Val Smin: 32.3742
  --> New best model saved!
Epoch 019 | Loss: 0.0004 | Val MiFmax: 0.6720 | Val MaFmax: 0.6909 | Val Smin: 31.7272
  --> New best model saved!
Epoch 020 | Loss: 0.0003 | Val MiFmax: 0.6741 | Val MaFmax: 0.6881 | Val Smin: 31.9391
Epoch 021 | Loss: 0.0003 | Val MiFmax: 0.6867 | Val MaFmax: 0.6951 | Val Smin: 30.8801
  --> New best model saved!
Epoch 022 | Loss: 0.0003 | Val MiFmax: 0.6853 | Val MaFmax: 0.6941 | Val Smin: 30.9303
Epoch 023 | Loss: 0.0003 | Val MiFmax: 0.6723 | Val MaFmax: 0.6843 | Val Smin: 32.1362
Epoch 024 | Loss: 0.0003 | Val MiFmax: 0.6900 | Val MaFmax: 0.7011 | Val Smin: 30.4060
  --> New best model saved!
Epoch 025 | Loss: 0.0003 | Val MiFmax: 0.7081 | Val MaFmax: 0.7191 | Val Smin: 28.8837
  --> New best model saved!
Epoch 026 | Loss: 0.0002 | Val MiFmax: 0.7035 | Val MaFmax: 0.7102 | Val Smin: 29.0950
Epoch 027 | Loss: 0.0002 | Val MiFmax: 0.7067 | Val MaFmax: 0.7077 | Val Smin: 29.1533
Epoch 028 | Loss: 0.0002 | Val MiFmax: 0.7162 | Val MaFmax: 0.7115 | Val Smin: 28.4025
Epoch 029 | Loss: 0.0002 | Val MiFmax: 0.7144 | Val MaFmax: 0.7170 | Val Smin: 28.1579
Epoch 030 | Loss: 0.0002 | Val MiFmax: 0.7196 | Val MaFmax: 0.7124 | Val Smin: 27.9090
Epoch 031 | Loss: 0.0002 | Val MiFmax: 0.7111 | Val MaFmax: 0.7248 | Val Smin: 28.4188
  --> New best model saved!
Epoch 032 | Loss: 0.0002 | Val MiFmax: 0.7171 | Val MaFmax: 0.7192 | Val Smin: 28.2104
Epoch 033 | Loss: 0.0002 | Val MiFmax: 0.7167 | Val MaFmax: 0.7224 | Val Smin: 28.1961
Epoch 034 | Loss: 0.0002 | Val MiFmax: 0.7269 | Val MaFmax: 0.7233 | Val Smin: 27.2434
Epoch 035 | Loss: 0.0002 | Val MiFmax: 0.7220 | Val MaFmax: 0.7237 | Val Smin: 27.5943
Epoch 036 | Loss: 0.0002 | Val MiFmax: 0.7132 | Val MaFmax: 0.7263 | Val Smin: 28.2096
  --> New best model saved!
Epoch 037 | Loss: 0.0001 | Val MiFmax: 0.7271 | Val MaFmax: 0.7321 | Val Smin: 27.1784
  --> New best model saved!
Epoch 038 | Loss: 0.0001 | Val MiFmax: 0.7150 | Val MaFmax: 0.7278 | Val Smin: 28.2458
Epoch 039 | Loss: 0.0001 | Val MiFmax: 0.7269 | Val MaFmax: 0.7206 | Val Smin: 27.5703
Epoch 040 | Loss: 0.0001 | Val MiFmax: 0.7177 | Val MaFmax: 0.7238 | Val Smin: 27.8658
Epoch 041 | Loss: 0.0001 | Val MiFmax: 0.7315 | Val MaFmax: 0.7303 | Val Smin: 26.8046
Epoch 042 | Loss: 0.0001 | Val MiFmax: 0.7258 | Val MaFmax: 0.7227 | Val Smin: 27.2743
Epoch 043 | Loss: 0.0001 | Val MiFmax: 0.7057 | Val MaFmax: 0.7038 | Val Smin: 29.0630
Epoch 044 | Loss: 0.0001 | Val MiFmax: 0.7312 | Val MaFmax: 0.7314 | Val Smin: 27.0115
Epoch 045 | Loss: 0.0001 | Val MiFmax: 0.7388 | Val MaFmax: 0.7353 | Val Smin: 26.2717
  --> New best model saved!
Epoch 046 | Loss: 0.0001 | Val MiFmax: 0.7384 | Val MaFmax: 0.7330 | Val Smin: 26.2206
Epoch 047 | Loss: 0.0001 | Val MiFmax: 0.7351 | Val MaFmax: 0.7314 | Val Smin: 26.6572
Epoch 048 | Loss: 0.0001 | Val MiFmax: 0.7364 | Val MaFmax: 0.7290 | Val Smin: 26.6265
Epoch 049 | Loss: 0.0001 | Val MiFmax: 0.7360 | Val MaFmax: 0.7311 | Val Smin: 26.5250
Epoch 050 | Loss: 0.0001 | Val MiFmax: 0.7363 | Val MaFmax: 0.7325 | Val Smin: 26.6527
Epoch 051 | Loss: 0.0001 | Val MiFmax: 0.7398 | Val MaFmax: 0.7341 | Val Smin: 26.0451
Epoch 052 | Loss: 0.0001 | Val MiFmax: 0.7408 | Val MaFmax: 0.7330 | Val Smin: 26.1099
Epoch 053 | Loss: 0.0000 | Val MiFmax: 0.7437 | Val MaFmax: 0.7354 | Val Smin: 25.8032
  --> New best model saved!
Epoch 054 | Loss: 0.0000 | Val MiFmax: 0.7424 | Val MaFmax: 0.7347 | Val Smin: 26.0477
Epoch 055 | Loss: 0.0000 | Val MiFmax: 0.7417 | Val MaFmax: 0.7334 | Val Smin: 25.9506
Epoch 056 | Loss: 0.0000 | Val MiFmax: 0.7434 | Val MaFmax: 0.7317 | Val Smin: 26.0127
Epoch 057 | Loss: 0.0000 | Val MiFmax: 0.7397 | Val MaFmax: 0.7336 | Val Smin: 26.2102
Epoch 058 | Loss: 0.0000 | Val MiFmax: 0.7396 | Val MaFmax: 0.7346 | Val Smin: 26.2338
Epoch 059 | Loss: 0.0000 | Val MiFmax: 0.7400 | Val MaFmax: 0.7285 | Val Smin: 26.1626
Epoch 060 | Loss: 0.0000 | Val MiFmax: 0.7373 | Val MaFmax: 0.7325 | Val Smin: 26.2993
Epoch 061 | Loss: 0.0000 | Val MiFmax: 0.7391 | Val MaFmax: 0.7320 | Val Smin: 26.1627
Epoch 062 | Loss: 0.0000 | Val MiFmax: 0.7409 | Val MaFmax: 0.7337 | Val Smin: 26.0038
Epoch 063 | Loss: 0.0000 | Val MiFmax: 0.7394 | Val MaFmax: 0.7337 | Val Smin: 26.0347
Epoch 064 | Loss: 0.0000 | Val MiFmax: 0.7406 | Val MaFmax: 0.7347 | Val Smin: 25.9325
Epoch 065 | Loss: 0.0000 | Val MiFmax: 0.7412 | Val MaFmax: 0.7346 | Val Smin: 25.9557
Epoch 066 | Loss: 0.0000 | Val MiFmax: 0.7427 | Val MaFmax: 0.7345 | Val Smin: 25.8588
Epoch 067 | Loss: 0.0000 | Val MiFmax: 0.7425 | Val MaFmax: 0.7328 | Val Smin: 25.7903
Epoch 068 | Loss: 0.0000 | Val MiFmax: 0.7401 | Val MaFmax: 0.7329 | Val Smin: 26.0326
Early stopping triggered after 68 epochs.
Training finished. Evaluating on Test Set...

--- TEST METRICS ---
Micro_Fmax: 0.6687
Macro_Fmax: 0.6614
Macro_AUROC: 0.8482
Micro_AUROC: 0.8458
Macro_AUPRC: 0.6175
Micro_AUPRC: 0.6302
Smin: 35.6574
------------------------------------------------------
  Run 12 / 12 | biological_process | Focal | gamma=3.0 | s456
------------------------------------------------------
