2026-07-26 12:55:49.749471: I tensorflow/core/util/port.cc:110] oneDNN custom operations are on. You may see slightly different numerical results due to floating-point round-off errors from different computation orders. To turn them off, set the environment variable `TF_ENABLE_ONEDNN_OPTS=0`.
2026-07-26 12:55:50.262556: I tensorflow/tsl/cuda/cudart_stub.cc:28] Could not find cuda drivers on your machine, GPU will not be used.
2026-07-26 12:55:53.754421: I tensorflow/tsl/cuda/cudart_stub.cc:28] Could not find cuda drivers on your machine, GPU will not be used.
2026-07-26 12:55:53.770742: I tensorflow/core/platform/cpu_feature_guard.cc:182] This TensorFlow binary is optimized to use available CPU instructions in performance-critical operations.
To enable the following instructions: AVX2 AVX512F AVX512_VNNI FMA, in other operations, rebuild TensorFlow with the appropriate compiler flags.
2026-07-26 12:56:10.272137: W tensorflow/compiler/tf2tensorrt/utils/py_utils.cc:38] TF-TRT Warning: Could not find TensorRT
2026-07-26 12:56:42.078262: I tensorflow/core/util/port.cc:110] oneDNN custom operations are on. You may see slightly different numerical results due to floating-point round-off errors from different computation orders. To turn them off, set the environment variable `TF_ENABLE_ONEDNN_OPTS=0`.
2026-07-26 12:56:42.080170: I tensorflow/tsl/cuda/cudart_stub.cc:28] Could not find cuda drivers on your machine, GPU will not be used.
2026-07-26 12:56:42.125587: I tensorflow/tsl/cuda/cudart_stub.cc:28] Could not find cuda drivers on your machine, GPU will not be used.
2026-07-26 12:56:42.126028: I tensorflow/core/platform/cpu_feature_guard.cc:182] This TensorFlow binary is optimized to use available CPU instructions in performance-critical operations.
To enable the following instructions: AVX2 AVX512F AVX512_VNNI FMA, in other operations, rebuild TensorFlow with the appropriate compiler flags.
2026-07-26 12:56:45.744250: W tensorflow/compiler/tf2tensorrt/utils/py_utils.cc:38] TF-TRT Warning: Could not find TensorRT
Traceback (most recent call last):
  File "/home/ganeshiny.sridharan/dgg/deep-green-GO/SOTA/DPFunc/DPFunc_demo_pipeline/scripts/build_data_demo.py", line 22, in <module>
    import esm
ModuleNotFoundError: No module named 'esm'
ERROR conda.cli.main_run:execute(148): `conda run python /home/ganeshiny.sridharan/dgg/deep-green-GO/SOTA/DPFunc/DPFunc_demo_pipeline/scripts/build_data_demo.py --help` failed. (See above for error)
[SETUP ERROR] Missing or empty file: /home/ganeshiny.sridharan/dgg/deep-green-GO/SOTA/deepgoplus/data/metadata/last_release.json
2026-07-26 12:58:42.304042: W tensorflow/stream_executor/platform/default/dso_loader.cc:59] Could not load dynamic library 'libcudart.so.10.1'; dlerror: libcudart.so.10.1: cannot open shared object file: No such file or directory
2026-07-26 12:58:42.304069: I tensorflow/stream_executor/cuda/cudart_stub.cc:29] Ignore above cudart dlerror if you do not have a GPU set up on your machine.
[SETUP FAILED] 2 verification check(s) failed
