
LibMambaUnsatisfiableError: Encountered problems while solving:
  - package libblas-3.11.0-8_h5875eb1_mkl requires mkl >=2026.0.0,<2027.0a0, but none of the providers can be installed

Could not solve for environment specs
The following packages are incompatible
├─ mkl =2023.1.0 * is requested and can be installed;
├─ pin on python =3.8 * is installable and it requires
│  └─ python =3.8 *, which can be installed;
├─ pytorch =1.10.2 * is installable with the potential options
│  ├─ pytorch 1.10.2 would require
│  │  └─ blas =* mkl with the potential options
│  │     ├─ blas 1.0, which can be installed;
│  │     └─ blas 2.308 would require
│  │        └─ blas-devel ==3.11.0 8*_mkl, which requires
│  │           └─ mkl >=2026.0.0,<2027.0a0 *, which conflicts with any installable versions previously reported;
│  └─ pytorch 1.10.2 would require
│     └─ mkl >=2021.4.0,<2022.0a0 *, which conflicts with any installable versions previously reported;
└─ scipy =1.9.1 * is not installable because there are no viable options
   ├─ scipy 1.9.1 would require
   │  └─ blas =* openblas, which conflicts with any installable versions previously reported;
   ├─ scipy 1.9.1 would require
   │  └─ mkl >=2021.4.0,<2022.0a0 *, which conflicts with any installable versions previously reported;
   ├─ scipy 1.9.1 would require
   │  └─ python >=3.10,<3.11.0a0 *, which conflicts with any installable versions previously reported;
   ├─ scipy 1.9.1 would require
   │  └─ python >=3.9,<3.10.0a0 *, which conflicts with any installable versions previously reported;
   └─ scipy 1.9.1 would require
      └─ libblas >=3.9.0,<4.0a0 *, which requires
         └─ mkl >=2026.0.0,<2027.0a0 *, which conflicts with any installable versions previously reported.

Pins seem to be involved in the conflict. Currently pinned specs:
 - python=3.8


