  error: subprocess-exited-with-error
  
  × Preparing metadata (pyproject.toml) did not run successfully.
  │ exit code: 1
  ╰─> [22 lines of output]
      Running from numpy source directory.
      <string>:461: UserWarning: Unrecognized setuptools command, proceeding with generating Cython sources and expanding templates
      Traceback (most recent call last):
        File "/home/ganeshiny.sridharan/miniconda3/envs/dgg_sota_tf/lib/python3.9/site-packages/pip/_vendor/pyproject_hooks/_in_process/_in_process.py", line 389, in <module>
          main()
        File "/home/ganeshiny.sridharan/miniconda3/envs/dgg_sota_tf/lib/python3.9/site-packages/pip/_vendor/pyproject_hooks/_in_process/_in_process.py", line 373, in main
          json_out["return_val"] = hook(**hook_input["kwargs"])
        File "/home/ganeshiny.sridharan/miniconda3/envs/dgg_sota_tf/lib/python3.9/site-packages/pip/_vendor/pyproject_hooks/_in_process/_in_process.py", line 175, in prepare_metadata_for_build_wheel
          return hook(metadata_directory, config_settings)
        File "/tmp/pip-build-env-8zo5k0ha/overlay/lib/python3.9/site-packages/setuptools/build_meta.py", line 380, in prepare_metadata_for_build_wheel
          self.run_setup()
        File "/tmp/pip-build-env-8zo5k0ha/overlay/lib/python3.9/site-packages/setuptools/build_meta.py", line 520, in run_setup
          super().run_setup(setup_script=setup_script)
        File "/tmp/pip-build-env-8zo5k0ha/overlay/lib/python3.9/site-packages/setuptools/build_meta.py", line 317, in run_setup
          exec(code, locals())
        File "<string>", line 488, in <module>
        File "<string>", line 465, in setup_package
        File "/tmp/pip-install-phhig8nk/numpy_0606a4f6eb29458b821d4436be392d58/numpy/distutils/__init__.py", line 26, in <module>
          from . import ccompiler
        File "/tmp/pip-install-phhig8nk/numpy_0606a4f6eb29458b821d4436be392d58/numpy/distutils/ccompiler.py", line 111, in <module>
          replace_method(CCompiler, 'find_executables', CCompiler_find_executables)
      NameError: name 'CCompiler' is not defined
      [end of output]
  
  note: This error originates from a subprocess, and is likely not a problem with pip.
error: metadata-generation-failed

× Encountered error while generating package metadata.
╰─> numpy

note: This is an issue with the package mentioned above, not pip.
hint: See above for details.
ERROR conda.cli.main_run:execute(148): `conda run python -m pip install -e /home/ganeshiny.sridharan/dgg/deep-green-GO/baselines/DeepFRI` failed. (See above for error)
