========================================================
  Job ID      : 44526753
  Node        : fc19
  Start time  : Tue Jul  7 09:20:09 MDT 2026
========================================================
1. Setting up DeepFRI Environment (TensorFlow) -> dgg_sota_tf
  Environment dgg_sota_tf exists.
Requirement already satisfied: pip in /home/ganeshiny.sridharan/miniconda3/envs/dgg_sota_tf/lib/python3.9/site-packages (26.0.1)
Requirement already satisfied: tensorflow==2.13.0 in /home/ganeshiny.sridharan/miniconda3/envs/dgg_sota_tf/lib/python3.9/site-packages (2.13.0)
Requirement already satisfied: networkx in /home/ganeshiny.sridharan/miniconda3/envs/dgg_sota_tf/lib/python3.9/site-packages (3.2.1)
Requirement already satisfied: biopython in /home/ganeshiny.sridharan/miniconda3/envs/dgg_sota_tf/lib/python3.9/site-packages (1.85)
Requirement already satisfied: pandas in /home/ganeshiny.sridharan/miniconda3/envs/dgg_sota_tf/lib/python3.9/site-packages (2.3.3)
Requirement already satisfied: scikit-learn in /home/ganeshiny.sridharan/miniconda3/envs/dgg_sota_tf/lib/python3.9/site-packages (1.6.1)
Requirement already satisfied: tqdm in /home/ganeshiny.sridharan/miniconda3/envs/dgg_sota_tf/lib/python3.9/site-packages (4.68.3)
Requirement already satisfied: h5py in /home/ganeshiny.sridharan/miniconda3/envs/dgg_sota_tf/lib/python3.9/site-packages (3.14.0)
Requirement already satisfied: absl-py>=1.0.0 in /home/ganeshiny.sridharan/miniconda3/envs/dgg_sota_tf/lib/python3.9/site-packages (from tensorflow==2.13.0) (2.3.1)
Requirement already satisfied: astunparse>=1.6.0 in /home/ganeshiny.sridharan/miniconda3/envs/dgg_sota_tf/lib/python3.9/site-packages (from tensorflow==2.13.0) (1.6.3)
Requirement already satisfied: flatbuffers>=23.1.21 in /home/ganeshiny.sridharan/miniconda3/envs/dgg_sota_tf/lib/python3.9/site-packages (from tensorflow==2.13.0) (25.12.19)
Requirement already satisfied: gast<=0.4.0,>=0.2.1 in /home/ganeshiny.sridharan/miniconda3/envs/dgg_sota_tf/lib/python3.9/site-packages (from tensorflow==2.13.0) (0.4.0)
Requirement already satisfied: google-pasta>=0.1.1 in /home/ganeshiny.sridharan/miniconda3/envs/dgg_sota_tf/lib/python3.9/site-packages (from tensorflow==2.13.0) (0.2.0)
Requirement already satisfied: grpcio<2.0,>=1.24.3 in /home/ganeshiny.sridharan/miniconda3/envs/dgg_sota_tf/lib/python3.9/site-packages (from tensorflow==2.13.0) (1.74.0)
Requirement already satisfied: keras<2.14,>=2.13.1 in /home/ganeshiny.sridharan/miniconda3/envs/dgg_sota_tf/lib/python3.9/site-packages (from tensorflow==2.13.0) (2.13.1)
Requirement already satisfied: libclang>=13.0.0 in /home/ganeshiny.sridharan/miniconda3/envs/dgg_sota_tf/lib/python3.9/site-packages (from tensorflow==2.13.0) (18.1.1)
Requirement already satisfied: numpy<=1.24.3,>=1.22 in /home/ganeshiny.sridharan/miniconda3/envs/dgg_sota_tf/lib/python3.9/site-packages (from tensorflow==2.13.0) (1.24.3)
Requirement already satisfied: opt-einsum>=2.3.2 in /home/ganeshiny.sridharan/miniconda3/envs/dgg_sota_tf/lib/python3.9/site-packages (from tensorflow==2.13.0) (3.4.0)
Requirement already satisfied: packaging in /home/ganeshiny.sridharan/miniconda3/envs/dgg_sota_tf/lib/python3.9/site-packages (from tensorflow==2.13.0) (26.2)
Requirement already satisfied: protobuf!=4.21.0,!=4.21.1,!=4.21.2,!=4.21.3,!=4.21.4,!=4.21.5,<5.0.0dev,>=3.20.3 in /home/ganeshiny.sridharan/miniconda3/envs/dgg_sota_tf/lib/python3.9/site-packages (from tensorflow==2.13.0) (4.25.9)
Requirement already satisfied: setuptools in /home/ganeshiny.sridharan/miniconda3/envs/dgg_sota_tf/lib/python3.9/site-packages (from tensorflow==2.13.0) (80.9.0)
Requirement already satisfied: six>=1.12.0 in /home/ganeshiny.sridharan/miniconda3/envs/dgg_sota_tf/lib/python3.9/site-packages (from tensorflow==2.13.0) (1.17.0)
Requirement already satisfied: tensorboard<2.14,>=2.13 in /home/ganeshiny.sridharan/miniconda3/envs/dgg_sota_tf/lib/python3.9/site-packages (from tensorflow==2.13.0) (2.13.0)
Requirement already satisfied: tensorflow-estimator<2.14,>=2.13.0 in /home/ganeshiny.sridharan/miniconda3/envs/dgg_sota_tf/lib/python3.9/site-packages (from tensorflow==2.13.0) (2.13.0)
Requirement already satisfied: termcolor>=1.1.0 in /home/ganeshiny.sridharan/miniconda3/envs/dgg_sota_tf/lib/python3.9/site-packages (from tensorflow==2.13.0) (3.1.0)
Requirement already satisfied: typing-extensions<4.6.0,>=3.6.6 in /home/ganeshiny.sridharan/miniconda3/envs/dgg_sota_tf/lib/python3.9/site-packages (from tensorflow==2.13.0) (4.5.0)
Requirement already satisfied: wrapt>=1.11.0 in /home/ganeshiny.sridharan/miniconda3/envs/dgg_sota_tf/lib/python3.9/site-packages (from tensorflow==2.13.0) (2.2.2)
Requirement already satisfied: tensorflow-io-gcs-filesystem>=0.23.1 in /home/ganeshiny.sridharan/miniconda3/envs/dgg_sota_tf/lib/python3.9/site-packages (from tensorflow==2.13.0) (0.37.1)
Requirement already satisfied: google-auth<3,>=1.6.3 in /home/ganeshiny.sridharan/miniconda3/envs/dgg_sota_tf/lib/python3.9/site-packages (from tensorboard<2.14,>=2.13->tensorflow==2.13.0) (2.50.0)
Requirement already satisfied: google-auth-oauthlib<1.1,>=0.5 in /home/ganeshiny.sridharan/miniconda3/envs/dgg_sota_tf/lib/python3.9/site-packages (from tensorboard<2.14,>=2.13->tensorflow==2.13.0) (1.0.0)
Requirement already satisfied: markdown>=2.6.8 in /home/ganeshiny.sridharan/miniconda3/envs/dgg_sota_tf/lib/python3.9/site-packages (from tensorboard<2.14,>=2.13->tensorflow==2.13.0) (3.9)
Requirement already satisfied: requests<3,>=2.21.0 in /home/ganeshiny.sridharan/miniconda3/envs/dgg_sota_tf/lib/python3.9/site-packages (from tensorboard<2.14,>=2.13->tensorflow==2.13.0) (2.32.5)
Requirement already satisfied: tensorboard-data-server<0.8.0,>=0.7.0 in /home/ganeshiny.sridharan/miniconda3/envs/dgg_sota_tf/lib/python3.9/site-packages (from tensorboard<2.14,>=2.13->tensorflow==2.13.0) (0.7.2)
Requirement already satisfied: werkzeug>=1.0.1 in /home/ganeshiny.sridharan/miniconda3/envs/dgg_sota_tf/lib/python3.9/site-packages (from tensorboard<2.14,>=2.13->tensorflow==2.13.0) (3.1.8)
Requirement already satisfied: wheel>=0.26 in /home/ganeshiny.sridharan/miniconda3/envs/dgg_sota_tf/lib/python3.9/site-packages (from tensorboard<2.14,>=2.13->tensorflow==2.13.0) (0.45.1)
Requirement already satisfied: pyasn1-modules>=0.2.1 in /home/ganeshiny.sridharan/miniconda3/envs/dgg_sota_tf/lib/python3.9/site-packages (from google-auth<3,>=1.6.3->tensorboard<2.14,>=2.13->tensorflow==2.13.0) (0.4.2)
Requirement already satisfied: cryptography>=38.0.3 in /home/ganeshiny.sridharan/miniconda3/envs/dgg_sota_tf/lib/python3.9/site-packages (from google-auth<3,>=1.6.3->tensorboard<2.14,>=2.13->tensorflow==2.13.0) (45.0.7)
Requirement already satisfied: requests-oauthlib>=0.7.0 in /home/ganeshiny.sridharan/miniconda3/envs/dgg_sota_tf/lib/python3.9/site-packages (from google-auth-oauthlib<1.1,>=0.5->tensorboard<2.14,>=2.13->tensorflow==2.13.0) (2.0.0)
Requirement already satisfied: charset_normalizer<4,>=2 in /home/ganeshiny.sridharan/miniconda3/envs/dgg_sota_tf/lib/python3.9/site-packages (from requests<3,>=2.21.0->tensorboard<2.14,>=2.13->tensorflow==2.13.0) (3.4.8)
Requirement already satisfied: idna<4,>=2.5 in /home/ganeshiny.sridharan/miniconda3/envs/dgg_sota_tf/lib/python3.9/site-packages (from requests<3,>=2.21.0->tensorboard<2.14,>=2.13->tensorflow==2.13.0) (3.18)
Requirement already satisfied: urllib3<3,>=1.21.1 in /home/ganeshiny.sridharan/miniconda3/envs/dgg_sota_tf/lib/python3.9/site-packages (from requests<3,>=2.21.0->tensorboard<2.14,>=2.13->tensorflow==2.13.0) (2.6.3)
Requirement already satisfied: certifi>=2017.4.17 in /home/ganeshiny.sridharan/miniconda3/envs/dgg_sota_tf/lib/python3.9/site-packages (from requests<3,>=2.21.0->tensorboard<2.14,>=2.13->tensorflow==2.13.0) (2026.6.17)
Requirement already satisfied: python-dateutil>=2.8.2 in /home/ganeshiny.sridharan/miniconda3/envs/dgg_sota_tf/lib/python3.9/site-packages (from pandas) (2.9.0.post0)
Requirement already satisfied: pytz>=2020.1 in /home/ganeshiny.sridharan/miniconda3/envs/dgg_sota_tf/lib/python3.9/site-packages (from pandas) (2026.2)
Requirement already satisfied: tzdata>=2022.7 in /home/ganeshiny.sridharan/miniconda3/envs/dgg_sota_tf/lib/python3.9/site-packages (from pandas) (2026.2)
Requirement already satisfied: scipy>=1.6.0 in /home/ganeshiny.sridharan/miniconda3/envs/dgg_sota_tf/lib/python3.9/site-packages (from scikit-learn) (1.13.1)
Requirement already satisfied: joblib>=1.2.0 in /home/ganeshiny.sridharan/miniconda3/envs/dgg_sota_tf/lib/python3.9/site-packages (from scikit-learn) (1.5.3)
Requirement already satisfied: threadpoolctl>=3.1.0 in /home/ganeshiny.sridharan/miniconda3/envs/dgg_sota_tf/lib/python3.9/site-packages (from scikit-learn) (3.6.0)
Requirement already satisfied: cffi>=1.14 in /home/ganeshiny.sridharan/miniconda3/envs/dgg_sota_tf/lib/python3.9/site-packages (from cryptography>=38.0.3->google-auth<3,>=1.6.3->tensorboard<2.14,>=2.13->tensorflow==2.13.0) (2.0.0)
Requirement already satisfied: pycparser in /home/ganeshiny.sridharan/miniconda3/envs/dgg_sota_tf/lib/python3.9/site-packages (from cffi>=1.14->cryptography>=38.0.3->google-auth<3,>=1.6.3->tensorboard<2.14,>=2.13->tensorflow==2.13.0) (2.23)
Requirement already satisfied: importlib-metadata>=4.4 in /home/ganeshiny.sridharan/miniconda3/envs/dgg_sota_tf/lib/python3.9/site-packages (from markdown>=2.6.8->tensorboard<2.14,>=2.13->tensorflow==2.13.0) (8.7.1)
Requirement already satisfied: zipp>=3.20 in /home/ganeshiny.sridharan/miniconda3/envs/dgg_sota_tf/lib/python3.9/site-packages (from importlib-metadata>=4.4->markdown>=2.6.8->tensorboard<2.14,>=2.13->tensorflow==2.13.0) (3.23.1)
Requirement already satisfied: pyasn1<0.7.0,>=0.6.1 in /home/ganeshiny.sridharan/miniconda3/envs/dgg_sota_tf/lib/python3.9/site-packages (from pyasn1-modules>=0.2.1->google-auth<3,>=1.6.3->tensorboard<2.14,>=2.13->tensorflow==2.13.0) (0.6.3)
Requirement already satisfied: oauthlib>=3.0.0 in /home/ganeshiny.sridharan/miniconda3/envs/dgg_sota_tf/lib/python3.9/site-packages (from requests-oauthlib>=0.7.0->google-auth-oauthlib<1.1,>=0.5->tensorboard<2.14,>=2.13->tensorflow==2.13.0) (3.3.1)
Requirement already satisfied: markupsafe>=2.1.1 in /home/ganeshiny.sridharan/miniconda3/envs/dgg_sota_tf/lib/python3.9/site-packages (from werkzeug>=1.0.1->tensorboard<2.14,>=2.13->tensorflow==2.13.0) (3.0.3)
2. Setting up DPFunc & TransFun Environment (PyTorch) -> dgg_sota_torch
  Environment dgg_sota_torch exists.
