Threshold: 40% identity / 80% coverage
Tuning root: /home/ganeshiny.sridharan/dgg/deep-green-GO/arc_tuning_threshold_40
{
  "schema_version": 1,
  "description": "40% sequence-identity split with 0.80 coverage",
  "threshold_percent": 40,
  "coverage": 0.8,
  "split_counts": {
    "train": 6026,
    "valid": 754,
    "test": 754
  },
  "source_split_dir": "/home/ganeshiny.sridharan/dgg/deep-green-GO/preprocessing/data_arc_rebuild_2026_07_14/pdb_splits/threshold_40",
  "dataset_dir": "/home/ganeshiny.sridharan/dgg/deep-green-GO/arc_tuning_threshold_40/datasets",
  "graph_dir": "/home/ganeshiny.sridharan/dgg/deep-green-GO/arc_tuning/graphs_protbert",
  "ontologies": {
    "molecular_function": {
      "label_dimension": 1052,
      "train_positive_terms": 925
    },
    "biological_process": {
      "label_dimension": 2193,
      "train_positive_terms": 2023
    },
    "cellular_component": {
      "label_dimension": 318,
      "train_positive_terms": 284
    }
  },
  "tuning_loads": [
    "train",
    "valid"
  ],
  "test_set_policy": "not loaded by tuning; reserved for final evaluation only"
}
Wrote 40 random-search trials to /home/ganeshiny.sridharan/dgg/deep-green-GO/arc_tuning_threshold_40/hybrid_random_trials.jsonl
Threshold 40: trials=44876847 select=44876848 repeats=44876849 test=44876850
