Threshold: 95% identity / 80% coverage
Tuning root: /home/ganeshiny.sridharan/dgg/deep-green-GO/arc_tuning_threshold_95
{
  "schema_version": 1,
  "description": "95% sequence-identity split with 0.80 coverage",
  "threshold_percent": 95,
  "coverage": 0.8,
  "split_counts": {
    "train": 6026,
    "valid": 754,
    "test": 754
  },
  "source_split_dir": "/home/ganeshiny.sridharan/dgg/deep-green-GO/preprocessing/data_arc_rebuild_2026_07_14/pdb_splits/threshold_95",
  "dataset_dir": "/home/ganeshiny.sridharan/dgg/deep-green-GO/arc_tuning_threshold_95/datasets",
  "graph_dir": "/home/ganeshiny.sridharan/dgg/deep-green-GO/arc_tuning/graphs_protbert",
  "ontologies": {
    "molecular_function": {
      "label_dimension": 1052,
      "train_positive_terms": 934
    },
    "biological_process": {
      "label_dimension": 2193,
      "train_positive_terms": 2044
    },
    "cellular_component": {
      "label_dimension": 318,
      "train_positive_terms": 287
    }
  },
  "tuning_loads": [
    "train",
    "valid"
  ],
  "test_set_policy": "not loaded by tuning; reserved for final evaluation only"
}
Wrote 40 random-search trials to /home/ganeshiny.sridharan/dgg/deep-green-GO/arc_tuning_threshold_95/hybrid_random_trials.jsonl
Threshold 95: trials=44876884 select=44876885 repeats=44876886 test=44876887
