========================================================
  Job ID      : 44539110  (array task 12)
  Node        : mgh1
  CPUs        : 8
  Start time  : Wed Jul  8 09:31:23 MDT 2026
  Project dir : /home/ganeshiny.sridharan/dgg/deep-green-GO
========================================================
  Model     : Hybrid
  Ontology  : cellular_component
  Seed      : 44
========================================================
  LR=0.0001  Dropout=0.2  BatchSize=32
  Output dir : /home/ganeshiny.sridharan/dgg/deep-green-GO/runs_5seeds/cc/Hybrid/44
========================================================
Using device: cuda
Loading datasets from preprocessing/data/split_files/datasets.pkl for cellular_component...
Alpha weights not found. Using default FocalLoss (alpha=0.25, gamma=4.0).
Epoch 001 | Loss: 0.0135 | Val MiFmax: 0.1718 | Val MaFmax: 0.1798 | Val Smin: 12.2658
  --> New best model saved!
Epoch 002 | Loss: 0.0114 | Val MiFmax: 0.2639 | Val MaFmax: 0.2073 | Val Smin: 11.2881
  --> New best model saved!
Epoch 003 | Loss: 0.0094 | Val MiFmax: 0.3027 | Val MaFmax: 0.2508 | Val Smin: 10.9899
  --> New best model saved!
Epoch 004 | Loss: 0.0068 | Val MiFmax: 0.3151 | Val MaFmax: 0.2792 | Val Smin: 10.8398
  --> New best model saved!
Epoch 005 | Loss: 0.0045 | Val MiFmax: 0.3718 | Val MaFmax: 0.2801 | Val Smin: 10.3600
  --> New best model saved!
Epoch 006 | Loss: 0.0030 | Val MiFmax: 0.3860 | Val MaFmax: 0.3561 | Val Smin: 10.1450
  --> New best model saved!
Epoch 007 | Loss: 0.0021 | Val MiFmax: 0.4467 | Val MaFmax: 0.3843 | Val Smin: 9.5683
  --> New best model saved!
Epoch 008 | Loss: 0.0016 | Val MiFmax: 0.4714 | Val MaFmax: 0.4284 | Val Smin: 9.1493
  --> New best model saved!
Epoch 009 | Loss: 0.0012 | Val MiFmax: 0.5334 | Val MaFmax: 0.4953 | Val Smin: 8.3096
  --> New best model saved!
Epoch 010 | Loss: 0.0010 | Val MiFmax: 0.5661 | Val MaFmax: 0.5137 | Val Smin: 7.7077
  --> New best model saved!
Epoch 011 | Loss: 0.0008 | Val MiFmax: 0.5894 | Val MaFmax: 0.5325 | Val Smin: 7.3769
  --> New best model saved!
Epoch 012 | Loss: 0.0007 | Val MiFmax: 0.5951 | Val MaFmax: 0.5580 | Val Smin: 7.2765
  --> New best model saved!
Epoch 013 | Loss: 0.0006 | Val MiFmax: 0.6180 | Val MaFmax: 0.5876 | Val Smin: 6.9195
  --> New best model saved!
Epoch 014 | Loss: 0.0005 | Val MiFmax: 0.6353 | Val MaFmax: 0.6063 | Val Smin: 6.6857
  --> New best model saved!
Epoch 015 | Loss: 0.0004 | Val MiFmax: 0.6378 | Val MaFmax: 0.6057 | Val Smin: 6.5152
Epoch 016 | Loss: 0.0004 | Val MiFmax: 0.6322 | Val MaFmax: 0.6077 | Val Smin: 6.6310
  --> New best model saved!
Epoch 017 | Loss: 0.0003 | Val MiFmax: 0.6488 | Val MaFmax: 0.6380 | Val Smin: 6.4047
  --> New best model saved!
Epoch 018 | Loss: 0.0003 | Val MiFmax: 0.6470 | Val MaFmax: 0.6418 | Val Smin: 6.3091
  --> New best model saved!
Epoch 019 | Loss: 0.0003 | Val MiFmax: 0.6605 | Val MaFmax: 0.6387 | Val Smin: 6.1541
Epoch 020 | Loss: 0.0002 | Val MiFmax: 0.6512 | Val MaFmax: 0.6481 | Val Smin: 6.2895
  --> New best model saved!
Epoch 021 | Loss: 0.0002 | Val MiFmax: 0.6686 | Val MaFmax: 0.6526 | Val Smin: 6.0215
  --> New best model saved!
Epoch 022 | Loss: 0.0002 | Val MiFmax: 0.6817 | Val MaFmax: 0.6388 | Val Smin: 5.8873
Epoch 023 | Loss: 0.0002 | Val MiFmax: 0.6660 | Val MaFmax: 0.6768 | Val Smin: 6.0801
  --> New best model saved!
Epoch 024 | Loss: 0.0002 | Val MiFmax: 0.6681 | Val MaFmax: 0.6472 | Val Smin: 6.1134
Epoch 025 | Loss: 0.0002 | Val MiFmax: 0.6782 | Val MaFmax: 0.6622 | Val Smin: 5.9333
Epoch 026 | Loss: 0.0001 | Val MiFmax: 0.6897 | Val MaFmax: 0.6774 | Val Smin: 5.6977
  --> New best model saved!
Epoch 027 | Loss: 0.0001 | Val MiFmax: 0.6796 | Val MaFmax: 0.6506 | Val Smin: 5.9214
Epoch 028 | Loss: 0.0001 | Val MiFmax: 0.6590 | Val MaFmax: 0.6392 | Val Smin: 6.2226
Epoch 029 | Loss: 0.0001 | Val MiFmax: 0.6608 | Val MaFmax: 0.6694 | Val Smin: 6.1436
Epoch 030 | Loss: 0.0001 | Val MiFmax: 0.6745 | Val MaFmax: 0.6774 | Val Smin: 5.9704
  --> New best model saved!
Epoch 031 | Loss: 0.0001 | Val MiFmax: 0.6788 | Val MaFmax: 0.6709 | Val Smin: 5.9361
Epoch 032 | Loss: 0.0001 | Val MiFmax: 0.6764 | Val MaFmax: 0.6644 | Val Smin: 5.9596
Epoch 033 | Loss: 0.0001 | Val MiFmax: 0.6759 | Val MaFmax: 0.6635 | Val Smin: 5.9069
Epoch 034 | Loss: 0.0001 | Val MiFmax: 0.6714 | Val MaFmax: 0.6637 | Val Smin: 5.9243
Epoch 035 | Loss: 0.0001 | Val MiFmax: 0.6773 | Val MaFmax: 0.6663 | Val Smin: 5.9223
Epoch 036 | Loss: 0.0001 | Val MiFmax: 0.6735 | Val MaFmax: 0.6595 | Val Smin: 5.9894
Epoch 037 | Loss: 0.0001 | Val MiFmax: 0.6810 | Val MaFmax: 0.6777 | Val Smin: 5.8207
  --> New best model saved!
Epoch 038 | Loss: 0.0001 | Val MiFmax: 0.6802 | Val MaFmax: 0.6745 | Val Smin: 5.8608
Epoch 039 | Loss: 0.0001 | Val MiFmax: 0.6788 | Val MaFmax: 0.6837 | Val Smin: 5.8392
  --> New best model saved!
Epoch 040 | Loss: 0.0000 | Val MiFmax: 0.6841 | Val MaFmax: 0.6780 | Val Smin: 5.7956
Epoch 041 | Loss: 0.0000 | Val MiFmax: 0.6914 | Val MaFmax: 0.6821 | Val Smin: 5.6288
Epoch 042 | Loss: 0.0000 | Val MiFmax: 0.6781 | Val MaFmax: 0.6786 | Val Smin: 5.8513
Epoch 043 | Loss: 0.0000 | Val MiFmax: 0.6855 | Val MaFmax: 0.6791 | Val Smin: 5.7479
Epoch 044 | Loss: 0.0000 | Val MiFmax: 0.6905 | Val MaFmax: 0.6797 | Val Smin: 5.6415
Epoch 045 | Loss: 0.0000 | Val MiFmax: 0.6836 | Val MaFmax: 0.6764 | Val Smin: 5.7682
Epoch 046 | Loss: 0.0000 | Val MiFmax: 0.6936 | Val MaFmax: 0.6733 | Val Smin: 5.6297
Epoch 047 | Loss: 0.0000 | Val MiFmax: 0.6928 | Val MaFmax: 0.6780 | Val Smin: 5.6488
Epoch 048 | Loss: 0.0000 | Val MiFmax: 0.6905 | Val MaFmax: 0.6787 | Val Smin: 5.6905
Epoch 049 | Loss: 0.0000 | Val MiFmax: 0.6845 | Val MaFmax: 0.6806 | Val Smin: 5.7568
Epoch 050 | Loss: 0.0000 | Val MiFmax: 0.6894 | Val MaFmax: 0.6749 | Val Smin: 5.6764
Epoch 051 | Loss: 0.0000 | Val MiFmax: 0.6922 | Val MaFmax: 0.6742 | Val Smin: 5.6415
Epoch 052 | Loss: 0.0000 | Val MiFmax: 0.6925 | Val MaFmax: 0.6748 | Val Smin: 5.6352
Epoch 053 | Loss: 0.0000 | Val MiFmax: 0.6906 | Val MaFmax: 0.6784 | Val Smin: 5.6669
Epoch 054 | Loss: 0.0000 | Val MiFmax: 0.6948 | Val MaFmax: 0.6802 | Val Smin: 5.5905
Epoch 055 | Loss: 0.0000 | Val MiFmax: 0.6873 | Val MaFmax: 0.6750 | Val Smin: 5.7045
Epoch 056 | Loss: 0.0000 | Val MiFmax: 0.6873 | Val MaFmax: 0.6786 | Val Smin: 5.6978
Epoch 057 | Loss: 0.0000 | Val MiFmax: 0.6897 | Val MaFmax: 0.6770 | Val Smin: 5.7109
Epoch 058 | Loss: 0.0000 | Val MiFmax: 0.6872 | Val MaFmax: 0.6751 | Val Smin: 5.7097
Epoch 059 | Loss: 0.0000 | Val MiFmax: 0.6908 | Val MaFmax: 0.6780 | Val Smin: 5.6582
Early stopping triggered after 59 epochs.
Training finished. Evaluating on Test Set...

--- TEST METRICS ---
Micro_Fmax: 0.6185
Macro_Fmax: 0.6245
Macro_AUROC: 0.9019
Micro_AUROC: 0.9021
Macro_AUPRC: 0.5677
Micro_AUPRC: 0.6228
Smin: 8.7291
========================================================
  Training finished with exit code: 0
  End time  : Wed Jul  8 11:04:19 MDT 2026
========================================================
