========================================================
  Job ID      : 44540792  (array task 23)
  Node        : mgh3
  CPUs        : 8
  Start time  : Wed Jul  8 13:36:18 MDT 2026
  Project dir : /home/ganeshiny.sridharan/dgg/deep-green-GO
========================================================
  Model     : Hybrid_JK
  Ontology  : molecular_function
  Seed      : 45
========================================================
  LR=0.0005  Dropout=0.2  BatchSize=32
  Output dir : /home/ganeshiny.sridharan/dgg/deep-green-GO/runs_5seeds/mf/Hybrid_JK/45
========================================================
Using device: cuda
Loading datasets from preprocessing/data/split_files/datasets.pkl for molecular_function...
Alpha weights not found. Using default FocalLoss (alpha=0.25, gamma=4.0).
Epoch 001 | Loss: 0.0114 | Val MiFmax: 0.1434 | Val MaFmax: 0.1145 | Val Smin: 30.6744
  --> New best model saved!
Epoch 002 | Loss: 0.0031 | Val MiFmax: 0.2521 | Val MaFmax: 0.1765 | Val Smin: 29.0831
  --> New best model saved!
Epoch 003 | Loss: 0.0013 | Val MiFmax: 0.4811 | Val MaFmax: 0.5299 | Val Smin: 21.7028
  --> New best model saved!
Epoch 004 | Loss: 0.0008 | Val MiFmax: 0.6266 | Val MaFmax: 0.6739 | Val Smin: 16.4873
  --> New best model saved!
Epoch 005 | Loss: 0.0004 | Val MiFmax: 0.7226 | Val MaFmax: 0.7909 | Val Smin: 12.5892
  --> New best model saved!
Epoch 006 | Loss: 0.0003 | Val MiFmax: 0.7741 | Val MaFmax: 0.8228 | Val Smin: 10.5019
  --> New best model saved!
Epoch 007 | Loss: 0.0002 | Val MiFmax: 0.7865 | Val MaFmax: 0.8376 | Val Smin: 10.0126
  --> New best model saved!
Epoch 008 | Loss: 0.0002 | Val MiFmax: 0.8060 | Val MaFmax: 0.8564 | Val Smin: 9.2656
  --> New best model saved!
Epoch 009 | Loss: 0.0001 | Val MiFmax: 0.8101 | Val MaFmax: 0.8654 | Val Smin: 8.8154
  --> New best model saved!
Epoch 010 | Loss: 0.0001 | Val MiFmax: 0.8155 | Val MaFmax: 0.8621 | Val Smin: 8.7894
Epoch 011 | Loss: 0.0001 | Val MiFmax: 0.8168 | Val MaFmax: 0.8650 | Val Smin: 8.6723
Epoch 012 | Loss: 0.0001 | Val MiFmax: 0.8226 | Val MaFmax: 0.8614 | Val Smin: 7.9955
Epoch 013 | Loss: 0.0001 | Val MiFmax: 0.8361 | Val MaFmax: 0.8687 | Val Smin: 7.7870
  --> New best model saved!
Epoch 014 | Loss: 0.0001 | Val MiFmax: 0.8467 | Val MaFmax: 0.8727 | Val Smin: 7.1799
  --> New best model saved!
Epoch 015 | Loss: 0.0000 | Val MiFmax: 0.8377 | Val MaFmax: 0.8783 | Val Smin: 7.7166
  --> New best model saved!
Epoch 016 | Loss: 0.0000 | Val MiFmax: 0.8435 | Val MaFmax: 0.8829 | Val Smin: 7.0767
  --> New best model saved!
Epoch 017 | Loss: 0.0000 | Val MiFmax: 0.8532 | Val MaFmax: 0.8789 | Val Smin: 6.8070
Epoch 018 | Loss: 0.0001 | Val MiFmax: 0.7938 | Val MaFmax: 0.8490 | Val Smin: 9.5435
Epoch 019 | Loss: 0.0001 | Val MiFmax: 0.8062 | Val MaFmax: 0.8500 | Val Smin: 9.0712
Epoch 020 | Loss: 0.0001 | Val MiFmax: 0.8361 | Val MaFmax: 0.8620 | Val Smin: 7.5106
Epoch 021 | Loss: 0.0000 | Val MiFmax: 0.8390 | Val MaFmax: 0.8721 | Val Smin: 7.3028
Epoch 022 | Loss: 0.0000 | Val MiFmax: 0.8474 | Val MaFmax: 0.8724 | Val Smin: 7.0739
Epoch 023 | Loss: 0.0000 | Val MiFmax: 0.8507 | Val MaFmax: 0.8804 | Val Smin: 6.7862
Epoch 024 | Loss: 0.0000 | Val MiFmax: 0.8548 | Val MaFmax: 0.8790 | Val Smin: 6.6809
Epoch 025 | Loss: 0.0000 | Val MiFmax: 0.8509 | Val MaFmax: 0.8773 | Val Smin: 6.8131
Epoch 026 | Loss: 0.0000 | Val MiFmax: 0.8543 | Val MaFmax: 0.8790 | Val Smin: 6.7003
Epoch 027 | Loss: 0.0000 | Val MiFmax: 0.8564 | Val MaFmax: 0.8812 | Val Smin: 6.6262
Epoch 028 | Loss: 0.0000 | Val MiFmax: 0.8536 | Val MaFmax: 0.8820 | Val Smin: 6.6464
Epoch 029 | Loss: 0.0000 | Val MiFmax: 0.8540 | Val MaFmax: 0.8787 | Val Smin: 6.6553
Epoch 030 | Loss: 0.0000 | Val MiFmax: 0.8543 | Val MaFmax: 0.8846 | Val Smin: 6.6696
  --> New best model saved!
Epoch 031 | Loss: 0.0000 | Val MiFmax: 0.8587 | Val MaFmax: 0.8810 | Val Smin: 6.5609
Epoch 032 | Loss: 0.0000 | Val MiFmax: 0.8543 | Val MaFmax: 0.8810 | Val Smin: 6.6177
Epoch 033 | Loss: 0.0000 | Val MiFmax: 0.8593 | Val MaFmax: 0.8836 | Val Smin: 6.4887
Epoch 034 | Loss: 0.0000 | Val MiFmax: 0.8541 | Val MaFmax: 0.8806 | Val Smin: 6.6106
Epoch 035 | Loss: 0.0000 | Val MiFmax: 0.8621 | Val MaFmax: 0.8821 | Val Smin: 6.3947
Epoch 036 | Loss: 0.0000 | Val MiFmax: 0.8570 | Val MaFmax: 0.8846 | Val Smin: 6.5426
Epoch 037 | Loss: 0.0000 | Val MiFmax: 0.8567 | Val MaFmax: 0.8841 | Val Smin: 6.5992
Epoch 038 | Loss: 0.0000 | Val MiFmax: 0.8630 | Val MaFmax: 0.8820 | Val Smin: 6.3797
Epoch 039 | Loss: 0.0000 | Val MiFmax: 0.8595 | Val MaFmax: 0.8809 | Val Smin: 6.4843
Epoch 040 | Loss: 0.0000 | Val MiFmax: 0.8547 | Val MaFmax: 0.8830 | Val Smin: 6.6292
Epoch 041 | Loss: 0.0000 | Val MiFmax: 0.8594 | Val MaFmax: 0.8820 | Val Smin: 6.3988
Epoch 042 | Loss: 0.0000 | Val MiFmax: 0.8589 | Val MaFmax: 0.8825 | Val Smin: 6.4930
Epoch 043 | Loss: 0.0000 | Val MiFmax: 0.8575 | Val MaFmax: 0.8844 | Val Smin: 6.4107
Epoch 044 | Loss: 0.0000 | Val MiFmax: 0.8567 | Val MaFmax: 0.8846 | Val Smin: 6.4684
Epoch 045 | Loss: 0.0000 | Val MiFmax: 0.8585 | Val MaFmax: 0.8831 | Val Smin: 6.3536
Epoch 046 | Loss: 0.0000 | Val MiFmax: 0.8587 | Val MaFmax: 0.8835 | Val Smin: 6.3579
Epoch 047 | Loss: 0.0000 | Val MiFmax: 0.8573 | Val MaFmax: 0.8843 | Val Smin: 6.3828
Epoch 048 | Loss: 0.0000 | Val MiFmax: 0.8587 | Val MaFmax: 0.8831 | Val Smin: 6.3190
Epoch 049 | Loss: 0.0000 | Val MiFmax: 0.8587 | Val MaFmax: 0.8847 | Val Smin: 6.3223
  --> New best model saved!
Epoch 050 | Loss: 0.0000 | Val MiFmax: 0.8591 | Val MaFmax: 0.8824 | Val Smin: 6.3606
Epoch 051 | Loss: 0.0000 | Val MiFmax: 0.8612 | Val MaFmax: 0.8842 | Val Smin: 6.2665
Epoch 052 | Loss: 0.0000 | Val MiFmax: 0.8588 | Val MaFmax: 0.8828 | Val Smin: 6.3356
Epoch 053 | Loss: 0.0000 | Val MiFmax: 0.8608 | Val MaFmax: 0.8832 | Val Smin: 6.2588
Epoch 054 | Loss: 0.0000 | Val MiFmax: 0.8586 | Val MaFmax: 0.8830 | Val Smin: 6.3122
Epoch 055 | Loss: 0.0000 | Val MiFmax: 0.8593 | Val MaFmax: 0.8835 | Val Smin: 6.3375
Epoch 056 | Loss: 0.0000 | Val MiFmax: 0.8607 | Val MaFmax: 0.8837 | Val Smin: 6.2783
Epoch 057 | Loss: 0.0000 | Val MiFmax: 0.8580 | Val MaFmax: 0.8840 | Val Smin: 6.3975
Epoch 058 | Loss: 0.0000 | Val MiFmax: 0.8620 | Val MaFmax: 0.8817 | Val Smin: 6.2808
Epoch 059 | Loss: 0.0000 | Val MiFmax: 0.8609 | Val MaFmax: 0.8832 | Val Smin: 6.2787
Epoch 060 | Loss: 0.0000 | Val MiFmax: 0.8605 | Val MaFmax: 0.8836 | Val Smin: 6.2757
Epoch 061 | Loss: 0.0000 | Val MiFmax: 0.8577 | Val MaFmax: 0.8837 | Val Smin: 6.3117
Epoch 062 | Loss: 0.0000 | Val MiFmax: 0.8598 | Val MaFmax: 0.8815 | Val Smin: 6.2940
Epoch 063 | Loss: 0.0000 | Val MiFmax: 0.8598 | Val MaFmax: 0.8834 | Val Smin: 6.2805
Epoch 064 | Loss: 0.0000 | Val MiFmax: 0.8589 | Val MaFmax: 0.8847 | Val Smin: 6.2990
  --> New best model saved!
Epoch 065 | Loss: 0.0000 | Val MiFmax: 0.8598 | Val MaFmax: 0.8837 | Val Smin: 6.3065
Epoch 066 | Loss: 0.0000 | Val MiFmax: 0.8597 | Val MaFmax: 0.8832 | Val Smin: 6.2549
Epoch 067 | Loss: 0.0000 | Val MiFmax: 0.8609 | Val MaFmax: 0.8844 | Val Smin: 6.2521
Epoch 068 | Loss: 0.0000 | Val MiFmax: 0.8604 | Val MaFmax: 0.8827 | Val Smin: 6.2827
Epoch 069 | Loss: 0.0000 | Val MiFmax: 0.8600 | Val MaFmax: 0.8833 | Val Smin: 6.2714
Epoch 070 | Loss: 0.0000 | Val MiFmax: 0.8600 | Val MaFmax: 0.8833 | Val Smin: 6.2563
Epoch 071 | Loss: 0.0000 | Val MiFmax: 0.8615 | Val MaFmax: 0.8828 | Val Smin: 6.2465
Epoch 072 | Loss: 0.0000 | Val MiFmax: 0.8608 | Val MaFmax: 0.8840 | Val Smin: 6.2798
Epoch 073 | Loss: 0.0000 | Val MiFmax: 0.8604 | Val MaFmax: 0.8820 | Val Smin: 6.3006
Epoch 074 | Loss: 0.0000 | Val MiFmax: 0.8594 | Val MaFmax: 0.8827 | Val Smin: 6.3363
Epoch 075 | Loss: 0.0000 | Val MiFmax: 0.8595 | Val MaFmax: 0.8821 | Val Smin: 6.2794
Epoch 076 | Loss: 0.0000 | Val MiFmax: 0.8605 | Val MaFmax: 0.8819 | Val Smin: 6.2583
Epoch 077 | Loss: 0.0000 | Val MiFmax: 0.8606 | Val MaFmax: 0.8840 | Val Smin: 6.2536
Epoch 078 | Loss: 0.0000 | Val MiFmax: 0.8597 | Val MaFmax: 0.8811 | Val Smin: 6.2696
Epoch 079 | Loss: 0.0000 | Val MiFmax: 0.8606 | Val MaFmax: 0.8837 | Val Smin: 6.3096
Epoch 080 | Loss: 0.0000 | Val MiFmax: 0.8619 | Val MaFmax: 0.8821 | Val Smin: 6.2942
Epoch 081 | Loss: 0.0000 | Val MiFmax: 0.8592 | Val MaFmax: 0.8834 | Val Smin: 6.3152
Epoch 082 | Loss: 0.0000 | Val MiFmax: 0.8622 | Val MaFmax: 0.8824 | Val Smin: 6.2050
Epoch 083 | Loss: 0.0000 | Val MiFmax: 0.8608 | Val MaFmax: 0.8834 | Val Smin: 6.2835
Epoch 084 | Loss: 0.0000 | Val MiFmax: 0.8614 | Val MaFmax: 0.8828 | Val Smin: 6.2554
Early stopping triggered after 84 epochs.
Training finished. Evaluating on Test Set...

--- TEST METRICS ---
Micro_Fmax: 0.8069
Macro_Fmax: 0.8420
Macro_AUROC: 0.9547
Micro_AUROC: 0.9424
Macro_AUPRC: 0.8208
Micro_AUPRC: 0.8270
Smin: 9.7965
========================================================
  Training finished with exit code: 0
  End time  : Wed Jul  8 15:03:18 MDT 2026
========================================================
