========================================================
  Job ID      : 44540904  (array task 25)
  Node        : mgh1
  CPUs        : 8
  Start time  : Wed Jul  8 14:08:26 MDT 2026
  Project dir : /home/ganeshiny.sridharan/dgg/deep-green-GO
========================================================
  Model     : Hybrid_JK
  Ontology  : cellular_component
  Seed      : 42
========================================================
  LR=0.0001  Dropout=0.3  BatchSize=32
  Output dir : /home/ganeshiny.sridharan/dgg/deep-green-GO/runs_5seeds/cc/Hybrid_JK/42
========================================================
Using device: cuda
Loading datasets from preprocessing/data/split_files/datasets.pkl for cellular_component...
Alpha weights not found. Using default FocalLoss (alpha=0.25, gamma=4.0).
Epoch 001 | Loss: 0.0153 | Val MiFmax: 0.1553 | Val MaFmax: 0.1829 | Val Smin: 12.3358
  --> New best model saved!
Epoch 002 | Loss: 0.0130 | Val MiFmax: 0.2568 | Val MaFmax: 0.2228 | Val Smin: 11.3722
  --> New best model saved!
Epoch 003 | Loss: 0.0109 | Val MiFmax: 0.2736 | Val MaFmax: 0.2485 | Val Smin: 11.3066
  --> New best model saved!
Epoch 004 | Loss: 0.0084 | Val MiFmax: 0.3221 | Val MaFmax: 0.2664 | Val Smin: 10.8480
  --> New best model saved!
Epoch 005 | Loss: 0.0058 | Val MiFmax: 0.3787 | Val MaFmax: 0.2930 | Val Smin: 10.4035
  --> New best model saved!
Epoch 006 | Loss: 0.0040 | Val MiFmax: 0.4166 | Val MaFmax: 0.3343 | Val Smin: 10.0505
  --> New best model saved!
Epoch 007 | Loss: 0.0028 | Val MiFmax: 0.4449 | Val MaFmax: 0.3918 | Val Smin: 9.6463
  --> New best model saved!
Epoch 008 | Loss: 0.0021 | Val MiFmax: 0.4699 | Val MaFmax: 0.4208 | Val Smin: 9.2563
  --> New best model saved!
Epoch 009 | Loss: 0.0016 | Val MiFmax: 0.4906 | Val MaFmax: 0.4236 | Val Smin: 8.7845
  --> New best model saved!
Epoch 010 | Loss: 0.0013 | Val MiFmax: 0.5324 | Val MaFmax: 0.4903 | Val Smin: 8.2911
  --> New best model saved!
Epoch 011 | Loss: 0.0011 | Val MiFmax: 0.5669 | Val MaFmax: 0.5185 | Val Smin: 7.6867
  --> New best model saved!
Epoch 012 | Loss: 0.0009 | Val MiFmax: 0.5736 | Val MaFmax: 0.5291 | Val Smin: 7.6738
  --> New best model saved!
Epoch 013 | Loss: 0.0008 | Val MiFmax: 0.5838 | Val MaFmax: 0.5362 | Val Smin: 7.4291
  --> New best model saved!
Epoch 014 | Loss: 0.0007 | Val MiFmax: 0.6022 | Val MaFmax: 0.5427 | Val Smin: 7.2106
  --> New best model saved!
Epoch 015 | Loss: 0.0006 | Val MiFmax: 0.6225 | Val MaFmax: 0.5556 | Val Smin: 6.7590
  --> New best model saved!
Epoch 016 | Loss: 0.0006 | Val MiFmax: 0.6165 | Val MaFmax: 0.6008 | Val Smin: 6.9210
  --> New best model saved!
Epoch 017 | Loss: 0.0005 | Val MiFmax: 0.6331 | Val MaFmax: 0.5722 | Val Smin: 6.6906
Epoch 018 | Loss: 0.0004 | Val MiFmax: 0.6300 | Val MaFmax: 0.6189 | Val Smin: 6.6444
  --> New best model saved!
Epoch 019 | Loss: 0.0004 | Val MiFmax: 0.6548 | Val MaFmax: 0.6191 | Val Smin: 6.2696
  --> New best model saved!
Epoch 020 | Loss: 0.0004 | Val MiFmax: 0.6701 | Val MaFmax: 0.6642 | Val Smin: 6.0794
  --> New best model saved!
Epoch 021 | Loss: 0.0003 | Val MiFmax: 0.6568 | Val MaFmax: 0.6220 | Val Smin: 6.2937
Epoch 022 | Loss: 0.0003 | Val MiFmax: 0.6664 | Val MaFmax: 0.6390 | Val Smin: 6.0816
Epoch 023 | Loss: 0.0003 | Val MiFmax: 0.6592 | Val MaFmax: 0.6210 | Val Smin: 6.2327
Epoch 024 | Loss: 0.0003 | Val MiFmax: 0.6663 | Val MaFmax: 0.6613 | Val Smin: 6.0900
Epoch 025 | Loss: 0.0002 | Val MiFmax: 0.6655 | Val MaFmax: 0.6352 | Val Smin: 6.2223
Epoch 026 | Loss: 0.0002 | Val MiFmax: 0.6815 | Val MaFmax: 0.6695 | Val Smin: 5.8059
  --> New best model saved!
Epoch 027 | Loss: 0.0002 | Val MiFmax: 0.6949 | Val MaFmax: 0.6825 | Val Smin: 5.6325
  --> New best model saved!
Epoch 028 | Loss: 0.0002 | Val MiFmax: 0.6762 | Val MaFmax: 0.6524 | Val Smin: 5.9354
Epoch 029 | Loss: 0.0002 | Val MiFmax: 0.6820 | Val MaFmax: 0.6681 | Val Smin: 5.8195
Epoch 030 | Loss: 0.0002 | Val MiFmax: 0.6934 | Val MaFmax: 0.6842 | Val Smin: 5.6997
  --> New best model saved!
Epoch 031 | Loss: 0.0002 | Val MiFmax: 0.6759 | Val MaFmax: 0.6721 | Val Smin: 5.9671
Epoch 032 | Loss: 0.0002 | Val MiFmax: 0.6849 | Val MaFmax: 0.6903 | Val Smin: 5.7905
  --> New best model saved!
Epoch 033 | Loss: 0.0001 | Val MiFmax: 0.6855 | Val MaFmax: 0.6686 | Val Smin: 5.8659
Epoch 034 | Loss: 0.0002 | Val MiFmax: 0.6878 | Val MaFmax: 0.6704 | Val Smin: 5.7490
Epoch 035 | Loss: 0.0001 | Val MiFmax: 0.6979 | Val MaFmax: 0.6820 | Val Smin: 5.6200
Epoch 036 | Loss: 0.0001 | Val MiFmax: 0.7050 | Val MaFmax: 0.6941 | Val Smin: 5.4211
  --> New best model saved!
Epoch 037 | Loss: 0.0001 | Val MiFmax: 0.7087 | Val MaFmax: 0.6871 | Val Smin: 5.4715
Epoch 038 | Loss: 0.0001 | Val MiFmax: 0.6956 | Val MaFmax: 0.6787 | Val Smin: 5.7316
Epoch 039 | Loss: 0.0001 | Val MiFmax: 0.6878 | Val MaFmax: 0.6698 | Val Smin: 5.7446
Epoch 040 | Loss: 0.0001 | Val MiFmax: 0.6908 | Val MaFmax: 0.6836 | Val Smin: 5.7087
Epoch 041 | Loss: 0.0001 | Val MiFmax: 0.6997 | Val MaFmax: 0.6908 | Val Smin: 5.5467
Epoch 042 | Loss: 0.0001 | Val MiFmax: 0.7048 | Val MaFmax: 0.6889 | Val Smin: 5.4710
Epoch 043 | Loss: 0.0001 | Val MiFmax: 0.7069 | Val MaFmax: 0.6944 | Val Smin: 5.4416
  --> New best model saved!
Epoch 044 | Loss: 0.0001 | Val MiFmax: 0.6999 | Val MaFmax: 0.6820 | Val Smin: 5.5601
Epoch 045 | Loss: 0.0001 | Val MiFmax: 0.7030 | Val MaFmax: 0.6788 | Val Smin: 5.5609
Epoch 046 | Loss: 0.0001 | Val MiFmax: 0.7017 | Val MaFmax: 0.6832 | Val Smin: 5.5473
Epoch 047 | Loss: 0.0001 | Val MiFmax: 0.7060 | Val MaFmax: 0.6905 | Val Smin: 5.4578
Epoch 048 | Loss: 0.0001 | Val MiFmax: 0.7056 | Val MaFmax: 0.6852 | Val Smin: 5.4573
Epoch 049 | Loss: 0.0001 | Val MiFmax: 0.6985 | Val MaFmax: 0.6781 | Val Smin: 5.5499
Epoch 050 | Loss: 0.0000 | Val MiFmax: 0.7053 | Val MaFmax: 0.6877 | Val Smin: 5.4504
Epoch 051 | Loss: 0.0000 | Val MiFmax: 0.7060 | Val MaFmax: 0.6834 | Val Smin: 5.4422
Epoch 052 | Loss: 0.0000 | Val MiFmax: 0.7040 | Val MaFmax: 0.6894 | Val Smin: 5.4954
Epoch 053 | Loss: 0.0000 | Val MiFmax: 0.7035 | Val MaFmax: 0.6891 | Val Smin: 5.4724
Epoch 054 | Loss: 0.0000 | Val MiFmax: 0.7016 | Val MaFmax: 0.6865 | Val Smin: 5.5467
Epoch 055 | Loss: 0.0000 | Val MiFmax: 0.7050 | Val MaFmax: 0.6923 | Val Smin: 5.4230
Epoch 056 | Loss: 0.0000 | Val MiFmax: 0.7035 | Val MaFmax: 0.6920 | Val Smin: 5.4890
Epoch 057 | Loss: 0.0000 | Val MiFmax: 0.7025 | Val MaFmax: 0.6907 | Val Smin: 5.5159
Epoch 058 | Loss: 0.0000 | Val MiFmax: 0.7033 | Val MaFmax: 0.6896 | Val Smin: 5.4708
Epoch 059 | Loss: 0.0000 | Val MiFmax: 0.7039 | Val MaFmax: 0.6894 | Val Smin: 5.4804
Epoch 060 | Loss: 0.0000 | Val MiFmax: 0.7053 | Val MaFmax: 0.6889 | Val Smin: 5.4623
Epoch 061 | Loss: 0.0000 | Val MiFmax: 0.7027 | Val MaFmax: 0.6904 | Val Smin: 5.4950
Epoch 062 | Loss: 0.0000 | Val MiFmax: 0.7071 | Val MaFmax: 0.6906 | Val Smin: 5.4488
Epoch 063 | Loss: 0.0000 | Val MiFmax: 0.7067 | Val MaFmax: 0.6935 | Val Smin: 5.4445
Early stopping triggered after 63 epochs.
Training finished. Evaluating on Test Set...

--- TEST METRICS ---
Micro_Fmax: 0.5835
Macro_Fmax: 0.6171
Macro_AUROC: 0.8701
Micro_AUROC: 0.8435
Macro_AUPRC: 0.5558
Micro_AUPRC: 0.5675
Smin: 9.4165
========================================================
  Training finished with exit code: 0
  End time  : Wed Jul  8 15:24:16 MDT 2026
========================================================
