========================================================
  Job ID      : 44538613  (array task 9)
  Node        : mgh3
  CPUs        : 8
  Start time  : Wed Jul  8 08:38:20 MDT 2026
  Project dir : /home/ganeshiny.sridharan/dgg/deep-green-GO
========================================================
  Model     : Hybrid
  Ontology  : molecular_function
  Seed      : 46
========================================================
  LR=0.0005  Dropout=0.3  BatchSize=32
  Output dir : /home/ganeshiny.sridharan/dgg/deep-green-GO/runs_5seeds/mf/Hybrid/46
========================================================
Using device: cuda
Loading datasets from preprocessing/data/split_files/datasets.pkl for molecular_function...
Alpha weights not found. Using default FocalLoss (alpha=0.25, gamma=4.0).
Epoch 001 | Loss: 0.0125 | Val MiFmax: 0.0710 | Val MaFmax: 0.1604 | Val Smin: 31.1029
  --> New best model saved!
Epoch 002 | Loss: 0.0035 | Val MiFmax: 0.3293 | Val MaFmax: 0.4076 | Val Smin: 25.9205
  --> New best model saved!
Epoch 003 | Loss: 0.0011 | Val MiFmax: 0.4336 | Val MaFmax: 0.6274 | Val Smin: 22.1062
  --> New best model saved!
Epoch 004 | Loss: 0.0007 | Val MiFmax: 0.4964 | Val MaFmax: 0.7281 | Val Smin: 21.6276
  --> New best model saved!
Epoch 005 | Loss: 0.0005 | Val MiFmax: 0.6165 | Val MaFmax: 0.7762 | Val Smin: 16.9125
  --> New best model saved!
Epoch 006 | Loss: 0.0003 | Val MiFmax: 0.6229 | Val MaFmax: 0.8201 | Val Smin: 16.8880
  --> New best model saved!
Epoch 007 | Loss: 0.0003 | Val MiFmax: 0.4400 | Val MaFmax: 0.8117 | Val Smin: 101.6575
Epoch 008 | Loss: 0.0003 | Val MiFmax: 0.7339 | Val MaFmax: 0.8313 | Val Smin: 11.8052
  --> New best model saved!
Epoch 009 | Loss: 0.0002 | Val MiFmax: 0.7423 | Val MaFmax: 0.8512 | Val Smin: 11.4547
  --> New best model saved!
Epoch 010 | Loss: 0.0002 | Val MiFmax: 0.7321 | Val MaFmax: 0.8598 | Val Smin: 11.8079
  --> New best model saved!
Epoch 011 | Loss: 0.0002 | Val MiFmax: 0.7579 | Val MaFmax: 0.8578 | Val Smin: 10.9134
Epoch 012 | Loss: 0.0001 | Val MiFmax: 0.7875 | Val MaFmax: 0.8679 | Val Smin: 9.6113
  --> New best model saved!
Epoch 013 | Loss: 0.0001 | Val MiFmax: 0.8014 | Val MaFmax: 0.8796 | Val Smin: 9.1780
  --> New best model saved!
Epoch 014 | Loss: 0.0001 | Val MiFmax: 0.8028 | Val MaFmax: 0.8756 | Val Smin: 9.2381
Epoch 015 | Loss: 0.0001 | Val MiFmax: 0.7967 | Val MaFmax: 0.8781 | Val Smin: 9.2369
Epoch 016 | Loss: 0.0001 | Val MiFmax: 0.7168 | Val MaFmax: 0.8668 | Val Smin: 11.8991
Epoch 017 | Loss: 0.0001 | Val MiFmax: 0.7640 | Val MaFmax: 0.8795 | Val Smin: 10.3459
Epoch 018 | Loss: 0.0001 | Val MiFmax: 0.7507 | Val MaFmax: 0.8787 | Val Smin: 10.6117
Epoch 019 | Loss: 0.0001 | Val MiFmax: 0.8159 | Val MaFmax: 0.8820 | Val Smin: 8.4053
  --> New best model saved!
Epoch 020 | Loss: 0.0001 | Val MiFmax: 0.7661 | Val MaFmax: 0.8866 | Val Smin: 10.1659
  --> New best model saved!
Epoch 021 | Loss: 0.0001 | Val MiFmax: 0.7886 | Val MaFmax: 0.8911 | Val Smin: 9.5483
  --> New best model saved!
Epoch 022 | Loss: 0.0001 | Val MiFmax: 0.8240 | Val MaFmax: 0.8941 | Val Smin: 8.2092
  --> New best model saved!
Epoch 023 | Loss: 0.0001 | Val MiFmax: 0.7859 | Val MaFmax: 0.8927 | Val Smin: 9.4816
Epoch 024 | Loss: 0.0001 | Val MiFmax: 0.8064 | Val MaFmax: 0.8912 | Val Smin: 8.8092
Epoch 025 | Loss: 0.0001 | Val MiFmax: 0.7868 | Val MaFmax: 0.8878 | Val Smin: 9.2031
Epoch 026 | Loss: 0.0001 | Val MiFmax: 0.7963 | Val MaFmax: 0.8905 | Val Smin: 8.9996
Epoch 027 | Loss: 0.0000 | Val MiFmax: 0.8246 | Val MaFmax: 0.8973 | Val Smin: 7.9125
  --> New best model saved!
Epoch 028 | Loss: 0.0001 | Val MiFmax: 0.7368 | Val MaFmax: 0.8859 | Val Smin: 10.9154
Epoch 029 | Loss: 0.0001 | Val MiFmax: 0.7149 | Val MaFmax: 0.8844 | Val Smin: 12.9184
Epoch 030 | Loss: 0.0001 | Val MiFmax: 0.7961 | Val MaFmax: 0.8962 | Val Smin: 8.9674
Epoch 031 | Loss: 0.0001 | Val MiFmax: 0.7792 | Val MaFmax: 0.8907 | Val Smin: 9.5250
Epoch 032 | Loss: 0.0000 | Val MiFmax: 0.8268 | Val MaFmax: 0.8903 | Val Smin: 7.9713
Epoch 033 | Loss: 0.0000 | Val MiFmax: 0.8429 | Val MaFmax: 0.9045 | Val Smin: 7.0901
  --> New best model saved!
Epoch 034 | Loss: 0.0000 | Val MiFmax: 0.8469 | Val MaFmax: 0.8950 | Val Smin: 7.0951
Epoch 035 | Loss: 0.0000 | Val MiFmax: 0.8265 | Val MaFmax: 0.8965 | Val Smin: 7.5515
Epoch 036 | Loss: 0.0000 | Val MiFmax: 0.7796 | Val MaFmax: 0.8877 | Val Smin: 10.0648
Epoch 037 | Loss: 0.0001 | Val MiFmax: 0.6885 | Val MaFmax: 0.8608 | Val Smin: 27.9669
Epoch 038 | Loss: 0.0001 | Val MiFmax: 0.7293 | Val MaFmax: 0.8795 | Val Smin: 11.2598
Epoch 039 | Loss: 0.0001 | Val MiFmax: 0.6573 | Val MaFmax: 0.8888 | Val Smin: 14.3859
Epoch 040 | Loss: 0.0000 | Val MiFmax: 0.8519 | Val MaFmax: 0.8984 | Val Smin: 6.5035
Epoch 041 | Loss: 0.0000 | Val MiFmax: 0.8641 | Val MaFmax: 0.9032 | Val Smin: 6.0907
Epoch 042 | Loss: 0.0000 | Val MiFmax: 0.8526 | Val MaFmax: 0.9031 | Val Smin: 6.4952
Epoch 043 | Loss: 0.0000 | Val MiFmax: 0.8583 | Val MaFmax: 0.9018 | Val Smin: 6.2467
Epoch 044 | Loss: 0.0000 | Val MiFmax: 0.8646 | Val MaFmax: 0.9036 | Val Smin: 6.0380
Epoch 045 | Loss: 0.0000 | Val MiFmax: 0.8603 | Val MaFmax: 0.9043 | Val Smin: 6.2498
Epoch 046 | Loss: 0.0000 | Val MiFmax: 0.8626 | Val MaFmax: 0.9023 | Val Smin: 6.0203
Epoch 047 | Loss: 0.0000 | Val MiFmax: 0.8636 | Val MaFmax: 0.9041 | Val Smin: 5.9702
Epoch 048 | Loss: 0.0000 | Val MiFmax: 0.8637 | Val MaFmax: 0.9038 | Val Smin: 6.0379
Epoch 049 | Loss: 0.0000 | Val MiFmax: 0.8630 | Val MaFmax: 0.9045 | Val Smin: 6.1911
  --> New best model saved!
Epoch 050 | Loss: 0.0000 | Val MiFmax: 0.8619 | Val MaFmax: 0.9043 | Val Smin: 6.1537
Epoch 051 | Loss: 0.0000 | Val MiFmax: 0.8657 | Val MaFmax: 0.9015 | Val Smin: 5.9852
Epoch 052 | Loss: 0.0000 | Val MiFmax: 0.8633 | Val MaFmax: 0.9030 | Val Smin: 6.0957
Epoch 053 | Loss: 0.0000 | Val MiFmax: 0.8651 | Val MaFmax: 0.9028 | Val Smin: 6.0088
Epoch 054 | Loss: 0.0000 | Val MiFmax: 0.8647 | Val MaFmax: 0.9023 | Val Smin: 6.0574
Epoch 055 | Loss: 0.0000 | Val MiFmax: 0.8646 | Val MaFmax: 0.9029 | Val Smin: 5.9889
Epoch 056 | Loss: 0.0000 | Val MiFmax: 0.8668 | Val MaFmax: 0.9030 | Val Smin: 5.9860
Epoch 057 | Loss: 0.0000 | Val MiFmax: 0.8654 | Val MaFmax: 0.9020 | Val Smin: 6.0725
Epoch 058 | Loss: 0.0000 | Val MiFmax: 0.8666 | Val MaFmax: 0.9027 | Val Smin: 5.9826
Epoch 059 | Loss: 0.0000 | Val MiFmax: 0.8668 | Val MaFmax: 0.9027 | Val Smin: 5.9350
Epoch 060 | Loss: 0.0000 | Val MiFmax: 0.8686 | Val MaFmax: 0.9028 | Val Smin: 5.9071
Epoch 061 | Loss: 0.0000 | Val MiFmax: 0.8669 | Val MaFmax: 0.9022 | Val Smin: 5.9507
Epoch 062 | Loss: 0.0000 | Val MiFmax: 0.8673 | Val MaFmax: 0.9026 | Val Smin: 5.9480
Epoch 063 | Loss: 0.0000 | Val MiFmax: 0.8680 | Val MaFmax: 0.9030 | Val Smin: 5.9427
Epoch 064 | Loss: 0.0000 | Val MiFmax: 0.8650 | Val MaFmax: 0.9036 | Val Smin: 6.0013
Epoch 065 | Loss: 0.0000 | Val MiFmax: 0.8664 | Val MaFmax: 0.9043 | Val Smin: 5.9182
Epoch 066 | Loss: 0.0000 | Val MiFmax: 0.8662 | Val MaFmax: 0.9025 | Val Smin: 5.9523
Epoch 067 | Loss: 0.0000 | Val MiFmax: 0.8655 | Val MaFmax: 0.9024 | Val Smin: 5.9713
Epoch 068 | Loss: 0.0000 | Val MiFmax: 0.8662 | Val MaFmax: 0.9023 | Val Smin: 5.9577
Epoch 069 | Loss: 0.0000 | Val MiFmax: 0.8651 | Val MaFmax: 0.9023 | Val Smin: 5.9619
Early stopping triggered after 69 epochs.
Training finished. Evaluating on Test Set...

--- TEST METRICS ---
Micro_Fmax: 0.8128
Macro_Fmax: 0.8525
Macro_AUROC: 0.9543
Micro_AUROC: 0.9502
Macro_AUPRC: 0.8288
Micro_AUPRC: 0.8397
Smin: 9.1835
========================================================
  Training finished with exit code: 0
  End time  : Wed Jul  8 09:54:32 MDT 2026
========================================================
