========================================================
  Job ID      : 44538321  (array task 5)
  Node        : mgh4
  CPUs        : 8
  Start time  : Wed Jul  8 07:04:20 MDT 2026
  Project dir : /home/ganeshiny.sridharan/dgg/deep-green-GO
========================================================
  Model     : Hybrid
  Ontology  : molecular_function
  Seed      : 42
========================================================
  LR=0.0005  Dropout=0.3  BatchSize=32
  Output dir : /home/ganeshiny.sridharan/dgg/deep-green-GO/runs_5seeds/mf/Hybrid/42
========================================================
Using device: cuda
Loading datasets from preprocessing/data/split_files/datasets.pkl for molecular_function...
Alpha weights not found. Using default FocalLoss (alpha=0.25, gamma=4.0).
Epoch 001 | Loss: 0.0125 | Val MiFmax: 0.0487 | Val MaFmax: 0.1825 | Val Smin: 31.2099
  --> New best model saved!
Epoch 002 | Loss: 0.0035 | Val MiFmax: 0.3621 | Val MaFmax: 0.4462 | Val Smin: 25.4105
  --> New best model saved!
Epoch 003 | Loss: 0.0011 | Val MiFmax: 0.4975 | Val MaFmax: 0.6405 | Val Smin: 20.2982
  --> New best model saved!
Epoch 004 | Loss: 0.0007 | Val MiFmax: 0.5136 | Val MaFmax: 0.7153 | Val Smin: 20.7773
  --> New best model saved!
Epoch 005 | Loss: 0.0005 | Val MiFmax: 0.5411 | Val MaFmax: 0.7732 | Val Smin: 19.2147
  --> New best model saved!
Epoch 006 | Loss: 0.0004 | Val MiFmax: 0.6234 | Val MaFmax: 0.7970 | Val Smin: 15.4335
  --> New best model saved!
Epoch 007 | Loss: 0.0003 | Val MiFmax: 0.6843 | Val MaFmax: 0.8221 | Val Smin: 13.8722
  --> New best model saved!
Epoch 008 | Loss: 0.0002 | Val MiFmax: 0.7470 | Val MaFmax: 0.8443 | Val Smin: 11.3409
  --> New best model saved!
Epoch 009 | Loss: 0.0002 | Val MiFmax: 0.7267 | Val MaFmax: 0.8642 | Val Smin: 11.8523
  --> New best model saved!
Epoch 010 | Loss: 0.0002 | Val MiFmax: 0.6961 | Val MaFmax: 0.8597 | Val Smin: 12.8459
Epoch 011 | Loss: 0.0001 | Val MiFmax: 0.7499 | Val MaFmax: 0.8665 | Val Smin: 10.7927
  --> New best model saved!
Epoch 012 | Loss: 0.0001 | Val MiFmax: 0.7689 | Val MaFmax: 0.8661 | Val Smin: 10.0301
Epoch 013 | Loss: 0.0001 | Val MiFmax: 0.7591 | Val MaFmax: 0.8701 | Val Smin: 10.6968
  --> New best model saved!
Epoch 014 | Loss: 0.0001 | Val MiFmax: 0.7409 | Val MaFmax: 0.8771 | Val Smin: 11.5113
  --> New best model saved!
Epoch 015 | Loss: 0.0001 | Val MiFmax: 0.7498 | Val MaFmax: 0.8718 | Val Smin: 11.1877
Epoch 016 | Loss: 0.0001 | Val MiFmax: 0.7206 | Val MaFmax: 0.8667 | Val Smin: 11.7106
Epoch 017 | Loss: 0.0001 | Val MiFmax: 0.7893 | Val MaFmax: 0.8708 | Val Smin: 9.2928
Epoch 018 | Loss: 0.0001 | Val MiFmax: 0.6566 | Val MaFmax: 0.8692 | Val Smin: 14.3963
Epoch 019 | Loss: 0.0002 | Val MiFmax: 0.5118 | Val MaFmax: 0.8315 | Val Smin: 20.1989
Epoch 020 | Loss: 0.0001 | Val MiFmax: 0.7928 | Val MaFmax: 0.8695 | Val Smin: 9.4949
Epoch 021 | Loss: 0.0001 | Val MiFmax: 0.8451 | Val MaFmax: 0.8820 | Val Smin: 7.4288
  --> New best model saved!
Epoch 022 | Loss: 0.0000 | Val MiFmax: 0.8251 | Val MaFmax: 0.8820 | Val Smin: 8.1499
Epoch 023 | Loss: 0.0000 | Val MiFmax: 0.8459 | Val MaFmax: 0.8889 | Val Smin: 7.0814
  --> New best model saved!
Epoch 024 | Loss: 0.0000 | Val MiFmax: 0.8479 | Val MaFmax: 0.8852 | Val Smin: 7.2665
Epoch 025 | Loss: 0.0000 | Val MiFmax: 0.8466 | Val MaFmax: 0.8879 | Val Smin: 6.8995
Epoch 026 | Loss: 0.0000 | Val MiFmax: 0.8593 | Val MaFmax: 0.8881 | Val Smin: 6.5697
Epoch 027 | Loss: 0.0000 | Val MiFmax: 0.8440 | Val MaFmax: 0.8861 | Val Smin: 7.2581
Epoch 028 | Loss: 0.0000 | Val MiFmax: 0.8440 | Val MaFmax: 0.8883 | Val Smin: 7.2538
Epoch 029 | Loss: 0.0000 | Val MiFmax: 0.8459 | Val MaFmax: 0.8882 | Val Smin: 6.9912
Epoch 030 | Loss: 0.0000 | Val MiFmax: 0.8603 | Val MaFmax: 0.8954 | Val Smin: 6.4825
  --> New best model saved!
Epoch 031 | Loss: 0.0000 | Val MiFmax: 0.8536 | Val MaFmax: 0.8937 | Val Smin: 6.7590
Epoch 032 | Loss: 0.0000 | Val MiFmax: 0.8606 | Val MaFmax: 0.8925 | Val Smin: 6.3806
Epoch 033 | Loss: 0.0000 | Val MiFmax: 0.8559 | Val MaFmax: 0.8933 | Val Smin: 6.5138
Epoch 034 | Loss: 0.0000 | Val MiFmax: 0.8622 | Val MaFmax: 0.8938 | Val Smin: 6.3688
Epoch 035 | Loss: 0.0000 | Val MiFmax: 0.8643 | Val MaFmax: 0.8939 | Val Smin: 6.2432
Epoch 036 | Loss: 0.0000 | Val MiFmax: 0.8616 | Val MaFmax: 0.8912 | Val Smin: 6.3170
Epoch 037 | Loss: 0.0000 | Val MiFmax: 0.8590 | Val MaFmax: 0.8893 | Val Smin: 6.3567
Epoch 038 | Loss: 0.0000 | Val MiFmax: 0.8622 | Val MaFmax: 0.8918 | Val Smin: 6.3131
Epoch 039 | Loss: 0.0000 | Val MiFmax: 0.8622 | Val MaFmax: 0.8898 | Val Smin: 6.3202
Epoch 040 | Loss: 0.0000 | Val MiFmax: 0.8604 | Val MaFmax: 0.8909 | Val Smin: 6.3271
Epoch 041 | Loss: 0.0000 | Val MiFmax: 0.8579 | Val MaFmax: 0.8921 | Val Smin: 6.3619
Epoch 042 | Loss: 0.0000 | Val MiFmax: 0.8602 | Val MaFmax: 0.8906 | Val Smin: 6.3560
Epoch 043 | Loss: 0.0000 | Val MiFmax: 0.8671 | Val MaFmax: 0.8918 | Val Smin: 6.1192
Epoch 044 | Loss: 0.0000 | Val MiFmax: 0.8613 | Val MaFmax: 0.8911 | Val Smin: 6.2940
Epoch 045 | Loss: 0.0000 | Val MiFmax: 0.8609 | Val MaFmax: 0.8915 | Val Smin: 6.3350
Epoch 046 | Loss: 0.0000 | Val MiFmax: 0.8602 | Val MaFmax: 0.8911 | Val Smin: 6.3538
Epoch 047 | Loss: 0.0000 | Val MiFmax: 0.8630 | Val MaFmax: 0.8935 | Val Smin: 6.3266
Epoch 048 | Loss: 0.0000 | Val MiFmax: 0.8642 | Val MaFmax: 0.8912 | Val Smin: 6.2401
Epoch 049 | Loss: 0.0000 | Val MiFmax: 0.8593 | Val MaFmax: 0.8908 | Val Smin: 6.3276
Epoch 050 | Loss: 0.0000 | Val MiFmax: 0.8612 | Val MaFmax: 0.8917 | Val Smin: 6.3227
Early stopping triggered after 50 epochs.
Training finished. Evaluating on Test Set...

--- TEST METRICS ---
Micro_Fmax: 0.8259
Macro_Fmax: 0.8542
Macro_AUROC: 0.9575
Micro_AUROC: 0.9472
Macro_AUPRC: 0.8306
Micro_AUPRC: 0.8444
Smin: 8.7433
========================================================
  Training finished with exit code: 0
  End time  : Wed Jul  8 07:54:06 MDT 2026
========================================================
