========================================================
  Job ID      : 44538846  (array task 11)
  Node        : mgh4
  CPUs        : 8
  Start time  : Wed Jul  8 09:16:52 MDT 2026
  Project dir : /home/ganeshiny.sridharan/dgg/deep-green-GO
========================================================
  Model     : Hybrid
  Ontology  : cellular_component
  Seed      : 43
========================================================
  LR=0.0001  Dropout=0.2  BatchSize=32
  Output dir : /home/ganeshiny.sridharan/dgg/deep-green-GO/runs_5seeds/cc/Hybrid/43
========================================================
Using device: cuda
Loading datasets from preprocessing/data/split_files/datasets.pkl for cellular_component...
Alpha weights not found. Using default FocalLoss (alpha=0.25, gamma=4.0).
Epoch 001 | Loss: 0.0136 | Val MiFmax: 0.1719 | Val MaFmax: 0.1912 | Val Smin: 12.1672
  --> New best model saved!
Epoch 002 | Loss: 0.0115 | Val MiFmax: 0.2659 | Val MaFmax: 0.2213 | Val Smin: 11.3131
  --> New best model saved!
Epoch 003 | Loss: 0.0094 | Val MiFmax: 0.3164 | Val MaFmax: 0.2416 | Val Smin: 10.8090
  --> New best model saved!
Epoch 004 | Loss: 0.0069 | Val MiFmax: 0.3203 | Val MaFmax: 0.2772 | Val Smin: 10.7634
  --> New best model saved!
Epoch 005 | Loss: 0.0045 | Val MiFmax: 0.3691 | Val MaFmax: 0.2872 | Val Smin: 10.5227
  --> New best model saved!
Epoch 006 | Loss: 0.0030 | Val MiFmax: 0.4142 | Val MaFmax: 0.3370 | Val Smin: 9.9435
  --> New best model saved!
Epoch 007 | Loss: 0.0021 | Val MiFmax: 0.4561 | Val MaFmax: 0.3803 | Val Smin: 9.3607
  --> New best model saved!
Epoch 008 | Loss: 0.0016 | Val MiFmax: 0.5024 | Val MaFmax: 0.4375 | Val Smin: 9.0078
  --> New best model saved!
Epoch 009 | Loss: 0.0012 | Val MiFmax: 0.5306 | Val MaFmax: 0.4737 | Val Smin: 8.5495
  --> New best model saved!
Epoch 010 | Loss: 0.0010 | Val MiFmax: 0.5652 | Val MaFmax: 0.5074 | Val Smin: 7.7994
  --> New best model saved!
Epoch 011 | Loss: 0.0008 | Val MiFmax: 0.6286 | Val MaFmax: 0.5356 | Val Smin: 6.8820
  --> New best model saved!
Epoch 012 | Loss: 0.0007 | Val MiFmax: 0.6255 | Val MaFmax: 0.5546 | Val Smin: 6.7928
  --> New best model saved!
Epoch 013 | Loss: 0.0006 | Val MiFmax: 0.6481 | Val MaFmax: 0.6077 | Val Smin: 6.3801
  --> New best model saved!
Epoch 014 | Loss: 0.0005 | Val MiFmax: 0.6451 | Val MaFmax: 0.6080 | Val Smin: 6.4144
  --> New best model saved!
Epoch 015 | Loss: 0.0004 | Val MiFmax: 0.6780 | Val MaFmax: 0.6183 | Val Smin: 5.9023
  --> New best model saved!
Epoch 016 | Loss: 0.0004 | Val MiFmax: 0.6648 | Val MaFmax: 0.6163 | Val Smin: 6.1444
Epoch 017 | Loss: 0.0003 | Val MiFmax: 0.6671 | Val MaFmax: 0.6037 | Val Smin: 6.1579
Epoch 018 | Loss: 0.0003 | Val MiFmax: 0.6646 | Val MaFmax: 0.6434 | Val Smin: 6.2481
  --> New best model saved!
Epoch 019 | Loss: 0.0003 | Val MiFmax: 0.6838 | Val MaFmax: 0.6459 | Val Smin: 5.8408
  --> New best model saved!
Epoch 020 | Loss: 0.0002 | Val MiFmax: 0.6860 | Val MaFmax: 0.6632 | Val Smin: 5.8423
  --> New best model saved!
Epoch 021 | Loss: 0.0002 | Val MiFmax: 0.6738 | Val MaFmax: 0.6550 | Val Smin: 6.0193
Epoch 022 | Loss: 0.0002 | Val MiFmax: 0.6916 | Val MaFmax: 0.6478 | Val Smin: 5.8028
Epoch 023 | Loss: 0.0002 | Val MiFmax: 0.6933 | Val MaFmax: 0.6747 | Val Smin: 5.7349
  --> New best model saved!
Epoch 024 | Loss: 0.0002 | Val MiFmax: 0.6931 | Val MaFmax: 0.6507 | Val Smin: 5.7522
Epoch 025 | Loss: 0.0002 | Val MiFmax: 0.6851 | Val MaFmax: 0.6513 | Val Smin: 5.8841
Epoch 026 | Loss: 0.0001 | Val MiFmax: 0.6966 | Val MaFmax: 0.6700 | Val Smin: 5.6893
Epoch 027 | Loss: 0.0001 | Val MiFmax: 0.6927 | Val MaFmax: 0.6746 | Val Smin: 5.7361
Epoch 028 | Loss: 0.0001 | Val MiFmax: 0.6916 | Val MaFmax: 0.6649 | Val Smin: 5.7023
Epoch 029 | Loss: 0.0001 | Val MiFmax: 0.6680 | Val MaFmax: 0.6503 | Val Smin: 6.1301
Epoch 030 | Loss: 0.0001 | Val MiFmax: 0.6956 | Val MaFmax: 0.6911 | Val Smin: 5.7274
  --> New best model saved!
Epoch 031 | Loss: 0.0001 | Val MiFmax: 0.6951 | Val MaFmax: 0.6790 | Val Smin: 5.6856
Epoch 032 | Loss: 0.0001 | Val MiFmax: 0.6936 | Val MaFmax: 0.6719 | Val Smin: 5.7331
Epoch 033 | Loss: 0.0001 | Val MiFmax: 0.6937 | Val MaFmax: 0.6760 | Val Smin: 5.7378
Epoch 034 | Loss: 0.0001 | Val MiFmax: 0.6928 | Val MaFmax: 0.6834 | Val Smin: 5.7338
Epoch 035 | Loss: 0.0001 | Val MiFmax: 0.7012 | Val MaFmax: 0.6841 | Val Smin: 5.6533
Epoch 036 | Loss: 0.0001 | Val MiFmax: 0.7028 | Val MaFmax: 0.6890 | Val Smin: 5.6639
Epoch 037 | Loss: 0.0001 | Val MiFmax: 0.7035 | Val MaFmax: 0.6925 | Val Smin: 5.5916
  --> New best model saved!
Epoch 038 | Loss: 0.0001 | Val MiFmax: 0.7037 | Val MaFmax: 0.6871 | Val Smin: 5.5983
Epoch 039 | Loss: 0.0001 | Val MiFmax: 0.7053 | Val MaFmax: 0.6975 | Val Smin: 5.6062
  --> New best model saved!
Epoch 040 | Loss: 0.0001 | Val MiFmax: 0.7009 | Val MaFmax: 0.6853 | Val Smin: 5.6491
Epoch 041 | Loss: 0.0001 | Val MiFmax: 0.6995 | Val MaFmax: 0.6899 | Val Smin: 5.6288
Epoch 042 | Loss: 0.0000 | Val MiFmax: 0.7059 | Val MaFmax: 0.6888 | Val Smin: 5.5837
Epoch 043 | Loss: 0.0000 | Val MiFmax: 0.7006 | Val MaFmax: 0.6847 | Val Smin: 5.6542
Epoch 044 | Loss: 0.0000 | Val MiFmax: 0.7035 | Val MaFmax: 0.6940 | Val Smin: 5.6233
Epoch 045 | Loss: 0.0001 | Val MiFmax: 0.6996 | Val MaFmax: 0.6833 | Val Smin: 5.6454
Epoch 046 | Loss: 0.0000 | Val MiFmax: 0.7022 | Val MaFmax: 0.6873 | Val Smin: 5.5949
Epoch 047 | Loss: 0.0000 | Val MiFmax: 0.7056 | Val MaFmax: 0.6979 | Val Smin: 5.5185
  --> New best model saved!
Epoch 048 | Loss: 0.0000 | Val MiFmax: 0.7061 | Val MaFmax: 0.6981 | Val Smin: 5.5637
  --> New best model saved!
Epoch 049 | Loss: 0.0000 | Val MiFmax: 0.7035 | Val MaFmax: 0.6970 | Val Smin: 5.5395
Epoch 050 | Loss: 0.0000 | Val MiFmax: 0.7020 | Val MaFmax: 0.6969 | Val Smin: 5.5940
Epoch 051 | Loss: 0.0000 | Val MiFmax: 0.7064 | Val MaFmax: 0.6948 | Val Smin: 5.5478
Epoch 052 | Loss: 0.0000 | Val MiFmax: 0.7013 | Val MaFmax: 0.6917 | Val Smin: 5.6270
Epoch 053 | Loss: 0.0000 | Val MiFmax: 0.7073 | Val MaFmax: 0.6931 | Val Smin: 5.5579
Epoch 054 | Loss: 0.0000 | Val MiFmax: 0.7052 | Val MaFmax: 0.6920 | Val Smin: 5.5555
Epoch 055 | Loss: 0.0000 | Val MiFmax: 0.7058 | Val MaFmax: 0.6982 | Val Smin: 5.5555
  --> New best model saved!
Epoch 056 | Loss: 0.0000 | Val MiFmax: 0.7059 | Val MaFmax: 0.6936 | Val Smin: 5.5531
Epoch 057 | Loss: 0.0000 | Val MiFmax: 0.7021 | Val MaFmax: 0.6899 | Val Smin: 5.5970
Epoch 058 | Loss: 0.0000 | Val MiFmax: 0.7020 | Val MaFmax: 0.6920 | Val Smin: 5.5834
Epoch 059 | Loss: 0.0000 | Val MiFmax: 0.6999 | Val MaFmax: 0.6876 | Val Smin: 5.6342
Epoch 060 | Loss: 0.0000 | Val MiFmax: 0.7029 | Val MaFmax: 0.6871 | Val Smin: 5.5721
Epoch 061 | Loss: 0.0000 | Val MiFmax: 0.7012 | Val MaFmax: 0.6869 | Val Smin: 5.6145
Epoch 062 | Loss: 0.0000 | Val MiFmax: 0.7036 | Val MaFmax: 0.6871 | Val Smin: 5.5676
Epoch 063 | Loss: 0.0000 | Val MiFmax: 0.7030 | Val MaFmax: 0.6878 | Val Smin: 5.5761
Epoch 064 | Loss: 0.0000 | Val MiFmax: 0.7029 | Val MaFmax: 0.6900 | Val Smin: 5.6093
Epoch 065 | Loss: 0.0000 | Val MiFmax: 0.7007 | Val MaFmax: 0.6915 | Val Smin: 5.6145
Epoch 066 | Loss: 0.0000 | Val MiFmax: 0.7030 | Val MaFmax: 0.6898 | Val Smin: 5.5903
Epoch 067 | Loss: 0.0000 | Val MiFmax: 0.7022 | Val MaFmax: 0.6897 | Val Smin: 5.6046
Epoch 068 | Loss: 0.0000 | Val MiFmax: 0.7016 | Val MaFmax: 0.6909 | Val Smin: 5.5959
Epoch 069 | Loss: 0.0000 | Val MiFmax: 0.7017 | Val MaFmax: 0.6909 | Val Smin: 5.6044
Epoch 070 | Loss: 0.0000 | Val MiFmax: 0.7026 | Val MaFmax: 0.6905 | Val Smin: 5.5891
Epoch 071 | Loss: 0.0000 | Val MiFmax: 0.7023 | Val MaFmax: 0.6917 | Val Smin: 5.5967
Epoch 072 | Loss: 0.0000 | Val MiFmax: 0.7030 | Val MaFmax: 0.6923 | Val Smin: 5.5820
Epoch 073 | Loss: 0.0000 | Val MiFmax: 0.7025 | Val MaFmax: 0.6939 | Val Smin: 5.6091
Epoch 074 | Loss: 0.0000 | Val MiFmax: 0.7045 | Val MaFmax: 0.6933 | Val Smin: 5.5474
Epoch 075 | Loss: 0.0000 | Val MiFmax: 0.7034 | Val MaFmax: 0.6890 | Val Smin: 5.5736
Early stopping triggered after 75 epochs.
Training finished. Evaluating on Test Set...

--- TEST METRICS ---
Micro_Fmax: 0.6144
Macro_Fmax: 0.5934
Macro_AUROC: 0.8715
Micro_AUROC: 0.8665
Macro_AUPRC: 0.5430
Micro_AUPRC: 0.5761
Smin: 8.7966
========================================================
  Training finished with exit code: 0
  End time  : Wed Jul  8 10:32:33 MDT 2026
========================================================
