========================================================
  Job ID      : 44541499  (array task 26)
  Node        : mgh4
  CPUs        : 8
  Start time  : Wed Jul  8 14:32:59 MDT 2026
  Project dir : /home/ganeshiny.sridharan/dgg/deep-green-GO
========================================================
  Model     : Hybrid_JK
  Ontology  : cellular_component
  Seed      : 43
========================================================
  LR=0.0001  Dropout=0.3  BatchSize=32
  Output dir : /home/ganeshiny.sridharan/dgg/deep-green-GO/runs_5seeds/cc/Hybrid_JK/43
========================================================
Using device: cuda
Loading datasets from preprocessing/data/split_files/datasets.pkl for cellular_component...
Alpha weights not found. Using default FocalLoss (alpha=0.25, gamma=4.0).
Epoch 001 | Loss: 0.0155 | Val MiFmax: 0.1717 | Val MaFmax: 0.1810 | Val Smin: 12.0549
  --> New best model saved!
Epoch 002 | Loss: 0.0131 | Val MiFmax: 0.1903 | Val MaFmax: 0.2078 | Val Smin: 11.8538
  --> New best model saved!
Epoch 003 | Loss: 0.0109 | Val MiFmax: 0.2609 | Val MaFmax: 0.2360 | Val Smin: 11.2877
  --> New best model saved!
Epoch 004 | Loss: 0.0084 | Val MiFmax: 0.3343 | Val MaFmax: 0.2640 | Val Smin: 10.6686
  --> New best model saved!
Epoch 005 | Loss: 0.0058 | Val MiFmax: 0.3591 | Val MaFmax: 0.2835 | Val Smin: 10.4149
  --> New best model saved!
Epoch 006 | Loss: 0.0040 | Val MiFmax: 0.4098 | Val MaFmax: 0.3237 | Val Smin: 9.8267
  --> New best model saved!
Epoch 007 | Loss: 0.0027 | Val MiFmax: 0.4677 | Val MaFmax: 0.3934 | Val Smin: 9.2314
  --> New best model saved!
Epoch 008 | Loss: 0.0021 | Val MiFmax: 0.4868 | Val MaFmax: 0.4228 | Val Smin: 8.8137
  --> New best model saved!
Epoch 009 | Loss: 0.0016 | Val MiFmax: 0.5072 | Val MaFmax: 0.4429 | Val Smin: 8.6378
  --> New best model saved!
Epoch 010 | Loss: 0.0013 | Val MiFmax: 0.5108 | Val MaFmax: 0.4438 | Val Smin: 8.5927
  --> New best model saved!
Epoch 011 | Loss: 0.0011 | Val MiFmax: 0.5581 | Val MaFmax: 0.4839 | Val Smin: 7.8722
  --> New best model saved!
Epoch 012 | Loss: 0.0009 | Val MiFmax: 0.5658 | Val MaFmax: 0.5335 | Val Smin: 7.9885
  --> New best model saved!
Epoch 013 | Loss: 0.0008 | Val MiFmax: 0.5987 | Val MaFmax: 0.5363 | Val Smin: 7.3022
  --> New best model saved!
Epoch 014 | Loss: 0.0007 | Val MiFmax: 0.5922 | Val MaFmax: 0.5292 | Val Smin: 7.4324
Epoch 015 | Loss: 0.0006 | Val MiFmax: 0.6220 | Val MaFmax: 0.5766 | Val Smin: 6.9069
  --> New best model saved!
Epoch 016 | Loss: 0.0005 | Val MiFmax: 0.6233 | Val MaFmax: 0.5536 | Val Smin: 6.9639
Epoch 017 | Loss: 0.0005 | Val MiFmax: 0.6259 | Val MaFmax: 0.5905 | Val Smin: 6.9002
  --> New best model saved!
Epoch 018 | Loss: 0.0004 | Val MiFmax: 0.6451 | Val MaFmax: 0.6083 | Val Smin: 6.5666
  --> New best model saved!
Epoch 019 | Loss: 0.0004 | Val MiFmax: 0.6629 | Val MaFmax: 0.6128 | Val Smin: 6.2906
  --> New best model saved!
Epoch 020 | Loss: 0.0004 | Val MiFmax: 0.6709 | Val MaFmax: 0.6305 | Val Smin: 6.2069
  --> New best model saved!
Epoch 021 | Loss: 0.0003 | Val MiFmax: 0.6682 | Val MaFmax: 0.6364 | Val Smin: 6.1336
  --> New best model saved!
Epoch 022 | Loss: 0.0003 | Val MiFmax: 0.6537 | Val MaFmax: 0.6351 | Val Smin: 6.3708
Epoch 023 | Loss: 0.0003 | Val MiFmax: 0.6585 | Val MaFmax: 0.6160 | Val Smin: 6.3443
Epoch 024 | Loss: 0.0003 | Val MiFmax: 0.6880 | Val MaFmax: 0.6717 | Val Smin: 5.7857
  --> New best model saved!
Epoch 025 | Loss: 0.0002 | Val MiFmax: 0.6670 | Val MaFmax: 0.6535 | Val Smin: 6.1689
Epoch 026 | Loss: 0.0002 | Val MiFmax: 0.6747 | Val MaFmax: 0.6158 | Val Smin: 6.0068
Epoch 027 | Loss: 0.0003 | Val MiFmax: 0.6759 | Val MaFmax: 0.6354 | Val Smin: 6.0665
Epoch 028 | Loss: 0.0002 | Val MiFmax: 0.6818 | Val MaFmax: 0.6589 | Val Smin: 5.9230
Epoch 029 | Loss: 0.0002 | Val MiFmax: 0.6860 | Val MaFmax: 0.6659 | Val Smin: 5.9587
Epoch 030 | Loss: 0.0002 | Val MiFmax: 0.6931 | Val MaFmax: 0.6822 | Val Smin: 5.7256
  --> New best model saved!
Epoch 031 | Loss: 0.0002 | Val MiFmax: 0.6820 | Val MaFmax: 0.6771 | Val Smin: 5.8347
Epoch 032 | Loss: 0.0002 | Val MiFmax: 0.6821 | Val MaFmax: 0.6829 | Val Smin: 5.8348
  --> New best model saved!
Epoch 033 | Loss: 0.0002 | Val MiFmax: 0.6729 | Val MaFmax: 0.6441 | Val Smin: 6.0470
Epoch 034 | Loss: 0.0002 | Val MiFmax: 0.6822 | Val MaFmax: 0.6649 | Val Smin: 5.8267
Epoch 035 | Loss: 0.0001 | Val MiFmax: 0.6938 | Val MaFmax: 0.6849 | Val Smin: 5.6884
  --> New best model saved!
Epoch 036 | Loss: 0.0001 | Val MiFmax: 0.6903 | Val MaFmax: 0.6916 | Val Smin: 5.7005
  --> New best model saved!
Epoch 037 | Loss: 0.0001 | Val MiFmax: 0.6844 | Val MaFmax: 0.6653 | Val Smin: 5.7976
Epoch 038 | Loss: 0.0001 | Val MiFmax: 0.6884 | Val MaFmax: 0.6775 | Val Smin: 5.7585
Epoch 039 | Loss: 0.0001 | Val MiFmax: 0.6931 | Val MaFmax: 0.6775 | Val Smin: 5.6689
Epoch 040 | Loss: 0.0001 | Val MiFmax: 0.6851 | Val MaFmax: 0.6798 | Val Smin: 5.8478
Epoch 041 | Loss: 0.0001 | Val MiFmax: 0.6911 | Val MaFmax: 0.6804 | Val Smin: 5.7185
Epoch 042 | Loss: 0.0001 | Val MiFmax: 0.6968 | Val MaFmax: 0.6879 | Val Smin: 5.6583
Epoch 043 | Loss: 0.0001 | Val MiFmax: 0.7100 | Val MaFmax: 0.7009 | Val Smin: 5.4443
  --> New best model saved!
Epoch 044 | Loss: 0.0001 | Val MiFmax: 0.7041 | Val MaFmax: 0.6968 | Val Smin: 5.5343
Epoch 045 | Loss: 0.0001 | Val MiFmax: 0.7059 | Val MaFmax: 0.6979 | Val Smin: 5.4615
Epoch 046 | Loss: 0.0001 | Val MiFmax: 0.7060 | Val MaFmax: 0.6993 | Val Smin: 5.5019
Epoch 047 | Loss: 0.0001 | Val MiFmax: 0.6988 | Val MaFmax: 0.6955 | Val Smin: 5.5969
Epoch 048 | Loss: 0.0001 | Val MiFmax: 0.7043 | Val MaFmax: 0.6919 | Val Smin: 5.5314
Epoch 049 | Loss: 0.0001 | Val MiFmax: 0.7031 | Val MaFmax: 0.7066 | Val Smin: 5.4879
  --> New best model saved!
Epoch 050 | Loss: 0.0001 | Val MiFmax: 0.7099 | Val MaFmax: 0.6993 | Val Smin: 5.3764
Epoch 051 | Loss: 0.0001 | Val MiFmax: 0.7029 | Val MaFmax: 0.6938 | Val Smin: 5.4707
Epoch 052 | Loss: 0.0001 | Val MiFmax: 0.7038 | Val MaFmax: 0.7032 | Val Smin: 5.4494
Epoch 053 | Loss: 0.0001 | Val MiFmax: 0.6997 | Val MaFmax: 0.6924 | Val Smin: 5.6055
Epoch 054 | Loss: 0.0000 | Val MiFmax: 0.6970 | Val MaFmax: 0.6945 | Val Smin: 5.6125
Epoch 055 | Loss: 0.0000 | Val MiFmax: 0.7038 | Val MaFmax: 0.7041 | Val Smin: 5.4871
Epoch 056 | Loss: 0.0000 | Val MiFmax: 0.7083 | Val MaFmax: 0.7042 | Val Smin: 5.4253
Epoch 057 | Loss: 0.0000 | Val MiFmax: 0.7133 | Val MaFmax: 0.7078 | Val Smin: 5.3377
  --> New best model saved!
Epoch 058 | Loss: 0.0000 | Val MiFmax: 0.7114 | Val MaFmax: 0.7068 | Val Smin: 5.3677
Epoch 059 | Loss: 0.0000 | Val MiFmax: 0.7100 | Val MaFmax: 0.7073 | Val Smin: 5.3780
Epoch 060 | Loss: 0.0000 | Val MiFmax: 0.7086 | Val MaFmax: 0.6994 | Val Smin: 5.4012
Epoch 061 | Loss: 0.0000 | Val MiFmax: 0.7080 | Val MaFmax: 0.7030 | Val Smin: 5.3967
Epoch 062 | Loss: 0.0000 | Val MiFmax: 0.7101 | Val MaFmax: 0.7083 | Val Smin: 5.3792
  --> New best model saved!
Epoch 063 | Loss: 0.0000 | Val MiFmax: 0.7032 | Val MaFmax: 0.6980 | Val Smin: 5.4983
Epoch 064 | Loss: 0.0000 | Val MiFmax: 0.7038 | Val MaFmax: 0.7020 | Val Smin: 5.5122
Epoch 065 | Loss: 0.0000 | Val MiFmax: 0.7111 | Val MaFmax: 0.7137 | Val Smin: 5.3627
  --> New best model saved!
Epoch 066 | Loss: 0.0000 | Val MiFmax: 0.7122 | Val MaFmax: 0.7124 | Val Smin: 5.3376
Epoch 067 | Loss: 0.0000 | Val MiFmax: 0.7101 | Val MaFmax: 0.7158 | Val Smin: 5.4301
  --> New best model saved!
Epoch 068 | Loss: 0.0000 | Val MiFmax: 0.7042 | Val MaFmax: 0.7072 | Val Smin: 5.5179
Epoch 069 | Loss: 0.0000 | Val MiFmax: 0.7065 | Val MaFmax: 0.7136 | Val Smin: 5.4607
Epoch 070 | Loss: 0.0000 | Val MiFmax: 0.7027 | Val MaFmax: 0.7087 | Val Smin: 5.5361
Epoch 071 | Loss: 0.0000 | Val MiFmax: 0.7097 | Val MaFmax: 0.7145 | Val Smin: 5.4336
Epoch 072 | Loss: 0.0000 | Val MiFmax: 0.7072 | Val MaFmax: 0.7098 | Val Smin: 5.4347
Epoch 073 | Loss: 0.0000 | Val MiFmax: 0.7114 | Val MaFmax: 0.7148 | Val Smin: 5.3400
Epoch 074 | Loss: 0.0000 | Val MiFmax: 0.7068 | Val MaFmax: 0.7132 | Val Smin: 5.4294
Epoch 075 | Loss: 0.0000 | Val MiFmax: 0.7074 | Val MaFmax: 0.7124 | Val Smin: 5.4078
Epoch 076 | Loss: 0.0000 | Val MiFmax: 0.7080 | Val MaFmax: 0.7096 | Val Smin: 5.4156
Epoch 077 | Loss: 0.0000 | Val MiFmax: 0.7110 | Val MaFmax: 0.7083 | Val Smin: 5.3677
Epoch 078 | Loss: 0.0000 | Val MiFmax: 0.7104 | Val MaFmax: 0.7155 | Val Smin: 5.3838
Epoch 079 | Loss: 0.0000 | Val MiFmax: 0.7116 | Val MaFmax: 0.7098 | Val Smin: 5.3720
Epoch 080 | Loss: 0.0000 | Val MiFmax: 0.7104 | Val MaFmax: 0.7114 | Val Smin: 5.3879
Epoch 081 | Loss: 0.0000 | Val MiFmax: 0.7108 | Val MaFmax: 0.7120 | Val Smin: 5.3801
Epoch 082 | Loss: 0.0000 | Val MiFmax: 0.7114 | Val MaFmax: 0.7065 | Val Smin: 5.3679
Epoch 083 | Loss: 0.0000 | Val MiFmax: 0.7110 | Val MaFmax: 0.7123 | Val Smin: 5.3752
Epoch 084 | Loss: 0.0000 | Val MiFmax: 0.7127 | Val MaFmax: 0.7107 | Val Smin: 5.3605
Epoch 085 | Loss: 0.0000 | Val MiFmax: 0.7109 | Val MaFmax: 0.7095 | Val Smin: 5.3773
Epoch 086 | Loss: 0.0000 | Val MiFmax: 0.7124 | Val MaFmax: 0.7117 | Val Smin: 5.3684
Epoch 087 | Loss: 0.0000 | Val MiFmax: 0.7114 | Val MaFmax: 0.7117 | Val Smin: 5.3849
Early stopping triggered after 87 epochs.
Training finished. Evaluating on Test Set...

--- TEST METRICS ---
Micro_Fmax: 0.6169
Macro_Fmax: 0.6196
Macro_AUROC: 0.8657
Micro_AUROC: 0.8707
Macro_AUPRC: 0.5602
Micro_AUPRC: 0.5493
Smin: 8.7366
========================================================
  Training finished with exit code: 0
  End time  : Wed Jul  8 16:02:44 MDT 2026
========================================================
