========================================================
  Job ID      : 44537238  (array task 3)
  Node        : mgh3
  CPUs        : 8
  Start time  : Wed Jul  8 01:19:57 MDT 2026
  Project dir : /home/ganeshiny.sridharan/dgg/deep-green-GO
========================================================
  Model     : Hybrid
  Ontology  : biological_process
  Seed      : 45
========================================================
  LR=0.0001  Dropout=0.2  BatchSize=64
  Output dir : /home/ganeshiny.sridharan/dgg/deep-green-GO/runs_5seeds/bp/Hybrid/45
========================================================
Using device: cuda
Loading datasets from preprocessing/data/split_files/datasets.pkl for biological_process...
Alpha weights not found. Using default FocalLoss (alpha=0.25, gamma=4.0).
Epoch 001 | Loss: 0.0148 | Val MiFmax: 0.0524 | Val MaFmax: 0.0793 | Val Smin: 69.2075
  --> New best model saved!
Epoch 002 | Loss: 0.0129 | Val MiFmax: 0.0555 | Val MaFmax: 0.0829 | Val Smin: 69.1025
  --> New best model saved!
Epoch 003 | Loss: 0.0122 | Val MiFmax: 0.0604 | Val MaFmax: 0.0873 | Val Smin: 69.0775
  --> New best model saved!
Epoch 004 | Loss: 0.0113 | Val MiFmax: 0.0601 | Val MaFmax: 0.0908 | Val Smin: 68.9242
  --> New best model saved!
Epoch 005 | Loss: 0.0100 | Val MiFmax: 0.0908 | Val MaFmax: 0.0948 | Val Smin: 68.9605
  --> New best model saved!
Epoch 006 | Loss: 0.0086 | Val MiFmax: 0.0959 | Val MaFmax: 0.1004 | Val Smin: 68.5574
  --> New best model saved!
Epoch 007 | Loss: 0.0068 | Val MiFmax: 0.1141 | Val MaFmax: 0.0984 | Val Smin: 68.2208
Epoch 008 | Loss: 0.0053 | Val MiFmax: 0.1375 | Val MaFmax: 0.1053 | Val Smin: 67.8796
  --> New best model saved!
Epoch 009 | Loss: 0.0041 | Val MiFmax: 0.1620 | Val MaFmax: 0.1099 | Val Smin: 67.0157
  --> New best model saved!
Epoch 010 | Loss: 0.0032 | Val MiFmax: 0.1790 | Val MaFmax: 0.1187 | Val Smin: 66.5859
  --> New best model saved!
Epoch 011 | Loss: 0.0027 | Val MiFmax: 0.1709 | Val MaFmax: 0.1235 | Val Smin: 67.4901
  --> New best model saved!
Epoch 012 | Loss: 0.0023 | Val MiFmax: 0.2150 | Val MaFmax: 0.1495 | Val Smin: 65.3309
  --> New best model saved!
Epoch 013 | Loss: 0.0020 | Val MiFmax: 0.2191 | Val MaFmax: 0.1841 | Val Smin: 64.6812
  --> New best model saved!
Epoch 014 | Loss: 0.0017 | Val MiFmax: 0.2916 | Val MaFmax: 0.1953 | Val Smin: 61.0163
  --> New best model saved!
Epoch 015 | Loss: 0.0016 | Val MiFmax: 0.3105 | Val MaFmax: 0.2434 | Val Smin: 59.5244
  --> New best model saved!
Epoch 016 | Loss: 0.0013 | Val MiFmax: 0.3639 | Val MaFmax: 0.3403 | Val Smin: 56.9734
  --> New best model saved!
Epoch 017 | Loss: 0.0012 | Val MiFmax: 0.4095 | Val MaFmax: 0.3545 | Val Smin: 54.9715
  --> New best model saved!
Epoch 018 | Loss: 0.0011 | Val MiFmax: 0.4402 | Val MaFmax: 0.4102 | Val Smin: 52.1101
  --> New best model saved!
Epoch 019 | Loss: 0.0009 | Val MiFmax: 0.4829 | Val MaFmax: 0.4597 | Val Smin: 48.9843
  --> New best model saved!
Epoch 020 | Loss: 0.0008 | Val MiFmax: 0.4833 | Val MaFmax: 0.4743 | Val Smin: 48.6867
  --> New best model saved!
Epoch 021 | Loss: 0.0008 | Val MiFmax: 0.5251 | Val MaFmax: 0.4957 | Val Smin: 45.0369
  --> New best model saved!
Epoch 022 | Loss: 0.0007 | Val MiFmax: 0.5499 | Val MaFmax: 0.5414 | Val Smin: 42.5033
  --> New best model saved!
Epoch 023 | Loss: 0.0006 | Val MiFmax: 0.5706 | Val MaFmax: 0.5653 | Val Smin: 40.9742
  --> New best model saved!
Epoch 024 | Loss: 0.0006 | Val MiFmax: 0.5868 | Val MaFmax: 0.5888 | Val Smin: 39.5398
  --> New best model saved!
Epoch 025 | Loss: 0.0005 | Val MiFmax: 0.6020 | Val MaFmax: 0.6098 | Val Smin: 38.6916
  --> New best model saved!
Epoch 026 | Loss: 0.0005 | Val MiFmax: 0.6004 | Val MaFmax: 0.6181 | Val Smin: 38.6192
  --> New best model saved!
Epoch 027 | Loss: 0.0004 | Val MiFmax: 0.6201 | Val MaFmax: 0.6390 | Val Smin: 37.0844
  --> New best model saved!
Epoch 028 | Loss: 0.0004 | Val MiFmax: 0.6274 | Val MaFmax: 0.6522 | Val Smin: 36.2815
  --> New best model saved!
Epoch 029 | Loss: 0.0004 | Val MiFmax: 0.6346 | Val MaFmax: 0.6568 | Val Smin: 35.7171
  --> New best model saved!
Epoch 030 | Loss: 0.0003 | Val MiFmax: 0.6325 | Val MaFmax: 0.6498 | Val Smin: 35.9245
Epoch 031 | Loss: 0.0003 | Val MiFmax: 0.6462 | Val MaFmax: 0.6654 | Val Smin: 35.2077
  --> New best model saved!
Epoch 032 | Loss: 0.0003 | Val MiFmax: 0.6438 | Val MaFmax: 0.6780 | Val Smin: 34.7601
  --> New best model saved!
Epoch 033 | Loss: 0.0003 | Val MiFmax: 0.6575 | Val MaFmax: 0.6737 | Val Smin: 34.2317
Epoch 034 | Loss: 0.0003 | Val MiFmax: 0.6651 | Val MaFmax: 0.6914 | Val Smin: 33.1251
  --> New best model saved!
Epoch 035 | Loss: 0.0002 | Val MiFmax: 0.6723 | Val MaFmax: 0.6952 | Val Smin: 32.5363
  --> New best model saved!
Epoch 036 | Loss: 0.0002 | Val MiFmax: 0.6782 | Val MaFmax: 0.6980 | Val Smin: 32.2290
  --> New best model saved!
Epoch 037 | Loss: 0.0002 | Val MiFmax: 0.6790 | Val MaFmax: 0.7027 | Val Smin: 31.8072
  --> New best model saved!
Epoch 038 | Loss: 0.0002 | Val MiFmax: 0.6823 | Val MaFmax: 0.7055 | Val Smin: 31.5853
  --> New best model saved!
Epoch 039 | Loss: 0.0002 | Val MiFmax: 0.6909 | Val MaFmax: 0.7073 | Val Smin: 30.8025
  --> New best model saved!
Epoch 040 | Loss: 0.0002 | Val MiFmax: 0.6841 | Val MaFmax: 0.7107 | Val Smin: 31.5775
  --> New best model saved!
Epoch 041 | Loss: 0.0002 | Val MiFmax: 0.7023 | Val MaFmax: 0.7145 | Val Smin: 29.4903
  --> New best model saved!
Epoch 042 | Loss: 0.0002 | Val MiFmax: 0.7026 | Val MaFmax: 0.7081 | Val Smin: 30.0417
Epoch 043 | Loss: 0.0001 | Val MiFmax: 0.7086 | Val MaFmax: 0.7136 | Val Smin: 29.3555
Epoch 044 | Loss: 0.0001 | Val MiFmax: 0.7100 | Val MaFmax: 0.7175 | Val Smin: 29.7436
  --> New best model saved!
Epoch 045 | Loss: 0.0001 | Val MiFmax: 0.7064 | Val MaFmax: 0.7030 | Val Smin: 29.9874
Epoch 046 | Loss: 0.0001 | Val MiFmax: 0.7099 | Val MaFmax: 0.7188 | Val Smin: 29.4576
  --> New best model saved!
Epoch 047 | Loss: 0.0001 | Val MiFmax: 0.7131 | Val MaFmax: 0.7189 | Val Smin: 29.1706
  --> New best model saved!
Epoch 048 | Loss: 0.0001 | Val MiFmax: 0.7069 | Val MaFmax: 0.7192 | Val Smin: 29.6099
  --> New best model saved!
Epoch 049 | Loss: 0.0001 | Val MiFmax: 0.7048 | Val MaFmax: 0.7200 | Val Smin: 29.8344
  --> New best model saved!
Epoch 050 | Loss: 0.0001 | Val MiFmax: 0.7149 | Val MaFmax: 0.7185 | Val Smin: 28.9645
Epoch 051 | Loss: 0.0001 | Val MiFmax: 0.7141 | Val MaFmax: 0.7244 | Val Smin: 29.1747
  --> New best model saved!
Epoch 052 | Loss: 0.0001 | Val MiFmax: 0.7142 | Val MaFmax: 0.7262 | Val Smin: 29.2325
  --> New best model saved!
Epoch 053 | Loss: 0.0001 | Val MiFmax: 0.7133 | Val MaFmax: 0.7289 | Val Smin: 29.2395
  --> New best model saved!
Epoch 054 | Loss: 0.0001 | Val MiFmax: 0.7117 | Val MaFmax: 0.7209 | Val Smin: 29.3079
Epoch 055 | Loss: 0.0001 | Val MiFmax: 0.7040 | Val MaFmax: 0.7209 | Val Smin: 29.7347
Epoch 056 | Loss: 0.0001 | Val MiFmax: 0.7156 | Val MaFmax: 0.7257 | Val Smin: 29.0272
Epoch 057 | Loss: 0.0001 | Val MiFmax: 0.7239 | Val MaFmax: 0.7245 | Val Smin: 28.4078
Epoch 058 | Loss: 0.0001 | Val MiFmax: 0.7116 | Val MaFmax: 0.7237 | Val Smin: 29.4808
Epoch 059 | Loss: 0.0001 | Val MiFmax: 0.7151 | Val MaFmax: 0.7232 | Val Smin: 28.9876
Epoch 060 | Loss: 0.0001 | Val MiFmax: 0.7222 | Val MaFmax: 0.7279 | Val Smin: 28.4823
Epoch 061 | Loss: 0.0001 | Val MiFmax: 0.7277 | Val MaFmax: 0.7304 | Val Smin: 28.0174
  --> New best model saved!
Epoch 062 | Loss: 0.0001 | Val MiFmax: 0.7303 | Val MaFmax: 0.7329 | Val Smin: 28.1035
  --> New best model saved!
Epoch 063 | Loss: 0.0001 | Val MiFmax: 0.7275 | Val MaFmax: 0.7275 | Val Smin: 28.0323
Epoch 064 | Loss: 0.0001 | Val MiFmax: 0.7276 | Val MaFmax: 0.7304 | Val Smin: 28.0832
Epoch 065 | Loss: 0.0001 | Val MiFmax: 0.7314 | Val MaFmax: 0.7312 | Val Smin: 27.9769
Epoch 066 | Loss: 0.0001 | Val MiFmax: 0.7311 | Val MaFmax: 0.7322 | Val Smin: 27.9170
Epoch 067 | Loss: 0.0001 | Val MiFmax: 0.7314 | Val MaFmax: 0.7319 | Val Smin: 27.9979
Epoch 068 | Loss: 0.0000 | Val MiFmax: 0.7309 | Val MaFmax: 0.7340 | Val Smin: 27.9323
  --> New best model saved!
Epoch 069 | Loss: 0.0000 | Val MiFmax: 0.7293 | Val MaFmax: 0.7329 | Val Smin: 28.0741
Epoch 070 | Loss: 0.0000 | Val MiFmax: 0.7281 | Val MaFmax: 0.7354 | Val Smin: 28.1141
  --> New best model saved!
Epoch 071 | Loss: 0.0000 | Val MiFmax: 0.7262 | Val MaFmax: 0.7338 | Val Smin: 28.1784
Epoch 072 | Loss: 0.0000 | Val MiFmax: 0.7313 | Val MaFmax: 0.7343 | Val Smin: 27.6742
Epoch 073 | Loss: 0.0000 | Val MiFmax: 0.7280 | Val MaFmax: 0.7329 | Val Smin: 27.9460
Epoch 074 | Loss: 0.0000 | Val MiFmax: 0.7241 | Val MaFmax: 0.7333 | Val Smin: 28.1994
Epoch 075 | Loss: 0.0000 | Val MiFmax: 0.7273 | Val MaFmax: 0.7305 | Val Smin: 28.1030
Epoch 076 | Loss: 0.0000 | Val MiFmax: 0.7297 | Val MaFmax: 0.7333 | Val Smin: 27.8720
Epoch 077 | Loss: 0.0000 | Val MiFmax: 0.7290 | Val MaFmax: 0.7353 | Val Smin: 27.9937
Epoch 078 | Loss: 0.0000 | Val MiFmax: 0.7323 | Val MaFmax: 0.7345 | Val Smin: 27.8122
Epoch 079 | Loss: 0.0000 | Val MiFmax: 0.7306 | Val MaFmax: 0.7341 | Val Smin: 27.8696
Epoch 080 | Loss: 0.0000 | Val MiFmax: 0.7289 | Val MaFmax: 0.7340 | Val Smin: 27.9469
Epoch 081 | Loss: 0.0000 | Val MiFmax: 0.7307 | Val MaFmax: 0.7330 | Val Smin: 27.9104
Epoch 082 | Loss: 0.0000 | Val MiFmax: 0.7323 | Val MaFmax: 0.7341 | Val Smin: 27.7768
Epoch 083 | Loss: 0.0000 | Val MiFmax: 0.7335 | Val MaFmax: 0.7357 | Val Smin: 27.6677
  --> New best model saved!
Epoch 084 | Loss: 0.0000 | Val MiFmax: 0.7314 | Val MaFmax: 0.7365 | Val Smin: 27.8511
  --> New best model saved!
Epoch 085 | Loss: 0.0000 | Val MiFmax: 0.7359 | Val MaFmax: 0.7369 | Val Smin: 27.5980
  --> New best model saved!
Epoch 086 | Loss: 0.0000 | Val MiFmax: 0.7343 | Val MaFmax: 0.7363 | Val Smin: 27.6444
Epoch 087 | Loss: 0.0000 | Val MiFmax: 0.7321 | Val MaFmax: 0.7354 | Val Smin: 27.7588
Epoch 088 | Loss: 0.0000 | Val MiFmax: 0.7331 | Val MaFmax: 0.7348 | Val Smin: 27.7514
Epoch 089 | Loss: 0.0000 | Val MiFmax: 0.7353 | Val MaFmax: 0.7353 | Val Smin: 27.4895
Epoch 090 | Loss: 0.0000 | Val MiFmax: 0.7331 | Val MaFmax: 0.7354 | Val Smin: 27.6601
Epoch 091 | Loss: 0.0000 | Val MiFmax: 0.7344 | Val MaFmax: 0.7345 | Val Smin: 27.5318
Epoch 092 | Loss: 0.0000 | Val MiFmax: 0.7343 | Val MaFmax: 0.7346 | Val Smin: 27.5988
Epoch 093 | Loss: 0.0000 | Val MiFmax: 0.7342 | Val MaFmax: 0.7347 | Val Smin: 27.5430
Epoch 094 | Loss: 0.0000 | Val MiFmax: 0.7331 | Val MaFmax: 0.7356 | Val Smin: 27.6202
Epoch 095 | Loss: 0.0000 | Val MiFmax: 0.7323 | Val MaFmax: 0.7348 | Val Smin: 27.6206
Epoch 096 | Loss: 0.0000 | Val MiFmax: 0.7330 | Val MaFmax: 0.7357 | Val Smin: 27.5897
Epoch 097 | Loss: 0.0000 | Val MiFmax: 0.7326 | Val MaFmax: 0.7354 | Val Smin: 27.6294
Epoch 098 | Loss: 0.0000 | Val MiFmax: 0.7344 | Val MaFmax: 0.7358 | Val Smin: 27.5629
Epoch 099 | Loss: 0.0000 | Val MiFmax: 0.7329 | Val MaFmax: 0.7357 | Val Smin: 27.6338
Epoch 100 | Loss: 0.0000 | Val MiFmax: 0.7341 | Val MaFmax: 0.7366 | Val Smin: 27.5372
Epoch 101 | Loss: 0.0000 | Val MiFmax: 0.7335 | Val MaFmax: 0.7361 | Val Smin: 27.5860
Epoch 102 | Loss: 0.0000 | Val MiFmax: 0.7342 | Val MaFmax: 0.7356 | Val Smin: 27.5694
Epoch 103 | Loss: 0.0000 | Val MiFmax: 0.7330 | Val MaFmax: 0.7362 | Val Smin: 27.6416
Epoch 104 | Loss: 0.0000 | Val MiFmax: 0.7328 | Val MaFmax: 0.7357 | Val Smin: 27.5293
Epoch 105 | Loss: 0.0000 | Val MiFmax: 0.7326 | Val MaFmax: 0.7356 | Val Smin: 27.6169
Early stopping triggered after 105 epochs.
Training finished. Evaluating on Test Set...

--- TEST METRICS ---
Micro_Fmax: 0.6632
Macro_Fmax: 0.6555
Macro_AUROC: 0.8497
Micro_AUROC: 0.8334
Macro_AUPRC: 0.6082
Micro_AUPRC: 0.6223
Smin: 36.5149
========================================================
  Training finished with exit code: 0
  End time  : Wed Jul  8 02:59:24 MDT 2026
========================================================
