========================================================
  Job ID      : 44526755  (array task )
  Node        : mgh4
  CPUs        : 8
  Start time  : Tue Jul  7 09:20:23 MDT 2026
  Project dir : /home/ganeshiny.sridharan/dgg/deep-green-GO
========================================================
  Model     : Hybrid
  Ontology  : biological_process
  Seed      : 42
========================================================
  LR=0.0001  Dropout=0.2  BatchSize=64
  Output dir : /home/ganeshiny.sridharan/dgg/deep-green-GO/runs_5seeds/bp/Hybrid/42
========================================================
Using device: cuda
Loading datasets from preprocessing/data/split_files/datasets.pkl for biological_process...
Alpha weights not found. Using default FocalLoss (alpha=0.25, gamma=4.0).
Epoch 001 | Loss: 0.0148 | Val MiFmax: 0.0519 | Val MaFmax: 0.0775 | Val Smin: 69.2732
  --> New best model saved!
Epoch 002 | Loss: 0.0129 | Val MiFmax: 0.0566 | Val MaFmax: 0.0829 | Val Smin: 69.1904
  --> New best model saved!
Epoch 003 | Loss: 0.0122 | Val MiFmax: 0.0628 | Val MaFmax: 0.0860 | Val Smin: 69.1997
  --> New best model saved!
Epoch 004 | Loss: 0.0113 | Val MiFmax: 0.0696 | Val MaFmax: 0.0887 | Val Smin: 69.1235
  --> New best model saved!
Epoch 005 | Loss: 0.0101 | Val MiFmax: 0.0763 | Val MaFmax: 0.0932 | Val Smin: 69.2505
  --> New best model saved!
Epoch 006 | Loss: 0.0085 | Val MiFmax: 0.0898 | Val MaFmax: 0.0917 | Val Smin: 68.8464
Epoch 007 | Loss: 0.0068 | Val MiFmax: 0.1079 | Val MaFmax: 0.0931 | Val Smin: 68.7004
Epoch 008 | Loss: 0.0053 | Val MiFmax: 0.1596 | Val MaFmax: 0.1077 | Val Smin: 67.2606
  --> New best model saved!
Epoch 009 | Loss: 0.0041 | Val MiFmax: 0.1734 | Val MaFmax: 0.1087 | Val Smin: 66.9587
  --> New best model saved!
Epoch 010 | Loss: 0.0033 | Val MiFmax: 0.1631 | Val MaFmax: 0.1201 | Val Smin: 67.6213
  --> New best model saved!
Epoch 011 | Loss: 0.0027 | Val MiFmax: 0.2220 | Val MaFmax: 0.1389 | Val Smin: 65.6518
  --> New best model saved!
Epoch 012 | Loss: 0.0023 | Val MiFmax: 0.2170 | Val MaFmax: 0.1410 | Val Smin: 66.6254
  --> New best model saved!
Epoch 013 | Loss: 0.0020 | Val MiFmax: 0.2371 | Val MaFmax: 0.1580 | Val Smin: 65.0350
  --> New best model saved!
Epoch 014 | Loss: 0.0017 | Val MiFmax: 0.2915 | Val MaFmax: 0.2186 | Val Smin: 60.5541
  --> New best model saved!
Epoch 015 | Loss: 0.0015 | Val MiFmax: 0.3374 | Val MaFmax: 0.2871 | Val Smin: 58.9371
  --> New best model saved!
Epoch 016 | Loss: 0.0013 | Val MiFmax: 0.3719 | Val MaFmax: 0.3544 | Val Smin: 57.3084
  --> New best model saved!
Epoch 017 | Loss: 0.0012 | Val MiFmax: 0.4100 | Val MaFmax: 0.3877 | Val Smin: 54.5531
  --> New best model saved!
Epoch 018 | Loss: 0.0010 | Val MiFmax: 0.4453 | Val MaFmax: 0.4450 | Val Smin: 51.9276
  --> New best model saved!
Epoch 019 | Loss: 0.0010 | Val MiFmax: 0.4766 | Val MaFmax: 0.4450 | Val Smin: 49.4321
Epoch 020 | Loss: 0.0009 | Val MiFmax: 0.5013 | Val MaFmax: 0.4899 | Val Smin: 47.3425
  --> New best model saved!
Epoch 021 | Loss: 0.0008 | Val MiFmax: 0.5216 | Val MaFmax: 0.5215 | Val Smin: 45.6766
  --> New best model saved!
Epoch 022 | Loss: 0.0007 | Val MiFmax: 0.5501 | Val MaFmax: 0.5326 | Val Smin: 42.7447
  --> New best model saved!
Epoch 023 | Loss: 0.0006 | Val MiFmax: 0.5704 | Val MaFmax: 0.5622 | Val Smin: 41.2412
  --> New best model saved!
Epoch 024 | Loss: 0.0006 | Val MiFmax: 0.5926 | Val MaFmax: 0.5777 | Val Smin: 39.1747
  --> New best model saved!
Epoch 025 | Loss: 0.0005 | Val MiFmax: 0.5991 | Val MaFmax: 0.5924 | Val Smin: 38.7498
  --> New best model saved!
Epoch 026 | Loss: 0.0005 | Val MiFmax: 0.6132 | Val MaFmax: 0.6059 | Val Smin: 37.6266
  --> New best model saved!
Epoch 027 | Loss: 0.0004 | Val MiFmax: 0.6200 | Val MaFmax: 0.6260 | Val Smin: 37.1323
  --> New best model saved!
Epoch 028 | Loss: 0.0004 | Val MiFmax: 0.6264 | Val MaFmax: 0.6334 | Val Smin: 36.5773
  --> New best model saved!
Epoch 029 | Loss: 0.0004 | Val MiFmax: 0.6416 | Val MaFmax: 0.6385 | Val Smin: 35.1448
  --> New best model saved!
Epoch 030 | Loss: 0.0003 | Val MiFmax: 0.6516 | Val MaFmax: 0.6469 | Val Smin: 34.5319
  --> New best model saved!
Epoch 031 | Loss: 0.0003 | Val MiFmax: 0.6552 | Val MaFmax: 0.6560 | Val Smin: 34.0955
  --> New best model saved!
Epoch 032 | Loss: 0.0003 | Val MiFmax: 0.6640 | Val MaFmax: 0.6650 | Val Smin: 33.1017
  --> New best model saved!
Epoch 033 | Loss: 0.0003 | Val MiFmax: 0.6749 | Val MaFmax: 0.6720 | Val Smin: 32.2213
  --> New best model saved!
Epoch 034 | Loss: 0.0003 | Val MiFmax: 0.6726 | Val MaFmax: 0.6784 | Val Smin: 32.3727
  --> New best model saved!
Epoch 035 | Loss: 0.0002 | Val MiFmax: 0.6796 | Val MaFmax: 0.6835 | Val Smin: 32.0898
  --> New best model saved!
Epoch 036 | Loss: 0.0002 | Val MiFmax: 0.6786 | Val MaFmax: 0.6872 | Val Smin: 31.9884
  --> New best model saved!
Epoch 037 | Loss: 0.0002 | Val MiFmax: 0.6789 | Val MaFmax: 0.6858 | Val Smin: 32.0785
Epoch 038 | Loss: 0.0002 | Val MiFmax: 0.6799 | Val MaFmax: 0.6932 | Val Smin: 31.5231
  --> New best model saved!
Epoch 039 | Loss: 0.0002 | Val MiFmax: 0.6937 | Val MaFmax: 0.6976 | Val Smin: 30.6870
  --> New best model saved!
Epoch 040 | Loss: 0.0002 | Val MiFmax: 0.6874 | Val MaFmax: 0.6938 | Val Smin: 31.0977
Epoch 041 | Loss: 0.0002 | Val MiFmax: 0.6934 | Val MaFmax: 0.6987 | Val Smin: 30.8051
  --> New best model saved!
Epoch 042 | Loss: 0.0002 | Val MiFmax: 0.6984 | Val MaFmax: 0.7013 | Val Smin: 30.0823
  --> New best model saved!
Epoch 043 | Loss: 0.0002 | Val MiFmax: 0.7007 | Val MaFmax: 0.7059 | Val Smin: 29.6950
  --> New best model saved!
Epoch 044 | Loss: 0.0001 | Val MiFmax: 0.7112 | Val MaFmax: 0.7031 | Val Smin: 29.2996
Epoch 045 | Loss: 0.0001 | Val MiFmax: 0.6997 | Val MaFmax: 0.7076 | Val Smin: 30.0984
  --> New best model saved!
Epoch 046 | Loss: 0.0001 | Val MiFmax: 0.7104 | Val MaFmax: 0.7076 | Val Smin: 29.4392
Epoch 047 | Loss: 0.0001 | Val MiFmax: 0.7092 | Val MaFmax: 0.7056 | Val Smin: 29.4422
Epoch 048 | Loss: 0.0001 | Val MiFmax: 0.7202 | Val MaFmax: 0.7121 | Val Smin: 28.2719
  --> New best model saved!
Epoch 049 | Loss: 0.0001 | Val MiFmax: 0.7021 | Val MaFmax: 0.7114 | Val Smin: 29.9379
Epoch 050 | Loss: 0.0001 | Val MiFmax: 0.7165 | Val MaFmax: 0.7155 | Val Smin: 28.8714
  --> New best model saved!
Epoch 051 | Loss: 0.0001 | Val MiFmax: 0.7195 | Val MaFmax: 0.7112 | Val Smin: 28.5656
Epoch 052 | Loss: 0.0001 | Val MiFmax: 0.7212 | Val MaFmax: 0.7154 | Val Smin: 28.1716
Epoch 053 | Loss: 0.0001 | Val MiFmax: 0.7193 | Val MaFmax: 0.7139 | Val Smin: 28.3921
Epoch 054 | Loss: 0.0001 | Val MiFmax: 0.7197 | Val MaFmax: 0.7189 | Val Smin: 28.3560
  --> New best model saved!
Epoch 055 | Loss: 0.0001 | Val MiFmax: 0.7150 | Val MaFmax: 0.7106 | Val Smin: 28.9337
Epoch 056 | Loss: 0.0001 | Val MiFmax: 0.7237 | Val MaFmax: 0.7121 | Val Smin: 27.8532
Epoch 057 | Loss: 0.0001 | Val MiFmax: 0.7252 | Val MaFmax: 0.7183 | Val Smin: 27.7400
Epoch 058 | Loss: 0.0001 | Val MiFmax: 0.7256 | Val MaFmax: 0.7188 | Val Smin: 27.9503
Epoch 059 | Loss: 0.0001 | Val MiFmax: 0.7238 | Val MaFmax: 0.7185 | Val Smin: 27.8451
Epoch 060 | Loss: 0.0001 | Val MiFmax: 0.7291 | Val MaFmax: 0.7181 | Val Smin: 27.8510
Epoch 061 | Loss: 0.0001 | Val MiFmax: 0.7274 | Val MaFmax: 0.7203 | Val Smin: 27.8930
  --> New best model saved!
Epoch 062 | Loss: 0.0001 | Val MiFmax: 0.7253 | Val MaFmax: 0.7184 | Val Smin: 28.0503
Epoch 063 | Loss: 0.0001 | Val MiFmax: 0.7279 | Val MaFmax: 0.7209 | Val Smin: 27.9818
  --> New best model saved!
Epoch 064 | Loss: 0.0001 | Val MiFmax: 0.7321 | Val MaFmax: 0.7234 | Val Smin: 27.5090
  --> New best model saved!
Epoch 065 | Loss: 0.0001 | Val MiFmax: 0.7289 | Val MaFmax: 0.7235 | Val Smin: 27.7252
  --> New best model saved!
Epoch 066 | Loss: 0.0001 | Val MiFmax: 0.7300 | Val MaFmax: 0.7245 | Val Smin: 27.7042
  --> New best model saved!
Epoch 067 | Loss: 0.0001 | Val MiFmax: 0.7289 | Val MaFmax: 0.7236 | Val Smin: 27.7231
Epoch 068 | Loss: 0.0001 | Val MiFmax: 0.7305 | Val MaFmax: 0.7212 | Val Smin: 27.6857
Epoch 069 | Loss: 0.0001 | Val MiFmax: 0.7315 | Val MaFmax: 0.7198 | Val Smin: 27.3809
Epoch 070 | Loss: 0.0001 | Val MiFmax: 0.7320 | Val MaFmax: 0.7239 | Val Smin: 27.7135
Epoch 071 | Loss: 0.0001 | Val MiFmax: 0.7292 | Val MaFmax: 0.7212 | Val Smin: 27.6999
Epoch 072 | Loss: 0.0000 | Val MiFmax: 0.7316 | Val MaFmax: 0.7241 | Val Smin: 27.5714
Epoch 073 | Loss: 0.0000 | Val MiFmax: 0.7305 | Val MaFmax: 0.7258 | Val Smin: 27.5334
  --> New best model saved!
Epoch 074 | Loss: 0.0000 | Val MiFmax: 0.7308 | Val MaFmax: 0.7252 | Val Smin: 27.5918
Epoch 075 | Loss: 0.0000 | Val MiFmax: 0.7339 | Val MaFmax: 0.7240 | Val Smin: 27.1808
Epoch 076 | Loss: 0.0000 | Val MiFmax: 0.7307 | Val MaFmax: 0.7227 | Val Smin: 27.5048
Epoch 077 | Loss: 0.0000 | Val MiFmax: 0.7347 | Val MaFmax: 0.7240 | Val Smin: 27.1828
Epoch 078 | Loss: 0.0000 | Val MiFmax: 0.7341 | Val MaFmax: 0.7262 | Val Smin: 27.0830
  --> New best model saved!
Epoch 079 | Loss: 0.0000 | Val MiFmax: 0.7340 | Val MaFmax: 0.7265 | Val Smin: 26.9591
  --> New best model saved!
Epoch 080 | Loss: 0.0000 | Val MiFmax: 0.7342 | Val MaFmax: 0.7259 | Val Smin: 27.0511
Epoch 081 | Loss: 0.0000 | Val MiFmax: 0.7360 | Val MaFmax: 0.7257 | Val Smin: 26.9713
Epoch 082 | Loss: 0.0000 | Val MiFmax: 0.7343 | Val MaFmax: 0.7237 | Val Smin: 26.9396
Epoch 083 | Loss: 0.0000 | Val MiFmax: 0.7337 | Val MaFmax: 0.7244 | Val Smin: 27.0927
Epoch 084 | Loss: 0.0000 | Val MiFmax: 0.7357 | Val MaFmax: 0.7267 | Val Smin: 26.6916
  --> New best model saved!
Epoch 085 | Loss: 0.0000 | Val MiFmax: 0.7349 | Val MaFmax: 0.7259 | Val Smin: 26.7459
Epoch 086 | Loss: 0.0000 | Val MiFmax: 0.7336 | Val MaFmax: 0.7259 | Val Smin: 27.0211
Epoch 087 | Loss: 0.0000 | Val MiFmax: 0.7331 | Val MaFmax: 0.7272 | Val Smin: 27.1276
  --> New best model saved!
Epoch 088 | Loss: 0.0000 | Val MiFmax: 0.7339 | Val MaFmax: 0.7272 | Val Smin: 26.9738
  --> New best model saved!
Epoch 089 | Loss: 0.0000 | Val MiFmax: 0.7333 | Val MaFmax: 0.7268 | Val Smin: 27.0764
Epoch 090 | Loss: 0.0000 | Val MiFmax: 0.7344 | Val MaFmax: 0.7274 | Val Smin: 26.9171
  --> New best model saved!
Epoch 091 | Loss: 0.0000 | Val MiFmax: 0.7353 | Val MaFmax: 0.7272 | Val Smin: 27.0051
Epoch 092 | Loss: 0.0000 | Val MiFmax: 0.7348 | Val MaFmax: 0.7265 | Val Smin: 27.1733
Epoch 093 | Loss: 0.0000 | Val MiFmax: 0.7336 | Val MaFmax: 0.7249 | Val Smin: 26.9993
Epoch 094 | Loss: 0.0000 | Val MiFmax: 0.7320 | Val MaFmax: 0.7267 | Val Smin: 27.0938
Epoch 095 | Loss: 0.0000 | Val MiFmax: 0.7324 | Val MaFmax: 0.7249 | Val Smin: 27.3251
Epoch 096 | Loss: 0.0000 | Val MiFmax: 0.7344 | Val MaFmax: 0.7263 | Val Smin: 26.9390
Epoch 097 | Loss: 0.0000 | Val MiFmax: 0.7350 | Val MaFmax: 0.7266 | Val Smin: 26.7199
Epoch 098 | Loss: 0.0000 | Val MiFmax: 0.7347 | Val MaFmax: 0.7273 | Val Smin: 26.7272
Epoch 099 | Loss: 0.0000 | Val MiFmax: 0.7357 | Val MaFmax: 0.7274 | Val Smin: 26.7110
  --> New best model saved!
Epoch 100 | Loss: 0.0000 | Val MiFmax: 0.7357 | Val MaFmax: 0.7265 | Val Smin: 26.7696
Epoch 101 | Loss: 0.0000 | Val MiFmax: 0.7351 | Val MaFmax: 0.7274 | Val Smin: 26.9379
  --> New best model saved!
Epoch 102 | Loss: 0.0000 | Val MiFmax: 0.7354 | Val MaFmax: 0.7274 | Val Smin: 26.8376
Epoch 103 | Loss: 0.0000 | Val MiFmax: 0.7369 | Val MaFmax: 0.7274 | Val Smin: 26.6357
Epoch 104 | Loss: 0.0000 | Val MiFmax: 0.7359 | Val MaFmax: 0.7274 | Val Smin: 26.8628
Epoch 105 | Loss: 0.0000 | Val MiFmax: 0.7382 | Val MaFmax: 0.7278 | Val Smin: 26.5229
  --> New best model saved!
Epoch 106 | Loss: 0.0000 | Val MiFmax: 0.7371 | Val MaFmax: 0.7275 | Val Smin: 26.6238
Epoch 107 | Loss: 0.0000 | Val MiFmax: 0.7366 | Val MaFmax: 0.7271 | Val Smin: 26.7868
Epoch 108 | Loss: 0.0000 | Val MiFmax: 0.7367 | Val MaFmax: 0.7268 | Val Smin: 26.8304
Epoch 109 | Loss: 0.0000 | Val MiFmax: 0.7369 | Val MaFmax: 0.7275 | Val Smin: 26.7891
Epoch 110 | Loss: 0.0000 | Val MiFmax: 0.7372 | Val MaFmax: 0.7288 | Val Smin: 26.7072
  --> New best model saved!
Epoch 111 | Loss: 0.0000 | Val MiFmax: 0.7362 | Val MaFmax: 0.7284 | Val Smin: 26.7432
Epoch 112 | Loss: 0.0000 | Val MiFmax: 0.7359 | Val MaFmax: 0.7272 | Val Smin: 26.8071
Epoch 113 | Loss: 0.0000 | Val MiFmax: 0.7363 | Val MaFmax: 0.7277 | Val Smin: 26.8392
Epoch 114 | Loss: 0.0000 | Val MiFmax: 0.7369 | Val MaFmax: 0.7270 | Val Smin: 26.8099
Epoch 115 | Loss: 0.0000 | Val MiFmax: 0.7353 | Val MaFmax: 0.7272 | Val Smin: 26.8322
Epoch 116 | Loss: 0.0000 | Val MiFmax: 0.7368 | Val MaFmax: 0.7282 | Val Smin: 26.6373
Epoch 117 | Loss: 0.0000 | Val MiFmax: 0.7360 | Val MaFmax: 0.7280 | Val Smin: 26.7544
Epoch 118 | Loss: 0.0000 | Val MiFmax: 0.7360 | Val MaFmax: 0.7283 | Val Smin: 26.7242
Epoch 119 | Loss: 0.0000 | Val MiFmax: 0.7361 | Val MaFmax: 0.7277 | Val Smin: 26.8467
Epoch 120 | Loss: 0.0000 | Val MiFmax: 0.7359 | Val MaFmax: 0.7279 | Val Smin: 26.8211
Epoch 121 | Loss: 0.0000 | Val MiFmax: 0.7370 | Val MaFmax: 0.7282 | Val Smin: 26.7438
Epoch 122 | Loss: 0.0000 | Val MiFmax: 0.7368 | Val MaFmax: 0.7277 | Val Smin: 26.7138
Epoch 123 | Loss: 0.0000 | Val MiFmax: 0.7373 | Val MaFmax: 0.7273 | Val Smin: 26.6394
Epoch 124 | Loss: 0.0000 | Val MiFmax: 0.7372 | Val MaFmax: 0.7278 | Val Smin: 26.6622
Epoch 125 | Loss: 0.0000 | Val MiFmax: 0.7373 | Val MaFmax: 0.7272 | Val Smin: 26.6560
Epoch 126 | Loss: 0.0000 | Val MiFmax: 0.7369 | Val MaFmax: 0.7272 | Val Smin: 26.7020
Epoch 127 | Loss: 0.0000 | Val MiFmax: 0.7360 | Val MaFmax: 0.7271 | Val Smin: 26.7373
Epoch 128 | Loss: 0.0000 | Val MiFmax: 0.7379 | Val MaFmax: 0.7276 | Val Smin: 26.5727
Epoch 129 | Loss: 0.0000 | Val MiFmax: 0.7361 | Val MaFmax: 0.7277 | Val Smin: 26.7570
Epoch 130 | Loss: 0.0000 | Val MiFmax: 0.7368 | Val MaFmax: 0.7270 | Val Smin: 26.6875
Early stopping triggered after 130 epochs.
Training finished. Evaluating on Test Set...

--- TEST METRICS ---
Micro_Fmax: 0.6759
Macro_Fmax: 0.6701
Macro_AUROC: 0.8489
Micro_AUROC: 0.8333
Macro_AUPRC: 0.6191
Micro_AUPRC: 0.6353
Smin: 35.2129
========================================================
  Training finished with exit code: 0
  End time  : Tue Jul  7 11:40:45 MDT 2026
========================================================
